05-19 19:27:24.321  1244  1272 D SystemServerTimingAsync: InitThreadPoolExec:Update app-ops uidState in case package com.bootleggers.shishufied.clockfont.BigCheese changed
05-19 19:27:24.321  1244  1344 D SystemServerTimingAsync: InitThreadPoolExec:Update app-ops uidState in case package com.bootleggers.shishufied.clockfont.EasterBunny changed
05-19 19:27:24.321  1244  1272 D SystemServerTimingAsync: InitThreadPoolExec:Update app-ops uidState in case package com.bootleggers.shishufied.clockfont.balticstorm changed
05-19 19:27:24.321  1244  1315 D SystemServerTimingAsync: InitThreadPoolExec:Update app-ops uidState in case package com.bootleggers.shishufied.clockfont.biko changed
05-19 19:27:24.321  1244  1272 D SystemServerTimingAsync: InitThreadPoolExec:Update app-ops uidState in case package com.bootleggers.shishufied.clockfont.arcadeinterlaced changed
05-19 19:27:24.321  1244  1315 D SystemServerTimingAsync: InitThreadPoolExec:Update app-ops uidState in case package com.bootleggers.shishufied.clockfont.balticbodden changed
05-19 19:27:24.321  1244  1356 D SystemServerTimingAsync: InitThreadPoolExec:Update app-ops uidState in case package com.bootleggers.shishufied.clockfont.CFBadNews changed
05-19 19:27:24.321  1244  1272 D SystemServerTimingAsync: InitThreadPoolExec:Update app-ops uidState in case package com.bootleggers.shishufied.clockfont.balticcoast changed
05-19 19:27:24.321  1244  1327 D SystemServerTimingAsync: InitThreadPoolExec:Update app-ops uidState in case package com.bootleggers.shishufied.clockfont.BetsyFlanagan changed
05-19 19:27:24.321  1244  1356 D SystemServerTimingAsync: InitThreadPoolExec:Update app-ops uidState in case package com.bootleggers.shishufied.clockfont.AlphaWood changed
05-19 19:27:24.321  1244  1353 D SystemServerTimingAsync: InitThreadPoolExec:Update app-ops uidState in case package com.bootleggers.shishufied.clockfont.BunnyRabbits changed
05-19 19:27:24.321  1244  1344 D SystemServerTimingAsync: InitThreadPoolExec:Update app-ops uidState in case package com.bootleggers.shishufied.clockfont.balticdune changed
05-19 19:27:24.321  1244  1356 D SystemServerTimingAsync: InitThreadPoolExec:Update app-ops uidState in case package com.bootleggers.shishufied.clockfont.Ampad3D2 changed
05-19 19:27:24.321  1244  1353 D SystemServerTimingAsync: InitThreadPoolExec:Update app-ops uidState in case package com.bootleggers.shishufied.clockfont.AlphaClouds changed
05-19 19:27:24.321  1244  1344 D SystemServerTimingAsync: InitThreadPoolExec:Update app-ops uidState in case package com.bootleggers.shishufied.clockfont.alexana changed
05-19 19:27:24.321  1244  1327 D SystemServerTimingAsync: InitThreadPoolExec:Update app-ops uidState in case package com.bootleggers.shishufied.clockfont.AlphaFlowers changed
05-19 19:27:24.321  1244  1272 D SystemServerTimingAsync: InitThreadPoolExec:Update app-ops uidState in case package com.bootleggers.shishufied.clockfont.AlmonteSnow changed
05-19 19:27:24.321  1244  1327 D SystemServerTimingAsync: InitThreadPoolExec:Update app-ops uidState in case package com.bootleggers.shishufied.clockfont.ACFilmstrip changed
05-19 19:27:24.321  1244  1272 D SystemServerTimingAsync: InitThreadPoolExec:Update app-ops uidState in case package com.bootleggers.shishufied.clockfont.threedisobold changed
05-19 19:27:24.321  1244  1315 D SystemServerTimingAsync: InitThreadPoolExec:Update app-ops uidState in case package com.bootleggers.shishufied.clockfont.atkinson changed
05-19 19:27:24.321  1244  1327 D SystemServerTimingAsync: InitThreadPoolExec:Update app-ops uidState in case package com.bootleggers.shishufied.theme.black.settings changed
05-19 19:27:24.321  1244  1353 D SystemServerTimingAsync: InitThreadPoolExec:Update app-ops uidState in case package com.bootleggers.shishufied.clockfont.adventpro changed
05-19 19:27:24.321  1244  1327 D SystemServerTimingAsync: InitThreadPoolExec:Update app-ops uidState in case package com.derp.systemui.wifibar_h changed
05-19 19:27:24.322  1244  1353 D SystemServerTimingAsync: InitThreadPoolExec:Update app-ops uidState in case package com.bootleggers.shishufied.theme.black.android changed
05-19 19:27:24.322  1244  1327 D SystemServerTimingAsync: InitThreadPoolExec:Update app-ops uidState in case package com.derp.systemui.signalbar_h changed
05-19 19:27:24.322  1244  1272 D SystemServerTimingAsync: InitThreadPoolExec:Update app-ops uidState in case package com.bootleggers.shishufied.clockfont.galaxysans changed
05-19 19:27:24.322  1244  1272 D SystemServerTimingAsync: InitThreadPoolExec:Update app-ops uidState in case package com.android.shell changed
05-19 19:27:24.322  1244  1315 D SystemServerTimingAsync: InitThreadPoolExec:Update app-ops uidState in case package com.bootleggers.shishufied.theme.black.systemui changed
05-19 19:27:24.322  1244  1327 D SystemServerTimingAsync: InitThreadPoolExec:Update app-ops uidState in case package com.android.cellbroadcastservice changed
05-19 19:27:24.322  1244  1344 D SystemServerTimingAsync: InitThreadPoolExec:Update app-ops uidState in case package com.bootleggers.shishufied.clockfont.threedisoblack changed
05-19 19:27:24.322  1244  1315 D SystemServerTimingAsync: InitThreadPoolExec:Update app-ops uidState in case package com.android.bluetooth changed
05-19 19:27:24.322  1244  1344 D SystemServerTimingAsync: InitThreadPoolExec:Update app-ops uidState in case package com.mediatek.ims changed
05-19 19:27:24.322  1244  1315 D SystemServerTimingAsync: InitThreadPoolExec:Update app-ops uidState in case package com.android.providers.telephony changed
05-19 19:27:24.322  1244  1344 D SystemServerTimingAsync: InitThreadPoolExec:Update app-ops uidState in case package com.android.mms.service changed
05-19 19:27:24.322  1244  1315 D SystemServerTimingAsync: InitThreadPoolExec:Update app-ops uidState in case package com.android.ons changed
05-19 19:27:24.322  1244  1315 D SystemServerTimingAsync: InitThreadPoolExec:Update app-ops uidState in case package com.android.stk changed
05-19 19:27:24.322  1244  1272 D SystemServerTimingAsync: InitThreadPoolExec:Update app-ops uidState in case package com.android.networkstack changed
05-19 19:27:24.322  1244  1327 D SystemServerTimingAsync: InitThreadPoolExec:Update app-ops uidState in case package com.android.networkstack.tethering changed
05-19 19:27:24.322  1244  1315 D SystemServerTimingAsync: InitThreadPoolExec:Update app-ops uidState in case package com.android.bluetooth.bthelper changed
05-19 19:27:24.322  1244  1272 D SystemServerTimingAsync: InitThreadPoolExec:Update app-ops uidState in case package android changed
05-19 19:27:24.322  1244  1315 D SystemServerTimingAsync: InitThreadPoolExec:Update app-ops uidState in case package com.android.providers.settings changed
05-19 19:27:24.322  1244  1272 D SystemServerTimingAsync: InitThreadPoolExec:Update app-ops uidState in case package com.android.server.telecom changed
05-19 19:27:24.322  1244  1315 D SystemServerTimingAsync: InitThreadPoolExec:Update app-ops uidState in case package com.android.localtransport changed
05-19 19:27:24.322  1244  1272 D SystemServerTimingAsync: InitThreadPoolExec:Update app-ops uidState in case package com.android.settings changed
05-19 19:27:24.322  1244  1315 D SystemServerTimingAsync: InitThreadPoolExec:Update app-ops uidState in case package org.lineageos.mediatek.incallservice changed
05-19 19:27:24.322  1244  1327 D SystemServerTimingAsync: InitThreadPoolExec:Update app-ops uidState in case package com.android.inputdevices changed
05-19 19:27:24.322  1244  1315 D SystemServerTimingAsync: InitThreadPoolExec:Update app-ops uidState in case package com.android.location.fused changed
05-19 19:27:24.323  1244  1356 D SystemServerTimingAsync: InitThreadPoolExec:Update app-ops uidState in case package com.bootleggers.shishufied.clockfont.alienleague changed
05-19 19:27:24.323  1244  1344 D SystemServerTimingAsync: InitThreadPoolExec:Update app-ops uidState in case package com.android.phone changed
05-19 19:27:24.323  1244  1328 D SystemServerTimingAsync: InitThreadPoolExec:Update app-ops uidState in case package com.bootleggers.shishufied.clockfont.Cat changed
05-19 19:27:24.323  1244  1309 D SystemServerTimingAsync: InitThreadPoolExec:Update app-ops uidState in case package com.bootleggers.shishufied.clockfont.bignoodle changed
05-19 19:27:24.323  1244  1272 D SystemServerTimingAsync: InitThreadPoolExec:Update app-ops uidState in case package com.android.wallpaperbackup changed
05-19 19:27:24.323  1244  1353 D SystemServerTimingAsync: InitThreadPoolExec:Update app-ops uidState in case package com.custom.overlay.systemui.data6 changed
05-19 19:27:24.330  1244  1244 E ActivityManager: Unable to find com.google.android.trichromelibrary_704903733/u0
05-19 19:27:24.330  1244  1244 E ActivityManager: Unable to find com.google.android.trichromelibrary_704903833/u0
05-19 19:27:24.330  1244  1244 E ActivityManager: Unable to find com.google.android.trichromelibrary_704903933/u0
05-19 19:27:24.330  1244  1244 E ActivityManager: Unable to find com.google.android.trichromelibrary_704907933/u0
05-19 19:27:24.330  1244  1244 E ActivityManager: Unable to find com.google.android.trichromelibrary_704908033/u0
05-19 19:27:24.330  1244  1244 E ActivityManager: Unable to find com.google.android.trichromelibrary_704910033/u0
05-19 19:27:24.330  1244  1244 E ActivityManager: Unable to find com.google.android.trichromelibrary_704911133/u0
05-19 19:27:24.330  1244  1244 E ActivityManager: Unable to find com.google.android.trichromelibrary_704911333/u0
05-19 19:27:24.331  1244  1244 E ActivityManager: Unable to find com.google.android.trichromelibrary_699813533/u0
05-19 19:27:24.331  1244  1244 E ActivityManager: Unable to find com.google.android.trichromelibrary_699813633/u0
05-19 19:27:24.336  1244  1285 E AppStandbyController: Tried to restrict app com.termux for an unsupported reason
05-19 19:27:24.337  1244  1285 E AppStandbyController: Tried to restrict app com.google.android.contacts for an unsupported reason
05-19 19:27:24.338  1244  1285 E AppStandbyController: Tried to restrict app com.google.android.inputmethod.latin for an unsupported reason
05-19 19:27:24.341  1244  1244 D SystemServerTiming: killProcesses
05-19 19:27:24.341  1244  1244 I ActivityManager: System now ready
05-19 19:27:24.341  1244  1244 I boot_progress_ams_ready: 17439
05-19 19:27:24.341  1244  1244 D SystemServerTiming: updateTopComponentForFactoryTest
05-19 19:27:24.341  1244  1244 D SystemServerTiming: registerActivityLaunchObserver
05-19 19:27:24.341  1244  1244 D SystemServerTiming: watchDeviceProvisioning
05-19 19:27:24.346  1244  1244 D SystemServerTiming: retrieveSettings
05-19 19:27:24.347  1244  1244 I configuration_changed: 268435712
05-19 19:27:24.347  1244  1244 I ActivityTaskManager: Config changes=10000100 {1.0 ?mcc?mnc [en_IN] ldltr sw400dp w400dp h852dp 432dpi nrml long port night finger -keyb/v/h -nav/h winConfig={ mBounds=Rect(0, 0 - 1080, 2400) mAppBounds=Rect(0, 100 - 1080, 2400) mMaxBounds=Rect(0, 0 - 1080, 2400) mDisplayRotation=ROTATION_0 mWindowingMode=fullscreen mDisplayWindowingMode=fullscreen mActivityType=undefined mAlwaysOnTop=undefined mRotation=ROTATION_0} s.10 fontWeightAdjustment=300}
05-19 19:27:24.347  1244  1244 I WindowManager: Override config changes=10000100 {1.0 ?mcc?mnc [en_IN] ldltr sw400dp w400dp h852dp 432dpi nrml long port night finger -keyb/v/h -nav/h winConfig={ mBounds=Rect(0, 0 - 1080, 2400) mAppBounds=Rect(0, 100 - 1080, 2400) mMaxBounds=Rect(0, 0 - 1080, 2400) mDisplayRotation=ROTATION_0 mWindowingMode=fullscreen mDisplayWindowingMode=fullscreen mActivityType=undefined mAlwaysOnTop=undefined mRotation=ROTATION_0} s.10 fontWeightAdjustment=300} for displayId=0
05-19 19:27:24.350  1244  1244 D SystemServerTiming: Ugm.onSystemReady
05-19 19:27:24.351  1244  1244 D SystemServerTiming: updateForceBackgroundCheck
05-19 19:27:24.351  1244  1244 I SystemServer: Making services ready
05-19 19:27:24.351  1244  1244 D SystemServerTiming: StartActivityManagerReadyPhase
05-19 19:27:24.351  1244  1244 I SystemServiceManager: Starting phase 550
05-19 19:27:24.351  1244  1244 D SystemServerTiming: OnBootPhase_550
05-19 19:27:24.351  1244  1244 D SystemServerTiming: OnBootPhase_550_com.android.server.security.FileIntegrityService
05-19 19:27:24.351  1244  1244 D SystemServerTiming: OnBootPhase_550_com.android.server.pm.Installer
05-19 19:27:24.351  1244  1244 D SystemServerTiming: OnBootPhase_550_com.android.server.os.DeviceIdentifiersPolicyService
05-19 19:27:24.351  1244  1244 D SystemServerTiming: OnBootPhase_550_com.android.server.uri.UriGrantsManagerService$Lifecycle
05-19 19:27:24.351  1244  1244 D SystemServerTiming: OnBootPhase_550_com.android.server.powerstats.PowerStatsService
05-19 19:27:24.351  1244  1244 D SystemServerTiming: OnBootPhase_550_com.android.server.wm.ActivityTaskManagerService$Lifecycle
05-19 19:27:24.352  1244  1244 D SystemServerTiming: OnBootPhase_550_com.android.server.am.ActivityManagerService$Lifecycle
05-19 19:27:24.352  1244  1244 D SystemServerTiming: OnBootPhase_550_com.android.server.pm.DataLoaderManagerService
05-19 19:27:24.352  1244  1244 D SystemServerTiming: OnBootPhase_550_com.android.server.power.PowerManagerService
05-19 19:27:24.352  1244  1244 D SystemServerTiming: OnBootPhase_550_com.android.server.power.ThermalManagerService
05-19 19:27:24.353  1244  1244 E ThermalHalWrapper: Thermal HAL 2.0 service not connected.
05-19 19:27:24.354  1244  1244 E ThermalHalWrapper: Thermal HAL 1.1 service not connected.
05-19 19:27:24.355  1244  1244 E ThermalHalWrapper: Thermal HAL 1.0 service not connected.
05-19 19:27:24.355  1244  1244 W ThermalManagerService: No Thermal HAL service on this device
05-19 19:27:24.355  1244  1244 D SystemServerTiming: OnBootPhase_550_com.android.server.power.hint.HintManagerService
05-19 19:27:24.355  1244  1244 D SystemServerTiming: OnBootPhase_550_com.android.server.recoverysystem.RecoverySystemService$Lifecycle
05-19 19:27:24.355  1244  1244 D SystemServerTiming: OnBootPhase_550_com.android.server.lights.LightsService
05-19 19:27:24.355  1244  1244 D SystemServerTiming: OnBootPhase_550_com.android.server.display.DisplayManagerService
05-19 19:27:24.355  1244  1244 D SystemServerTiming: OnBootPhase_550_com.android.server.pm.verify.domain.DomainVerificationService
05-19 19:27:24.355  1244  1244 D SystemServerTiming: OnBootPhase_550_com.android.server.pm.PackageInstallerService$Lifecycle
05-19 19:27:24.355  1244  1244 D SystemServerTiming: OnBootPhase_550_com.android.server.pm.UserManagerService$LifeCycle
05-19 19:27:24.355  1244  1244 D SystemServerTiming: OnBootPhase_550_com.android.server.om.OverlayManagerService
05-19 19:27:24.355  1244  1244 D SystemServerTiming: OnBootPhase_550_com.android.server.resources.ResourcesManagerService
05-19 19:27:24.355  1244  1244 D SystemServerTiming: OnBootPhase_550_com.android.server.sensorprivacy.SensorPrivacyService
05-19 19:27:24.356  1244  1244 D SystemServerTiming: OnBootPhase_550_com.android.server.sensors.SensorService
05-19 19:27:24.356  1244  1244 D SystemServerTiming: OnBootPhase_550_com.android.server.SystemConfigService
05-19 19:27:24.356  1244  1244 D SystemServerTiming: OnBootPhase_550_com.android.server.BatteryService
05-19 19:27:24.356  1244  1244 D SystemServerTiming: OnBootPhase_550_com.android.server.usage.UsageStatsService
05-19 19:27:24.356  1244  1244 D SystemServerTiming: OnBootPhase_550_com.android.server.webkit.WebViewUpdateService
05-19 19:27:24.356  1244  1244 D SystemServerTiming: OnBootPhase_550_com.android.server.CachedDeviceStateService
05-19 19:27:24.356  1244  1244 D SystemServerTiming: OnBootPhase_550_com.android.server.BinderCallsStatsService$LifeCycle
05-19 19:27:24.356  1244  1244 D SystemServerTiming: OnBootPhase_550_com.android.server.LooperStatsService$Lifecycle
05-19 19:27:24.356  1244  1244 D SystemServerTiming: OnBootPhase_550_com.android.server.rollback.RollbackManagerService
05-19 19:27:24.356  1244  1244 D SystemServerTiming: OnBootPhase_550_com.android.server.os.NativeTombstoneManagerService
05-19 19:27:24.357  1244  1244 D SystemServerTiming: OnBootPhase_550_com.android.server.os.BugreportManagerService
05-19 19:27:24.357  1244  1244 D SystemServerTiming: OnBootPhase_550_com.android.server.gpu.GpuService
05-19 19:27:24.357  1244  1244 D SystemServerTiming: OnBootPhase_550_com.android.server.security.KeyChainSystemService
05-19 19:27:24.357  1244  1244 D SystemServerTiming: OnBootPhase_550_com.android.server.BinaryTransparencyService
05-19 19:27:24.357  1244  1244 D SystemServerTiming: OnBootPhase_550_com.android.server.telecom.TelecomLoaderService
05-19 19:27:24.358  1244  1326 E NativeTombstoneManager: Tombstone's UID (1000) not an app, ignoring
05-19 19:27:24.358  1244  1244 W ActivityManager: Too early to start/bind service in system_server: Phase=550 ComponentInfo{com.android.server.telecom/com.android.server.telecom.components.TelecomService}
05-19 19:27:24.359  1244  1244 D CompatibilityChangeReporter: Compat change id reported: 168419799; UID 1000; state: DISABLED
05-19 19:27:24.359  1244  1244 D CompatibilityChangeReporter: Compat change id reported: 273564678; UID 1000; state: DISABLED
05-19 19:27:24.359  1244  1244 W ActivityManager: Too early to start/bind service in system_server: Phase=550 ComponentInfo{com.android.server.telecom/com.android.server.telecom.components.TelecomService}
05-19 19:27:24.359  1244  1244 D OomAdjuster: Not killing cached processes
05-19 19:27:24.359  1244  1244 D SystemServerTiming: OnBootPhase_550_com.android.server.accounts.AccountManagerService$Lifecycle
05-19 19:27:24.359  1244  1244 D SystemServerTiming: OnBootPhase_550_com.android.server.content.ContentService$Lifecycle
05-19 19:27:24.362  1244  1326 I BootReceiver: Copying /data/tombstones/tombstone_35 to DropBox (SYSTEM_TOMBSTONE)
05-19 19:27:24.362  1244  1326 I DropBoxManagerService: add tag=SYSTEM_TOMBSTONE isTagEnabled=true flags=0x6
05-19 19:27:24.485  1244  1326 I dropbox_file_copy: [/data/tombstones/tombstone_35,65536,SYSTEM_TOMBSTONE]
05-19 19:27:24.541  1244  1326 I commit_sys_config_file: [log-files,56]
05-19 19:27:24.542  1244  1326 E NativeTombstoneManager: Tombstone's UID (1000) not an app, ignoring
05-19 19:27:24.543  1244  1326 I DropBoxManagerService: add tag=SYSTEM_TOMBSTONE_PROTO isTagEnabled=true flags=0x4
05-19 19:27:24.547  1244  1326 I commit_sys_config_file: [log-files,62]
05-19 19:27:24.548  1244  1326 E NativeTombstoneManager: Tombstone's UID (1000) not an app, ignoring
05-19 19:27:24.555  1244  1326 I BootReceiver: Copying /data/tombstones/tombstone_24 to DropBox (SYSTEM_TOMBSTONE)
05-19 19:27:24.555  1244  1326 I DropBoxManagerService: add tag=SYSTEM_TOMBSTONE isTagEnabled=true flags=0x6
05-19 19:27:24.558  1244  1326 I dropbox_file_copy: [/data/tombstones/tombstone_24,65536,SYSTEM_TOMBSTONE]
05-19 19:27:24.563  1244  1326 I commit_sys_config_file: [log-files,78]
05-19 19:27:24.565  1244  1326 E NativeTombstoneManager: Tombstone's UID (1000) not an app, ignoring
05-19 19:27:24.566  1244  1326 I DropBoxManagerService: add tag=SYSTEM_TOMBSTONE_PROTO isTagEnabled=true flags=0x4
05-19 19:27:24.572  1244  1326 I commit_sys_config_file: [log-files,87]
05-19 19:27:24.573  1244  1326 E NativeTombstoneManager: Tombstone's UID (1000) not an app, ignoring
05-19 19:27:24.573  1244  1326 I DropBoxManagerService: add tag=SYSTEM_TOMBSTONE_PROTO isTagEnabled=true flags=0x4
05-19 19:27:24.578  1244  1326 I commit_sys_config_file: [log-files,93]
05-19 19:27:24.583  1244  1326 E NativeTombstoneManager: Tombstone's UID (1000) not an app, ignoring
05-19 19:27:24.584  1244  1326 I DropBoxManagerService: add tag=SYSTEM_TOMBSTONE_PROTO isTagEnabled=true flags=0x4
05-19 19:27:24.587  1244  1265 I UsbPortManager: USB HAL HIDL version: 11
05-19 19:27:24.596  1244  1326 I commit_sys_config_file: [log-files,111]
05-19 19:27:24.600  1244  1326 E NativeTombstoneManager: Tombstone's UID (1000) not an app, ignoring
05-19 19:27:24.603  1244  1326 E NativeTombstoneManager: Tombstone's UID (1000) not an app, ignoring
05-19 19:27:24.604  1244  1326 E NativeTombstoneManager: Tombstone's UID (1000) not an app, ignoring
05-19 19:27:24.607  1244  1326 E NativeTombstoneManager: Tombstone's UID (1000) not an app, ignoring
05-19 19:27:24.610  1244  1326 E NativeTombstoneManager: Tombstone's UID (1001) not an app, ignoring
05-19 19:27:24.614  1244  1326 E NativeTombstoneManager: Tombstone's UID (1000) not an app, ignoring
05-19 19:27:24.614  1244  1326 E NativeTombstoneManager: Tombstone's UID (1000) not an app, ignoring
05-19 19:27:24.615  1244  1326 E NativeTombstoneManager: Tombstone's UID (1000) not an app, ignoring
05-19 19:27:24.616  1244  1326 E NativeTombstoneManager: Tombstone's UID (1000) not an app, ignoring
05-19 19:27:24.616  1244  1326 E NativeTombstoneManager: Tombstone's UID (1000) not an app, ignoring
05-19 19:27:24.616  1244  1326 E NativeTombstoneManager: Tombstone's UID (1000) not an app, ignoring
05-19 19:27:24.622  1244  1326 E NativeTombstoneManager: Tombstone's UID (1000) not an app, ignoring
05-19 19:27:24.623  1244  1326 E NativeTombstoneManager: Tombstone's UID (1000) not an app, ignoring
05-19 19:27:24.624  1244  1326 E NativeTombstoneManager: Tombstone's UID (1000) not an app, ignoring
05-19 19:27:24.628  1244  1326 E NativeTombstoneManager: Tombstone's UID (1000) not an app, ignoring
05-19 19:27:24.628  1244  1326 E NativeTombstoneManager: Tombstone's UID (1000) not an app, ignoring
05-19 19:27:24.629  1244  1326 E NativeTombstoneManager: Tombstone's UID (1000) not an app, ignoring
05-19 19:27:24.629  1244  1326 E NativeTombstoneManager: Tombstone's UID (1000) not an app, ignoring
05-19 19:27:24.629  1244  1326 E NativeTombstoneManager: Tombstone's UID (1001) not an app, ignoring
05-19 19:27:24.632  1244  1326 E NativeTombstoneManager: Tombstone's UID (1000) not an app, ignoring
05-19 19:27:24.637  1244  1326 E NativeTombstoneManager: Tombstone's UID (1000) not an app, ignoring
05-19 19:27:24.640  1244  1326 E NativeTombstoneManager: Tombstone's UID (1000) not an app, ignoring
05-19 19:27:24.641  1244  1326 E NativeTombstoneManager: Tombstone's UID (1000) not an app, ignoring
05-19 19:27:24.644  1244  1326 E NativeTombstoneManager: Tombstone's UID (1000) not an app, ignoring
05-19 19:27:24.647  1244  1326 E NativeTombstoneManager: Tombstone's UID (1000) not an app, ignoring
05-19 19:27:24.647  1244  1326 E NativeTombstoneManager: Tombstone's UID (1000) not an app, ignoring
05-19 19:27:24.648  1244  1326 E NativeTombstoneManager: Tombstone's UID (1000) not an app, ignoring
05-19 19:27:24.648  1244  1326 E NativeTombstoneManager: Tombstone's UID (1000) not an app, ignoring
05-19 19:27:24.649  1244  1326 E NativeTombstoneManager: Tombstone's UID (1000) not an app, ignoring
05-19 19:27:24.649  1244  1326 E NativeTombstoneManager: Tombstone's UID (1000) not an app, ignoring
05-19 19:27:24.649  1244  1326 E NativeTombstoneManager: Tombstone's UID (1000) not an app, ignoring
05-19 19:27:24.653  1244  1326 E NativeTombstoneManager: Tombstone's UID (1000) not an app, ignoring
05-19 19:27:24.653  1244  1326 E NativeTombstoneManager: Tombstone's UID (1000) not an app, ignoring
05-19 19:27:24.654  1244  1326 E NativeTombstoneManager: Tombstone's UID (1000) not an app, ignoring
05-19 19:27:24.654  1244  1326 E NativeTombstoneManager: Tombstone's UID (1000) not an app, ignoring
05-19 19:27:24.654  1244  1326 E NativeTombstoneManager: Tombstone's UID (1000) not an app, ignoring
05-19 19:27:24.659  1244  1326 E NativeTombstoneManager: Tombstone's UID (1000) not an app, ignoring
05-19 19:27:24.660  1244  1326 E NativeTombstoneManager: Tombstone's UID (1000) not an app, ignoring
05-19 19:27:24.660  1244  1326 E NativeTombstoneManager: Tombstone's UID (1000) not an app, ignoring
05-19 19:27:24.660  1244  1326 E NativeTombstoneManager: Tombstone's UID (1000) not an app, ignoring
05-19 19:27:24.661  1244  1326 E NativeTombstoneManager: Tombstone's UID (1000) not an app, ignoring
05-19 19:27:24.661  1244  1326 E NativeTombstoneManager: Tombstone's UID (1000) not an app, ignoring
05-19 19:27:24.661  1244  1326 E NativeTombstoneManager: Tombstone's UID (1000) not an app, ignoring
05-19 19:27:24.662  1244  1326 E NativeTombstoneManager: Tombstone's UID (1000) not an app, ignoring
05-19 19:27:24.662  1244  1326 E NativeTombstoneManager: Tombstone's UID (1000) not an app, ignoring
05-19 19:27:24.663  1244  1326 E NativeTombstoneManager: Tombstone's UID (1000) not an app, ignoring
05-19 19:27:24.663  1244  1326 E NativeTombstoneManager: Tombstone's UID (1000) not an app, ignoring
05-19 19:27:24.663  1244  1326 E NativeTombstoneManager: Tombstone's UID (1000) not an app, ignoring
05-19 19:27:24.663  1244  1326 E NativeTombstoneManager: Tombstone's UID (1000) not an app, ignoring
05-19 19:27:24.664  1244  1326 E NativeTombstoneManager: Tombstone's UID (1000) not an app, ignoring
05-19 19:27:24.664  1244  1326 E NativeTombstoneManager: Tombstone's UID (1000) not an app, ignoring
05-19 19:27:24.664  1244  1326 E NativeTombstoneManager: Tombstone's UID (1000) not an app, ignoring
05-19 19:27:24.665  1244  1326 E NativeTombstoneManager: Tombstone's UID (1000) not an app, ignoring
05-19 19:27:24.665  1244  1326 E NativeTombstoneManager: Tombstone's UID (1000) not an app, ignoring
05-19 19:27:24.666  1244  1326 E NativeTombstoneManager: Tombstone's UID (1000) not an app, ignoring
05-19 19:27:24.666  1244  1326 E NativeTombstoneManager: Tombstone's UID (1000) not an app, ignoring
05-19 19:27:24.666  1244  1326 E NativeTombstoneManager: Tombstone's UID (1000) not an app, ignoring
05-19 19:27:24.666  1244  1326 E NativeTombstoneManager: Tombstone's UID (1000) not an app, ignoring
05-19 19:27:24.667  1244  1326 E NativeTombstoneManager: Tombstone's UID (1000) not an app, ignoring
05-19 19:27:24.668  1244  1326 E NativeTombstoneManager: Tombstone's UID (1000) not an app, ignoring
05-19 19:27:24.668  1244  1326 E NativeTombstoneManager: Tombstone's UID (1000) not an app, ignoring
05-19 19:27:24.668  1244  1326 E NativeTombstoneManager: Tombstone's UID (1000) not an app, ignoring
05-19 19:27:24.669  1244  1326 E NativeTombstoneManager: Tombstone's UID (1000) not an app, ignoring
05-19 19:27:24.669  1244  1326 E NativeTombstoneManager: Tombstone's UID (1000) not an app, ignoring
05-19 19:27:24.669  1244  1326 E NativeTombstoneManager: Tombstone's UID (1000) not an app, ignoring
05-19 19:27:24.670  1244  1326 E NativeTombstoneManager: Tombstone's UID (1000) not an app, ignoring
05-19 19:27:24.670  1244  1326 E NativeTombstoneManager: Tombstone's UID (1000) not an app, ignoring
05-19 19:27:24.671  1244  1326 E NativeTombstoneManager: Tombstone's UID (1000) not an app, ignoring
05-19 19:27:24.671  1244  1326 E NativeTombstoneManager: Tombstone's UID (1000) not an app, ignoring
05-19 19:27:24.671  1244  1326 E NativeTombstoneManager: Tombstone's UID (1000) not an app, ignoring
05-19 19:27:24.672  1244  1326 E NativeTombstoneManager: Tombstone's UID (1000) not an app, ignoring
05-19 19:27:24.673  1244  1326 E NativeTombstoneManager: Tombstone's UID (1000) not an app, ignoring
05-19 19:27:24.673  1244  1326 E NativeTombstoneManager: Tombstone's UID (1000) not an app, ignoring
05-19 19:27:24.673  1244  1326 E NativeTombstoneManager: Tombstone's UID (1000) not an app, ignoring
05-19 19:27:24.674  1244  1326 E NativeTombstoneManager: Tombstone's UID (1000) not an app, ignoring
05-19 19:27:24.674  1244  1326 E NativeTombstoneManager: Tombstone's UID (1000) not an app, ignoring
05-19 19:27:24.674  1244  1326 E NativeTombstoneManager: Tombstone's UID (1000) not an app, ignoring
05-19 19:27:24.675  1244  1326 E NativeTombstoneManager: Tombstone's UID (1000) not an app, ignoring
05-19 19:27:24.675  1244  1326 E NativeTombstoneManager: Tombstone's UID (1000) not an app, ignoring
05-19 19:27:24.675  1244  1326 E NativeTombstoneManager: Tombstone's UID (1000) not an app, ignoring
05-19 19:27:24.675  1244  1326 E NativeTombstoneManager: Tombstone's UID (1000) not an app, ignoring
05-19 19:27:24.675  1244  1326 E NativeTombstoneManager: Tombstone's UID (1000) not an app, ignoring
05-19 19:27:24.675  1244  1244 W SystemServiceManager: Service com.android.server.content.ContentService$Lifecycle took 316 ms in onBootPhase
05-19 19:27:24.675  1244  1326 E NativeTombstoneManager: Tombstone's UID (1000) not an app, ignoring
05-19 19:27:24.675  1244  1244 D SystemServerTiming: OnBootPhase_550_com.android.server.DropBoxManagerService
05-19 19:27:24.675  1244  1244 D SystemServerTiming: OnBootPhase_550_com.android.role.RoleService
05-19 19:27:24.675  1244  1244 D SystemServerTiming: OnBootPhase_550_com.android.server.vibrator.VibratorManagerService$Lifecycle
05-19 19:27:24.675  1244  1244 D SystemServerTiming: OnBootPhase_550_com.android.server.tare.InternalResourceService
05-19 19:27:24.676  1244  1244 D SystemServerTiming: OnBootPhase_550_com.android.server.alarm.AlarmManagerService
05-19 19:27:24.676  1244  1244 D SystemServerTiming: OnBootPhase_550_com.android.server.devicestate.DeviceStateManagerService
05-19 19:27:24.676  1244  1244 D SystemServerTiming: OnBootPhase_550_com.android.server.camera.CameraServiceProxy
05-19 19:27:24.676  1244  1326 E NativeTombstoneManager: Tombstone's UID (1000) not an app, ignoring
05-19 19:27:24.676  1244  1244 D SystemServerTiming: OnBootPhase_550_com.android.server.bluetooth.BluetoothService
05-19 19:27:24.676  1244  1244 D SystemServerTiming: OnBootPhase_550_com.android.server.connectivity.IpConnectivityMetrics
05-19 19:27:24.676  1244  1244 D SystemServerTiming: OnBootPhase_550_com.android.server.net.watchlist.NetworkWatchlistService$Lifecycle
05-19 19:27:24.676  1244  1326 E NativeTombstoneManager: Tombstone's UID (1000) not an app, ignoring
05-19 19:27:24.676  1244  1326 E NativeTombstoneManager: Tombstone's UID (1000) not an app, ignoring
05-19 19:27:24.676  1244  1326 E NativeTombstoneManager: Tombstone's UID (1000) not an app, ignoring
05-19 19:27:24.676  1244  1326 E NativeTombstoneManager: Tombstone's UID (1000) not an app, ignoring
05-19 19:27:24.676  1244  1326 E NativeTombstoneManager: Tombstone's UID (1000) not an app, ignoring
05-19 19:27:24.677  1244  1326 E NativeTombstoneManager: Tombstone's UID (1000) not an app, ignoring
05-19 19:27:24.677  1244  1244 D SystemServerTiming: OnBootPhase_550_com.android.server.PinnerService
05-19 19:27:24.677  1244  1244 D SystemServerTiming: OnBootPhase_550_com.android.server.integrity.AppIntegrityManagerService
05-19 19:27:24.677  1244  1244 D SystemServerTiming: OnBootPhase_550_com.android.server.logcat.LogcatManagerService
05-19 19:27:24.677  1244  1244 D SystemServerTiming: OnBootPhase_550_com.android.server.derp.LineageGlobalActionsService
05-19 19:27:24.677  1244  1244 D SystemServerTiming: OnBootPhase_550_com.android.server.inputmethod.InputMethodManagerService$Lifecycle
05-19 19:27:24.677  1244  1326 E NativeTombstoneManager: Tombstone's UID (1000) not an app, ignoring
05-19 19:27:24.677  1244  1326 E NativeTombstoneManager: Tombstone's UID (1000) not an app, ignoring
05-19 19:27:24.677  1244  1326 E NativeTombstoneManager: Tombstone's UID (1000) not an app, ignoring
05-19 19:27:24.677  1244  1326 E NativeTombstoneManager: Tombstone's UID (1000) not an app, ignoring
05-19 19:27:24.679  1244  1327 D SystemServerTimingAsync: InitThreadPoolExec:Lazily initialize IMMS#mImeDrawsImeNavBarRes
05-19 19:27:24.740  1244  1244 W InputMethodUtils: getApplicationInfo failed. packageName=com.google.android.apps.inputmethod.hindi userId=0
05-19 19:27:24.740  1244  1244 W InputMethodUtils: android.content.pm.PackageManager$NameNotFoundException: com.google.android.apps.inputmethod.hindi
05-19 19:27:24.740  1244  1244 W InputMethodUtils: 	at android.app.ApplicationPackageManager.getApplicationInfoAsUser(ApplicationPackageManager.java:504)
05-19 19:27:24.740  1244  1244 W InputMethodUtils: 	at android.app.ApplicationPackageManager.getApplicationInfo(ApplicationPackageManager.java:487)
05-19 19:27:24.740  1244  1244 W InputMethodUtils: 	at com.android.server.inputmethod.InputMethodUtils.setNonSelectedSystemImesDisabledUntilUsed(InputMethodUtils.java:706)
05-19 19:27:24.740  1244  1244 W InputMethodUtils: 	at com.android.server.inputmethod.InputMethodManagerService.systemRunning(InputMethodManagerService.java:2075)
05-19 19:27:24.740  1244  1244 W InputMethodUtils: 	at com.android.server.inputmethod.InputMethodManagerService$Lifecycle.onBootPhase(InputMethodManagerService.java:1716)
05-19 19:27:24.740  1244  1244 W InputMethodUtils: 	at com.android.server.SystemServiceManager.startBootPhase(SystemServiceManager.java:294)
05-19 19:27:24.740  1244  1244 W InputMethodUtils: 	at com.android.server.SystemServer.lambda$startOtherServices$5(SystemServer.java:2874)
05-19 19:27:24.740  1244  1244 W InputMethodUtils: 	at com.android.server.SystemServer.$r8$lambda$cHpru_0zTEigJU4rvGBr8u7hU4w(Unknown Source:0)
05-19 19:27:24.740  1244  1244 W InputMethodUtils: 	at com.android.server.SystemServer$$ExternalSyntheticLambda5.run(Unknown Source:28)
05-19 19:27:24.740  1244  1244 W InputMethodUtils: 	at com.android.server.am.ActivityManagerService.systemReady(ActivityManagerService.java:8300)
05-19 19:27:24.740  1244  1244 W InputMethodUtils: 	at com.android.server.SystemServer.startOtherServices(SystemServer.java:2871)
05-19 19:27:24.740  1244  1244 W InputMethodUtils: 	at com.android.server.SystemServer.run(SystemServer.java:961)
05-19 19:27:24.740  1244  1244 W InputMethodUtils: 	at com.android.server.SystemServer.main(SystemServer.java:667)
05-19 19:27:24.740  1244  1244 W InputMethodUtils: 	at java.lang.reflect.Method.invoke(Native Method)
05-19 19:27:24.740  1244  1244 W InputMethodUtils: 	at com.android.internal.os.RuntimeInit$MethodAndArgsCaller.run(RuntimeInit.java:548)
05-19 19:27:24.740  1244  1244 W InputMethodUtils: 	at com.android.internal.os.ZygoteInit.main(ZygoteInit.java:920)
05-19 19:27:24.741  1244  1244 W InputMethodUtils: getApplicationInfo failed. packageName=com.google.android.inputmethod.japanese userId=0
05-19 19:27:24.741  1244  1244 W InputMethodUtils: android.content.pm.PackageManager$NameNotFoundException: com.google.android.inputmethod.japanese
05-19 19:27:24.741  1244  1244 W InputMethodUtils: 	at android.app.ApplicationPackageManager.getApplicationInfoAsUser(ApplicationPackageManager.java:504)
05-19 19:27:24.741  1244  1244 W InputMethodUtils: 	at android.app.ApplicationPackageManager.getApplicationInfo(ApplicationPackageManager.java:487)
05-19 19:27:24.741  1244  1244 W InputMethodUtils: 	at com.android.server.inputmethod.InputMethodUtils.setNonSelectedSystemImesDisabledUntilUsed(InputMethodUtils.java:706)
05-19 19:27:24.741  1244  1244 W InputMethodUtils: 	at com.android.server.inputmethod.InputMethodManagerService.systemRunning(InputMethodManagerService.java:2075)
05-19 19:27:24.741  1244  1244 W InputMethodUtils: 	at com.android.server.inputmethod.InputMethodManagerService$Lifecycle.onBootPhase(InputMethodManagerService.java:1716)
05-19 19:27:24.741  1244  1244 W InputMethodUtils: 	at com.android.server.SystemServiceManager.startBootPhase(SystemServiceManager.java:294)
05-19 19:27:24.741  1244  1244 W InputMethodUtils: 	at com.android.server.SystemServer.lambda$startOtherServices$5(SystemServer.java:2874)
05-19 19:27:24.741  1244  1244 W InputMethodUtils: 	at com.android.server.SystemServer.$r8$lambda$cHpru_0zTEigJU4rvGBr8u7hU4w(Unknown Source:0)
05-19 19:27:24.741  1244  1244 W InputMethodUtils: 	at com.android.server.SystemServer$$ExternalSyntheticLambda5.run(Unknown Source:28)
05-19 19:27:24.741  1244  1244 W InputMethodUtils: 	at com.android.server.am.ActivityManagerService.systemReady(ActivityManagerService.java:8300)
05-19 19:27:24.741  1244  1244 W InputMethodUtils: 	at com.android.server.SystemServer.startOtherServices(SystemServer.java:2871)
05-19 19:27:24.741  1244  1244 W InputMethodUtils: 	at com.android.server.SystemServer.run(SystemServer.java:961)
05-19 19:27:24.741  1244  1244 W InputMethodUtils: 	at com.android.server.SystemServer.main(SystemServer.java:667)
05-19 19:27:24.741  1244  1244 W InputMethodUtils: 	at java.lang.reflect.Method.invoke(Native Method)
05-19 19:27:24.741  1244  1244 W InputMethodUtils: 	at com.android.internal.os.RuntimeInit$MethodAndArgsCaller.run(RuntimeInit.java:548)
05-19 19:27:24.741  1244  1244 W InputMethodUtils: 	at com.android.internal.os.ZygoteInit.main(ZygoteInit.java:920)
05-19 19:27:24.741  1244  1244 W InputMethodUtils: getApplicationInfo failed. packageName=com.google.android.inputmethod.korean userId=0
05-19 19:27:24.741  1244  1244 W InputMethodUtils: android.content.pm.PackageManager$NameNotFoundException: com.google.android.inputmethod.korean
05-19 19:27:24.741  1244  1244 W InputMethodUtils: 	at android.app.ApplicationPackageManager.getApplicationInfoAsUser(ApplicationPackageManager.java:504)
05-19 19:27:24.741  1244  1244 W InputMethodUtils: 	at android.app.ApplicationPackageManager.getApplicationInfo(ApplicationPackageManager.java:487)
05-19 19:27:24.741  1244  1244 W InputMethodUtils: 	at com.android.server.inputmethod.InputMethodUtils.setNonSelectedSystemImesDisabledUntilUsed(InputMethodUtils.java:706)
05-19 19:27:24.741  1244  1244 W InputMethodUtils: 	at com.android.server.inputmethod.InputMethodManagerService.systemRunning(InputMethodManagerService.java:2075)
05-19 19:27:24.741  1244  1244 W InputMethodUtils: 	at com.android.server.inputmethod.InputMethodManagerService$Lifecycle.onBootPhase(InputMethodManagerService.java:1716)
05-19 19:27:24.741  1244  1244 W InputMethodUtils: 	at com.android.server.SystemServiceManager.startBootPhase(SystemServiceManager.java:294)
05-19 19:27:24.741  1244  1244 W InputMethodUtils: 	at com.android.server.SystemServer.lambda$startOtherServices$5(SystemServer.java:2874)
05-19 19:27:24.741  1244  1244 W InputMethodUtils: 	at com.android.server.SystemServer.$r8$lambda$cHpru_0zTEigJU4rvGBr8u7hU4w(Unknown Source:0)
05-19 19:27:24.741  1244  1244 W InputMethodUtils: 	at com.android.server.SystemServer$$ExternalSyntheticLambda5.run(Unknown Source:28)
05-19 19:27:24.741  1244  1244 W InputMethodUtils: 	at com.android.server.am.ActivityManagerService.systemReady(ActivityManagerService.java:8300)
05-19 19:27:24.741  1244  1244 W InputMethodUtils: 	at com.android.server.SystemServer.startOtherServices(SystemServer.java:2871)
05-19 19:27:24.741  1244  1244 W InputMethodUtils: 	at com.android.server.SystemServer.run(SystemServer.java:961)
05-19 19:27:24.741  1244  1244 W InputMethodUtils: 	at com.android.server.SystemServer.main(SystemServer.java:667)
05-19 19:27:24.741  1244  1244 W InputMethodUtils: 	at java.lang.reflect.Method.invoke(Native Method)
05-19 19:27:24.741  1244  1244 W InputMethodUtils: 	at com.android.internal.os.RuntimeInit$MethodAndArgsCaller.run(RuntimeInit.java:548)
05-19 19:27:24.741  1244  1244 W InputMethodUtils: 	at com.android.internal.os.ZygoteInit.main(ZygoteInit.java:920)
05-19 19:27:24.741  1244  1244 W InputMethodUtils: getApplicationInfo failed. packageName=com.google.android.inputmethod.pinyin userId=0
05-19 19:27:24.741  1244  1244 W InputMethodUtils: android.content.pm.PackageManager$NameNotFoundException: com.google.android.inputmethod.pinyin
05-19 19:27:24.741  1244  1244 W InputMethodUtils: 	at android.app.ApplicationPackageManager.getApplicationInfoAsUser(ApplicationPackageManager.java:504)
05-19 19:27:24.741  1244  1244 W InputMethodUtils: 	at android.app.ApplicationPackageManager.getApplicationInfo(ApplicationPackageManager.java:487)
05-19 19:27:24.741  1244  1244 W InputMethodUtils: 	at com.android.server.inputmethod.InputMethodUtils.setNonSelectedSystemImesDisabledUntilUsed(InputMethodUtils.java:706)
05-19 19:27:24.741  1244  1244 W InputMethodUtils: 	at com.android.server.inputmethod.InputMethodManagerService.systemRunning(InputMethodManagerService.java:2075)
05-19 19:27:24.741  1244  1244 W InputMethodUtils: 	at com.android.server.inputmethod.InputMethodManagerService$Lifecycle.onBootPhase(InputMethodManagerService.java:1716)
05-19 19:27:24.741  1244  1244 W InputMethodUtils: 	at com.android.server.SystemServiceManager.startBootPhase(SystemServiceManager.java:294)
05-19 19:27:24.741  1244  1244 W InputMethodUtils: 	at com.android.server.SystemServer.lambda$startOtherServices$5(SystemServer.java:2874)
05-19 19:27:24.741  1244  1244 W InputMethodUtils: 	at com.android.server.SystemServer.$r8$lambda$cHpru_0zTEigJU4rvGBr8u7hU4w(Unknown Source:0)
05-19 19:27:24.741  1244  1244 W InputMethodUtils: 	at com.android.server.SystemServer$$ExternalSyntheticLambda5.run(Unknown Source:28)
05-19 19:27:24.741  1244  1244 W InputMethodUtils: 	at com.android.server.am.ActivityManagerService.systemReady(ActivityManagerService.java:8300)
05-19 19:27:24.741  1244  1244 W InputMethodUtils: 	at com.android.server.SystemServer.startOtherServices(SystemServer.java:2871)
05-19 19:27:24.741  1244  1244 W InputMethodUtils: 	at com.android.server.SystemServer.run(SystemServer.java:961)
05-19 19:27:24.741  1244  1244 W InputMethodUtils: 	at com.android.server.SystemServer.main(SystemServer.java:667)
05-19 19:27:24.741  1244  1244 W InputMethodUtils: 	at java.lang.reflect.Method.invoke(Native Method)
05-19 19:27:24.741  1244  1244 W InputMethodUtils: 	at com.android.internal.os.RuntimeInit$MethodAndArgsCaller.run(RuntimeInit.java:548)
05-19 19:27:24.741  1244  1244 W InputMethodUtils: 	at com.android.internal.os.ZygoteInit.main(ZygoteInit.java:920)
05-19 19:27:24.741  1244  1244 W InputMethodUtils: getApplicationInfo failed. packageName=jp.co.omronsoft.iwnnime.ml userId=0
05-19 19:27:24.741  1244  1244 W InputMethodUtils: android.content.pm.PackageManager$NameNotFoundException: jp.co.omronsoft.iwnnime.ml
05-19 19:27:24.741  1244  1244 W InputMethodUtils: 	at android.app.ApplicationPackageManager.getApplicationInfoAsUser(ApplicationPackageManager.java:504)
05-19 19:27:24.741  1244  1244 W InputMethodUtils: 	at android.app.ApplicationPackageManager.getApplicationInfo(ApplicationPackageManager.java:487)
05-19 19:27:24.741  1244  1244 W InputMethodUtils: 	at com.android.server.inputmethod.InputMethodUtils.setNonSelectedSystemImesDisabledUntilUsed(InputMethodUtils.java:706)
05-19 19:27:24.741  1244  1244 W InputMethodUtils: 	at com.android.server.inputmethod.InputMethodManagerService.systemRunning(InputMethodManagerService.java:2075)
05-19 19:27:24.741  1244  1244 W InputMethodUtils: 	at com.android.server.inputmethod.InputMethodManagerService$Lifecycle.onBootPhase(InputMethodManagerService.java:1716)
05-19 19:27:24.741  1244  1244 W InputMethodUtils: 	at com.android.server.SystemServiceManager.startBootPhase(SystemServiceManager.java:294)
05-19 19:27:24.741  1244  1244 W InputMethodUtils: 	at com.android.server.SystemServer.lambda$startOtherServices$5(SystemServer.java:2874)
05-19 19:27:24.741  1244  1244 W InputMethodUtils: 	at com.android.server.SystemServer.$r8$lambda$cHpru_0zTEigJU4rvGBr8u7hU4w(Unknown Source:0)
05-19 19:27:24.741  1244  1244 W InputMethodUtils: 	at com.android.server.SystemServer$$ExternalSyntheticLambda5.run(Unknown Source:28)
05-19 19:27:24.741  1244  1244 W InputMethodUtils: 	at com.android.server.am.ActivityManagerService.systemReady(ActivityManagerService.java:8300)
05-19 19:27:24.741  1244  1244 W InputMethodUtils: 	at com.android.server.SystemServer.startOtherServices(SystemServer.java:2871)
05-19 19:27:24.741  1244  1244 W InputMethodUtils: 	at com.android.server.SystemServer.run(SystemServer.java:961)
05-19 19:27:24.741  1244  1244 W InputMethodUtils: 	at com.android.server.SystemServer.main(SystemServer.java:667)
05-19 19:27:24.741  1244  1244 W InputMethodUtils: 	at java.lang.reflect.Method.invoke(Native Method)
05-19 19:27:24.741  1244  1244 W InputMethodUtils: 	at com.android.internal.os.RuntimeInit$MethodAndArgsCaller.run(RuntimeInit.java:548)
05-19 19:27:24.741  1244  1244 W InputMethodUtils: 	at com.android.internal.os.ZygoteInit.main(ZygoteInit.java:920)
05-19 19:27:24.741  1244  1244 W InputMethodUtils: getApplicationInfo failed. packageName=com.nuance.xt9.input userId=0
05-19 19:27:24.741  1244  1244 W InputMethodUtils: android.content.pm.PackageManager$NameNotFoundException: com.nuance.xt9.input
05-19 19:27:24.741  1244  1244 W InputMethodUtils: 	at android.app.ApplicationPackageManager.getApplicationInfoAsUser(ApplicationPackageManager.java:504)
05-19 19:27:24.741  1244  1244 W InputMethodUtils: 	at android.app.ApplicationPackageManager.getApplicationInfo(ApplicationPackageManager.java:487)
05-19 19:27:24.741  1244  1244 W InputMethodUtils: 	at com.android.server.inputmethod.InputMethodUtils.setNonSelectedSystemImesDisabledUntilUsed(InputMethodUtils.java:706)
05-19 19:27:24.741  1244  1244 W InputMethodUtils: 	at com.android.server.inputmethod.InputMethodManagerService.systemRunning(InputMethodManagerService.java:2075)
05-19 19:27:24.741  1244  1244 W InputMethodUtils: 	at com.android.server.inputmethod.InputMethodManagerService$Lifecycle.onBootPhase(InputMethodManagerService.java:1716)
05-19 19:27:24.741  1244  1244 W InputMethodUtils: 	at com.android.server.SystemServiceManager.startBootPhase(SystemServiceManager.java:294)
05-19 19:27:24.741  1244  1244 W InputMethodUtils: 	at com.android.server.SystemServer.lambda$startOtherServices$5(SystemServer.java:2874)
05-19 19:27:24.741  1244  1244 W InputMethodUtils: 	at com.android.server.SystemServer.$r8$lambda$cHpru_0zTEigJU4rvGBr8u7hU4w(Unknown Source:0)
05-19 19:27:24.741  1244  1244 W InputMethodUtils: 	at com.android.server.SystemServer$$ExternalSyntheticLambda5.run(Unknown Source:28)
05-19 19:27:24.741  1244  1244 W InputMethodUtils: 	at com.android.server.am.ActivityManagerService.systemReady(ActivityManagerService.java:8300)
05-19 19:27:24.741  1244  1244 W InputMethodUtils: 	at com.android.server.SystemServer.startOtherServices(SystemServer.java:2871)
05-19 19:27:24.741  1244  1244 W InputMethodUtils: 	at com.android.server.SystemServer.run(SystemServer.java:961)
05-19 19:27:24.741  1244  1244 W InputMethodUtils: 	at com.android.server.SystemServer.main(SystemServer.java:667)
05-19 19:27:24.741  1244  1244 W InputMethodUtils: 	at java.lang.reflect.Method.invoke(Native Method)
05-19 19:27:24.741  1244  1244 W InputMethodUtils: 	at com.android.internal.os.RuntimeInit$MethodAndArgsCaller.run(RuntimeInit.java:548)
05-19 19:27:24.741  1244  1244 W InputMethodUtils: 	at com.android.internal.os.ZygoteInit.main(ZygoteInit.java:920)
05-19 19:27:24.741  1244  1244 W SystemServiceManager: Service com.android.server.inputmethod.InputMethodManagerService$Lifecycle took 64 ms in onBootPhase
05-19 19:27:24.741  1244  1244 D SystemServerTiming: OnBootPhase_550_com.android.server.accessibility.AccessibilityManagerService$Lifecycle
05-19 19:27:24.742  1244  1244 D SystemServerTiming: OnBootPhase_550_com.android.server.StorageManagerService$Lifecycle
05-19 19:27:24.742  1244  1244 D SystemServerTiming: OnBootPhase_550_com.android.server.usage.StorageStatsService$Lifecycle
05-19 19:27:24.742  1244  1244 D SystemServerTiming: OnBootPhase_550_com.android.server.UiModeManagerService
05-19 19:27:24.742  1244  1244 D SystemServerTiming: OnBootPhase_550_com.android.server.locales.LocaleManagerService
05-19 19:27:24.742  1244  1244 D SystemServerTiming: OnBootPhase_550_com.android.server.locksettings.LockSettingsService$Lifecycle
05-19 19:27:24.743  1244  1244 I RebootEscrowManager: No reboot escrow data found for users, skipping loading escrow data
05-19 19:27:24.747  1244  1244 D SystemServerTiming: OnBootPhase_550_com.android.server.PersistentDataBlockService
05-19 19:27:24.747  1244  1244 D SystemServerTiming: OnBootPhase_550_com.android.server.testharness.TestHarnessModeService
05-19 19:27:24.747  1244  1244 D SystemServerTiming: OnBootPhase_550_com.android.server.oemlock.OemLockService
05-19 19:27:24.747  1244  1244 D SystemServerTiming: OnBootPhase_550_com.android.server.DeviceIdleController
05-19 19:27:24.747  1244  1244 D SystemServerTiming: OnBootPhase_550_com.android.server.devicepolicy.DevicePolicyManagerService$Lifecycle
05-19 19:27:24.747  1244  1244 D SystemServerTiming: OnBootPhase_550_com.android.server.musicrecognition.MusicRecognitionManagerService
05-19 19:27:24.747  1244  1244 D SystemServerTiming: OnBootPhase_550_com.android.server.contentcapture.ContentCaptureManagerService
05-19 19:27:24.747  1244  1244 D SystemServerTiming: OnBootPhase_550_com.android.server.attention.AttentionManagerService
05-19 19:27:24.747  1244  1244 D SystemServerTiming: OnBootPhase_550_com.android.server.rotationresolver.RotationResolverManagerService
05-19 19:27:24.747  1244  1244 D SystemServerTiming: OnBootPhase_550_com.android.server.systemcaptions.SystemCaptionsManagerService
05-19 19:27:24.747  1244  1244 D SystemServerTiming: OnBootPhase_550_com.android.server.texttospeech.TextToSpeechManagerService
05-19 19:27:24.747  1244  1244 D SystemServerTiming: OnBootPhase_550_com.android.server.ambientcontext.AmbientContextManagerService
05-19 19:27:24.747  1244  1244 D SystemServerTiming: OnBootPhase_550_com.android.server.speech.SpeechRecognitionManagerService
05-19 19:27:24.747  1244  1244 D SystemServerTiming: OnBootPhase_550_com.android.server.appprediction.AppPredictionManagerService
05-19 19:27:24.747  1244  1244 D SystemServerTiming: OnBootPhase_550_com.android.server.contentsuggestions.ContentSuggestionsManagerService
05-19 19:27:24.747  1244  1244 D SystemServerTiming: OnBootPhase_550_com.android.server.searchui.SearchUiManagerService
05-19 19:27:24.747  1244  1244 D SystemServerTiming: OnBootPhase_550_com.android.server.smartspace.SmartspaceManagerService
05-19 19:27:24.747  1244  1244 D SystemServerTiming: OnBootPhase_550_com.android.server.graphics.fonts.FontManagerService$Lifecycle
05-19 19:27:24.747  1244  1244 D SystemServerTiming: OnBootPhase_550_com.android.server.textservices.TextServicesManagerService$Lifecycle
