05-19 19:27:24.220  1244  1244 D SystemServerTiming: OnBootPhase_520_com.android.server.musicrecognition.MusicRecognitionManagerService
05-19 19:27:24.220  1244  1244 D SystemServerTiming: OnBootPhase_520_com.android.server.contentcapture.ContentCaptureManagerService
05-19 19:27:24.220  1244  1244 D SystemServerTiming: OnBootPhase_520_com.android.server.attention.AttentionManagerService
05-19 19:27:24.220  1244  1244 D SystemServerTiming: OnBootPhase_520_com.android.server.rotationresolver.RotationResolverManagerService
05-19 19:27:24.220  1244  1244 D SystemServerTiming: OnBootPhase_520_com.android.server.systemcaptions.SystemCaptionsManagerService
05-19 19:27:24.220  1244  1244 D SystemServerTiming: OnBootPhase_520_com.android.server.texttospeech.TextToSpeechManagerService
05-19 19:27:24.220  1244  1244 D SystemServerTiming: OnBootPhase_520_com.android.server.ambientcontext.AmbientContextManagerService
05-19 19:27:24.220  1244  1244 D SystemServerTiming: OnBootPhase_520_com.android.server.speech.SpeechRecognitionManagerService
05-19 19:27:24.220  1244  1244 D SystemServerTiming: OnBootPhase_520_com.android.server.appprediction.AppPredictionManagerService
05-19 19:27:24.220  1244  1244 D SystemServerTiming: OnBootPhase_520_com.android.server.contentsuggestions.ContentSuggestionsManagerService
05-19 19:27:24.220  1244  1244 D SystemServerTiming: OnBootPhase_520_com.android.server.searchui.SearchUiManagerService
05-19 19:27:24.220  1244  1244 D SystemServerTiming: OnBootPhase_520_com.android.server.smartspace.SmartspaceManagerService
05-19 19:27:24.220  1244  1244 D SystemServerTiming: OnBootPhase_520_com.android.server.graphics.fonts.FontManagerService$Lifecycle
05-19 19:27:24.220  1244  1244 D SystemServerTiming: OnBootPhase_520_com.android.server.textservices.TextServicesManagerService$Lifecycle
05-19 19:27:24.220  1244  1244 D SystemServerTiming: OnBootPhase_520_com.android.server.textclassifier.TextClassificationManagerService$Lifecycle
05-19 19:27:24.220  1244  1244 D SystemServerTiming: OnBootPhase_520_com.android.server.NetworkScoreService$Lifecycle
05-19 19:27:24.220  1244  1244 D SystemServerTiming: OnBootPhase_520_com.android.server.NetworkStatsServiceInitializer
05-19 19:27:24.220  1244  1244 D SystemServerTiming: OnBootPhase_520_com.android.server.wifi.WifiService
05-19 19:27:24.220  1244  1244 D SystemServerTiming: OnBootPhase_520_com.android.server.wifi.scanner.WifiScanningService
05-19 19:27:24.220  1244  1244 D SystemServerTiming: OnBootPhase_520_com.android.server.wifi.p2p.WifiP2pService
05-19 19:27:24.220  1244  1244 D SystemServerTiming: OnBootPhase_520_com.android.server.ConnectivityServiceInitializer
05-19 19:27:24.221  1244  1244 D SystemServerTiming: OnBootPhase_520_com.android.server.notification.NotificationManagerService
05-19 19:27:24.221   788   788 I wificond: add channel type 0 support at wiphy index: 0
05-19 19:27:24.221   788   788 I wificond: add channel type 1 support at wiphy index: 0
05-19 19:27:24.241  1244  1244 D SystemServerTiming: OnBootPhase_520_com.android.server.storage.DeviceStorageMonitorService
05-19 19:27:24.241  1244  1244 D SystemServerTiming: OnBootPhase_520_com.android.server.location.LocationManagerService$Lifecycle
05-19 19:27:24.241  1244  1244 D SystemServerTiming: OnBootPhase_520_com.android.server.timedetector.TimeDetectorService$Lifecycle
05-19 19:27:24.241  1244  1244 D SystemServerTiming: OnBootPhase_520_com.android.server.timezonedetector.TimeZoneDetectorService$Lifecycle
05-19 19:27:24.241  1244  1244 D SystemServerTiming: OnBootPhase_520_com.android.server.timezonedetector.location.LocationTimeZoneManagerService$Lifecycle
05-19 19:27:24.241  1244  1244 D SystemServerTiming: OnBootPhase_520_com.android.server.search.SearchManagerService$Lifecycle
05-19 19:27:24.241  1244  1244 D SystemServerTiming: OnBootPhase_520_com.android.server.wallpaper.WallpaperManagerService$Lifecycle
05-19 19:27:24.241  1244  1244 D SystemServerTiming: OnBootPhase_520_com.android.server.wallpapereffectsgeneration.WallpaperEffectsGenerationManagerService
05-19 19:27:24.241  1244  1244 D SystemServerTiming: OnBootPhase_520_com.android.server.audio.AudioService$Lifecycle
05-19 19:27:24.241  1244  1244 D SystemServerTiming: OnBootPhase_520_com.android.server.soundtrigger_middleware.SoundTriggerMiddlewareService$Lifecycle
05-19 19:27:24.241  1244  1244 D SystemServerTiming: OnBootPhase_520_com.android.server.DockObserver
05-19 19:27:24.241  1244  1244 D SystemServerTiming: OnBootPhase_520_com.android.server.midi.MidiService$Lifecycle
05-19 19:27:24.241  1244  1244 D SystemServerTiming: OnBootPhase_520_com.android.server.adb.AdbService$Lifecycle
05-19 19:27:24.241  1244  1244 D SystemServerTiming: OnBootPhase_520_com.android.server.usb.UsbService$Lifecycle
05-19 19:27:24.241  1244  1244 D SystemServerTiming: OnBootPhase_520_com.android.server.twilight.TwilightService
05-19 19:27:24.241  1244  1244 D SystemServerTiming: OnBootPhase_520_com.android.server.display.color.ColorDisplayService
05-19 19:27:24.241  1244  1244 D SystemServerTiming: OnBootPhase_520_com.android.server.job.JobSchedulerService
05-19 19:27:24.241  1244  1244 D SystemServerTiming: OnBootPhase_520_com.android.server.soundtrigger.SoundTriggerService
05-19 19:27:24.241  1244  1244 D SoundTriggerService: onBootPhase: 520 : false
05-19 19:27:24.241  1244  1244 D SystemServerTiming: OnBootPhase_520_com.android.server.trust.TrustManagerService
05-19 19:27:24.241  1244  1244 D SystemServerTiming: OnBootPhase_520_com.android.server.backup.BackupManagerService$Lifecycle
05-19 19:27:24.242  1244  1244 D SystemServerTiming: OnBootPhase_520_com.android.server.appwidget.AppWidgetService
05-19 19:27:24.242  1244  1244 D SystemServerTiming: OnBootPhase_520_com.android.server.voiceinteraction.VoiceInteractionManagerService
05-19 19:27:24.242  1244  1244 D SystemServerTiming: OnBootPhase_520_com.android.server.apphibernation.AppHibernationService
05-19 19:27:24.242  1244  1244 D SystemServerTiming: OnBootPhase_520_com.android.server.GestureLauncherService
05-19 19:27:24.242  1244  1244 D SystemServerTiming: OnBootPhase_520_com.android.server.SensorNotificationService
05-19 19:27:24.242  1244  1244 D SystemServerTiming: OnBootPhase_520_com.android.server.emergency.EmergencyAffordanceService
05-19 19:27:24.242  1244  1244 D SystemServerTiming: OnBootPhase_520_com.android.server.blob.BlobStoreManagerService
05-19 19:27:24.242  1244  1244 D SystemServerTiming: OnBootPhase_520_com.android.server.dreams.DreamManagerService
05-19 19:27:24.242  1244  1244 D SystemServerTiming: OnBootPhase_520_com.android.server.print.PrintManagerService
05-19 19:27:24.242  1244  1244 D SystemServerTiming: OnBootPhase_520_com.android.server.security.AttestationVerificationManagerService
05-19 19:27:24.242  1244  1244 D SystemServerTiming: OnBootPhase_520_com.android.server.companion.CompanionDeviceManagerService
05-19 19:27:24.242  1244  1244 D SystemServerTiming: OnBootPhase_520_com.android.server.companion.virtual.VirtualDeviceManagerService
05-19 19:27:24.242  1244  1244 D SystemServerTiming: OnBootPhase_520_com.android.server.restrictions.RestrictionsManagerService
05-19 19:27:24.242  1244  1244 D SystemServerTiming: OnBootPhase_520_com.android.server.media.MediaSessionService
05-19 19:27:24.242  1244  1244 D SystemServerTiming: OnBootPhase_520_com.android.server.media.MediaResourceMonitorService
05-19 19:27:24.242  1244  1244 D SystemServerTiming: OnBootPhase_520_com.android.server.biometrics.sensors.face.FaceService
05-19 19:27:24.242  1244  1244 D SystemServerTiming: OnBootPhase_520_com.android.server.biometrics.sensors.fingerprint.FingerprintService
05-19 19:27:24.242  1244  1244 D SystemServerTiming: OnBootPhase_520_com.android.server.biometrics.BiometricService
05-19 19:27:24.242  1244  1244 D SystemServerTiming: OnBootPhase_520_com.android.server.biometrics.AuthService
05-19 19:27:24.242  1244  1244 D SystemServerTiming: OnBootPhase_520_com.android.server.app.AppLockManagerService$Lifecycle
05-19 19:27:24.242  1244  1244 D SystemServerTiming: OnBootPhase_520_com.android.server.pm.ShortcutService$Lifecycle
05-19 19:27:24.242  1244  1244 D SystemServerTiming: OnBootPhase_520_com.android.server.pm.LauncherAppsService
05-19 19:27:24.242  1244  1244 D SystemServerTiming: OnBootPhase_520_com.android.server.pm.CrossProfileAppsService
05-19 19:27:24.242  1244  1244 D SystemServerTiming: OnBootPhase_520_com.android.server.pocket.PocketService
05-19 19:27:24.242  1244  1244 W PocketService: Un-handled boot phase:520
05-19 19:27:24.242  1244  1244 D SystemServerTiming: OnBootPhase_520_com.android.server.people.PeopleService
05-19 19:27:24.242  1244  1244 D SystemServerTiming: OnBootPhase_520_com.android.server.media.metrics.MediaMetricsManagerService
05-19 19:27:24.242  1244  1244 D SystemServerTiming: OnBootPhase_520_com.android.server.derp.CustomDeviceConfigService
05-19 19:27:24.242  1244  1244 D SystemServerTiming: OnBootPhase_520_com.android.server.vibrator.LinearmotorVibratorService
05-19 19:27:24.242  1244  1244 D SystemServerTiming: OnBootPhase_520_com.android.server.derp.LineageHardwareService
05-19 19:27:24.242  1244  1244 D SystemServerTiming: OnBootPhase_520_com.android.server.derp.display.LiveDisplayService
05-19 19:27:24.242  1244  1244 D SystemServerTiming: OnBootPhase_520_com.android.server.derp.health.HealthInterfaceService
05-19 19:27:24.242  1244  1244 D SystemServerTiming: OnBootPhase_520_com.android.server.media.projection.MediaProjectionManagerService
05-19 19:27:24.242  1244  1244 D SystemServerTiming: OnBootPhase_520_com.android.server.slice.SliceManagerService$Lifecycle
05-19 19:27:24.242  1244  1244 D SystemServerTiming: OnBootPhase_520_com.android.server.stats.StatsCompanion$Lifecycle
05-19 19:27:24.242  1244  1244 D SystemServerTiming: OnBootPhase_520_com.android.server.scheduling.RebootReadinessManagerService$Lifecycle
05-19 19:27:24.242  1244  1244 D SystemServerTiming: OnBootPhase_520_com.android.server.stats.pull.StatsPullAtomService
05-19 19:27:24.242  1244  1244 D SystemServerTiming: OnBootPhase_520_com.android.server.stats.bootstrap.StatsBootstrapAtomService$Lifecycle
05-19 19:27:24.242  1244  1244 D SystemServerTiming: OnBootPhase_520_com.android.server.incident.IncidentCompanionService
05-19 19:27:24.242  1244  1244 D SystemServerTiming: OnBootPhase_520_com.android.server.sdksandbox.SdkSandboxManagerService$Lifecycle
05-19 19:27:24.242  1244  1244 D SystemServerTiming: OnBootPhase_520_com.android.server.adservices.AdServicesManagerService$Lifecycle
05-19 19:27:24.242  1244  1244 D SystemServerTiming: OnBootPhase_520_com.android.server.MmsServiceBroker
05-19 19:27:24.242  1244  1244 D SystemServerTiming: OnBootPhase_520_com.android.server.autofill.AutofillManagerService
05-19 19:27:24.242  1244  1244 D SystemServerTiming: OnBootPhase_520_com.android.server.translation.TranslationManagerService
05-19 19:27:24.242  1244  1244 D SystemServerTiming: OnBootPhase_520_com.android.server.clipboard.ClipboardService
05-19 19:27:24.242  1244  1244 D SystemServerTiming: OnBootPhase_520_com.android.server.appbinding.AppBindingService$Lifecycle
05-19 19:27:24.242  1244  1244 D SystemServerTiming: OnBootPhase_520_com.android.server.tracing.TracingServiceProxy
05-19 19:27:24.242  1244  1244 D SystemServerTiming: OnBootPhase_520_com.android.server.policy.PermissionPolicyService
05-19 19:27:24.243  1244  1244 D SystemServerTiming: OnBootPhase_520_com.android.server.pm.StagingManager$Lifecycle
05-19 19:27:24.243  1244  1244 D SystemServerTiming: OnBootPhase_520_com.android.server.app.GameManagerService$Lifecycle
05-19 19:27:24.243  1244  1244 D SystemServerTiming: StartSafetyCenterService
05-19 19:27:24.243  1244  1244 I SystemServiceManager: Starting com.android.safetycenter.SafetyCenterService
05-19 19:27:24.283  1244  1244 D SystemServerTiming: AppSearchModule
05-19 19:27:24.287  1244  1244 I SystemServiceManager: Starting com.android.server.appsearch.AppSearchModule$Lifecycle
05-19 19:27:24.295  1244  1244 D SystemServerTiming: StartMediaCommunicationService
05-19 19:27:24.296  1244  1244 I SystemServiceManager: Starting com.android.server.media.MediaCommunicationService
05-19 19:27:24.298  1244  1244 D SystemServerTiming: AppCompatOverridesService
05-19 19:27:24.298  1244  1244 I SystemServiceManager: Starting com.android.server.compat.overrides.AppCompatOverridesService$Lifecycle
05-19 19:27:24.299  1244  1244 D SystemServerTiming: StartParallelSpaceManagerService
05-19 19:27:24.299  1244  1244 I SystemServiceManager: Starting com.android.server.derp.ParallelSpaceManagerService
05-19 19:27:24.302  1244  1244 D SystemServerTiming: PhaseActivityManagerReady
05-19 19:27:24.302  1244  1244 D SystemServerTiming: controllersReady
05-19 19:27:24.309  1244  1328 D SystemServerTimingAsync: InitThreadPoolExec:Update app-ops uidState in case package com.golgappa.studyrays changed
05-19 19:27:24.309  1244  1344 D SystemServerTimingAsync: InitThreadPoolExec:Update app-ops uidState in case package oss.krtirtho.spotube changed
05-19 19:27:24.309  1244  1309 D SystemServerTimingAsync: InitThreadPoolExec:Update app-ops uidState in case package com.google.android.apps.youtube.music changed
05-19 19:27:24.309  1244  1353 D SystemServerTimingAsync: InitThreadPoolExec:Update app-ops uidState in case package com.google.android.videos changed
05-19 19:27:24.309  1244  1327 D SystemServerTimingAsync: InitThreadPoolExec:Update app-ops uidState in case package idm.internet.download.manager.plus changed
05-19 19:27:24.309  1244  1272 D SystemServerTimingAsync: InitThreadPoolExec:Update app-ops uidState in case package com.microsoft.office.word changed
05-19 19:27:24.309  1244  1356 D SystemServerTimingAsync: InitThreadPoolExec:Update app-ops uidState in case package com.github.android changed
05-19 19:27:24.309  1244  1315 D SystemServerTimingAsync: InitThreadPoolExec:Update app-ops uidState in case package com.google.android.apps.docs changed
05-19 19:27:24.311  1244  1328 D SystemServerTimingAsync: InitThreadPoolExec:Update app-ops uidState in case package com.bittorrent.client changed
05-19 19:27:24.311  1244  1353 D SystemServerTimingAsync: InitThreadPoolExec:Update app-ops uidState in case package com.termux changed
05-19 19:27:24.311  1244  1344 D SystemServerTimingAsync: InitThreadPoolExec:Update app-ops uidState in case package com.openai.chatgpt changed
05-19 19:27:24.311  1244  1328 D SystemServerTimingAsync: InitThreadPoolExec:Update app-ops uidState in case package com.google.android.apps.bard changed
05-19 19:27:24.311  1244  1353 D SystemServerTimingAsync: InitThreadPoolExec:Update app-ops uidState in case package com.discord changed
05-19 19:27:24.311  1244  1272 D SystemServerTimingAsync: InitThreadPoolExec:Update app-ops uidState in case package com.f0x1d.logfox changed
05-19 19:27:24.311  1244  1309 D SystemServerTimingAsync: InitThreadPoolExec:Update app-ops uidState in case package com.tempmail changed
05-19 19:27:24.311  1244  1272 D SystemServerTimingAsync: InitThreadPoolExec:Update app-ops uidState in case package com.google.android.youtube changed
05-19 19:27:24.311  1244  1309 D SystemServerTimingAsync: InitThreadPoolExec:Update app-ops uidState in case package com.google.android.gm changed
05-19 19:27:24.311  1244  1272 D SystemServerTimingAsync: InitThreadPoolExec:Update app-ops uidState in case package com.supercell.brawlstars changed
05-19 19:27:24.311  1244  1309 D SystemServerTimingAsync: InitThreadPoolExec:Update app-ops uidState in case package ru.zdevs.zarchiver changed
05-19 19:27:24.311  1244  1272 D SystemServerTimingAsync: InitThreadPoolExec:Update app-ops uidState in case package com.android.providers.media.module changed
05-19 19:27:24.311  1244  1309 D SystemServerTimingAsync: InitThreadPoolExec:Update app-ops uidState in case package com.android.permissioncontroller changed
05-19 19:27:24.311  1244  1272 D SystemServerTimingAsync: InitThreadPoolExec:Update app-ops uidState in case package com.android.cellbroadcastreceiver.module changed
05-19 19:27:24.311  1244  1309 D SystemServerTimingAsync: InitThreadPoolExec:Update app-ops uidState in case package android.ext.services changed
05-19 19:27:24.311  1244  1327 D SystemServerTimingAsync: InitThreadPoolExec:Update app-ops uidState in case package tw.nekomimi.nekogram changed
05-19 19:27:24.311  1244  1309 D SystemServerTimingAsync: InitThreadPoolExec:Update app-ops uidState in case package org.derpfest.prospect changed
05-19 19:27:24.311  1244  1327 D SystemServerTimingAsync: InitThreadPoolExec:Update app-ops uidState in case package com.android.launcher3 changed
05-19 19:27:24.311  1244  1353 D SystemServerTimingAsync: InitThreadPoolExec:Update app-ops uidState in case package com.whatsapp changed
05-19 19:27:24.312  1244  1315 D SystemServerTimingAsync: InitThreadPoolExec:Update app-ops uidState in case package com.medium.reader changed
05-19 19:27:24.312  1244  1328 D SystemServerTimingAsync: InitThreadPoolExec:Update app-ops uidState in case package app.netmirror.netmirror changed
05-19 19:27:24.312  1244  1315 D SystemServerTimingAsync: InitThreadPoolExec:Update app-ops uidState in case package com.google.android.apps.photos changed
05-19 19:27:24.312  1244  1328 D SystemServerTimingAsync: InitThreadPoolExec:Update app-ops uidState in case package com.google.android.gms.location.history changed
05-19 19:27:24.312  1244  1344 D SystemServerTimingAsync: InitThreadPoolExec:Update app-ops uidState in case package xyz.penpencil.physicswala changed
05-19 19:27:24.312  1244  1328 D SystemServerTimingAsync: InitThreadPoolExec:Update app-ops uidState in case package com.google.android.calendar changed
05-19 19:27:24.312  1244  1344 D SystemServerTimingAsync: InitThreadPoolExec:Update app-ops uidState in case package org.derpfest.flash changed
05-19 19:27:24.312  1244  1309 D SystemServerTimingAsync: InitThreadPoolExec:Update app-ops uidState in case package com.google.android.pixel.setupwizard changed
05-19 19:27:24.312  1244  1344 D SystemServerTimingAsync: InitThreadPoolExec:Update app-ops uidState in case package org.calyxos.ripple changed
05-19 19:27:24.312  1244  1315 D SystemServerTimingAsync: InitThreadPoolExec:Update app-ops uidState in case package com.google.android.calculator changed
05-19 19:27:24.312  1244  1344 D SystemServerTimingAsync: InitThreadPoolExec:Update app-ops uidState in case package com.google.android.tts changed
05-19 19:27:24.312  1244  1315 D SystemServerTimingAsync: InitThreadPoolExec:Update app-ops uidState in case package com.google.android.accessibility.soundamplifier changed
05-19 19:27:24.312  1244  1315 D SystemServerTimingAsync: InitThreadPoolExec:Update app-ops uidState in case package com.google.android.marvin.talkback changed
05-19 19:27:24.312  1244  1327 D SystemServerTimingAsync: InitThreadPoolExec:Update app-ops uidState in case package org.calyxos.panic changed
05-19 19:27:24.312  1244  1328 D SystemServerTimingAsync: InitThreadPoolExec:Update app-ops uidState in case package com.google.android.deskclock changed
05-19 19:27:24.312  1244  1353 D SystemServerTimingAsync: InitThreadPoolExec:Update app-ops uidState in case package com.android.wallpaper changed
05-19 19:27:24.312  1244  1309 D SystemServerTimingAsync: InitThreadPoolExec:Update app-ops uidState in case package com.google.android.contacts changed
05-19 19:27:24.312  1244  1272 D SystemServerTimingAsync: InitThreadPoolExec:Update app-ops uidState in case package com.android.systemui changed
05-19 19:27:24.312  1244  1356 D SystemServerTimingAsync: InitThreadPoolExec:Update app-ops uidState in case package com.oyeah.alpha changed
05-19 19:27:24.312  1244  1272 D SystemServerTimingAsync: InitThreadPoolExec:Update app-ops uidState in case package com.google.android.apps.nbu.files changed
05-19 19:27:24.313  1244  1344 D SystemServerTimingAsync: InitThreadPoolExec:Update app-ops uidState in case package org.akanework.symphonica changed
05-19 19:27:24.313  1244  1272 D SystemServerTimingAsync: InitThreadPoolExec:Update app-ops uidState in case package com.google.android.setupwizard changed
05-19 19:27:24.313  1244  1328 D SystemServerTimingAsync: InitThreadPoolExec:Update app-ops uidState in case package com.google.android.webview changed
05-19 19:27:24.313  1244  1353 D SystemServerTimingAsync: InitThreadPoolExec:Update app-ops uidState in case package com.google.android.markup changed
05-19 19:27:24.313  1244  1309 D SystemServerTimingAsync: InitThreadPoolExec:Update app-ops uidState in case package com.android.vending changed
05-19 19:27:24.313  1244  1315 D SystemServerTimingAsync: InitThreadPoolExec:Update app-ops uidState in case package com.google.android.inputmethod.latin changed
05-19 19:27:24.313  1244  1356 D SystemServerTimingAsync: InitThreadPoolExec:Update app-ops uidState in case package com.google.android.googlequicksearchbox changed
05-19 19:27:24.313  1244  1327 D SystemServerTimingAsync: InitThreadPoolExec:Update app-ops uidState in case package com.android.chrome changed
05-19 19:27:24.313  1244  1344 D SystemServerTimingAsync: InitThreadPoolExec:Update app-ops uidState in case package com.google.android.apps.restore changed
05-19 19:27:24.313  1244  1327 D SystemServerTimingAsync: InitThreadPoolExec:Update app-ops uidState in case package com.google.android.projection.gearhead changed
05-19 19:27:24.313  1244  1344 D SystemServerTimingAsync: InitThreadPoolExec:Update app-ops uidState in case package com.google.android.apps.messaging changed
05-19 19:27:24.313  1244  1327 D SystemServerTimingAsync: InitThreadPoolExec:Update app-ops uidState in case package com.google.android.settings.intelligence changed
05-19 19:27:24.313  1244  1344 D SystemServerTimingAsync: InitThreadPoolExec:Update app-ops uidState in case package com.google.android.apps.security.securityhub changed
05-19 19:27:24.313  1244  1327 D SystemServerTimingAsync: InitThreadPoolExec:Update app-ops uidState in case package com.google.android.dialer changed
05-19 19:27:24.313  1244  1344 D SystemServerTimingAsync: InitThreadPoolExec:Update app-ops uidState in case package com.google.android.gms changed
05-19 19:27:24.313  1244  1327 D SystemServerTimingAsync: InitThreadPoolExec:Update app-ops uidState in case package com.google.android.gsf changed
05-19 19:27:24.313  1244  1328 D SystemServerTimingAsync: InitThreadPoolExec:Update app-ops uidState in case package com.google.android.apps.wellbeing changed
05-19 19:27:24.313  1244  1327 D SystemServerTimingAsync: InitThreadPoolExec:Update app-ops uidState in case package com.google.android.as changed
05-19 19:27:24.313  1244  1353 D SystemServerTimingAsync: InitThreadPoolExec:Update app-ops uidState in case package com.google.audio.hearing.visualization.accessibility.scribe changed
05-19 19:27:24.314  1244  1315 D SystemServerTimingAsync: InitThreadPoolExec:Update app-ops uidState in case package com.google.android.apps.turbo changed
05-19 19:27:24.314  1244  1353 D SystemServerTimingAsync: InitThreadPoolExec:Update app-ops uidState in case package com.android.companiondevicemanager changed
05-19 19:27:24.314  1244  1356 D SystemServerTimingAsync: InitThreadPoolExec:Update app-ops uidState in case package com.android.imsserviceentitlement changed
05-19 19:27:24.314  1244  1309 D SystemServerTimingAsync: InitThreadPoolExec:Update app-ops uidState in case package com.google.android.apps.safetyhub changed
05-19 19:27:24.314  1244  1356 D SystemServerTimingAsync: InitThreadPoolExec:Update app-ops uidState in case package org.pixelexperience.faceunlock changed
05-19 19:27:24.314  1244  1327 D SystemServerTimingAsync: InitThreadPoolExec:Update app-ops uidState in case package com.google.android.as.oss changed
05-19 19:27:24.314  1244  1353 D SystemServerTimingAsync: InitThreadPoolExec:Update app-ops uidState in case package com.android.printspooler changed
05-19 19:27:24.314  1244  1327 D SystemServerTimingAsync: InitThreadPoolExec:Update app-ops uidState in case package com.android.providers.downloads.ui changed
05-19 19:27:24.314  1244  1272 D SystemServerTimingAsync: InitThreadPoolExec:Update app-ops uidState in case package com.google.android.partnersetup changed
05-19 19:27:24.314  1244  1353 D SystemServerTimingAsync: InitThreadPoolExec:Update app-ops uidState in case package com.android.soundpicker changed
05-19 19:27:24.314  1244  1315 D SystemServerTimingAsync: InitThreadPoolExec:Update app-ops uidState in case package com.android.externalstorage changed
05-19 19:27:24.314  1244  1272 D SystemServerTimingAsync: InitThreadPoolExec:Update app-ops uidState in case package com.android.providers.calendar changed
05-19 19:27:24.314  1244  1309 D SystemServerTimingAsync: InitThreadPoolExec:Update app-ops uidState in case package com.google.android.packageinstaller changed
05-19 19:27:24.314  1244  1344 D SystemServerTimingAsync: InitThreadPoolExec:Update app-ops uidState in case package com.android.providers.media changed
05-19 19:27:24.314  1244  1315 D SystemServerTimingAsync: InitThreadPoolExec:Update app-ops uidState in case package com.android.calllogbackup changed
05-19 19:27:24.314  1244  1353 D SystemServerTimingAsync: InitThreadPoolExec:Update app-ops uidState in case package com.android.cellbroadcastreceiver changed
05-19 19:27:24.314  1244  1315 D SystemServerTimingAsync: InitThreadPoolExec:Update app-ops uidState in case package com.derp.systemui.wifibar_d changed
05-19 19:27:24.314  1244  1328 D SystemServerTimingAsync: InitThreadPoolExec:Update app-ops uidState in case package com.google.android.apps.recorder changed
05-19 19:27:24.314  1244  1353 D SystemServerTimingAsync: InitThreadPoolExec:Update app-ops uidState in case package com.derp.systemui.wifibar_c changed
05-19 19:27:24.314  1244  1328 D SystemServerTimingAsync: InitThreadPoolExec:Update app-ops uidState in case package com.derp.systemui.signalbar_c changed
05-19 19:27:24.314  1244  1353 D SystemServerTimingAsync: InitThreadPoolExec:Update app-ops uidState in case package com.derp.systemui.wifibar_i changed
05-19 19:27:24.314  1244  1328 D SystemServerTimingAsync: InitThreadPoolExec:Update app-ops uidState in case package com.bootleggers.shishufied.theme.unmonet.systemui changed
05-19 19:27:24.314  1244  1353 D SystemServerTimingAsync: InitThreadPoolExec:Update app-ops uidState in case package com.derp.systemui.signalbar_e changed
05-19 19:27:24.314  1244  1328 D SystemServerTimingAsync: InitThreadPoolExec:Update app-ops uidState in case package com.derp.systemui.wifibar_e changed
05-19 19:27:24.314  1244  1353 D SystemServerTimingAsync: InitThreadPoolExec:Update app-ops uidState in case package com.bootleggers.shishufied.theme.unmonet.settings changed
05-19 19:27:24.315  1244  1356 D SystemServerTimingAsync: InitThreadPoolExec:Update app-ops uidState in case package com.android.providers.downloads changed
05-19 19:27:24.315  1244  1353 D SystemServerTimingAsync: InitThreadPoolExec:Update app-ops uidState in case package com.derp.systemui.wifibar_a changed
05-19 19:27:24.315  1244  1344 D SystemServerTimingAsync: InitThreadPoolExec:Update app-ops uidState in case package com.android.providers.contacts changed
05-19 19:27:24.315  1244  1353 D SystemServerTimingAsync: InitThreadPoolExec:Update app-ops uidState in case package com.bootleggers.shishufied.theme.solarized.systemui changed
05-19 19:27:24.315  1244  1315 D SystemServerTimingAsync: InitThreadPoolExec:Update app-ops uidState in case package com.derp.systemui.signalbar_d changed
05-19 19:27:24.315  1244  1353 D SystemServerTimingAsync: InitThreadPoolExec:Update app-ops uidState in case package com.bootleggers.shishufied.theme.solarized.android changed
05-19 19:27:24.315  1244  1328 D SystemServerTimingAsync: InitThreadPoolExec:Update app-ops uidState in case package com.bootleggers.shishufied.theme.unmonet.android changed
05-19 19:27:24.315  1244  1353 D SystemServerTimingAsync: InitThreadPoolExec:Update app-ops uidState in case package com.derp.systemui.signalbar_b changed
05-19 19:27:24.315  1244  1356 D SystemServerTimingAsync: InitThreadPoolExec:Update app-ops uidState in case package com.derp.systemui.signalbar_a changed
05-19 19:27:24.315  1244  1327 D SystemServerTimingAsync: InitThreadPoolExec:Update app-ops uidState in case package com.android.mtp changed
05-19 19:27:24.315  1244  1353 D SystemServerTimingAsync: InitThreadPoolExec:Update app-ops uidState in case package com.bootleggers.shishufied.theme.shishu.android changed
05-19 19:27:24.315  1244  1272 D SystemServerTimingAsync: InitThreadPoolExec:Update app-ops uidState in case package com.android.providers.blockednumber changed
05-19 19:27:24.315  1244  1315 D SystemServerTimingAsync: InitThreadPoolExec:Update app-ops uidState in case package com.derp.systemui.wifibar_b changed
05-19 19:27:24.315  1244  1272 D SystemServerTimingAsync: InitThreadPoolExec:Update app-ops uidState in case package com.bootleggers.shishufied.theme.shishunights.android changed
05-19 19:27:24.315  1244  1315 D SystemServerTimingAsync: InitThreadPoolExec:Update app-ops uidState in case package com.bootleggers.shishufied.theme.shishuimmensity.systemui changed
05-19 19:27:24.315  1244  1272 D SystemServerTimingAsync: InitThreadPoolExec:Update app-ops uidState in case package com.bootleggers.shishufied.theme.shishuimmensity.settings changed
05-19 19:27:24.315  1244  1315 D SystemServerTimingAsync: InitThreadPoolExec:Update app-ops uidState in case package com.bootleggers.shishufied.theme.shishuimmensity.android changed
05-19 19:27:24.315  1244  1272 D SystemServerTimingAsync: InitThreadPoolExec:Update app-ops uidState in case package com.bootleggers.shishufied.theme.shishuillusions.systemui changed
05-19 19:27:24.315  1244  1356 D SystemServerTimingAsync: InitThreadPoolExec:Update app-ops uidState in case package com.bootleggers.shishufied.theme.shishu.settings changed
05-19 19:27:24.315  1244  1344 D SystemServerTimingAsync: InitThreadPoolExec:Update app-ops uidState in case package com.bootleggers.shishufied.theme.solarized.settings changed
05-19 19:27:24.315  1244  1272 D SystemServerTimingAsync: InitThreadPoolExec:Update app-ops uidState in case package com.bootleggers.shishufied.theme.shishuillusions.android changed
05-19 19:27:24.316  1244  1309 D SystemServerTimingAsync: InitThreadPoolExec:Update app-ops uidState in case package com.android.providers.userdictionary changed
05-19 19:27:24.316  1244  1272 D SystemServerTimingAsync: InitThreadPoolExec:Update app-ops uidState in case package com.bootleggers.shishufied.theme.shishuamalgamation.android changed
05-19 19:27:24.316  1244  1327 D SystemServerTimingAsync: InitThreadPoolExec:Update app-ops uidState in case package com.bootleggers.shishufied.theme.shishunights.systemui changed
05-19 19:27:24.316  1244  1328 D SystemServerTimingAsync: InitThreadPoolExec:Update app-ops uidState in case package com.bootleggers.shishufied.theme.shishu.systemui changed
05-19 19:27:24.316  1244  1327 D SystemServerTimingAsync: InitThreadPoolExec:Update app-ops uidState in case package com.bootleggers.shishufied.theme.optronic.systemui changed
05-19 19:27:24.316  1244  1344 D SystemServerTimingAsync: InitThreadPoolExec:Update app-ops uidState in case package com.bootleggers.shishufied.theme.shishuamalgamation.settings changed
05-19 19:27:24.316  1244  1315 D SystemServerTimingAsync: InitThreadPoolExec:Update app-ops uidState in case package com.bootleggers.shishufied.theme.shishuillusions.settings changed
05-19 19:27:24.316  1244  1344 D SystemServerTimingAsync: InitThreadPoolExec:Update app-ops uidState in case package com.custom.overlay.systemui.data10 changed
05-19 19:27:24.316  1244  1353 D SystemServerTimingAsync: InitThreadPoolExec:Update app-ops uidState in case package com.bootleggers.shishufied.theme.shishunights.settings changed
05-19 19:27:24.316  1244  1344 D SystemServerTimingAsync: InitThreadPoolExec:Update app-ops uidState in case package com.bootleggers.shishufied.theme.pacleggers.systemui changed
05-19 19:27:24.316  1244  1356 D SystemServerTimingAsync: InitThreadPoolExec:Update app-ops uidState in case package com.bootleggers.shishufied.theme.shishuamalgamation.systemui changed
05-19 19:27:24.316  1244  1344 D SystemServerTimingAsync: InitThreadPoolExec:Update app-ops uidState in case package com.bootleggers.shishufied.theme.pacleggers.android changed
05-19 19:27:24.316  1244  1328 D SystemServerTimingAsync: InitThreadPoolExec:Update app-ops uidState in case package com.bootleggers.shishufied.theme.optronic.android changed
05-19 19:27:24.316  1244  1344 D SystemServerTimingAsync: InitThreadPoolExec:Update app-ops uidState in case package com.custom.systemui.signalNothingDot changed
05-19 19:27:24.316  1244  1315 D SystemServerTimingAsync: InitThreadPoolExec:Update app-ops uidState in case package android.overlay.pixel changed
05-19 19:27:24.316  1244  1344 D SystemServerTimingAsync: InitThreadPoolExec:Update app-ops uidState in case package com.bootleggers.shishufied.theme.nexodus.settings changed
05-19 19:27:24.316  1244  1353 D SystemServerTimingAsync: InitThreadPoolExec:Update app-ops uidState in case package com.bootleggers.shishufied.theme.pacleggers.settings changed
05-19 19:27:24.316  1244  1327 D SystemServerTimingAsync: InitThreadPoolExec:Update app-ops uidState in case package com.bootleggers.shishufied.theme.optronic.settings changed
05-19 19:27:24.316  1244  1353 D SystemServerTimingAsync: InitThreadPoolExec:Update app-ops uidState in case package com.custom.overlay.systemui.data9 changed
05-19 19:27:24.316  1244  1309 D SystemServerTimingAsync: InitThreadPoolExec:Update app-ops uidState in case package com.derp.systemui.wifibar_f changed
05-19 19:27:24.316  1244  1353 D SystemServerTimingAsync: InitThreadPoolExec:Update app-ops uidState in case package org.derpfest.overlay.customization.navbar.keyboard.nonavbar changed
05-19 19:27:24.316  1244  1272 D SystemServerTimingAsync: InitThreadPoolExec:Update app-ops uidState in case package com.derp.systemui.signalbar_f changed
05-19 19:27:24.317  1244  1353 D SystemServerTimingAsync: InitThreadPoolExec:Update app-ops uidState in case package com.derp.systemui.signalbar_g changed
05-19 19:27:24.317  1244  1344 D SystemServerTimingAsync: InitThreadPoolExec:Update app-ops uidState in case package org.derpfest.overlay.customization.navbar.nohint changed
05-19 19:27:24.317  1244  1353 D SystemServerTimingAsync: InitThreadPoolExec:Update app-ops uidState in case package com.custom.overlay.systemui.data2 changed
05-19 19:27:24.317  1244  1327 D SystemServerTimingAsync: InitThreadPoolExec:Update app-ops uidState in case package org.derpfest.overlay.customization.launcher3.nohint changed
05-19 19:27:24.317  1244  1353 D SystemServerTimingAsync: InitThreadPoolExec:Update app-ops uidState in case package com.custom.overlay.systemui.data4 changed
05-19 19:27:24.317  1244  1327 D SystemServerTimingAsync: InitThreadPoolExec:Update app-ops uidState in case package com.custom.overlay.systemui.data3 changed
05-19 19:27:24.317  1244  1315 D SystemServerTimingAsync: InitThreadPoolExec:Update app-ops uidState in case package com.bootleggers.shishufied.theme.nexodus.android changed
05-19 19:27:24.317  1244  1327 D SystemServerTimingAsync: InitThreadPoolExec:Update app-ops uidState in case package com.custom.overlay.systemui.signalGradicon changed
05-19 19:27:24.317  1244  1356 D SystemServerTimingAsync: InitThreadPoolExec:Update app-ops uidState in case package com.custom.systemui.wifiNothingDot changed
05-19 19:27:24.317  1244  1327 D SystemServerTimingAsync: InitThreadPoolExec:Update app-ops uidState in case package com.custom.overlay.systemui.data7 changed
05-19 19:27:24.317  1244  1328 D SystemServerTimingAsync: InitThreadPoolExec:Update app-ops uidState in case package com.bootleggers.shishufied.theme.nexodus.systemui changed
05-19 19:27:24.317  1244  1327 D SystemServerTimingAsync: InitThreadPoolExec:Update app-ops uidState in case package com.bootleggers.shishufied.clockfont.xtrusion changed
05-19 19:27:24.317  1244  1353 D SystemServerTimingAsync: InitThreadPoolExec:Update app-ops uidState in case package com.custom.overlay.systemui.wifiGradicon changed
05-19 19:27:24.317  1244  1327 D SystemServerTimingAsync: InitThreadPoolExec:Update app-ops uidState in case package com.bootleggers.shishufied.clockfont.munsteria changed
05-19 19:27:24.317  1244  1315 D SystemServerTimingAsync: InitThreadPoolExec:Update app-ops uidState in case package com.custom.overlay.systemui.data8 changed
05-19 19:27:24.317  1244  1327 D SystemServerTimingAsync: InitThreadPoolExec:Update app-ops uidState in case package com.bootleggers.shishufied.clockfont.frankfrt changed
05-19 19:27:24.317  1244  1356 D SystemServerTimingAsync: InitThreadPoolExec:Update app-ops uidState in case package com.derp.systemui.wifibar_j changed
05-19 19:27:24.317  1244  1327 D SystemServerTimingAsync: InitThreadPoolExec:Update app-ops uidState in case package com.bootleggers.shishufied.clockfont.zerofour changed
05-19 19:27:24.317  1244  1328 D SystemServerTimingAsync: InitThreadPoolExec:Update app-ops uidState in case package com.bootleggers.shishufied.clockfont.neon2 changed
05-19 19:27:24.317  1244  1327 D SystemServerTimingAsync: InitThreadPoolExec:Update app-ops uidState in case package com.bootleggers.shishufied.clockfont.VTKSDURA3d changed
05-19 19:27:24.317  1244  1353 D SystemServerTimingAsync: InitThreadPoolExec:Update app-ops uidState in case package com.bootleggers.shishufied.clockfont.lovenessthree changed
05-19 19:27:24.317  1244  1327 D SystemServerTimingAsync: InitThreadPoolExec:Update app-ops uidState in case package com.bootleggers.shishufied.clockfont.v5prophit changed
05-19 19:27:24.317  1244  1315 D SystemServerTimingAsync: InitThreadPoolExec:Update app-ops uidState in case package com.bootleggers.shishufied.clockfont.ZnikomitNo24 changed
05-19 19:27:24.317  1244  1309 D SystemServerTimingAsync: InitThreadPoolExec:Update app-ops uidState in case package com.derp.systemui.wifibar_g changed
05-19 19:27:24.318  1244  1309 D SystemServerTimingAsync: InitThreadPoolExec:Update app-ops uidState in case package com.bootleggers.shishufied.clockfont.SpaceGame changed
05-19 19:27:24.318  1244  1272 D SystemServerTimingAsync: InitThreadPoolExec:Update app-ops uidState in case package com.custom.overlay.systemui.data1 changed
05-19 19:27:24.318  1244  1309 D SystemServerTimingAsync: InitThreadPoolExec:Update app-ops uidState in case package com.bootleggers.shishufied.clockfont.snowstorm changed
05-19 19:27:24.318  1244  1344 D SystemServerTimingAsync: InitThreadPoolExec:Update app-ops uidState in case package com.custom.overlay.systemui.data5 changed
05-19 19:27:24.318  1244  1309 D SystemServerTimingAsync: InitThreadPoolExec:Update app-ops uidState in case package com.bootleggers.shishufied.clockfont.REMPONK changed
05-19 19:27:24.318  1244  1344 D SystemServerTimingAsync: InitThreadPoolExec:Update app-ops uidState in case package com.bootleggers.shishufied.clockfont.sfroundedtime changed
05-19 19:27:24.318  1244  1327 D SystemServerTimingAsync: InitThreadPoolExec:Update app-ops uidState in case package com.bootleggers.shishufied.clockfont.tourney changed
05-19 19:27:24.318  1244  1344 D SystemServerTimingAsync: InitThreadPoolExec:Update app-ops uidState in case package com.bootleggers.shishufied.clockfont.riviera changed
05-19 19:27:24.318  1244  1309 D SystemServerTimingAsync: InitThreadPoolExec:Update app-ops uidState in case package com.bootleggers.shishufied.clockfont.sfsofttime changed
05-19 19:27:24.318  1244  1328 D SystemServerTimingAsync: InitThreadPoolExec:Update app-ops uidState in case package com.bootleggers.shishufied.clockfont.vg5000 changed
05-19 19:27:24.318  1244  1309 D SystemServerTimingAsync: InitThreadPoolExec:Update app-ops uidState in case package com.bootleggers.shishufied.clockfont.Romantiques changed
05-19 19:27:24.318  1244  1353 D SystemServerTimingAsync: InitThreadPoolExec:Update app-ops uidState in case package com.bootleggers.shishufied.clockfont.union changed
05-19 19:27:24.318  1244  1315 D SystemServerTimingAsync: InitThreadPoolExec:Update app-ops uidState in case package com.bootleggers.shishufied.clockfont.TH3MACHINE changed
05-19 19:27:24.318  1244  1353 D SystemServerTimingAsync: InitThreadPoolExec:Update app-ops uidState in case package com.bootleggers.shishufied.clockfont.PlantsLetters changed
05-19 19:27:24.318  1244  1356 D SystemServerTimingAsync: InitThreadPoolExec:Update app-ops uidState in case package com.bootleggers.shishufied.clockfont.vibur changed
05-19 19:27:24.318  1244  1353 D SystemServerTimingAsync: InitThreadPoolExec:Update app-ops uidState in case package com.bootleggers.shishufied.clockfont.Pinewood changed
05-19 19:27:24.318  1244  1272 D SystemServerTimingAsync: InitThreadPoolExec:Update app-ops uidState in case package com.bootleggers.shishufied.clockfont.slim changed
05-19 19:27:24.318  1244  1353 D SystemServerTimingAsync: InitThreadPoolExec:Update app-ops uidState in case package com.bootleggers.shishufied.clockfont.odibee changed
05-19 19:27:24.318  1244  1309 D SystemServerTimingAsync: InitThreadPoolExec:Update app-ops uidState in case package com.bootleggers.shishufied.clockfont.QuickSouth changed
05-19 19:27:24.318  1244  1309 D SystemServerTimingAsync: InitThreadPoolExec:Update app-ops uidState in case package com.bootleggers.shishufied.clockfont.NewYorkHeavy changed
05-19 19:27:24.318  1244  1353 D SystemServerTimingAsync: InitThreadPoolExec:Update app-ops uidState in case package com.bootleggers.shishufied.clockfont.NewYorkSemibold changed
05-19 19:27:24.318  1244  1327 D SystemServerTimingAsync: InitThreadPoolExec:Update app-ops uidState in case package com.bootleggers.shishufied.clockfont.rubikglitch changed
05-19 19:27:24.318  1244  1353 D SystemServerTimingAsync: InitThreadPoolExec:Update app-ops uidState in case package com.bootleggers.shishufied.clockfont.NeonDisco changed
05-19 19:27:24.318  1244  1328 D SystemServerTimingAsync: InitThreadPoolExec:Update app-ops uidState in case package com.bootleggers.shishufied.clockfont.prodeltco changed
05-19 19:27:24.318  1244  1353 D SystemServerTimingAsync: InitThreadPoolExec:Update app-ops uidState in case package com.bootleggers.shishufied.clockfont.museomod changed
05-19 19:27:24.319  1244  1344 D SystemServerTimingAsync: InitThreadPoolExec:Update app-ops uidState in case package com.bootleggers.shishufied.clockfont.roadrage changed
05-19 19:27:24.319  1244  1353 D SystemServerTimingAsync: InitThreadPoolExec:Update app-ops uidState in case package com.bootleggers.shishufied.clockfont.MessingLettern changed
05-19 19:27:24.319  1244  1344 D SystemServerTimingAsync: InitThreadPoolExec:Update app-ops uidState in case package com.bootleggers.shishufied.clockfont.liquidcrystal changed
05-19 19:27:24.319  1244  1353 D SystemServerTimingAsync: InitThreadPoolExec:Update app-ops uidState in case package com.bootleggers.shishufied.clockfont.kroppenfwo changed
05-19 19:27:24.319  1244  1315 D SystemServerTimingAsync: InitThreadPoolExec:Update app-ops uidState in case package com.bootleggers.shishufied.clockfont.PlaidEvent changed
05-19 19:27:24.319  1244  1353 D SystemServerTimingAsync: InitThreadPoolExec:Update app-ops uidState in case package com.bootleggers.shishufied.clockfont.mxwasgard changed
05-19 19:27:24.319  1244  1327 D SystemServerTimingAsync: InitThreadPoolExec:Update app-ops uidState in case package com.bootleggers.shishufied.clockfont.NINJAS changed
05-19 19:27:24.319  1244  1272 D SystemServerTimingAsync: InitThreadPoolExec:Update app-ops uidState in case package com.bootleggers.shishufied.clockfont.neptuncat changed
05-19 19:27:24.319  1244  1327 D SystemServerTimingAsync: InitThreadPoolExec:Update app-ops uidState in case package com.bootleggers.shishufied.clockfont.kroppenoutline changed
05-19 19:27:24.319  1244  1328 D SystemServerTimingAsync: InitThreadPoolExec:Update app-ops uidState in case package com.bootleggers.shishufied.clockfont.MonbijouxClownpiece changed
05-19 19:27:24.319  1244  1272 D SystemServerTimingAsync: InitThreadPoolExec:Update app-ops uidState in case package com.bootleggers.shishufied.clockfont.LMSClifford changed
05-19 19:27:24.319  1244  1356 D SystemServerTimingAsync: InitThreadPoolExec:Update app-ops uidState in case package com.bootleggers.shishufied.clockfont.permanentmarker changed
05-19 19:27:24.319  1244  1272 D SystemServerTimingAsync: InitThreadPoolExec:Update app-ops uidState in case package com.bootleggers.shishufied.clockfont.GautsMotelUpperRight changed
05-19 19:27:24.319  1244  1309 D SystemServerTimingAsync: InitThreadPoolExec:Update app-ops uidState in case package com.bootleggers.shishufied.clockfont.nothingdot changed
05-19 19:27:24.319  1244  1272 D SystemServerTimingAsync: InitThreadPoolExec:Update app-ops uidState in case package com.bootleggers.shishufied.clockfont.KGOnlyHope changed
05-19 19:27:24.319  1244  1327 D SystemServerTimingAsync: InitThreadPoolExec:Update app-ops uidState in case package com.bootleggers.shishufied.clockfont.Klyukin changed
05-19 19:27:24.319  1244  1272 D SystemServerTimingAsync: InitThreadPoolExec:Update app-ops uidState in case package com.bootleggers.shishufied.clockfont.Karamuruh changed
05-19 19:27:24.319  1244  1328 D SystemServerTimingAsync: InitThreadPoolExec:Update app-ops uidState in case package com.bootleggers.shishufied.clockfont.Kingthings changed
05-19 19:27:24.319  1244  1272 D SystemServerTimingAsync: InitThreadPoolExec:Update app-ops uidState in case package com.bootleggers.shishufied.clockfont.ios changed
05-19 19:27:24.319  1244  1272 D SystemServerTimingAsync: InitThreadPoolExec:Update app-ops uidState in case package com.bootleggers.shishufied.clockfont.exodar changed
05-19 19:27:24.319  1244  1356 D SystemServerTimingAsync: InitThreadPoolExec:Update app-ops uidState in case package com.bootleggers.shishufied.clockfont.HotSweat changed
05-19 19:27:24.319  1244  1272 D SystemServerTimingAsync: InitThreadPoolExec:Update app-ops uidState in case package com.bootleggers.shishufied.clockfont.headline changed
05-19 19:27:24.319  1244  1353 D SystemServerTimingAsync: InitThreadPoolExec:Update app-ops uidState in case package com.bootleggers.shishufied.clockfont.kroppenround changed
05-19 19:27:24.320  1244  1356 D SystemServerTimingAsync: InitThreadPoolExec:Update app-ops uidState in case package com.bootleggers.shishufied.clockfont.ginora changed
05-19 19:27:24.320  1244  1344 D SystemServerTimingAsync: InitThreadPoolExec:Update app-ops uidState in case package com.bootleggers.shishufied.clockfont.LittleBunny changed
05-19 19:27:24.320  1244  1327 D SystemServerTimingAsync: InitThreadPoolExec:Update app-ops uidState in case package com.bootleggers.shishufied.clockfont.hercules changed
05-19 19:27:24.320  1244  1344 D SystemServerTimingAsync: InitThreadPoolExec:Update app-ops uidState in case package com.bootleggers.shishufied.clockfont.EditPointsFilled changed
05-19 19:27:24.320  1244  1327 D SystemServerTimingAsync: InitThreadPoolExec:Update app-ops uidState in case package com.bootleggers.shishufied.clockfont.EditPoints changed
05-19 19:27:24.320  1244  1328 D SystemServerTimingAsync: InitThreadPoolExec:Update app-ops uidState in case package com.bootleggers.shishufied.clockfont.Hanged changed
05-19 19:27:24.320  1244  1272 D SystemServerTimingAsync: InitThreadPoolExec:Update app-ops uidState in case package com.bootleggers.shishufied.clockfont.Fibography changed
05-19 19:27:24.320  1244  1328 D SystemServerTimingAsync: InitThreadPoolExec:Update app-ops uidState in case package com.bootleggers.shishufied.clockfont.cherryswash changed
05-19 19:27:24.320  1244  1309 D SystemServerTimingAsync: InitThreadPoolExec:Update app-ops uidState in case package com.bootleggers.shishufied.clockfont.karmaticarcade changed
05-19 19:27:24.320  1244  1328 D SystemServerTimingAsync: InitThreadPoolExec:Update app-ops uidState in case package com.bootleggers.shishufied.clockfont.ELRIOTT2 changed
05-19 19:27:24.320  1244  1353 D SystemServerTimingAsync: InitThreadPoolExec:Update app-ops uidState in case package com.bootleggers.shishufied.clockfont.Floorlight changed
05-19 19:27:24.320  1244  1309 D SystemServerTimingAsync: InitThreadPoolExec:Update app-ops uidState in case package com.bootleggers.shishufied.clockfont.dotcom changed
05-19 19:27:24.320  1244  1356 D SystemServerTimingAsync: InitThreadPoolExec:Update app-ops uidState in case package com.bootleggers.shishufied.clockfont.forta changed
05-19 19:27:24.320  1244  1309 D SystemServerTimingAsync: InitThreadPoolExec:Update app-ops uidState in case package com.bootleggers.shishufied.clockfont.c24decoshadow changed
05-19 19:27:24.320  1244  1353 D SystemServerTimingAsync: InitThreadPoolExec:Update app-ops uidState in case package com.bootleggers.shishufied.clockfont.CRACKMAN changed
05-19 19:27:24.320  1244  1327 D SystemServerTimingAsync: InitThreadPoolExec:Update app-ops uidState in case package com.bootleggers.shishufied.clockfont.Concentrate changed
05-19 19:27:24.320  1244  1272 D SystemServerTimingAsync: InitThreadPoolExec:Update app-ops uidState in case package com.bootleggers.shishufied.clockfont.DiscoMidnight changed
05-19 19:27:24.320  1244  1315 D SystemServerTimingAsync: InitThreadPoolExec:Update app-ops uidState in case package com.bootleggers.shishufied.clockfont.LowerAtmosphere changed
05-19 19:27:24.321  1244  1309 D SystemServerTimingAsync: InitThreadPoolExec:Update app-ops uidState in case package com.bootleggers.shishufied.clockfont.CFOneTwoTrees changed
05-19 19:27:24.321  1244  1272 D SystemServerTimingAsync: InitThreadPoolExec:Update app-ops uidState in case package com.bootleggers.shishufied.clockfont.Brandayolq changed
05-19 19:27:24.321  1244  1327 D SystemServerTimingAsync: InitThreadPoolExec:Update app-ops uidState in case package com.bootleggers.shishufied.clockfont.BudmoJiggler changed
