05-19 19:27:20.238  1244  1244 W PackageManager: Failed to scan /product/priv-app/DevicePersonalizationPrebuiltPixel2020: Package com.google.android.as at /product/priv-app/DevicePersonalizationPrebuiltPixel2020 ignored: updated version 8997598 better than this 8460903
05-19 19:27:20.240  1244  1244 W PackageManager: Failed to scan /product/priv-app/GoogleDialer: Package com.google.android.dialer at /product/priv-app/GoogleDialer ignored: updated version 18601238 better than this 11348628
05-19 19:27:20.246  1244  1244 W PackageManager: Failed to scan /product/priv-app/PrebuiltBugle: Package com.google.android.apps.messaging at /product/priv-app/PrebuiltBugle ignored: updated version 277593063 better than this 163204840
05-19 19:27:20.253  1244  1244 W PackageManager: Failed to scan /product/priv-app/AndroidAutoStubPrebuilt: Package com.google.android.projection.gearhead at /product/priv-app/AndroidAutoStubPrebuilt ignored: updated version 142651614 better than this 12526000
05-19 19:27:20.254  1244  1244 W PackageManager: Failed to scan /product/priv-app/SettingsIntelligenceGooglePrebuilt: Package com.google.android.settings.intelligence at /product/priv-app/SettingsIntelligenceGooglePrebuilt ignored: updated version 1000234447 better than this 1000214325
05-19 19:27:20.258  1244  1244 W PackageManager: Failed to scan /product/priv-app/TurboPrebuilt: Package com.google.android.apps.turbo at /product/priv-app/TurboPrebuilt ignored: updated version 10264623 better than this 10250957
05-19 19:27:20.260  1244  1244 W PackageManager: Failed to scan /product/priv-app/ScribePrebuilt: Package com.google.audio.hearing.visualization.accessibility.scribe at /product/priv-app/ScribePrebuilt ignored: updated version 164460 better than this 97356
05-19 19:27:20.262  1244  1244 W PackageManager: Failed to scan /product/priv-app/SafetyHubPrebuilt: Package com.google.android.apps.safetyhub at /product/priv-app/SafetyHubPrebuilt ignored: updated version 100617371 better than this 10124895
05-19 19:27:20.263  1244  1244 W PackageManager: Failed to scan /product/priv-app/PartnerSetupPrebuilt: Package com.google.android.partnersetup at /product/priv-app/PartnerSetupPrebuilt ignored: updated version 1997 better than this 1450
05-19 19:27:20.267  1244  1244 W PackageManager: Failed to scan /product/priv-app/GoogleRestorePrebuilt: Package com.google.android.apps.restore at /product/priv-app/GoogleRestorePrebuilt ignored: updated version 766453 better than this 137084
05-19 19:27:20.269  1244  1244 W PackageManager: Failed to scan /product/priv-app/Velvet: Package com.google.android.googlequicksearchbox at /product/priv-app/Velvet ignored: updated version 301515018 better than this 301194890
05-19 19:27:20.270  1244  1244 W PackageManager: Failed to scan /product/priv-app/WellbeingPrebuilt: Package com.google.android.apps.wellbeing at /product/priv-app/WellbeingPrebuilt ignored: updated version 718567 better than this 452937
05-19 19:27:20.274  1244  1244 W PackageManager: Failed to scan /product/priv-app/FilesPrebuilt: Package com.google.android.apps.nbu.files at /product/priv-app/FilesPrebuilt ignored: updated version 1340799 better than this 388739
05-19 19:27:20.282  1244  1244 W PackageManager: Failed to scan /product/priv-app/Phonesky: Package com.android.vending at /product/priv-app/Phonesky ignored: updated version 84613930 better than this 83042110
05-19 19:27:20.282  1244  1244 W PackageManager: Failed to scan /product/priv-app/PrebuiltGmsCoreSc: Package com.google.android.gms at /product/priv-app/PrebuiltGmsCoreSc ignored: updated version 251833029 better than this 224619045
05-19 19:27:20.288  1244  1244 W PackageManager: Failed to parse /product/app/Chrome: Missing base APK in /product/app/Chrome
05-19 19:27:20.293  1244  1244 W PackageManager: Failed to parse /product/app/WebViewGoogle: Missing base APK in /product/app/WebViewGoogle
05-19 19:27:20.294  1244  1244 W PackageManager: Failed to scan /product/app/WebViewGoogle-Stub: Package com.google.android.webview at /product/app/WebViewGoogle-Stub ignored: updated version 710306033 better than this 541412333
05-19 19:27:20.296  1244  1244 W PackageManager: Failed to parse /product/app/TrichromeLibrary: Missing base APK in /product/app/TrichromeLibrary
05-19 19:27:20.297  1244  1244 W PackageManager: Failed to scan /product/app/Chrome-Stub: Package com.android.chrome at /product/app/Chrome-Stub ignored: updated version 710308733 better than this 541412333
05-19 19:27:20.299  1244  1244 W PackageManager: Failed to scan /product/app/LatinIMEGooglePrebuilt: Package com.google.android.inputmethod.latin at /product/app/LatinIMEGooglePrebuilt ignored: updated version 165480334 better than this 99078518
05-19 19:27:20.308  1244  1244 W PackageManager: Failed to scan /product/app/talkback: Package com.google.android.marvin.talkback at /product/app/talkback ignored: updated version 60150381 better than this 60130207
05-19 19:27:20.309  1244  1244 W PackageManager: Failed to scan /product/app/SoundAmplifierPrebuilt: Package com.google.android.accessibility.soundamplifier at /product/app/SoundAmplifierPrebuilt ignored: updated version 230928 better than this 187740
05-19 19:27:20.313  1244  1244 W PackageManager: Failed to scan /product/app/GoogleTTS: Package com.google.android.tts at /product/app/GoogleTTS ignored: updated version 210556534 better than this 210411861
05-19 19:27:20.313  1244  1244 W PackageManager: Failed to scan /product/app/TrichromeLibrary-Stub: Package com.google.android.trichromelibrary_541412333 at /product/app/TrichromeLibrary-Stub ignored: updated version 541412333 better than this 541412333
05-19 19:27:20.314  1244  1244 W PackageManager: Failed to scan /product/app/GoogleContacts: Package com.google.android.contacts at /product/app/GoogleContacts ignored: updated version 3223347 better than this 2960682
05-19 19:27:20.315  1244  1244 W PackageManager: Failed to scan /product/app/SoundPickerPrebuilt: Package com.google.android.soundpicker at /product/app/SoundPickerPrebuilt ignored: updated version 31000232 better than this 30000182
05-19 19:27:20.315  1244  1244 W PackageManager: Failed to scan /product/app/PrebuiltDeskClockGoogle: Package com.google.android.deskclock at /product/app/PrebuiltDeskClockGoogle ignored: updated version 76007131 better than this 74001498
05-19 19:27:20.317  1244  1244 W PackageManager: Failed to scan /product/app/arcore: Package com.google.ar.core at /product/app/arcore ignored: updated version 250900093 better than this 0
05-19 19:27:20.318  1244  1244 W PackageManager: Failed to scan /product/app/Photos: Package com.google.android.apps.photos at /product/app/Photos ignored: updated version 50080496 better than this 47595614
05-19 19:27:20.318  1244  1244 W PackageManager: Failed to scan /product/app/CalendarGooglePrebuilt: Package com.google.android.calendar at /product/app/CalendarGooglePrebuilt ignored: updated version 2017760642 better than this 2017095958
05-19 19:27:20.321  1244  1244 W PackageManager: Failed to scan /product/app/CalculatorGooglePrebuilt: Package com.google.android.calculator at /product/app/CalculatorGooglePrebuilt ignored: updated version 85006267 better than this 84000598
05-19 19:27:20.332  1244  1305 D CompatibilityChangeReporter: Compat change id reported: 132742131; UID -1; state: ENABLED
05-19 19:27:20.342  1244  1244 W PackageManager: Failed to parse /system/system_ext/priv-app/TurboAdapter: Targeting R+ (version 30 and above) requires the resources.arsc of installed APKs to be stored uncompressed and aligned on a 4-byte boundary
05-19 19:27:20.390  1244  1244 I ApexManager: Registering com.android.cts.priv.ctsshim as apk-in-apex of com.android.apex.cts.shim
05-19 19:27:20.394  1244  1244 I ApexManager: Registering com.android.cts.ctsshim as apk-in-apex of com.android.apex.cts.shim
05-19 19:27:20.398  1244  1244 I ApexManager: Registering com.android.connectivity.resources as apk-in-apex of com.android.tethering
05-19 19:27:20.401  1244  1244 I ApexManager: Registering com.android.networkstack.tethering as apk-in-apex of com.android.tethering
05-19 19:27:20.405  1244  1244 I ApexManager: Registering com.android.nearby.halfsheet as apk-in-apex of com.android.tethering
05-19 19:27:20.411  1244  1244 I ApexManager: Registering android.ext.services as apk-in-apex of com.android.extservices
05-19 19:27:20.416  1244  1244 I ApexManager: Registering com.android.safetycenter.resources as apk-in-apex of com.android.permission
05-19 19:27:20.418  1244  1244 I ApexManager: Registering com.android.permissioncontroller as apk-in-apex of com.android.permission
05-19 19:27:20.424  1244  1244 I ApexManager: Registering com.android.providers.media.module as apk-in-apex of com.android.mediaprovider
05-19 19:27:20.429  1244  1244 I ApexManager: Registering com.android.adservices.api as apk-in-apex of com.android.adservices
05-19 19:27:20.432  1244  1244 I ApexManager: Registering com.android.sdksandbox as apk-in-apex of com.android.adservices
05-19 19:27:20.437  1244  1244 I ApexManager: Registering com.android.cellbroadcastreceiver.module as apk-in-apex of com.android.cellbroadcast
05-19 19:27:20.439  1244  1244 I ApexManager: Registering com.android.cellbroadcastservice as apk-in-apex of com.android.cellbroadcast
05-19 19:27:20.450  1244  1244 I ApexManager: Registering com.android.wifi.resources as apk-in-apex of com.android.wifi
05-19 19:27:20.454  1244  1244 I ApexManager: Registering com.android.wifi.dialog as apk-in-apex of com.android.wifi
05-19 19:27:20.456  1244  1244 I ApexManager: Registering com.android.hotspot2.osulogin as apk-in-apex of com.android.wifi
05-19 19:27:20.460  1244  1244 I ApexManager: Registering com.android.uwb.resources as apk-in-apex of com.android.uwb
05-19 19:27:20.463  1244  1244 I ApexManager: Registering com.android.ondevicepersonalization.services as apk-in-apex of com.android.ondevicepersonalization
05-19 19:27:20.468  1244  1244 I ApexManager: Registering com.android.bluetooth as apk-in-apex of com.android.btservices
05-19 19:27:20.511  1244  1244 I PackageManager: Finished scanning system apps. Time: 844 ms, packageCount: 524 , timePerPackage: 1 , cached: 585
05-19 19:27:20.511  1244  1244 I boot_progress_pms_data_scan_start: 13609
05-19 19:27:20.528  1244  1244 W PackageManager: Relax SCAN_REQUIRE_KNOWN requirement for package com.google.android.calculator
05-19 19:27:20.531  1244  1244 D CompatibilityChangeReporter: Compat change id reported: 133396946; UID -1; state: ENABLED
05-19 19:27:20.570  1244  1244 W PackageManager: Relax SCAN_REQUIRE_KNOWN requirement for package com.google.android.as
05-19 19:27:20.576  1244  1244 W PackageManager: Relax SCAN_REQUIRE_KNOWN requirement for package com.google.android.partnersetup
05-19 19:27:20.582  1244  1244 W PackageManager: Relax SCAN_REQUIRE_KNOWN requirement for package com.google.android.tts
05-19 19:27:20.588  1244  1244 W PackageManager: Relax SCAN_REQUIRE_KNOWN requirement for package com.google.android.accessibility.soundamplifier
05-19 19:27:20.590  1244  1244 W PackageManager: Relax SCAN_REQUIRE_KNOWN requirement for package com.google.ar.core
05-19 19:27:20.596  1244  1244 W PackageManager: Relax SCAN_REQUIRE_KNOWN requirement for package com.google.android.settings.intelligence
05-19 19:27:20.598  1244  1244 W PackageManager: Skipping provider name com.google.android.settings.intelligence (in package com.google.android.settings.intelligence): name already used by com.google.android.settings.intelligence
05-19 19:27:20.599  1244  1244 W PackageManager: Relax SCAN_REQUIRE_KNOWN requirement for package com.google.android.apps.wellbeing
05-19 19:27:20.603  1244  1244 W PackageManager: Relax SCAN_REQUIRE_KNOWN requirement for package com.google.android.apps.nbu.files
05-19 19:27:20.606  1244  1244 W PackageManager: Relax SCAN_REQUIRE_KNOWN requirement for package com.google.android.googlequicksearchbox
05-19 19:27:20.616  1244  1244 W PackageManager: Relax SCAN_REQUIRE_KNOWN requirement for package com.google.android.soundpicker
05-19 19:27:20.626  1244  1244 W PackageManager: Relax SCAN_REQUIRE_KNOWN requirement for package com.google.android.calendar
05-19 19:27:20.642  1244  1244 W PackageManager: Relax SCAN_REQUIRE_KNOWN requirement for package com.google.android.webview
05-19 19:27:20.644  1244  1244 W PackageManager: Relax SCAN_REQUIRE_KNOWN requirement for package com.google.android.apps.recorder
05-19 19:27:20.647  1244  1244 W PackageManager: Relax SCAN_REQUIRE_KNOWN requirement for package com.google.android.deskclock
05-19 19:27:20.653  1244  1244 W PackageManager: Relax SCAN_REQUIRE_KNOWN requirement for package com.android.vending
05-19 19:27:20.657  1244  1244 W PackageManager: Relax SCAN_REQUIRE_KNOWN requirement for package com.android.chrome
05-19 19:27:20.661  1244  1244 W PackageManager: Relax SCAN_REQUIRE_KNOWN requirement for package com.google.android.marvin.talkback
05-19 19:27:20.678  1244  1244 W PackageManager: Relax SCAN_REQUIRE_KNOWN requirement for package com.google.audio.hearing.visualization.accessibility.scribe
05-19 19:27:20.692  1244  1244 W PackageManager: Relax SCAN_REQUIRE_KNOWN requirement for package com.google.android.gms
05-19 19:27:20.715  1244  1244 W PackageManager: Relax SCAN_REQUIRE_KNOWN requirement for package com.google.android.apps.photos
05-19 19:27:20.723  1244  1244 W PackageManager: Relax SCAN_REQUIRE_KNOWN requirement for package com.google.android.contacts
05-19 19:27:20.730  1244  1244 W PackageManager: Relax SCAN_REQUIRE_KNOWN requirement for package com.google.android.apps.turbo
05-19 19:27:20.733  1244  1244 W PackageManager: Relax SCAN_REQUIRE_KNOWN requirement for package com.google.android.apps.messaging
05-19 19:27:20.736  1244  1244 W PackageManager: Skipping provider name com.google.android.apps.messaging.photopicker_images (in package com.google.android.apps.messaging): name already used by com.google.android.apps.messaging
05-19 19:27:20.747  1244  1244 W PackageManager: Relax SCAN_REQUIRE_KNOWN requirement for package com.google.android.inputmethod.latin
05-19 19:27:20.754  1244  1244 W PackageManager: Relax SCAN_REQUIRE_KNOWN requirement for package com.google.android.apps.safetyhub
05-19 19:27:20.758  1244  1244 W PackageManager: Relax SCAN_REQUIRE_KNOWN requirement for package com.google.android.apps.restore
05-19 19:27:20.762  1244  1244 W PackageManager: Relax SCAN_REQUIRE_KNOWN requirement for package com.google.android.dialer
05-19 19:27:20.766  1244  1244 W PackageManager: Relax SCAN_REQUIRE_KNOWN requirement for package com.google.android.trichromelibrary_541412333
05-19 19:27:20.775  1244  1244 W PackageManager: Relax SCAN_REQUIRE_KNOWN requirement for package com.google.android.projection.gearhead
05-19 19:27:20.780  1244  1244 W PackageManager: Relax SCAN_REQUIRE_KNOWN requirement for package com.google.android.as.oss
05-19 19:27:20.782  1244  1244 I PackageManager: Finished scanning non-system apps. Time: 271 ms, packageCount: 60 , timePerPackage: 4 , cached: 60
05-19 19:27:20.783  1244  1244 W PackageManager: There should probably be exactly one storage manager; found 2: matches=[ResolveInfo{f738d1d com.google.android.apps.nbu.files/.home.HomeActivity p=100 m=0x108000}, ResolveInfo{aa01b92 com.google.android.storagemanager/com.android.storagemanager.deletionhelper.DeletionHelperActivity m=0x108000}]
05-19 19:27:20.792  1244  1244 I boot_progress_pms_scan_end: 13890
05-19 19:27:20.792  1244  1244 I PackageManager: Time to scan packages: 1.125 seconds
05-19 19:27:20.792  1244  1244 I PackageManager: Permission ownership changed. Updating all permissions.
05-19 19:27:20.820  1244  1244 W PackageManager: Package android.ext.services is an APK in APEX, but has permission allowlist on the system image. Please bundle the allowlist in the com.android.extservices APEX instead.
05-19 19:27:20.820  1244  1244 W PackageManager: Package android.ext.services is an APK in APEX, but has permission allowlist on the system image. Please bundle the allowlist in the com.android.extservices APEX instead.
05-19 19:27:20.820  1244  1244 W PackageManager: Package android.ext.services is an APK in APEX, but has permission allowlist on the system image. Please bundle the allowlist in the com.android.extservices APEX instead.
05-19 19:27:20.820  1244  1244 W PackageManager: Package android.ext.services is an APK in APEX, but has permission allowlist on the system image. Please bundle the allowlist in the com.android.extservices APEX instead.
05-19 19:27:20.835  1244  1244 W PackageManager: Package com.android.providers.media.module is an APK in APEX, but has permission allowlist on the system image. Please bundle the allowlist in the com.android.mediaprovider APEX instead.
05-19 19:27:20.835  1244  1244 W PackageManager: Package com.android.providers.media.module is an APK in APEX, but has permission allowlist on the system image. Please bundle the allowlist in the com.android.mediaprovider APEX instead.
05-19 19:27:20.835  1244  1244 W PackageManager: Package com.android.providers.media.module is an APK in APEX, but has permission allowlist on the system image. Please bundle the allowlist in the com.android.mediaprovider APEX instead.
05-19 19:27:20.835  1244  1244 W PackageManager: Package com.android.providers.media.module is an APK in APEX, but has permission allowlist on the system image. Please bundle the allowlist in the com.android.mediaprovider APEX instead.
05-19 19:27:20.836  1244  1244 W PackageManager: Package com.android.providers.media.module is an APK in APEX, but has permission allowlist on the system image. Please bundle the allowlist in the com.android.mediaprovider APEX instead.
05-19 19:27:20.836  1244  1244 W PackageManager: Package com.android.providers.media.module is an APK in APEX, but has permission allowlist on the system image. Please bundle the allowlist in the com.android.mediaprovider APEX instead.
05-19 19:27:20.836  1244  1244 W PackageManager: Package com.android.providers.media.module is an APK in APEX, but has permission allowlist on the system image. Please bundle the allowlist in the com.android.mediaprovider APEX instead.
05-19 19:27:20.836  1244  1244 W PackageManager: Package com.android.providers.media.module is an APK in APEX, but has permission allowlist on the system image. Please bundle the allowlist in the com.android.mediaprovider APEX instead.
05-19 19:27:20.836  1244  1244 W PackageManager: Package com.android.providers.media.module is an APK in APEX, but has permission allowlist on the system image. Please bundle the allowlist in the com.android.mediaprovider APEX instead.
05-19 19:27:20.836  1244  1244 W PackageManager: Package com.android.providers.media.module is an APK in APEX, but has permission allowlist on the system image. Please bundle the allowlist in the com.android.mediaprovider APEX instead.
05-19 19:27:20.836  1244  1244 W PackageManager: Package com.android.providers.media.module is an APK in APEX, but has permission allowlist on the system image. Please bundle the allowlist in the com.android.mediaprovider APEX instead.
05-19 19:27:20.836  1244  1244 W PackageManager: Package com.android.providers.media.module is an APK in APEX, but has permission allowlist on the system image. Please bundle the allowlist in the com.android.mediaprovider APEX instead.
05-19 19:27:20.836  1244  1244 W PackageManager: Package com.android.providers.media.module is an APK in APEX, but has permission allowlist on the system image. Please bundle the allowlist in the com.android.mediaprovider APEX instead.
05-19 19:27:20.842  1244  1244 V PackageManager: Changing enabled state of com.google.android.gms/com.google.android.gms.nearby.messages.service.NearbyMessagesService to false
05-19 19:27:20.843  1244  1244 V PackageManager: Changing enabled state of com.google.android.gms/com.google.android.gms.nearby.discovery.service.DiscoveryService to false
05-19 19:27:20.843  1244  1244 V PackageManager: Changing enabled state of com.android.vending/com.google.android.finsky.systemupdate.SystemUpdateSettingsContentProvider to false
05-19 19:27:20.843  1244  1244 W PackageManager: Unable to change enabled state of com.android.vending/com.google.android.finsky.systemupdate.SystemUpdateSettingsContentProvider to false
05-19 19:27:20.843  1244  1244 V PackageManager: Changing enabled state of com.android.vending/com.google.android.finsky.systemupdateactivity.SettingsSecurityEntryPoint to false
05-19 19:27:20.843  1244  1244 W PackageManager: Unable to change enabled state of com.android.vending/com.google.android.finsky.systemupdateactivity.SettingsSecurityEntryPoint to false
05-19 19:27:20.843  1244  1244 V PackageManager: Changing enabled state of com.android.vending/com.google.android.finsky.systemupdateactivity.SystemUpdateActivity to false
05-19 19:27:20.843  1244  1244 V PackageManager: Changing enabled state of com.google.android.gms/com.google.android.gms.update.OtaSuggestionActivity to false
05-19 19:27:20.843  1244  1244 V PackageManager: Changing enabled state of com.google.android.gms/com.google.android.gms.update.OtaSuggestionSummaryProvider to false
05-19 19:27:20.843  1244  1244 V PackageManager: Changing enabled state of com.google.android.gms/com.google.android.gms.update.SystemUpdateActivity to false
05-19 19:27:20.843  1244  1244 V PackageManager: Changing enabled state of com.google.android.gms/com.google.android.gms.chimera.GmsIntentOperationService$GmsExternalReceiver to false
05-19 19:27:20.843  1244  1244 V PackageManager: Changing enabled state of com.google.android.gms/com.google.android.gms.update.control.NotificationControl to false
05-19 19:27:20.843  1244  1244 W PackageManager: Unable to change enabled state of com.google.android.gms/com.google.android.gms.update.control.NotificationControl to false
05-19 19:27:20.844  1244  1244 V PackageManager: Changing enabled state of com.google.android.gms/com.google.android.gms.update.phone.PopupDialog to false
05-19 19:27:20.844  1244  1244 V PackageManager: Changing enabled state of com.google.android.gms/com.google.android.gms.update.SystemUpdateGcmTaskService to false
05-19 19:27:20.844  1244  1244 V PackageManager: Changing enabled state of com.google.android.gms/com.google.android.gms.update.SystemUpdatePersistentListenerService to false
05-19 19:27:20.844  1244  1244 V PackageManager: Changing enabled state of com.google.android.gms/com.google.android.gms.update.SystemUpdateService to false
05-19 19:27:20.844  1244  1244 V PackageManager: Changing enabled state of com.google.android.gms/com.google.android.gms.update.SystemUpdateService.ActiveReceiver to false
05-19 19:27:20.844  1244  1244 W PackageManager: Unable to change enabled state of com.google.android.gms/com.google.android.gms.update.SystemUpdateService.ActiveReceiver to false
05-19 19:27:20.844  1244  1244 V PackageManager: Changing enabled state of com.google.android.gms/com.google.android.gms.update.SystemUpdateService.Receiver to false
05-19 19:27:20.844  1244  1244 W PackageManager: Unable to change enabled state of com.google.android.gms/com.google.android.gms.update.SystemUpdateService.Receiver to false
05-19 19:27:20.844  1244  1244 V PackageManager: Changing enabled state of com.google.android.gms/com.google.android.gms.update.SystemUpdateService.SecretCodeReceiver to false
05-19 19:27:20.844  1244  1244 W PackageManager: Unable to change enabled state of com.google.android.gms/com.google.android.gms.update.SystemUpdateService.SecretCodeReceiver to false
05-19 19:27:20.844  1244  1244 V PackageManager: Changing enabled state of com.google.android.as/com.google.intelligence.sense.ambientmusic.AmbientMusicSettingsActivity to false
05-19 19:27:20.844  1244  1244 V PackageManager: Changing enabled state of com.google.android.as/com.google.intelligence.sense.ambientmusic.history.HistoryActivity to false
05-19 19:27:20.844  1244  1244 V PackageManager: Changing enabled state of com.google.android.as/com.google.intelligence.sense.ambientmusic.AmbientMusicSetupWizardActivity to false
05-19 19:27:20.844  1244  1244 V PackageManager: Changing enabled state of com.google.android.as/com.google.intelligence.sense.ambientmusic.AmbientMusicNotificationsSettingsActivity to false
05-19 19:27:20.844  1244  1244 V PackageManager: Changing enabled state of com.google.android.as/com.google.intelligence.sense.ambientmusic.history.AddShortcutActivity to false
05-19 19:27:20.844  1244  1244 V PackageManager: Changing enabled state of com.google.android.as/com.google.intelligence.sense.ambientmusic.history.HistoryContentProvider to false
05-19 19:27:20.844  1244  1244 V PackageManager: Changing enabled state of com.google.android.setupwizard/com.google.android.setupwizard.update.OtaUpdateActivity to false
05-19 19:27:20.844  1244  1244 V PackageManager: reconcileAppsData for null u0 0x1 migrateAppData=true
05-19 19:27:20.895  1244  1244 V PackageManager: reconcileAppsData finished 26 packages
05-19 19:27:20.895  1244  1244 D PackageManagerTiming: write settings
05-19 19:27:20.895  1244  1309 D SystemServerTimingAsync: InitThreadPoolExec:prepareAppData
05-19 19:27:21.046  1244  1244 I commit_sys_config_file: [package-user-0,56]
05-19 19:27:21.046  1244  1244 I commit_sys_config_file: [package,150]
05-19 19:27:21.046  1244  1244 I boot_progress_pms_ready: 14144
05-19 19:27:21.061  1244  1244 D PackageManagerTiming: GC
05-19 19:27:21.061  1244  1244 I PackageManager: Fix for b/169414761 is applied
05-19 19:27:21.061  1244  1244 V UserSystemPackageInstaller: Checking that all system packages are whitelisted.
05-19 19:27:21.070  1244  1244 W UserSystemPackageInstaller: checkWhitelistedSystemPackages(mode=d) has 8 warnings:
05-19 19:27:21.070  1244  1244 W UserSystemPackageInstaller: com.android.wallpapercropper is allowlisted but not present.
05-19 19:27:21.070  1244  1244 W UserSystemPackageInstaller: com.android.internal.systemui.onehanded.gestural is allowlisted but not present.
05-19 19:27:21.070  1244  1244 W UserSystemPackageInstaller: com.android.theme.icon_pack.circular.themepicker is allowlisted but not present.
05-19 19:27:21.070  1244  1244 W UserSystemPackageInstaller: com.android.theme.icon_pack.kai.themepicker is allowlisted but not present.
05-19 19:27:21.070  1244  1244 W UserSystemPackageInstaller: com.android.theme.icon_pack.rounded.themepicker is allowlisted but not present.
05-19 19:27:21.070  1244  1244 W UserSystemPackageInstaller: com.android.theme.icon_pack.filled.themepicker is allowlisted but not present.
05-19 19:27:21.070  1244  1244 W UserSystemPackageInstaller: com.android.theme.icon_pack.victor.themepicker is allowlisted but not present.
05-19 19:27:21.070  1244  1244 W UserSystemPackageInstaller: com.android.theme.icon_pack.sam.themepicker is allowlisted but not present.
05-19 19:27:21.072  1244  1244 I Watchdog: Resuming HandlerChecker: main thread for reason: packagemanagermain. Pause count: 0
05-19 19:27:21.072  1244  1244 I SystemServerDexLoadReporter: Configuring system server dex reporter
05-19 19:27:21.078  1244  1244 D SystemServerTiming: StartOtaDexOptService
05-19 19:27:21.078  1244  1244 I Watchdog: Pausing HandlerChecker: main thread for reason: moveab. Pause count: 1
05-19 19:27:21.079  1244  1244 D OTADexopt: No upgrade, skipping A/B artifacts check.
05-19 19:27:21.079  1244  1244 I Watchdog: Resuming HandlerChecker: main thread for reason: moveab. Pause count: 0
05-19 19:27:21.079  1244  1244 D SystemServerTiming: StartUserManagerService
05-19 19:27:21.079  1244  1244 I SystemServiceManager: Starting com.android.server.pm.UserManagerService$LifeCycle
05-19 19:27:21.080  1244  1244 D SystemServerTiming: InitAttributerCache
05-19 19:27:21.080  1244  1244 D SystemServerTiming: SetSystemProcess
05-19 19:27:21.090  1244  1244 I am_uid_running: 1000
05-19 19:27:21.091  1244  1279 I ActivityManager: Connection with lmkd established
05-19 19:27:21.092  1244  1244 I am_uid_active: 1000
05-19 19:27:21.093  1244  1244 D CompatibilityChangeReporter: Compat change id reported: 161145287; UID 1000; state: DISABLED
05-19 19:27:21.094  1244  1244 D SystemServerTiming: InitWatchdog
05-19 19:27:21.094  1244  1244 D SystemServerTiming: StartOverlayManagerService
05-19 19:27:21.098  1244  1257 V HistoricalRegistry: Interaction before persistence initialized
05-19 19:27:21.098  1244  1258 V HistoricalRegistry: Interaction before persistence initialized
05-19 19:27:21.962  1244  1244 I commit_sys_config_file: [overlays,6]
05-19 19:27:22.028  1244  1244 D SystemServerTiming: StartResourcesManagerService
05-19 19:27:22.030  1244  1244 D SystemServerTiming: StartSensorPrivacyService
05-19 19:27:22.031  1244  1265 W ActivityTaskManager: Skip updateConfiguration because mWindowManager isn't set
05-19 19:27:22.033  1244  1244 D SystemServerTiming: StartSensorService
05-19 19:27:22.033  1244  1244 I SystemServiceManager: Starting com.android.server.sensors.SensorService
05-19 19:27:22.034  1244  1244 D SystemServerTiming: startCoreServices
05-19 19:27:22.034  1244  1244 D SystemServerTiming: StartSystemConfigService
05-19 19:27:22.034  1244  1244 I SystemServiceManager: Starting com.android.server.SystemConfigService
05-19 19:27:22.034  1244  1315 D SystemServerTimingAsync: InitThreadPoolExec:StartNativeSensorService
05-19 19:27:22.034  1244  1315 D SystemServerTimingAsync: StartNativeSensorService
05-19 19:27:22.035  1244  1244 D SystemServerTiming: StartBatteryService
05-19 19:27:22.035  1244  1244 I SystemServiceManager: Starting com.android.server.BatteryService
05-19 19:27:22.043  1244  1273 I battery_status: [3,2,1,0,Li-ion]
05-19 19:27:22.043  1244  1273 I battery_level: [35,3584,416]
05-19 19:27:22.048  1244  1244 I HealthServiceWrapperHidl: health: HealthServiceWrapper listening to instance default
05-19 19:27:22.049  1244  1244 I BatteryService: health: Waited 0ms and received the update.
05-19 19:27:22.051  1244  1244 D SystemServerTiming: StartUsageService
05-19 19:27:22.051  1244  1244 I SystemServiceManager: Starting com.android.server.usage.UsageStatsService
05-19 19:27:22.063  1244  1244 D SystemServerTiming: StartWebViewUpdateService
05-19 19:27:22.063  1244  1244 I SystemServiceManager: Starting com.android.server.webkit.WebViewUpdateService
05-19 19:27:22.066  1244  1244 D SystemServerTiming: StartCachedDeviceStateService
05-19 19:27:22.066  1244  1244 I SystemServiceManager: Starting com.android.server.CachedDeviceStateService
05-19 19:27:22.066  1244  1244 D SystemServerTiming: StartBinderCallsStatsService
05-19 19:27:22.066  1244  1244 I SystemServiceManager: Starting com.android.server.BinderCallsStatsService$LifeCycle
05-19 19:27:22.067  1244  1244 D SystemServerTiming: StartLooperStatsService
05-19 19:27:22.067  1244  1244 I SystemServiceManager: Starting com.android.server.LooperStatsService$Lifecycle
05-19 19:27:22.069  1244  1244 D SystemServerTiming: StartRollbackManagerService
05-19 19:27:22.069  1244  1244 I SystemServiceManager: Starting com.android.server.rollback.RollbackManagerService
05-19 19:27:22.069  1244  1315 V HistoricalRegistry: Interaction before persistence initialized
05-19 19:27:22.073  1244  1244 I PackageWatchdog: Syncing state, reason: added new observer
05-19 19:27:22.073  1244  1244 I PackageWatchdog: Not pruning observers, elapsed time: 0ms
05-19 19:27:22.078  1244  1244 D SystemServerTiming: StartNativeTombstoneManagerService
05-19 19:27:22.078  1244  1244 I SystemServiceManager: Starting com.android.server.os.NativeTombstoneManagerService
05-19 19:27:22.079  1244  1244 D SystemServerTiming: StartBugreportManagerService
05-19 19:27:22.079  1244  1244 I SystemServiceManager: Starting com.android.server.os.BugreportManagerService
05-19 19:27:22.080  1244  1244 D SystemServerTiming: GpuService
05-19 19:27:22.080  1244  1244 I SystemServiceManager: Starting com.android.server.gpu.GpuService
05-19 19:27:22.080  1244  1244 D SystemServerTiming: startOtherServices
05-19 19:27:22.081  1244  1244 D SystemServerTiming: StartKeyAttestationApplicationIdProviderService
05-19 19:27:22.081  1244  1327 D SystemServerTimingAsync: InitThreadPoolExec:SecondaryZygotePreload
05-19 19:27:22.081  1244  1327 I SystemServer: SecondaryZygotePreload
05-19 19:27:22.081  1244  1327 D SystemServerTimingAsync: SecondaryZygotePreload
05-19 19:27:22.082  1244  1244 D SystemServerTiming: StartKeyChainSystemService
05-19 19:27:22.082  1244  1244 I SystemServiceManager: Starting com.android.server.security.KeyChainSystemService
05-19 19:27:22.082  1244  1244 D SystemServerTiming: StartBinaryTransparencyService
05-19 19:27:22.082  1244  1244 I SystemServiceManager: Starting com.android.server.BinaryTransparencyService
05-19 19:27:22.084  1244  1244 I TransparencyService: Started BinaryTransparencyService
05-19 19:27:22.084  1244  1244 D SystemServerTiming: StartSchedulingPolicyService
05-19 19:27:22.085  1244  1328 D SystemServerTimingAsync: InitThreadPoolExec:SchedulingPolicyService.<init>
05-19 19:27:22.086  1244  1244 D SystemServerTiming: StartTelecomLoaderService
05-19 19:27:22.086  1244  1244 I SystemServiceManager: Starting com.android.server.telecom.TelecomLoaderService
05-19 19:27:22.086  1244  1244 D SystemServerTiming: StartTelephonyRegistry
05-19 19:27:22.089  1244  1244 D SystemServerTiming: StartEntropyMixer
05-19 19:27:22.090  1244  1244 I EntropyMixer: Loaded existing seed file
05-19 19:27:22.091  1244  1274 I PackageWatchdog: Saving observer state to file
05-19 19:27:22.094  1244  1244 I EntropyMixer: Updated seed file
05-19 19:27:22.095  1244  1244 D SystemServerTiming: StartAccountManagerService
05-19 19:27:22.095  1244  1244 I SystemServiceManager: Starting com.android.server.accounts.AccountManagerService$Lifecycle
05-19 19:27:22.098  1244  1244 D SystemServerTiming: StartContentService
05-19 19:27:22.098  1244  1244 I SystemServiceManager: Starting com.android.server.content.ContentService$Lifecycle
05-19 19:27:22.099  1244  1244 D SystemServerTiming: InstallSystemProviders
05-19 19:27:22.143  1244  1309 W PackageManager: Skipping preparing app data for com.android.sdksandbox
05-19 19:27:22.184  1244  1244 W ActivityManager: cgroup.freeze not present
05-19 19:27:22.184  1244  1275 D ActivityManager: Freezer disabled
05-19 19:27:22.191  1244  1244 D SystemServerTiming: UpdateWatchdogTimeout
05-19 19:27:22.191  1244  1244 I Watchdog: Watchdog timeout updated to 60000 millis
05-19 19:27:22.192  1244  1244 D SystemServerTiming: StartDropBoxManager
05-19 19:27:22.192  1244  1244 I SystemServiceManager: Starting com.android.server.DropBoxManagerService
05-19 19:27:22.193  1244  1244 D SystemServerTiming: StartRoleManagerService
05-19 19:27:22.194  1244  1244 I SystemServiceManager: Starting com.android.role.RoleService
05-19 19:27:22.199  1244  1244 D SystemServerTiming: StartVibratorManagerService
05-19 19:27:22.199  1244  1244 I SystemServiceManager: Starting com.android.server.vibrator.VibratorManagerService$Lifecycle
05-19 19:27:22.210  1244  1244 D SystemServerTiming: StartDynamicSystemService
05-19 19:27:22.211  1244  1244 D SystemServerTiming: StartConsumerIrService
05-19 19:27:22.216  1244  1244 D SystemServerTiming: StartResourceEconomy
05-19 19:27:22.216  1244  1244 I SystemServiceManager: Starting com.android.server.tare.InternalResourceService
05-19 19:27:22.221  1244  1244 D SystemServerTiming: StartAlarmManagerService
05-19 19:27:22.221  1244  1244 I SystemServiceManager: Starting com.android.server.alarm.AlarmManagerService
05-19 19:27:22.229  1244  1244 D SystemServerTiming: StartInputManagerService
05-19 19:27:22.235  1244  1244 I InputManager: Initializing input manager, mUseDevInputEventForAudioJack=true
05-19 19:27:22.235  1244  1244 D SystemServerTiming: DeviceStateManagerService
05-19 19:27:22.235  1244  1244 I SystemServiceManager: Starting com.android.server.devicestate.DeviceStateManagerService
05-19 19:27:22.242  1244  1244 D SystemServerTiming: StartCameraServiceProxy
05-19 19:27:22.242  1244  1244 I SystemServiceManager: Starting com.android.server.camera.CameraServiceProxy
05-19 19:27:22.245  1244  1244 D SystemServerTiming: StartWindowManagerService
05-19 19:27:22.245  1244  1244 I SystemServiceManager: Starting phase 200
05-19 19:27:22.245  1244  1244 D SystemServerTiming: OnBootPhase_200
05-19 19:27:22.245  1244  1244 D SystemServerTiming: OnBootPhase_200_com.android.server.security.FileIntegrityService
05-19 19:27:22.245  1244  1244 D SystemServerTiming: OnBootPhase_200_com.android.server.pm.Installer
05-19 19:27:22.245  1244  1244 D SystemServerTiming: OnBootPhase_200_com.android.server.os.DeviceIdentifiersPolicyService
05-19 19:27:22.245  1244  1244 D SystemServerTiming: OnBootPhase_200_com.android.server.uri.UriGrantsManagerService$Lifecycle
05-19 19:27:22.245  1244  1244 D SystemServerTiming: OnBootPhase_200_com.android.server.powerstats.PowerStatsService
05-19 19:27:22.245  1244  1244 D SystemServerTiming: OnBootPhase_200_com.android.server.wm.ActivityTaskManagerService$Lifecycle
05-19 19:27:22.245  1244  1244 D SystemServerTiming: OnBootPhase_200_com.android.server.am.ActivityManagerService$Lifecycle
05-19 19:27:22.245  1244  1244 D SystemServerTiming: OnBootPhase_200_com.android.server.pm.DataLoaderManagerService
05-19 19:27:22.245  1244  1244 D SystemServerTiming: OnBootPhase_200_com.android.server.power.PowerManagerService
05-19 19:27:22.245  1244  1244 D SystemServerTiming: OnBootPhase_200_com.android.server.power.ThermalManagerService
05-19 19:27:22.245  1244  1244 D SystemServerTiming: OnBootPhase_200_com.android.server.power.hint.HintManagerService
05-19 19:27:22.245  1244  1244 D SystemServerTiming: OnBootPhase_200_com.android.server.recoverysystem.RecoverySystemService$Lifecycle
05-19 19:27:22.246  1244  1244 D SystemServerTiming: OnBootPhase_200_com.android.server.lights.LightsService
05-19 19:27:22.246  1244  1244 D SystemServerTiming: OnBootPhase_200_com.android.server.display.DisplayManagerService
05-19 19:27:22.246  1244  1244 D SystemServerTiming: OnBootPhase_200_com.android.server.pm.verify.domain.DomainVerificationService
05-19 19:27:22.246  1244  1244 D SystemServerTiming: OnBootPhase_200_com.android.server.pm.PackageInstallerService$Lifecycle
05-19 19:27:22.246  1244  1244 D SystemServerTiming: OnBootPhase_200_com.android.server.pm.UserManagerService$LifeCycle
05-19 19:27:22.246  1244  1244 D SystemServerTiming: OnBootPhase_200_com.android.server.om.OverlayManagerService
05-19 19:27:22.246  1244  1244 D SystemServerTiming: OnBootPhase_200_com.android.server.resources.ResourcesManagerService
05-19 19:27:22.246  1244  1244 D SystemServerTiming: OnBootPhase_200_com.android.server.sensorprivacy.SensorPrivacyService
05-19 19:27:22.246  1244  1244 D SystemServerTiming: OnBootPhase_200_com.android.server.sensors.SensorService
05-19 19:27:22.246  1244  1244 D SystemServerTiming: OnBootPhase_200_com.android.server.SystemConfigService
05-19 19:27:22.246  1244  1244 D SystemServerTiming: OnBootPhase_200_com.android.server.BatteryService
05-19 19:27:22.246  1244  1244 D SystemServerTiming: OnBootPhase_200_com.android.server.usage.UsageStatsService
05-19 19:27:22.246  1244  1244 D SystemServerTiming: OnBootPhase_200_com.android.server.webkit.WebViewUpdateService
05-19 19:27:22.246  1244  1244 D SystemServerTiming: OnBootPhase_200_com.android.server.CachedDeviceStateService
05-19 19:27:22.246  1244  1244 D SystemServerTiming: OnBootPhase_200_com.android.server.BinderCallsStatsService$LifeCycle
05-19 19:27:22.246  1244  1244 D SystemServerTiming: OnBootPhase_200_com.android.server.LooperStatsService$Lifecycle
05-19 19:27:22.246  1244  1244 D SystemServerTiming: OnBootPhase_200_com.android.server.rollback.RollbackManagerService
05-19 19:27:22.246  1244  1244 D SystemServerTiming: OnBootPhase_200_com.android.server.os.NativeTombstoneManagerService
05-19 19:27:22.246  1244  1244 D SystemServerTiming: OnBootPhase_200_com.android.server.os.BugreportManagerService
05-19 19:27:22.246  1244  1244 D SystemServerTiming: OnBootPhase_200_com.android.server.gpu.GpuService
05-19 19:27:22.246  1244  1244 D SystemServerTiming: OnBootPhase_200_com.android.server.security.KeyChainSystemService
05-19 19:27:22.246  1244  1244 D SystemServerTiming: OnBootPhase_200_com.android.server.BinaryTransparencyService
05-19 19:27:22.246  1244  1244 D SystemServerTiming: OnBootPhase_200_com.android.server.telecom.TelecomLoaderService
05-19 19:27:22.246  1244  1244 D SystemServerTiming: OnBootPhase_200_com.android.server.accounts.AccountManagerService$Lifecycle
05-19 19:27:22.246  1244  1244 D SystemServerTiming: OnBootPhase_200_com.android.server.content.ContentService$Lifecycle
05-19 19:27:22.246  1244  1244 D SystemServerTiming: OnBootPhase_200_com.android.server.DropBoxManagerService
05-19 19:27:22.246  1244  1244 D SystemServerTiming: OnBootPhase_200_com.android.role.RoleService
05-19 19:27:22.246  1244  1244 D SystemServerTiming: OnBootPhase_200_com.android.server.vibrator.VibratorManagerService$Lifecycle
05-19 19:27:22.246  1244  1244 D SystemServerTiming: OnBootPhase_200_com.android.server.tare.InternalResourceService
05-19 19:27:22.246  1244  1244 D SystemServerTiming: OnBootPhase_200_com.android.server.alarm.AlarmManagerService
05-19 19:27:22.246  1244  1244 D SystemServerTiming: OnBootPhase_200_com.android.server.devicestate.DeviceStateManagerService
05-19 19:27:22.246  1244  1244 D SystemServerTiming: OnBootPhase_200_com.android.server.camera.CameraServiceProxy
05-19 19:27:22.247  1244  1244 I WindowManager: No existing display settings, starting empty
05-19 19:27:22.272  1244  1244 D SystemServerTiming: SetWindowManagerService
05-19 19:27:22.315  1244  1244 I ActivityTaskManager: Loaded persisted task ids for user 0
05-19 19:27:22.316  1244  1244 I wm_task_created: [1,-1]
05-19 19:27:22.318  1244  1244 D SystemServerTiming: WindowManagerServiceOnInitReady
05-19 19:27:22.416  1244  1330 I commit_sys_config_file: [settings-4-0,30]
05-19 19:27:22.429  1244  1268 I sysui_multi_action: [757,1594,758,4,759,0,806,NULL]
05-19 19:27:22.639   444   466 I keystore2: keystore2::watchdog: Watchdog thread idle -> terminating. Have a great day.
05-19 19:27:22.799  1244  1309 I PackageManager: Deferred reconcileAppsData finished 558 packages
05-19 19:27:22.813  1244  1266 W Looper  : Slow dispatch took 493ms android.ui h=android.os.Handler c=android.os.Handler$BlockingRunnable@7bf652e m=0
05-19 19:27:22.813  1244  1266 W Looper  : Slow delivery took 483ms android.ui h=com.android.server.policy.PhoneWindowManager$PolicyHandler c=android.hardware.camera2.CameraManager$CameraManagerGlobal$$ExternalSyntheticLambda2@ce648cf m=0
05-19 19:27:22.813  1244  1266 W Looper  : Drained
05-19 19:27:22.813  1244  1244 D SystemServerTiming: StartInputManager
05-19 19:27:22.813  1244  1244 I InputManager: Starting input manager
05-19 19:27:22.814  1244  1344 D SystemServerTimingAsync: InitThreadPoolExec:StartHidlServices
05-19 19:27:22.814  1244  1344 D SystemServerTimingAsync: StartHidlServices
05-19 19:27:22.819  1244  1244 D SystemServerTiming: DisplayManagerWindowManagerAndInputReady
05-19 19:27:22.819  1244  1244 D SystemServerTiming: StartBluetoothService
05-19 19:27:22.826  1244  1244 I SystemServiceManager: Starting com.android.server.bluetooth.BluetoothService
05-19 19:27:22.834  1244  1244 D SystemServerTiming: IpConnectivityMetrics
05-19 19:27:22.834  1244  1244 I SystemServiceManager: Starting com.android.server.connectivity.IpConnectivityMetrics
05-19 19:27:22.834  1244  1244 D SystemServerTiming: NetworkWatchlistService
05-19 19:27:22.834  1244  1244 I SystemServiceManager: Starting com.android.server.net.watchlist.NetworkWatchlistService$Lifecycle
05-19 19:27:22.838  1244  1244 I WatchlistSettings: Reload watchlist settings done
05-19 19:27:22.839  1244  1348 I WatchlistLoggingHandler: No need to aggregate record yet.
05-19 19:27:22.839  1244  1348 I WatchlistLoggingHandler: Milliseconds spent on tryAggregateRecords(): 0
05-19 19:27:22.841  1244  1244 D SystemServerTiming: PinnerService
05-19 19:27:22.841  1244  1244 I SystemServiceManager: Starting com.android.server.PinnerService
05-19 19:27:22.842  1244  1244 V HistoricalRegistry: Interaction before persistence initialized
05-19 19:27:22.844  1244  1244 D SystemServerTiming: SignedConfigService
05-19 19:27:22.844  1244  1274 D PinnerService: pinRangeStream: null
05-19 19:27:22.845  1244  1244 D SystemServerTiming: AppIntegrityService
05-19 19:27:22.845  1244  1244 I SystemServiceManager: Starting com.android.server.integrity.AppIntegrityManagerService
05-19 19:27:22.847  1244  1274 D PinnerService: pinRangeStream: null
05-19 19:27:22.847  1244  1244 E IntegrityFileManager: Error creating staging and rules directory
05-19 19:27:22.853  1244  1244 D SystemServerTiming: StartLogcatManager
05-19 19:27:22.853  1244  1244 I SystemServiceManager: Starting com.android.server.logcat.LogcatManagerService
05-19 19:27:22.856  1244  1274 D PinnerService: pinRangeStream: null
05-19 19:27:22.856  1244  1244 D SystemServerTiming: LineageGlobalActionsService
05-19 19:27:22.856  1244  1244 I SystemServiceManager: Starting com.android.server.derp.LineageGlobalActionsService
05-19 19:27:22.856  1244  1274 D PinnerService: pinRangeStream: null
05-19 19:27:22.857  1244  1274 D PinnerService: pinRangeStream: null
05-19 19:27:22.861  1244  1244 I WindowManager: SAFE MODE not enabled
05-19 19:27:22.861  1244  1244 D SystemServerTiming: StartInputMethodManagerLifecycle
05-19 19:27:22.861  1244  1244 I SystemServiceManager: Starting com.android.server.inputmethod.InputMethodManagerService$Lifecycle
05-19 19:27:22.870  1244  1274 D PinnerService: pinRangeStream: null
05-19 19:27:22.876  1244  1244 D SystemServerTiming: StartAccessibilityManagerService
05-19 19:27:22.876  1244  1244 I SystemServiceManager: Starting com.android.server.accessibility.AccessibilityManagerService$Lifecycle
05-19 19:27:22.883  1244  1274 D PinnerService: pinRangeStream: null
05-19 19:27:22.883  1244  1244 D SystemServerTiming: MakeDisplayReady
05-19 19:27:22.883  1244  1274 D PinnerService: pinRangeStream: null
05-19 19:27:22.887  1244  1244 I configuration_changed: 536894968
05-19 19:27:22.887  1244  1244 I ActivityTaskManager: Config changes=20005df8 {1.0 ?mcc?mnc [en_IN] ldltr sw400dp w400dp h852dp 432dpi nrml long port ?uimode ?night -touch -keyb/h/h -nav/h winConfig={ mBounds=Rect(0, 0 - 1080, 2400) mAppBounds=Rect(0, 100 - 1080, 2400) mMaxBounds=Rect(0, 0 - 1080, 2400) mDisplayRotation=ROTATION_0 mWindowingMode=fullscreen mDisplayWindowingMode=fullscreen mActivityType=undefined mAlwaysOnTop=undefined mRotation=ROTATION_0} s.2 ?fontWeightAdjustment}
05-19 19:27:22.889  1244  1274 D PinnerService: pinRangeStream: null
05-19 19:27:22.891  1244  1274 D PinnerService: pinRangeStream: null
05-19 19:27:22.892  1244  1274 D PinnerService: pinRangeStream: null
05-19 19:27:22.892  1244  1244 I WindowManager: Override config changes=60007dfc {1.0 ?mcc?mnc [en_IN] ldltr sw400dp w400dp h852dp 432dpi nrml long port ?uimode ?night -touch -keyb/h/h -nav/h winConfig={ mBounds=Rect(0, 0 - 1080, 2400) mAppBounds=Rect(0, 100 - 1080, 2400) mMaxBounds=Rect(0, 0 - 1080, 2400) mDisplayRotation=ROTATION_0 mWindowingMode=fullscreen mDisplayWindowingMode=fullscreen mActivityType=undefined mAlwaysOnTop=undefined mRotation=ROTATION_0} s.2 ?fontWeightAdjustment} for displayId=0
05-19 19:27:22.893  1244  1274 D PinnerService: pinRangeStream: null
05-19 19:27:22.894  1244  1244 I sysui_multi_action: [757,1659,758,4,759,1,1660,0]
05-19 19:27:22.894  1244  1274 D PinnerService: pinRangeStream: null
05-19 19:27:22.894  1244  1274 D PinnerService: pinRangeStream: null
05-19 19:27:22.895  1244  1274 D PinnerService: pinRangeStream: null
05-19 19:27:22.895  1244  1244 I DisplayDevice: [0] Layerstack set to 0 for local:0
05-19 19:27:22.896  1244  1274 E PinnerService: Could not pin file /system_ext/priv-app/SystemUI/SystemUI.apk
05-19 19:27:22.896  1244  1274 E PinnerService: android.system.ErrnoException: open failed: ENOENT (No such file or directory)
05-19 19:27:22.896  1244  1274 E PinnerService: 	at libcore.io.Linux.open(Native Method)
05-19 19:27:22.896  1244  1274 E PinnerService: 	at libcore.io.ForwardingOs.open(ForwardingOs.java:563)
05-19 19:27:22.896  1244  1274 E PinnerService: 	at libcore.io.BlockGuardOs.open(BlockGuardOs.java:274)
05-19 19:27:22.896  1244  1274 E PinnerService: 	at android.system.Os.open(Os.java:494)
05-19 19:27:22.896  1244  1274 E PinnerService: 	at com.android.server.PinnerService.pinFileRanges(PinnerService.java:975)
05-19 19:27:22.896  1244  1274 E PinnerService: 	at com.android.server.PinnerService.pinFile(PinnerService.java:850)
05-19 19:27:22.896  1244  1274 E PinnerService: 	at com.android.server.PinnerService.handlePinOnStart(PinnerService.java:305)
05-19 19:27:22.896  1244  1274 E PinnerService: 	at com.android.server.PinnerService.-$$Nest$mhandlePinOnStart(Unknown Source:0)
05-19 19:27:22.896  1244  1274 E PinnerService: 	at com.android.server.PinnerService$PinnerHandler.handleMessage(PinnerService.java:1219)
05-19 19:27:22.896  1244  1274 E PinnerService: 	at android.os.Handler.dispatchMessage(Handler.java:106)
05-19 19:27:22.896  1244  1274 E PinnerService: 	at android.os.Looper.loopOnce(Looper.java:201)
05-19 19:27:22.896  1244  1274 E PinnerService: 	at android.os.Looper.loop(Looper.java:288)
05-19 19:27:22.896  1244  1274 E PinnerService: 	at android.os.HandlerThread.run(HandlerThread.java:67)
05-19 19:27:22.896  1244  1274 E PinnerService: Failed to pin file = /system_ext/priv-app/SystemUI/SystemUI.apk
05-19 19:27:22.896  1244  1274 D PinnerService: pinRangeStream: null
05-19 19:27:22.896  1244  1274 E PinnerService: Could not pin file /system_ext/priv-app/SystemUI/oat/arm64/SystemUI.odex
05-19 19:27:22.896  1244  1274 E PinnerService: android.system.ErrnoException: open failed: ENOENT (No such file or directory)
05-19 19:27:22.896  1244  1274 E PinnerService: 	at libcore.io.Linux.open(Native Method)
