05-19 10:48:54.219   388   388 I hwservicemanager: Since android.hardware.biometrics.fingerprint@2.1::IBiometricsFingerprint/default is not registered, trying to start it as a lazy HAL.
05-19 10:48:54.220  1240  3485 W Fingerprint21: 	at android.hardware.biometrics.fingerprint.V2_1.IBiometricsFingerprint.getService(IBiometricsFingerprint.java:74)
05-19 10:48:54.220  1240  3485 W Fingerprint21: 	at android.hardware.biometrics.fingerprint.V2_1.IBiometricsFingerprint.getService(IBiometricsFingerprint.java:84)
05-19 10:48:54.220  1240  3485 W Fingerprint21: 	at com.android.server.biometrics.sensors.fingerprint.hidl.Fingerprint21.getDaemon(Fingerprint21.java:422)
05-19 10:48:54.220  1240  3485 W Fingerprint21: 	at com.android.server.biometrics.sensors.fingerprint.hidl.Fingerprint21.isHardwareDetected(Fingerprint21.java:775)
05-19 10:48:54.220  1240  3485 W Fingerprint21: 	at com.android.server.biometrics.sensors.fingerprint.FingerprintService$FingerprintServiceWrapper.isHardwareDetectedDeprecated(FingerprintService.java:683)
05-19 10:48:54.220  1240  3485 W Fingerprint21: 	at android.hardware.fingerprint.IFingerprintService$Stub.onTransact(IFingerprintService.java:689)
05-19 10:48:54.222   388  5524 W libc    : Unable to set property "ctl.interface_start" to "android.hardware.biometrics.fingerprint@2.1::IBiometricsFingerprint/default": error code: 0x20
05-19 10:48:54.223   388  5524 I hwservicemanager: Tried to start android.hardware.biometrics.fingerprint@2.1::IBiometricsFingerprint/default as a lazy service, but was unable to. Usually this happens when a service is not installed, but if the service is intended to be used as a lazy service, then it may be configured incorrectly.
05-19 10:48:54.223   388   388 I hwservicemanager: Since android.hardware.biometrics.fingerprint@2.1::IBiometricsFingerprint/default is not registered, trying to start it as a lazy HAL.
05-19 10:48:54.224  1240  3492 W Fingerprint21: 	at android.hardware.biometrics.fingerprint.V2_1.IBiometricsFingerprint.getService(IBiometricsFingerprint.java:74)
05-19 10:48:54.224  1240  3492 W Fingerprint21: 	at android.hardware.biometrics.fingerprint.V2_1.IBiometricsFingerprint.getService(IBiometricsFingerprint.java:84)
05-19 10:48:54.224  1240  3492 W Fingerprint21: 	at com.android.server.biometrics.sensors.fingerprint.hidl.Fingerprint21.getDaemon(Fingerprint21.java:422)
05-19 10:48:54.224  1240  3492 W Fingerprint21: 	at com.android.server.biometrics.sensors.fingerprint.hidl.Fingerprint21.isHardwareDetected(Fingerprint21.java:775)
05-19 10:48:54.224  1240  3492 W Fingerprint21: 	at com.android.server.biometrics.sensors.fingerprint.FingerprintService$FingerprintServiceWrapper.isHardwareDetectedDeprecated(FingerprintService.java:683)
05-19 10:48:54.224  1240  3492 W Fingerprint21: 	at android.hardware.fingerprint.IFingerprintService$Stub.onTransact(IFingerprintService.java:689)
05-19 10:48:54.225   388  5525 W libc    : Unable to set property "ctl.interface_start" to "android.hardware.biometrics.fingerprint@2.1::IBiometricsFingerprint/default": error code: 0x20
05-19 10:48:54.225   388  5525 I hwservicemanager: Tried to start android.hardware.biometrics.fingerprint@2.1::IBiometricsFingerprint/default as a lazy service, but was unable to. Usually this happens when a service is not installed, but if the service is intended to be used as a lazy service, then it may be configured incorrectly.
05-19 10:48:54.227   388   388 I hwservicemanager: Since android.hardware.biometrics.fingerprint@2.1::IBiometricsFingerprint/default is not registered, trying to start it as a lazy HAL.
05-19 10:48:54.228  1240  1898 W Fingerprint21: 	at android.hardware.biometrics.fingerprint.V2_1.IBiometricsFingerprint.getService(IBiometricsFingerprint.java:74)
05-19 10:48:54.228  1240  1898 W Fingerprint21: 	at android.hardware.biometrics.fingerprint.V2_1.IBiometricsFingerprint.getService(IBiometricsFingerprint.java:84)
05-19 10:48:54.228  1240  1898 W Fingerprint21: 	at com.android.server.biometrics.sensors.fingerprint.hidl.Fingerprint21.getDaemon(Fingerprint21.java:422)
05-19 10:48:54.228  1240  1898 W Fingerprint21: 	at com.android.server.biometrics.sensors.fingerprint.hidl.Fingerprint21.isHardwareDetected(Fingerprint21.java:775)
05-19 10:48:54.228  1240  1898 W Fingerprint21: 	at com.android.server.biometrics.sensors.fingerprint.FingerprintService$FingerprintServiceWrapper.isHardwareDetectedDeprecated(FingerprintService.java:683)
05-19 10:48:54.228  1240  1898 W Fingerprint21: 	at android.hardware.fingerprint.IFingerprintService$Stub.onTransact(IFingerprintService.java:689)
05-19 10:48:54.232   388  5526 W libc    : Unable to set property "ctl.interface_start" to "android.hardware.biometrics.fingerprint@2.1::IBiometricsFingerprint/default": error code: 0x20
05-19 10:48:54.232   388  5526 I hwservicemanager: Tried to start android.hardware.biometrics.fingerprint@2.1::IBiometricsFingerprint/default as a lazy service, but was unable to. Usually this happens when a service is not installed, but if the service is intended to be used as a lazy service, then it may be configured incorrectly.
05-19 10:48:56.916   388   388 I hwservicemanager: Since android.hardware.biometrics.fingerprint@2.1::IBiometricsFingerprint/default is not registered, trying to start it as a lazy HAL.
05-19 10:48:56.918  1240  3485 W Fingerprint21: 	at android.hardware.biometrics.fingerprint.V2_1.IBiometricsFingerprint.getService(IBiometricsFingerprint.java:74)
05-19 10:48:56.918  1240  3485 W Fingerprint21: 	at android.hardware.biometrics.fingerprint.V2_1.IBiometricsFingerprint.getService(IBiometricsFingerprint.java:84)
05-19 10:48:56.918  1240  3485 W Fingerprint21: 	at com.android.server.biometrics.sensors.fingerprint.hidl.Fingerprint21.getDaemon(Fingerprint21.java:422)
05-19 10:48:56.918  1240  3485 W Fingerprint21: 	at com.android.server.biometrics.sensors.fingerprint.hidl.Fingerprint21.isHardwareDetected(Fingerprint21.java:775)
05-19 10:48:56.918  1240  3485 W Fingerprint21: 	at com.android.server.biometrics.sensors.fingerprint.FingerprintService$FingerprintServiceWrapper.isHardwareDetected(FingerprintService.java:699)
05-19 10:48:56.918  1240  3485 W Fingerprint21: 	at com.android.server.biometrics.sensors.fingerprint.FingerprintAuthenticator.isHardwareDetected(FingerprintAuthenticator.java:84)
05-19 10:48:56.933   388  5840 W libc    : Unable to set property "ctl.interface_start" to "android.hardware.biometrics.fingerprint@2.1::IBiometricsFingerprint/default": error code: 0x20
05-19 10:48:56.933   388  5840 I hwservicemanager: Tried to start android.hardware.biometrics.fingerprint@2.1::IBiometricsFingerprint/default as a lazy service, but was unable to. Usually this happens when a service is not installed, but if the service is intended to be used as a lazy service, then it may be configured incorrectly.
05-19 10:48:58.722   388   388 I hwservicemanager: Since android.hardware.biometrics.fingerprint@2.1::IBiometricsFingerprint/default is not registered, trying to start it as a lazy HAL.
05-19 10:48:58.723  1240  2626 W Fingerprint21: 	at android.hardware.biometrics.fingerprint.V2_1.IBiometricsFingerprint.getService(IBiometricsFingerprint.java:74)
05-19 10:48:58.723  1240  2626 W Fingerprint21: 	at android.hardware.biometrics.fingerprint.V2_1.IBiometricsFingerprint.getService(IBiometricsFingerprint.java:84)
05-19 10:48:58.723  1240  2626 W Fingerprint21: 	at com.android.server.biometrics.sensors.fingerprint.hidl.Fingerprint21.getDaemon(Fingerprint21.java:422)
05-19 10:48:58.723  1240  2626 W Fingerprint21: 	at com.android.server.biometrics.sensors.fingerprint.hidl.Fingerprint21.isHardwareDetected(Fingerprint21.java:775)
05-19 10:48:58.723  1240  2626 W Fingerprint21: 	at com.android.server.biometrics.sensors.fingerprint.FingerprintService$FingerprintServiceWrapper.isHardwareDetected(FingerprintService.java:699)
05-19 10:48:58.723  1240  2626 W Fingerprint21: 	at com.android.server.biometrics.sensors.fingerprint.FingerprintAuthenticator.isHardwareDetected(FingerprintAuthenticator.java:84)
05-19 10:48:58.726   388  5972 W libc    : Unable to set property "ctl.interface_start" to "android.hardware.biometrics.fingerprint@2.1::IBiometricsFingerprint/default": error code: 0x20
05-19 10:48:58.727   388  5972 I hwservicemanager: Tried to start android.hardware.biometrics.fingerprint@2.1::IBiometricsFingerprint/default as a lazy service, but was unable to. Usually this happens when a service is not installed, but if the service is intended to be used as a lazy service, then it may be configured incorrectly.
05-19 10:48:59.073   388   388 I hwservicemanager: Since android.hardware.biometrics.fingerprint@2.1::IBiometricsFingerprint/default is not registered, trying to start it as a lazy HAL.
05-19 10:48:59.076  1240  1427 W Fingerprint21: 	at android.hardware.biometrics.fingerprint.V2_1.IBiometricsFingerprint.getService(IBiometricsFingerprint.java:74)
05-19 10:48:59.076  1240  1427 W Fingerprint21: 	at android.hardware.biometrics.fingerprint.V2_1.IBiometricsFingerprint.getService(IBiometricsFingerprint.java:84)
05-19 10:48:59.076  1240  1427 W Fingerprint21: 	at com.android.server.biometrics.sensors.fingerprint.hidl.Fingerprint21.getDaemon(Fingerprint21.java:422)
05-19 10:48:59.076  1240  1427 W Fingerprint21: 	at com.android.server.biometrics.sensors.fingerprint.hidl.Fingerprint21.isHardwareDetected(Fingerprint21.java:775)
05-19 10:48:59.076  1240  1427 W Fingerprint21: 	at com.android.server.biometrics.sensors.fingerprint.FingerprintService$FingerprintServiceWrapper.isHardwareDetected(FingerprintService.java:699)
05-19 10:48:59.076  1240  1427 W Fingerprint21: 	at com.android.server.biometrics.sensors.fingerprint.FingerprintAuthenticator.isHardwareDetected(FingerprintAuthenticator.java:84)
05-19 10:48:59.079   388  6008 W libc    : Unable to set property "ctl.interface_start" to "android.hardware.biometrics.fingerprint@2.1::IBiometricsFingerprint/default": error code: 0x20
05-19 10:48:59.079   388  6008 I hwservicemanager: Tried to start android.hardware.biometrics.fingerprint@2.1::IBiometricsFingerprint/default as a lazy service, but was unable to. Usually this happens when a service is not installed, but if the service is intended to be used as a lazy service, then it may be configured incorrectly.
05-19 10:49:01.543   388   388 I hwservicemanager: Since android.hardware.biometrics.fingerprint@2.1::IBiometricsFingerprint/default is not registered, trying to start it as a lazy HAL.
05-19 10:49:01.545  1240  2624 W Fingerprint21: 	at android.hardware.biometrics.fingerprint.V2_1.IBiometricsFingerprint.getService(IBiometricsFingerprint.java:74)
05-19 10:49:01.545  1240  2624 W Fingerprint21: 	at android.hardware.biometrics.fingerprint.V2_1.IBiometricsFingerprint.getService(IBiometricsFingerprint.java:84)
05-19 10:49:01.545  1240  2624 W Fingerprint21: 	at com.android.server.biometrics.sensors.fingerprint.hidl.Fingerprint21.getDaemon(Fingerprint21.java:422)
05-19 10:49:01.545  1240  2624 W Fingerprint21: 	at com.android.server.biometrics.sensors.fingerprint.hidl.Fingerprint21.isHardwareDetected(Fingerprint21.java:775)
05-19 10:49:01.545  1240  2624 W Fingerprint21: 	at com.android.server.biometrics.sensors.fingerprint.FingerprintService$FingerprintServiceWrapper.isHardwareDetected(FingerprintService.java:699)
05-19 10:49:01.545  1240  2624 W Fingerprint21: 	at com.android.server.biometrics.sensors.fingerprint.FingerprintAuthenticator.isHardwareDetected(FingerprintAuthenticator.java:84)
05-19 10:49:01.547   388  6225 W libc    : Unable to set property "ctl.interface_start" to "android.hardware.biometrics.fingerprint@2.1::IBiometricsFingerprint/default": error code: 0x20
05-19 10:49:01.548   388  6225 I hwservicemanager: Tried to start android.hardware.biometrics.fingerprint@2.1::IBiometricsFingerprint/default as a lazy service, but was unable to. Usually this happens when a service is not installed, but if the service is intended to be used as a lazy service, then it may be configured incorrectly.
05-19 10:49:04.268   388   388 I hwservicemanager: Since android.hardware.biometrics.fingerprint@2.1::IBiometricsFingerprint/default is not registered, trying to start it as a lazy HAL.
05-19 10:49:04.269  1240  2050 W Fingerprint21: 	at android.hardware.biometrics.fingerprint.V2_1.IBiometricsFingerprint.getService(IBiometricsFingerprint.java:74)
05-19 10:49:04.269  1240  2050 W Fingerprint21: 	at android.hardware.biometrics.fingerprint.V2_1.IBiometricsFingerprint.getService(IBiometricsFingerprint.java:84)
05-19 10:49:04.269  1240  2050 W Fingerprint21: 	at com.android.server.biometrics.sensors.fingerprint.hidl.Fingerprint21.getDaemon(Fingerprint21.java:422)
05-19 10:49:04.269  1240  2050 W Fingerprint21: 	at com.android.server.biometrics.sensors.fingerprint.hidl.Fingerprint21.isHardwareDetected(Fingerprint21.java:775)
05-19 10:49:04.269  1240  2050 W Fingerprint21: 	at com.android.server.biometrics.sensors.fingerprint.FingerprintService$FingerprintServiceWrapper.isHardwareDetected(FingerprintService.java:699)
05-19 10:49:04.269  1240  2050 W Fingerprint21: 	at com.android.server.biometrics.sensors.fingerprint.FingerprintAuthenticator.isHardwareDetected(FingerprintAuthenticator.java:84)
05-19 10:49:04.271   388  6391 W libc    : Unable to set property "ctl.interface_start" to "android.hardware.biometrics.fingerprint@2.1::IBiometricsFingerprint/default": error code: 0x20
05-19 10:49:04.272   388  6391 I hwservicemanager: Tried to start android.hardware.biometrics.fingerprint@2.1::IBiometricsFingerprint/default as a lazy service, but was unable to. Usually this happens when a service is not installed, but if the service is intended to be used as a lazy service, then it may be configured incorrectly.
05-19 10:49:05.880   388   388 I hwservicemanager: Since android.hardware.biometrics.fingerprint@2.1::IBiometricsFingerprint/default is not registered, trying to start it as a lazy HAL.
05-19 10:49:05.881  1240  1256 W Fingerprint21: 	at android.hardware.biometrics.fingerprint.V2_1.IBiometricsFingerprint.getService(IBiometricsFingerprint.java:74)
05-19 10:49:05.881  1240  1256 W Fingerprint21: 	at android.hardware.biometrics.fingerprint.V2_1.IBiometricsFingerprint.getService(IBiometricsFingerprint.java:84)
05-19 10:49:05.881  1240  1256 W Fingerprint21: 	at com.android.server.biometrics.sensors.fingerprint.hidl.Fingerprint21.getDaemon(Fingerprint21.java:422)
05-19 10:49:05.881  1240  1256 W Fingerprint21: 	at com.android.server.biometrics.sensors.fingerprint.hidl.Fingerprint21.isHardwareDetected(Fingerprint21.java:775)
05-19 10:49:05.881  1240  1256 W Fingerprint21: 	at com.android.server.biometrics.sensors.fingerprint.FingerprintService$FingerprintServiceWrapper.isHardwareDetected(FingerprintService.java:699)
05-19 10:49:05.881  1240  1256 W Fingerprint21: 	at com.android.server.biometrics.sensors.fingerprint.FingerprintAuthenticator.isHardwareDetected(FingerprintAuthenticator.java:84)
05-19 10:49:05.882   388  6472 W libc    : Unable to set property "ctl.interface_start" to "android.hardware.biometrics.fingerprint@2.1::IBiometricsFingerprint/default": error code: 0x20
05-19 10:49:05.883   388  6472 I hwservicemanager: Tried to start android.hardware.biometrics.fingerprint@2.1::IBiometricsFingerprint/default as a lazy service, but was unable to. Usually this happens when a service is not installed, but if the service is intended to be used as a lazy service, then it may be configured incorrectly.
05-19 10:49:14.082  2512  6481 I MediaProvider: Open with lower FS for /storage/emulated/0/Download/BiometricsFingerprint.cpp. Uid: 10468
05-19 10:52:23.910   388   388 I hwservicemanager: Since android.hardware.biometrics.fingerprint@2.1::IBiometricsFingerprint/default is not registered, trying to start it as a lazy HAL.
05-19 10:52:23.913  1240  2051 W Fingerprint21: 	at android.hardware.biometrics.fingerprint.V2_1.IBiometricsFingerprint.getService(IBiometricsFingerprint.java:74)
05-19 10:52:23.913  1240  2051 W Fingerprint21: 	at android.hardware.biometrics.fingerprint.V2_1.IBiometricsFingerprint.getService(IBiometricsFingerprint.java:84)
05-19 10:52:23.913  1240  2051 W Fingerprint21: 	at com.android.server.biometrics.sensors.fingerprint.hidl.Fingerprint21.getDaemon(Fingerprint21.java:422)
05-19 10:52:23.913  1240  2051 W Fingerprint21: 	at com.android.server.biometrics.sensors.fingerprint.hidl.Fingerprint21.isHardwareDetected(Fingerprint21.java:775)
05-19 10:52:23.913  1240  2051 W Fingerprint21: 	at com.android.server.biometrics.sensors.fingerprint.FingerprintService$FingerprintServiceWrapper.isHardwareDetected(FingerprintService.java:699)
05-19 10:52:23.913  1240  2051 W Fingerprint21: 	at com.android.server.biometrics.sensors.fingerprint.FingerprintAuthenticator.isHardwareDetected(FingerprintAuthenticator.java:84)
05-19 10:52:23.915   388  7246 W libc    : Unable to set property "ctl.interface_start" to "android.hardware.biometrics.fingerprint@2.1::IBiometricsFingerprint/default": error code: 0x20
05-19 10:52:23.915   388  7246 I hwservicemanager: Tried to start android.hardware.biometrics.fingerprint@2.1::IBiometricsFingerprint/default as a lazy service, but was unable to. Usually this happens when a service is not installed, but if the service is intended to be used as a lazy service, then it may be configured incorrectly.
05-19 10:52:25.259   388   388 I hwservicemanager: Since android.hardware.biometrics.fingerprint@2.1::IBiometricsFingerprint/default is not registered, trying to start it as a lazy HAL.
05-19 10:52:25.261  1240  2051 W Fingerprint21: 	at android.hardware.biometrics.fingerprint.V2_1.IBiometricsFingerprint.getService(IBiometricsFingerprint.java:74)
05-19 10:52:25.261  1240  2051 W Fingerprint21: 	at android.hardware.biometrics.fingerprint.V2_1.IBiometricsFingerprint.getService(IBiometricsFingerprint.java:84)
05-19 10:52:25.261  1240  2051 W Fingerprint21: 	at com.android.server.biometrics.sensors.fingerprint.hidl.Fingerprint21.getDaemon(Fingerprint21.java:422)
05-19 10:52:25.261  1240  2051 W Fingerprint21: 	at com.android.server.biometrics.sensors.fingerprint.hidl.Fingerprint21.isHardwareDetected(Fingerprint21.java:775)
05-19 10:52:25.261  1240  2051 W Fingerprint21: 	at com.android.server.biometrics.sensors.fingerprint.FingerprintService$FingerprintServiceWrapper.isHardwareDetected(FingerprintService.java:699)
05-19 10:52:25.261  1240  2051 W Fingerprint21: 	at com.android.server.biometrics.sensors.fingerprint.FingerprintAuthenticator.isHardwareDetected(FingerprintAuthenticator.java:84)
05-19 10:52:25.262   388  7261 W libc    : Unable to set property "ctl.interface_start" to "android.hardware.biometrics.fingerprint@2.1::IBiometricsFingerprint/default": error code: 0x20
05-19 10:52:25.262   388  7261 I hwservicemanager: Tried to start android.hardware.biometrics.fingerprint@2.1::IBiometricsFingerprint/default as a lazy service, but was unable to. Usually this happens when a service is not installed, but if the service is intended to be used as a lazy service, then it may be configured incorrectly.
05-19 10:52:47.909  7279  7279 F DEBUG   : Build fingerprint: 'Micromax/derp_yogurt/yogurt:13/TQ3A.230901.001/1747472037:userdebug/release-keys'
05-19 10:52:47.910  7279  7279 F DEBUG   : Cmdline: /vendor/bin/hw/android.hardware.biometrics.fingerprint@2.1-service.yogurt
05-19 10:52:47.910  7279  7279 F DEBUG   : pid: 903, tid: 903, name: android.hardwar  >>> /vendor/bin/hw/android.hardware.biometrics.fingerprint@2.1-service.yogurt <<<
05-19 10:52:47.911  7279  7279 F DEBUG   :       #00 pc 0000000000077770  /vendor/lib64/hw/fingerprint.default.so (BuildId: c5e613c15325555b1ec17dfb770f5e2c3cb347e1)
05-19 10:52:47.911  7279  7279 F DEBUG   :       #01 pc 0000000000077ac8  /vendor/lib64/hw/fingerprint.default.so (ff_trustlet_client_close_session+72) (BuildId: c5e613c15325555b1ec17dfb770f5e2c3cb347e1)
05-19 10:52:47.911  7279  7279 F DEBUG   :       #02 pc 00000000000776e4  /vendor/lib64/hw/fingerprint.default.so (ff_trustlet_client_open_session+716) (BuildId: c5e613c15325555b1ec17dfb770f5e2c3cb347e1)
05-19 10:52:47.911  7279  7279 F DEBUG   :       #03 pc 000000000006f94c  /vendor/lib64/hw/fingerprint.default.so (ff_trustlet_open+116) (BuildId: c5e613c15325555b1ec17dfb770f5e2c3cb347e1)
05-19 10:52:47.911  7279  7279 F DEBUG   :       #04 pc 000000000006b448  /vendor/lib64/hw/fingerprint.default.so (BuildId: c5e613c15325555b1ec17dfb770f5e2c3cb347e1)
05-19 10:52:47.911  7279  7279 F DEBUG   :       #05 pc 000000000006b968  /vendor/lib64/hw/fingerprint.default.so (FocalFingerprintHAL::open()+308) (BuildId: c5e613c15325555b1ec17dfb770f5e2c3cb347e1)
05-19 10:52:47.911  7279  7279 F DEBUG   :       #06 pc 000000000006f1d0  /vendor/lib64/hw/fingerprint.default.so (BuildId: c5e613c15325555b1ec17dfb770f5e2c3cb347e1)
05-19 10:52:47.911  7279  7279 F DEBUG   :       #07 pc 00000000000020fc  /vendor/bin/hw/android.hardware.biometrics.fingerprint@2.1-service.yogurt (android::hardware::biometrics::fingerprint::V2_1::implementation::BiometricsFingerprint::openHal()+168) (BuildId: 09e59b6e7d31ef561dd6cec80a445ab6)
05-19 10:52:47.912  7279  7279 F DEBUG   :       #08 pc 000000000000274c  /vendor/bin/hw/android.hardware.biometrics.fingerprint@2.1-service.yogurt (android::hardware::biometrics::fingerprint::V2_1::implementation::BiometricsFingerprint::getInstance()+100) (BuildId: 09e59b6e7d31ef561dd6cec80a445ab6)
05-19 10:52:47.912  7279  7279 F DEBUG   :       #09 pc 0000000000002cc4  /vendor/bin/hw/android.hardware.biometrics.fingerprint@2.1-service.yogurt (main+28) (BuildId: 09e59b6e7d31ef561dd6cec80a445ab6)
05-19 10:52:47.983  7282  7282 D android.hardware.biometrics.fingerprint@2.1-service.yogurt: Opening fingerprint HAL
05-19 10:52:47.992  7282  7282 I focaltech:hal:proxy: [ 345]:fingerprint_open(module = 0x73e81185f8, id = 'fingerprint', ..).
05-19 10:52:47.994  7282  7282 W android.hardwar: type=1400 audit(0.0:591): avc: denied { write } for name="focaltech" dev="mmcblk0p38" ino=3139595 scontext=u:r:hal_fingerprint_default:s0 tcontext=u:object_r:vendor_data_file:s0 tclass=dir permissive=0
05-19 10:52:47.997  7282  7282 W android.hardwar: type=1400 audit(0.0:592): avc: denied { read } for name="vndbinder" dev="tmpfs" ino=13479 scontext=u:r:hal_fingerprint_default:s0 tcontext=u:object_r:vndbinder_device:s0 tclass=chr_file permissive=0
05-19 10:52:47.999  7282  7284 I HidlServiceManagement: Registered vendor.focaltech.fingerprint@1.0::IFocalFingerprintService/default
05-19 10:52:48.001  7282  7283 E focaltech:service: error at ff_service_thread[service.cpp:44]: couldn't register 'com.focaltech.fingerprint.IFocalFingerprintService' binder service!
05-19 10:52:49.057  7282  7282 E focaltech:hal:proxy: error at fingerprint_open[fingerprint.cpp:355]: 'I/O error'.
05-19 10:52:49.057  7282  7282 E android.hardware.biometrics.fingerprint@2.1-service.yogurt: Can't open fingerprint methods, error: -5
05-19 10:52:49.057  7282  7282 E android.hardware.biometrics.fingerprint@2.1-service.yogurt: Can't open HAL module
05-19 10:52:49.059  7282  7282 I HidlServiceManagement: Registered android.hardware.biometrics.fingerprint@2.1::IBiometricsFingerprint/default
05-19 10:52:49.059  7282  7282 I HidlServiceManagement: Removing namespace from process name android.hardware.biometrics.fingerprint@2.1-service.yogurt to fingerprint@2.1-service.yogurt.


adb shell "ps -A | grep -E 'finger|biometric'"
system        7282     1 2195308   6676 0                   0 S android.hardware.biometrics.fingerprint@2.1-service.yogurt

adb shell service list | grep -i finger
83	fingerprint: [android.hardware.fingerprint.IFingerprintService

/vendor/etc/init/android.hardware.biometrics.fingerprint@2.1-service.yogurt.rc
/vendor/etc/vintf/manifest/android.hardware.biometrics.fingerprint@2.1-service.yogurt.xml
/vendor/etc/permissions/android.hardware.fingerprint.xml
find: '/vendor/lib64/hw/fingerprint.default.so': Permission denied
find: '/vendor/lib64/android.hardware.biometrics.fingerprint@2.1.so': Permission denied
find: '/vendor/bin/hw/android.hardware.biometrics.fingerprint@2.1-service.yogurt': Permission denie

adb shell dumpsys package android.hardware.biometrics.fingerprint
Unable to find package: android.hardware.biometrics.fingerprint

adb logcat -b crash | grep -i finger
05-19 10:52:47.909  7279  7279 F DEBUG   : Build fingerprint: 'Micromax/derp_yogurt/yogurt:13/TQ3A.230901.001/1747472037:userdebug/release-keys'
05-19 10:52:47.910  7279  7279 F DEBUG   : Cmdline: /vendor/bin/hw/android.hardware.biometrics.fingerprint@2.1-service.yogurt
05-19 10:52:47.910  7279  7279 F DEBUG   : pid: 903, tid: 903, name: android.hardwar  >>> /vendor/bin/hw/android.hardware.biometrics.fingerprint@2.1-service.yogurt <<<
05-19 10:52:47.911  7279  7279 F DEBUG   :       #00 pc 0000000000077770  /vendor/lib64/hw/fingerprint.default.so (BuildId: c5e613c15325555b1ec17dfb770f5e2c3cb347e1)
05-19 10:52:47.911  7279  7279 F DEBUG   :       #01 pc 0000000000077ac8  /vendor/lib64/hw/fingerprint.default.so (ff_trustlet_client_close_session+72) (BuildId: c5e613c15325555b1ec17dfb770f5e2c3cb347e1)
05-19 10:52:47.911  7279  7279 F DEBUG   :       #02 pc 00000000000776e4  /vendor/lib64/hw/fingerprint.default.so (ff_trustlet_client_open_session+716) (BuildId: c5e613c15325555b1ec17dfb770f5e2c3cb347e1)
05-19 10:52:47.911  7279  7279 F DEBUG   :       #03 pc 000000000006f94c  /vendor/lib64/hw/fingerprint.default.so (ff_trustlet_open+116) (BuildId: c5e613c15325555b1ec17dfb770f5e2c3cb347e1)
05-19 10:52:47.911  7279  7279 F DEBUG   :       #04 pc 000000000006b448  /vendor/lib64/hw/fingerprint.default.so (BuildId: c5e613c15325555b1ec17dfb770f5e2c3cb347e1)
05-19 10:52:47.911  7279  7279 F DEBUG   :       #05 pc 000000000006b968  /vendor/lib64/hw/fingerprint.default.so (FocalFingerprintHAL::open()+308) (BuildId: c5e613c15325555b1ec17dfb770f5e2c3cb347e1)
05-19 10:52:47.911  7279  7279 F DEBUG   :       #06 pc 000000000006f1d0  /vendor/lib64/hw/fingerprint.default.so (BuildId: c5e613c15325555b1ec17dfb770f5e2c3cb347e1)
05-19 10:52:47.911  7279  7279 F DEBUG   :       #07 pc 00000000000020fc  /vendor/bin/hw/android.hardware.biometrics.fingerprint@2.1-service.yogurt (android::hardware::biometrics::fingerprint::V2_1::implementation::BiometricsFingerprint::openHal()+168) (BuildId: 09e59b6e7d31ef561dd6cec80a445ab6)
05-19 10:52:47.912  7279  7279 F DEBUG   :       #08 pc 000000000000274c  /vendor/bin/hw/android.hardware.biometrics.fingerprint@2.1-service.yogurt (android::hardware::biometrics::fingerprint::V2_1::implementation::BiometricsFingerprint::getInstance()+100) (BuildId: 09e59b6e7d31ef561dd6cec80a445ab6)
05-19 10:52:47.912  7279  7279 F DEBUG   :       #09 pc 0000000000002cc4  /vendor/bin/hw/android.hardware.biometrics.fingerprint@2.1-service.yogurt (main+28) (BuildId: 09e59b6e7d31ef561dd6cec80a445ab6)


adb shell am start -n com.android.settings/.biometrics.fingerprint.FingerprintSettings
Starting: Intent { cmp=com.android.settings/.biometrics.fingerprint.FingerprintSettings }

Exception occurred while executing 'start':
java.lang.SecurityException: Permission Denial: starting Intent { flg=0x10000000 cmp=com.android.settings/.biometrics.fingerprint.FingerprintSettings } from null (pid=7570, uid=2000) not exported from uid 1000
	at com.android.server.wm.ActivityTaskSupervisor.checkStartAnyActivityPermission(ActivityTaskSupervisor.java:1134)
	at com.android.server.wm.ActivityStarter.executeRequest(ActivityStarter.java:1025)
	at com.android.server.wm.ActivityStarter.execute(ActivityStarter.java:714)
	at com.android.server.wm.ActivityTaskManagerService.startActivityAsUser(ActivityTaskManagerService.java:1314)
	at com.android.server.wm.ActivityTaskManagerService.startActivityAsUser(ActivityTaskManagerService.java:1255)
	at com.android.server.am.ActivityManagerService.startActivityAsUserWithFeature(ActivityManagerService.java:3176)
	at com.android.server.am.ActivityManagerShellCommand.runStartActivity(ActivityManagerShellCommand.java:605)
	at com.android.server.am.ActivityManagerShellCommand.onCommand(ActivityManagerShellCommand.java:208)
	at com.android.modules.utils.BasicShellCommandHandler.exec(BasicShellCommandHandler.java:97)
	at android.os.ShellCommand.exec(ShellCommand.java:38)
	at com.android.server.am.ActivityManagerService.onShellCommand(ActivityManagerService.java:9376)
	at android.os.Binder.shellCommand(Binder.java:1049)
	at android.os.Binder.onTransact(Binder.java:877)
	at android.app.IActivityManager$Stub.onTransact(IActivityManager.java:4766)
	at com.android.server.am.ActivityManagerService.onTransact(ActivityManagerService.java:2648)
	at android.os.Binder.execTransactInternal(Binder.java:1285)
	at android.os.Binder.execTransact(Binder.java:1244)
adb shell "ls -la /dev/fingerprint*"
ls: /dev/fingerprint*: No such file or directory
