05-19 19:27:24.747  1244  1244 D SystemServerTiming: OnBootPhase_550_com.android.server.textclassifier.TextClassificationManagerService$Lifecycle
05-19 19:27:24.747  1244  1244 D SystemServerTiming: OnBootPhase_550_com.android.server.NetworkScoreService$Lifecycle
05-19 19:27:24.747  1244  1244 D SystemServerTiming: OnBootPhase_550_com.android.server.NetworkStatsServiceInitializer
05-19 19:27:24.781  1244  1359 D TelephonyRegistry: listen oscl: mHasNotifySubscriptionInfoChangedOccurred==false no callback
05-19 19:27:24.782  1244  1244 D SystemServerTiming: OnBootPhase_550_com.android.server.wifi.WifiService
05-19 19:27:24.782  1244  1244 D SystemServerTiming: OnBootPhase_550_com.android.server.wifi.scanner.WifiScanningService
05-19 19:27:24.782  1244  1244 D SystemServerTiming: OnBootPhase_550_com.android.server.wifi.p2p.WifiP2pService
05-19 19:27:24.782  1244  1244 D SystemServerTiming: OnBootPhase_550_com.android.server.ConnectivityServiceInitializer
05-19 19:27:24.782  1244  1244 D SystemServerTiming: OnBootPhase_550_com.android.server.notification.NotificationManagerService
05-19 19:27:24.782  1244  1244 D SystemServerTiming: OnBootPhase_550_com.android.server.storage.DeviceStorageMonitorService
05-19 19:27:24.783  1244  1244 D SystemServerTiming: OnBootPhase_550_com.android.server.location.LocationManagerService$Lifecycle
05-19 19:27:24.783  1244  1244 D SystemServerTiming: OnBootPhase_550_com.android.server.timedetector.TimeDetectorService$Lifecycle
05-19 19:27:24.783  1244  1244 D SystemServerTiming: OnBootPhase_550_com.android.server.timezonedetector.TimeZoneDetectorService$Lifecycle
05-19 19:27:24.783  1244  1244 D SystemServerTiming: OnBootPhase_550_com.android.server.timezonedetector.location.LocationTimeZoneManagerService$Lifecycle
05-19 19:27:24.783  1244  1244 D SystemServerTiming: OnBootPhase_550_com.android.server.search.SearchManagerService$Lifecycle
05-19 19:27:24.783  1244  1244 D SystemServerTiming: OnBootPhase_550_com.android.server.wallpaper.WallpaperManagerService$Lifecycle
05-19 19:27:24.784  1244  1244 V WallpaperManagerService: bindWallpaperComponentLocked: componentName=ComponentInfo{com.android.systemui/com.android.systemui.wallpapers.ImageWallpaper}
05-19 19:27:24.784  1244  1244 D WallpaperManagerService: WPMS.bindWallpaperComponentLocked-ComponentInfo{com.android.systemui/com.android.systemui.wallpapers.ImageWallpaper}
05-19 19:27:24.786  1244  1244 I am_uid_running: 10499
05-19 19:27:24.786  1244  1244 D CompatibilityChangeReporter: Compat change id reported: 135634846; UID 10499; state: DISABLED
05-19 19:27:24.787  1244  1244 D CompatibilityChangeReporter: Compat change id reported: 177438394; UID 10499; state: DISABLED
05-19 19:27:24.787  1244  1244 D CompatibilityChangeReporter: Compat change id reported: 135772972; UID 10499; state: DISABLED
05-19 19:27:24.787  1244  1244 D CompatibilityChangeReporter: Compat change id reported: 135754954; UID 10499; state: ENABLED
05-19 19:27:24.787  1244  1276 D CompatibilityChangeReporter: Compat change id reported: 143937733; UID 10499; state: ENABLED
05-19 19:27:24.789  1244  1244 D SystemServerTiming: OnBootPhase_550_com.android.server.wallpapereffectsgeneration.WallpaperEffectsGenerationManagerService
05-19 19:27:24.789  1244  1244 D SystemServerTiming: OnBootPhase_550_com.android.server.audio.AudioService$Lifecycle
05-19 19:27:24.789  1244  1244 D SystemServerTiming: OnBootPhase_550_com.android.server.soundtrigger_middleware.SoundTriggerMiddlewareService$Lifecycle
05-19 19:27:24.789  1244  1244 D SystemServerTiming: OnBootPhase_550_com.android.server.DockObserver
05-19 19:27:24.789  1244  1244 D SystemServerTiming: OnBootPhase_550_com.android.server.midi.MidiService$Lifecycle
05-19 19:27:24.789  1244  1244 D SystemServerTiming: OnBootPhase_550_com.android.server.adb.AdbService$Lifecycle
05-19 19:27:24.789  1244  1244 D SystemServerTiming: OnBootPhase_550_com.android.server.usb.UsbService$Lifecycle
05-19 19:27:24.789  1244  1244 D SystemServerTiming: OnBootPhase_550_com.android.server.twilight.TwilightService
05-19 19:27:24.789  1244  1244 D SystemServerTiming: OnBootPhase_550_com.android.server.display.color.ColorDisplayService
05-19 19:27:24.789  1244  1244 D SystemServerTiming: OnBootPhase_550_com.android.server.job.JobSchedulerService
05-19 19:27:24.789  1244  1244 D SystemServerTiming: OnBootPhase_550_com.android.server.soundtrigger.SoundTriggerService
05-19 19:27:24.789  1244  1315 D SystemServerTimingAsync: InitThreadPoolExec:UsbService$Lifecycle#onBootPhase
05-19 19:27:24.789  1244  1244 D SoundTriggerService: onBootPhase: 550 : false
05-19 19:27:24.789  1244  1244 D SystemServerTiming: OnBootPhase_550_com.android.server.trust.TrustManagerService
05-19 19:27:24.789  1244  1244 D SystemServerTiming: OnBootPhase_550_com.android.server.backup.BackupManagerService$Lifecycle
05-19 19:27:24.790  1244  1244 D SystemServerTiming: OnBootPhase_550_com.android.server.appwidget.AppWidgetService
05-19 19:27:24.790  1244  1244 D SystemServerTiming: OnBootPhase_550_com.android.server.voiceinteraction.VoiceInteractionManagerService
05-19 19:27:24.790  1244  1244 D SystemServerTiming: OnBootPhase_550_com.android.server.apphibernation.AppHibernationService
05-19 19:27:24.790  1244  1244 D SystemServerTiming: OnBootPhase_550_com.android.server.GestureLauncherService
05-19 19:27:24.790  1244  1244 D SystemServerTiming: OnBootPhase_550_com.android.server.SensorNotificationService
05-19 19:27:24.790  1244  1244 D SystemServerTiming: OnBootPhase_550_com.android.server.emergency.EmergencyAffordanceService
05-19 19:27:24.790  1244  1244 D SystemServerTiming: OnBootPhase_550_com.android.server.blob.BlobStoreManagerService
05-19 19:27:24.791  1244  1244 D SystemServerTiming: OnBootPhase_550_com.android.server.dreams.DreamManagerService
05-19 19:27:24.791  1244  1244 D SystemServerTiming: OnBootPhase_550_com.android.server.print.PrintManagerService
05-19 19:27:24.791  1244  1244 D SystemServerTiming: OnBootPhase_550_com.android.server.security.AttestationVerificationManagerService
05-19 19:27:24.791  1244  1244 D SystemServerTiming: OnBootPhase_550_com.android.server.companion.CompanionDeviceManagerService
05-19 19:27:24.791  1244  1244 D SystemServerTiming: OnBootPhase_550_com.android.server.companion.virtual.VirtualDeviceManagerService
05-19 19:27:24.791  1244  1244 D SystemServerTiming: OnBootPhase_550_com.android.server.restrictions.RestrictionsManagerService
05-19 19:27:24.791  1244  1244 D SystemServerTiming: OnBootPhase_550_com.android.server.media.MediaSessionService
05-19 19:27:24.792  1244  1244 D SystemServerTiming: OnBootPhase_550_com.android.server.media.MediaResourceMonitorService
05-19 19:27:24.792  1244  1244 D SystemServerTiming: OnBootPhase_550_com.android.server.biometrics.sensors.face.FaceService
05-19 19:27:24.792  1244  1244 D SystemServerTiming: OnBootPhase_550_com.android.server.biometrics.sensors.fingerprint.FingerprintService
05-19 19:27:24.792  1244  1244 D SystemServerTiming: OnBootPhase_550_com.android.server.biometrics.BiometricService
05-19 19:27:24.792  1244  1244 D SystemServerTiming: OnBootPhase_550_com.android.server.biometrics.AuthService
05-19 19:27:24.792  1244  1244 D SystemServerTiming: OnBootPhase_550_com.android.server.app.AppLockManagerService$Lifecycle
05-19 19:27:24.792  1244  1273 I UsbPortManager: ClientCallback V1_1: dual-role-type_c_port0
05-19 19:27:24.793  1244  1265 I UsbPortManager: USB port added: port=UsbPort{id=dual-role-type_c_port0, supportedModes=dualsupportedContaminantProtectionModes=0supportsEnableContaminantPresenceProtection=falsesupportsEnableContaminantPresenceDetection=false, status=UsbPortStatus{connected=false, currentMode=none, currentPowerRole=no-power, currentDataRole=no-data, supportedRoleCombinations=[no-power:no-data], contaminantDetectionStatus=0, contaminantProtectionStatus=0, usbDataStatus=unknown, isPowerTransferLimited=false, powerBrickConnectionStatus=unknown}, canChangeMode=false, canChangePowerRole=false, canChangeDataRole=false, connectedAtMillis=0, lastConnectDurationMillis=0
05-19 19:27:24.794  1244  1244 I AppLockManagerService: onBootCompleted
05-19 19:27:24.795  1244  1244 D SystemServerTiming: OnBootPhase_550_com.android.server.pm.ShortcutService$Lifecycle
05-19 19:27:24.795  1244  1244 D SystemServerTiming: OnBootPhase_550_com.android.server.pm.LauncherAppsService
05-19 19:27:24.795  1244  1244 D SystemServerTiming: OnBootPhase_550_com.android.server.pm.CrossProfileAppsService
05-19 19:27:24.795  1244  1244 D SystemServerTiming: OnBootPhase_550_com.android.server.pocket.PocketService
05-19 19:27:24.795  1244  1244 W PocketService: Un-handled boot phase:550
05-19 19:27:24.795  1244  1244 D SystemServerTiming: OnBootPhase_550_com.android.server.people.PeopleService
05-19 19:27:24.795  1244  1244 D SystemServerTiming: OnBootPhase_550_com.android.server.media.metrics.MediaMetricsManagerService
05-19 19:27:24.795  1244  1244 D SystemServerTiming: OnBootPhase_550_com.android.server.derp.CustomDeviceConfigService
05-19 19:27:24.795  1244  1244 D SystemServerTiming: OnBootPhase_550_com.android.server.vibrator.LinearmotorVibratorService
05-19 19:27:24.795  1244  1244 D SystemServerTiming: OnBootPhase_550_com.android.server.derp.LineageHardwareService
05-19 19:27:24.795  1244  1244 D SystemServerTiming: OnBootPhase_550_com.android.server.derp.display.LiveDisplayService
05-19 19:27:24.795  1244  1244 D SystemServerTiming: OnBootPhase_550_com.android.server.derp.health.HealthInterfaceService
05-19 19:27:24.795  1244  1244 D SystemServerTiming: OnBootPhase_550_com.android.server.media.projection.MediaProjectionManagerService
05-19 19:27:24.795  1244  1244 D SystemServerTiming: OnBootPhase_550_com.android.server.slice.SliceManagerService$Lifecycle
05-19 19:27:24.795  1244  1244 D SystemServerTiming: OnBootPhase_550_com.android.server.stats.StatsCompanion$Lifecycle
05-19 19:27:24.795  1244  1244 D SystemServerTiming: OnBootPhase_550_com.android.server.scheduling.RebootReadinessManagerService$Lifecycle
05-19 19:27:24.795  1244  1244 D SystemServerTiming: OnBootPhase_550_com.android.server.stats.pull.StatsPullAtomService
05-19 19:27:24.795  1244  1244 D SystemServerTiming: OnBootPhase_550_com.android.server.stats.bootstrap.StatsBootstrapAtomService$Lifecycle
05-19 19:27:24.795  1244  1244 D SystemServerTiming: OnBootPhase_550_com.android.server.incident.IncidentCompanionService
05-19 19:27:24.795  1244  1244 D SystemServerTiming: OnBootPhase_550_com.android.server.sdksandbox.SdkSandboxManagerService$Lifecycle
05-19 19:27:24.795  1244  1244 D SystemServerTiming: OnBootPhase_550_com.android.server.adservices.AdServicesManagerService$Lifecycle
05-19 19:27:24.795  1244  1244 D SystemServerTiming: OnBootPhase_550_com.android.server.MmsServiceBroker
05-19 19:27:24.795  1244  1244 D SystemServerTiming: OnBootPhase_550_com.android.server.autofill.AutofillManagerService
05-19 19:27:24.795  1244  1244 D SystemServerTiming: OnBootPhase_550_com.android.server.translation.TranslationManagerService
05-19 19:27:24.795  1244  1244 D SystemServerTiming: OnBootPhase_550_com.android.server.clipboard.ClipboardService
05-19 19:27:24.795  1244  1244 D SystemServerTiming: OnBootPhase_550_com.android.server.appbinding.AppBindingService$Lifecycle
05-19 19:27:24.796  1244  1244 I AppBindingService: Updating constants with: null
05-19 19:27:24.796  1244  1244 D SystemServerTiming: OnBootPhase_550_com.android.server.tracing.TracingServiceProxy
05-19 19:27:24.796  1244  1244 D SystemServerTiming: OnBootPhase_550_com.android.server.policy.PermissionPolicyService
05-19 19:27:24.796  1244  1244 D SystemServerTiming: Permission_grant_default_permissions-0
05-19 19:27:24.796  1244  1244 D SystemServerTiming: Permission_synchronize_permissions-0
05-19 19:27:24.796  1244  1244 D SystemServerTiming: Permission_synchronize_addPackages-0
05-19 19:27:24.798  1244  1276 I am_proc_start: [0,1439,10499,com.android.systemui,service,{com.android.systemui/com.android.systemui.wallpapers.ImageWallpaper}]
05-19 19:27:24.798  1244  1276 I ActivityManager: Start proc 1439:com.android.systemui/u0a499 for service {com.android.systemui/com.android.systemui.wallpapers.ImageWallpaper}
05-19 19:27:24.824  1244  1244 D SystemServerTiming: Permission_syncPackages-0
05-19 19:27:24.827  1244  1258 I am_proc_bound: [0,1439,com.android.systemui]
05-19 19:27:24.828  1244  1258 D CompatibilityChangeReporter: Compat change id reported: 168419799; UID 10499; state: DISABLED
05-19 19:27:24.829  1244  1258 D CompatibilityChangeReporter: Compat change id reported: 273564678; UID 10499; state: DISABLED
05-19 19:27:24.835  1244  1244 D SystemServerTiming: Permission_onInitialized-0
05-19 19:27:24.835  1244  1244 I PackageManager: Permission ownership changed. Updating all permissions.
05-19 19:27:24.836  1244  1258 I am_uid_active: 10499
05-19 19:27:24.866  1244  1244 W PackageManager: Package android.ext.services is an APK in APEX, but has permission allowlist on the system image. Please bundle the allowlist in the com.android.extservices APEX instead.
05-19 19:27:24.866  1244  1244 W PackageManager: Package android.ext.services is an APK in APEX, but has permission allowlist on the system image. Please bundle the allowlist in the com.android.extservices APEX instead.
05-19 19:27:24.866  1244  1244 W PackageManager: Package android.ext.services is an APK in APEX, but has permission allowlist on the system image. Please bundle the allowlist in the com.android.extservices APEX instead.
05-19 19:27:24.866  1244  1244 W PackageManager: Package android.ext.services is an APK in APEX, but has permission allowlist on the system image. Please bundle the allowlist in the com.android.extservices APEX instead.
05-19 19:27:24.866   800   960 D MtkOmxGsmDec: MtkOmxComponentCreate +++ !!!
05-19 19:27:24.867   800   960 D MtkOmxGsmDec: MtkOmxGsmDec Construct !!!
05-19 19:27:24.867   800   960 D MtkOmxGsmDec: Init Audio(GSM) Params!!!
05-19 19:27:24.868   800   960 D MtkOmxGsmDec: MtkOmxGsmDec Deconstruct !!!
05-19 19:27:24.883  1244  1244 W PackageManager: Package com.android.providers.media.module is an APK in APEX, but has permission allowlist on the system image. Please bundle the allowlist in the com.android.mediaprovider APEX instead.
05-19 19:27:24.883  1244  1244 W PackageManager: Package com.android.providers.media.module is an APK in APEX, but has permission allowlist on the system image. Please bundle the allowlist in the com.android.mediaprovider APEX instead.
05-19 19:27:24.883  1244  1244 W PackageManager: Package com.android.providers.media.module is an APK in APEX, but has permission allowlist on the system image. Please bundle the allowlist in the com.android.mediaprovider APEX instead.
05-19 19:27:24.883  1244  1244 W PackageManager: Package com.android.providers.media.module is an APK in APEX, but has permission allowlist on the system image. Please bundle the allowlist in the com.android.mediaprovider APEX instead.
05-19 19:27:24.883  1244  1244 W PackageManager: Package com.android.providers.media.module is an APK in APEX, but has permission allowlist on the system image. Please bundle the allowlist in the com.android.mediaprovider APEX instead.
05-19 19:27:24.883  1244  1244 W PackageManager: Package com.android.providers.media.module is an APK in APEX, but has permission allowlist on the system image. Please bundle the allowlist in the com.android.mediaprovider APEX instead.
05-19 19:27:24.883  1244  1244 W PackageManager: Package com.android.providers.media.module is an APK in APEX, but has permission allowlist on the system image. Please bundle the allowlist in the com.android.mediaprovider APEX instead.
05-19 19:27:24.883   800   960 D MtkOmxMp3Dec: JB MtkOmxMp3Dec::MtkOmxMp3Dec this= 0xed3af000
05-19 19:27:24.883   800   960 D MtkOmxMp3Dec: JB MtkOmxMp3Dec::InitAudioParams(MP3)
05-19 19:27:24.883  1244  1244 W PackageManager: Package com.android.providers.media.module is an APK in APEX, but has permission allowlist on the system image. Please bundle the allowlist in the com.android.mediaprovider APEX instead.
05-19 19:27:24.883  1244  1244 W PackageManager: Package com.android.providers.media.module is an APK in APEX, but has permission allowlist on the system image. Please bundle the allowlist in the com.android.mediaprovider APEX instead.
05-19 19:27:24.883  1244  1244 W PackageManager: Package com.android.providers.media.module is an APK in APEX, but has permission allowlist on the system image. Please bundle the allowlist in the com.android.mediaprovider APEX instead.
05-19 19:27:24.883  1244  1244 W PackageManager: Package com.android.providers.media.module is an APK in APEX, but has permission allowlist on the system image. Please bundle the allowlist in the com.android.mediaprovider APEX instead.
05-19 19:27:24.883  1244  1244 W PackageManager: Package com.android.providers.media.module is an APK in APEX, but has permission allowlist on the system image. Please bundle the allowlist in the com.android.mediaprovider APEX instead.
05-19 19:27:24.883  1244  1244 W PackageManager: Package com.android.providers.media.module is an APK in APEX, but has permission allowlist on the system image. Please bundle the allowlist in the com.android.mediaprovider APEX instead.
05-19 19:27:24.884   800   960 D MtkOmxMp3Dec: JB ~MtkOmxMp3Dec this= 0xed3af000
05-19 19:27:24.884   800   960 D MtkOmxMp3Dec: component has been DeInit before,return.
05-19 19:27:24.890  1244  1244 W SystemServiceManager: Service com.android.server.policy.PermissionPolicyService took 94 ms in onBootPhase
05-19 19:27:24.890  1244  1244 D SystemServerTiming: OnBootPhase_550_com.android.server.pm.StagingManager$Lifecycle
05-19 19:27:24.890  1244  1244 D SystemServerTiming: OnBootPhase_550_com.android.server.app.GameManagerService$Lifecycle
05-19 19:27:24.890  1244  1244 D SystemServerTiming: OnBootPhase_550_com.android.safetycenter.SafetyCenterService
05-19 19:27:24.890  1244  1244 D SystemServerTiming: OnBootPhase_550_com.android.server.appsearch.AppSearchModule$Lifecycle
05-19 19:27:24.890  1244  1244 D SystemServerTiming: OnBootPhase_550_com.android.server.media.MediaCommunicationService
05-19 19:27:24.890  1244  1244 D SystemServerTiming: OnBootPhase_550_com.android.server.compat.overrides.AppCompatOverridesService$Lifecycle
05-19 19:27:24.890  1244  1244 D SystemServerTiming: OnBootPhase_550_com.android.server.derp.ParallelSpaceManagerService
05-19 19:27:24.890  1244  1244 D SystemServerTiming: StartObservingNativeCrashes
05-19 19:27:24.890  1244  1244 D SystemServerTiming: RegisterAppOpsPolicy
05-19 19:27:24.891  1244  1275 I am_wtf  : [0,1244,system_server,-1,ActivityManager,Sending non-protected broadcast android.intent.action.PARALLEL_SPACE_CHANGED from system 1244:system/1000 pkg android]
05-19 19:27:24.893  1244  1275 I DropBoxManagerService: add tag=system_server_wtf isTagEnabled=true flags=0x2
05-19 19:27:24.893  1244  1244 D SystemServerTiming: MakeNetworkManagementServiceReady
05-19 19:27:24.893  1244  1356 D SystemServerTimingAsync: InitThreadPoolExec:WebViewFactoryPreparation
05-19 19:27:24.893  1244  1356 I SystemServer: WebViewFactoryPreparation
05-19 19:27:24.893  1244  1356 D SystemServerTimingAsync: WebViewFactoryPreparation
05-19 19:27:24.894  1244  1275 I am_wtf  : [0,1244,system_server,-1,ActivityManager,Sending non-protected broadcast android.intent.action.PARALLEL_SPACE_CHANGED from system 1244:system/1000 pkg android]
05-19 19:27:24.895  1244  1356 I am_uid_running: 1037
05-19 19:27:24.895  1244  1275 I DropBoxManagerService: add tag=system_server_wtf isTagEnabled=true flags=0x2
05-19 19:27:24.896  1244  1356 E AppOps  : Bad call made by uid 1000. Package "android" does not belong to uid 1037.
05-19 19:27:24.896  1244  1356 E AppOps  : Cannot checkOperation
05-19 19:27:24.896  1244  1356 E AppOps  : java.lang.SecurityException: Specified package "android" under uid 1037 but it is not
05-19 19:27:24.896  1244  1356 E AppOps  : 	at com.android.server.appop.AppOpsService.verifyAndGetBypass(AppOpsService.java:4773)
05-19 19:27:24.896  1244  1356 E AppOps  : 	at com.android.server.appop.AppOpsService.verifyAndGetBypass(AppOpsService.java:4621)
05-19 19:27:24.896  1244  1356 E AppOps  : 	at com.android.server.appop.AppOpsService.verifyAndGetBypass(AppOpsService.java:4613)
05-19 19:27:24.896  1244  1356 E AppOps  : 	at com.android.server.appop.AppOpsService.checkOperationUnchecked(AppOpsService.java:3267)
05-19 19:27:24.896  1244  1356 E AppOps  : 	at com.android.server.appop.AppOpsService.checkOperationImpl(AppOpsService.java:3250)
05-19 19:27:24.896  1244  1356 E AppOps  : 	at com.android.server.appop.AppOpsService.-$$Nest$mcheckOperationImpl(Unknown Source:0)
05-19 19:27:24.896  1244  1356 E AppOps  : 	at com.android.server.appop.AppOpsService$CheckOpsDelegateDispatcher.lambda$checkOperation$0(AppOpsService.java:7709)
05-19 19:27:24.896  1244  1356 E AppOps  : 	at com.android.server.appop.AppOpsService$CheckOpsDelegateDispatcher.$r8$lambda$KrwrxMLmGzFSEjEyo0aJ63o5J9E(Unknown Source:0)
05-19 19:27:24.896  1244  1356 E AppOps  : 	at com.android.server.appop.AppOpsService$CheckOpsDelegateDispatcher$$ExternalSyntheticLambda9.apply(Unknown Source:24)
05-19 19:27:24.896  1244  1356 E AppOps  : 	at com.android.server.policy.AppOpsPolicy.checkOperation(AppOpsPolicy.java:211)
05-19 19:27:24.896  1244  1356 E AppOps  : 	at com.android.server.appop.AppOpsService$CheckOpsDelegateDispatcher.checkOperation(AppOpsService.java:7708)
05-19 19:27:24.896  1244  1356 E AppOps  : 	at com.android.server.appop.AppOpsService.checkOperation(AppOpsService.java:3237)
05-19 19:27:24.896  1244  1356 E AppOps  : 	at com.android.server.StorageManagerService$StorageManagerInternalImpl.hasExternalStorageAccess(StorageManagerService.java:4875)
05-19 19:27:24.896  1244  1356 E AppOps  : 	at com.android.server.am.ProcessList.startProcessLocked(ProcessList.java:1713)
05-19 19:27:24.896  1244  1356 E AppOps  : 	at com.android.server.am.ProcessList.startProcessLocked(ProcessList.java:2401)
05-19 19:27:24.896  1244  1356 E AppOps  : 	at com.android.server.am.ProcessList.startProcessLocked(ProcessList.java:2541)
05-19 19:27:24.896  1244  1356 E AppOps  : 	at com.android.server.am.ActivityManagerService.startIsolatedProcess(ActivityManagerService.java:2822)
05-19 19:27:24.896  1244  1356 E AppOps  : 	at com.android.server.am.ActivityManagerService$LocalService.startIsolatedProcess(ActivityManagerService.java:16657)
05-19 19:27:24.896  1244  1356 E AppOps  : 	at android.webkit.WebViewLibraryLoader.createRelroFile(WebViewLibraryLoader.java:126)
05-19 19:27:24.896  1244  1356 E AppOps  : 	at android.webkit.WebViewLibraryLoader.createRelros(WebViewLibraryLoader.java:164)
05-19 19:27:24.896  1244  1356 E AppOps  : 	at android.webkit.WebViewLibraryLoader.prepareNativeLibraries(WebViewLibraryLoader.java:152)
05-19 19:27:24.896  1244  1356 E AppOps  : 	at android.webkit.WebViewFactory.onWebViewProviderChanged(WebViewFactory.java:555)
05-19 19:27:24.896  1244  1356 E AppOps  : 	at com.android.server.webkit.SystemImpl.onWebViewProviderChanged(SystemImpl.java:174)
05-19 19:27:24.896  1244  1356 E AppOps  : 	at com.android.server.webkit.WebViewUpdateServiceImpl.onWebViewProviderChanged(WebViewUpdateServiceImpl.java:351)
05-19 19:27:24.896  1244  1356 E AppOps  : 	at com.android.server.webkit.WebViewUpdateServiceImpl.prepareWebViewInSystemServer(WebViewUpdateServiceImpl.java:182)
05-19 19:27:24.896  1244  1356 E AppOps  : 	at com.android.server.webkit.WebViewUpdateService.prepareWebViewInSystemServer(WebViewUpdateService.java:129)
05-19 19:27:24.896  1244  1356 E AppOps  : 	at com.android.server.SystemServer.lambda$startOtherServices$3(SystemServer.java:2903)
05-19 19:27:24.896  1244  1356 E AppOps  : 	at com.android.server.SystemServer.$r8$lambda$nG7XwJlwV2eNiP3C-iTim-mbKmM(Unknown Source:0)
05-19 19:27:24.896  1244  1356 E AppOps  : 	at com.android.server.SystemServer$$ExternalSyntheticLambda6.run(Unknown Source:2)
05-19 19:27:24.896  1244  1356 E AppOps  : 	at com.android.server.SystemServerInitThreadPool.lambda$submitTask$0(SystemServerInitThreadPool.java:106)
05-19 19:27:24.896  1244  1356 E AppOps  : 	at com.android.server.SystemServerInitThreadPool.$r8$lambda$aGlXt69ihU44Qi7EB_RNeu8pnrY(Unknown Source:0)
05-19 19:27:24.896  1244  1356 E AppOps  : 	at com.android.server.SystemServerInitThreadPool$$ExternalSyntheticLambda0.run(Unknown Source:6)
05-19 19:27:24.896  1244  1356 E AppOps  : 	at java.util.concurrent.Executors$RunnableAdapter.call(Executors.java:463)
05-19 19:27:24.896  1244  1356 E AppOps  : 	at java.util.concurrent.FutureTask.run(FutureTask.java:264)
05-19 19:27:24.896  1244  1356 E AppOps  : 	at java.util.concurrent.ThreadPoolExecutor.runWorker(ThreadPoolExecutor.java:1137)
05-19 19:27:24.896  1244  1356 E AppOps  : 	at java.util.concurrent.ThreadPoolExecutor$Worker.run(ThreadPoolExecutor.java:637)
05-19 19:27:24.896  1244  1356 E AppOps  : 	at com.android.internal.util.ConcurrentUtils$1$1.run(ConcurrentUtils.java:65)
05-19 19:27:24.897  1244  1356 D CompatibilityChangeReporter: Compat change id reported: 135634846; UID 1000; state: DISABLED
05-19 19:27:24.897  1244  1356 D CompatibilityChangeReporter: Compat change id reported: 177438394; UID 1000; state: DISABLED
05-19 19:27:24.897  1244  1356 D CompatibilityChangeReporter: Compat change id reported: 135772972; UID 1000; state: DISABLED
05-19 19:27:24.897  1244  1356 D CompatibilityChangeReporter: Compat change id reported: 178038272; UID 1000; state: DISABLED
05-19 19:27:24.897  1244  1356 E AppOps  : Bad call made by uid 1000. Package "android" does not belong to uid 1037.
05-19 19:27:24.898  1244  1356 E AppOps  : Cannot checkOperation
05-19 19:27:24.898  1244  1356 E AppOps  : java.lang.SecurityException: Specified package "android" under uid 1037 but it is not
05-19 19:27:24.898  1244  1356 E AppOps  : 	at com.android.server.appop.AppOpsService.verifyAndGetBypass(AppOpsService.java:4773)
05-19 19:27:24.898  1244  1356 E AppOps  : 	at com.android.server.appop.AppOpsService.verifyAndGetBypass(AppOpsService.java:4621)
05-19 19:27:24.898  1244  1356 E AppOps  : 	at com.android.server.appop.AppOpsService.verifyAndGetBypass(AppOpsService.java:4613)
05-19 19:27:24.898  1244  1356 E AppOps  : 	at com.android.server.appop.AppOpsService.checkOperationUnchecked(AppOpsService.java:3267)
05-19 19:27:24.898  1244  1356 E AppOps  : 	at com.android.server.appop.AppOpsService.checkOperationImpl(AppOpsService.java:3250)
05-19 19:27:24.898  1244  1356 E AppOps  : 	at com.android.server.appop.AppOpsService.-$$Nest$mcheckOperationImpl(Unknown Source:0)
05-19 19:27:24.898  1244  1356 E AppOps  : 	at com.android.server.appop.AppOpsService$CheckOpsDelegateDispatcher.lambda$checkOperation$0(AppOpsService.java:7709)
05-19 19:27:24.898  1244  1356 E AppOps  : 	at com.android.server.appop.AppOpsService$CheckOpsDelegateDispatcher.$r8$lambda$KrwrxMLmGzFSEjEyo0aJ63o5J9E(Unknown Source:0)
05-19 19:27:24.898  1244  1356 E AppOps  : 	at com.android.server.appop.AppOpsService$CheckOpsDelegateDispatcher$$ExternalSyntheticLambda9.apply(Unknown Source:24)
05-19 19:27:24.898  1244  1356 E AppOps  : 	at com.android.server.policy.AppOpsPolicy.checkOperation(AppOpsPolicy.java:211)
05-19 19:27:24.898  1244  1356 E AppOps  : 	at com.android.server.appop.AppOpsService$CheckOpsDelegateDispatcher.checkOperation(AppOpsService.java:7708)
05-19 19:27:24.898  1244  1356 E AppOps  : 	at com.android.server.appop.AppOpsService.checkOperation(AppOpsService.java:3237)
05-19 19:27:24.898  1244  1356 E AppOps  : 	at com.android.server.StorageManagerService$StorageManagerInternalImpl.hasExternalStorageAccess(StorageManagerService.java:4875)
05-19 19:27:24.898  1244  1356 E AppOps  : 	at com.android.server.am.ProcessList.startProcessLocked(ProcessList.java:1713)
05-19 19:27:24.898  1244  1356 E AppOps  : 	at com.android.server.am.ProcessList.startProcessLocked(ProcessList.java:2401)
05-19 19:27:24.898  1244  1356 E AppOps  : 	at com.android.server.am.ProcessList.startProcessLocked(ProcessList.java:2541)
05-19 19:27:24.898  1244  1356 E AppOps  : 	at com.android.server.am.ActivityManagerService.startIsolatedProcess(ActivityManagerService.java:2822)
05-19 19:27:24.898  1244  1356 E AppOps  : 	at com.android.server.am.ActivityManagerService$LocalService.startIsolatedProcess(ActivityManagerService.java:16657)
05-19 19:27:24.898  1244  1356 E AppOps  : 	at android.webkit.WebViewLibraryLoader.createRelroFile(WebViewLibraryLoader.java:126)
05-19 19:27:24.898  1244  1356 E AppOps  : 	at android.webkit.WebViewLibraryLoader.createRelros(WebViewLibraryLoader.java:170)
05-19 19:27:24.898  1244  1356 E AppOps  : 	at android.webkit.WebViewLibraryLoader.prepareNativeLibraries(WebViewLibraryLoader.java:152)
05-19 19:27:24.898  1244  1356 E AppOps  : 	at android.webkit.WebViewFactory.onWebViewProviderChanged(WebViewFactory.java:555)
05-19 19:27:24.898  1244  1356 E AppOps  : 	at com.android.server.webkit.SystemImpl.onWebViewProviderChanged(SystemImpl.java:174)
05-19 19:27:24.898  1244  1356 E AppOps  : 	at com.android.server.webkit.WebViewUpdateServiceImpl.onWebViewProviderChanged(WebViewUpdateServiceImpl.java:351)
05-19 19:27:24.898  1244  1356 E AppOps  : 	at com.android.server.webkit.WebViewUpdateServiceImpl.prepareWebViewInSystemServer(WebViewUpdateServiceImpl.java:182)
05-19 19:27:24.898  1244  1356 E AppOps  : 	at com.android.server.webkit.WebViewUpdateService.prepareWebViewInSystemServer(WebViewUpdateService.java:129)
05-19 19:27:24.898  1244  1356 E AppOps  : 	at com.android.server.SystemServer.lambda$startOtherServices$3(SystemServer.java:2903)
05-19 19:27:24.898  1244  1356 E AppOps  : 	at com.android.server.SystemServer.$r8$lambda$nG7XwJlwV2eNiP3C-iTim-mbKmM(Unknown Source:0)
05-19 19:27:24.898  1244  1356 E AppOps  : 	at com.android.server.SystemServer$$ExternalSyntheticLambda6.run(Unknown Source:2)
05-19 19:27:24.898  1244  1356 E AppOps  : 	at com.android.server.SystemServerInitThreadPool.lambda$submitTask$0(SystemServerInitThreadPool.java:106)
05-19 19:27:24.898  1244  1356 E AppOps  : 	at com.android.server.SystemServerInitThreadPool.$r8$lambda$aGlXt69ihU44Qi7EB_RNeu8pnrY(Unknown Source:0)
05-19 19:27:24.898  1244  1356 E AppOps  : 	at com.android.server.SystemServerInitThreadPool$$ExternalSyntheticLambda0.run(Unknown Source:6)
05-19 19:27:24.898  1244  1356 E AppOps  : 	at java.util.concurrent.Executors$RunnableAdapter.call(Executors.java:463)
05-19 19:27:24.898  1244  1356 E AppOps  : 	at java.util.concurrent.FutureTask.run(FutureTask.java:264)
05-19 19:27:24.898  1244  1356 E AppOps  : 	at java.util.concurrent.ThreadPoolExecutor.runWorker(ThreadPoolExecutor.java:1137)
05-19 19:27:24.898  1244  1356 E AppOps  : 	at java.util.concurrent.ThreadPoolExecutor$Worker.run(ThreadPoolExecutor.java:637)
05-19 19:27:24.898  1244  1356 E AppOps  : 	at com.android.internal.util.ConcurrentUtils$1$1.run(ConcurrentUtils.java:65)
05-19 19:27:25.031  1244  1244 D SystemServerTiming: MakeConnectivityServiceReady
05-19 19:27:25.051  1244  1244 D SystemServerTiming: MakeVpnManagerServiceReady
05-19 19:27:25.062  1244  1360 I commit_sys_config_file: [net-policy,6]
05-19 19:27:25.062  1244  1244 D SystemServerTiming: MakeVcnManagementServiceReady
05-19 19:27:25.066  1244  1244 D TelephonyRegistry: listen oscl: mHasNotifySubscriptionInfoChangedOccurred==false no callback
05-19 19:27:25.066  1244  1360 D CompatibilityChangeReporter: Compat change id reported: 218533173; UID 10471; state: ENABLED
05-19 19:27:25.067  1244  1244 D SystemServerTiming: MakeNetworkPolicyServiceReady
05-19 19:27:25.068  1244  1360 D CompatibilityChangeReporter: Compat change id reported: 218533173; UID 10564; state: ENABLED
05-19 19:27:25.068  1244  1360 D CompatibilityChangeReporter: Compat change id reported: 218533173; UID 10442; state: ENABLED
05-19 19:27:25.068  1244  1375 I VcnManagementService: new snapshot: TelephonySubscriptionSnapshot{ mActiveDataSubId=-1, mSubIdToInfoMap={}, mSubIdToCarrierConfigMap={}, mPrivilegedPackages={} }
05-19 19:27:25.068  1244  1360 D CompatibilityChangeReporter: Compat change id reported: 218533173; UID 10470; state: ENABLED
05-19 19:27:25.069  1244  1360 D CompatibilityChangeReporter: Compat change id reported: 218533173; UID 10531; state: ENABLED
05-19 19:27:25.069  1244  1360 D CompatibilityChangeReporter: Compat change id reported: 218533173; UID 10519; state: ENABLED
05-19 19:27:25.069  1244  1360 D CompatibilityChangeReporter: Compat change id reported: 218533173; UID 10451; state: ENABLED
05-19 19:27:25.069  1244  1360 D CompatibilityChangeReporter: Compat change id reported: 218533173; UID 10540; state: ENABLED
05-19 19:27:25.070  1244  1360 D CompatibilityChangeReporter: Compat change id reported: 218533173; UID 10556; state: ENABLED
05-19 19:27:25.070  1244  1360 D CompatibilityChangeReporter: Compat change id reported: 218533173; UID 10484; state: ENABLED
05-19 19:27:25.070  1244  1360 D CompatibilityChangeReporter: Compat change id reported: 218533173; UID 10477; state: ENABLED
05-19 19:27:25.070  1244  1360 D CompatibilityChangeReporter: Compat change id reported: 218533173; UID 10520; state: ENABLED
05-19 19:27:25.070  1244  1360 D CompatibilityChangeReporter: Compat change id reported: 218533173; UID 10550; state: ENABLED
05-19 19:27:25.071  1244  1360 D CompatibilityChangeReporter: Compat change id reported: 218533173; UID 10537; state: ENABLED
05-19 19:27:25.071  1244  1360 D CompatibilityChangeReporter: Compat change id reported: 218533173; UID 10474; state: ENABLED
05-19 19:27:25.071  1244  1360 D CompatibilityChangeReporter: Compat change id reported: 218533173; UID 10462; state: ENABLED
05-19 19:27:25.071  1244  1360 D CompatibilityChangeReporter: Compat change id reported: 218533173; UID 10455; state: ENABLED
05-19 19:27:25.071  1244  1360 D CompatibilityChangeReporter: Compat change id reported: 218533173; UID 10535; state: ENABLED
05-19 19:27:25.072  1244  1360 D CompatibilityChangeReporter: Compat change id reported: 218533173; UID 10553; state: ENABLED
05-19 19:27:25.072  1244  1360 D CompatibilityChangeReporter: Compat change id reported: 218533173; UID 10563; state: ENABLED
05-19 19:27:25.072  1244  1360 D CompatibilityChangeReporter: Compat change id reported: 218533173; UID 10534; state: ENABLED
05-19 19:27:25.072  1244  1360 D CompatibilityChangeReporter: Compat change id reported: 218533173; UID 10530; state: ENABLED
05-19 19:27:25.072  1244  1360 D CompatibilityChangeReporter: Compat change id reported: 218533173; UID 10568; state: ENABLED
05-19 19:27:25.109   800   800 I auditd  : type=1400 audit(0.0:59): avc: denied { read } for comm="HwBinder:800_2" name="u:object_r:default_prop:s0" dev="tmpfs" ino=2636 scontext=u:r:mediacodec:s0 tcontext=u:object_r:default_prop:s0 tclass=file permissive=0
05-19 19:27:25.109   800   800 I auditd  : type=1400 audit(0.0:60): avc: denied { read } for comm="HwBinder:800_2" name="u:object_r:default_prop:s0" dev="tmpfs" ino=2636 scontext=u:r:mediacodec:s0 tcontext=u:object_r:default_prop:s0 tclass=file permissive=0
05-19 19:27:25.119  1244  1359 I netstats_mobile_sample: [0,0,0,0,0,0,0,0,0,0,0,0,1747663045118]
05-19 19:27:25.119  1244  1359 I netstats_wifi_sample: [0,0,0,0,0,0,0,0,0,0,0,0,1747663045118]
05-19 19:27:25.123  1244  1360 D TelephonyRegistry: listen oscl: mHasNotifySubscriptionInfoChangedOccurred==false no callback
05-19 19:27:25.125  1244  1244 D SystemServerTiming: PhaseThirdPartyAppsCanStart
05-19 19:27:25.125  1244  1244 I SystemServiceManager: Starting phase 600
05-19 19:27:25.126  1244  1244 D SystemServerTiming: OnBootPhase_600
05-19 19:27:25.126  1244  1244 D SystemServerTiming: OnBootPhase_600_com.android.server.security.FileIntegrityService
05-19 19:27:25.126  1244  1244 D SystemServerTiming: OnBootPhase_600_com.android.server.pm.Installer
05-19 19:27:25.126  1244  1244 D SystemServerTiming: OnBootPhase_600_com.android.server.os.DeviceIdentifiersPolicyService
05-19 19:27:25.126  1244  1244 D SystemServerTiming: OnBootPhase_600_com.android.server.uri.UriGrantsManagerService$Lifecycle
05-19 19:27:25.126  1244  1244 D SystemServerTiming: OnBootPhase_600_com.android.server.powerstats.PowerStatsService
05-19 19:27:25.126  1244  1244 D SystemServerTiming: OnBootPhase_600_com.android.server.wm.ActivityTaskManagerService$Lifecycle
05-19 19:27:25.126  1244  1244 D SystemServerTiming: OnBootPhase_600_com.android.server.am.ActivityManagerService$Lifecycle
05-19 19:27:25.126  1244  1359 I netstats_mobile_sample: [0,0,0,0,0,0,0,0,0,0,0,0,1747663045126]
05-19 19:27:25.126  1244  1359 I netstats_wifi_sample: [0,0,0,0,0,0,0,0,0,0,0,0,1747663045126]
05-19 19:27:25.127  1244  1244 I ExplicitHealthCheckController: Explicit health checks enabled.
05-19 19:27:25.127  1244  1244 I PackageWatchdog: Syncing state, reason: health check state enabled
05-19 19:27:25.127  1244  1244 I PackageWatchdog: Discarding observer rollback-observer. All packages expired
05-19 19:27:25.128  1244  1274 I PackageWatchdog: Saving observer state to file
05-19 19:27:25.128  1244  1244 D SystemServerTiming: OnBootPhase_600_com.android.server.pm.DataLoaderManagerService
05-19 19:27:25.128  1244  1244 D SystemServerTiming: OnBootPhase_600_com.android.server.power.PowerManagerService
05-19 19:27:25.128  1244  1244 D SystemServerTiming: OnBootPhase_600_com.android.server.power.ThermalManagerService
05-19 19:27:25.128  1244  1244 D SystemServerTiming: OnBootPhase_600_com.android.server.power.hint.HintManagerService
05-19 19:27:25.128  1244  1244 D SystemServerTiming: OnBootPhase_600_com.android.server.recoverysystem.RecoverySystemService$Lifecycle
05-19 19:27:25.128  1244  1244 D SystemServerTiming: OnBootPhase_600_com.android.server.lights.LightsService
05-19 19:27:25.128  1244  1244 D SystemServerTiming: OnBootPhase_600_com.android.server.display.DisplayManagerService
05-19 19:27:25.128  1244  1244 D SystemServerTiming: OnBootPhase_600_com.android.server.pm.verify.domain.DomainVerificationService
05-19 19:27:25.128  1244  1244 D SystemServerTiming: OnBootPhase_600_com.android.server.pm.PackageInstallerService$Lifecycle
05-19 19:27:25.128  1244  1244 D SystemServerTiming: OnBootPhase_600_com.android.server.pm.UserManagerService$LifeCycle
05-19 19:27:25.129  1244  1244 D SystemServerTiming: OnBootPhase_600_com.android.server.om.OverlayManagerService
05-19 19:27:25.129  1244  1244 D SystemServerTiming: OnBootPhase_600_com.android.server.resources.ResourcesManagerService
05-19 19:27:25.129  1244  1244 D SystemServerTiming: OnBootPhase_600_com.android.server.sensorprivacy.SensorPrivacyService
05-19 19:27:25.129  1244  1244 D SystemServerTiming: OnBootPhase_600_com.android.server.sensors.SensorService
05-19 19:27:25.129  1244  1244 D SystemServerTiming: OnBootPhase_600_com.android.server.SystemConfigService
05-19 19:27:25.129  1244  1244 D SystemServerTiming: OnBootPhase_600_com.android.server.BatteryService
05-19 19:27:25.129  1244  1244 D SystemServerTiming: OnBootPhase_600_com.android.server.usage.UsageStatsService
05-19 19:27:25.129  1244  1244 D SystemServerTiming: OnBootPhase_600_com.android.server.webkit.WebViewUpdateService
05-19 19:27:25.129  1244  1244 D SystemServerTiming: OnBootPhase_600_com.android.server.CachedDeviceStateService
05-19 19:27:25.129  1244  1244 D SystemServerTiming: OnBootPhase_600_com.android.server.BinderCallsStatsService$LifeCycle
05-19 19:27:25.129  1244  1244 D SystemServerTiming: OnBootPhase_600_com.android.server.LooperStatsService$Lifecycle
05-19 19:27:25.129  1244  1244 D SystemServerTiming: OnBootPhase_600_com.android.server.rollback.RollbackManagerService
05-19 19:27:25.129  1244  1244 D SystemServerTiming: OnBootPhase_600_com.android.server.os.NativeTombstoneManagerService
05-19 19:27:25.129  1244  1244 D SystemServerTiming: OnBootPhase_600_com.android.server.os.BugreportManagerService
05-19 19:27:25.129  1244  1244 D SystemServerTiming: OnBootPhase_600_com.android.server.gpu.GpuService
05-19 19:27:25.129  1244  1244 D SystemServerTiming: OnBootPhase_600_com.android.server.security.KeyChainSystemService
05-19 19:27:25.129  1244  1244 D SystemServerTiming: OnBootPhase_600_com.android.server.BinaryTransparencyService
05-19 19:27:25.129  1244  1244 D SystemServerTiming: OnBootPhase_600_com.android.server.telecom.TelecomLoaderService
05-19 19:27:25.129  1244  1244 D SystemServerTiming: OnBootPhase_600_com.android.server.accounts.AccountManagerService$Lifecycle
05-19 19:27:25.129  1244  1244 D SystemServerTiming: OnBootPhase_600_com.android.server.content.ContentService$Lifecycle
05-19 19:27:25.129  1244  1244 D SystemServerTiming: OnBootPhase_600_com.android.server.DropBoxManagerService
05-19 19:27:25.129  1244  1244 D SystemServerTiming: OnBootPhase_600_com.android.role.RoleService
05-19 19:27:25.129  1244  1244 D SystemServerTiming: OnBootPhase_600_com.android.server.vibrator.VibratorManagerService$Lifecycle
05-19 19:27:25.129  1244  1244 D SystemServerTiming: OnBootPhase_600_com.android.server.tare.InternalResourceService
05-19 19:27:25.129  1244  1244 D SystemServerTiming: OnBootPhase_600_com.android.server.alarm.AlarmManagerService
05-19 19:27:25.129  1244  1244 D SystemServerTiming: OnBootPhase_600_com.android.server.devicestate.DeviceStateManagerService
05-19 19:27:25.129  1244  1244 D SystemServerTiming: OnBootPhase_600_com.android.server.camera.CameraServiceProxy
05-19 19:27:25.130  1244  1244 D SystemServerTiming: OnBootPhase_600_com.android.server.bluetooth.BluetoothService
05-19 19:27:25.130  1244  1244 D SystemServerTiming: OnBootPhase_600_com.android.server.connectivity.IpConnectivityMetrics
05-19 19:27:25.130  1244  1244 D SystemServerTiming: OnBootPhase_600_com.android.server.net.watchlist.NetworkWatchlistService$Lifecycle
05-19 19:27:25.130  1244  1244 D SystemServerTiming: OnBootPhase_600_com.android.server.PinnerService
05-19 19:27:25.130  1244  1244 D SystemServerTiming: OnBootPhase_600_com.android.server.integrity.AppIntegrityManagerService
05-19 19:27:25.130  1244  1244 D SystemServerTiming: OnBootPhase_600_com.android.server.logcat.LogcatManagerService
05-19 19:27:25.130  1244  1244 D SystemServerTiming: OnBootPhase_600_com.android.server.derp.LineageGlobalActionsService
05-19 19:27:25.130  1244  1244 D SystemServerTiming: OnBootPhase_600_com.android.server.inputmethod.InputMethodManagerService$Lifecycle
05-19 19:27:25.130  1244  1244 D SystemServerTiming: OnBootPhase_600_com.android.server.accessibility.AccessibilityManagerService$Lifecycle
05-19 19:27:25.131  1244  1244 D SystemServerTiming: OnBootPhase_600_com.android.server.StorageManagerService$Lifecycle
05-19 19:27:25.131  1244  1244 D SystemServerTiming: OnBootPhase_600_com.android.server.usage.StorageStatsService$Lifecycle
05-19 19:27:25.131  1244  1244 D SystemServerTiming: OnBootPhase_600_com.android.server.UiModeManagerService
05-19 19:27:25.131  1244  1244 D SystemServerTiming: OnBootPhase_600_com.android.server.locales.LocaleManagerService
05-19 19:27:25.131  1244  1244 D SystemServerTiming: OnBootPhase_600_com.android.server.locksettings.LockSettingsService$Lifecycle
05-19 19:27:25.132  1244  1244 D SystemServerTiming: OnBootPhase_600_com.android.server.PersistentDataBlockService
05-19 19:27:25.132  1244  1244 D SystemServerTiming: OnBootPhase_600_com.android.server.testharness.TestHarnessModeService
05-19 19:27:25.132  1244  1244 D SystemServerTiming: OnBootPhase_600_com.android.server.oemlock.OemLockService
05-19 19:27:25.132  1244  1244 D SystemServerTiming: OnBootPhase_600_com.android.server.DeviceIdleController
05-19 19:27:25.132  1244  1244 D SystemServerTiming: OnBootPhase_600_com.android.server.devicepolicy.DevicePolicyManagerService$Lifecycle
05-19 19:27:25.132  1244  1244 D SystemServerTiming: OnBootPhase_600_com.android.server.musicrecognition.MusicRecognitionManagerService
05-19 19:27:25.132  1244  1244 D SystemServerTiming: OnBootPhase_600_com.android.server.contentcapture.ContentCaptureManagerService
05-19 19:27:25.132  1244  1244 D SystemServerTiming: OnBootPhase_600_com.android.server.attention.AttentionManagerService
05-19 19:27:25.133  1244  1244 D SystemServerTiming: OnBootPhase_600_com.android.server.rotationresolver.RotationResolverManagerService
05-19 19:27:25.133  1244  1244 D SystemServerTiming: OnBootPhase_600_com.android.server.systemcaptions.SystemCaptionsManagerService
05-19 19:27:25.133  1244  1244 D SystemServerTiming: OnBootPhase_600_com.android.server.texttospeech.TextToSpeechManagerService
05-19 19:27:25.133  1244  1244 D SystemServerTiming: OnBootPhase_600_com.android.server.ambientcontext.AmbientContextManagerService
05-19 19:27:25.133  1244  1244 D SystemServerTiming: OnBootPhase_600_com.android.server.speech.SpeechRecognitionManagerService
05-19 19:27:25.133  1244  1244 D SystemServerTiming: OnBootPhase_600_com.android.server.appprediction.AppPredictionManagerService
05-19 19:27:25.133  1244  1244 D SystemServerTiming: OnBootPhase_600_com.android.server.contentsuggestions.ContentSuggestionsManagerService
05-19 19:27:25.133  1244  1244 D SystemServerTiming: OnBootPhase_600_com.android.server.searchui.SearchUiManagerService
05-19 19:27:25.134  1244  1244 D SystemServerTiming: OnBootPhase_600_com.android.server.smartspace.SmartspaceManagerService
05-19 19:27:25.134  1244  1244 D SystemServerTiming: OnBootPhase_600_com.android.server.graphics.fonts.FontManagerService$Lifecycle
05-19 19:27:25.134  1244  1244 D SystemServerTiming: OnBootPhase_600_com.android.server.textservices.TextServicesManagerService$Lifecycle
05-19 19:27:25.134  1244  1244 D SystemServerTiming: OnBootPhase_600_com.android.server.textclassifier.TextClassificationManagerService$Lifecycle
05-19 19:27:25.134  1244  1244 D SystemServerTiming: OnBootPhase_600_com.android.server.NetworkScoreService$Lifecycle
05-19 19:27:25.134  1244  1244 D SystemServerTiming: OnBootPhase_600_com.android.server.NetworkStatsServiceInitializer
05-19 19:27:25.134  1244  1244 D SystemServerTiming: OnBootPhase_600_com.android.server.wifi.WifiService
05-19 19:27:25.134  1244  1244 D SystemServerTiming: OnBootPhase_600_com.android.server.wifi.scanner.WifiScanningService
05-19 19:27:25.134  1244  1244 D SystemServerTiming: OnBootPhase_600_com.android.server.wifi.p2p.WifiP2pService
05-19 19:27:25.134  1244  1244 D SystemServerTiming: OnBootPhase_600_com.android.server.ConnectivityServiceInitializer
05-19 19:27:25.136  1244  1244 D SystemServerTiming: OnBootPhase_600_com.android.server.notification.NotificationManagerService
05-19 19:27:25.138  1244  1244 W NotificationHistory: Attempted to initialize service for stopped or removed user 0
05-19 19:27:25.138  1244  1244 D SystemServerTiming: OnBootPhase_600_com.android.server.storage.DeviceStorageMonitorService
05-19 19:27:25.138  1244  1244 D SystemServerTiming: OnBootPhase_600_com.android.server.location.LocationManagerService$Lifecycle
05-19 19:27:25.136   800   800 I auditd  : type=1400 audit(0.0:61): avc: denied { read } for comm="omx@1.0-service" name="u:object_r:default_prop:s0" dev="tmpfs" ino=2636 scontext=u:r:mediacodec:s0 tcontext=u:object_r:default_prop:s0 tclass=file permissive=0
05-19 19:27:25.136   800   800 I auditd  : type=1400 audit(0.0:62): avc: denied { read } for comm="omx@1.0-service" name="u:object_r:default_prop:s0" dev="tmpfs" ino=2636 scontext=u:r:mediacodec:s0 tcontext=u:object_r:default_prop:s0 tclass=file permissive=0
05-19 19:27:25.156  1244  1244 D TelephonyRegistry: listen oscl: mHasNotifySubscriptionInfoChangedOccurred==false no callback
05-19 19:27:25.183  1244  1258 W StorageManagerService: No primary storage defined yet; hacking together a stub
05-19 19:27:25.186   800   800 I auditd  : type=1400 audit(0.0:63): avc: denied { read } for comm="HwBinder:800_2" name="u:object_r:default_prop:s0" dev="tmpfs" ino=2636 scontext=u:r:mediacodec:s0 tcontext=u:object_r:default_prop:s0 tclass=file permissive=0
05-19 19:27:25.186   800   800 I auditd  : type=1400 audit(0.0:64): avc: denied { read } for comm="HwBinder:800_2" name="u:object_r:default_prop:s0" dev="tmpfs" ino=2636 scontext=u:r:mediacodec:s0 tcontext=u:object_r:default_prop:s0 tclass=file permissive=0
05-19 19:27:25.193  1244  1265 W CarrierConfigManager: Error getting config for subId -1 ICarrierConfigLoader is null
05-19 19:27:25.196  1244  1244 W SystemServiceManager: Service com.android.server.location.LocationManagerService$Lifecycle took 58 ms in onBootPhase
05-19 19:27:25.196  1244  1244 D SystemServerTiming: OnBootPhase_600_com.android.server.timedetector.TimeDetectorService$Lifecycle
05-19 19:27:25.196  1244  1244 D SystemServerTiming: OnBootPhase_600_com.android.server.timezonedetector.TimeZoneDetectorService$Lifecycle
05-19 19:27:25.196  1244  1244 D SystemServerTiming: OnBootPhase_600_com.android.server.timezonedetector.location.LocationTimeZoneManagerService$Lifecycle
05-19 19:27:25.197  1244  1244 D SystemServerTiming: OnBootPhase_600_com.android.server.search.SearchManagerService$Lifecycle
05-19 19:27:25.197  1244  1244 D SystemServerTiming: OnBootPhase_600_com.android.server.wallpaper.WallpaperManagerService$Lifecycle
05-19 19:27:25.197  1244  1244 D WallpaperManagerService: Wallpaper_switch-user-0
05-19 19:27:25.197  1244  1244 V WallpaperManagerService: bindWallpaperComponentLocked: componentName=ComponentInfo{com.android.systemui/com.android.systemui.wallpapers.ImageWallpaper}
05-19 19:27:25.197  1244  1244 D WallpaperManagerService: WPMS.bindWallpaperComponentLocked-ComponentInfo{com.android.systemui/com.android.systemui.wallpapers.ImageWallpaper}
05-19 19:27:25.198  1244  1244 D SystemServerTiming: OnBootPhase_600_com.android.server.wallpapereffectsgeneration.WallpaperEffectsGenerationManagerService
05-19 19:27:25.198  1244  1244 D SystemServerTiming: OnBootPhase_600_com.android.server.audio.AudioService$Lifecycle
05-19 19:27:25.198  1244  1244 D SystemServerTiming: OnBootPhase_600_com.android.server.soundtrigger_middleware.SoundTriggerMiddlewareService$Lifecycle
