05-19 19:27:24.355  1244  1244 D SystemServerTiming: OnBootPhase_550_com.android.server.resources.ResourcesManagerService
05-19 19:27:24.355  1244  1244 D SystemServerTiming: OnBootPhase_550_com.android.server.sensorprivacy.SensorPrivacyService
05-19 19:27:24.356  1244  1244 D SystemServerTiming: OnBootPhase_550_com.android.server.sensors.SensorService
05-19 19:27:24.356  1244  1244 D SystemServerTiming: OnBootPhase_550_com.android.server.SystemConfigService
05-19 19:27:24.356  1244  1244 D SystemServerTiming: OnBootPhase_550_com.android.server.BatteryService
05-19 19:27:24.356  1244  1244 D SystemServerTiming: OnBootPhase_550_com.android.server.usage.UsageStatsService
05-19 19:27:24.356  1244  1244 D SystemServerTiming: OnBootPhase_550_com.android.server.webkit.WebViewUpdateService
05-19 19:27:24.356  1244  1244 D SystemServerTiming: OnBootPhase_550_com.android.server.CachedDeviceStateService
05-19 19:27:24.356  1244  1244 D SystemServerTiming: OnBootPhase_550_com.android.server.BinderCallsStatsService$LifeCycle
05-19 19:27:24.356  1244  1244 D SystemServerTiming: OnBootPhase_550_com.android.server.LooperStatsService$Lifecycle
05-19 19:27:24.356  1244  1244 D SystemServerTiming: OnBootPhase_550_com.android.server.rollback.RollbackManagerService
05-19 19:27:24.356  1244  1244 D SystemServerTiming: OnBootPhase_550_com.android.server.os.NativeTombstoneManagerService
05-19 19:27:24.357  1244  1244 D SystemServerTiming: OnBootPhase_550_com.android.server.os.BugreportManagerService
05-19 19:27:24.357  1244  1244 D SystemServerTiming: OnBootPhase_550_com.android.server.gpu.GpuService
05-19 19:27:24.357  1244  1244 D SystemServerTiming: OnBootPhase_550_com.android.server.security.KeyChainSystemService
05-19 19:27:24.357  1244  1244 D SystemServerTiming: OnBootPhase_550_com.android.server.BinaryTransparencyService
05-19 19:27:24.357  1244  1244 D SystemServerTiming: OnBootPhase_550_com.android.server.telecom.TelecomLoaderService
05-19 19:27:24.358  1244  1326 E NativeTombstoneManager: Tombstone's UID (1000) not an app, ignoring
05-19 19:27:24.358  1244  1244 W ActivityManager: Too early to start/bind service in system_server: Phase=550 ComponentInfo{com.android.server.telecom/com.android.server.telecom.components.TelecomService}
05-19 19:27:24.359  1244  1244 D CompatibilityChangeReporter: Compat change id reported: 168419799; UID 1000; state: DISABLED
05-19 19:27:24.359  1244  1244 D CompatibilityChangeReporter: Compat change id reported: 273564678; UID 1000; state: DISABLED
05-19 19:27:24.359  1244  1244 W ActivityManager: Too early to start/bind service in system_server: Phase=550 ComponentInfo{com.android.server.telecom/com.android.server.telecom.components.TelecomService}
05-19 19:27:24.359  1244  1244 D OomAdjuster: Not killing cached processes
05-19 19:27:24.359  1244  1244 D SystemServerTiming: OnBootPhase_550_com.android.server.accounts.AccountManagerService$Lifecycle
05-19 19:27:24.359  1244  1244 D SystemServerTiming: OnBootPhase_550_com.android.server.content.ContentService$Lifecycle
05-19 19:27:24.362  1244  1326 I BootReceiver: Copying /data/tombstones/tombstone_35 to DropBox (SYSTEM_TOMBSTONE)
05-19 19:27:24.362  1244  1326 I DropBoxManagerService: add tag=SYSTEM_TOMBSTONE isTagEnabled=true flags=0x6
05-19 19:27:24.542  1244  1326 E NativeTombstoneManager: Tombstone's UID (1000) not an app, ignoring
05-19 19:27:24.543  1244  1326 I DropBoxManagerService: add tag=SYSTEM_TOMBSTONE_PROTO isTagEnabled=true flags=0x4
05-19 19:27:24.548  1244  1326 E NativeTombstoneManager: Tombstone's UID (1000) not an app, ignoring
05-19 19:27:24.555  1244  1326 I BootReceiver: Copying /data/tombstones/tombstone_24 to DropBox (SYSTEM_TOMBSTONE)
05-19 19:27:24.555  1244  1326 I DropBoxManagerService: add tag=SYSTEM_TOMBSTONE isTagEnabled=true flags=0x6
05-19 19:27:24.565  1244  1326 E NativeTombstoneManager: Tombstone's UID (1000) not an app, ignoring
05-19 19:27:24.566  1244  1326 I DropBoxManagerService: add tag=SYSTEM_TOMBSTONE_PROTO isTagEnabled=true flags=0x4
05-19 19:27:24.573  1244  1326 E NativeTombstoneManager: Tombstone's UID (1000) not an app, ignoring
05-19 19:27:24.573  1244  1326 I DropBoxManagerService: add tag=SYSTEM_TOMBSTONE_PROTO isTagEnabled=true flags=0x4
05-19 19:27:24.583  1244  1326 E NativeTombstoneManager: Tombstone's UID (1000) not an app, ignoring
05-19 19:27:24.584  1244  1326 I DropBoxManagerService: add tag=SYSTEM_TOMBSTONE_PROTO isTagEnabled=true flags=0x4
05-19 19:27:24.587  1244  1265 I UsbPortManager: USB HAL HIDL version: 11
05-19 19:27:24.600  1244  1326 E NativeTombstoneManager: Tombstone's UID (1000) not an app, ignoring
05-19 19:27:24.603  1244  1326 E NativeTombstoneManager: Tombstone's UID (1000) not an app, ignoring
05-19 19:27:24.604  1244  1326 E NativeTombstoneManager: Tombstone's UID (1000) not an app, ignoring
05-19 19:27:24.607  1244  1326 E NativeTombstoneManager: Tombstone's UID (1000) not an app, ignoring
05-19 19:27:24.610  1244  1326 E NativeTombstoneManager: Tombstone's UID (1001) not an app, ignoring
05-19 19:27:24.614  1244  1326 E NativeTombstoneManager: Tombstone's UID (1000) not an app, ignoring
05-19 19:27:24.614  1244  1326 E NativeTombstoneManager: Tombstone's UID (1000) not an app, ignoring
05-19 19:27:24.615  1244  1326 E NativeTombstoneManager: Tombstone's UID (1000) not an app, ignoring
05-19 19:27:24.616  1244  1326 E NativeTombstoneManager: Tombstone's UID (1000) not an app, ignoring
05-19 19:27:24.616  1244  1326 E NativeTombstoneManager: Tombstone's UID (1000) not an app, ignoring
05-19 19:27:24.616  1244  1326 E NativeTombstoneManager: Tombstone's UID (1000) not an app, ignoring
05-19 19:27:24.622  1244  1326 E NativeTombstoneManager: Tombstone's UID (1000) not an app, ignoring
05-19 19:27:24.623  1244  1326 E NativeTombstoneManager: Tombstone's UID (1000) not an app, ignoring
05-19 19:27:24.624  1244  1326 E NativeTombstoneManager: Tombstone's UID (1000) not an app, ignoring
05-19 19:27:24.628  1244  1326 E NativeTombstoneManager: Tombstone's UID (1000) not an app, ignoring
05-19 19:27:24.628  1244  1326 E NativeTombstoneManager: Tombstone's UID (1000) not an app, ignoring
05-19 19:27:24.629  1244  1326 E NativeTombstoneManager: Tombstone's UID (1000) not an app, ignoring
05-19 19:27:24.629  1244  1326 E NativeTombstoneManager: Tombstone's UID (1000) not an app, ignoring
05-19 19:27:24.629  1244  1326 E NativeTombstoneManager: Tombstone's UID (1001) not an app, ignoring
05-19 19:27:24.632  1244  1326 E NativeTombstoneManager: Tombstone's UID (1000) not an app, ignoring
05-19 19:27:24.637  1244  1326 E NativeTombstoneManager: Tombstone's UID (1000) not an app, ignoring
05-19 19:27:24.640  1244  1326 E NativeTombstoneManager: Tombstone's UID (1000) not an app, ignoring
05-19 19:27:24.641  1244  1326 E NativeTombstoneManager: Tombstone's UID (1000) not an app, ignoring
05-19 19:27:24.644  1244  1326 E NativeTombstoneManager: Tombstone's UID (1000) not an app, ignoring
05-19 19:27:24.647  1244  1326 E NativeTombstoneManager: Tombstone's UID (1000) not an app, ignoring
05-19 19:27:24.647  1244  1326 E NativeTombstoneManager: Tombstone's UID (1000) not an app, ignoring
05-19 19:27:24.648  1244  1326 E NativeTombstoneManager: Tombstone's UID (1000) not an app, ignoring
05-19 19:27:24.648  1244  1326 E NativeTombstoneManager: Tombstone's UID (1000) not an app, ignoring
05-19 19:27:24.649  1244  1326 E NativeTombstoneManager: Tombstone's UID (1000) not an app, ignoring
05-19 19:27:24.649  1244  1326 E NativeTombstoneManager: Tombstone's UID (1000) not an app, ignoring
05-19 19:27:24.649  1244  1326 E NativeTombstoneManager: Tombstone's UID (1000) not an app, ignoring
05-19 19:27:24.653  1244  1326 E NativeTombstoneManager: Tombstone's UID (1000) not an app, ignoring
05-19 19:27:24.653  1244  1326 E NativeTombstoneManager: Tombstone's UID (1000) not an app, ignoring
05-19 19:27:24.654  1244  1326 E NativeTombstoneManager: Tombstone's UID (1000) not an app, ignoring
05-19 19:27:24.654  1244  1326 E NativeTombstoneManager: Tombstone's UID (1000) not an app, ignoring
05-19 19:27:24.654  1244  1326 E NativeTombstoneManager: Tombstone's UID (1000) not an app, ignoring
05-19 19:27:24.659  1244  1326 E NativeTombstoneManager: Tombstone's UID (1000) not an app, ignoring
05-19 19:27:24.660  1244  1326 E NativeTombstoneManager: Tombstone's UID (1000) not an app, ignoring
05-19 19:27:24.660  1244  1326 E NativeTombstoneManager: Tombstone's UID (1000) not an app, ignoring
05-19 19:27:24.660  1244  1326 E NativeTombstoneManager: Tombstone's UID (1000) not an app, ignoring
05-19 19:27:24.661  1244  1326 E NativeTombstoneManager: Tombstone's UID (1000) not an app, ignoring
05-19 19:27:24.661  1244  1326 E NativeTombstoneManager: Tombstone's UID (1000) not an app, ignoring
05-19 19:27:24.661  1244  1326 E NativeTombstoneManager: Tombstone's UID (1000) not an app, ignoring
05-19 19:27:24.662  1244  1326 E NativeTombstoneManager: Tombstone's UID (1000) not an app, ignoring
05-19 19:27:24.662  1244  1326 E NativeTombstoneManager: Tombstone's UID (1000) not an app, ignoring
05-19 19:27:24.663  1244  1326 E NativeTombstoneManager: Tombstone's UID (1000) not an app, ignoring
05-19 19:27:24.663  1244  1326 E NativeTombstoneManager: Tombstone's UID (1000) not an app, ignoring
05-19 19:27:24.663  1244  1326 E NativeTombstoneManager: Tombstone's UID (1000) not an app, ignoring
05-19 19:27:24.663  1244  1326 E NativeTombstoneManager: Tombstone's UID (1000) not an app, ignoring
05-19 19:27:24.664  1244  1326 E NativeTombstoneManager: Tombstone's UID (1000) not an app, ignoring
05-19 19:27:24.664  1244  1326 E NativeTombstoneManager: Tombstone's UID (1000) not an app, ignoring
05-19 19:27:24.664  1244  1326 E NativeTombstoneManager: Tombstone's UID (1000) not an app, ignoring
05-19 19:27:24.665  1244  1326 E NativeTombstoneManager: Tombstone's UID (1000) not an app, ignoring
05-19 19:27:24.665  1244  1326 E NativeTombstoneManager: Tombstone's UID (1000) not an app, ignoring
05-19 19:27:24.666  1244  1326 E NativeTombstoneManager: Tombstone's UID (1000) not an app, ignoring
05-19 19:27:24.666  1244  1326 E NativeTombstoneManager: Tombstone's UID (1000) not an app, ignoring
05-19 19:27:24.666  1244  1326 E NativeTombstoneManager: Tombstone's UID (1000) not an app, ignoring
05-19 19:27:24.666  1244  1326 E NativeTombstoneManager: Tombstone's UID (1000) not an app, ignoring
05-19 19:27:24.667  1244  1326 E NativeTombstoneManager: Tombstone's UID (1000) not an app, ignoring
05-19 19:27:24.668  1244  1326 E NativeTombstoneManager: Tombstone's UID (1000) not an app, ignoring
05-19 19:27:24.668  1244  1326 E NativeTombstoneManager: Tombstone's UID (1000) not an app, ignoring
05-19 19:27:24.668  1244  1326 E NativeTombstoneManager: Tombstone's UID (1000) not an app, ignoring
05-19 19:27:24.669  1244  1326 E NativeTombstoneManager: Tombstone's UID (1000) not an app, ignoring
05-19 19:27:24.669  1244  1326 E NativeTombstoneManager: Tombstone's UID (1000) not an app, ignoring
05-19 19:27:24.669  1244  1326 E NativeTombstoneManager: Tombstone's UID (1000) not an app, ignoring
05-19 19:27:24.670  1244  1326 E NativeTombstoneManager: Tombstone's UID (1000) not an app, ignoring
05-19 19:27:24.670  1244  1326 E NativeTombstoneManager: Tombstone's UID (1000) not an app, ignoring
05-19 19:27:24.671  1244  1326 E NativeTombstoneManager: Tombstone's UID (1000) not an app, ignoring
05-19 19:27:24.671  1244  1326 E NativeTombstoneManager: Tombstone's UID (1000) not an app, ignoring
05-19 19:27:24.671  1244  1326 E NativeTombstoneManager: Tombstone's UID (1000) not an app, ignoring
05-19 19:27:24.672  1244  1326 E NativeTombstoneManager: Tombstone's UID (1000) not an app, ignoring
05-19 19:27:24.673  1244  1326 E NativeTombstoneManager: Tombstone's UID (1000) not an app, ignoring
05-19 19:27:24.673  1244  1326 E NativeTombstoneManager: Tombstone's UID (1000) not an app, ignoring
05-19 19:27:24.673  1244  1326 E NativeTombstoneManager: Tombstone's UID (1000) not an app, ignoring
05-19 19:27:24.674  1244  1326 E NativeTombstoneManager: Tombstone's UID (1000) not an app, ignoring
05-19 19:27:24.674  1244  1326 E NativeTombstoneManager: Tombstone's UID (1000) not an app, ignoring
05-19 19:27:24.674  1244  1326 E NativeTombstoneManager: Tombstone's UID (1000) not an app, ignoring
05-19 19:27:24.675  1244  1326 E NativeTombstoneManager: Tombstone's UID (1000) not an app, ignoring
05-19 19:27:24.675  1244  1326 E NativeTombstoneManager: Tombstone's UID (1000) not an app, ignoring
05-19 19:27:24.675  1244  1326 E NativeTombstoneManager: Tombstone's UID (1000) not an app, ignoring
05-19 19:27:24.675  1244  1326 E NativeTombstoneManager: Tombstone's UID (1000) not an app, ignoring
05-19 19:27:24.675  1244  1326 E NativeTombstoneManager: Tombstone's UID (1000) not an app, ignoring
05-19 19:27:24.675  1244  1244 W SystemServiceManager: Service com.android.server.content.ContentService$Lifecycle took 316 ms in onBootPhase
05-19 19:27:24.675  1244  1326 E NativeTombstoneManager: Tombstone's UID (1000) not an app, ignoring
05-19 19:27:24.675  1244  1244 D SystemServerTiming: OnBootPhase_550_com.android.server.DropBoxManagerService
05-19 19:27:24.675  1244  1244 D SystemServerTiming: OnBootPhase_550_com.android.role.RoleService
05-19 19:27:24.675  1244  1244 D SystemServerTiming: OnBootPhase_550_com.android.server.vibrator.VibratorManagerService$Lifecycle
05-19 19:27:24.675  1244  1244 D SystemServerTiming: OnBootPhase_550_com.android.server.tare.InternalResourceService
05-19 19:27:24.676  1244  1244 D SystemServerTiming: OnBootPhase_550_com.android.server.alarm.AlarmManagerService
05-19 19:27:24.676  1244  1244 D SystemServerTiming: OnBootPhase_550_com.android.server.devicestate.DeviceStateManagerService
05-19 19:27:24.676  1244  1244 D SystemServerTiming: OnBootPhase_550_com.android.server.camera.CameraServiceProxy
05-19 19:27:24.676  1244  1326 E NativeTombstoneManager: Tombstone's UID (1000) not an app, ignoring
05-19 19:27:24.676  1244  1244 D SystemServerTiming: OnBootPhase_550_com.android.server.bluetooth.BluetoothService
05-19 19:27:24.676  1244  1244 D SystemServerTiming: OnBootPhase_550_com.android.server.connectivity.IpConnectivityMetrics
05-19 19:27:24.676  1244  1244 D SystemServerTiming: OnBootPhase_550_com.android.server.net.watchlist.NetworkWatchlistService$Lifecycle
05-19 19:27:24.676  1244  1326 E NativeTombstoneManager: Tombstone's UID (1000) not an app, ignoring
05-19 19:27:24.676  1244  1326 E NativeTombstoneManager: Tombstone's UID (1000) not an app, ignoring
05-19 19:27:24.676  1244  1326 E NativeTombstoneManager: Tombstone's UID (1000) not an app, ignoring
05-19 19:27:24.676  1244  1326 E NativeTombstoneManager: Tombstone's UID (1000) not an app, ignoring
05-19 19:27:24.676  1244  1326 E NativeTombstoneManager: Tombstone's UID (1000) not an app, ignoring
05-19 19:27:24.677  1244  1326 E NativeTombstoneManager: Tombstone's UID (1000) not an app, ignoring
05-19 19:27:24.677  1244  1244 D SystemServerTiming: OnBootPhase_550_com.android.server.PinnerService
05-19 19:27:24.677  1244  1244 D SystemServerTiming: OnBootPhase_550_com.android.server.integrity.AppIntegrityManagerService
05-19 19:27:24.677  1244  1244 D SystemServerTiming: OnBootPhase_550_com.android.server.logcat.LogcatManagerService
05-19 19:27:24.677  1244  1244 D SystemServerTiming: OnBootPhase_550_com.android.server.derp.LineageGlobalActionsService
05-19 19:27:24.677  1244  1244 D SystemServerTiming: OnBootPhase_550_com.android.server.inputmethod.InputMethodManagerService$Lifecycle
05-19 19:27:24.677  1244  1326 E NativeTombstoneManager: Tombstone's UID (1000) not an app, ignoring
05-19 19:27:24.677  1244  1326 E NativeTombstoneManager: Tombstone's UID (1000) not an app, ignoring
05-19 19:27:24.677  1244  1326 E NativeTombstoneManager: Tombstone's UID (1000) not an app, ignoring
05-19 19:27:24.677  1244  1326 E NativeTombstoneManager: Tombstone's UID (1000) not an app, ignoring
05-19 19:27:24.679  1244  1327 D SystemServerTimingAsync: InitThreadPoolExec:Lazily initialize IMMS#mImeDrawsImeNavBarRes
05-19 19:27:24.740  1244  1244 W InputMethodUtils: getApplicationInfo failed. packageName=com.google.android.apps.inputmethod.hindi userId=0
05-19 19:27:24.740  1244  1244 W InputMethodUtils: android.content.pm.PackageManager$NameNotFoundException: com.google.android.apps.inputmethod.hindi
05-19 19:27:24.740  1244  1244 W InputMethodUtils: 	at android.app.ApplicationPackageManager.getApplicationInfoAsUser(ApplicationPackageManager.java:504)
05-19 19:27:24.740  1244  1244 W InputMethodUtils: 	at android.app.ApplicationPackageManager.getApplicationInfo(ApplicationPackageManager.java:487)
05-19 19:27:24.740  1244  1244 W InputMethodUtils: 	at com.android.server.inputmethod.InputMethodUtils.setNonSelectedSystemImesDisabledUntilUsed(InputMethodUtils.java:706)
05-19 19:27:24.740  1244  1244 W InputMethodUtils: 	at com.android.server.inputmethod.InputMethodManagerService.systemRunning(InputMethodManagerService.java:2075)
05-19 19:27:24.740  1244  1244 W InputMethodUtils: 	at com.android.server.inputmethod.InputMethodManagerService$Lifecycle.onBootPhase(InputMethodManagerService.java:1716)
05-19 19:27:24.740  1244  1244 W InputMethodUtils: 	at com.android.server.SystemServiceManager.startBootPhase(SystemServiceManager.java:294)
05-19 19:27:24.740  1244  1244 W InputMethodUtils: 	at com.android.server.SystemServer.lambda$startOtherServices$5(SystemServer.java:2874)
05-19 19:27:24.740  1244  1244 W InputMethodUtils: 	at com.android.server.SystemServer.$r8$lambda$cHpru_0zTEigJU4rvGBr8u7hU4w(Unknown Source:0)
05-19 19:27:24.740  1244  1244 W InputMethodUtils: 	at com.android.server.SystemServer$$ExternalSyntheticLambda5.run(Unknown Source:28)
05-19 19:27:24.740  1244  1244 W InputMethodUtils: 	at com.android.server.am.ActivityManagerService.systemReady(ActivityManagerService.java:8300)
05-19 19:27:24.740  1244  1244 W InputMethodUtils: 	at com.android.server.SystemServer.startOtherServices(SystemServer.java:2871)
05-19 19:27:24.740  1244  1244 W InputMethodUtils: 	at com.android.server.SystemServer.run(SystemServer.java:961)
05-19 19:27:24.740  1244  1244 W InputMethodUtils: 	at com.android.server.SystemServer.main(SystemServer.java:667)
05-19 19:27:24.740  1244  1244 W InputMethodUtils: 	at java.lang.reflect.Method.invoke(Native Method)
05-19 19:27:24.740  1244  1244 W InputMethodUtils: 	at com.android.internal.os.RuntimeInit$MethodAndArgsCaller.run(RuntimeInit.java:548)
05-19 19:27:24.740  1244  1244 W InputMethodUtils: 	at com.android.internal.os.ZygoteInit.main(ZygoteInit.java:920)
05-19 19:27:24.741  1244  1244 W InputMethodUtils: getApplicationInfo failed. packageName=com.google.android.inputmethod.japanese userId=0
05-19 19:27:24.741  1244  1244 W InputMethodUtils: android.content.pm.PackageManager$NameNotFoundException: com.google.android.inputmethod.japanese
05-19 19:27:24.741  1244  1244 W InputMethodUtils: 	at android.app.ApplicationPackageManager.getApplicationInfoAsUser(ApplicationPackageManager.java:504)
05-19 19:27:24.741  1244  1244 W InputMethodUtils: 	at android.app.ApplicationPackageManager.getApplicationInfo(ApplicationPackageManager.java:487)
05-19 19:27:24.741  1244  1244 W InputMethodUtils: 	at com.android.server.inputmethod.InputMethodUtils.setNonSelectedSystemImesDisabledUntilUsed(InputMethodUtils.java:706)
05-19 19:27:24.741  1244  1244 W InputMethodUtils: 	at com.android.server.inputmethod.InputMethodManagerService.systemRunning(InputMethodManagerService.java:2075)
05-19 19:27:24.741  1244  1244 W InputMethodUtils: 	at com.android.server.inputmethod.InputMethodManagerService$Lifecycle.onBootPhase(InputMethodManagerService.java:1716)
05-19 19:27:24.741  1244  1244 W InputMethodUtils: 	at com.android.server.SystemServiceManager.startBootPhase(SystemServiceManager.java:294)
05-19 19:27:24.741  1244  1244 W InputMethodUtils: 	at com.android.server.SystemServer.lambda$startOtherServices$5(SystemServer.java:2874)
05-19 19:27:24.741  1244  1244 W InputMethodUtils: 	at com.android.server.SystemServer.$r8$lambda$cHpru_0zTEigJU4rvGBr8u7hU4w(Unknown Source:0)
05-19 19:27:24.741  1244  1244 W InputMethodUtils: 	at com.android.server.SystemServer$$ExternalSyntheticLambda5.run(Unknown Source:28)
05-19 19:27:24.741  1244  1244 W InputMethodUtils: 	at com.android.server.am.ActivityManagerService.systemReady(ActivityManagerService.java:8300)
05-19 19:27:24.741  1244  1244 W InputMethodUtils: 	at com.android.server.SystemServer.startOtherServices(SystemServer.java:2871)
05-19 19:27:24.741  1244  1244 W InputMethodUtils: 	at com.android.server.SystemServer.run(SystemServer.java:961)
05-19 19:27:24.741  1244  1244 W InputMethodUtils: 	at com.android.server.SystemServer.main(SystemServer.java:667)
05-19 19:27:24.741  1244  1244 W InputMethodUtils: 	at java.lang.reflect.Method.invoke(Native Method)
05-19 19:27:24.741  1244  1244 W InputMethodUtils: 	at com.android.internal.os.RuntimeInit$MethodAndArgsCaller.run(RuntimeInit.java:548)
05-19 19:27:24.741  1244  1244 W InputMethodUtils: 	at com.android.internal.os.ZygoteInit.main(ZygoteInit.java:920)
05-19 19:27:24.741  1244  1244 W InputMethodUtils: getApplicationInfo failed. packageName=com.google.android.inputmethod.korean userId=0
05-19 19:27:24.741  1244  1244 W InputMethodUtils: android.content.pm.PackageManager$NameNotFoundException: com.google.android.inputmethod.korean
05-19 19:27:24.741  1244  1244 W InputMethodUtils: 	at android.app.ApplicationPackageManager.getApplicationInfoAsUser(ApplicationPackageManager.java:504)
05-19 19:27:24.741  1244  1244 W InputMethodUtils: 	at android.app.ApplicationPackageManager.getApplicationInfo(ApplicationPackageManager.java:487)
05-19 19:27:24.741  1244  1244 W InputMethodUtils: 	at com.android.server.inputmethod.InputMethodUtils.setNonSelectedSystemImesDisabledUntilUsed(InputMethodUtils.java:706)
05-19 19:27:24.741  1244  1244 W InputMethodUtils: 	at com.android.server.inputmethod.InputMethodManagerService.systemRunning(InputMethodManagerService.java:2075)
05-19 19:27:24.741  1244  1244 W InputMethodUtils: 	at com.android.server.inputmethod.InputMethodManagerService$Lifecycle.onBootPhase(InputMethodManagerService.java:1716)
05-19 19:27:24.741  1244  1244 W InputMethodUtils: 	at com.android.server.SystemServiceManager.startBootPhase(SystemServiceManager.java:294)
05-19 19:27:24.741  1244  1244 W InputMethodUtils: 	at com.android.server.SystemServer.lambda$startOtherServices$5(SystemServer.java:2874)
05-19 19:27:24.741  1244  1244 W InputMethodUtils: 	at com.android.server.SystemServer.$r8$lambda$cHpru_0zTEigJU4rvGBr8u7hU4w(Unknown Source:0)
05-19 19:27:24.741  1244  1244 W InputMethodUtils: 	at com.android.server.SystemServer$$ExternalSyntheticLambda5.run(Unknown Source:28)
05-19 19:27:24.741  1244  1244 W InputMethodUtils: 	at com.android.server.am.ActivityManagerService.systemReady(ActivityManagerService.java:8300)
05-19 19:27:24.741  1244  1244 W InputMethodUtils: 	at com.android.server.SystemServer.startOtherServices(SystemServer.java:2871)
05-19 19:27:24.741  1244  1244 W InputMethodUtils: 	at com.android.server.SystemServer.run(SystemServer.java:961)
05-19 19:27:24.741  1244  1244 W InputMethodUtils: 	at com.android.server.SystemServer.main(SystemServer.java:667)
05-19 19:27:24.741  1244  1244 W InputMethodUtils: 	at java.lang.reflect.Method.invoke(Native Method)
05-19 19:27:24.741  1244  1244 W InputMethodUtils: 	at com.android.internal.os.RuntimeInit$MethodAndArgsCaller.run(RuntimeInit.java:548)
05-19 19:27:24.741  1244  1244 W InputMethodUtils: 	at com.android.internal.os.ZygoteInit.main(ZygoteInit.java:920)
05-19 19:27:24.741  1244  1244 W InputMethodUtils: getApplicationInfo failed. packageName=com.google.android.inputmethod.pinyin userId=0
05-19 19:27:24.741  1244  1244 W InputMethodUtils: android.content.pm.PackageManager$NameNotFoundException: com.google.android.inputmethod.pinyin
05-19 19:27:24.741  1244  1244 W InputMethodUtils: 	at android.app.ApplicationPackageManager.getApplicationInfoAsUser(ApplicationPackageManager.java:504)
05-19 19:27:24.741  1244  1244 W InputMethodUtils: 	at android.app.ApplicationPackageManager.getApplicationInfo(ApplicationPackageManager.java:487)
05-19 19:27:24.741  1244  1244 W InputMethodUtils: 	at com.android.server.inputmethod.InputMethodUtils.setNonSelectedSystemImesDisabledUntilUsed(InputMethodUtils.java:706)
05-19 19:27:24.741  1244  1244 W InputMethodUtils: 	at com.android.server.inputmethod.InputMethodManagerService.systemRunning(InputMethodManagerService.java:2075)
05-19 19:27:24.741  1244  1244 W InputMethodUtils: 	at com.android.server.inputmethod.InputMethodManagerService$Lifecycle.onBootPhase(InputMethodManagerService.java:1716)
05-19 19:27:24.741  1244  1244 W InputMethodUtils: 	at com.android.server.SystemServiceManager.startBootPhase(SystemServiceManager.java:294)
05-19 19:27:24.741  1244  1244 W InputMethodUtils: 	at com.android.server.SystemServer.lambda$startOtherServices$5(SystemServer.java:2874)
05-19 19:27:24.741  1244  1244 W InputMethodUtils: 	at com.android.server.SystemServer.$r8$lambda$cHpru_0zTEigJU4rvGBr8u7hU4w(Unknown Source:0)
05-19 19:27:24.741  1244  1244 W InputMethodUtils: 	at com.android.server.SystemServer$$ExternalSyntheticLambda5.run(Unknown Source:28)
05-19 19:27:24.741  1244  1244 W InputMethodUtils: 	at com.android.server.am.ActivityManagerService.systemReady(ActivityManagerService.java:8300)
05-19 19:27:24.741  1244  1244 W InputMethodUtils: 	at com.android.server.SystemServer.startOtherServices(SystemServer.java:2871)
05-19 19:27:24.741  1244  1244 W InputMethodUtils: 	at com.android.server.SystemServer.run(SystemServer.java:961)
05-19 19:27:24.741  1244  1244 W InputMethodUtils: 	at com.android.server.SystemServer.main(SystemServer.java:667)
05-19 19:27:24.741  1244  1244 W InputMethodUtils: 	at java.lang.reflect.Method.invoke(Native Method)
05-19 19:27:24.741  1244  1244 W InputMethodUtils: 	at com.android.internal.os.RuntimeInit$MethodAndArgsCaller.run(RuntimeInit.java:548)
05-19 19:27:24.741  1244  1244 W InputMethodUtils: 	at com.android.internal.os.ZygoteInit.main(ZygoteInit.java:920)
05-19 19:27:24.741  1244  1244 W InputMethodUtils: getApplicationInfo failed. packageName=jp.co.omronsoft.iwnnime.ml userId=0
05-19 19:27:24.741  1244  1244 W InputMethodUtils: android.content.pm.PackageManager$NameNotFoundException: jp.co.omronsoft.iwnnime.ml
05-19 19:27:24.741  1244  1244 W InputMethodUtils: 	at android.app.ApplicationPackageManager.getApplicationInfoAsUser(ApplicationPackageManager.java:504)
05-19 19:27:24.741  1244  1244 W InputMethodUtils: 	at android.app.ApplicationPackageManager.getApplicationInfo(ApplicationPackageManager.java:487)
05-19 19:27:24.741  1244  1244 W InputMethodUtils: 	at com.android.server.inputmethod.InputMethodUtils.setNonSelectedSystemImesDisabledUntilUsed(InputMethodUtils.java:706)
05-19 19:27:24.741  1244  1244 W InputMethodUtils: 	at com.android.server.inputmethod.InputMethodManagerService.systemRunning(InputMethodManagerService.java:2075)
05-19 19:27:24.741  1244  1244 W InputMethodUtils: 	at com.android.server.inputmethod.InputMethodManagerService$Lifecycle.onBootPhase(InputMethodManagerService.java:1716)
05-19 19:27:24.741  1244  1244 W InputMethodUtils: 	at com.android.server.SystemServiceManager.startBootPhase(SystemServiceManager.java:294)
05-19 19:27:24.741  1244  1244 W InputMethodUtils: 	at com.android.server.SystemServer.lambda$startOtherServices$5(SystemServer.java:2874)
05-19 19:27:24.741  1244  1244 W InputMethodUtils: 	at com.android.server.SystemServer.$r8$lambda$cHpru_0zTEigJU4rvGBr8u7hU4w(Unknown Source:0)
05-19 19:27:24.741  1244  1244 W InputMethodUtils: 	at com.android.server.SystemServer$$ExternalSyntheticLambda5.run(Unknown Source:28)
05-19 19:27:24.741  1244  1244 W InputMethodUtils: 	at com.android.server.am.ActivityManagerService.systemReady(ActivityManagerService.java:8300)
05-19 19:27:24.741  1244  1244 W InputMethodUtils: 	at com.android.server.SystemServer.startOtherServices(SystemServer.java:2871)
05-19 19:27:24.741  1244  1244 W InputMethodUtils: 	at com.android.server.SystemServer.run(SystemServer.java:961)
05-19 19:27:24.741  1244  1244 W InputMethodUtils: 	at com.android.server.SystemServer.main(SystemServer.java:667)
05-19 19:27:24.741  1244  1244 W InputMethodUtils: 	at java.lang.reflect.Method.invoke(Native Method)
05-19 19:27:24.741  1244  1244 W InputMethodUtils: 	at com.android.internal.os.RuntimeInit$MethodAndArgsCaller.run(RuntimeInit.java:548)
05-19 19:27:24.741  1244  1244 W InputMethodUtils: 	at com.android.internal.os.ZygoteInit.main(ZygoteInit.java:920)
05-19 19:27:24.741  1244  1244 W InputMethodUtils: getApplicationInfo failed. packageName=com.nuance.xt9.input userId=0
05-19 19:27:24.741  1244  1244 W InputMethodUtils: android.content.pm.PackageManager$NameNotFoundException: com.nuance.xt9.input
05-19 19:27:24.741  1244  1244 W InputMethodUtils: 	at android.app.ApplicationPackageManager.getApplicationInfoAsUser(ApplicationPackageManager.java:504)
05-19 19:27:24.741  1244  1244 W InputMethodUtils: 	at android.app.ApplicationPackageManager.getApplicationInfo(ApplicationPackageManager.java:487)
05-19 19:27:24.741  1244  1244 W InputMethodUtils: 	at com.android.server.inputmethod.InputMethodUtils.setNonSelectedSystemImesDisabledUntilUsed(InputMethodUtils.java:706)
05-19 19:27:24.741  1244  1244 W InputMethodUtils: 	at com.android.server.inputmethod.InputMethodManagerService.systemRunning(InputMethodManagerService.java:2075)
05-19 19:27:24.741  1244  1244 W InputMethodUtils: 	at com.android.server.inputmethod.InputMethodManagerService$Lifecycle.onBootPhase(InputMethodManagerService.java:1716)
05-19 19:27:24.741  1244  1244 W InputMethodUtils: 	at com.android.server.SystemServiceManager.startBootPhase(SystemServiceManager.java:294)
05-19 19:27:24.741  1244  1244 W InputMethodUtils: 	at com.android.server.SystemServer.lambda$startOtherServices$5(SystemServer.java:2874)
05-19 19:27:24.741  1244  1244 W InputMethodUtils: 	at com.android.server.SystemServer.$r8$lambda$cHpru_0zTEigJU4rvGBr8u7hU4w(Unknown Source:0)
05-19 19:27:24.741  1244  1244 W InputMethodUtils: 	at com.android.server.SystemServer$$ExternalSyntheticLambda5.run(Unknown Source:28)
05-19 19:27:24.741  1244  1244 W InputMethodUtils: 	at com.android.server.am.ActivityManagerService.systemReady(ActivityManagerService.java:8300)
05-19 19:27:24.741  1244  1244 W InputMethodUtils: 	at com.android.server.SystemServer.startOtherServices(SystemServer.java:2871)
05-19 19:27:24.741  1244  1244 W InputMethodUtils: 	at com.android.server.SystemServer.run(SystemServer.java:961)
05-19 19:27:24.741  1244  1244 W InputMethodUtils: 	at com.android.server.SystemServer.main(SystemServer.java:667)
05-19 19:27:24.741  1244  1244 W InputMethodUtils: 	at java.lang.reflect.Method.invoke(Native Method)
05-19 19:27:24.741  1244  1244 W InputMethodUtils: 	at com.android.internal.os.RuntimeInit$MethodAndArgsCaller.run(RuntimeInit.java:548)
05-19 19:27:24.741  1244  1244 W InputMethodUtils: 	at com.android.internal.os.ZygoteInit.main(ZygoteInit.java:920)
05-19 19:27:24.741  1244  1244 W SystemServiceManager: Service com.android.server.inputmethod.InputMethodManagerService$Lifecycle took 64 ms in onBootPhase
05-19 19:27:24.741  1244  1244 D SystemServerTiming: OnBootPhase_550_com.android.server.accessibility.AccessibilityManagerService$Lifecycle
05-19 19:27:24.742  1244  1244 D SystemServerTiming: OnBootPhase_550_com.android.server.StorageManagerService$Lifecycle
05-19 19:27:24.742  1244  1244 D SystemServerTiming: OnBootPhase_550_com.android.server.usage.StorageStatsService$Lifecycle
05-19 19:27:24.742  1244  1244 D SystemServerTiming: OnBootPhase_550_com.android.server.UiModeManagerService
05-19 19:27:24.742  1244  1244 D SystemServerTiming: OnBootPhase_550_com.android.server.locales.LocaleManagerService
05-19 19:27:24.742  1244  1244 D SystemServerTiming: OnBootPhase_550_com.android.server.locksettings.LockSettingsService$Lifecycle
05-19 19:27:24.743  1244  1244 I RebootEscrowManager: No reboot escrow data found for users, skipping loading escrow data
05-19 19:27:24.747  1244  1244 D SystemServerTiming: OnBootPhase_550_com.android.server.PersistentDataBlockService
05-19 19:27:24.747  1244  1244 D SystemServerTiming: OnBootPhase_550_com.android.server.testharness.TestHarnessModeService
05-19 19:27:24.747  1244  1244 D SystemServerTiming: OnBootPhase_550_com.android.server.oemlock.OemLockService
05-19 19:27:24.747  1244  1244 D SystemServerTiming: OnBootPhase_550_com.android.server.DeviceIdleController
05-19 19:27:24.747  1244  1244 D SystemServerTiming: OnBootPhase_550_com.android.server.devicepolicy.DevicePolicyManagerService$Lifecycle
05-19 19:27:24.747  1244  1244 D SystemServerTiming: OnBootPhase_550_com.android.server.musicrecognition.MusicRecognitionManagerService
05-19 19:27:24.747  1244  1244 D SystemServerTiming: OnBootPhase_550_com.android.server.contentcapture.ContentCaptureManagerService
05-19 19:27:24.747  1244  1244 D SystemServerTiming: OnBootPhase_550_com.android.server.attention.AttentionManagerService
05-19 19:27:24.747  1244  1244 D SystemServerTiming: OnBootPhase_550_com.android.server.rotationresolver.RotationResolverManagerService
05-19 19:27:24.747  1244  1244 D SystemServerTiming: OnBootPhase_550_com.android.server.systemcaptions.SystemCaptionsManagerService
05-19 19:27:24.747  1244  1244 D SystemServerTiming: OnBootPhase_550_com.android.server.texttospeech.TextToSpeechManagerService
05-19 19:27:24.747  1244  1244 D SystemServerTiming: OnBootPhase_550_com.android.server.ambientcontext.AmbientContextManagerService
05-19 19:27:24.747  1244  1244 D SystemServerTiming: OnBootPhase_550_com.android.server.speech.SpeechRecognitionManagerService
05-19 19:27:24.747  1244  1244 D SystemServerTiming: OnBootPhase_550_com.android.server.appprediction.AppPredictionManagerService
05-19 19:27:24.747  1244  1244 D SystemServerTiming: OnBootPhase_550_com.android.server.contentsuggestions.ContentSuggestionsManagerService
05-19 19:27:24.747  1244  1244 D SystemServerTiming: OnBootPhase_550_com.android.server.searchui.SearchUiManagerService
05-19 19:27:24.747  1244  1244 D SystemServerTiming: OnBootPhase_550_com.android.server.smartspace.SmartspaceManagerService
05-19 19:27:24.747  1244  1244 D SystemServerTiming: OnBootPhase_550_com.android.server.graphics.fonts.FontManagerService$Lifecycle
05-19 19:27:24.747  1244  1244 D SystemServerTiming: OnBootPhase_550_com.android.server.textservices.TextServicesManagerService$Lifecycle
05-19 19:27:24.747  1244  1244 D SystemServerTiming: OnBootPhase_550_com.android.server.textclassifier.TextClassificationManagerService$Lifecycle
05-19 19:27:24.747  1244  1244 D SystemServerTiming: OnBootPhase_550_com.android.server.NetworkScoreService$Lifecycle
05-19 19:27:24.747  1244  1244 D SystemServerTiming: OnBootPhase_550_com.android.server.NetworkStatsServiceInitializer
05-19 19:27:24.782  1244  1244 D SystemServerTiming: OnBootPhase_550_com.android.server.wifi.WifiService
05-19 19:27:24.782  1244  1244 D SystemServerTiming: OnBootPhase_550_com.android.server.wifi.scanner.WifiScanningService
05-19 19:27:24.782  1244  1244 D SystemServerTiming: OnBootPhase_550_com.android.server.wifi.p2p.WifiP2pService
05-19 19:27:24.782  1244  1244 D SystemServerTiming: OnBootPhase_550_com.android.server.ConnectivityServiceInitializer
05-19 19:27:24.782  1244  1244 D SystemServerTiming: OnBootPhase_550_com.android.server.notification.NotificationManagerService
05-19 19:27:24.782  1244  1244 D SystemServerTiming: OnBootPhase_550_com.android.server.storage.DeviceStorageMonitorService
05-19 19:27:24.783  1244  1244 D SystemServerTiming: OnBootPhase_550_com.android.server.location.LocationManagerService$Lifecycle
05-19 19:27:24.783  1244  1244 D SystemServerTiming: OnBootPhase_550_com.android.server.timedetector.TimeDetectorService$Lifecycle
05-19 19:27:24.783  1244  1244 D SystemServerTiming: OnBootPhase_550_com.android.server.timezonedetector.TimeZoneDetectorService$Lifecycle
05-19 19:27:24.783  1244  1244 D SystemServerTiming: OnBootPhase_550_com.android.server.timezonedetector.location.LocationTimeZoneManagerService$Lifecycle
05-19 19:27:24.783  1244  1244 D SystemServerTiming: OnBootPhase_550_com.android.server.search.SearchManagerService$Lifecycle
05-19 19:27:24.783  1244  1244 D SystemServerTiming: OnBootPhase_550_com.android.server.wallpaper.WallpaperManagerService$Lifecycle
05-19 19:27:24.784  1244  1244 V WallpaperManagerService: bindWallpaperComponentLocked: componentName=ComponentInfo{com.android.systemui/com.android.systemui.wallpapers.ImageWallpaper}
05-19 19:27:24.784  1244  1244 D WallpaperManagerService: WPMS.bindWallpaperComponentLocked-ComponentInfo{com.android.systemui/com.android.systemui.wallpapers.ImageWallpaper}
05-19 19:27:24.786  1244  1244 D CompatibilityChangeReporter: Compat change id reported: 135634846; UID 10499; state: DISABLED
05-19 19:27:24.787  1244  1244 D CompatibilityChangeReporter: Compat change id reported: 177438394; UID 10499; state: DISABLED
05-19 19:27:24.787  1244  1244 D CompatibilityChangeReporter: Compat change id reported: 135772972; UID 10499; state: DISABLED
05-19 19:27:24.787  1244  1244 D CompatibilityChangeReporter: Compat change id reported: 135754954; UID 10499; state: ENABLED
05-19 19:27:24.787  1244  1276 D CompatibilityChangeReporter: Compat change id reported: 143937733; UID 10499; state: ENABLED
05-19 19:27:24.789  1244  1244 D SystemServerTiming: OnBootPhase_550_com.android.server.wallpapereffectsgeneration.WallpaperEffectsGenerationManagerService
05-19 19:27:24.789  1244  1244 D SystemServerTiming: OnBootPhase_550_com.android.server.audio.AudioService$Lifecycle
05-19 19:27:24.789  1244  1244 D SystemServerTiming: OnBootPhase_550_com.android.server.soundtrigger_middleware.SoundTriggerMiddlewareService$Lifecycle
05-19 19:27:24.789  1244  1244 D SystemServerTiming: OnBootPhase_550_com.android.server.DockObserver
05-19 19:27:24.789  1244  1244 D SystemServerTiming: OnBootPhase_550_com.android.server.midi.MidiService$Lifecycle
05-19 19:27:24.789  1244  1244 D SystemServerTiming: OnBootPhase_550_com.android.server.adb.AdbService$Lifecycle
05-19 19:27:24.789  1244  1244 D SystemServerTiming: OnBootPhase_550_com.android.server.usb.UsbService$Lifecycle
05-19 19:27:24.789  1244  1244 D SystemServerTiming: OnBootPhase_550_com.android.server.twilight.TwilightService
05-19 19:27:24.789  1244  1244 D SystemServerTiming: OnBootPhase_550_com.android.server.display.color.ColorDisplayService
05-19 19:27:24.789  1244  1244 D SystemServerTiming: OnBootPhase_550_com.android.server.job.JobSchedulerService
05-19 19:27:24.789  1244  1244 D SystemServerTiming: OnBootPhase_550_com.android.server.soundtrigger.SoundTriggerService
05-19 19:27:24.789  1244  1315 D SystemServerTimingAsync: InitThreadPoolExec:UsbService$Lifecycle#onBootPhase
05-19 19:27:24.789  1244  1244 D SoundTriggerService: onBootPhase: 550 : false
05-19 19:27:24.789  1244  1244 D SystemServerTiming: OnBootPhase_550_com.android.server.trust.TrustManagerService
05-19 19:27:24.789  1244  1244 D SystemServerTiming: OnBootPhase_550_com.android.server.backup.BackupManagerService$Lifecycle
05-19 19:27:24.790  1244  1244 D SystemServerTiming: OnBootPhase_550_com.android.server.appwidget.AppWidgetService
05-19 19:27:24.790  1244  1244 D SystemServerTiming: OnBootPhase_550_com.android.server.voiceinteraction.VoiceInteractionManagerService
05-19 19:27:24.790  1244  1244 D SystemServerTiming: OnBootPhase_550_com.android.server.apphibernation.AppHibernationService
05-19 19:27:24.790  1244  1244 D SystemServerTiming: OnBootPhase_550_com.android.server.GestureLauncherService
05-19 19:27:24.790  1244  1244 D SystemServerTiming: OnBootPhase_550_com.android.server.SensorNotificationService
05-19 19:27:24.790  1244  1244 D SystemServerTiming: OnBootPhase_550_com.android.server.emergency.EmergencyAffordanceService
05-19 19:27:24.790  1244  1244 D SystemServerTiming: OnBootPhase_550_com.android.server.blob.BlobStoreManagerService
05-19 19:27:24.791  1244  1244 D SystemServerTiming: OnBootPhase_550_com.android.server.dreams.DreamManagerService
05-19 19:27:24.791  1244  1244 D SystemServerTiming: OnBootPhase_550_com.android.server.print.PrintManagerService
05-19 19:27:24.791  1244  1244 D SystemServerTiming: OnBootPhase_550_com.android.server.security.AttestationVerificationManagerService
05-19 19:27:24.791  1244  1244 D SystemServerTiming: OnBootPhase_550_com.android.server.companion.CompanionDeviceManagerService
05-19 19:27:24.791  1244  1244 D SystemServerTiming: OnBootPhase_550_com.android.server.companion.virtual.VirtualDeviceManagerService
05-19 19:27:24.791  1244  1244 D SystemServerTiming: OnBootPhase_550_com.android.server.restrictions.RestrictionsManagerService
05-19 19:27:24.791  1244  1244 D SystemServerTiming: OnBootPhase_550_com.android.server.media.MediaSessionService
05-19 19:27:24.792  1244  1244 D SystemServerTiming: OnBootPhase_550_com.android.server.media.MediaResourceMonitorService
05-19 19:27:24.792  1244  1244 D SystemServerTiming: OnBootPhase_550_com.android.server.biometrics.sensors.face.FaceService
05-19 19:27:24.792  1244  1244 D SystemServerTiming: OnBootPhase_550_com.android.server.biometrics.sensors.fingerprint.FingerprintService
05-19 19:27:24.792  1244  1244 D SystemServerTiming: OnBootPhase_550_com.android.server.biometrics.BiometricService
05-19 19:27:24.792  1244  1244 D SystemServerTiming: OnBootPhase_550_com.android.server.biometrics.AuthService
05-19 19:27:24.792  1244  1244 D SystemServerTiming: OnBootPhase_550_com.android.server.app.AppLockManagerService$Lifecycle
05-19 19:27:24.792  1244  1273 I UsbPortManager: ClientCallback V1_1: dual-role-type_c_port0
05-19 19:27:24.793  1244  1265 I UsbPortManager: USB port added: port=UsbPort{id=dual-role-type_c_port0, supportedModes=dualsupportedContaminantProtectionModes=0supportsEnableContaminantPresenceProtection=falsesupportsEnableContaminantPresenceDetection=false, status=UsbPortStatus{connected=false, currentMode=none, currentPowerRole=no-power, currentDataRole=no-data, supportedRoleCombinations=[no-power:no-data], contaminantDetectionStatus=0, contaminantProtectionStatus=0, usbDataStatus=unknown, isPowerTransferLimited=false, powerBrickConnectionStatus=unknown}, canChangeMode=false, canChangePowerRole=false, canChangeDataRole=false, connectedAtMillis=0, lastConnectDurationMillis=0
05-19 19:27:24.794  1244  1244 I AppLockManagerService: onBootCompleted
05-19 19:27:24.795  1244  1244 D SystemServerTiming: OnBootPhase_550_com.android.server.pm.ShortcutService$Lifecycle
05-19 19:27:24.795  1244  1244 D SystemServerTiming: OnBootPhase_550_com.android.server.pm.LauncherAppsService
05-19 19:27:24.795  1244  1244 D SystemServerTiming: OnBootPhase_550_com.android.server.pm.CrossProfileAppsService
05-19 19:27:24.795  1244  1244 D SystemServerTiming: OnBootPhase_550_com.android.server.pocket.PocketService
05-19 19:27:24.795  1244  1244 W PocketService: Un-handled boot phase:550
05-19 19:27:24.795  1244  1244 D SystemServerTiming: OnBootPhase_550_com.android.server.people.PeopleService
05-19 19:27:24.795  1244  1244 D SystemServerTiming: OnBootPhase_550_com.android.server.media.metrics.MediaMetricsManagerService
05-19 19:27:24.795  1244  1244 D SystemServerTiming: OnBootPhase_550_com.android.server.derp.CustomDeviceConfigService
05-19 19:27:24.795  1244  1244 D SystemServerTiming: OnBootPhase_550_com.android.server.vibrator.LinearmotorVibratorService
05-19 19:27:24.795  1244  1244 D SystemServerTiming: OnBootPhase_550_com.android.server.derp.LineageHardwareService
05-19 19:27:24.795  1244  1244 D SystemServerTiming: OnBootPhase_550_com.android.server.derp.display.LiveDisplayService
05-19 19:27:24.795  1244  1244 D SystemServerTiming: OnBootPhase_550_com.android.server.derp.health.HealthInterfaceService
05-19 19:27:24.795  1244  1244 D SystemServerTiming: OnBootPhase_550_com.android.server.media.projection.MediaProjectionManagerService
05-19 19:27:24.795  1244  1244 D SystemServerTiming: OnBootPhase_550_com.android.server.slice.SliceManagerService$Lifecycle
05-19 19:27:24.795  1244  1244 D SystemServerTiming: OnBootPhase_550_com.android.server.stats.StatsCompanion$Lifecycle
05-19 19:27:24.795  1244  1244 D SystemServerTiming: OnBootPhase_550_com.android.server.scheduling.RebootReadinessManagerService$Lifecycle
05-19 19:27:24.795  1244  1244 D SystemServerTiming: OnBootPhase_550_com.android.server.stats.pull.StatsPullAtomService
05-19 19:27:24.795  1244  1244 D SystemServerTiming: OnBootPhase_550_com.android.server.stats.bootstrap.StatsBootstrapAtomService$Lifecycle
05-19 19:27:24.795  1244  1244 D SystemServerTiming: OnBootPhase_550_com.android.server.incident.IncidentCompanionService
05-19 19:27:24.795  1244  1244 D SystemServerTiming: OnBootPhase_550_com.android.server.sdksandbox.SdkSandboxManagerService$Lifecycle
05-19 19:27:24.795  1244  1244 D SystemServerTiming: OnBootPhase_550_com.android.server.adservices.AdServicesManagerService$Lifecycle
05-19 19:27:24.795  1244  1244 D SystemServerTiming: OnBootPhase_550_com.android.server.MmsServiceBroker
05-19 19:27:24.795  1244  1244 D SystemServerTiming: OnBootPhase_550_com.android.server.autofill.AutofillManagerService
05-19 19:27:24.795  1244  1244 D SystemServerTiming: OnBootPhase_550_com.android.server.translation.TranslationManagerService
05-19 19:27:24.795  1244  1244 D SystemServerTiming: OnBootPhase_550_com.android.server.clipboard.ClipboardService
05-19 19:27:24.795  1244  1244 D SystemServerTiming: OnBootPhase_550_com.android.server.appbinding.AppBindingService$Lifecycle
05-19 19:27:24.796  1244  1244 I AppBindingService: Updating constants with: null
05-19 19:27:24.796  1244  1244 D SystemServerTiming: OnBootPhase_550_com.android.server.tracing.TracingServiceProxy
05-19 19:27:24.796  1244  1244 D SystemServerTiming: OnBootPhase_550_com.android.server.policy.PermissionPolicyService
05-19 19:27:24.796  1244  1244 D SystemServerTiming: Permission_grant_default_permissions-0
05-19 19:27:24.796  1244  1244 D SystemServerTiming: Permission_synchronize_permissions-0
05-19 19:27:24.796  1244  1244 D SystemServerTiming: Permission_synchronize_addPackages-0
05-19 19:27:24.798  1244  1276 I ActivityManager: Start proc 1439:com.android.systemui/u0a499 for service {com.android.systemui/com.android.systemui.wallpapers.ImageWallpaper}
05-19 19:27:24.824  1244  1244 D SystemServerTiming: Permission_syncPackages-0
05-19 19:27:24.828  1244  1258 D CompatibilityChangeReporter: Compat change id reported: 168419799; UID 10499; state: DISABLED
05-19 19:27:24.829  1244  1258 D CompatibilityChangeReporter: Compat change id reported: 273564678; UID 10499; state: DISABLED
05-19 19:27:24.835  1244  1244 D SystemServerTiming: Permission_onInitialized-0
05-19 19:27:24.835  1244  1244 I PackageManager: Permission ownership changed. Updating all permissions.
05-19 19:27:24.866  1244  1244 W PackageManager: Package android.ext.services is an APK in APEX, but has permission allowlist on the system image. Please bundle the allowlist in the com.android.extservices APEX instead.
05-19 19:27:24.866  1244  1244 W PackageManager: Package android.ext.services is an APK in APEX, but has permission allowlist on the system image. Please bundle the allowlist in the com.android.extservices APEX instead.
05-19 19:27:24.866  1244  1244 W PackageManager: Package android.ext.services is an APK in APEX, but has permission allowlist on the system image. Please bundle the allowlist in the com.android.extservices APEX instead.
05-19 19:27:24.866  1244  1244 W PackageManager: Package android.ext.services is an APK in APEX, but has permission allowlist on the system image. Please bundle the allowlist in the com.android.extservices APEX instead.
05-19 19:27:24.866   800   960 D MtkOmxGsmDec: MtkOmxComponentCreate +++ !!!
05-19 19:27:24.867   800   960 D MtkOmxGsmDec: MtkOmxGsmDec Construct !!!
05-19 19:27:24.867   800   960 D MtkOmxGsmDec: Init Audio(GSM) Params!!!
05-19 19:27:24.868   800   960 D MtkOmxGsmDec: MtkOmxGsmDec Deconstruct !!!
05-19 19:27:24.883  1244  1244 W PackageManager: Package com.android.providers.media.module is an APK in APEX, but has permission allowlist on the system image. Please bundle the allowlist in the com.android.mediaprovider APEX instead.
05-19 19:27:24.883  1244  1244 W PackageManager: Package com.android.providers.media.module is an APK in APEX, but has permission allowlist on the system image. Please bundle the allowlist in the com.android.mediaprovider APEX instead.
05-19 19:27:24.883  1244  1244 W PackageManager: Package com.android.providers.media.module is an APK in APEX, but has permission allowlist on the system image. Please bundle the allowlist in the com.android.mediaprovider APEX instead.
05-19 19:27:24.883  1244  1244 W PackageManager: Package com.android.providers.media.module is an APK in APEX, but has permission allowlist on the system image. Please bundle the allowlist in the com.android.mediaprovider APEX instead.
05-19 19:27:24.883  1244  1244 W PackageManager: Package com.android.providers.media.module is an APK in APEX, but has permission allowlist on the system image. Please bundle the allowlist in the com.android.mediaprovider APEX instead.
05-19 19:27:24.883  1244  1244 W PackageManager: Package com.android.providers.media.module is an APK in APEX, but has permission allowlist on the system image. Please bundle the allowlist in the com.android.mediaprovider APEX instead.
05-19 19:27:24.883  1244  1244 W PackageManager: Package com.android.providers.media.module is an APK in APEX, but has permission allowlist on the system image. Please bundle the allowlist in the com.android.mediaprovider APEX instead.
05-19 19:27:24.883   800   960 D MtkOmxMp3Dec: JB MtkOmxMp3Dec::MtkOmxMp3Dec this= 0xed3af000
05-19 19:27:24.883   800   960 D MtkOmxMp3Dec: JB MtkOmxMp3Dec::InitAudioParams(MP3)
