05-19 19:27:20.576  1244  1244 W PackageManager: Relax SCAN_REQUIRE_KNOWN requirement for package com.google.android.partnersetup
05-19 19:27:20.582  1244  1244 W PackageManager: Relax SCAN_REQUIRE_KNOWN requirement for package com.google.android.tts
05-19 19:27:20.588  1244  1244 W PackageManager: Relax SCAN_REQUIRE_KNOWN requirement for package com.google.android.accessibility.soundamplifier
05-19 19:27:20.590  1244  1244 W PackageManager: Relax SCAN_REQUIRE_KNOWN requirement for package com.google.ar.core
05-19 19:27:20.596  1244  1244 W PackageManager: Relax SCAN_REQUIRE_KNOWN requirement for package com.google.android.settings.intelligence
05-19 19:27:20.598  1244  1244 W PackageManager: Skipping provider name com.google.android.settings.intelligence (in package com.google.android.settings.intelligence): name already used by com.google.android.settings.intelligence
05-19 19:27:20.599  1244  1244 W PackageManager: Relax SCAN_REQUIRE_KNOWN requirement for package com.google.android.apps.wellbeing
05-19 19:27:20.603  1244  1244 W PackageManager: Relax SCAN_REQUIRE_KNOWN requirement for package com.google.android.apps.nbu.files
05-19 19:27:20.606  1244  1244 W PackageManager: Relax SCAN_REQUIRE_KNOWN requirement for package com.google.android.googlequicksearchbox
05-19 19:27:20.616  1244  1244 W PackageManager: Relax SCAN_REQUIRE_KNOWN requirement for package com.google.android.soundpicker
05-19 19:27:20.626  1244  1244 W PackageManager: Relax SCAN_REQUIRE_KNOWN requirement for package com.google.android.calendar
05-19 19:27:20.642  1244  1244 W PackageManager: Relax SCAN_REQUIRE_KNOWN requirement for package com.google.android.webview
05-19 19:27:20.644  1244  1244 W PackageManager: Relax SCAN_REQUIRE_KNOWN requirement for package com.google.android.apps.recorder
05-19 19:27:20.647  1244  1244 W PackageManager: Relax SCAN_REQUIRE_KNOWN requirement for package com.google.android.deskclock
05-19 19:27:20.653  1244  1244 W PackageManager: Relax SCAN_REQUIRE_KNOWN requirement for package com.android.vending
05-19 19:27:20.657  1244  1244 W PackageManager: Relax SCAN_REQUIRE_KNOWN requirement for package com.android.chrome
05-19 19:27:20.661  1244  1244 W PackageManager: Relax SCAN_REQUIRE_KNOWN requirement for package com.google.android.marvin.talkback
05-19 19:27:20.678  1244  1244 W PackageManager: Relax SCAN_REQUIRE_KNOWN requirement for package com.google.audio.hearing.visualization.accessibility.scribe
05-19 19:27:20.692  1244  1244 W PackageManager: Relax SCAN_REQUIRE_KNOWN requirement for package com.google.android.gms
05-19 19:27:20.715  1244  1244 W PackageManager: Relax SCAN_REQUIRE_KNOWN requirement for package com.google.android.apps.photos
05-19 19:27:20.723  1244  1244 W PackageManager: Relax SCAN_REQUIRE_KNOWN requirement for package com.google.android.contacts
05-19 19:27:20.730  1244  1244 W PackageManager: Relax SCAN_REQUIRE_KNOWN requirement for package com.google.android.apps.turbo
05-19 19:27:20.733  1244  1244 W PackageManager: Relax SCAN_REQUIRE_KNOWN requirement for package com.google.android.apps.messaging
05-19 19:27:20.736  1244  1244 W PackageManager: Skipping provider name com.google.android.apps.messaging.photopicker_images (in package com.google.android.apps.messaging): name already used by com.google.android.apps.messaging
05-19 19:27:20.747  1244  1244 W PackageManager: Relax SCAN_REQUIRE_KNOWN requirement for package com.google.android.inputmethod.latin
05-19 19:27:20.754  1244  1244 W PackageManager: Relax SCAN_REQUIRE_KNOWN requirement for package com.google.android.apps.safetyhub
05-19 19:27:20.758  1244  1244 W PackageManager: Relax SCAN_REQUIRE_KNOWN requirement for package com.google.android.apps.restore
05-19 19:27:20.762  1244  1244 W PackageManager: Relax SCAN_REQUIRE_KNOWN requirement for package com.google.android.dialer
05-19 19:27:20.766  1244  1244 W PackageManager: Relax SCAN_REQUIRE_KNOWN requirement for package com.google.android.trichromelibrary_541412333
05-19 19:27:20.775  1244  1244 W PackageManager: Relax SCAN_REQUIRE_KNOWN requirement for package com.google.android.projection.gearhead
05-19 19:27:20.780  1244  1244 W PackageManager: Relax SCAN_REQUIRE_KNOWN requirement for package com.google.android.as.oss
05-19 19:27:20.782  1244  1244 I PackageManager: Finished scanning non-system apps. Time: 271 ms, packageCount: 60 , timePerPackage: 4 , cached: 60
05-19 19:27:20.783  1244  1244 W PackageManager: There should probably be exactly one storage manager; found 2: matches=[ResolveInfo{f738d1d com.google.android.apps.nbu.files/.home.HomeActivity p=100 m=0x108000}, ResolveInfo{aa01b92 com.google.android.storagemanager/com.android.storagemanager.deletionhelper.DeletionHelperActivity m=0x108000}]
05-19 19:27:20.792  1244  1244 I PackageManager: Time to scan packages: 1.125 seconds
05-19 19:27:20.792  1244  1244 I PackageManager: Permission ownership changed. Updating all permissions.
05-19 19:27:20.820  1244  1244 W PackageManager: Package android.ext.services is an APK in APEX, but has permission allowlist on the system image. Please bundle the allowlist in the com.android.extservices APEX instead.
05-19 19:27:20.820  1244  1244 W PackageManager: Package android.ext.services is an APK in APEX, but has permission allowlist on the system image. Please bundle the allowlist in the com.android.extservices APEX instead.
05-19 19:27:20.820  1244  1244 W PackageManager: Package android.ext.services is an APK in APEX, but has permission allowlist on the system image. Please bundle the allowlist in the com.android.extservices APEX instead.
05-19 19:27:20.820  1244  1244 W PackageManager: Package android.ext.services is an APK in APEX, but has permission allowlist on the system image. Please bundle the allowlist in the com.android.extservices APEX instead.
05-19 19:27:20.835  1244  1244 W PackageManager: Package com.android.providers.media.module is an APK in APEX, but has permission allowlist on the system image. Please bundle the allowlist in the com.android.mediaprovider APEX instead.
05-19 19:27:20.835  1244  1244 W PackageManager: Package com.android.providers.media.module is an APK in APEX, but has permission allowlist on the system image. Please bundle the allowlist in the com.android.mediaprovider APEX instead.
05-19 19:27:20.835  1244  1244 W PackageManager: Package com.android.providers.media.module is an APK in APEX, but has permission allowlist on the system image. Please bundle the allowlist in the com.android.mediaprovider APEX instead.
05-19 19:27:20.835  1244  1244 W PackageManager: Package com.android.providers.media.module is an APK in APEX, but has permission allowlist on the system image. Please bundle the allowlist in the com.android.mediaprovider APEX instead.
05-19 19:27:20.836  1244  1244 W PackageManager: Package com.android.providers.media.module is an APK in APEX, but has permission allowlist on the system image. Please bundle the allowlist in the com.android.mediaprovider APEX instead.
05-19 19:27:20.836  1244  1244 W PackageManager: Package com.android.providers.media.module is an APK in APEX, but has permission allowlist on the system image. Please bundle the allowlist in the com.android.mediaprovider APEX instead.
05-19 19:27:20.836  1244  1244 W PackageManager: Package com.android.providers.media.module is an APK in APEX, but has permission allowlist on the system image. Please bundle the allowlist in the com.android.mediaprovider APEX instead.
05-19 19:27:20.836  1244  1244 W PackageManager: Package com.android.providers.media.module is an APK in APEX, but has permission allowlist on the system image. Please bundle the allowlist in the com.android.mediaprovider APEX instead.
05-19 19:27:20.836  1244  1244 W PackageManager: Package com.android.providers.media.module is an APK in APEX, but has permission allowlist on the system image. Please bundle the allowlist in the com.android.mediaprovider APEX instead.
05-19 19:27:20.836  1244  1244 W PackageManager: Package com.android.providers.media.module is an APK in APEX, but has permission allowlist on the system image. Please bundle the allowlist in the com.android.mediaprovider APEX instead.
05-19 19:27:20.836  1244  1244 W PackageManager: Package com.android.providers.media.module is an APK in APEX, but has permission allowlist on the system image. Please bundle the allowlist in the com.android.mediaprovider APEX instead.
05-19 19:27:20.836  1244  1244 W PackageManager: Package com.android.providers.media.module is an APK in APEX, but has permission allowlist on the system image. Please bundle the allowlist in the com.android.mediaprovider APEX instead.
05-19 19:27:20.836  1244  1244 W PackageManager: Package com.android.providers.media.module is an APK in APEX, but has permission allowlist on the system image. Please bundle the allowlist in the com.android.mediaprovider APEX instead.
05-19 19:27:20.842  1244  1244 V PackageManager: Changing enabled state of com.google.android.gms/com.google.android.gms.nearby.messages.service.NearbyMessagesService to false
05-19 19:27:20.843  1244  1244 V PackageManager: Changing enabled state of com.google.android.gms/com.google.android.gms.nearby.discovery.service.DiscoveryService to false
05-19 19:27:20.843  1244  1244 V PackageManager: Changing enabled state of com.android.vending/com.google.android.finsky.systemupdate.SystemUpdateSettingsContentProvider to false
05-19 19:27:20.843  1244  1244 W PackageManager: Unable to change enabled state of com.android.vending/com.google.android.finsky.systemupdate.SystemUpdateSettingsContentProvider to false
05-19 19:27:20.843  1244  1244 V PackageManager: Changing enabled state of com.android.vending/com.google.android.finsky.systemupdateactivity.SettingsSecurityEntryPoint to false
05-19 19:27:20.843  1244  1244 W PackageManager: Unable to change enabled state of com.android.vending/com.google.android.finsky.systemupdateactivity.SettingsSecurityEntryPoint to false
05-19 19:27:20.843  1244  1244 V PackageManager: Changing enabled state of com.android.vending/com.google.android.finsky.systemupdateactivity.SystemUpdateActivity to false
05-19 19:27:20.843  1244  1244 V PackageManager: Changing enabled state of com.google.android.gms/com.google.android.gms.update.OtaSuggestionActivity to false
05-19 19:27:20.843  1244  1244 V PackageManager: Changing enabled state of com.google.android.gms/com.google.android.gms.update.OtaSuggestionSummaryProvider to false
05-19 19:27:20.843  1244  1244 V PackageManager: Changing enabled state of com.google.android.gms/com.google.android.gms.update.SystemUpdateActivity to false
05-19 19:27:20.843  1244  1244 V PackageManager: Changing enabled state of com.google.android.gms/com.google.android.gms.chimera.GmsIntentOperationService$GmsExternalReceiver to false
05-19 19:27:20.843  1244  1244 V PackageManager: Changing enabled state of com.google.android.gms/com.google.android.gms.update.control.NotificationControl to false
05-19 19:27:20.843  1244  1244 W PackageManager: Unable to change enabled state of com.google.android.gms/com.google.android.gms.update.control.NotificationControl to false
05-19 19:27:20.844  1244  1244 V PackageManager: Changing enabled state of com.google.android.gms/com.google.android.gms.update.phone.PopupDialog to false
05-19 19:27:20.844  1244  1244 V PackageManager: Changing enabled state of com.google.android.gms/com.google.android.gms.update.SystemUpdateGcmTaskService to false
05-19 19:27:20.844  1244  1244 V PackageManager: Changing enabled state of com.google.android.gms/com.google.android.gms.update.SystemUpdatePersistentListenerService to false
05-19 19:27:20.844  1244  1244 V PackageManager: Changing enabled state of com.google.android.gms/com.google.android.gms.update.SystemUpdateService to false
05-19 19:27:20.844  1244  1244 V PackageManager: Changing enabled state of com.google.android.gms/com.google.android.gms.update.SystemUpdateService.ActiveReceiver to false
05-19 19:27:20.844  1244  1244 W PackageManager: Unable to change enabled state of com.google.android.gms/com.google.android.gms.update.SystemUpdateService.ActiveReceiver to false
05-19 19:27:20.844  1244  1244 V PackageManager: Changing enabled state of com.google.android.gms/com.google.android.gms.update.SystemUpdateService.Receiver to false
05-19 19:27:20.844  1244  1244 W PackageManager: Unable to change enabled state of com.google.android.gms/com.google.android.gms.update.SystemUpdateService.Receiver to false
05-19 19:27:20.844  1244  1244 V PackageManager: Changing enabled state of com.google.android.gms/com.google.android.gms.update.SystemUpdateService.SecretCodeReceiver to false
05-19 19:27:20.844  1244  1244 W PackageManager: Unable to change enabled state of com.google.android.gms/com.google.android.gms.update.SystemUpdateService.SecretCodeReceiver to false
05-19 19:27:20.844  1244  1244 V PackageManager: Changing enabled state of com.google.android.as/com.google.intelligence.sense.ambientmusic.AmbientMusicSettingsActivity to false
05-19 19:27:20.844  1244  1244 V PackageManager: Changing enabled state of com.google.android.as/com.google.intelligence.sense.ambientmusic.history.HistoryActivity to false
05-19 19:27:20.844  1244  1244 V PackageManager: Changing enabled state of com.google.android.as/com.google.intelligence.sense.ambientmusic.AmbientMusicSetupWizardActivity to false
05-19 19:27:20.844  1244  1244 V PackageManager: Changing enabled state of com.google.android.as/com.google.intelligence.sense.ambientmusic.AmbientMusicNotificationsSettingsActivity to false
05-19 19:27:20.844  1244  1244 V PackageManager: Changing enabled state of com.google.android.as/com.google.intelligence.sense.ambientmusic.history.AddShortcutActivity to false
05-19 19:27:20.844  1244  1244 V PackageManager: Changing enabled state of com.google.android.as/com.google.intelligence.sense.ambientmusic.history.HistoryContentProvider to false
05-19 19:27:20.844  1244  1244 V PackageManager: Changing enabled state of com.google.android.setupwizard/com.google.android.setupwizard.update.OtaUpdateActivity to false
05-19 19:27:20.844  1244  1244 V PackageManager: reconcileAppsData for null u0 0x1 migrateAppData=true
05-19 19:27:20.895  1244  1244 V PackageManager: reconcileAppsData finished 26 packages
05-19 19:27:20.895  1244  1244 D PackageManagerTiming: write settings
05-19 19:27:20.895  1244  1309 D SystemServerTimingAsync: InitThreadPoolExec:prepareAppData
05-19 19:27:21.061  1244  1244 D PackageManagerTiming: GC
05-19 19:27:21.061  1244  1244 I PackageManager: Fix for b/169414761 is applied
05-19 19:27:21.061  1244  1244 V UserSystemPackageInstaller: Checking that all system packages are whitelisted.
05-19 19:27:21.070  1244  1244 W UserSystemPackageInstaller: checkWhitelistedSystemPackages(mode=d) has 8 warnings:
05-19 19:27:21.070  1244  1244 W UserSystemPackageInstaller: com.android.wallpapercropper is allowlisted but not present.
05-19 19:27:21.070  1244  1244 W UserSystemPackageInstaller: com.android.internal.systemui.onehanded.gestural is allowlisted but not present.
05-19 19:27:21.070  1244  1244 W UserSystemPackageInstaller: com.android.theme.icon_pack.circular.themepicker is allowlisted but not present.
05-19 19:27:21.070  1244  1244 W UserSystemPackageInstaller: com.android.theme.icon_pack.kai.themepicker is allowlisted but not present.
05-19 19:27:21.070  1244  1244 W UserSystemPackageInstaller: com.android.theme.icon_pack.rounded.themepicker is allowlisted but not present.
05-19 19:27:21.070  1244  1244 W UserSystemPackageInstaller: com.android.theme.icon_pack.filled.themepicker is allowlisted but not present.
05-19 19:27:21.070  1244  1244 W UserSystemPackageInstaller: com.android.theme.icon_pack.victor.themepicker is allowlisted but not present.
05-19 19:27:21.070  1244  1244 W UserSystemPackageInstaller: com.android.theme.icon_pack.sam.themepicker is allowlisted but not present.
05-19 19:27:21.072  1244  1244 I Watchdog: Resuming HandlerChecker: main thread for reason: packagemanagermain. Pause count: 0
05-19 19:27:21.072  1244  1244 I SystemServerDexLoadReporter: Configuring system server dex reporter
05-19 19:27:21.078  1244  1244 D SystemServerTiming: StartOtaDexOptService
05-19 19:27:21.078  1244  1244 I Watchdog: Pausing HandlerChecker: main thread for reason: moveab. Pause count: 1
05-19 19:27:21.079  1244  1244 D OTADexopt: No upgrade, skipping A/B artifacts check.
05-19 19:27:21.079  1244  1244 I Watchdog: Resuming HandlerChecker: main thread for reason: moveab. Pause count: 0
05-19 19:27:21.079  1244  1244 D SystemServerTiming: StartUserManagerService
05-19 19:27:21.079  1244  1244 I SystemServiceManager: Starting com.android.server.pm.UserManagerService$LifeCycle
05-19 19:27:21.080  1244  1244 D SystemServerTiming: InitAttributerCache
05-19 19:27:21.080  1244  1244 D SystemServerTiming: SetSystemProcess
05-19 19:27:21.091  1244  1279 I ActivityManager: Connection with lmkd established
05-19 19:27:21.093  1244  1244 D CompatibilityChangeReporter: Compat change id reported: 161145287; UID 1000; state: DISABLED
05-19 19:27:21.094  1244  1244 D SystemServerTiming: InitWatchdog
05-19 19:27:21.094  1244  1244 D SystemServerTiming: StartOverlayManagerService
05-19 19:27:21.098  1244  1257 V HistoricalRegistry: Interaction before persistence initialized
05-19 19:27:21.098  1244  1258 V HistoricalRegistry: Interaction before persistence initialized
05-19 19:27:22.028  1244  1244 D SystemServerTiming: StartResourcesManagerService
05-19 19:27:22.030  1244  1244 D SystemServerTiming: StartSensorPrivacyService
05-19 19:27:22.031  1244  1265 W ActivityTaskManager: Skip updateConfiguration because mWindowManager isn't set
05-19 19:27:22.033  1244  1244 D SystemServerTiming: StartSensorService
05-19 19:27:22.033  1244  1244 I SystemServiceManager: Starting com.android.server.sensors.SensorService
05-19 19:27:22.034  1244  1244 D SystemServerTiming: startCoreServices
05-19 19:27:22.034  1244  1244 D SystemServerTiming: StartSystemConfigService
05-19 19:27:22.034  1244  1244 I SystemServiceManager: Starting com.android.server.SystemConfigService
05-19 19:27:22.034  1244  1315 D SystemServerTimingAsync: InitThreadPoolExec:StartNativeSensorService
05-19 19:27:22.034  1244  1315 D SystemServerTimingAsync: StartNativeSensorService
05-19 19:27:22.035  1244  1244 D SystemServerTiming: StartBatteryService
05-19 19:27:22.035  1244  1244 I SystemServiceManager: Starting com.android.server.BatteryService
05-19 19:27:22.048  1244  1244 I HealthServiceWrapperHidl: health: HealthServiceWrapper listening to instance default
05-19 19:27:22.049  1244  1244 I BatteryService: health: Waited 0ms and received the update.
05-19 19:27:22.051  1244  1244 D SystemServerTiming: StartUsageService
05-19 19:27:22.051  1244  1244 I SystemServiceManager: Starting com.android.server.usage.UsageStatsService
05-19 19:27:22.063  1244  1244 D SystemServerTiming: StartWebViewUpdateService
05-19 19:27:22.063  1244  1244 I SystemServiceManager: Starting com.android.server.webkit.WebViewUpdateService
05-19 19:27:22.066  1244  1244 D SystemServerTiming: StartCachedDeviceStateService
05-19 19:27:22.066  1244  1244 I SystemServiceManager: Starting com.android.server.CachedDeviceStateService
05-19 19:27:22.066  1244  1244 D SystemServerTiming: StartBinderCallsStatsService
05-19 19:27:22.066  1244  1244 I SystemServiceManager: Starting com.android.server.BinderCallsStatsService$LifeCycle
05-19 19:27:22.067  1244  1244 D SystemServerTiming: StartLooperStatsService
05-19 19:27:22.067  1244  1244 I SystemServiceManager: Starting com.android.server.LooperStatsService$Lifecycle
05-19 19:27:22.069  1244  1244 D SystemServerTiming: StartRollbackManagerService
05-19 19:27:22.069  1244  1244 I SystemServiceManager: Starting com.android.server.rollback.RollbackManagerService
05-19 19:27:22.069  1244  1315 V HistoricalRegistry: Interaction before persistence initialized
05-19 19:27:22.073  1244  1244 I PackageWatchdog: Syncing state, reason: added new observer
05-19 19:27:22.073  1244  1244 I PackageWatchdog: Not pruning observers, elapsed time: 0ms
05-19 19:27:22.078  1244  1244 D SystemServerTiming: StartNativeTombstoneManagerService
05-19 19:27:22.078  1244  1244 I SystemServiceManager: Starting com.android.server.os.NativeTombstoneManagerService
05-19 19:27:22.079  1244  1244 D SystemServerTiming: StartBugreportManagerService
05-19 19:27:22.079  1244  1244 I SystemServiceManager: Starting com.android.server.os.BugreportManagerService
05-19 19:27:22.080  1244  1244 D SystemServerTiming: GpuService
05-19 19:27:22.080  1244  1244 I SystemServiceManager: Starting com.android.server.gpu.GpuService
05-19 19:27:22.080  1244  1244 D SystemServerTiming: startOtherServices
05-19 19:27:22.081  1244  1244 D SystemServerTiming: StartKeyAttestationApplicationIdProviderService
05-19 19:27:22.081  1244  1327 D SystemServerTimingAsync: InitThreadPoolExec:SecondaryZygotePreload
05-19 19:27:22.081  1244  1327 I SystemServer: SecondaryZygotePreload
05-19 19:27:22.081  1244  1327 D SystemServerTimingAsync: SecondaryZygotePreload
05-19 19:27:22.082  1244  1244 D SystemServerTiming: StartKeyChainSystemService
05-19 19:27:22.082  1244  1244 I SystemServiceManager: Starting com.android.server.security.KeyChainSystemService
05-19 19:27:22.082  1244  1244 D SystemServerTiming: StartBinaryTransparencyService
05-19 19:27:22.082  1244  1244 I SystemServiceManager: Starting com.android.server.BinaryTransparencyService
05-19 19:27:22.084  1244  1244 I TransparencyService: Started BinaryTransparencyService
05-19 19:27:22.084  1244  1244 D SystemServerTiming: StartSchedulingPolicyService
05-19 19:27:22.085  1244  1328 D SystemServerTimingAsync: InitThreadPoolExec:SchedulingPolicyService.<init>
05-19 19:27:22.086  1244  1244 D SystemServerTiming: StartTelecomLoaderService
05-19 19:27:22.086  1244  1244 I SystemServiceManager: Starting com.android.server.telecom.TelecomLoaderService
05-19 19:27:22.086  1244  1244 D SystemServerTiming: StartTelephonyRegistry
05-19 19:27:22.089  1244  1244 D SystemServerTiming: StartEntropyMixer
05-19 19:27:22.090  1244  1244 I EntropyMixer: Loaded existing seed file
05-19 19:27:22.091  1244  1274 I PackageWatchdog: Saving observer state to file
05-19 19:27:22.094  1244  1244 I EntropyMixer: Updated seed file
05-19 19:27:22.095  1244  1244 D SystemServerTiming: StartAccountManagerService
05-19 19:27:22.095  1244  1244 I SystemServiceManager: Starting com.android.server.accounts.AccountManagerService$Lifecycle
05-19 19:27:22.098  1244  1244 D SystemServerTiming: StartContentService
05-19 19:27:22.098  1244  1244 I SystemServiceManager: Starting com.android.server.content.ContentService$Lifecycle
05-19 19:27:22.099  1244  1244 D SystemServerTiming: InstallSystemProviders
05-19 19:27:22.143  1244  1309 W PackageManager: Skipping preparing app data for com.android.sdksandbox
05-19 19:27:22.184  1244  1244 W ActivityManager: cgroup.freeze not present
05-19 19:27:22.184  1244  1275 D ActivityManager: Freezer disabled
05-19 19:27:22.191  1244  1244 D SystemServerTiming: UpdateWatchdogTimeout
05-19 19:27:22.191  1244  1244 I Watchdog: Watchdog timeout updated to 60000 millis
05-19 19:27:22.192  1244  1244 D SystemServerTiming: StartDropBoxManager
05-19 19:27:22.192  1244  1244 I SystemServiceManager: Starting com.android.server.DropBoxManagerService
05-19 19:27:22.193  1244  1244 D SystemServerTiming: StartRoleManagerService
05-19 19:27:22.194  1244  1244 I SystemServiceManager: Starting com.android.role.RoleService
05-19 19:27:22.199  1244  1244 D SystemServerTiming: StartVibratorManagerService
05-19 19:27:22.199  1244  1244 I SystemServiceManager: Starting com.android.server.vibrator.VibratorManagerService$Lifecycle
05-19 19:27:22.210  1244  1244 D SystemServerTiming: StartDynamicSystemService
05-19 19:27:22.211  1244  1244 D SystemServerTiming: StartConsumerIrService
05-19 19:27:22.216  1244  1244 D SystemServerTiming: StartResourceEconomy
05-19 19:27:22.216  1244  1244 I SystemServiceManager: Starting com.android.server.tare.InternalResourceService
05-19 19:27:22.221  1244  1244 D SystemServerTiming: StartAlarmManagerService
05-19 19:27:22.221  1244  1244 I SystemServiceManager: Starting com.android.server.alarm.AlarmManagerService
05-19 19:27:22.229  1244  1244 D SystemServerTiming: StartInputManagerService
05-19 19:27:22.235  1244  1244 I InputManager: Initializing input manager, mUseDevInputEventForAudioJack=true
05-19 19:27:22.235  1244  1244 D SystemServerTiming: DeviceStateManagerService
05-19 19:27:22.235  1244  1244 I SystemServiceManager: Starting com.android.server.devicestate.DeviceStateManagerService
05-19 19:27:22.242  1244  1244 D SystemServerTiming: StartCameraServiceProxy
05-19 19:27:22.242  1244  1244 I SystemServiceManager: Starting com.android.server.camera.CameraServiceProxy
05-19 19:27:22.245  1244  1244 D SystemServerTiming: StartWindowManagerService
05-19 19:27:22.245  1244  1244 I SystemServiceManager: Starting phase 200
05-19 19:27:22.245  1244  1244 D SystemServerTiming: OnBootPhase_200
05-19 19:27:22.245  1244  1244 D SystemServerTiming: OnBootPhase_200_com.android.server.security.FileIntegrityService
05-19 19:27:22.245  1244  1244 D SystemServerTiming: OnBootPhase_200_com.android.server.pm.Installer
05-19 19:27:22.245  1244  1244 D SystemServerTiming: OnBootPhase_200_com.android.server.os.DeviceIdentifiersPolicyService
05-19 19:27:22.245  1244  1244 D SystemServerTiming: OnBootPhase_200_com.android.server.uri.UriGrantsManagerService$Lifecycle
05-19 19:27:22.245  1244  1244 D SystemServerTiming: OnBootPhase_200_com.android.server.powerstats.PowerStatsService
05-19 19:27:22.245  1244  1244 D SystemServerTiming: OnBootPhase_200_com.android.server.wm.ActivityTaskManagerService$Lifecycle
05-19 19:27:22.245  1244  1244 D SystemServerTiming: OnBootPhase_200_com.android.server.am.ActivityManagerService$Lifecycle
05-19 19:27:22.245  1244  1244 D SystemServerTiming: OnBootPhase_200_com.android.server.pm.DataLoaderManagerService
05-19 19:27:22.245  1244  1244 D SystemServerTiming: OnBootPhase_200_com.android.server.power.PowerManagerService
05-19 19:27:22.245  1244  1244 D SystemServerTiming: OnBootPhase_200_com.android.server.power.ThermalManagerService
05-19 19:27:22.245  1244  1244 D SystemServerTiming: OnBootPhase_200_com.android.server.power.hint.HintManagerService
05-19 19:27:22.245  1244  1244 D SystemServerTiming: OnBootPhase_200_com.android.server.recoverysystem.RecoverySystemService$Lifecycle
05-19 19:27:22.246  1244  1244 D SystemServerTiming: OnBootPhase_200_com.android.server.lights.LightsService
05-19 19:27:22.246  1244  1244 D SystemServerTiming: OnBootPhase_200_com.android.server.display.DisplayManagerService
05-19 19:27:22.246  1244  1244 D SystemServerTiming: OnBootPhase_200_com.android.server.pm.verify.domain.DomainVerificationService
05-19 19:27:22.246  1244  1244 D SystemServerTiming: OnBootPhase_200_com.android.server.pm.PackageInstallerService$Lifecycle
05-19 19:27:22.246  1244  1244 D SystemServerTiming: OnBootPhase_200_com.android.server.pm.UserManagerService$LifeCycle
05-19 19:27:22.246  1244  1244 D SystemServerTiming: OnBootPhase_200_com.android.server.om.OverlayManagerService
05-19 19:27:22.246  1244  1244 D SystemServerTiming: OnBootPhase_200_com.android.server.resources.ResourcesManagerService
05-19 19:27:22.246  1244  1244 D SystemServerTiming: OnBootPhase_200_com.android.server.sensorprivacy.SensorPrivacyService
05-19 19:27:22.246  1244  1244 D SystemServerTiming: OnBootPhase_200_com.android.server.sensors.SensorService
05-19 19:27:22.246  1244  1244 D SystemServerTiming: OnBootPhase_200_com.android.server.SystemConfigService
05-19 19:27:22.246  1244  1244 D SystemServerTiming: OnBootPhase_200_com.android.server.BatteryService
05-19 19:27:22.246  1244  1244 D SystemServerTiming: OnBootPhase_200_com.android.server.usage.UsageStatsService
05-19 19:27:22.246  1244  1244 D SystemServerTiming: OnBootPhase_200_com.android.server.webkit.WebViewUpdateService
05-19 19:27:22.246  1244  1244 D SystemServerTiming: OnBootPhase_200_com.android.server.CachedDeviceStateService
05-19 19:27:22.246  1244  1244 D SystemServerTiming: OnBootPhase_200_com.android.server.BinderCallsStatsService$LifeCycle
05-19 19:27:22.246  1244  1244 D SystemServerTiming: OnBootPhase_200_com.android.server.LooperStatsService$Lifecycle
05-19 19:27:22.246  1244  1244 D SystemServerTiming: OnBootPhase_200_com.android.server.rollback.RollbackManagerService
05-19 19:27:22.246  1244  1244 D SystemServerTiming: OnBootPhase_200_com.android.server.os.NativeTombstoneManagerService
05-19 19:27:22.246  1244  1244 D SystemServerTiming: OnBootPhase_200_com.android.server.os.BugreportManagerService
05-19 19:27:22.246  1244  1244 D SystemServerTiming: OnBootPhase_200_com.android.server.gpu.GpuService
05-19 19:27:22.246  1244  1244 D SystemServerTiming: OnBootPhase_200_com.android.server.security.KeyChainSystemService
05-19 19:27:22.246  1244  1244 D SystemServerTiming: OnBootPhase_200_com.android.server.BinaryTransparencyService
05-19 19:27:22.246  1244  1244 D SystemServerTiming: OnBootPhase_200_com.android.server.telecom.TelecomLoaderService
05-19 19:27:22.246  1244  1244 D SystemServerTiming: OnBootPhase_200_com.android.server.accounts.AccountManagerService$Lifecycle
05-19 19:27:22.246  1244  1244 D SystemServerTiming: OnBootPhase_200_com.android.server.content.ContentService$Lifecycle
05-19 19:27:22.246  1244  1244 D SystemServerTiming: OnBootPhase_200_com.android.server.DropBoxManagerService
05-19 19:27:22.246  1244  1244 D SystemServerTiming: OnBootPhase_200_com.android.role.RoleService
05-19 19:27:22.246  1244  1244 D SystemServerTiming: OnBootPhase_200_com.android.server.vibrator.VibratorManagerService$Lifecycle
05-19 19:27:22.246  1244  1244 D SystemServerTiming: OnBootPhase_200_com.android.server.tare.InternalResourceService
05-19 19:27:22.246  1244  1244 D SystemServerTiming: OnBootPhase_200_com.android.server.alarm.AlarmManagerService
05-19 19:27:22.246  1244  1244 D SystemServerTiming: OnBootPhase_200_com.android.server.devicestate.DeviceStateManagerService
05-19 19:27:22.246  1244  1244 D SystemServerTiming: OnBootPhase_200_com.android.server.camera.CameraServiceProxy
05-19 19:27:22.247  1244  1244 I WindowManager: No existing display settings, starting empty
05-19 19:27:22.272  1244  1244 D SystemServerTiming: SetWindowManagerService
05-19 19:27:22.315  1244  1244 I ActivityTaskManager: Loaded persisted task ids for user 0
05-19 19:27:22.318  1244  1244 D SystemServerTiming: WindowManagerServiceOnInitReady
05-19 19:27:22.639   444   466 I keystore2: keystore2::watchdog: Watchdog thread idle -> terminating. Have a great day.
05-19 19:27:22.799  1244  1309 I PackageManager: Deferred reconcileAppsData finished 558 packages
05-19 19:27:22.813  1244  1266 W Looper  : Slow dispatch took 493ms android.ui h=android.os.Handler c=android.os.Handler$BlockingRunnable@7bf652e m=0
05-19 19:27:22.813  1244  1266 W Looper  : Slow delivery took 483ms android.ui h=com.android.server.policy.PhoneWindowManager$PolicyHandler c=android.hardware.camera2.CameraManager$CameraManagerGlobal$$ExternalSyntheticLambda2@ce648cf m=0
05-19 19:27:22.813  1244  1266 W Looper  : Drained
05-19 19:27:22.813  1244  1244 D SystemServerTiming: StartInputManager
05-19 19:27:22.813  1244  1244 I InputManager: Starting input manager
05-19 19:27:22.814  1244  1344 D SystemServerTimingAsync: InitThreadPoolExec:StartHidlServices
05-19 19:27:22.814  1244  1344 D SystemServerTimingAsync: StartHidlServices
05-19 19:27:22.819  1244  1244 D SystemServerTiming: DisplayManagerWindowManagerAndInputReady
05-19 19:27:22.819  1244  1244 D SystemServerTiming: StartBluetoothService
05-19 19:27:22.826  1244  1244 I SystemServiceManager: Starting com.android.server.bluetooth.BluetoothService
05-19 19:27:22.834  1244  1244 D SystemServerTiming: IpConnectivityMetrics
05-19 19:27:22.834  1244  1244 I SystemServiceManager: Starting com.android.server.connectivity.IpConnectivityMetrics
05-19 19:27:22.834  1244  1244 D SystemServerTiming: NetworkWatchlistService
05-19 19:27:22.834  1244  1244 I SystemServiceManager: Starting com.android.server.net.watchlist.NetworkWatchlistService$Lifecycle
05-19 19:27:22.838  1244  1244 I WatchlistSettings: Reload watchlist settings done
05-19 19:27:22.839  1244  1348 I WatchlistLoggingHandler: No need to aggregate record yet.
05-19 19:27:22.839  1244  1348 I WatchlistLoggingHandler: Milliseconds spent on tryAggregateRecords(): 0
05-19 19:27:22.841  1244  1244 D SystemServerTiming: PinnerService
05-19 19:27:22.841  1244  1244 I SystemServiceManager: Starting com.android.server.PinnerService
05-19 19:27:22.842  1244  1244 V HistoricalRegistry: Interaction before persistence initialized
05-19 19:27:22.844  1244  1244 D SystemServerTiming: SignedConfigService
05-19 19:27:22.844  1244  1274 D PinnerService: pinRangeStream: null
05-19 19:27:22.845  1244  1244 D SystemServerTiming: AppIntegrityService
05-19 19:27:22.845  1244  1244 I SystemServiceManager: Starting com.android.server.integrity.AppIntegrityManagerService
05-19 19:27:22.847  1244  1274 D PinnerService: pinRangeStream: null
05-19 19:27:22.847  1244  1244 E IntegrityFileManager: Error creating staging and rules directory
05-19 19:27:22.853  1244  1244 D SystemServerTiming: StartLogcatManager
05-19 19:27:22.853  1244  1244 I SystemServiceManager: Starting com.android.server.logcat.LogcatManagerService
05-19 19:27:22.856  1244  1274 D PinnerService: pinRangeStream: null
05-19 19:27:22.856  1244  1244 D SystemServerTiming: LineageGlobalActionsService
05-19 19:27:22.856  1244  1244 I SystemServiceManager: Starting com.android.server.derp.LineageGlobalActionsService
05-19 19:27:22.856  1244  1274 D PinnerService: pinRangeStream: null
05-19 19:27:22.857  1244  1274 D PinnerService: pinRangeStream: null
05-19 19:27:22.861  1244  1244 I WindowManager: SAFE MODE not enabled
05-19 19:27:22.861  1244  1244 D SystemServerTiming: StartInputMethodManagerLifecycle
05-19 19:27:22.861  1244  1244 I SystemServiceManager: Starting com.android.server.inputmethod.InputMethodManagerService$Lifecycle
05-19 19:27:22.870  1244  1274 D PinnerService: pinRangeStream: null
05-19 19:27:22.876  1244  1244 D SystemServerTiming: StartAccessibilityManagerService
05-19 19:27:22.876  1244  1244 I SystemServiceManager: Starting com.android.server.accessibility.AccessibilityManagerService$Lifecycle
05-19 19:27:22.883  1244  1274 D PinnerService: pinRangeStream: null
05-19 19:27:22.883  1244  1244 D SystemServerTiming: MakeDisplayReady
05-19 19:27:22.883  1244  1274 D PinnerService: pinRangeStream: null
05-19 19:27:22.887  1244  1244 I ActivityTaskManager: Config changes=20005df8 {1.0 ?mcc?mnc [en_IN] ldltr sw400dp w400dp h852dp 432dpi nrml long port ?uimode ?night -touch -keyb/h/h -nav/h winConfig={ mBounds=Rect(0, 0 - 1080, 2400) mAppBounds=Rect(0, 100 - 1080, 2400) mMaxBounds=Rect(0, 0 - 1080, 2400) mDisplayRotation=ROTATION_0 mWindowingMode=fullscreen mDisplayWindowingMode=fullscreen mActivityType=undefined mAlwaysOnTop=undefined mRotation=ROTATION_0} s.2 ?fontWeightAdjustment}
05-19 19:27:22.889  1244  1274 D PinnerService: pinRangeStream: null
05-19 19:27:22.891  1244  1274 D PinnerService: pinRangeStream: null
05-19 19:27:22.892  1244  1274 D PinnerService: pinRangeStream: null
05-19 19:27:22.892  1244  1244 I WindowManager: Override config changes=60007dfc {1.0 ?mcc?mnc [en_IN] ldltr sw400dp w400dp h852dp 432dpi nrml long port ?uimode ?night -touch -keyb/h/h -nav/h winConfig={ mBounds=Rect(0, 0 - 1080, 2400) mAppBounds=Rect(0, 100 - 1080, 2400) mMaxBounds=Rect(0, 0 - 1080, 2400) mDisplayRotation=ROTATION_0 mWindowingMode=fullscreen mDisplayWindowingMode=fullscreen mActivityType=undefined mAlwaysOnTop=undefined mRotation=ROTATION_0} s.2 ?fontWeightAdjustment} for displayId=0
05-19 19:27:22.893  1244  1274 D PinnerService: pinRangeStream: null
05-19 19:27:22.894  1244  1274 D PinnerService: pinRangeStream: null
05-19 19:27:22.894  1244  1274 D PinnerService: pinRangeStream: null
05-19 19:27:22.895  1244  1274 D PinnerService: pinRangeStream: null
05-19 19:27:22.895  1244  1244 I DisplayDevice: [0] Layerstack set to 0 for local:0
05-19 19:27:22.896  1244  1274 E PinnerService: Could not pin file /system_ext/priv-app/SystemUI/SystemUI.apk
05-19 19:27:22.896  1244  1274 E PinnerService: android.system.ErrnoException: open failed: ENOENT (No such file or directory)
05-19 19:27:22.896  1244  1274 E PinnerService: 	at libcore.io.Linux.open(Native Method)
05-19 19:27:22.896  1244  1274 E PinnerService: 	at libcore.io.ForwardingOs.open(ForwardingOs.java:563)
05-19 19:27:22.896  1244  1274 E PinnerService: 	at libcore.io.BlockGuardOs.open(BlockGuardOs.java:274)
05-19 19:27:22.896  1244  1274 E PinnerService: 	at android.system.Os.open(Os.java:494)
05-19 19:27:22.896  1244  1274 E PinnerService: 	at com.android.server.PinnerService.pinFileRanges(PinnerService.java:975)
05-19 19:27:22.896  1244  1274 E PinnerService: 	at com.android.server.PinnerService.pinFile(PinnerService.java:850)
05-19 19:27:22.896  1244  1274 E PinnerService: 	at com.android.server.PinnerService.handlePinOnStart(PinnerService.java:305)
05-19 19:27:22.896  1244  1274 E PinnerService: 	at com.android.server.PinnerService.-$$Nest$mhandlePinOnStart(Unknown Source:0)
05-19 19:27:22.896  1244  1274 E PinnerService: 	at com.android.server.PinnerService$PinnerHandler.handleMessage(PinnerService.java:1219)
05-19 19:27:22.896  1244  1274 E PinnerService: 	at android.os.Handler.dispatchMessage(Handler.java:106)
05-19 19:27:22.896  1244  1274 E PinnerService: 	at android.os.Looper.loopOnce(Looper.java:201)
05-19 19:27:22.896  1244  1274 E PinnerService: 	at android.os.Looper.loop(Looper.java:288)
05-19 19:27:22.896  1244  1274 E PinnerService: 	at android.os.HandlerThread.run(HandlerThread.java:67)
05-19 19:27:22.896  1244  1274 E PinnerService: Failed to pin file = /system_ext/priv-app/SystemUI/SystemUI.apk
05-19 19:27:22.896  1244  1274 D PinnerService: pinRangeStream: null
05-19 19:27:22.896  1244  1274 E PinnerService: Could not pin file /system_ext/priv-app/SystemUI/oat/arm64/SystemUI.odex
05-19 19:27:22.896  1244  1274 E PinnerService: android.system.ErrnoException: open failed: ENOENT (No such file or directory)
05-19 19:27:22.896  1244  1274 E PinnerService: 	at libcore.io.Linux.open(Native Method)
05-19 19:27:22.896  1244  1274 E PinnerService: 	at libcore.io.ForwardingOs.open(ForwardingOs.java:563)
05-19 19:27:22.896  1244  1274 E PinnerService: 	at libcore.io.BlockGuardOs.open(BlockGuardOs.java:274)
05-19 19:27:22.896  1244  1274 E PinnerService: 	at android.system.Os.open(Os.java:494)
05-19 19:27:22.896  1244  1274 E PinnerService: 	at com.android.server.PinnerService.pinFileRanges(PinnerService.java:975)
05-19 19:27:22.896  1244  1274 E PinnerService: 	at com.android.server.PinnerService.pinFile(PinnerService.java:850)
05-19 19:27:22.896  1244  1274 E PinnerService: 	at com.android.server.PinnerService.handlePinOnStart(PinnerService.java:305)
05-19 19:27:22.896  1244  1274 E PinnerService: 	at com.android.server.PinnerService.-$$Nest$mhandlePinOnStart(Unknown Source:0)
05-19 19:27:22.896  1244  1274 E PinnerService: 	at com.android.server.PinnerService$PinnerHandler.handleMessage(PinnerService.java:1219)
05-19 19:27:22.896  1244  1274 E PinnerService: 	at android.os.Handler.dispatchMessage(Handler.java:106)
05-19 19:27:22.896  1244  1274 E PinnerService: 	at android.os.Looper.loopOnce(Looper.java:201)
05-19 19:27:22.896  1244  1274 E PinnerService: 	at android.os.Looper.loop(Looper.java:288)
05-19 19:27:22.896  1244  1274 E PinnerService: 	at android.os.HandlerThread.run(HandlerThread.java:67)
05-19 19:27:22.896  1244  1274 E PinnerService: Failed to pin file = /system_ext/priv-app/SystemUI/oat/arm64/SystemUI.odex
05-19 19:27:22.896  1244  1274 D PinnerService: pinRangeStream: null
05-19 19:27:22.897  1244  1274 E PinnerService: Could not pin file /system/lib64/libsurfaceflinger.so
05-19 19:27:22.897  1244  1274 E PinnerService: android.system.ErrnoException: open failed: ENOENT (No such file or directory)
05-19 19:27:22.897  1244  1274 E PinnerService: 	at libcore.io.Linux.open(Native Method)
05-19 19:27:22.897  1244  1274 E PinnerService: 	at libcore.io.ForwardingOs.open(ForwardingOs.java:563)
05-19 19:27:22.897  1244  1274 E PinnerService: 	at libcore.io.BlockGuardOs.open(BlockGuardOs.java:274)
05-19 19:27:22.897  1244  1274 E PinnerService: 	at android.system.Os.open(Os.java:494)
05-19 19:27:22.897  1244  1274 E PinnerService: 	at com.android.server.PinnerService.pinFileRanges(PinnerService.java:975)
05-19 19:27:22.897  1244  1274 E PinnerService: 	at com.android.server.PinnerService.pinFile(PinnerService.java:850)
05-19 19:27:22.897  1244  1274 E PinnerService: 	at com.android.server.PinnerService.handlePinOnStart(PinnerService.java:305)
05-19 19:27:22.897  1244  1274 E PinnerService: 	at com.android.server.PinnerService.-$$Nest$mhandlePinOnStart(Unknown Source:0)
05-19 19:27:22.897  1244  1274 E PinnerService: 	at com.android.server.PinnerService$PinnerHandler.handleMessage(PinnerService.java:1219)
05-19 19:27:22.897  1244  1274 E PinnerService: 	at android.os.Handler.dispatchMessage(Handler.java:106)
05-19 19:27:22.897  1244  1274 E PinnerService: 	at android.os.Looper.loopOnce(Looper.java:201)
05-19 19:27:22.897  1244  1274 E PinnerService: 	at android.os.Looper.loop(Looper.java:288)
05-19 19:27:22.897  1244  1274 E PinnerService: 	at android.os.HandlerThread.run(HandlerThread.java:67)
05-19 19:27:22.897  1244  1274 E PinnerService: Failed to pin file = /system/lib64/libsurfaceflinger.so
05-19 19:27:22.901  1244  1244 I ActivityTaskManager: Config changes=8 {1.0 ?mcc?mnc [en_IN] ldltr sw400dp w400dp h852dp 432dpi nrml long port ?uimode ?night finger -keyb/h/h -nav/h winConfig={ mBounds=Rect(0, 0 - 1080, 2400) mAppBounds=Rect(0, 100 - 1080, 2400) mMaxBounds=Rect(0, 0 - 1080, 2400) mDisplayRotation=ROTATION_0 mWindowingMode=fullscreen mDisplayWindowingMode=fullscreen mActivityType=undefined mAlwaysOnTop=undefined mRotation=ROTATION_0} s.4 ?fontWeightAdjustment}
05-19 19:27:22.904  1244  1244 I WindowManager: Override config changes=8 {1.0 ?mcc?mnc [en_IN] ldltr sw400dp w400dp h852dp 432dpi nrml long port ?uimode ?night finger -keyb/h/h -nav/h winConfig={ mBounds=Rect(0, 0 - 1080, 2400) mAppBounds=Rect(0, 100 - 1080, 2400) mMaxBounds=Rect(0, 0 - 1080, 2400) mDisplayRotation=ROTATION_0 mWindowingMode=fullscreen mDisplayWindowingMode=fullscreen mActivityType=undefined mAlwaysOnTop=undefined mRotation=ROTATION_0} s.4 ?fontWeightAdjustment} for displayId=0
05-19 19:27:22.906  1244  1244 D SystemServerTiming: StartStorageManagerService
05-19 19:27:22.906  1244  1244 I SystemServiceManager: Starting com.android.server.StorageManagerService$Lifecycle
05-19 19:27:22.921  1244  1352 D StorageManagerService: Thinking about init, mBootCompleted=false, mDaemonConnected=true
05-19 19:27:22.921  1244  1352 D StorageManagerService: Thinking about reset, mBootCompleted=false, mDaemonConnected=true
05-19 19:27:22.923  1244  1352 D StorageManagerService: Thinking about init, mBootCompleted=false, mDaemonConnected=true
05-19 19:27:22.923  1244  1352 D StorageManagerService: Thinking about reset, mBootCompleted=false, mDaemonConnected=true
05-19 19:27:22.923  1244  1244 D SystemServerTiming: StartStorageStatsService
05-19 19:27:22.923  1244  1244 I SystemServiceManager: Starting com.android.server.usage.StorageStatsService$Lifecycle
05-19 19:27:22.933  1244  1244 D SystemServerTiming: StartUiModeManager
05-19 19:27:22.933  1244  1244 I SystemServiceManager: Starting com.android.server.UiModeManagerService
05-19 19:27:22.934  1244  1353 D SystemServerTimingAsync: InitThreadPoolExec:UiModeManager.onStart
05-19 19:27:22.935  1244  1244 D SystemServerTiming: StartLocaleManagerService
05-19 19:27:22.935  1244  1244 I SystemServiceManager: Starting com.android.server.locales.LocaleManagerService
05-19 19:27:22.939  1244  1244 D SystemServerTiming: UpdatePackagesIfNeeded
05-19 19:27:22.939  1244  1244 I Watchdog: Pausing HandlerChecker: main thread for reason: dexopt. Pause count: 1
05-19 19:27:22.942  1244  1244 I Watchdog: Resuming HandlerChecker: main thread for reason: dexopt. Pause count: 0
05-19 19:27:22.942  1244  1244 D SystemServerTiming: PerformFstrimIfNeeded
05-19 19:27:22.943  1244  1244 D SystemServerTiming: StartLockSettingsService
05-19 19:27:22.943  1244  1244 I SystemServiceManager: Starting com.android.server.locksettings.LockSettingsService$Lifecycle
05-19 19:27:22.998  1244  1244 W SystemServiceManager: Service com.android.server.locksettings.LockSettingsService$Lifecycle took 55 ms in onStart
05-19 19:27:22.999  1244  1244 D SystemServerTiming: StartPersistentDataBlock
05-19 19:27:22.999  1244  1244 I SystemServiceManager: Starting com.android.server.PersistentDataBlockService
05-19 19:27:22.999  1244  1244 D SystemServerTiming: StartTestHarnessMode
05-19 19:27:22.999  1244  1244 I SystemServiceManager: Starting com.android.server.testharness.TestHarnessModeService
05-19 19:27:23.000  1244  1356 D SystemServerTimingAsync: InitThreadPoolExec:PersistentDataBlockService.onStart
05-19 19:27:23.002  1244  1244 D SystemServerTiming: StartOemLockService
05-19 19:27:23.002  1244  1244 I SystemServiceManager: Starting com.android.server.oemlock.OemLockService
05-19 19:27:23.004  1244  1244 I OemLock : OemLock HAL not present on device
05-19 19:27:23.004  1244  1244 I OemLock : Using persistent data block based lock
05-19 19:27:23.007  1244  1244 D SystemServerTiming: StartDeviceIdleController
05-19 19:27:23.007  1244  1244 I SystemServiceManager: Starting com.android.server.DeviceIdleController
05-19 19:27:23.020  1244  1244 D SystemServerTiming: StartDevicePolicyManager
05-19 19:27:23.020  1244  1244 I SystemServiceManager: Starting com.android.server.devicepolicy.DevicePolicyManagerService$Lifecycle
05-19 19:27:23.068  1244  1244 I DevicePolicyManager: Current version 3, latest version 3, not upgrading.
05-19 19:27:23.070  1244  1244 I DevicePolicyManager: Set ro.organization_owned property to false
05-19 19:27:23.076  1244  1244 D SystemServerTiming: StartStatusBarManagerService
05-19 19:27:23.079  1244  1244 D SystemServerTiming: StartMusicRecognitionManagerService
05-19 19:27:23.079  1244  1244 I SystemServiceManager: Starting com.android.server.musicrecognition.MusicRecognitionManagerService
05-19 19:27:23.084  1244  1244 D SystemServerTiming: StartContentCaptureService
05-19 19:27:23.084  1244  1244 I SystemServiceManager: Starting com.android.server.contentcapture.ContentCaptureManagerService
05-19 19:27:23.088  1244  1244 D SystemServerTiming: StartAttentionManagerService
05-19 19:27:23.088  1244  1244 I SystemServiceManager: Starting com.android.server.attention.AttentionManagerService
05-19 19:27:23.091  1244  1244 D SystemServerTiming: StartRotationResolverService
05-19 19:27:23.091  1244  1244 I SystemServiceManager: Starting com.android.server.rotationresolver.RotationResolverManagerService
05-19 19:27:23.093  1244  1244 D SystemServerTiming: StartSystemCaptionsManagerService
05-19 19:27:23.093  1244  1244 I SystemServiceManager: Starting com.android.server.systemcaptions.SystemCaptionsManagerService
05-19 19:27:23.094  1244  1244 D SystemServerTiming: StartTextToSpeechManagerService
05-19 19:27:23.094  1244  1244 I SystemServiceManager: Starting com.android.server.texttospeech.TextToSpeechManagerService
05-19 19:27:23.097  1244  1244 D SystemServerTiming: StartAmbientContextService
05-19 19:27:23.097  1244  1244 I SystemServiceManager: Starting com.android.server.ambientcontext.AmbientContextManagerService
05-19 19:27:23.100  1244  1244 D SystemServerTiming: StartSpeechRecognitionManagerService
05-19 19:27:23.100  1244  1244 I SystemServiceManager: Starting com.android.server.speech.SpeechRecognitionManagerService
05-19 19:27:23.102  1244  1244 D SystemServerTiming: StartAppPredictionService
05-19 19:27:23.103  1244  1244 I SystemServiceManager: Starting com.android.server.appprediction.AppPredictionManagerService
05-19 19:27:23.105  1244  1244 D SystemServerTiming: StartContentSuggestionsService
05-19 19:27:23.105  1244  1244 I SystemServiceManager: Starting com.android.server.contentsuggestions.ContentSuggestionsManagerService
05-19 19:27:23.107  1244  1244 D SystemServerTiming: StartSearchUiService
05-19 19:27:23.108  1244  1244 I SystemServiceManager: Starting com.android.server.searchui.SearchUiManagerService
05-19 19:27:23.110  1244  1244 D SystemServerTiming: StartSmartspaceService
05-19 19:27:23.110  1244  1244 I SystemServiceManager: Starting com.android.server.smartspace.SmartspaceManagerService
05-19 19:27:23.113  1244  1244 D SystemServerTiming: InitConnectivityModuleConnector
05-19 19:27:23.113  1244  1244 D ConnectivityModuleConnector: Network stack init
05-19 19:27:23.115  1244  1244 D SystemServerTiming: InitNetworkStackClient
05-19 19:27:23.115  1244  1244 D SystemServerTiming: StartNetworkManagementService
05-19 19:27:23.118  1244  1244 D SystemServerTiming: StartFontManagerService
05-19 19:27:23.140  1244  1244 D SystemServerTiming: StartTextServicesManager
05-19 19:27:23.140  1244  1244 I SystemServiceManager: Starting com.android.server.textservices.TextServicesManagerService$Lifecycle
05-19 19:27:23.143  1244  1244 D SystemServerTiming: StartTextClassificationManagerService
05-19 19:27:23.143  1244  1244 I SystemServiceManager: Starting com.android.server.textclassifier.TextClassificationManagerService$Lifecycle
05-19 19:27:23.148  1244  1244 D SystemServerTiming: StartNetworkScoreService
05-19 19:27:23.148  1244  1244 I SystemServiceManager: Starting com.android.server.NetworkScoreService$Lifecycle
05-19 19:27:23.151  1244  1244 D SystemServerTiming: StartNetworkStatsService
05-19 19:27:23.163  1244  1244 I SystemServiceManager: Starting com.android.server.NetworkStatsServiceInitializer
05-19 19:27:23.205  1244  1244 D SystemServerTiming: StartNetworkPolicyManagerService
