--------- beginning of system
05-19 19:27:09.325   399   399 I vold    : Vold 3.0 (the awakening) firing up
05-19 19:27:09.325   399   399 D vold    : Detected support for: ext4 f2fs ntfs vfat
05-19 19:27:09.330   399   399 W vold    : [libfs_mgr]Warning: unknown flag: resize
05-19 19:27:09.338   399   399 D vold    : VoldNativeService::start() completed OK
05-19 19:27:09.784   444   444 I keystore2: keystore2_main: Keystore2 is starting.
05-19 19:27:09.784   444   444 I keystore2: keystore2_main: Setting up sqlite logging for keystore2
05-19 19:27:09.787   444   444 W keystore2: keystore2::metrics_store: In update_keystore_crash_sysprop: Failed to read the existing system property due to: In read_keystore_crash_count: Property not set..Therefore, keystore crashes will not be logged.
05-19 19:27:09.789   444   444 I keystore2: keystore2_main: Starting thread pool now.
05-19 19:27:09.792   399   399 I Checkpoint: cp_prepareCheckpoint called
05-19 19:27:09.809   399   399 I vold    : fscrypt_initialize_systemwide_keys
05-19 19:27:09.810   399   399 D vold    : Key exists, using: /data/unencrypted/key
05-19 19:27:09.863   444   444 I keystore2: keystore2::globals: Add emulation wrapper around Keymaster device for security level: SecurityLevel(1)
05-19 19:27:09.863   444   457 I keystore2: keystore2::shared_secret_negotiation: Shared secret negotiation concluded successfully.
05-19 19:27:09.864   444   457 I keystore2: keystore2::shared_secret_negotiation: No StrongBox Keymint available, so no RoT transfer
05-19 19:27:09.867   444   444 I keystore2: keystore2_main: Not publishing IRemotelyProvisionedKeyPool service: In new_native_binder: Failed to get TEE Remote Provisioner instance.
05-19 19:27:09.867   444   444 I keystore2: 
05-19 19:27:09.867   444   444 I keystore2: Caused by:
05-19 19:27:09.867   444   444 I keystore2:     0: In get_remotely_provisioned_component.
05-19 19:27:09.867   444   444 I keystore2:     1: In connect_remotely_provisioned_component.
05-19 19:27:09.867   444   444 I keystore2:     2: Error::Km(ErrorCode(-68))
05-19 19:27:09.868   444   444 I keystore2: keystore2_main: Successfully registered Keystore 2.0 service.
05-19 19:27:09.868   444   444 I keystore2: keystore2_main: Joining thread pool now.
05-19 19:27:09.871   399   399 I vold    : Kernel doesn't support FS_IOC_ADD_ENCRYPTION_KEY.  Falling back to session keyring
05-19 19:27:09.871   399   399 D vold    : Added key 1014904829 (ext4:278fd1575a85ef9b) to keyring 935670402 in process 399
05-19 19:27:09.871   399   399 D vold    : Added key 435910488 (f2fs:278fd1575a85ef9b) to keyring 935670402 in process 399
05-19 19:27:09.872   399   399 D vold    : Added key 405402665 (fscrypt:278fd1575a85ef9b) to keyring 935670402 in process 399
05-19 19:27:09.876   399   399 I vold    : Wrote system DE key reference to:/data/unencrypted/ref
05-19 19:27:09.876   399   399 D vold    : Generating standard storage key
05-19 19:27:09.876   399   399 D vold    : Added key 959775552 (ext4:19a4cdc31c373371) to keyring 935670402 in process 399
05-19 19:27:09.876   399   399 D vold    : Added key 608567221 (f2fs:19a4cdc31c373371) to keyring 935670402 in process 399
05-19 19:27:09.876   399   399 D vold    : Added key 832263715 (fscrypt:19a4cdc31c373371) to keyring 935670402 in process 399
05-19 19:27:09.878   399   399 I vold    : Wrote per boot key reference to:/data/unencrypted/per_boot_ref
05-19 19:27:09.911   399   399 I incfs   : Initial API level of the device: 29
05-19 19:27:09.911   399   399 I incfs   : ro.incremental.enable: 
05-19 19:27:09.911   399   399 E incfs   : IncFs_Features: failed to open features dir, assuming v1/none.: No such file or directory
05-19 19:27:09.913   444   459 I keystore2: keystore2::maintenance: In early_boot_ended.
05-19 19:27:09.921   444   459 I keystore2: keystore2::globals: Touching Keystore 2.0 database for this first time since boot.
05-19 19:27:09.921   444   459 I keystore2: keystore2::globals: Calling cleanup leftovers.
05-19 19:27:09.928   444   459 I keystore2: keystore2::super_key: Starting boot level watcher.
05-19 19:27:09.928   444   459 I keystore2: keystore2::maintenance: Call to earlyBootEnded succeeded for security level TRUSTED_ENVIRONMENT.
05-19 19:27:09.928   444   477 I keystore2: keystore2::super_key: Read keystore.boot_level value 30
05-19 19:27:09.928   444   477 I keystore2: keystore2::super_key: Read keystore.boot_level value 30
05-19 19:27:09.929   444   459 E keystore2: keystore2::maintenance: Call to earlyBootEnded failed for security level STRONGBOX: In call_with_watchdog: getting keymint device.
05-19 19:27:09.929   444   459 E keystore2: keystore2::error: In call_with_watchdog: getting keymint device
05-19 19:27:09.929   444   459 E keystore2: 
05-19 19:27:09.929   444   459 E keystore2: Caused by:
05-19 19:27:09.929   444   459 E keystore2:     0: In get_keymint_device.
05-19 19:27:09.929   444   459 E keystore2:     1: In connect_keymint: Trying to get Legacy wrapper.
05-19 19:27:09.929   444   459 E keystore2:     2: Error::Km(ErrorCode(-68))
05-19 19:27:09.929   399   399 E vold    : keystore2 Keystore earlyBootEnded returned service specific error: -68
05-19 19:27:11.976   399   399 D vold    : fscrypt_init_user0
05-19 19:27:11.976   399   399 D vold    : Preparing: /data/misc/vold/user_keys
05-19 19:27:11.977   399   399 D vold    : Preparing: /data/misc/vold/user_keys/ce
05-19 19:27:11.977   399   399 D vold    : Preparing: /data/misc/vold/user_keys/de
05-19 19:27:11.982   399   399 D vold    : Added key 600155333 (ext4:b80eb78d50d66ba3) to keyring 935670402 in process 399
05-19 19:27:11.982   399   399 D vold    : Added key 785963079 (f2fs:b80eb78d50d66ba3) to keyring 935670402 in process 399
05-19 19:27:11.982   399   399 D vold    : Added key 814202170 (fscrypt:b80eb78d50d66ba3) to keyring 935670402 in process 399
05-19 19:27:11.982   399   399 D vold    : Installed de key for user 0
05-19 19:27:11.982   399   399 D vold    : fscrypt_prepare_user_storage for volume null, user 0, serial 0, flags 1
05-19 19:27:11.982   399   399 D vold    : Preparing: /data/system/users/0
05-19 19:27:11.982   399   399 D vold    : Preparing: /data/misc/profiles/cur/0
05-19 19:27:11.983   399   399 D vold    : Preparing: /data/system_de/0
05-19 19:27:11.983   399   399 D vold    : Preparing: /data/vendor_de/0
05-19 19:27:11.983   399   399 D vold    : Preparing: /data/misc_de/0
05-19 19:27:11.984   399   399 D vold    : Preparing: /data/user_de/0
05-19 19:27:11.984   399   399 I vold    : Verified that /data/system_de/0 has the encryption policy b80eb78d50d66ba3 v1 modes 1/4 flags 0x0
05-19 19:27:11.984   399   399 I vold    : Verified that /data/vendor_de/0 has the encryption policy b80eb78d50d66ba3 v1 modes 1/4 flags 0x0
05-19 19:27:11.985   399   399 I vold    : Verified that /data/misc_de/0 has the encryption policy b80eb78d50d66ba3 v1 modes 1/4 flags 0x0
05-19 19:27:11.985   399   399 I vold    : Verified that /data/user_de/0 has the encryption policy b80eb78d50d66ba3 v1 modes 1/4 flags 0x0
05-19 19:27:11.985   399   399 D vold    : /system/bin/vold_prepare_subdirs
05-19 19:27:11.985   399   399 D vold    :     prepare
05-19 19:27:11.985   399   399 D vold    :     
05-19 19:27:11.985   399   399 D vold    :     0
05-19 19:27:11.985   399   399 D vold    :     1
05-19 19:27:12.133   596   596 I odsign  : Trying to retrieve existing HMAC key...
05-19 19:27:12.134   596   596 I odsign  : Trying to retrieve existing keystore key...
05-19 19:27:12.139   596   596 I odsign  : Verified public key signature.
05-19 19:27:12.139   596   596 I odsign  : Initialized Keystore key.
05-19 19:27:12.139   596   596 I odsign  : Device doesn't support fsverity. Falling back to full verification.
05-19 19:27:12.207   597   597 I odrefresh: ART APEX version 330400000
05-19 19:27:12.207   597   597 I odrefresh: Factory ART APEX mounted.
05-19 19:27:12.207   597   597 I odrefresh: System properties are set to default values.
05-19 19:27:12.207   597   597 I odrefresh: Factory ART APEX mounted.
05-19 19:27:12.207   597   597 I odrefresh: System properties are set to default values.
05-19 19:27:12.208   597   597 I odrefresh: Factory APEXes mounted.
05-19 19:27:12.208   597   597 I odrefresh: System properties are set to default values.
05-19 19:27:12.212   596   596 I odsign  : Metrics report is empty
05-19 19:27:12.212   596   596 I odsign  : /data/misc/odsign/odsign.info not found.
05-19 19:27:12.213   596   596 I odsign  : odrefresh said artifacts are VALID
05-19 19:27:12.213   596   596 I odsign  : On-device signing done.
05-19 19:27:12.223   444   477 I keystore2: keystore2::super_key: keystore.boot_level 1000000000 hits maximum 1000000000, finishing.
05-19 19:27:12.907   399   415 I vold    : Found disk at /devices/platform/externdevice/mmc_host/mmc1/mmc1:59b4/block/mmcblk1 but delaying scan due to secure keyguard
05-19 19:27:12.984   711   711 I gsid    : no DSU: No such file or directory
05-19 19:27:13.443   774   774 I installd: installd firing up
05-19 19:27:13.504   788   788 I wificond: wificond is starting up...
05-19 19:27:13.526   788   788 I HidlServiceManagement: Registered android.system.wifi.keystore@1.0::IKeystore/default
05-19 19:27:13.561   779   779 I storaged: Unable to get AIDL health service, trying HIDL...
05-19 19:27:15.476  1220  1223 D BootAnimation: BootAnimationShownTiming start time: 8574ms
05-19 19:27:17.577  1244  1244 D SystemServerTiming: InitBeforeStartServices
05-19 19:27:17.579  1244  1244 I SystemServer: Entered the Android system server!
05-19 19:27:17.579  1244  1244 I DerpFest: Welcome to DerpFest! We believe that you'll love it. Ready to... uh... Tango!
05-19 19:27:17.751  1244  1244 I SystemServerInitThreadPool: Creating instance with 8 threads
05-19 19:27:18.617   779   779 E storaged: getService package_native failed
05-19 19:27:18.621   779  1263 I storaged: storaged: Start
05-19 19:27:18.662  1244  1244 D SystemServerTiming: StartServices
05-19 19:27:18.662  1244  1244 D SystemServerTiming: startBootstrapServices
05-19 19:27:18.662  1244  1244 D SystemServerTiming: StartWatchdog
05-19 19:27:18.670  1244  1244 I SystemServer: Reading configuration...
05-19 19:27:18.670  1244  1244 D SystemServerTiming: ReadingSystemConfig
05-19 19:27:18.670  1244  1244 D SystemServerTiming: PlatformCompat
05-19 19:27:18.670  1244  1272 D SystemServerTimingAsync: InitThreadPoolExec:ReadingSystemConfig
05-19 19:27:18.671  1244  1244 D CompatConfig: Found a config file: /system/etc/compatconfig/services-platform-compat-config.xml
05-19 19:27:18.672  1244  1272 I SystemConfig: Reading permissions from /system/etc/sysconfig/preinstalled-packages-com.android.providers.media.module.xml
05-19 19:27:18.673  1244  1244 D CompatConfig: Adding: com.android.server.compat.config.Change@6f544ff
05-19 19:27:18.673  1244  1244 D CompatConfig: Adding: com.android.server.compat.config.Change@dae42cc
05-19 19:27:18.673  1244  1244 D CompatConfig: Adding: com.android.server.compat.config.Change@154c915
05-19 19:27:18.673  1244  1244 D CompatConfig: Adding: com.android.server.compat.config.Change@19c342a
05-19 19:27:18.673  1244  1244 D CompatConfig: Adding: com.android.server.compat.config.Change@9e3321b
05-19 19:27:18.673  1244  1244 D CompatConfig: Adding: com.android.server.compat.config.Change@ae2bfb8
05-19 19:27:18.673  1244  1244 D CompatConfig: Adding: com.android.server.compat.config.Change@945e191
05-19 19:27:18.673  1244  1244 D CompatConfig: Adding: com.android.server.compat.config.Change@4a168f6
05-19 19:27:18.673  1244  1244 D CompatConfig: Adding: com.android.server.compat.config.Change@af8d4f7
05-19 19:27:18.673  1244  1244 D CompatConfig: Adding: com.android.server.compat.config.Change@ae01f64
05-19 19:27:18.673  1244  1244 D CompatConfig: Adding: com.android.server.compat.config.Change@65605cd
05-19 19:27:18.673  1244  1244 D CompatConfig: Adding: com.android.server.compat.config.Change@1f31e82
05-19 19:27:18.673  1244  1244 D CompatConfig: Adding: com.android.server.compat.config.Change@25bc993
05-19 19:27:18.673  1244  1244 D CompatConfig: Adding: com.android.server.compat.config.Change@331cdd0
05-19 19:27:18.673  1244  1244 D CompatConfig: Adding: com.android.server.compat.config.Change@7ca31c9
05-19 19:27:18.673  1244  1244 D CompatConfig: Adding: com.android.server.compat.config.Change@6b8a0ce
05-19 19:27:18.673  1244  1244 D CompatConfig: Adding: com.android.server.compat.config.Change@aef6bef
05-19 19:27:18.673  1244  1244 D CompatConfig: Adding: com.android.server.compat.config.Change@4adf6fc
05-19 19:27:18.673  1244  1244 D CompatConfig: Adding: com.android.server.compat.config.Change@23b2185
05-19 19:27:18.673  1244  1244 D CompatConfig: Adding: com.android.server.compat.config.Change@941fbda
05-19 19:27:18.674  1244  1244 D CompatConfig: Adding: com.android.server.compat.config.Change@70d80b
05-19 19:27:18.674  1244  1244 D CompatConfig: Adding: com.android.server.compat.config.Change@56186e8
05-19 19:27:18.674  1244  1244 D CompatConfig: Adding: com.android.server.compat.config.Change@1115101
05-19 19:27:18.674  1244  1244 D CompatConfig: Adding: com.android.server.compat.config.Change@2d3fba6
05-19 19:27:18.674  1244  1244 D CompatConfig: Adding: com.android.server.compat.config.Change@352e9e7
05-19 19:27:18.674  1244  1244 D CompatConfig: Adding: com.android.server.compat.config.Change@d3c2994
05-19 19:27:18.674  1244  1244 D CompatConfig: Adding: com.android.server.compat.config.Change@3c0fc3d
05-19 19:27:18.674  1244  1244 D CompatConfig: Adding: com.android.server.compat.config.Change@a342c32
05-19 19:27:18.674  1244  1244 D CompatConfig: Adding: com.android.server.compat.config.Change@e5a3d83
05-19 19:27:18.674  1244  1244 D CompatConfig: Adding: com.android.server.compat.config.Change@17c4b00
05-19 19:27:18.674  1244  1244 D CompatConfig: Adding: com.android.server.compat.config.Change@2c61f39
05-19 19:27:18.674  1244  1244 D CompatConfig: Adding: com.android.server.compat.config.Change@af4d97e
05-19 19:27:18.674  1244  1244 D CompatConfig: Adding: com.android.server.compat.config.Change@9f92edf
05-19 19:27:18.674  1244  1244 D CompatConfig: Adding: com.android.server.compat.config.Change@adb172c
05-19 19:27:18.674  1244  1244 D CompatConfig: Adding: com.android.server.compat.config.Change@86075f5
05-19 19:27:18.674  1244  1244 D CompatConfig: Adding: com.android.server.compat.config.Change@5810f8a
05-19 19:27:18.674  1244  1244 D CompatConfig: Adding: com.android.server.compat.config.Change@96bd9fb
05-19 19:27:18.674  1244  1244 D CompatConfig: Adding: com.android.server.compat.config.Change@2787a18
05-19 19:27:18.674  1244  1244 D CompatConfig: Adding: com.android.server.compat.config.Change@90f7c71
05-19 19:27:18.674  1244  1244 D CompatConfig: Adding: com.android.server.compat.config.Change@3e89a56
05-19 19:27:18.674  1244  1244 D CompatConfig: Adding: com.android.server.compat.config.Change@d941ad7
05-19 19:27:18.674  1244  1244 D CompatConfig: Adding: com.android.server.compat.config.Change@1871fc4
05-19 19:27:18.674  1244  1244 D CompatConfig: Adding: com.android.server.compat.config.Change@7ce6ead
05-19 19:27:18.674  1244  1244 D CompatConfig: Adding: com.android.server.compat.config.Change@f6c05e2
05-19 19:27:18.674  1244  1244 D CompatConfig: Adding: com.android.server.compat.config.Change@9958d73
05-19 19:27:18.674  1244  1244 D CompatConfig: Adding: com.android.server.compat.config.Change@fb87430
05-19 19:27:18.674  1244  1244 D CompatConfig: Adding: com.android.server.compat.config.Change@21048a9
05-19 19:27:18.674  1244  1244 D CompatConfig: Adding: com.android.server.compat.config.Change@2c89e2e
05-19 19:27:18.674  1244  1244 D CompatConfig: Adding: com.android.server.compat.config.Change@5318dcf
05-19 19:27:18.674  1244  1244 D CompatConfig: Adding: com.android.server.compat.config.Change@c68a35c
05-19 19:27:18.674  1244  1244 D CompatConfig: Adding: com.android.server.compat.config.Change@f7bc665
05-19 19:27:18.674  1244  1244 D CompatConfig: Adding: com.android.server.compat.config.Change@5446f3a
05-19 19:27:18.674  1244  1244 D CompatConfig: Adding: com.android.server.compat.config.Change@8e337eb
05-19 19:27:18.674  1244  1244 D CompatConfig: Adding: com.android.server.compat.config.Change@e8a9948
05-19 19:27:18.674  1244  1244 D CompatConfig: Adding: com.android.server.compat.config.Change@16763e1
05-19 19:27:18.674  1244  1244 D CompatConfig: Adding: com.android.server.compat.config.Change@a7a4506
05-19 19:27:18.674  1244  1244 D CompatConfig: Adding: com.android.server.compat.config.Change@fbb67c7
05-19 19:27:18.674  1244  1244 D CompatConfig: Adding: com.android.server.compat.config.Change@75401f4
05-19 19:27:18.674  1244  1244 D CompatConfig: Adding: com.android.server.compat.config.Change@e155d1d
05-19 19:27:18.674  1244  1244 D CompatConfig: Adding: com.android.server.compat.config.Change@2e5ab92
05-19 19:27:18.674  1244  1244 D CompatConfig: Adding: com.android.server.compat.config.Change@afcb963
05-19 19:27:18.675  1244  1244 D CompatConfig: Adding: com.android.server.compat.config.Change@3a94960
05-19 19:27:18.675  1244  1244 D CompatConfig: Adding: com.android.server.compat.config.Change@3afae19
05-19 19:27:18.675  1244  1244 D CompatConfig: Adding: com.android.server.compat.config.Change@92eeede
05-19 19:27:18.675  1244  1244 D CompatConfig: Adding: com.android.server.compat.config.Change@37788bf
05-19 19:27:18.676  1244  1272 I SystemConfig: Reading permissions from /system/etc/sysconfig/framework-sysconfig.xml
05-19 19:27:18.677  1244  1244 D CompatConfig: Found a config file: /system/etc/compatconfig/framework-platform-compat-config.xml
05-19 19:27:18.678  1244  1272 I SystemConfig: Reading permissions from /system/etc/sysconfig/hiddenapi-package-whitelist.xml
05-19 19:27:18.679  1244  1272 I SystemConfig: Reading permissions from /system/etc/sysconfig/preinstalled-packages-platform-full-base.xml
05-19 19:27:18.680  1244  1244 D CompatConfig: Adding: com.android.server.compat.config.Change@4bae478
05-19 19:27:18.680  1244  1244 D CompatConfig: Adding: com.android.server.compat.config.Change@2000751
05-19 19:27:18.680  1244  1244 D CompatConfig: Adding: com.android.server.compat.config.Change@5e3fbb6
05-19 19:27:18.680  1244  1244 D CompatConfig: Adding: com.android.server.compat.config.Change@d87d0b7
05-19 19:27:18.680  1244  1244 D CompatConfig: Adding: com.android.server.compat.config.Change@8f5d024
05-19 19:27:18.680  1244  1244 D CompatConfig: Adding: com.android.server.compat.config.Change@5ecc78d
05-19 19:27:18.680  1244  1244 D CompatConfig: Adding: com.android.server.compat.config.Change@eac1d42
05-19 19:27:18.680  1244  1244 D CompatConfig: Adding: com.android.server.compat.config.Change@33ec153
05-19 19:27:18.680  1244  1244 D CompatConfig: Adding: com.android.server.compat.config.Change@9d1ca90
05-19 19:27:18.680  1244  1244 D CompatConfig: Adding: com.android.server.compat.config.Change@56b4f89
05-19 19:27:18.680  1244  1244 D CompatConfig: Adding: com.android.server.compat.config.Change@de2cb8e
05-19 19:27:18.680  1244  1244 D CompatConfig: Adding: com.android.server.compat.config.Change@16a1faf
05-19 19:27:18.680  1244  1244 D CompatConfig: Adding: com.android.server.compat.config.Change@30ffbc
05-19 19:27:18.680  1244  1244 D CompatConfig: Adding: com.android.server.compat.config.Change@a305b45
05-19 19:27:18.680  1244  1244 D CompatConfig: Adding: com.android.server.compat.config.Change@ec4129a
05-19 19:27:18.680  1244  1244 D CompatConfig: Adding: com.android.server.compat.config.Change@44307cb
05-19 19:27:18.680  1244  1244 D CompatConfig: Adding: com.android.server.compat.config.Change@eec5ba8
05-19 19:27:18.680  1244  1244 D CompatConfig: Adding: com.android.server.compat.config.Change@a8066c1
05-19 19:27:18.680  1244  1244 D CompatConfig: Adding: com.android.server.compat.config.Change@240be66
05-19 19:27:18.680  1244  1244 D CompatConfig: Adding: com.android.server.compat.config.Change@87855a7
05-19 19:27:18.680  1244  1244 D CompatConfig: Adding: com.android.server.compat.config.Change@b7f8a54
05-19 19:27:18.680  1244  1244 D CompatConfig: Adding: com.android.server.compat.config.Change@26badfd
05-19 19:27:18.680  1244  1244 D CompatConfig: Adding: com.android.server.compat.config.Change@58a5af2
05-19 19:27:18.680  1244  1244 D CompatConfig: Adding: com.android.server.compat.config.Change@ccaa543
05-19 19:27:18.680  1244  1244 D CompatConfig: Adding: com.android.server.compat.config.Change@4ca2cf9
05-19 19:27:18.680  1244  1244 D CompatConfig: Adding: com.android.server.compat.config.Change@55f343e
05-19 19:27:18.680  1244  1244 D CompatConfig: Adding: com.android.server.compat.config.Change@168529f
05-19 19:27:18.680  1244  1244 D CompatConfig: Adding: com.android.server.compat.config.Change@891cfec
05-19 19:27:18.680  1244  1244 D CompatConfig: Adding: com.android.server.compat.config.Change@ff79fb5
05-19 19:27:18.680  1244  1272 I SystemConfig: Reading permissions from /system/etc/sysconfig/hiddenapi-whitelist-org.pixelexperience.faceunlock.xml
05-19 19:27:18.680  1244  1244 D CompatConfig: Adding: com.android.server.compat.config.Change@a16564a
05-19 19:27:18.680  1244  1244 D CompatConfig: Adding: com.android.server.compat.config.Change@10979bb
05-19 19:27:18.680  1244  1244 D CompatConfig: Adding: com.android.server.compat.config.Change@5c1fed8
05-19 19:27:18.680  1244  1244 D CompatConfig: Adding: com.android.server.compat.config.Change@24f8231
05-19 19:27:18.680  1244  1244 D CompatConfig: Adding: com.android.server.compat.config.Change@86b8d16
05-19 19:27:18.680  1244  1244 D CompatConfig: Adding: com.android.server.compat.config.Change@fcbf697
05-19 19:27:18.680  1244  1244 D CompatConfig: Adding: com.android.server.compat.config.Change@ec43084
05-19 19:27:18.680  1244  1244 D CompatConfig: Adding: com.android.server.compat.config.Change@a69106d
05-19 19:27:18.680  1244  1244 D CompatConfig: Adding: com.android.server.compat.config.Change@30b64a2
05-19 19:27:18.681  1244  1244 D CompatConfig: Adding: com.android.server.compat.config.Change@bcf6533
05-19 19:27:18.681  1244  1244 D CompatConfig: Adding: com.android.server.compat.config.Change@95d0f0
05-19 19:27:18.681  1244  1244 D CompatConfig: Adding: com.android.server.compat.config.Change@f134669
05-19 19:27:18.681  1244  1244 D CompatConfig: Adding: com.android.server.compat.config.Change@8df28ee
05-19 19:27:18.681  1244  1244 D CompatConfig: Adding: com.android.server.compat.config.Change@b91218f
05-19 19:27:18.681  1244  1244 D CompatConfig: Adding: com.android.server.compat.config.Change@89f0c1c
05-19 19:27:18.681  1244  1244 D CompatConfig: Adding: com.android.server.compat.config.Change@b10e025
05-19 19:27:18.681  1244  1244 D CompatConfig: Adding: com.android.server.compat.config.Change@c18e5fa
05-19 19:27:18.681  1244  1244 D CompatConfig: Adding: com.android.server.compat.config.Change@60847ab
05-19 19:27:18.681  1244  1244 D CompatConfig: Adding: com.android.server.compat.config.Change@9ece08
05-19 19:27:18.681  1244  1244 D CompatConfig: Adding: com.android.server.compat.config.Change@89459a1
05-19 19:27:18.681  1244  1244 D CompatConfig: Adding: com.android.server.compat.config.Change@dff67c6
05-19 19:27:18.681  1244  1244 D CompatConfig: Adding: com.android.server.compat.config.Change@81b387
05-19 19:27:18.681  1244  1244 D CompatConfig: Adding: com.android.server.compat.config.Change@d56c2b4
05-19 19:27:18.681  1244  1244 D CompatConfig: Adding: com.android.server.compat.config.Change@87beedd
05-19 19:27:18.681  1244  1244 D CompatConfig: Adding: com.android.server.compat.config.Change@b7a3a52
05-19 19:27:18.681  1244  1244 D CompatConfig: Adding: com.android.server.compat.config.Change@e3c0123
05-19 19:27:18.681  1244  1244 D CompatConfig: Adding: com.android.server.compat.config.Change@bf75620
05-19 19:27:18.681  1244  1244 D CompatConfig: Adding: com.android.server.compat.config.Change@14d9bd9
05-19 19:27:18.681  1244  1244 D CompatConfig: Adding: com.android.server.compat.config.Change@65da99e
05-19 19:27:18.681  1244  1244 D CompatConfig: Adding: com.android.server.compat.config.Change@dc38c7f
05-19 19:27:18.681  1244  1244 D CompatConfig: Adding: com.android.server.compat.config.Change@a4bb44c
05-19 19:27:18.681  1244  1244 D CompatConfig: Adding: com.android.server.compat.config.Change@1f31c95
05-19 19:27:18.681  1244  1244 D CompatConfig: Adding: com.android.server.compat.config.Change@776c1aa
05-19 19:27:18.681  1244  1244 D CompatConfig: Adding: com.android.server.compat.config.Change@e719b
05-19 19:27:18.681  1244  1244 D CompatConfig: Adding: com.android.server.compat.config.Change@5a5c938
05-19 19:27:18.681  1244  1244 D CompatConfig: Adding: com.android.server.compat.config.Change@435ed11
05-19 19:27:18.681  1244  1244 D CompatConfig: Adding: com.android.server.compat.config.Change@5574e76
05-19 19:27:18.681  1244  1244 D CompatConfig: Adding: com.android.server.compat.config.Change@5588c77
05-19 19:27:18.681  1244  1244 D CompatConfig: Adding: com.android.server.compat.config.Change@c8a40e4
05-19 19:27:18.681  1244  1244 D CompatConfig: Adding: com.android.server.compat.config.Change@afb494d
05-19 19:27:18.681  1244  1244 D CompatConfig: Adding: com.android.server.compat.config.Change@be1dc02
05-19 19:27:18.681  1244  1244 D CompatConfig: Adding: com.android.server.compat.config.Change@bbf7913
05-19 19:27:18.681  1244  1244 D CompatConfig: Adding: com.android.server.compat.config.Change@f1c8750
05-19 19:27:18.681  1244  1244 D CompatConfig: Adding: com.android.server.compat.config.Change@8402d49
05-19 19:27:18.681  1244  1244 D CompatConfig: Adding: com.android.server.compat.config.Change@95b64e
05-19 19:27:18.681  1244  1244 D CompatConfig: Adding: com.android.server.compat.config.Change@b9e936f
05-19 19:27:18.681  1244  1244 D CompatConfig: Adding: com.android.server.compat.config.Change@a4ac87c
05-19 19:27:18.681  1244  1244 D CompatConfig: Adding: com.android.server.compat.config.Change@6d55505
05-19 19:27:18.681  1244  1244 D CompatConfig: Adding: com.android.server.compat.config.Change@f9ae95a
05-19 19:27:18.681  1244  1244 D CompatConfig: Adding: com.android.server.compat.config.Change@daaf78b
05-19 19:27:18.681  1244  1244 D CompatConfig: Adding: com.android.server.compat.config.Change@9b9f068
05-19 19:27:18.681  1244  1244 D CompatConfig: Adding: com.android.server.compat.config.Change@3db3c81
05-19 19:27:18.681  1244  1244 D CompatConfig: Adding: com.android.server.compat.config.Change@d8e4126
05-19 19:27:18.681  1244  1244 D CompatConfig: Adding: com.android.server.compat.config.Change@6cf8167
05-19 19:27:18.681  1244  1244 D CompatConfig: Adding: com.android.server.compat.config.Change@c71ab14
05-19 19:27:18.681  1244  1244 D CompatConfig: Adding: com.android.server.compat.config.Change@3fe1fbd
05-19 19:27:18.681  1244  1244 D CompatConfig: Adding: com.android.server.compat.config.Change@a0d49b2
05-19 19:27:18.681  1244  1244 D CompatConfig: Adding: com.android.server.compat.config.Change@5c8cd03
05-19 19:27:18.681  1244  1244 D CompatConfig: Adding: com.android.server.compat.config.Change@8486480
05-19 19:27:18.681  1244  1244 D CompatConfig: Adding: com.android.server.compat.config.Change@f024efe
05-19 19:27:18.681  1244  1244 D CompatConfig: Adding: com.android.server.compat.config.Change@e81365f
05-19 19:27:18.681  1244  1244 D CompatConfig: Adding: com.android.server.compat.config.Change@80f48ac
05-19 19:27:18.681  1244  1244 D CompatConfig: Adding: com.android.server.compat.config.Change@7ae8975
05-19 19:27:18.682  1244  1244 D CompatConfig: Adding: com.android.server.compat.config.Change@8b05d0a
05-19 19:27:18.682  1244  1244 D CompatConfig: Adding: com.android.server.compat.config.Change@f2cd97b
05-19 19:27:18.682  1244  1244 D CompatConfig: Adding: com.android.server.compat.config.Change@7e4398
05-19 19:27:18.682  1244  1244 D CompatConfig: Adding: com.android.server.compat.config.Change@deb47f1
05-19 19:27:18.682  1244  1244 D CompatConfig: Adding: com.android.server.compat.config.Change@27f3fd6
05-19 19:27:18.682  1244  1272 I SystemConfig: Reading permissions from /system/etc/sysconfig/preinstalled-packages-platform.xml
05-19 19:27:18.682  1244  1244 D CompatConfig: Adding: com.android.server.compat.config.Change@b259257
05-19 19:27:18.682  1244  1244 D CompatConfig: Adding: com.android.server.compat.config.Change@7e00144
05-19 19:27:18.682  1244  1244 D CompatConfig: Adding: com.android.server.compat.config.Change@95b722d
05-19 19:27:18.683  1244  1244 D CompatConfig: Found a config file: /system/etc/compatconfig/icu4j-platform-compat-config.xml
05-19 19:27:18.684  1244  1272 I SystemConfig: Reading permissions from /system/etc/permissions/com.android.intentresolver.xml
05-19 19:27:18.684  1244  1244 D CompatConfig: Adding: com.android.server.compat.config.Change@c7dedb0
05-19 19:27:18.684  1244  1244 D CompatConfig: Found a config file: /system/etc/compatconfig/calendar-provider-compat-config.xml
05-19 19:27:18.685  1244  1272 I SystemConfig: Reading permissions from /system/etc/permissions/privapp-permissions-google.xml
05-19 19:27:18.685  1244  1244 D CompatConfig: Adding: com.android.server.compat.config.Change@58a754f
05-19 19:27:18.686  1244  1244 D CompatConfig: Found a config file: /system/etc/compatconfig/contacts-provider-platform-compat-config.xml
05-19 19:27:18.687  1244  1272 I SystemConfig: Reading permissions from /system/etc/permissions/org.apache.http.legacy.xml
05-19 19:27:18.687  1244  1244 D CompatConfig: Found a config file: /system/etc/compatconfig/documents-ui-compat-config.xml
05-19 19:27:18.688  1244  1272 I SystemConfig: Reading permissions from /system/etc/permissions/android.test.mock.xml
05-19 19:27:18.688  1244  1244 D CompatConfig: Adding: com.android.server.compat.config.Change@c55c2c8
05-19 19:27:18.689  1244  1244 D CompatConfig: Found a config file: /system/etc/compatconfig/TeleService-platform-compat-config.xml
05-19 19:27:18.689  1244  1272 I SystemConfig: Reading permissions from /system/etc/permissions/privapp-permissions-platform.xml
05-19 19:27:18.690  1244  1244 D CompatConfig: Adding: com.android.server.compat.config.Change@659bf47
05-19 19:27:18.690  1244  1244 D CompatConfig: Adding: com.android.server.compat.config.Change@4684374
05-19 19:27:18.690  1244  1244 D CompatConfig: Adding: com.android.server.compat.config.Change@4aa409d
05-19 19:27:18.690  1244  1244 D CompatConfig: Adding: com.android.server.compat.config.Change@29b8912
05-19 19:27:18.690  1244  1244 D CompatConfig: Adding: com.android.server.compat.config.Change@5e908e3
05-19 19:27:18.690  1244  1244 D CompatConfig: Adding: com.android.server.compat.config.Change@78022e0
05-19 19:27:18.691  1244  1244 D CompatConfig: Found a config file: /system/system_ext/etc/compatconfig/settings-platform-compat-config.xml
05-19 19:27:18.692  1244  1244 D CompatConfig: Adding: com.android.server.compat.config.Change@e25245e
05-19 19:27:18.692  1244  1272 I SystemConfig: Reading permissions from /system/etc/permissions/android.test.runner.xml
05-19 19:27:18.693  1244  1244 D ApexManagerTiming: getActiveApexInfos_noCache
05-19 19:27:18.694  1244  1272 I SystemConfig: Reading permissions from /system/etc/permissions/javax.obex.xml
05-19 19:27:18.695  1244  1272 I SystemConfig: Reading permissions from /system/etc/permissions/com.android.media.remotedisplay.xml
05-19 19:27:18.697  1244  1272 I SystemConfig: Reading permissions from /system/etc/permissions/android.software.nfc.beam.xml
05-19 19:27:18.699  1244  1272 I SystemConfig: Reading permissions from /system/etc/permissions/com.android.future.usb.accessory.xml
05-19 19:27:18.700  1244  1272 I SystemConfig: Reading permissions from /system/etc/permissions/android.test.base.xml
05-19 19:27:18.701  1244  1272 I SystemConfig: Reading permissions from /system/etc/permissions/android.software.webview.xml
05-19 19:27:18.703  1244  1272 I SystemConfig: Reading permissions from /system/etc/permissions/com.android.mediadrm.signer.xml
05-19 19:27:18.703  1244  1244 D CompatConfig: No directory /apex/com.android.vndk.v33/etc/compatconfig, skipping
05-19 19:27:18.704  1244  1244 D CompatConfig: No directory /apex/com.android.adbd/etc/compatconfig, skipping
05-19 19:27:18.704  1244  1244 D CompatConfig: No directory /apex/com.android.apex.cts.shim/etc/compatconfig, skipping
05-19 19:27:18.704  1244  1244 D CompatConfig: No directory /apex/com.android.scheduling/etc/compatconfig, skipping
05-19 19:27:18.704  1244  1272 I SystemConfig: Reading permissions from /system/etc/permissions/com.android.networkstack.xml
05-19 19:27:18.705  1244  1244 D CompatConfig: Found a config file: /apex/com.android.tethering/etc/compatconfig/connectivity-platform-compat-config.xml
05-19 19:27:18.706  1244  1272 I SystemConfig: Reading permissions from /system/etc/permissions/com.android.location.provider.xml
05-19 19:27:18.706  1244  1244 D CompatConfig: Adding: com.android.server.compat.config.Change@da2cdb1
05-19 19:27:18.707  1244  1272 I SystemConfig: Reading permissions from /system/etc/permissions/privapp_allowlist_com.android.adservices.api.xml
05-19 19:27:18.707  1244  1244 D CompatConfig: No directory /apex/com.android.appsearch/etc/compatconfig, skipping
05-19 19:27:18.707  1244  1244 D CompatConfig: No directory /apex/com.android.os.statsd/etc/compatconfig, skipping
05-19 19:27:18.708  1244  1272 I SystemConfig: Reading permissions from /system/etc/permissions/android.hardware.biometrics.face.xml
05-19 19:27:18.708  1244  1244 D CompatConfig: Found a config file: /apex/com.android.art/etc/compatconfig/libcore-platform-compat-config.xml
05-19 19:27:18.709  1244  1272 I SystemConfig: Reading permissions from /system/etc/permissions/privapp_allowlist_com.android.providers.media.module.xml
05-19 19:27:18.709  1244  1244 D CompatConfig: Adding: com.android.server.compat.config.Change@ea06222
05-19 19:27:18.709  1244  1244 D CompatConfig: Adding: com.android.server.compat.config.Change@7c54b3
05-19 19:27:18.709  1244  1244 D CompatConfig: Adding: com.android.server.compat.config.Change@c30ca70
05-19 19:27:18.709  1244  1244 D CompatConfig: Adding: com.android.server.compat.config.Change@11481e9
05-19 19:27:18.709  1244  1244 D CompatConfig: Adding: com.android.server.compat.config.Change@8867e6e
05-19 19:27:18.709  1244  1244 D CompatConfig: Adding: com.android.server.compat.config.Change@2dd890f
05-19 19:27:18.710  1244  1272 I SystemConfig: Reading permissions from /system/etc/permissions/android.software.live_wallpaper.xml
05-19 19:27:18.710  1244  1244 D CompatConfig: No directory /apex/com.android.extservices/etc/compatconfig, skipping
05-19 19:27:18.710  1244  1272 I SystemConfig: Reading permissions from /system/etc/permissions/privapp-permissions-mediatek.xml
05-19 19:27:18.710  1244  1244 D CompatConfig: No directory /apex/com.android.permission/etc/compatconfig, skipping
05-19 19:27:18.710  1244  1244 D CompatConfig: No directory /apex/com.android.runtime/etc/compatconfig, skipping
05-19 19:27:18.711  1244  1244 D CompatConfig: No directory /apex/com.android.neuralnetworks/etc/compatconfig, skipping
05-19 19:27:18.711  1244  1244 D CompatConfig: No directory /apex/com.android.ipsec/etc/compatconfig, skipping
05-19 19:27:18.712  1244  1244 D CompatConfig: Found a config file: /apex/com.android.mediaprovider/etc/compatconfig/media-provider-platform-compat-config.xml
05-19 19:27:18.713  1244  1244 D CompatConfig: Adding: com.android.server.compat.config.Change@673a72b
05-19 19:27:18.713  1244  1244 D CompatConfig: Adding: com.android.server.compat.config.Change@26f7788
05-19 19:27:18.713  1244  1244 D CompatConfig: Adding: com.android.server.compat.config.Change@b118521
05-19 19:27:18.713  1244  1244 D CompatConfig: Adding: com.android.server.compat.config.Change@58bed46
05-19 19:27:18.713  1244  1244 D CompatConfig: Adding: com.android.server.compat.config.Change@9038b07
05-19 19:27:18.713  1244  1244 D CompatConfig: Adding: com.android.server.compat.config.Change@9488434
05-19 19:27:18.713  1244  1244 D CompatConfig: Adding: com.android.server.compat.config.Change@30997d2
05-19 19:27:18.713  1244  1272 I SystemConfig: Reading permissions from /system/etc/permissions/privapp-permissions-org.pixelexperience.faceunlock.xml
05-19 19:27:18.715  1244  1272 I SystemConfig: Reading permissions from /system/etc/permissions/platform.xml
05-19 19:27:18.715  1244  1244 D CompatConfig: No directory /apex/com.android.i18n/etc/compatconfig, skipping
05-19 19:27:18.715  1244  1244 D CompatConfig: No directory /apex/com.android.conscrypt/etc/compatconfig, skipping
05-19 19:27:18.715  1244  1244 D CompatConfig: No directory /apex/com.android.adservices/etc/compatconfig, skipping
05-19 19:27:18.715  1244  1244 D CompatConfig: No directory /apex/com.android.cellbroadcast/etc/compatconfig, skipping
05-19 19:27:18.715  1244  1244 D CompatConfig: No directory /apex/com.android.resolv/etc/compatconfig, skipping
05-19 19:27:18.715  1244  1244 D CompatConfig: No directory /apex/com.android.sdkext/etc/compatconfig, skipping
05-19 19:27:18.716  1244  1244 D CompatConfig: No directory /apex/com.android.media/etc/compatconfig, skipping
05-19 19:27:18.717  1244  1244 D CompatConfig: Found a config file: /apex/com.android.wifi/etc/compatconfig/wifi-compat-config.xml
05-19 19:27:18.718  1244  1272 I SystemConfig: Reading permissions from /vendor/etc/permissions/android.software.ipsec_tunnels.xml
05-19 19:27:18.718  1244  1244 D CompatConfig: Adding: com.android.server.compat.config.Change@7455f1e
05-19 19:27:18.718  1244  1244 D CompatConfig: Adding: com.android.server.compat.config.Change@ab8d3ff
05-19 19:27:18.719  1244  1272 I SystemConfig: Reading permissions from /vendor/etc/permissions/android.hardware.sensor.stepdetector.xml
05-19 19:27:18.719  1244  1244 D CompatConfig: No directory /apex/com.android.media.swcodec/etc/compatconfig, skipping
05-19 19:27:18.719  1244  1244 D CompatConfig: No directory /apex/com.android.uwb/etc/compatconfig, skipping
05-19 19:27:18.719  1244  1244 D CompatConfig: No directory /apex/com.android.ondevicepersonalization/etc/compatconfig, skipping
05-19 19:27:18.720  1244  1244 D CompatConfig: No directory /apex/com.android.tzdata/etc/compatconfig, skipping
05-19 19:27:18.720  1244  1272 I SystemConfig: Reading permissions from /vendor/etc/permissions/android.hardware.telephony.gsm.xml
05-19 19:27:18.721  1244  1244 D CompatConfig: Found a config file: /apex/com.android.btservices/etc/compatconfig/bluetooth-compat-config.xml
05-19 19:27:18.721  1244  1272 I SystemConfig: Reading permissions from /vendor/etc/permissions/android.hardware.camera.front.xml
05-19 19:27:18.721  1244  1244 D CompatConfig: Adding: com.android.server.compat.config.Change@fb3d2b8
05-19 19:27:18.721  1244  1272 I SystemConfig: Reading permissions from /vendor/etc/permissions/android.hardware.touchscreen.multitouch.xml
05-19 19:27:18.723  1244  1272 I SystemConfig: Reading permissions from /vendor/etc/permissions/android.hardware.location.gps.xml
05-19 19:27:18.725  1244  1272 I SystemConfig: Reading permissions from /vendor/etc/permissions/android.hardware.wifi.direct.xml
05-19 19:27:18.726  1244  1272 I SystemConfig: Reading permissions from /vendor/etc/permissions/android.hardware.sensor.proximity.xml
05-19 19:27:18.727  1244  1272 I SystemConfig: Reading permissions from /vendor/etc/permissions/android.hardware.wifi.xml
05-19 19:27:18.729  1244  1272 I SystemConfig: Reading permissions from /vendor/etc/permissions/android.hardware.touchscreen.multitouch.distinct.xml
05-19 19:27:18.730  1244  1244 D SystemServerTiming: StartFileIntegrityService
05-19 19:27:18.730  1244  1244 I SystemServiceManager: Starting com.android.server.security.FileIntegrityService
05-19 19:27:18.731  1244  1272 I SystemConfig: Reading permissions from /vendor/etc/permissions/android.hardware.camera.xml
05-19 19:27:18.732  1244  1272 I SystemConfig: Reading permissions from /vendor/etc/permissions/android.hardware.sensor.light.xml
05-19 19:27:18.733  1244  1272 I SystemConfig: Reading permissions from /vendor/etc/permissions/handheld_core_hardware.xml
05-19 19:27:18.734  1244  1272 I SystemConfig: Reading permissions from /vendor/etc/permissions/android.hardware.opengles.aep.xml
05-19 19:27:18.736  1244  1244 D SystemServerTiming: StartInstaller
05-19 19:27:18.736  1244  1272 I SystemConfig: Reading permissions from /vendor/etc/permissions/android.hardware.telephony.ims.xml
05-19 19:27:18.736  1244  1244 I SystemServiceManager: Starting com.android.server.pm.Installer
05-19 19:27:18.736  1244  1272 I SystemConfig: Reading permissions from /vendor/etc/permissions/android.hardware.sensor.accelerometer.xml
05-19 19:27:18.737  1244  1272 I SystemConfig: Reading permissions from /vendor/etc/permissions/android.hardware.wifi.passpoint.xml
05-19 19:27:18.738  1244  1272 I SystemConfig: Reading permissions from /vendor/etc/permissions/android.hardware.vulkan.level.xml
05-19 19:27:18.738  1244  1272 I SystemConfig: Reading permissions from /vendor/etc/permissions/android.hardware.vulkan.compute.xml
05-19 19:27:18.739  1244  1272 I SystemConfig: Reading permissions from /vendor/etc/permissions/android.hardware.sensor.compass.xml
05-19 19:27:18.740  1244  1272 I SystemConfig: Reading permissions from /vendor/etc/permissions/android.hardware.camera.raw.xml
05-19 19:27:18.740  1244  1272 I SystemConfig: Reading permissions from /vendor/etc/permissions/android.software.opengles.deqp.level.xml
05-19 19:27:18.740  1244  1244 D SystemServerTiming: DeviceIdentifiersPolicyService
05-19 19:27:18.740  1244  1244 I SystemServiceManager: Starting com.android.server.os.DeviceIdentifiersPolicyService
05-19 19:27:18.741  1244  1272 I SystemConfig: Reading permissions from /vendor/etc/permissions/android.hardware.sensor.stepcounter.xml
05-19 19:27:18.741  1244  1272 I SystemConfig: Reading permissions from /vendor/etc/permissions/android.software.vulkan.deqp.level.xml
05-19 19:27:18.742  1244  1244 D SystemServerTiming: UriGrantsManagerService
05-19 19:27:18.742  1244  1244 I SystemServiceManager: Starting com.android.server.uri.UriGrantsManagerService$Lifecycle
05-19 19:27:18.742  1244  1272 I SystemConfig: Reading permissions from /vendor/etc/permissions/android.software.verified_boot.xml
05-19 19:27:18.743  1244  1272 I SystemConfig: Reading permissions from /vendor/etc/permissions/android.hardware.bluetooth.xml
05-19 19:27:18.743  1244  1272 I SystemConfig: Reading permissions from /vendor/etc/permissions/android.hardware.fingerprint.xml
05-19 19:27:18.744  1244  1244 D SystemServerTiming: StartPowerStatsService
05-19 19:27:18.744  1244  1244 I SystemServiceManager: Starting com.android.server.powerstats.PowerStatsService
05-19 19:27:18.744  1244  1272 I SystemConfig: Reading permissions from /vendor/etc/permissions/android.hardware.faketouch.xml
05-19 19:27:18.745  1244  1272 I SystemConfig: Reading permissions from /vendor/etc/permissions/android.hardware.usb.host.xml
05-19 19:27:18.745  1244  1272 I SystemConfig: Reading permissions from /vendor/etc/permissions/android.hardware.bluetooth_le.xml
05-19 19:27:18.746  1244  1272 I SystemConfig: Reading permissions from /vendor/etc/permissions/android.hardware.camera.full.xml
05-19 19:27:18.747  1244  1272 I SystemConfig: Reading permissions from /vendor/etc/permissions/android.software.midi.xml
05-19 19:27:18.747  1244  1272 I SystemConfig: Reading permissions from /vendor/etc/permissions/android.hardware.touchscreen.xml
05-19 19:27:18.748  1244  1272 I SystemConfig: Reading permissions from /vendor/etc/permissions/android.hardware.sensor.gyroscope.xml
05-19 19:27:18.749  1244  1272 I SystemConfig: Reading permissions from /vendor/etc/permissions/android.hardware.vulkan.version.xml
05-19 19:27:18.749  1244  1244 D SystemServerTiming: StartIStatsService
05-19 19:27:18.750  1244  1272 I SystemConfig: Reading permissions from /vendor/etc/permissions/android.hardware.usb.accessory.xml
05-19 19:27:18.750  1244  1272 I SystemConfig: Reading permissions from /vendor/etc/permissions/android.hardware.audio.low_latency.xml
05-19 19:27:18.751  1244  1272 I SystemConfig: Reading permissions from /vendor/etc/permissions/android.hardware.camera.flash-autofocus.xml
05-19 19:27:18.753  1244  1272 I SystemConfig: Reading permissions from /vendor/etc/permissions/android.hardware.touchscreen.multitouch.jazzhand.xml
05-19 19:27:18.754  1244  1244 D SystemServerTiming: MemtrackProxyService
05-19 19:27:18.756  1244  1272 I SystemConfig: Reading permissions from /product/etc/sysconfig/google-hiddenapi-package-whitelist.xml
05-19 19:27:18.758  1244  1272 I SystemConfig: Reading permissions from /product/etc/sysconfig/quick_tap.xml
05-19 19:27:18.759  1244  1272 I SystemConfig: Reading permissions from /product/etc/sysconfig/pixel_experience_2018.xml
05-19 19:27:18.759  1244  1272 I SystemConfig: Adding association: com.google.android.as.oss <- com.google.android.odad
05-19 19:27:18.759  1244  1272 I SystemConfig: Adding association: com.google.android.odad <- com.google.android.as.oss
05-19 19:27:18.760  1244  1272 I SystemConfig: Reading permissions from /product/etc/sysconfig/google_build.xml
05-19 19:27:18.760  1244  1244 D SystemServerTiming: StartActivityManager
05-19 19:27:18.761  1244  1244 I SystemServiceManager: Starting com.android.server.wm.ActivityTaskManagerService$Lifecycle
05-19 19:27:18.761  1244  1272 I SystemConfig: Reading permissions from /product/etc/sysconfig/nexus.xml
05-19 19:27:18.762  1244  1272 I SystemConfig: Reading permissions from /product/etc/sysconfig/google.xml
05-19 19:27:18.762  1244  1272 I SystemConfig: Adding association: com.google.android.as <- com.android.bluetooth
05-19 19:27:18.762  1244  1272 I SystemConfig: Adding association: com.google.android.as <- com.android.bluetooth.services
05-19 19:27:18.762  1244  1272 I SystemConfig: Adding association: com.google.android.as <- com.android.providers.contacts
05-19 19:27:18.762  1244  1272 I SystemConfig: Adding association: com.google.android.as <- com.android.providers.media
05-19 19:27:18.762  1244  1272 I SystemConfig: Adding association: com.google.android.as <- com.android.providers.telephony
05-19 19:27:18.762  1244  1272 I SystemConfig: Adding association: com.google.android.as <- com.android.systemui
05-19 19:27:18.762  1244  1272 I SystemConfig: Adding association: com.google.android.as <- com.google.android.bluetooth
05-19 19:27:18.762  1244  1272 I SystemConfig: Adding association: com.google.android.as <- com.google.android.bluetooth.services
05-19 19:27:18.763  1244  1272 I SystemConfig: Adding association: com.google.android.as <- com.google.android.providers.media.module
05-19 19:27:18.763  1244  1272 I SystemConfig: Adding association: com.google.android.as <- com.google.android.as.oss
05-19 19:27:18.763  1244  1272 I SystemConfig: Adding association: com.google.android.as.oss <- com.google.android.as
05-19 19:27:18.763  1244  1272 I SystemConfig: Reading permissions from /product/etc/sysconfig/pixel_experience_2020.xml
05-19 19:27:18.764  1244  1272 I SystemConfig: Reading permissions from /product/etc/sysconfig/pixel_2016_exclusive.xml
05-19 19:27:18.765  1244  1272 I SystemConfig: Reading permissions from /product/etc/sysconfig/pixel_experience_2020_midyear.xml
05-19 19:27:18.765  1244  1244 I SystemServiceManager: Starting com.android.server.am.ActivityManagerService$Lifecycle
05-19 19:27:18.765  1244  1272 I SystemConfig: Reading permissions from /product/etc/sysconfig/preinstalled-packages-platform-overlays.xml
05-19 19:27:18.767  1244  1272 I SystemConfig: Reading permissions from /product/etc/sysconfig/pixel_experience_2017.xml
05-19 19:27:18.768  1244  1244 I ActivityManager: Memory class: 192
05-19 19:27:18.769  1244  1272 I SystemConfig: Reading permissions from /product/etc/sysconfig/pixel_experience_2019.xml
05-19 19:27:18.770  1244  1275 I Binder  : Setting heavy hitter watcher config: false, 0, 0.0
05-19 19:27:18.770  1244  1272 I SystemConfig: Reading permissions from /product/etc/sysconfig/preinstalled-packages-platform-handheld-product.xml
05-19 19:27:18.771  1244  1272 I SystemConfig: Reading permissions from /product/etc/sysconfig/pixel_experience_2019_midyear.xml
05-19 19:27:18.773  1244  1272 I SystemConfig: Reading permissions from /product/etc/permissions/split-permissions-google.xml
05-19 19:27:18.775  1244  1272 I SystemConfig: Reading permissions from /product/etc/permissions/android.software.sip.voip.xml
05-19 19:27:18.776  1244  1272 I SystemConfig: Reading permissions from /product/etc/permissions/com.android.imsserviceentitlement.xml
05-19 19:27:18.778  1244  1272 I SystemConfig: Reading permissions from /product/etc/permissions/com.google.android.apps.dialer.call_recording_audio.features.xml
05-19 19:27:18.780  1244  1272 I SystemConfig: Reading permissions from /product/etc/permissions/com.google.android.dialer.support.xml
05-19 19:27:18.782  1244  1272 I SystemConfig: Reading permissions from /product/etc/permissions/privapp-permissions-google-p.xml
05-19 19:27:18.795  1244  1272 W SystemConfig: No directory /system_ext/etc/sysconfig, skipping
05-19 19:27:18.796  1244  1272 I SystemConfig: Reading permissions from /system_ext/etc/permissions/privapp_whitelist_derp_launcher3.xml
05-19 19:27:18.798  1244  1272 I SystemConfig: Reading permissions from /system_ext/etc/permissions/privapp_whitelist_io.chaldeaprjkt.gamespace.xml
05-19 19:27:18.799  1244  1272 I SystemConfig: Reading permissions from /system_ext/etc/permissions/allowlist_org.derpfest.prospect.xml
05-19 19:27:18.800  1244  1272 I SystemConfig: Reading permissions from /system_ext/etc/permissions/privapp-permissions-lineagehw.xml
05-19 19:27:18.802  1244  1272 I SystemConfig: Reading permissions from /system_ext/etc/permissions/com.android.settings.xml
05-19 19:27:18.804  1244  1272 I SystemConfig: Reading permissions from /system_ext/etc/permissions/privapp_whitelist_org.lineageos.updater.xml
