05-19 19:27:24.311  1244  1353 D SystemServerTimingAsync: InitThreadPoolExec:Update app-ops uidState in case package com.discord changed
05-19 19:27:24.311  1244  1272 D SystemServerTimingAsync: InitThreadPoolExec:Update app-ops uidState in case package com.f0x1d.logfox changed
05-19 19:27:24.311  1244  1309 D SystemServerTimingAsync: InitThreadPoolExec:Update app-ops uidState in case package com.tempmail changed
05-19 19:27:24.311  1244  1272 D SystemServerTimingAsync: InitThreadPoolExec:Update app-ops uidState in case package com.google.android.youtube changed
05-19 19:27:24.311  1244  1309 D SystemServerTimingAsync: InitThreadPoolExec:Update app-ops uidState in case package com.google.android.gm changed
05-19 19:27:24.311  1244  1272 D SystemServerTimingAsync: InitThreadPoolExec:Update app-ops uidState in case package com.supercell.brawlstars changed
05-19 19:27:24.311  1244  1309 D SystemServerTimingAsync: InitThreadPoolExec:Update app-ops uidState in case package ru.zdevs.zarchiver changed
05-19 19:27:24.311  1244  1272 D SystemServerTimingAsync: InitThreadPoolExec:Update app-ops uidState in case package com.android.providers.media.module changed
05-19 19:27:24.311  1244  1309 D SystemServerTimingAsync: InitThreadPoolExec:Update app-ops uidState in case package com.android.permissioncontroller changed
05-19 19:27:24.311  1244  1272 D SystemServerTimingAsync: InitThreadPoolExec:Update app-ops uidState in case package com.android.cellbroadcastreceiver.module changed
05-19 19:27:24.311  1244  1309 D SystemServerTimingAsync: InitThreadPoolExec:Update app-ops uidState in case package android.ext.services changed
05-19 19:27:24.311  1244  1327 D SystemServerTimingAsync: InitThreadPoolExec:Update app-ops uidState in case package tw.nekomimi.nekogram changed
05-19 19:27:24.311  1244  1309 D SystemServerTimingAsync: InitThreadPoolExec:Update app-ops uidState in case package org.derpfest.prospect changed
05-19 19:27:24.311  1244  1327 D SystemServerTimingAsync: InitThreadPoolExec:Update app-ops uidState in case package com.android.launcher3 changed
05-19 19:27:24.311  1244  1353 D SystemServerTimingAsync: InitThreadPoolExec:Update app-ops uidState in case package com.whatsapp changed
05-19 19:27:24.312  1244  1315 D SystemServerTimingAsync: InitThreadPoolExec:Update app-ops uidState in case package com.medium.reader changed
05-19 19:27:24.312  1244  1328 D SystemServerTimingAsync: InitThreadPoolExec:Update app-ops uidState in case package app.netmirror.netmirror changed
05-19 19:27:24.312  1244  1315 D SystemServerTimingAsync: InitThreadPoolExec:Update app-ops uidState in case package com.google.android.apps.photos changed
05-19 19:27:24.312  1244  1328 D SystemServerTimingAsync: InitThreadPoolExec:Update app-ops uidState in case package com.google.android.gms.location.history changed
05-19 19:27:24.312  1244  1344 D SystemServerTimingAsync: InitThreadPoolExec:Update app-ops uidState in case package xyz.penpencil.physicswala changed
05-19 19:27:24.312  1244  1328 D SystemServerTimingAsync: InitThreadPoolExec:Update app-ops uidState in case package com.google.android.calendar changed
05-19 19:27:24.312  1244  1344 D SystemServerTimingAsync: InitThreadPoolExec:Update app-ops uidState in case package org.derpfest.flash changed
05-19 19:27:24.312  1244  1309 D SystemServerTimingAsync: InitThreadPoolExec:Update app-ops uidState in case package com.google.android.pixel.setupwizard changed
05-19 19:27:24.312  1244  1344 D SystemServerTimingAsync: InitThreadPoolExec:Update app-ops uidState in case package org.calyxos.ripple changed
05-19 19:27:24.312  1244  1315 D SystemServerTimingAsync: InitThreadPoolExec:Update app-ops uidState in case package com.google.android.calculator changed
05-19 19:27:24.312  1244  1344 D SystemServerTimingAsync: InitThreadPoolExec:Update app-ops uidState in case package com.google.android.tts changed
05-19 19:27:24.312  1244  1315 D SystemServerTimingAsync: InitThreadPoolExec:Update app-ops uidState in case package com.google.android.accessibility.soundamplifier changed
05-19 19:27:24.312  1244  1315 D SystemServerTimingAsync: InitThreadPoolExec:Update app-ops uidState in case package com.google.android.marvin.talkback changed
05-19 19:27:24.312  1244  1327 D SystemServerTimingAsync: InitThreadPoolExec:Update app-ops uidState in case package org.calyxos.panic changed
05-19 19:27:24.312  1244  1328 D SystemServerTimingAsync: InitThreadPoolExec:Update app-ops uidState in case package com.google.android.deskclock changed
05-19 19:27:24.312  1244  1353 D SystemServerTimingAsync: InitThreadPoolExec:Update app-ops uidState in case package com.android.wallpaper changed
05-19 19:27:24.312  1244  1309 D SystemServerTimingAsync: InitThreadPoolExec:Update app-ops uidState in case package com.google.android.contacts changed
05-19 19:27:24.312  1244  1272 D SystemServerTimingAsync: InitThreadPoolExec:Update app-ops uidState in case package com.android.systemui changed
05-19 19:27:24.312  1244  1356 D SystemServerTimingAsync: InitThreadPoolExec:Update app-ops uidState in case package com.oyeah.alpha changed
05-19 19:27:24.312  1244  1272 D SystemServerTimingAsync: InitThreadPoolExec:Update app-ops uidState in case package com.google.android.apps.nbu.files changed
05-19 19:27:24.313  1244  1344 D SystemServerTimingAsync: InitThreadPoolExec:Update app-ops uidState in case package org.akanework.symphonica changed
05-19 19:27:24.313  1244  1272 D SystemServerTimingAsync: InitThreadPoolExec:Update app-ops uidState in case package com.google.android.setupwizard changed
05-19 19:27:24.313  1244  1328 D SystemServerTimingAsync: InitThreadPoolExec:Update app-ops uidState in case package com.google.android.webview changed
05-19 19:27:24.313  1244  1353 D SystemServerTimingAsync: InitThreadPoolExec:Update app-ops uidState in case package com.google.android.markup changed
05-19 19:27:24.313  1244  1309 D SystemServerTimingAsync: InitThreadPoolExec:Update app-ops uidState in case package com.android.vending changed
05-19 19:27:24.313  1244  1315 D SystemServerTimingAsync: InitThreadPoolExec:Update app-ops uidState in case package com.google.android.inputmethod.latin changed
05-19 19:27:24.313  1244  1356 D SystemServerTimingAsync: InitThreadPoolExec:Update app-ops uidState in case package com.google.android.googlequicksearchbox changed
05-19 19:27:24.313  1244  1327 D SystemServerTimingAsync: InitThreadPoolExec:Update app-ops uidState in case package com.android.chrome changed
05-19 19:27:24.313  1244  1344 D SystemServerTimingAsync: InitThreadPoolExec:Update app-ops uidState in case package com.google.android.apps.restore changed
05-19 19:27:24.313  1244  1327 D SystemServerTimingAsync: InitThreadPoolExec:Update app-ops uidState in case package com.google.android.projection.gearhead changed
05-19 19:27:24.313  1244  1344 D SystemServerTimingAsync: InitThreadPoolExec:Update app-ops uidState in case package com.google.android.apps.messaging changed
05-19 19:27:24.313  1244  1327 D SystemServerTimingAsync: InitThreadPoolExec:Update app-ops uidState in case package com.google.android.settings.intelligence changed
05-19 19:27:24.313  1244  1344 D SystemServerTimingAsync: InitThreadPoolExec:Update app-ops uidState in case package com.google.android.apps.security.securityhub changed
05-19 19:27:24.313  1244  1327 D SystemServerTimingAsync: InitThreadPoolExec:Update app-ops uidState in case package com.google.android.dialer changed
05-19 19:27:24.313  1244  1344 D SystemServerTimingAsync: InitThreadPoolExec:Update app-ops uidState in case package com.google.android.gms changed
05-19 19:27:24.313  1244  1327 D SystemServerTimingAsync: InitThreadPoolExec:Update app-ops uidState in case package com.google.android.gsf changed
05-19 19:27:24.313  1244  1328 D SystemServerTimingAsync: InitThreadPoolExec:Update app-ops uidState in case package com.google.android.apps.wellbeing changed
05-19 19:27:24.313  1244  1327 D SystemServerTimingAsync: InitThreadPoolExec:Update app-ops uidState in case package com.google.android.as changed
05-19 19:27:24.313  1244  1353 D SystemServerTimingAsync: InitThreadPoolExec:Update app-ops uidState in case package com.google.audio.hearing.visualization.accessibility.scribe changed
05-19 19:27:24.314  1244  1315 D SystemServerTimingAsync: InitThreadPoolExec:Update app-ops uidState in case package com.google.android.apps.turbo changed
05-19 19:27:24.314  1244  1353 D SystemServerTimingAsync: InitThreadPoolExec:Update app-ops uidState in case package com.android.companiondevicemanager changed
05-19 19:27:24.314  1244  1356 D SystemServerTimingAsync: InitThreadPoolExec:Update app-ops uidState in case package com.android.imsserviceentitlement changed
05-19 19:27:24.314  1244  1309 D SystemServerTimingAsync: InitThreadPoolExec:Update app-ops uidState in case package com.google.android.apps.safetyhub changed
05-19 19:27:24.314  1244  1356 D SystemServerTimingAsync: InitThreadPoolExec:Update app-ops uidState in case package org.pixelexperience.faceunlock changed
05-19 19:27:24.314  1244  1327 D SystemServerTimingAsync: InitThreadPoolExec:Update app-ops uidState in case package com.google.android.as.oss changed
05-19 19:27:24.314  1244  1353 D SystemServerTimingAsync: InitThreadPoolExec:Update app-ops uidState in case package com.android.printspooler changed
05-19 19:27:24.314  1244  1327 D SystemServerTimingAsync: InitThreadPoolExec:Update app-ops uidState in case package com.android.providers.downloads.ui changed
05-19 19:27:24.314  1244  1272 D SystemServerTimingAsync: InitThreadPoolExec:Update app-ops uidState in case package com.google.android.partnersetup changed
05-19 19:27:24.314  1244  1353 D SystemServerTimingAsync: InitThreadPoolExec:Update app-ops uidState in case package com.android.soundpicker changed
05-19 19:27:24.314  1244  1315 D SystemServerTimingAsync: InitThreadPoolExec:Update app-ops uidState in case package com.android.externalstorage changed
05-19 19:27:24.314  1244  1272 D SystemServerTimingAsync: InitThreadPoolExec:Update app-ops uidState in case package com.android.providers.calendar changed
05-19 19:27:24.314  1244  1309 D SystemServerTimingAsync: InitThreadPoolExec:Update app-ops uidState in case package com.google.android.packageinstaller changed
05-19 19:27:24.314  1244  1344 D SystemServerTimingAsync: InitThreadPoolExec:Update app-ops uidState in case package com.android.providers.media changed
05-19 19:27:24.314  1244  1315 D SystemServerTimingAsync: InitThreadPoolExec:Update app-ops uidState in case package com.android.calllogbackup changed
05-19 19:27:24.314  1244  1353 D SystemServerTimingAsync: InitThreadPoolExec:Update app-ops uidState in case package com.android.cellbroadcastreceiver changed
05-19 19:27:24.314  1244  1315 D SystemServerTimingAsync: InitThreadPoolExec:Update app-ops uidState in case package com.derp.systemui.wifibar_d changed
05-19 19:27:24.314  1244  1328 D SystemServerTimingAsync: InitThreadPoolExec:Update app-ops uidState in case package com.google.android.apps.recorder changed
05-19 19:27:24.314  1244  1353 D SystemServerTimingAsync: InitThreadPoolExec:Update app-ops uidState in case package com.derp.systemui.wifibar_c changed
05-19 19:27:24.314  1244  1328 D SystemServerTimingAsync: InitThreadPoolExec:Update app-ops uidState in case package com.derp.systemui.signalbar_c changed
05-19 19:27:24.314  1244  1353 D SystemServerTimingAsync: InitThreadPoolExec:Update app-ops uidState in case package com.derp.systemui.wifibar_i changed
05-19 19:27:24.314  1244  1328 D SystemServerTimingAsync: InitThreadPoolExec:Update app-ops uidState in case package com.bootleggers.shishufied.theme.unmonet.systemui changed
05-19 19:27:24.314  1244  1353 D SystemServerTimingAsync: InitThreadPoolExec:Update app-ops uidState in case package com.derp.systemui.signalbar_e changed
05-19 19:27:24.314  1244  1328 D SystemServerTimingAsync: InitThreadPoolExec:Update app-ops uidState in case package com.derp.systemui.wifibar_e changed
05-19 19:27:24.314  1244  1353 D SystemServerTimingAsync: InitThreadPoolExec:Update app-ops uidState in case package com.bootleggers.shishufied.theme.unmonet.settings changed
05-19 19:27:24.315  1244  1356 D SystemServerTimingAsync: InitThreadPoolExec:Update app-ops uidState in case package com.android.providers.downloads changed
05-19 19:27:24.315  1244  1353 D SystemServerTimingAsync: InitThreadPoolExec:Update app-ops uidState in case package com.derp.systemui.wifibar_a changed
05-19 19:27:24.315  1244  1344 D SystemServerTimingAsync: InitThreadPoolExec:Update app-ops uidState in case package com.android.providers.contacts changed
05-19 19:27:24.315  1244  1353 D SystemServerTimingAsync: InitThreadPoolExec:Update app-ops uidState in case package com.bootleggers.shishufied.theme.solarized.systemui changed
05-19 19:27:24.315  1244  1315 D SystemServerTimingAsync: InitThreadPoolExec:Update app-ops uidState in case package com.derp.systemui.signalbar_d changed
05-19 19:27:24.315  1244  1353 D SystemServerTimingAsync: InitThreadPoolExec:Update app-ops uidState in case package com.bootleggers.shishufied.theme.solarized.android changed
05-19 19:27:24.315  1244  1328 D SystemServerTimingAsync: InitThreadPoolExec:Update app-ops uidState in case package com.bootleggers.shishufied.theme.unmonet.android changed
05-19 19:27:24.315  1244  1353 D SystemServerTimingAsync: InitThreadPoolExec:Update app-ops uidState in case package com.derp.systemui.signalbar_b changed
05-19 19:27:24.315  1244  1356 D SystemServerTimingAsync: InitThreadPoolExec:Update app-ops uidState in case package com.derp.systemui.signalbar_a changed
05-19 19:27:24.315  1244  1327 D SystemServerTimingAsync: InitThreadPoolExec:Update app-ops uidState in case package com.android.mtp changed
05-19 19:27:24.315  1244  1353 D SystemServerTimingAsync: InitThreadPoolExec:Update app-ops uidState in case package com.bootleggers.shishufied.theme.shishu.android changed
05-19 19:27:24.315  1244  1272 D SystemServerTimingAsync: InitThreadPoolExec:Update app-ops uidState in case package com.android.providers.blockednumber changed
05-19 19:27:24.315  1244  1315 D SystemServerTimingAsync: InitThreadPoolExec:Update app-ops uidState in case package com.derp.systemui.wifibar_b changed
05-19 19:27:24.315  1244  1272 D SystemServerTimingAsync: InitThreadPoolExec:Update app-ops uidState in case package com.bootleggers.shishufied.theme.shishunights.android changed
05-19 19:27:24.315  1244  1315 D SystemServerTimingAsync: InitThreadPoolExec:Update app-ops uidState in case package com.bootleggers.shishufied.theme.shishuimmensity.systemui changed
05-19 19:27:24.315  1244  1272 D SystemServerTimingAsync: InitThreadPoolExec:Update app-ops uidState in case package com.bootleggers.shishufied.theme.shishuimmensity.settings changed
05-19 19:27:24.315  1244  1315 D SystemServerTimingAsync: InitThreadPoolExec:Update app-ops uidState in case package com.bootleggers.shishufied.theme.shishuimmensity.android changed
05-19 19:27:24.315  1244  1272 D SystemServerTimingAsync: InitThreadPoolExec:Update app-ops uidState in case package com.bootleggers.shishufied.theme.shishuillusions.systemui changed
05-19 19:27:24.315  1244  1356 D SystemServerTimingAsync: InitThreadPoolExec:Update app-ops uidState in case package com.bootleggers.shishufied.theme.shishu.settings changed
05-19 19:27:24.315  1244  1344 D SystemServerTimingAsync: InitThreadPoolExec:Update app-ops uidState in case package com.bootleggers.shishufied.theme.solarized.settings changed
05-19 19:27:24.315  1244  1272 D SystemServerTimingAsync: InitThreadPoolExec:Update app-ops uidState in case package com.bootleggers.shishufied.theme.shishuillusions.android changed
05-19 19:27:24.316  1244  1309 D SystemServerTimingAsync: InitThreadPoolExec:Update app-ops uidState in case package com.android.providers.userdictionary changed
05-19 19:27:24.316  1244  1272 D SystemServerTimingAsync: InitThreadPoolExec:Update app-ops uidState in case package com.bootleggers.shishufied.theme.shishuamalgamation.android changed
05-19 19:27:24.316  1244  1327 D SystemServerTimingAsync: InitThreadPoolExec:Update app-ops uidState in case package com.bootleggers.shishufied.theme.shishunights.systemui changed
05-19 19:27:24.316  1244  1328 D SystemServerTimingAsync: InitThreadPoolExec:Update app-ops uidState in case package com.bootleggers.shishufied.theme.shishu.systemui changed
05-19 19:27:24.316  1244  1327 D SystemServerTimingAsync: InitThreadPoolExec:Update app-ops uidState in case package com.bootleggers.shishufied.theme.optronic.systemui changed
05-19 19:27:24.316  1244  1344 D SystemServerTimingAsync: InitThreadPoolExec:Update app-ops uidState in case package com.bootleggers.shishufied.theme.shishuamalgamation.settings changed
05-19 19:27:24.316  1244  1315 D SystemServerTimingAsync: InitThreadPoolExec:Update app-ops uidState in case package com.bootleggers.shishufied.theme.shishuillusions.settings changed
05-19 19:27:24.316  1244  1344 D SystemServerTimingAsync: InitThreadPoolExec:Update app-ops uidState in case package com.custom.overlay.systemui.data10 changed
05-19 19:27:24.316  1244  1353 D SystemServerTimingAsync: InitThreadPoolExec:Update app-ops uidState in case package com.bootleggers.shishufied.theme.shishunights.settings changed
05-19 19:27:24.316  1244  1344 D SystemServerTimingAsync: InitThreadPoolExec:Update app-ops uidState in case package com.bootleggers.shishufied.theme.pacleggers.systemui changed
05-19 19:27:24.316  1244  1356 D SystemServerTimingAsync: InitThreadPoolExec:Update app-ops uidState in case package com.bootleggers.shishufied.theme.shishuamalgamation.systemui changed
05-19 19:27:24.316  1244  1344 D SystemServerTimingAsync: InitThreadPoolExec:Update app-ops uidState in case package com.bootleggers.shishufied.theme.pacleggers.android changed
05-19 19:27:24.316  1244  1328 D SystemServerTimingAsync: InitThreadPoolExec:Update app-ops uidState in case package com.bootleggers.shishufied.theme.optronic.android changed
05-19 19:27:24.316  1244  1344 D SystemServerTimingAsync: InitThreadPoolExec:Update app-ops uidState in case package com.custom.systemui.signalNothingDot changed
05-19 19:27:24.316  1244  1315 D SystemServerTimingAsync: InitThreadPoolExec:Update app-ops uidState in case package android.overlay.pixel changed
05-19 19:27:24.316  1244  1344 D SystemServerTimingAsync: InitThreadPoolExec:Update app-ops uidState in case package com.bootleggers.shishufied.theme.nexodus.settings changed
05-19 19:27:24.316  1244  1353 D SystemServerTimingAsync: InitThreadPoolExec:Update app-ops uidState in case package com.bootleggers.shishufied.theme.pacleggers.settings changed
05-19 19:27:24.316  1244  1327 D SystemServerTimingAsync: InitThreadPoolExec:Update app-ops uidState in case package com.bootleggers.shishufied.theme.optronic.settings changed
05-19 19:27:24.316  1244  1353 D SystemServerTimingAsync: InitThreadPoolExec:Update app-ops uidState in case package com.custom.overlay.systemui.data9 changed
05-19 19:27:24.316  1244  1309 D SystemServerTimingAsync: InitThreadPoolExec:Update app-ops uidState in case package com.derp.systemui.wifibar_f changed
05-19 19:27:24.316  1244  1353 D SystemServerTimingAsync: InitThreadPoolExec:Update app-ops uidState in case package org.derpfest.overlay.customization.navbar.keyboard.nonavbar changed
05-19 19:27:24.316  1244  1272 D SystemServerTimingAsync: InitThreadPoolExec:Update app-ops uidState in case package com.derp.systemui.signalbar_f changed
05-19 19:27:24.317  1244  1353 D SystemServerTimingAsync: InitThreadPoolExec:Update app-ops uidState in case package com.derp.systemui.signalbar_g changed
05-19 19:27:24.317  1244  1344 D SystemServerTimingAsync: InitThreadPoolExec:Update app-ops uidState in case package org.derpfest.overlay.customization.navbar.nohint changed
05-19 19:27:24.317  1244  1353 D SystemServerTimingAsync: InitThreadPoolExec:Update app-ops uidState in case package com.custom.overlay.systemui.data2 changed
05-19 19:27:24.317  1244  1327 D SystemServerTimingAsync: InitThreadPoolExec:Update app-ops uidState in case package org.derpfest.overlay.customization.launcher3.nohint changed
05-19 19:27:24.317  1244  1353 D SystemServerTimingAsync: InitThreadPoolExec:Update app-ops uidState in case package com.custom.overlay.systemui.data4 changed
05-19 19:27:24.317  1244  1327 D SystemServerTimingAsync: InitThreadPoolExec:Update app-ops uidState in case package com.custom.overlay.systemui.data3 changed
05-19 19:27:24.317  1244  1315 D SystemServerTimingAsync: InitThreadPoolExec:Update app-ops uidState in case package com.bootleggers.shishufied.theme.nexodus.android changed
05-19 19:27:24.317  1244  1327 D SystemServerTimingAsync: InitThreadPoolExec:Update app-ops uidState in case package com.custom.overlay.systemui.signalGradicon changed
05-19 19:27:24.317  1244  1356 D SystemServerTimingAsync: InitThreadPoolExec:Update app-ops uidState in case package com.custom.systemui.wifiNothingDot changed
05-19 19:27:24.317  1244  1327 D SystemServerTimingAsync: InitThreadPoolExec:Update app-ops uidState in case package com.custom.overlay.systemui.data7 changed
05-19 19:27:24.317  1244  1328 D SystemServerTimingAsync: InitThreadPoolExec:Update app-ops uidState in case package com.bootleggers.shishufied.theme.nexodus.systemui changed
05-19 19:27:24.317  1244  1327 D SystemServerTimingAsync: InitThreadPoolExec:Update app-ops uidState in case package com.bootleggers.shishufied.clockfont.xtrusion changed
05-19 19:27:24.317  1244  1353 D SystemServerTimingAsync: InitThreadPoolExec:Update app-ops uidState in case package com.custom.overlay.systemui.wifiGradicon changed
05-19 19:27:24.317  1244  1327 D SystemServerTimingAsync: InitThreadPoolExec:Update app-ops uidState in case package com.bootleggers.shishufied.clockfont.munsteria changed
05-19 19:27:24.317  1244  1315 D SystemServerTimingAsync: InitThreadPoolExec:Update app-ops uidState in case package com.custom.overlay.systemui.data8 changed
05-19 19:27:24.317  1244  1327 D SystemServerTimingAsync: InitThreadPoolExec:Update app-ops uidState in case package com.bootleggers.shishufied.clockfont.frankfrt changed
05-19 19:27:24.317  1244  1356 D SystemServerTimingAsync: InitThreadPoolExec:Update app-ops uidState in case package com.derp.systemui.wifibar_j changed
05-19 19:27:24.317  1244  1327 D SystemServerTimingAsync: InitThreadPoolExec:Update app-ops uidState in case package com.bootleggers.shishufied.clockfont.zerofour changed
05-19 19:27:24.317  1244  1328 D SystemServerTimingAsync: InitThreadPoolExec:Update app-ops uidState in case package com.bootleggers.shishufied.clockfont.neon2 changed
05-19 19:27:24.317  1244  1327 D SystemServerTimingAsync: InitThreadPoolExec:Update app-ops uidState in case package com.bootleggers.shishufied.clockfont.VTKSDURA3d changed
05-19 19:27:24.317  1244  1353 D SystemServerTimingAsync: InitThreadPoolExec:Update app-ops uidState in case package com.bootleggers.shishufied.clockfont.lovenessthree changed
05-19 19:27:24.317  1244  1327 D SystemServerTimingAsync: InitThreadPoolExec:Update app-ops uidState in case package com.bootleggers.shishufied.clockfont.v5prophit changed
05-19 19:27:24.317  1244  1315 D SystemServerTimingAsync: InitThreadPoolExec:Update app-ops uidState in case package com.bootleggers.shishufied.clockfont.ZnikomitNo24 changed
05-19 19:27:24.317  1244  1309 D SystemServerTimingAsync: InitThreadPoolExec:Update app-ops uidState in case package com.derp.systemui.wifibar_g changed
05-19 19:27:24.318  1244  1309 D SystemServerTimingAsync: InitThreadPoolExec:Update app-ops uidState in case package com.bootleggers.shishufied.clockfont.SpaceGame changed
05-19 19:27:24.318  1244  1272 D SystemServerTimingAsync: InitThreadPoolExec:Update app-ops uidState in case package com.custom.overlay.systemui.data1 changed
05-19 19:27:24.318  1244  1309 D SystemServerTimingAsync: InitThreadPoolExec:Update app-ops uidState in case package com.bootleggers.shishufied.clockfont.snowstorm changed
05-19 19:27:24.318  1244  1344 D SystemServerTimingAsync: InitThreadPoolExec:Update app-ops uidState in case package com.custom.overlay.systemui.data5 changed
05-19 19:27:24.318  1244  1309 D SystemServerTimingAsync: InitThreadPoolExec:Update app-ops uidState in case package com.bootleggers.shishufied.clockfont.REMPONK changed
05-19 19:27:24.318  1244  1344 D SystemServerTimingAsync: InitThreadPoolExec:Update app-ops uidState in case package com.bootleggers.shishufied.clockfont.sfroundedtime changed
05-19 19:27:24.318  1244  1327 D SystemServerTimingAsync: InitThreadPoolExec:Update app-ops uidState in case package com.bootleggers.shishufied.clockfont.tourney changed
05-19 19:27:24.318  1244  1344 D SystemServerTimingAsync: InitThreadPoolExec:Update app-ops uidState in case package com.bootleggers.shishufied.clockfont.riviera changed
05-19 19:27:24.318  1244  1309 D SystemServerTimingAsync: InitThreadPoolExec:Update app-ops uidState in case package com.bootleggers.shishufied.clockfont.sfsofttime changed
05-19 19:27:24.318  1244  1328 D SystemServerTimingAsync: InitThreadPoolExec:Update app-ops uidState in case package com.bootleggers.shishufied.clockfont.vg5000 changed
05-19 19:27:24.318  1244  1309 D SystemServerTimingAsync: InitThreadPoolExec:Update app-ops uidState in case package com.bootleggers.shishufied.clockfont.Romantiques changed
05-19 19:27:24.318  1244  1353 D SystemServerTimingAsync: InitThreadPoolExec:Update app-ops uidState in case package com.bootleggers.shishufied.clockfont.union changed
05-19 19:27:24.318  1244  1315 D SystemServerTimingAsync: InitThreadPoolExec:Update app-ops uidState in case package com.bootleggers.shishufied.clockfont.TH3MACHINE changed
05-19 19:27:24.318  1244  1353 D SystemServerTimingAsync: InitThreadPoolExec:Update app-ops uidState in case package com.bootleggers.shishufied.clockfont.PlantsLetters changed
05-19 19:27:24.318  1244  1356 D SystemServerTimingAsync: InitThreadPoolExec:Update app-ops uidState in case package com.bootleggers.shishufied.clockfont.vibur changed
05-19 19:27:24.318  1244  1353 D SystemServerTimingAsync: InitThreadPoolExec:Update app-ops uidState in case package com.bootleggers.shishufied.clockfont.Pinewood changed
05-19 19:27:24.318  1244  1272 D SystemServerTimingAsync: InitThreadPoolExec:Update app-ops uidState in case package com.bootleggers.shishufied.clockfont.slim changed
05-19 19:27:24.318  1244  1353 D SystemServerTimingAsync: InitThreadPoolExec:Update app-ops uidState in case package com.bootleggers.shishufied.clockfont.odibee changed
05-19 19:27:24.318  1244  1309 D SystemServerTimingAsync: InitThreadPoolExec:Update app-ops uidState in case package com.bootleggers.shishufied.clockfont.QuickSouth changed
05-19 19:27:24.318  1244  1309 D SystemServerTimingAsync: InitThreadPoolExec:Update app-ops uidState in case package com.bootleggers.shishufied.clockfont.NewYorkHeavy changed
05-19 19:27:24.318  1244  1353 D SystemServerTimingAsync: InitThreadPoolExec:Update app-ops uidState in case package com.bootleggers.shishufied.clockfont.NewYorkSemibold changed
05-19 19:27:24.318  1244  1327 D SystemServerTimingAsync: InitThreadPoolExec:Update app-ops uidState in case package com.bootleggers.shishufied.clockfont.rubikglitch changed
05-19 19:27:24.318  1244  1353 D SystemServerTimingAsync: InitThreadPoolExec:Update app-ops uidState in case package com.bootleggers.shishufied.clockfont.NeonDisco changed
05-19 19:27:24.318  1244  1328 D SystemServerTimingAsync: InitThreadPoolExec:Update app-ops uidState in case package com.bootleggers.shishufied.clockfont.prodeltco changed
05-19 19:27:24.318  1244  1353 D SystemServerTimingAsync: InitThreadPoolExec:Update app-ops uidState in case package com.bootleggers.shishufied.clockfont.museomod changed
05-19 19:27:24.319  1244  1344 D SystemServerTimingAsync: InitThreadPoolExec:Update app-ops uidState in case package com.bootleggers.shishufied.clockfont.roadrage changed
05-19 19:27:24.319  1244  1353 D SystemServerTimingAsync: InitThreadPoolExec:Update app-ops uidState in case package com.bootleggers.shishufied.clockfont.MessingLettern changed
05-19 19:27:24.319  1244  1344 D SystemServerTimingAsync: InitThreadPoolExec:Update app-ops uidState in case package com.bootleggers.shishufied.clockfont.liquidcrystal changed
05-19 19:27:24.319  1244  1353 D SystemServerTimingAsync: InitThreadPoolExec:Update app-ops uidState in case package com.bootleggers.shishufied.clockfont.kroppenfwo changed
05-19 19:27:24.319  1244  1315 D SystemServerTimingAsync: InitThreadPoolExec:Update app-ops uidState in case package com.bootleggers.shishufied.clockfont.PlaidEvent changed
05-19 19:27:24.319  1244  1353 D SystemServerTimingAsync: InitThreadPoolExec:Update app-ops uidState in case package com.bootleggers.shishufied.clockfont.mxwasgard changed
05-19 19:27:24.319  1244  1327 D SystemServerTimingAsync: InitThreadPoolExec:Update app-ops uidState in case package com.bootleggers.shishufied.clockfont.NINJAS changed
05-19 19:27:24.319  1244  1272 D SystemServerTimingAsync: InitThreadPoolExec:Update app-ops uidState in case package com.bootleggers.shishufied.clockfont.neptuncat changed
05-19 19:27:24.319  1244  1327 D SystemServerTimingAsync: InitThreadPoolExec:Update app-ops uidState in case package com.bootleggers.shishufied.clockfont.kroppenoutline changed
05-19 19:27:24.319  1244  1328 D SystemServerTimingAsync: InitThreadPoolExec:Update app-ops uidState in case package com.bootleggers.shishufied.clockfont.MonbijouxClownpiece changed
05-19 19:27:24.319  1244  1272 D SystemServerTimingAsync: InitThreadPoolExec:Update app-ops uidState in case package com.bootleggers.shishufied.clockfont.LMSClifford changed
05-19 19:27:24.319  1244  1356 D SystemServerTimingAsync: InitThreadPoolExec:Update app-ops uidState in case package com.bootleggers.shishufied.clockfont.permanentmarker changed
05-19 19:27:24.319  1244  1272 D SystemServerTimingAsync: InitThreadPoolExec:Update app-ops uidState in case package com.bootleggers.shishufied.clockfont.GautsMotelUpperRight changed
05-19 19:27:24.319  1244  1309 D SystemServerTimingAsync: InitThreadPoolExec:Update app-ops uidState in case package com.bootleggers.shishufied.clockfont.nothingdot changed
05-19 19:27:24.319  1244  1272 D SystemServerTimingAsync: InitThreadPoolExec:Update app-ops uidState in case package com.bootleggers.shishufied.clockfont.KGOnlyHope changed
05-19 19:27:24.319  1244  1327 D SystemServerTimingAsync: InitThreadPoolExec:Update app-ops uidState in case package com.bootleggers.shishufied.clockfont.Klyukin changed
05-19 19:27:24.319  1244  1272 D SystemServerTimingAsync: InitThreadPoolExec:Update app-ops uidState in case package com.bootleggers.shishufied.clockfont.Karamuruh changed
05-19 19:27:24.319  1244  1328 D SystemServerTimingAsync: InitThreadPoolExec:Update app-ops uidState in case package com.bootleggers.shishufied.clockfont.Kingthings changed
05-19 19:27:24.319  1244  1272 D SystemServerTimingAsync: InitThreadPoolExec:Update app-ops uidState in case package com.bootleggers.shishufied.clockfont.ios changed
05-19 19:27:24.319  1244  1272 D SystemServerTimingAsync: InitThreadPoolExec:Update app-ops uidState in case package com.bootleggers.shishufied.clockfont.exodar changed
05-19 19:27:24.319  1244  1356 D SystemServerTimingAsync: InitThreadPoolExec:Update app-ops uidState in case package com.bootleggers.shishufied.clockfont.HotSweat changed
05-19 19:27:24.319  1244  1272 D SystemServerTimingAsync: InitThreadPoolExec:Update app-ops uidState in case package com.bootleggers.shishufied.clockfont.headline changed
05-19 19:27:24.319  1244  1353 D SystemServerTimingAsync: InitThreadPoolExec:Update app-ops uidState in case package com.bootleggers.shishufied.clockfont.kroppenround changed
05-19 19:27:24.320  1244  1356 D SystemServerTimingAsync: InitThreadPoolExec:Update app-ops uidState in case package com.bootleggers.shishufied.clockfont.ginora changed
05-19 19:27:24.320  1244  1344 D SystemServerTimingAsync: InitThreadPoolExec:Update app-ops uidState in case package com.bootleggers.shishufied.clockfont.LittleBunny changed
05-19 19:27:24.320  1244  1327 D SystemServerTimingAsync: InitThreadPoolExec:Update app-ops uidState in case package com.bootleggers.shishufied.clockfont.hercules changed
05-19 19:27:24.320  1244  1344 D SystemServerTimingAsync: InitThreadPoolExec:Update app-ops uidState in case package com.bootleggers.shishufied.clockfont.EditPointsFilled changed
05-19 19:27:24.320  1244  1327 D SystemServerTimingAsync: InitThreadPoolExec:Update app-ops uidState in case package com.bootleggers.shishufied.clockfont.EditPoints changed
05-19 19:27:24.320  1244  1328 D SystemServerTimingAsync: InitThreadPoolExec:Update app-ops uidState in case package com.bootleggers.shishufied.clockfont.Hanged changed
05-19 19:27:24.320  1244  1272 D SystemServerTimingAsync: InitThreadPoolExec:Update app-ops uidState in case package com.bootleggers.shishufied.clockfont.Fibography changed
05-19 19:27:24.320  1244  1328 D SystemServerTimingAsync: InitThreadPoolExec:Update app-ops uidState in case package com.bootleggers.shishufied.clockfont.cherryswash changed
05-19 19:27:24.320  1244  1309 D SystemServerTimingAsync: InitThreadPoolExec:Update app-ops uidState in case package com.bootleggers.shishufied.clockfont.karmaticarcade changed
05-19 19:27:24.320  1244  1328 D SystemServerTimingAsync: InitThreadPoolExec:Update app-ops uidState in case package com.bootleggers.shishufied.clockfont.ELRIOTT2 changed
05-19 19:27:24.320  1244  1353 D SystemServerTimingAsync: InitThreadPoolExec:Update app-ops uidState in case package com.bootleggers.shishufied.clockfont.Floorlight changed
05-19 19:27:24.320  1244  1309 D SystemServerTimingAsync: InitThreadPoolExec:Update app-ops uidState in case package com.bootleggers.shishufied.clockfont.dotcom changed
05-19 19:27:24.320  1244  1356 D SystemServerTimingAsync: InitThreadPoolExec:Update app-ops uidState in case package com.bootleggers.shishufied.clockfont.forta changed
05-19 19:27:24.320  1244  1309 D SystemServerTimingAsync: InitThreadPoolExec:Update app-ops uidState in case package com.bootleggers.shishufied.clockfont.c24decoshadow changed
05-19 19:27:24.320  1244  1353 D SystemServerTimingAsync: InitThreadPoolExec:Update app-ops uidState in case package com.bootleggers.shishufied.clockfont.CRACKMAN changed
05-19 19:27:24.320  1244  1327 D SystemServerTimingAsync: InitThreadPoolExec:Update app-ops uidState in case package com.bootleggers.shishufied.clockfont.Concentrate changed
05-19 19:27:24.320  1244  1272 D SystemServerTimingAsync: InitThreadPoolExec:Update app-ops uidState in case package com.bootleggers.shishufied.clockfont.DiscoMidnight changed
05-19 19:27:24.320  1244  1315 D SystemServerTimingAsync: InitThreadPoolExec:Update app-ops uidState in case package com.bootleggers.shishufied.clockfont.LowerAtmosphere changed
05-19 19:27:24.321  1244  1309 D SystemServerTimingAsync: InitThreadPoolExec:Update app-ops uidState in case package com.bootleggers.shishufied.clockfont.CFOneTwoTrees changed
05-19 19:27:24.321  1244  1272 D SystemServerTimingAsync: InitThreadPoolExec:Update app-ops uidState in case package com.bootleggers.shishufied.clockfont.Brandayolq changed
05-19 19:27:24.321  1244  1327 D SystemServerTimingAsync: InitThreadPoolExec:Update app-ops uidState in case package com.bootleggers.shishufied.clockfont.BudmoJiggler changed
05-19 19:27:24.321  1244  1272 D SystemServerTimingAsync: InitThreadPoolExec:Update app-ops uidState in case package com.bootleggers.shishufied.clockfont.BigCheese changed
05-19 19:27:24.321  1244  1344 D SystemServerTimingAsync: InitThreadPoolExec:Update app-ops uidState in case package com.bootleggers.shishufied.clockfont.EasterBunny changed
05-19 19:27:24.321  1244  1272 D SystemServerTimingAsync: InitThreadPoolExec:Update app-ops uidState in case package com.bootleggers.shishufied.clockfont.balticstorm changed
05-19 19:27:24.321  1244  1315 D SystemServerTimingAsync: InitThreadPoolExec:Update app-ops uidState in case package com.bootleggers.shishufied.clockfont.biko changed
05-19 19:27:24.321  1244  1272 D SystemServerTimingAsync: InitThreadPoolExec:Update app-ops uidState in case package com.bootleggers.shishufied.clockfont.arcadeinterlaced changed
05-19 19:27:24.321  1244  1315 D SystemServerTimingAsync: InitThreadPoolExec:Update app-ops uidState in case package com.bootleggers.shishufied.clockfont.balticbodden changed
05-19 19:27:24.321  1244  1356 D SystemServerTimingAsync: InitThreadPoolExec:Update app-ops uidState in case package com.bootleggers.shishufied.clockfont.CFBadNews changed
05-19 19:27:24.321  1244  1272 D SystemServerTimingAsync: InitThreadPoolExec:Update app-ops uidState in case package com.bootleggers.shishufied.clockfont.balticcoast changed
05-19 19:27:24.321  1244  1327 D SystemServerTimingAsync: InitThreadPoolExec:Update app-ops uidState in case package com.bootleggers.shishufied.clockfont.BetsyFlanagan changed
05-19 19:27:24.321  1244  1356 D SystemServerTimingAsync: InitThreadPoolExec:Update app-ops uidState in case package com.bootleggers.shishufied.clockfont.AlphaWood changed
05-19 19:27:24.321  1244  1353 D SystemServerTimingAsync: InitThreadPoolExec:Update app-ops uidState in case package com.bootleggers.shishufied.clockfont.BunnyRabbits changed
05-19 19:27:24.321  1244  1344 D SystemServerTimingAsync: InitThreadPoolExec:Update app-ops uidState in case package com.bootleggers.shishufied.clockfont.balticdune changed
05-19 19:27:24.321  1244  1356 D SystemServerTimingAsync: InitThreadPoolExec:Update app-ops uidState in case package com.bootleggers.shishufied.clockfont.Ampad3D2 changed
05-19 19:27:24.321  1244  1353 D SystemServerTimingAsync: InitThreadPoolExec:Update app-ops uidState in case package com.bootleggers.shishufied.clockfont.AlphaClouds changed
05-19 19:27:24.321  1244  1344 D SystemServerTimingAsync: InitThreadPoolExec:Update app-ops uidState in case package com.bootleggers.shishufied.clockfont.alexana changed
05-19 19:27:24.321  1244  1327 D SystemServerTimingAsync: InitThreadPoolExec:Update app-ops uidState in case package com.bootleggers.shishufied.clockfont.AlphaFlowers changed
05-19 19:27:24.321  1244  1272 D SystemServerTimingAsync: InitThreadPoolExec:Update app-ops uidState in case package com.bootleggers.shishufied.clockfont.AlmonteSnow changed
05-19 19:27:24.321  1244  1327 D SystemServerTimingAsync: InitThreadPoolExec:Update app-ops uidState in case package com.bootleggers.shishufied.clockfont.ACFilmstrip changed
05-19 19:27:24.321  1244  1272 D SystemServerTimingAsync: InitThreadPoolExec:Update app-ops uidState in case package com.bootleggers.shishufied.clockfont.threedisobold changed
05-19 19:27:24.321  1244  1315 D SystemServerTimingAsync: InitThreadPoolExec:Update app-ops uidState in case package com.bootleggers.shishufied.clockfont.atkinson changed
05-19 19:27:24.321  1244  1327 D SystemServerTimingAsync: InitThreadPoolExec:Update app-ops uidState in case package com.bootleggers.shishufied.theme.black.settings changed
05-19 19:27:24.321  1244  1353 D SystemServerTimingAsync: InitThreadPoolExec:Update app-ops uidState in case package com.bootleggers.shishufied.clockfont.adventpro changed
05-19 19:27:24.321  1244  1327 D SystemServerTimingAsync: InitThreadPoolExec:Update app-ops uidState in case package com.derp.systemui.wifibar_h changed
05-19 19:27:24.322  1244  1353 D SystemServerTimingAsync: InitThreadPoolExec:Update app-ops uidState in case package com.bootleggers.shishufied.theme.black.android changed
05-19 19:27:24.322  1244  1327 D SystemServerTimingAsync: InitThreadPoolExec:Update app-ops uidState in case package com.derp.systemui.signalbar_h changed
05-19 19:27:24.322  1244  1272 D SystemServerTimingAsync: InitThreadPoolExec:Update app-ops uidState in case package com.bootleggers.shishufied.clockfont.galaxysans changed
05-19 19:27:24.322  1244  1272 D SystemServerTimingAsync: InitThreadPoolExec:Update app-ops uidState in case package com.android.shell changed
05-19 19:27:24.322  1244  1315 D SystemServerTimingAsync: InitThreadPoolExec:Update app-ops uidState in case package com.bootleggers.shishufied.theme.black.systemui changed
05-19 19:27:24.322  1244  1327 D SystemServerTimingAsync: InitThreadPoolExec:Update app-ops uidState in case package com.android.cellbroadcastservice changed
05-19 19:27:24.322  1244  1344 D SystemServerTimingAsync: InitThreadPoolExec:Update app-ops uidState in case package com.bootleggers.shishufied.clockfont.threedisoblack changed
05-19 19:27:24.322  1244  1315 D SystemServerTimingAsync: InitThreadPoolExec:Update app-ops uidState in case package com.android.bluetooth changed
05-19 19:27:24.322  1244  1344 D SystemServerTimingAsync: InitThreadPoolExec:Update app-ops uidState in case package com.mediatek.ims changed
05-19 19:27:24.322  1244  1315 D SystemServerTimingAsync: InitThreadPoolExec:Update app-ops uidState in case package com.android.providers.telephony changed
05-19 19:27:24.322  1244  1344 D SystemServerTimingAsync: InitThreadPoolExec:Update app-ops uidState in case package com.android.mms.service changed
05-19 19:27:24.322  1244  1315 D SystemServerTimingAsync: InitThreadPoolExec:Update app-ops uidState in case package com.android.ons changed
05-19 19:27:24.322  1244  1315 D SystemServerTimingAsync: InitThreadPoolExec:Update app-ops uidState in case package com.android.stk changed
05-19 19:27:24.322  1244  1272 D SystemServerTimingAsync: InitThreadPoolExec:Update app-ops uidState in case package com.android.networkstack changed
05-19 19:27:24.322  1244  1327 D SystemServerTimingAsync: InitThreadPoolExec:Update app-ops uidState in case package com.android.networkstack.tethering changed
05-19 19:27:24.322  1244  1315 D SystemServerTimingAsync: InitThreadPoolExec:Update app-ops uidState in case package com.android.bluetooth.bthelper changed
05-19 19:27:24.322  1244  1272 D SystemServerTimingAsync: InitThreadPoolExec:Update app-ops uidState in case package android changed
05-19 19:27:24.322  1244  1315 D SystemServerTimingAsync: InitThreadPoolExec:Update app-ops uidState in case package com.android.providers.settings changed
05-19 19:27:24.322  1244  1272 D SystemServerTimingAsync: InitThreadPoolExec:Update app-ops uidState in case package com.android.server.telecom changed
05-19 19:27:24.322  1244  1315 D SystemServerTimingAsync: InitThreadPoolExec:Update app-ops uidState in case package com.android.localtransport changed
05-19 19:27:24.322  1244  1272 D SystemServerTimingAsync: InitThreadPoolExec:Update app-ops uidState in case package com.android.settings changed
05-19 19:27:24.322  1244  1315 D SystemServerTimingAsync: InitThreadPoolExec:Update app-ops uidState in case package org.lineageos.mediatek.incallservice changed
05-19 19:27:24.322  1244  1327 D SystemServerTimingAsync: InitThreadPoolExec:Update app-ops uidState in case package com.android.inputdevices changed
05-19 19:27:24.322  1244  1315 D SystemServerTimingAsync: InitThreadPoolExec:Update app-ops uidState in case package com.android.location.fused changed
05-19 19:27:24.323  1244  1356 D SystemServerTimingAsync: InitThreadPoolExec:Update app-ops uidState in case package com.bootleggers.shishufied.clockfont.alienleague changed
05-19 19:27:24.323  1244  1344 D SystemServerTimingAsync: InitThreadPoolExec:Update app-ops uidState in case package com.android.phone changed
05-19 19:27:24.323  1244  1328 D SystemServerTimingAsync: InitThreadPoolExec:Update app-ops uidState in case package com.bootleggers.shishufied.clockfont.Cat changed
05-19 19:27:24.323  1244  1309 D SystemServerTimingAsync: InitThreadPoolExec:Update app-ops uidState in case package com.bootleggers.shishufied.clockfont.bignoodle changed
05-19 19:27:24.323  1244  1272 D SystemServerTimingAsync: InitThreadPoolExec:Update app-ops uidState in case package com.android.wallpaperbackup changed
05-19 19:27:24.323  1244  1353 D SystemServerTimingAsync: InitThreadPoolExec:Update app-ops uidState in case package com.custom.overlay.systemui.data6 changed
05-19 19:27:24.330  1244  1244 E ActivityManager: Unable to find com.google.android.trichromelibrary_704903733/u0
05-19 19:27:24.330  1244  1244 E ActivityManager: Unable to find com.google.android.trichromelibrary_704903833/u0
05-19 19:27:24.330  1244  1244 E ActivityManager: Unable to find com.google.android.trichromelibrary_704903933/u0
05-19 19:27:24.330  1244  1244 E ActivityManager: Unable to find com.google.android.trichromelibrary_704907933/u0
05-19 19:27:24.330  1244  1244 E ActivityManager: Unable to find com.google.android.trichromelibrary_704908033/u0
05-19 19:27:24.330  1244  1244 E ActivityManager: Unable to find com.google.android.trichromelibrary_704910033/u0
05-19 19:27:24.330  1244  1244 E ActivityManager: Unable to find com.google.android.trichromelibrary_704911133/u0
05-19 19:27:24.330  1244  1244 E ActivityManager: Unable to find com.google.android.trichromelibrary_704911333/u0
05-19 19:27:24.331  1244  1244 E ActivityManager: Unable to find com.google.android.trichromelibrary_699813533/u0
05-19 19:27:24.331  1244  1244 E ActivityManager: Unable to find com.google.android.trichromelibrary_699813633/u0
05-19 19:27:24.336  1244  1285 E AppStandbyController: Tried to restrict app com.termux for an unsupported reason
05-19 19:27:24.337  1244  1285 E AppStandbyController: Tried to restrict app com.google.android.contacts for an unsupported reason
05-19 19:27:24.338  1244  1285 E AppStandbyController: Tried to restrict app com.google.android.inputmethod.latin for an unsupported reason
05-19 19:27:24.341  1244  1244 D SystemServerTiming: killProcesses
05-19 19:27:24.341  1244  1244 I ActivityManager: System now ready
05-19 19:27:24.341  1244  1244 D SystemServerTiming: updateTopComponentForFactoryTest
05-19 19:27:24.341  1244  1244 D SystemServerTiming: registerActivityLaunchObserver
05-19 19:27:24.341  1244  1244 D SystemServerTiming: watchDeviceProvisioning
05-19 19:27:24.346  1244  1244 D SystemServerTiming: retrieveSettings
05-19 19:27:24.347  1244  1244 I ActivityTaskManager: Config changes=10000100 {1.0 ?mcc?mnc [en_IN] ldltr sw400dp w400dp h852dp 432dpi nrml long port night finger -keyb/v/h -nav/h winConfig={ mBounds=Rect(0, 0 - 1080, 2400) mAppBounds=Rect(0, 100 - 1080, 2400) mMaxBounds=Rect(0, 0 - 1080, 2400) mDisplayRotation=ROTATION_0 mWindowingMode=fullscreen mDisplayWindowingMode=fullscreen mActivityType=undefined mAlwaysOnTop=undefined mRotation=ROTATION_0} s.10 fontWeightAdjustment=300}
05-19 19:27:24.347  1244  1244 I WindowManager: Override config changes=10000100 {1.0 ?mcc?mnc [en_IN] ldltr sw400dp w400dp h852dp 432dpi nrml long port night finger -keyb/v/h -nav/h winConfig={ mBounds=Rect(0, 0 - 1080, 2400) mAppBounds=Rect(0, 100 - 1080, 2400) mMaxBounds=Rect(0, 0 - 1080, 2400) mDisplayRotation=ROTATION_0 mWindowingMode=fullscreen mDisplayWindowingMode=fullscreen mActivityType=undefined mAlwaysOnTop=undefined mRotation=ROTATION_0} s.10 fontWeightAdjustment=300} for displayId=0
05-19 19:27:24.350  1244  1244 D SystemServerTiming: Ugm.onSystemReady
05-19 19:27:24.351  1244  1244 D SystemServerTiming: updateForceBackgroundCheck
05-19 19:27:24.351  1244  1244 I SystemServer: Making services ready
05-19 19:27:24.351  1244  1244 D SystemServerTiming: StartActivityManagerReadyPhase
05-19 19:27:24.351  1244  1244 I SystemServiceManager: Starting phase 550
05-19 19:27:24.351  1244  1244 D SystemServerTiming: OnBootPhase_550
05-19 19:27:24.351  1244  1244 D SystemServerTiming: OnBootPhase_550_com.android.server.security.FileIntegrityService
05-19 19:27:24.351  1244  1244 D SystemServerTiming: OnBootPhase_550_com.android.server.pm.Installer
05-19 19:27:24.351  1244  1244 D SystemServerTiming: OnBootPhase_550_com.android.server.os.DeviceIdentifiersPolicyService
05-19 19:27:24.351  1244  1244 D SystemServerTiming: OnBootPhase_550_com.android.server.uri.UriGrantsManagerService$Lifecycle
05-19 19:27:24.351  1244  1244 D SystemServerTiming: OnBootPhase_550_com.android.server.powerstats.PowerStatsService
05-19 19:27:24.351  1244  1244 D SystemServerTiming: OnBootPhase_550_com.android.server.wm.ActivityTaskManagerService$Lifecycle
05-19 19:27:24.352  1244  1244 D SystemServerTiming: OnBootPhase_550_com.android.server.am.ActivityManagerService$Lifecycle
05-19 19:27:24.352  1244  1244 D SystemServerTiming: OnBootPhase_550_com.android.server.pm.DataLoaderManagerService
05-19 19:27:24.352  1244  1244 D SystemServerTiming: OnBootPhase_550_com.android.server.power.PowerManagerService
05-19 19:27:24.352  1244  1244 D SystemServerTiming: OnBootPhase_550_com.android.server.power.ThermalManagerService
05-19 19:27:24.353  1244  1244 E ThermalHalWrapper: Thermal HAL 2.0 service not connected.
05-19 19:27:24.354  1244  1244 E ThermalHalWrapper: Thermal HAL 1.1 service not connected.
05-19 19:27:24.355  1244  1244 E ThermalHalWrapper: Thermal HAL 1.0 service not connected.
05-19 19:27:24.355  1244  1244 W ThermalManagerService: No Thermal HAL service on this device
05-19 19:27:24.355  1244  1244 D SystemServerTiming: OnBootPhase_550_com.android.server.power.hint.HintManagerService
05-19 19:27:24.355  1244  1244 D SystemServerTiming: OnBootPhase_550_com.android.server.recoverysystem.RecoverySystemService$Lifecycle
05-19 19:27:24.355  1244  1244 D SystemServerTiming: OnBootPhase_550_com.android.server.lights.LightsService
05-19 19:27:24.355  1244  1244 D SystemServerTiming: OnBootPhase_550_com.android.server.display.DisplayManagerService
05-19 19:27:24.355  1244  1244 D SystemServerTiming: OnBootPhase_550_com.android.server.pm.verify.domain.DomainVerificationService
05-19 19:27:24.355  1244  1244 D SystemServerTiming: OnBootPhase_550_com.android.server.pm.PackageInstallerService$Lifecycle
05-19 19:27:24.355  1244  1244 D SystemServerTiming: OnBootPhase_550_com.android.server.pm.UserManagerService$LifeCycle
05-19 19:27:24.355  1244  1244 D SystemServerTiming: OnBootPhase_550_com.android.server.om.OverlayManagerService
