01-08 18:41:32.897  1223  1282 I DisplayPowerController[0]: BrightnessEvent: disp=0, physDisp=local:0, brt=0.057832286, initBrt=0.049373567, rcmdBrt=0.057832286, preBrt=0.049373567, lux=18.825056, preLux=17.0, hbmMax=1.0, hbmMode=off, rbcStrength=0, powerFactor=1.0, thrmMax=1.0, wasShortTermModelActive=false, flags=, reason=automatic, autoBrightness=true
01-08 18:41:32.898  1223  1282 I DisplayPowerController[0]: BrightnessEvent: disp=0, physDisp=local:0, brt=0.057832286, initBrt=0.057832286, rcmdBrt=0.057832286, preBrt=0.049373567, lux=18.825056, preLux=17.0, hbmMax=1.0, hbmMode=off, rbcStrength=0, powerFactor=1.0, thrmMax=1.0, wasShortTermModelActive=false, flags=, reason=automatic, autoBrightness=true
01-08 18:41:32.899  1223  1223 I BrightnessSynchronizer: [4] New Update 0.057832286(f) set brightness values:  16(i)
01-08 18:41:32.899  1223  1223 I BrightnessSynchronizer: New PendingUpdate: {[5] 0.057832286(f), mUpdatedTypes=0, mConfirmedTypes=0, mTimeUpdated=0}, prev=null
01-08 18:41:32.900  1223  1223 I BrightnessSynchronizer: Swallowing update of 16(i) by update: {[4] 0.057832286(f), mUpdatedTypes=1, mConfirmedTypes=1, mTimeUpdated=101981}
01-08 18:41:32.900  1223  1223 I BrightnessSynchronizer: Completed Update: {[4] 0.057832286(f), mUpdatedTypes=1, mConfirmedTypes=1, mTimeUpdated=101981}
01-08 18:41:33.039  1223  1282 I DisplayPowerController[0]: BrightnessEvent: disp=0, physDisp=local:0, brt=0.057832286, initBrt=0.057832286, rcmdBrt=0.057832286, preBrt=0.049373567, lux=18.825056, preLux=17.0, hbmMax=1.0, hbmMode=off, rbcStrength=0, powerFactor=1.0, thrmMax=1.0, wasShortTermModelActive=false, flags=, reason=automatic, autoBrightness=true
01-08 18:41:33.061  2644  3305 W PackageParser: Unknown element under <manifest>: queries at /data/user_de/0/com.google.android.gms/app_chimera/m/00000000/AdsDynamite.apk Binary XML file line #11
01-08 18:41:33.719  1223  1223 I Telecom : DefaultDialerCache: Refreshing default dialer for user 0: now com.google.android.dialer: DDC.oR@AHs
01-08 18:41:34.050  1223  1259 V PackageManager: reconcileAppsData finished 555 packages
01-08 18:41:34.050  1223  1259 I ActivityManager: User 0 state changed from RUNNING_LOCKED to RUNNING_UNLOCKING
01-08 18:41:34.052  1223  1259 D ActivityManager: Unlocking user 0 progress 20
01-08 18:41:34.052  1223  1259 W Looper  : Slow dispatch took 2122ms android.fg h=android.os.Handler c=com.android.server.am.UserController$$ExternalSyntheticLambda7@f731b02 m=0
01-08 18:41:34.052  1223  1259 W Looper  : Slow delivery took 2123ms android.fg h=android.os.Handler c=com.android.server.am.UserController$$ExternalSyntheticLambda4@3955e50 m=0
01-08 18:41:34.052  1223  1269 D SystemServerTimingAsync: ssm.UnlockingUser-0
01-08 18:41:34.053  1223  1269 I SystemServiceManager: Calling onUnlockingUser 0
01-08 18:41:34.053  1223  1269 D SystemServerTimingAsync: ssm.onUnlockingUser-0_com.android.server.security.FileIntegrityService
01-08 18:41:34.053  1223  1269 D SystemServerTimingAsync: ssm.onUnlockingUser-0_com.android.server.pm.Installer
01-08 18:41:34.053  1223  1269 D SystemServerTimingAsync: ssm.onUnlockingUser-0_com.android.server.os.DeviceIdentifiersPolicyService
01-08 18:41:34.053  1223  1269 D SystemServerTimingAsync: ssm.onUnlockingUser-0_com.android.server.uri.UriGrantsManagerService$Lifecycle
01-08 18:41:34.053  1223  1269 D SystemServerTimingAsync: ssm.onUnlockingUser-0_com.android.server.powerstats.PowerStatsService
01-08 18:41:34.053  1223  1269 D SystemServerTimingAsync: ssm.onUnlockingUser-0_com.android.server.wm.ActivityTaskManagerService$Lifecycle
01-08 18:41:34.053  1223  1269 D SystemServerTimingAsync: ssm.onUnlockingUser-0_com.android.server.am.ActivityManagerService$Lifecycle
01-08 18:41:34.053  1223  1269 D SystemServerTimingAsync: ssm.onUnlockingUser-0_com.android.server.pm.DataLoaderManagerService
01-08 18:41:34.053  1223  1269 D SystemServerTimingAsync: ssm.onUnlockingUser-0_com.android.server.power.PowerManagerService
01-08 18:41:34.053  1223  1269 D SystemServerTimingAsync: ssm.onUnlockingUser-0_com.android.server.power.ThermalManagerService
01-08 18:41:34.054  1223  1269 D SystemServerTimingAsync: ssm.onUnlockingUser-0_com.android.server.power.hint.HintManagerService
01-08 18:41:34.054  1223  1269 D SystemServerTimingAsync: ssm.onUnlockingUser-0_com.android.server.recoverysystem.RecoverySystemService$Lifecycle
01-08 18:41:34.054  1223  1269 D SystemServerTimingAsync: ssm.onUnlockingUser-0_com.android.server.lights.LightsService
01-08 18:41:34.054  1223  1269 D SystemServerTimingAsync: ssm.onUnlockingUser-0_com.android.server.display.DisplayManagerService
01-08 18:41:34.054  1223  1269 D SystemServerTimingAsync: ssm.onUnlockingUser-0_com.android.server.pm.verify.domain.DomainVerificationService
01-08 18:41:34.054  1223  1269 D SystemServerTimingAsync: ssm.onUnlockingUser-0_com.android.server.pm.PackageInstallerService$Lifecycle
01-08 18:41:34.054  1223  1269 D SystemServerTimingAsync: ssm.onUnlockingUser-0_com.android.server.pm.UserManagerService$LifeCycle
01-08 18:41:34.054  1223  1269 D SystemServerTimingAsync: ssm.onUnlockingUser-0_com.android.server.om.OverlayManagerService
01-08 18:41:34.055  1223  1269 D SystemServerTimingAsync: ssm.onUnlockingUser-0_com.android.server.resources.ResourcesManagerService
01-08 18:41:34.055  1223  1269 D SystemServerTimingAsync: ssm.onUnlockingUser-0_com.android.server.sensorprivacy.SensorPrivacyService
01-08 18:41:34.055  1223  1269 D SystemServerTimingAsync: ssm.onUnlockingUser-0_com.android.server.sensors.SensorService
01-08 18:41:34.055  1223  1269 D SystemServerTimingAsync: ssm.onUnlockingUser-0_com.android.server.SystemConfigService
01-08 18:41:34.055  1223  1269 D SystemServerTimingAsync: ssm.onUnlockingUser-0_com.android.server.BatteryService
01-08 18:41:34.055  1223  1269 D SystemServerTimingAsync: ssm.onUnlockingUser-0_com.android.server.usage.UsageStatsService
01-08 18:41:34.055  1223  1269 D SystemServerTimingAsync: ssm.onUnlockingUser-0_com.android.server.webkit.WebViewUpdateService
01-08 18:41:34.055  1223  1269 D SystemServerTimingAsync: ssm.onUnlockingUser-0_com.android.server.CachedDeviceStateService
01-08 18:41:34.055  1223  1269 D SystemServerTimingAsync: ssm.onUnlockingUser-0_com.android.server.BinderCallsStatsService$LifeCycle
01-08 18:41:34.055  1223  1269 D SystemServerTimingAsync: ssm.onUnlockingUser-0_com.android.server.LooperStatsService$Lifecycle
01-08 18:41:34.055  1223  1269 D SystemServerTimingAsync: ssm.onUnlockingUser-0_com.android.server.rollback.RollbackManagerService
01-08 18:41:34.057  1223  1269 D SystemServerTimingAsync: ssm.onUnlockingUser-0_com.android.server.os.NativeTombstoneManagerService
01-08 18:41:34.057  1223  1269 D SystemServerTimingAsync: ssm.onUnlockingUser-0_com.android.server.os.BugreportManagerService
01-08 18:41:34.057  1223  1269 D SystemServerTimingAsync: ssm.onUnlockingUser-0_com.android.server.gpu.GpuService
01-08 18:41:34.057  1223  1269 D SystemServerTimingAsync: ssm.onUnlockingUser-0_com.android.server.security.KeyChainSystemService
01-08 18:41:34.057  1223  1269 D SystemServerTimingAsync: ssm.onUnlockingUser-0_com.android.server.BinaryTransparencyService
01-08 18:41:34.057  1223  1269 D SystemServerTimingAsync: ssm.onUnlockingUser-0_com.android.server.telecom.TelecomLoaderService
01-08 18:41:34.057  1223  1269 D SystemServerTimingAsync: ssm.onUnlockingUser-0_com.android.server.accounts.AccountManagerService$Lifecycle
01-08 18:41:34.057  1223  1269 D SystemServerTimingAsync: ssm.onUnlockingUser-0_com.android.server.content.ContentService$Lifecycle
01-08 18:41:34.058  1223  1269 D SystemServerTimingAsync: ssm.onUnlockingUser-0_com.android.server.DropBoxManagerService
01-08 18:41:34.058  1223  1269 D SystemServerTimingAsync: ssm.onUnlockingUser-0_com.android.role.RoleService
01-08 18:41:34.058  1223  1269 D SystemServerTimingAsync: ssm.onUnlockingUser-0_com.android.server.vibrator.VibratorManagerService$Lifecycle
01-08 18:41:34.058  1223  1269 D SystemServerTimingAsync: ssm.onUnlockingUser-0_com.android.server.tare.InternalResourceService
01-08 18:41:34.058  1223  1269 D SystemServerTimingAsync: ssm.onUnlockingUser-0_com.android.server.alarm.AlarmManagerService
01-08 18:41:34.058  1223  1269 D SystemServerTimingAsync: ssm.onUnlockingUser-0_com.android.server.devicestate.DeviceStateManagerService
01-08 18:41:34.058  1223  1269 D SystemServerTimingAsync: ssm.onUnlockingUser-0_com.android.server.camera.CameraServiceProxy
01-08 18:41:34.058  1223  1269 D SystemServerTimingAsync: ssm.onUnlockingUser-0_com.android.server.bluetooth.BluetoothService
01-08 18:41:34.059  1223  1269 D SystemServerTimingAsync: ssm.onUnlockingUser-0_com.android.server.connectivity.IpConnectivityMetrics
01-08 18:41:34.059  1223  1269 D SystemServerTimingAsync: ssm.onUnlockingUser-0_com.android.server.net.watchlist.NetworkWatchlistService$Lifecycle
01-08 18:41:34.059  1223  1269 D SystemServerTimingAsync: ssm.onUnlockingUser-0_com.android.server.PinnerService
01-08 18:41:34.059  1223  2081 W OverlayManager: service 'idmap' died
01-08 18:41:34.059  1223  1269 D SystemServerTimingAsync: ssm.onUnlockingUser-0_com.android.server.integrity.AppIntegrityManagerService
01-08 18:41:34.059  1223  1269 D SystemServerTimingAsync: ssm.onUnlockingUser-0_com.android.server.logcat.LogcatManagerService
01-08 18:41:34.059  1223  1269 D SystemServerTimingAsync: ssm.onUnlockingUser-0_com.android.server.derp.LineageGlobalActionsService
01-08 18:41:34.059  1223  1269 D SystemServerTimingAsync: ssm.onUnlockingUser-0_com.android.server.inputmethod.InputMethodManagerService$Lifecycle
01-08 18:41:34.060  1223  1269 D SystemServerTimingAsync: ssm.onUnlockingUser-0_com.android.server.accessibility.AccessibilityManagerService$Lifecycle
01-08 18:41:34.060  1223  1269 D SystemServerTimingAsync: ssm.onUnlockingUser-0_com.android.server.StorageManagerService$Lifecycle
01-08 18:41:34.060  1223  1269 D StorageManagerService: onUnlockUser 0
01-08 18:41:34.060  1223  1269 I StorageSessionController: On user unlock 0
01-08 18:41:34.060  1223  1269 I StorageSessionController: Initialialising...
01-08 18:41:34.061   399   399 I vold    : onUserStarted: 0
01-08 18:41:34.063  1223  1269 D SystemServerTimingAsync: ssm.onUnlockingUser-0_com.android.server.usage.StorageStatsService$Lifecycle
01-08 18:41:34.063  1223  1269 D SystemServerTimingAsync: ssm.onUnlockingUser-0_com.android.server.UiModeManagerService
01-08 18:41:34.063  1223  1269 D SystemServerTimingAsync: ssm.onUnlockingUser-0_com.android.server.locales.LocaleManagerService
01-08 18:41:34.063  1223  1269 D SystemServerTimingAsync: ssm.onUnlockingUser-0_com.android.server.locksettings.LockSettingsService$Lifecycle
01-08 18:41:34.063  1223  1269 D SystemServerTimingAsync: ssm.onUnlockingUser-0_com.android.server.PersistentDataBlockService
01-08 18:41:34.063  1223  1269 D SystemServerTimingAsync: ssm.onUnlockingUser-0_com.android.server.testharness.TestHarnessModeService
01-08 18:41:34.063  1223  1269 D SystemServerTimingAsync: ssm.onUnlockingUser-0_com.android.server.oemlock.OemLockService
01-08 18:41:34.063  1223  1269 D SystemServerTimingAsync: ssm.onUnlockingUser-0_com.android.server.DeviceIdleController
01-08 18:41:34.063  1223  1269 D SystemServerTimingAsync: ssm.onUnlockingUser-0_com.android.server.devicepolicy.DevicePolicyManagerService$Lifecycle
01-08 18:41:34.064  1223  1269 D SystemServerTimingAsync: ssm.onUnlockingUser-0_com.android.server.musicrecognition.MusicRecognitionManagerService
01-08 18:41:34.065  1223  2082 V StorageManagerService: Found primary storage at VolumeInfo{emulated;0}:
01-08 18:41:34.065  1223  2082 V StorageManagerService:     type=EMULATED diskId=null partGuid= mountFlags=0 mountUserId=0 
01-08 18:41:34.065  1223  2082 V StorageManagerService:     state=UNMOUNTED 
01-08 18:41:34.065  1223  2082 V StorageManagerService:     fsType=null fsUuid=null fsLabel=null 
01-08 18:41:34.065  1223  2082 V StorageManagerService:     path=null internalPath=null 
01-08 18:41:34.065  1223  1350 I StorageManagerService: Mounting volume VolumeInfo{emulated;0}:
01-08 18:41:34.065  1223  1350 I StorageManagerService:     type=EMULATED diskId=null partGuid= mountFlags=PRIMARY|VISIBLE_FOR_WRITE 
01-08 18:41:34.065  1223  1350 I StorageManagerService:     mountUserId=0 state=UNMOUNTED 
01-08 18:41:34.065  1223  1350 I StorageManagerService:     fsType=null fsUuid=null fsLabel=null 
01-08 18:41:34.065  1223  1350 I StorageManagerService:     path=null internalPath=null 
01-08 18:41:34.065  1223  1269 D SystemServerTimingAsync: ssm.onUnlockingUser-0_com.android.server.contentcapture.ContentCaptureManagerService
01-08 18:41:34.067   399   399 I vold    : Executing sdcardfs
01-08 18:41:34.068   399   399 D vold    : Waiting for sdcardfs to spin up...
01-08 18:41:34.071  1223  2015 D LockSettingsService: hide encryption notification, user: 0
01-08 18:41:34.074  1223  1268 D CompatibilityChangeReporter: Compat change id reported: 194532703; UID 1000; state: ENABLED
01-08 18:41:34.074  1223  1268 D CompatibilityChangeReporter: Compat change id reported: 194532703; UID 1000; state: DISABLED
01-08 18:41:34.084  3310  3310 W sdcard  : Device explicitly enabled sdcardfs
01-08 18:41:34.119   399   399 I vold    : Mounting emulated fuse volume
01-08 18:41:34.123  1223  1269 W SystemServiceManager: Service com.android.server.contentcapture.ContentCaptureManagerService took 57 ms in onUnlockingUser-0
01-08 18:41:34.123  1223  1269 D SystemServerTimingAsync: ssm.onUnlockingUser-0_com.android.server.attention.AttentionManagerService
01-08 18:41:34.123  1223  1269 D SystemServerTimingAsync: ssm.onUnlockingUser-0_com.android.server.rotationresolver.RotationResolverManagerService
01-08 18:41:34.125  1223  1269 D SystemServerTimingAsync: ssm.onUnlockingUser-0_com.android.server.systemcaptions.SystemCaptionsManagerService
01-08 18:41:34.125  1223  1268 I UsageStatsService: Starting migration to system CE for user 0
01-08 18:41:34.127  1223  1260 I ActivityTaskManager: Config changes=20 {1.0 405mcc70mnc [en_IN] ldltr sw360dp w360dp h719dp 480dpi nrml long port night finger -keyb/v/h -nav/h winConfig={ mBounds=Rect(0, 0 - 1080, 2400) mAppBounds=Rect(0, 100 - 1080, 2256) mMaxBounds=Rect(0, 0 - 1080, 2400) mDisplayRotation=ROTATION_0 mWindowingMode=fullscreen mDisplayWindowingMode=fullscreen mActivityType=undefined mAlwaysOnTop=undefined mRotation=ROTATION_0} as.3 s.143 fontWeightAdjustment=0}
01-08 18:41:34.130  1223  1269 D SystemServerTimingAsync: ssm.onUnlockingUser-0_com.android.server.texttospeech.TextToSpeechManagerService
01-08 18:41:34.130  1223  1269 D SystemServerTimingAsync: ssm.onUnlockingUser-0_com.android.server.ambientcontext.AmbientContextManagerService
01-08 18:41:34.130  1223  1269 E AmbientContextManagerPerUserService: Bad service name: com.google.android.as/com.google.android.apps.miphone.aiai.app.AiAiAmbientContextDetectionService
01-08 18:41:34.130  1223  1269 D AmbientContextManagerService: onServiceRemoved
01-08 18:41:34.130  1223  1269 D AmbientContextManagerPerUserService: Trying to cancel the remote request. Reason: Service destroyed.
01-08 18:41:34.130  1223  1269 D SystemServerTimingAsync: ssm.onUnlockingUser-0_com.android.server.speech.SpeechRecognitionManagerService
01-08 18:41:34.131  1223  1269 D SystemServerTimingAsync: ssm.onUnlockingUser-0_com.android.server.appprediction.AppPredictionManagerService
01-08 18:41:34.131  1223  1269 D SystemServerTimingAsync: ssm.onUnlockingUser-0_com.android.server.contentsuggestions.ContentSuggestionsManagerService
01-08 18:41:34.131  1223  1269 D SystemServerTimingAsync: ssm.onUnlockingUser-0_com.android.server.searchui.SearchUiManagerService
01-08 18:41:34.131  1223  1268 I UsageStatsService: Finished migration to system CE for user 0
01-08 18:41:34.131  1223  1269 D SystemServerTimingAsync: ssm.onUnlockingUser-0_com.android.server.smartspace.SmartspaceManagerService
01-08 18:41:34.131  1223  1269 D SystemServerTimingAsync: ssm.onUnlockingUser-0_com.android.server.graphics.fonts.FontManagerService$Lifecycle
01-08 18:41:34.131  1223  1269 D SystemServerTimingAsync: ssm.onUnlockingUser-0_com.android.server.textservices.TextServicesManagerService$Lifecycle
01-08 18:41:34.133  1223  1260 I WindowManager: Override config changes=20 {1.0 405mcc70mnc [en_IN] ldltr sw360dp w360dp h719dp 480dpi nrml long port night finger -keyb/v/h -nav/h winConfig={ mBounds=Rect(0, 0 - 1080, 2400) mAppBounds=Rect(0, 100 - 1080, 2256) mMaxBounds=Rect(0, 0 - 1080, 2400) mDisplayRotation=ROTATION_0 mWindowingMode=fullscreen mDisplayWindowingMode=fullscreen mActivityType=undefined mAlwaysOnTop=undefined mRotation=ROTATION_0} as.3 s.143 fontWeightAdjustment=0} for displayId=0
01-08 18:41:34.133  1223  1269 D SystemServerTimingAsync: ssm.onUnlockingUser-0_com.android.server.textclassifier.TextClassificationManagerService$Lifecycle
01-08 18:41:34.134  1223  1269 D SystemServerTimingAsync: ssm.onUnlockingUser-0_com.android.server.NetworkScoreService$Lifecycle
01-08 18:41:34.134  1223  1269 D SystemServerTimingAsync: ssm.onUnlockingUser-0_com.android.server.NetworkStatsServiceInitializer
01-08 18:41:34.134  1223  1269 D SystemServerTimingAsync: ssm.onUnlockingUser-0_com.android.server.wifi.WifiService
01-08 18:41:34.134  1223  1269 D SystemServerTimingAsync: ssm.onUnlockingUser-0_com.android.server.wifi.scanner.WifiScanningService
01-08 18:41:34.134  1223  1269 D SystemServerTimingAsync: ssm.onUnlockingUser-0_com.android.server.wifi.p2p.WifiP2pService
01-08 18:41:34.134  1223  1269 D SystemServerTimingAsync: ssm.onUnlockingUser-0_com.android.server.ConnectivityServiceInitializer
01-08 18:41:34.134  1223  1269 D SystemServerTimingAsync: ssm.onUnlockingUser-0_com.android.server.notification.NotificationManagerService
01-08 18:41:34.134  1223  1269 D SystemServerTimingAsync: ssm.onUnlockingUser-0_com.android.server.storage.DeviceStorageMonitorService
01-08 18:41:34.134  1223  1269 D SystemServerTimingAsync: ssm.onUnlockingUser-0_com.android.server.location.LocationManagerService$Lifecycle
01-08 18:41:34.134  1223  1269 D SystemServerTimingAsync: ssm.onUnlockingUser-0_com.android.server.timedetector.TimeDetectorService$Lifecycle
01-08 18:41:34.134  1223  1269 D SystemServerTimingAsync: ssm.onUnlockingUser-0_com.android.server.timezonedetector.TimeZoneDetectorService$Lifecycle
01-08 18:41:34.134  1223  1269 D SystemServerTimingAsync: ssm.onUnlockingUser-0_com.android.server.timezonedetector.location.LocationTimeZoneManagerService$Lifecycle
01-08 18:41:34.134  1223  1269 D SystemServerTimingAsync: ssm.onUnlockingUser-0_com.android.server.search.SearchManagerService$Lifecycle
01-08 18:41:34.134  1223  1269 D SystemServerTimingAsync: ssm.onUnlockingUser-0_com.android.server.wallpaper.WallpaperManagerService$Lifecycle
01-08 18:41:34.134  1223  1269 D SystemServerTimingAsync: ssm.onUnlockingUser-0_com.android.server.wallpapereffectsgeneration.WallpaperEffectsGenerationManagerService
01-08 18:41:34.135  1223  1269 E WallpaperEffectsGenerationPerUserService: Bad service name: com.google.android.as/com.google.android.apps.miphone.aiai.app.wallpapereffects.AiAiWallpaperEffectsGenerationService
01-08 18:41:34.135  1223  1269 D SystemServerTimingAsync: ssm.onUnlockingUser-0_com.android.server.audio.AudioService$Lifecycle
01-08 18:41:34.135  1223  1269 D SystemServerTimingAsync: ssm.onUnlockingUser-0_com.android.server.soundtrigger_middleware.SoundTriggerMiddlewareService$Lifecycle
01-08 18:41:34.135  1223  1269 D SystemServerTimingAsync: ssm.onUnlockingUser-0_com.android.server.DockObserver
01-08 18:41:34.135  1223  1269 D SystemServerTimingAsync: ssm.onUnlockingUser-0_com.android.server.midi.MidiService$Lifecycle
01-08 18:41:34.140  2098  2156 V WindowManagerShell: Display changed: 0
01-08 18:41:34.141  1223  1223 D CompatibilityChangeReporter: Compat change id reported: 135634846; UID 10445; state: DISABLED
01-08 18:41:34.141  1223  1223 D CompatibilityChangeReporter: Compat change id reported: 177438394; UID 10445; state: DISABLED
01-08 18:41:34.141  1223  1223 D CompatibilityChangeReporter: Compat change id reported: 135772972; UID 10445; state: DISABLED
01-08 18:41:34.142  1223  1223 D CompatibilityChangeReporter: Compat change id reported: 135754954; UID 10445; state: ENABLED
01-08 18:41:34.143  1223  1270 D CompatibilityChangeReporter: Compat change id reported: 143937733; UID 10445; state: ENABLED
01-08 18:41:34.147  1223  1269 D SystemServerTimingAsync: ssm.onUnlockingUser-0_com.android.server.adb.AdbService$Lifecycle
01-08 18:41:34.147  1223  1269 D SystemServerTimingAsync: ssm.onUnlockingUser-0_com.android.server.usb.UsbService$Lifecycle
01-08 18:41:34.147  1223  1269 D SystemServerTimingAsync: ssm.onUnlockingUser-0_com.android.server.twilight.TwilightService
01-08 18:41:34.147  1223  1269 D SystemServerTimingAsync: ssm.onUnlockingUser-0_com.android.server.display.color.ColorDisplayService
01-08 18:41:34.147  1223  1269 D SystemServerTimingAsync: ssm.onUnlockingUser-0_com.android.server.job.JobSchedulerService
01-08 18:41:34.147  1223  1269 D SystemServerTimingAsync: ssm.onUnlockingUser-0_com.android.server.soundtrigger.SoundTriggerService
01-08 18:41:34.147  1223  1269 D SystemServerTimingAsync: ssm.onUnlockingUser-0_com.android.server.trust.TrustManagerService
01-08 18:41:34.148  1223  1269 D SystemServerTimingAsync: ssm.onUnlockingUser-0_com.android.server.backup.BackupManagerService$Lifecycle
01-08 18:41:34.149  1223  1268 I UsageStatsDatabase: Upgrading from version 0 to 5
01-08 18:41:34.149  1223  1268 I UsageStatsDatabase: Deleting all usage stats files
01-08 18:41:34.150  1223  1269 D SystemServerTimingAsync: ssm.onUnlockingUser-0_com.android.server.appwidget.AppWidgetService
01-08 18:41:34.150  1223  1269 D SystemServerTimingAsync: ssm.onUnlockingUser-0_com.android.server.voiceinteraction.VoiceInteractionManagerService
01-08 18:41:34.152  1223  2050 I BackupManagerService: Starting service for user: 0
01-08 18:41:34.156  1223  1268 I UsageStatsService: User[0] Rollover scheduled @ 2025-01-09 13:11:34(1736428294136)
01-08 18:41:34.156   399   399 I vold    : Bind mounting /mnt/runtime/full/emulated to /mnt/pass_through/0/emulated
01-08 18:41:34.157  1223  1268 D AppStandbyController: Initializing defaults for system apps on user 0, appIdleEnabled=true
01-08 18:41:34.157  1223  1350 I StorageSessionController: On volume mount VolumeInfo{emulated;0}:
01-08 18:41:34.157  1223  1350 I StorageSessionController:     type=EMULATED diskId=null partGuid= mountFlags=PRIMARY|VISIBLE_FOR_WRITE 
01-08 18:41:34.157  1223  1350 I StorageSessionController:     mountUserId=0 state=CHECKING 
01-08 18:41:34.157  1223  1350 I StorageSessionController:     fsType=null fsUuid=null fsLabel=null 
01-08 18:41:34.157  1223  1350 I StorageSessionController:     path=/storage/emulated internalPath=/data/media 
01-08 18:41:34.158  1223  1350 I StorageSessionController: Creating connection for user: 0
01-08 18:41:34.159  1223  1350 I StorageSessionController: Creating and starting session with id: emulated;0
01-08 18:41:34.161  1223  1350 I StorageUserConnection: Binding to the ExternalStorageService for user 0
01-08 18:41:34.161  1223  1270 I ActivityManager: Start proc 3312:com.google.android.as/u0a445 for service {com.google.android.as/com.google.android.apps.miphone.aiai.app.AiAiContentCaptureService}
01-08 18:41:34.163  1223  2050 V BackupManagerService: [UserID:0] Starting with transport com.google.android.gms/.backup.BackupTransportService
01-08 18:41:34.166  1223  1350 D CompatibilityChangeReporter: Compat change id reported: 135634846; UID 10506; state: DISABLED
01-08 18:41:34.167  1223  1350 D CompatibilityChangeReporter: Compat change id reported: 177438394; UID 10506; state: DISABLED
01-08 18:41:34.167  1223  1350 D CompatibilityChangeReporter: Compat change id reported: 135772972; UID 10506; state: DISABLED
01-08 18:41:34.168  1223  1350 D CompatibilityChangeReporter: Compat change id reported: 135754954; UID 10506; state: ENABLED
01-08 18:41:34.168  1223  1270 D CompatibilityChangeReporter: Compat change id reported: 143937733; UID 10506; state: ENABLED
01-08 18:41:34.171  1223  1350 I StorageUserConnection: Bound to the ExternalStorageService for user 0
01-08 18:41:34.174  1223  2050 D BackupManagerService: [UserID:0] Started thread backup-0
01-08 18:41:34.183  1223  1269 D CompatibilityChangeReporter: Compat change id reported: 135634846; UID 10461; state: DISABLED
01-08 18:41:34.183  1223  1269 D CompatibilityChangeReporter: Compat change id reported: 177438394; UID 10461; state: DISABLED
01-08 18:41:34.183  1223  1259 W Looper  : Drained
01-08 18:41:34.183  1223  1269 D CompatibilityChangeReporter: Compat change id reported: 135772972; UID 10461; state: DISABLED
01-08 18:41:34.183  1223  1269 D CompatibilityChangeReporter: Compat change id reported: 135754954; UID 10461; state: ENABLED
01-08 18:41:34.183  1223  1269 D SystemServerTimingAsync: ssm.onUnlockingUser-0_com.android.server.apphibernation.AppHibernationService
01-08 18:41:34.183  1223  1269 D SystemServerTimingAsync: ssm.onUnlockingUser-0_com.android.server.GestureLauncherService
01-08 18:41:34.183  1223  1269 D SystemServerTimingAsync: ssm.onUnlockingUser-0_com.android.server.SensorNotificationService
01-08 18:41:34.183  1223  1269 D SystemServerTimingAsync: ssm.onUnlockingUser-0_com.android.server.emergency.EmergencyAffordanceService
01-08 18:41:34.183  1223  1269 D SystemServerTimingAsync: ssm.onUnlockingUser-0_com.android.server.blob.BlobStoreManagerService
01-08 18:41:34.184  1223  1269 D SystemServerTimingAsync: ssm.onUnlockingUser-0_com.android.server.dreams.DreamManagerService
01-08 18:41:34.184  1223  1269 D SystemServerTimingAsync: ssm.onUnlockingUser-0_com.android.server.print.PrintManagerService
01-08 18:41:34.184  1223  1269 D SystemServerTimingAsync: ssm.onUnlockingUser-0_com.android.server.security.AttestationVerificationManagerService
01-08 18:41:34.184  1223  1269 D SystemServerTimingAsync: ssm.onUnlockingUser-0_com.android.server.companion.CompanionDeviceManagerService
01-08 18:41:34.184  1223  1269 D SystemServerTimingAsync: ssm.onUnlockingUser-0_com.android.server.companion.virtual.VirtualDeviceManagerService
01-08 18:41:34.184  1223  1269 D SystemServerTimingAsync: ssm.onUnlockingUser-0_com.android.server.restrictions.RestrictionsManagerService
01-08 18:41:34.184  1223  1269 D SystemServerTimingAsync: ssm.onUnlockingUser-0_com.android.server.media.MediaSessionService
01-08 18:41:34.184  1223  1269 D SystemServerTimingAsync: ssm.onUnlockingUser-0_com.android.server.media.MediaResourceMonitorService
01-08 18:41:34.184  1223  1269 D SystemServerTimingAsync: ssm.onUnlockingUser-0_com.android.server.biometrics.sensors.face.FaceService
01-08 18:41:34.184  1223  2050 E BackupPasswordManager: Unable to read backup pw version
01-08 18:41:34.184  1223  1269 D SystemServerTimingAsync: ssm.onUnlockingUser-0_com.android.server.biometrics.sensors.fingerprint.FingerprintService
01-08 18:41:34.184  1223  1269 D SystemServerTimingAsync: ssm.onUnlockingUser-0_com.android.server.biometrics.BiometricService
01-08 18:41:34.184  1223  1269 D SystemServerTimingAsync: ssm.onUnlockingUser-0_com.android.server.biometrics.AuthService
01-08 18:41:34.184  1223  1269 D SystemServerTimingAsync: ssm.onUnlockingUser-0_com.android.server.app.AppLockManagerService$Lifecycle
01-08 18:41:34.184  1223  1269 D SystemServerTimingAsync: ssm.onUnlockingUser-0_com.android.server.pm.ShortcutService$Lifecycle
01-08 18:41:34.184  1223  3209 I HibernationStateDiskStore: No hibernation file on disk for file /data/system_ce/0/hibernation/states
01-08 18:41:34.184  1223  2050 E BackupPasswordManager: Unable to read saved backup pw hash
01-08 18:41:34.184  1223  1269 D SystemServerTimingAsync: ssm.onUnlockingUser-0_com.android.server.pm.LauncherAppsService
01-08 18:41:34.184  1223  1269 D SystemServerTimingAsync: ssm.onUnlockingUser-0_com.android.server.pm.CrossProfileAppsService
01-08 18:41:34.184  1223  1269 D SystemServerTimingAsync: ssm.onUnlockingUser-0_com.android.server.pocket.PocketService
01-08 18:41:34.184  1223  1269 D SystemServerTimingAsync: ssm.onUnlockingUser-0_com.android.server.people.PeopleService
01-08 18:41:34.184  1223  1269 D SystemServerTimingAsync: ssm.onUnlockingUser-0_com.android.server.media.metrics.MediaMetricsManagerService
01-08 18:41:34.185  1223  1269 D SystemServerTimingAsync: ssm.onUnlockingUser-0_com.android.server.derp.CustomDeviceConfigService
01-08 18:41:34.185  1223  1269 D SystemServerTimingAsync: ssm.onUnlockingUser-0_com.android.server.vibrator.LinearmotorVibratorService
01-08 18:41:34.185  1223  1269 D SystemServerTimingAsync: ssm.onUnlockingUser-0_com.android.server.derp.LineageHardwareService
01-08 18:41:34.185  1223  1269 D SystemServerTimingAsync: ssm.onUnlockingUser-0_com.android.server.derp.display.LiveDisplayService
01-08 18:41:34.185  1223  1269 D SystemServerTimingAsync: ssm.onUnlockingUser-0_com.android.server.derp.health.HealthInterfaceService
01-08 18:41:34.185  1223  1269 D SystemServerTimingAsync: ssm.onUnlockingUser-0_com.android.server.media.projection.MediaProjectionManagerService
01-08 18:41:34.185  1223  1269 D SystemServerTimingAsync: ssm.onUnlockingUser-0_com.android.server.slice.SliceManagerService$Lifecycle
01-08 18:41:34.185  1223  1269 D SystemServerTimingAsync: ssm.onUnlockingUser-0_com.android.server.stats.StatsCompanion$Lifecycle
01-08 18:41:34.185  1223  1269 D SystemServerTimingAsync: ssm.onUnlockingUser-0_com.android.server.scheduling.RebootReadinessManagerService$Lifecycle
01-08 18:41:34.185  1223  1269 D SystemServerTimingAsync: ssm.onUnlockingUser-0_com.android.server.stats.pull.StatsPullAtomService
01-08 18:41:34.185  1223  1269 D SystemServerTimingAsync: ssm.onUnlockingUser-0_com.android.server.stats.bootstrap.StatsBootstrapAtomService$Lifecycle
01-08 18:41:34.185  1223  1269 D SystemServerTimingAsync: ssm.onUnlockingUser-0_com.android.server.incident.IncidentCompanionService
01-08 18:41:34.185  1223  1269 D SystemServerTimingAsync: ssm.onUnlockingUser-0_com.android.server.sdksandbox.SdkSandboxManagerService$Lifecycle
01-08 18:41:34.185  1223  1269 D SystemServerTimingAsync: ssm.onUnlockingUser-0_com.android.server.adservices.AdServicesManagerService$Lifecycle
01-08 18:41:34.185  1223  1269 D SystemServerTimingAsync: ssm.onUnlockingUser-0_com.android.server.MmsServiceBroker
01-08 18:41:34.185  1223  1269 D SystemServerTimingAsync: ssm.onUnlockingUser-0_com.android.server.autofill.AutofillManagerService
01-08 18:41:34.185  1223  1269 E AutofillManagerServiceImpl: Bad service name: com.google.android.gms/.autofill.service.AutofillService
01-08 18:41:34.191  1223  1269 E AutofillManagerServiceImpl: Bad service name: com.google.android.gms/.autofill.service.AutofillService
01-08 18:41:34.191  1223  1269 D SystemServerTimingAsync: ssm.onUnlockingUser-0_com.android.server.translation.TranslationManagerService
01-08 18:41:34.197  1223  1269 E TranslationManagerServiceImpl: Bad service name: com.google.android.as/com.google.android.apps.miphone.aiai.app.AiAiTranslationService
01-08 18:41:34.197  1223  1269 D SystemServerTimingAsync: ssm.onUnlockingUser-0_com.android.server.clipboard.ClipboardService
01-08 18:41:34.197  1223  1269 D SystemServerTimingAsync: ssm.onUnlockingUser-0_com.android.server.appbinding.AppBindingService$Lifecycle
01-08 18:41:34.198  1223  1269 D SystemServerTimingAsync: ssm.onUnlockingUser-0_com.android.server.tracing.TracingServiceProxy
01-08 18:41:34.198  1223  1269 D SystemServerTimingAsync: ssm.onUnlockingUser-0_com.android.server.policy.PermissionPolicyService
01-08 18:41:34.198  1223  1269 D SystemServerTimingAsync: ssm.onUnlockingUser-0_com.android.server.pm.StagingManager$Lifecycle
01-08 18:41:34.198  1223  1269 D SystemServerTimingAsync: ssm.onUnlockingUser-0_com.android.server.app.GameManagerService$Lifecycle
01-08 18:41:34.198  1223  1269 D SystemServerTimingAsync: ssm.onUnlockingUser-0_com.android.safetycenter.SafetyCenterService
01-08 18:41:34.198  1223  1269 D SystemServerTimingAsync: ssm.onUnlockingUser-0_com.android.server.appsearch.AppSearchModule$Lifecycle
01-08 18:41:34.198  1223  2081 D CompatibilityChangeReporter: Compat change id reported: 168419799; UID 10445; state: DISABLED
01-08 18:41:34.199  1223  2081 D CompatibilityChangeReporter: Compat change id reported: 273564678; UID 10445; state: DISABLED
01-08 18:41:34.205  1223  1270 I Watchdog: Interesting Java process com.android.providers.media.module started. Pid 3327
01-08 18:41:34.205  1223  1270 I ActivityManager: Start proc 3327:com.android.providers.media.module/u0a506 for service {com.android.providers.media.module/com.android.providers.media.fuse.ExternalStorageServiceImpl}
01-08 18:41:34.208  1223  1269 D SystemServerTimingAsync: ssm.onUnlockingUser-0_com.android.server.media.MediaCommunicationService
01-08 18:41:34.208  1223  1269 D SystemServerTimingAsync: ssm.onUnlockingUser-0_com.android.server.compat.overrides.AppCompatOverridesService$Lifecycle
01-08 18:41:34.208  1223  1269 D SystemServerTimingAsync: ssm.onUnlockingUser-0_com.android.server.derp.ParallelSpaceManagerService
01-08 18:41:34.209  1223  1269 W ActivityManager: UserLifecycleEvent 5 received without an active userJourneySession.
01-08 18:41:34.209  1223  1269 W ActivityManager: UserLifecycleEvent 6 received without an active userJourneySession.
01-08 18:41:34.209  1223  1269 D SystemServerTiming: finishUserUnlocked-0
01-08 18:41:34.209  1223  1269 I ActivityManager: User 0 state changed from RUNNING_UNLOCKING to RUNNING_UNLOCKED
01-08 18:41:34.210  1223  1269 V SystemServerTiming: SystemUserUnlock took to complete: 2281ms
01-08 18:41:34.212  1223  1259 I ActivityTaskManager: Loading recents for user 0 into memory.
01-08 18:41:34.212  1223  1270 D CompatibilityChangeReporter: Compat change id reported: 143937733; UID 10461; state: ENABLED
01-08 18:41:34.212  1223  1259 E TaskPersister: restoreTasksForUserLocked: Unable to list files from /data/system_ce/0/recent_tasks
01-08 18:41:34.213  1223  1259 V PackageConfigPersister: loadPackages: empty list files from /data/system_ce/0/package_configs
01-08 18:41:34.230  1223  1269 D CompatibilityChangeReporter: Compat change id reported: 135634846; UID 1000; state: DISABLED
01-08 18:41:34.230  1223  1269 D CompatibilityChangeReporter: Compat change id reported: 177438394; UID 1000; state: DISABLED
01-08 18:41:34.231  1223  1269 D CompatibilityChangeReporter: Compat change id reported: 135772972; UID 1000; state: DISABLED
01-08 18:41:34.231  1223  1269 D CompatibilityChangeReporter: Compat change id reported: 135754954; UID 1000; state: ENABLED
01-08 18:41:34.233  1223  1270 W ActivityManager: Slow operation: 52ms so far, now at startProcess: returned from zygote!
01-08 18:41:34.246  1223  1269 D CompatibilityChangeReporter: Compat change id reported: 135634846; UID 10490; state: DISABLED
01-08 18:41:34.246  1223  1269 D CompatibilityChangeReporter: Compat change id reported: 177438394; UID 10490; state: DISABLED
01-08 18:41:34.247  1223  1269 D CompatibilityChangeReporter: Compat change id reported: 135772972; UID 10490; state: DISABLED
01-08 18:41:34.247  1223  1269 D CompatibilityChangeReporter: Compat change id reported: 135754954; UID 10490; state: ENABLED
01-08 18:41:34.254  1223  1269 D CompatibilityChangeReporter: Compat change id reported: 135634846; UID 10421; state: DISABLED
01-08 18:41:34.254  1223  1269 D CompatibilityChangeReporter: Compat change id reported: 177438394; UID 10421; state: DISABLED
01-08 18:41:34.255  1223  1269 D CompatibilityChangeReporter: Compat change id reported: 135772972; UID 10421; state: DISABLED
01-08 18:41:34.255  1223  1269 D CompatibilityChangeReporter: Compat change id reported: 135754954; UID 10421; state: ENABLED
01-08 18:41:34.259  1223  3011 D CompatibilityChangeReporter: Compat change id reported: 135634846; UID 10447; state: DISABLED
01-08 18:41:34.260  1223  3011 D CompatibilityChangeReporter: Compat change id reported: 177438394; UID 10447; state: DISABLED
01-08 18:41:34.260  1223  3011 D CompatibilityChangeReporter: Compat change id reported: 135772972; UID 10447; state: DISABLED
01-08 18:41:34.260  1223  3011 D CompatibilityChangeReporter: Compat change id reported: 135754954; UID 10447; state: ENABLED
01-08 18:41:34.260  1223  1270 W ActivityManager: Slow operation: 80ms so far, now at startProcess: done updating battery stats
01-08 18:41:34.261  1223  1270 W ActivityManager: Slow operation: 80ms so far, now at startProcess: building log message
01-08 18:41:34.261  1223  1270 I ActivityManager: Start proc 3346:com.google.android.googlequicksearchbox:interactor/u0a461 for service {com.google.android.googlequicksearchbox/com.google.android.voiceinteraction.GsaVoiceInteractionService}
01-08 18:41:34.261  1223  1270 W ActivityManager: Slow operation: 80ms so far, now at startProcess: starting to update pids map
01-08 18:41:34.262  1223  1270 W ActivityManager: Slow operation: 81ms so far, now at startProcess: done updating pids map
01-08 18:41:34.267  1223  2081 D CompatibilityChangeReporter: Compat change id reported: 168419799; UID 10506; state: DISABLED
01-08 18:41:34.268  1223  2081 D CompatibilityChangeReporter: Compat change id reported: 273564678; UID 10506; state: DISABLED
01-08 18:41:34.281  1223  1242 D CompatibilityChangeReporter: Compat change id reported: 168419799; UID 10461; state: DISABLED
01-08 18:41:34.281  1223  1242 D CompatibilityChangeReporter: Compat change id reported: 273564678; UID 10461; state: DISABLED
01-08 18:41:34.281  1223  1270 W ActivityManager: Slow operation: 59ms so far, now at startProcess: returned from zygote!
01-08 18:41:34.283  1223  1324 D CompatibilityChangeReporter: Compat change id reported: 171306433; UID 10461; state: ENABLED
01-08 18:41:34.285  1223  1324 D CompatibilityChangeReporter: Compat change id reported: 226439802; UID 10461; state: DISABLED
01-08 18:41:34.286  1223  1269 I PreBootBroadcaster: Pre-boot of {com.android.managedprovisioning/com.android.managedprovisioning.ota.PreBootListener} for user 0
01-08 18:41:34.290  1223  1270 W ActivityManager: Slow operation: 67ms so far, now at startProcess: done updating battery stats
01-08 18:41:34.290  1223  1270 W ActivityManager: Slow operation: 67ms so far, now at startProcess: building log message
01-08 18:41:34.290  1223  1270 I ActivityManager: Start proc 3362:com.android.bluetooth.bthelper/1000 for added application com.android.bluetooth.bthelper
01-08 18:41:34.290  1223  1270 W ActivityManager: Slow operation: 68ms so far, now at startProcess: starting to update pids map
01-08 18:41:34.291  1223  1270 W ActivityManager: Slow operation: 68ms so far, now at startProcess: done updating pids map
01-08 18:41:34.291  1223  1270 W ActivityManager: Slow operation: 55ms so far, now at startProcess: asking zygote to start proc
01-08 18:41:34.297  1223  1269 W BroadcastQueue: Background execution not allowed: receiving Intent { act=android.intent.action.DROPBOX_ENTRY_ADDED flg=0x10 (has extras) } to com.google.android.gms/.stats.service.DropBoxEntryAddedReceiver
01-08 18:41:34.310  1223  1223 W WindowMagnificationMgr: requestConnection duplicated request: connect=false, mConnectionState=DISCONNECTED
01-08 18:41:34.335  1223  1270 W ActivityManager: Slow operation: 99ms so far, now at startProcess: returned from zygote!
01-08 18:41:34.347  1223  2050 V BackupManagerService: [UserID:0] No ancestral data
01-08 18:41:34.356  1223  1269 W BroadcastQueue: Background execution not allowed: receiving Intent { act=android.intent.action.DROPBOX_ENTRY_ADDED flg=0x10 (has extras) } to com.google.android.gms/.chimera.GmsIntentOperationService$PersistentTrustedReceiver
01-08 18:41:34.361  1223  2147 E PackageDexUsage: Unsupported context?
01-08 18:41:34.364  1223  3319 V BackupManagerConstants: getKeyValueBackupIntervalMilliseconds(...) returns 14400000
01-08 18:41:34.364  1223  3319 V BackupManagerConstants: getKeyValueBackupFuzzMilliseconds(...) returns 600000
01-08 18:41:34.364  1223  3319 V BackupManagerConstants: getKeyValueBackupRequiredNetworkType(...) returns 1
01-08 18:41:34.364  1223  3319 V BackupManagerConstants: getKeyValueBackupRequireCharging(...) returns true
01-08 18:41:34.364  1223  3319 V KeyValueBackupJob: Scheduling k/v pass in 245 minutes
01-08 18:41:34.374  1223  1223 V NotificationAssistants: disabling notification assistant for user 0: ComponentInfo{android.ext.services/android.ext.services.notification.Assistant}
01-08 18:41:34.374  1223  1223 D NotificationListeners: Removing active service ComponentInfo{android.ext.services/android.ext.services.notification.Assistant}
01-08 18:41:34.378  1223  1316 D CompatibilityChangeReporter: Compat change id reported: 168419799; UID 1000; state: DISABLED
01-08 18:41:34.378  1223  1316 D CompatibilityChangeReporter: Compat change id reported: 273564678; UID 1000; state: DISABLED
01-08 18:41:34.381  1223  3319 D CompatibilityChangeReporter: Compat change id reported: 194532703; UID 1000; state: ENABLED
01-08 18:41:34.382  1223  1270 W ActivityManager: Slow operation: 146ms so far, now at startProcess: done updating battery stats
01-08 18:41:34.382  1223  3319 D CompatibilityChangeReporter: Compat change id reported: 194532703; UID 1000; state: DISABLED
01-08 18:41:34.382  1223  1270 W ActivityManager: Slow operation: 147ms so far, now at startProcess: building log message
01-08 18:41:34.382  1223  1270 I ActivityManager: Start proc 3379:com.android.touch.gestures/1000 for added application com.android.touch.gestures
01-08 18:41:34.382  1223  1270 W ActivityManager: Slow operation: 147ms so far, now at startProcess: starting to update pids map
01-08 18:41:34.383  1223  1270 W ActivityManager: Slow operation: 147ms so far, now at startProcess: done updating pids map
01-08 18:41:34.383  1223  1270 W ActivityManager: Slow operation: 138ms so far, now at startProcess: asking zygote to start proc
01-08 18:41:34.384  1223  1270 D CompatibilityChangeReporter: Compat change id reported: 143937733; UID 10490; state: ENABLED
01-08 18:41:34.388  1223  1269 I ActivityManager: com.android.managedprovisioning is exempt from freezer
01-08 18:41:34.389  1223  1269 D CompatibilityChangeReporter: Compat change id reported: 135634846; UID 10423; state: DISABLED
01-08 18:41:34.389  1223  1269 D CompatibilityChangeReporter: Compat change id reported: 177438394; UID 10423; state: DISABLED
01-08 18:41:34.389  1223  1269 D CompatibilityChangeReporter: Compat change id reported: 135772972; UID 10423; state: DISABLED
01-08 18:41:34.389  1223  1269 D CompatibilityChangeReporter: Compat change id reported: 135754954; UID 10423; state: ENABLED
01-08 18:41:34.400  1223  1259 I UsbPortManager: USB HAL HIDL version: 11
01-08 18:41:34.401  1223  1223 V NotificationAssistants: enabling notification assistant for 0: ComponentInfo{android.ext.services/android.ext.services.notification.Assistant}
01-08 18:41:34.401  1223  1223 V NotificationAssistants: binding: Intent { act=android.service.notification.NotificationAssistantService cmp=android.ext.services/.notification.Assistant (has extras) }
01-08 18:41:34.404  1223  1270 W ActivityManager: Slow operation: 158ms so far, now at startProcess: returned from zygote!
01-08 18:41:34.419  1223  1270 W ActivityManager: Slow operation: 173ms so far, now at startProcess: done updating battery stats
01-08 18:41:34.419  1223  1270 W ActivityManager: Slow operation: 174ms so far, now at startProcess: building log message
01-08 18:41:34.419  1223  1270 I ActivityManager: Start proc 3402:org.lineageos.updater/u0a490 for added application org.lineageos.updater
01-08 18:41:34.419  1223  1270 W ActivityManager: Slow operation: 174ms so far, now at startProcess: starting to update pids map
01-08 18:41:34.419  1223  1270 W ActivityManager: Slow operation: 174ms so far, now at startProcess: done updating pids map
01-08 18:41:34.420  1223  1270 W ActivityManager: Slow operation: 168ms so far, now at startProcess: asking zygote to start proc
01-08 18:41:34.420  1223  1270 D CompatibilityChangeReporter: Compat change id reported: 143937733; UID 10421; state: ENABLED
01-08 18:41:34.429  1223  2081 D CompatibilityChangeReporter: Compat change id reported: 161252188; UID 1000; state: DISABLED
01-08 18:41:34.445  1223  1270 W ActivityManager: Slow operation: 193ms so far, now at startProcess: returned from zygote!
01-08 18:41:34.447  1223  2081 D CompatibilityChangeReporter: Compat change id reported: 135634846; UID 1000; state: DISABLED
01-08 18:41:34.447  1223  2081 D CompatibilityChangeReporter: Compat change id reported: 177438394; UID 1000; state: DISABLED
01-08 18:41:34.447  1223  2081 D CompatibilityChangeReporter: Compat change id reported: 135772972; UID 1000; state: DISABLED
01-08 18:41:34.447  1223  2081 D CompatibilityChangeReporter: Compat change id reported: 135754954; UID 1000; state: ENABLED
01-08 18:41:34.453  1223  2147 D CompatibilityChangeReporter: Compat change id reported: 168419799; UID 1000; state: DISABLED
01-08 18:41:34.453  1223  2147 D CompatibilityChangeReporter: Compat change id reported: 273564678; UID 1000; state: DISABLED
01-08 18:41:34.469  1223  1223 D CompatibilityChangeReporter: Compat change id reported: 168419799; UID 10514; state: DISABLED
01-08 18:41:34.469  1223  1223 D CompatibilityChangeReporter: Compat change id reported: 273564678; UID 10514; state: DISABLED
01-08 18:41:34.471  3220  3220 V ActivityThread: getPackageInfo() caused update to cached ApplicationInfo for package android.ext.services
01-08 18:41:34.477  1223  1223 V NotificationListeners: enabling notification listener for 0: ComponentInfo{com.android.launcher3/com.android.launcher3.notification.NotificationListener}
01-08 18:41:34.482  1223  1223 V NotificationListeners: binding: Intent { act=android.service.notification.NotificationListenerService cmp=com.android.launcher3/.notification.NotificationListener (has extras) }
01-08 18:41:34.493  1223  1270 W ActivityManager: Slow operation: 241ms so far, now at startProcess: done updating battery stats
01-08 18:41:34.493  1223  1270 W ActivityManager: Slow operation: 241ms so far, now at startProcess: building log message
01-08 18:41:34.493  1223  1270 I ActivityManager: Start proc 3410:org.pixelexperience.faceunlock/u0a421 for added application org.pixelexperience.faceunlock
01-08 18:41:34.493  1223  1270 W ActivityManager: Slow operation: 241ms so far, now at startProcess: starting to update pids map
01-08 18:41:34.493  1223  1270 W ActivityManager: Slow operation: 242ms so far, now at startProcess: done updating pids map
01-08 18:41:34.493  1223  1270 W ActivityManager: Slow operation: 237ms so far, now at startProcess: asking zygote to start proc
01-08 18:41:34.494  1223  1270 D CompatibilityChangeReporter: Compat change id reported: 143937733; UID 10447; state: ENABLED
01-08 18:41:34.512  1223  1260 W Looper  : Slow dispatch took 125ms android.ui h=com.android.server.am.ActivityManagerService$UiHandler c=null m=68
01-08 18:41:34.524  1223  1223 D CompatibilityChangeReporter: Compat change id reported: 168419799; UID 10496; state: DISABLED
01-08 18:41:34.525  1223  1223 D CompatibilityChangeReporter: Compat change id reported: 273564678; UID 10496; state: DISABLED
01-08 18:41:34.529  1223  3406 D Sys