--------- beginning of crash
01-08 18:40:02.182   913   942 F libc    : Fatal signal 6 (SIGABRT), code -1 (SI_QUEUE) in tid 942 (android.hardwar), pid 913 (android.hardwar)
01-08 18:40:02.278   951   951 F DEBUG   : *** *** *** *** *** *** *** *** *** *** *** *** *** *** *** ***
01-08 18:40:02.278   951   951 F DEBUG   : Build fingerprint: 'Micromax/derp_yogurt/yogurt:13/TQ3A.230901.001/1736244669:userdebug/release-keys'
01-08 18:40:02.278   951   951 F DEBUG   : Revision: '0'
01-08 18:40:02.278   951   951 F DEBUG   : ABI: 'arm64'
01-08 18:40:02.278   951   951 F DEBUG   : Timestamp: 2025-01-08 13:10:02.234092843+0000
01-08 18:40:02.278   951   951 F DEBUG   : Process uptime: 1s
01-08 18:40:02.278   951   951 F DEBUG   : Cmdline: /vendor/bin/hw/android.hardware.biometrics.fingerprint@2.1-service.yogurt
01-08 18:40:02.279   951   951 F DEBUG   : pid: 913, tid: 942, name: android.hardwar  >>> /vendor/bin/hw/android.hardware.biometrics.fingerprint@2.1-service.yogurt <<<
01-08 18:40:02.279   951   951 F DEBUG   : uid: 1000
01-08 18:40:02.279   951   951 F DEBUG   : signal 6 (SIGABRT), code -1 (SI_QUEUE), fault addr --------
01-08 18:40:02.279   951   951 F DEBUG   : Abort message: 'Scudo ERROR: misaligned pointer when deallocating address 0x00796e9ec178'
01-08 18:40:02.279   951   951 F DEBUG   :     x0  0000000000000000  x1  00000000000003ae  x2  0000000000000006  x3  000000796e840940
01-08 18:40:02.279   951   951 F DEBUG   :     x4  1f7164736d686e6f  x5  1f7164736d686e6f  x6  1f7164736d686e6f  x7  7f7f7f7f7f7f7f7f
01-08 18:40:02.279   951   951 F DEBUG   :     x8  00000000000000f0  x9  0000007bfea4fb40  x10 0000000000000001  x11 0000007bfea90238
01-08 18:40:02.279   951   951 F DEBUG   :     x12 0000000000000018  x13 00000000677e792a  x14 000ab95842cad5b6  x15 000027a7be69ed16
01-08 18:40:02.279   951   951 F DEBUG   :     x16 0000007bfeafdd88  x17 0000007bfead8490  x18 000000796c62c000  x19 0000000000000391
01-08 18:40:02.279   951   951 F DEBUG   :     x20 00000000000003ae  x21 00000000ffffffff  x22 0000000000000000  x23 0000000000000391
01-08 18:40:02.279   951   951 F DEBUG   :     x24 000000796e840cb0  x25 000000796e840cb0  x26 000000796e840ff8  x27 00000000000fc000
01-08 18:40:02.279   951   951 F DEBUG   :     x28 00000000000fe000  x29 000000796e8409c0
01-08 18:40:02.280   951   951 F DEBUG   :     lr  0000007bfea80824  sp  000000796e840920  pc  0000007bfea80850  pst 0000000000001000
01-08 18:40:02.280   951   951 F DEBUG   : backtrace:
01-08 18:40:02.280   951   951 F DEBUG   :       #00 pc 0000000000052850  /apex/com.android.runtime/lib64/bionic/libc.so (abort+164) (BuildId: 61f41c00d3c79cd6dd52939147c70187)
01-08 18:40:02.280   951   951 F DEBUG   :       #01 pc 0000000000041ae0  /apex/com.android.runtime/lib64/bionic/libc.so (scudo::die()+8) (BuildId: 61f41c00d3c79cd6dd52939147c70187)
01-08 18:40:02.280   951   951 F DEBUG   :       #02 pc 000000000004218c  /apex/com.android.runtime/lib64/bionic/libc.so (scudo::ScopedErrorReport::~ScopedErrorReport()+32) (BuildId: 61f41c00d3c79cd6dd52939147c70187)
01-08 18:40:02.280   951   951 F DEBUG   :       #03 pc 0000000000042594  /apex/com.android.runtime/lib64/bionic/libc.so (scudo::reportMisalignedPointer(scudo::AllocatorAction, void*)+116) (BuildId: 61f41c00d3c79cd6dd52939147c70187)
01-08 18:40:02.280   951   951 F DEBUG   :       #04 pc 0000000000043cd8  /apex/com.android.runtime/lib64/bionic/libc.so (scudo::Allocator<scudo::AndroidConfig, &(scudo_malloc_postinit)>::deallocate(void*, scudo::Chunk::Origin, unsigned long, unsigned long)+288) (BuildId: 61f41c00d3c79cd6dd52939147c70187)
01-08 18:40:02.280   951   951 F DEBUG   :       #05 pc 000000000000efb4  /apex/com.android.vndk.v33/lib64/libutils.so (android::RefBase::decStrong(void const*) const+108) (BuildId: e15da9cb0a03c10940c3d40ef2b5dbaa)
01-08 18:40:02.280   951   951 F DEBUG   :       #06 pc 00000000000673a8  /vendor/lib64/hw/fingerprint.mt6768.so (BuildId: c5e613c15325555b1ec17dfb770f5e2c3cb347e1)
01-08 18:40:02.280   951   951 F DEBUG   :       #07 pc 00000000000c0f0c  /apex/com.android.runtime/lib64/bionic/libc.so (__pthread_start(void*)+208) (BuildId: 61f41c00d3c79cd6dd52939147c70187)
01-08 18:40:02.280   951   951 F DEBUG   :       #08 pc 000000000005400c  /apex/com.android.runtime/lib64/bionic/libc.so (__start_thread+64) (BuildId: 61f41c00d3c79cd6dd52939147c70187)
--------- beginning of system
01-08 18:41:12.301  1223  1223 D SystemServerTiming: OnBootPhase_550_com.android.server.derp.LineageGlobalActionsService
01-08 18:41:12.301  1223  1223 D SystemServerTiming: OnBootPhase_550_com.android.server.inputmethod.InputMethodManagerService$Lifecycle
01-08 18:41:12.303  1223  1329 D SystemServerTimingAsync: InitThreadPoolExec:Lazily initialize IMMS#mImeDrawsImeNavBarRes
01-08 18:41:12.307  1223  1327 E NativeTombstoneManager: Tombstone's UID (1000) not an app, ignoring
01-08 18:41:12.320  1223  1327 I BootReceiver: Copying /data/tombstones/tombstone_00 to DropBox (SYSTEM_TOMBSTONE)
01-08 18:41:12.320  1223  1327 I DropBoxManagerService: add tag=SYSTEM_TOMBSTONE isTagEnabled=true flags=0x6
01-08 18:41:12.340  1223  1223 W InputMethodUtils: getApplicationInfo failed. packageName=com.google.android.apps.inputmethod.hindi userId=0
01-08 18:41:12.340  1223  1223 W InputMethodUtils: android.content.pm.PackageManager$NameNotFoundException: com.google.android.apps.inputmethod.hindi
01-08 18:41:12.340  1223  1223 W InputMethodUtils: 	at android.app.ApplicationPackageManager.getApplicationInfoAsUser(ApplicationPackageManager.java:504)
01-08 18:41:12.340  1223  1223 W InputMethodUtils: 	at android.app.ApplicationPackageManager.getApplicationInfo(ApplicationPackageManager.java:487)
01-08 18:41:12.340  1223  1223 W InputMethodUtils: 	at com.android.server.inputmethod.InputMethodUtils.setNonSelectedSystemImesDisabledUntilUsed(InputMethodUtils.java:706)
01-08 18:41:12.340  1223  1223 W InputMethodUtils: 	at com.android.server.inputmethod.InputMethodManagerService.systemRunning(InputMethodManagerService.java:2075)
01-08 18:41:12.340  1223  1223 W InputMethodUtils: 	at com.android.server.inputmethod.InputMethodManagerService$Lifecycle.onBootPhase(InputMethodManagerService.java:1716)
01-08 18:41:12.340  1223  1223 W InputMethodUtils: 	at com.android.server.SystemServiceManager.startBootPhase(SystemServiceManager.java:294)
01-08 18:41:12.340  1223  1223 W InputMethodUtils: 	at com.android.server.SystemServer.lambda$startOtherServices$5(SystemServer.java:2874)
01-08 18:41:12.340  1223  1223 W InputMethodUtils: 	at com.android.server.SystemServer.$r8$lambda$cHpru_0zTEigJU4rvGBr8u7hU4w(Unknown Source:0)
01-08 18:41:12.340  1223  1223 W InputMethodUtils: 	at com.android.server.SystemServer$$ExternalSyntheticLambda5.run(Unknown Source:28)
01-08 18:41:12.340  1223  1223 W InputMethodUtils: 	at com.android.server.am.ActivityManagerService.systemReady(ActivityManagerService.java:8300)
01-08 18:41:12.340  1223  1223 W InputMethodUtils: 	at com.android.server.SystemServer.startOtherServices(SystemServer.java:2871)
01-08 18:41:12.340  1223  1223 W InputMethodUtils: 	at com.android.server.SystemServer.run(SystemServer.java:961)
01-08 18:41:12.340  1223  1223 W InputMethodUtils: 	at com.android.server.SystemServer.main(SystemServer.java:667)
01-08 18:41:12.340  1223  1223 W InputMethodUtils: 	at java.lang.reflect.Method.invoke(Native Method)
01-08 18:41:12.340  1223  1223 W InputMethodUtils: 	at com.android.internal.os.RuntimeInit$MethodAndArgsCaller.run(RuntimeInit.java:548)
01-08 18:41:12.340  1223  1223 W InputMethodUtils: 	at com.android.internal.os.ZygoteInit.main(ZygoteInit.java:920)
01-08 18:41:12.341  1223  1223 W InputMethodUtils: getApplicationInfo failed. packageName=com.google.android.inputmethod.japanese userId=0
01-08 18:41:12.341  1223  1223 W InputMethodUtils: android.content.pm.PackageManager$NameNotFoundException: com.google.android.inputmethod.japanese
01-08 18:41:12.341  1223  1223 W InputMethodUtils: 	at android.app.ApplicationPackageManager.getApplicationInfoAsUser(ApplicationPackageManager.java:504)
01-08 18:41:12.341  1223  1223 W InputMethodUtils: 	at android.app.ApplicationPackageManager.getApplicationInfo(ApplicationPackageManager.java:487)
01-08 18:41:12.341  1223  1223 W InputMethodUtils: 	at com.android.server.inputmethod.InputMethodUtils.setNonSelectedSystemImesDisabledUntilUsed(InputMethodUtils.java:706)
01-08 18:41:12.341  1223  1223 W InputMethodUtils: 	at com.android.server.inputmethod.InputMethodManagerService.systemRunning(InputMethodManagerService.java:2075)
01-08 18:41:12.341  1223  1223 W InputMethodUtils: 	at com.android.server.inputmethod.InputMethodManagerService$Lifecycle.onBootPhase(InputMethodManagerService.java:1716)
01-08 18:41:12.341  1223  1223 W InputMethodUtils: 	at com.android.server.SystemServiceManager.startBootPhase(SystemServiceManager.java:294)
01-08 18:41:12.341  1223  1223 W InputMethodUtils: 	at com.android.server.SystemServer.lambda$startOtherServices$5(SystemServer.java:2874)
01-08 18:41:12.341  1223  1223 W InputMethodUtils: 	at com.android.server.SystemServer.$r8$lambda$cHpru_0zTEigJU4rvGBr8u7hU4w(Unknown Source:0)
01-08 18:41:12.341  1223  1223 W InputMethodUtils: 	at com.android.server.SystemServer$$ExternalSyntheticLambda5.run(Unknown Source:28)
01-08 18:41:12.341  1223  1223 W InputMethodUtils: 	at com.android.server.am.ActivityManagerService.systemReady(ActivityManagerService.java:8300)
01-08 18:41:12.341  1223  1223 W InputMethodUtils: 	at com.android.server.SystemServer.startOtherServices(SystemServer.java:2871)
01-08 18:41:12.341  1223  1223 W InputMethodUtils: 	at com.android.server.SystemServer.run(SystemServer.java:961)
01-08 18:41:12.341  1223  1223 W InputMethodUtils: 	at com.android.server.SystemServer.main(SystemServer.java:667)
01-08 18:41:12.341  1223  1223 W InputMethodUtils: 	at java.lang.reflect.Method.invoke(Native Method)
01-08 18:41:12.341  1223  1223 W InputMethodUtils: 	at com.android.internal.os.RuntimeInit$MethodAndArgsCaller.run(RuntimeInit.java:548)
01-08 18:41:12.341  1223  1223 W InputMethodUtils: 	at com.android.internal.os.ZygoteInit.main(ZygoteInit.java:920)
01-08 18:41:12.341  1223  1223 W InputMethodUtils: getApplicationInfo failed. packageName=com.google.android.inputmethod.korean userId=0
01-08 18:41:12.341  1223  1223 W InputMethodUtils: android.content.pm.PackageManager$NameNotFoundException: com.google.android.inputmethod.korean
01-08 18:41:12.341  1223  1223 W InputMethodUtils: 	at android.app.ApplicationPackageManager.getApplicationInfoAsUser(ApplicationPackageManager.java:504)
01-08 18:41:12.341  1223  1223 W InputMethodUtils: 	at android.app.ApplicationPackageManager.getApplicationInfo(ApplicationPackageManager.java:487)
01-08 18:41:12.341  1223  1223 W InputMethodUtils: 	at com.android.server.inputmethod.InputMethodUtils.setNonSelectedSystemImesDisabledUntilUsed(InputMethodUtils.java:706)
01-08 18:41:12.341  1223  1223 W InputMethodUtils: 	at com.android.server.inputmethod.InputMethodManagerService.systemRunning(InputMethodManagerService.java:2075)
01-08 18:41:12.341  1223  1223 W InputMethodUtils: 	at com.android.server.inputmethod.InputMethodManagerService$Lifecycle.onBootPhase(InputMethodManagerService.java:1716)
01-08 18:41:12.341  1223  1223 W InputMethodUtils: 	at com.android.server.SystemServiceManager.startBootPhase(SystemServiceManager.java:294)
01-08 18:41:12.341  1223  1223 W InputMethodUtils: 	at com.android.server.SystemServer.lambda$startOtherServices$5(SystemServer.java:2874)
01-08 18:41:12.341  1223  1223 W InputMethodUtils: 	at com.android.server.SystemServer.$r8$lambda$cHpru_0zTEigJU4rvGBr8u7hU4w(Unknown Source:0)
01-08 18:41:12.341  1223  1223 W InputMethodUtils: 	at com.android.server.SystemServer$$ExternalSyntheticLambda5.run(Unknown Source:28)
01-08 18:41:12.341  1223  1223 W InputMethodUtils: 	at com.android.server.am.ActivityManagerService.systemReady(ActivityManagerService.java:8300)
01-08 18:41:12.341  1223  1223 W InputMethodUtils: 	at com.android.server.SystemServer.startOtherServices(SystemServer.java:2871)
01-08 18:41:12.341  1223  1223 W InputMethodUtils: 	at com.android.server.SystemServer.run(SystemServer.java:961)
01-08 18:41:12.341  1223  1223 W InputMethodUtils: 	at com.android.server.SystemServer.main(SystemServer.java:667)
01-08 18:41:12.341  1223  1223 W InputMethodUtils: 	at java.lang.reflect.Method.invoke(Native Method)
01-08 18:41:12.341  1223  1223 W InputMethodUtils: 	at com.android.internal.os.RuntimeInit$MethodAndArgsCaller.run(RuntimeInit.java:548)
01-08 18:41:12.341  1223  1223 W InputMethodUtils: 	at com.android.internal.os.ZygoteInit.main(ZygoteInit.java:920)
01-08 18:41:12.341  1223  1223 W InputMethodUtils: getApplicationInfo failed. packageName=com.google.android.inputmethod.pinyin userId=0
01-08 18:41:12.341  1223  1223 W InputMethodUtils: android.content.pm.PackageManager$NameNotFoundException: com.google.android.inputmethod.pinyin
01-08 18:41:12.341  1223  1223 W InputMethodUtils: 	at android.app.ApplicationPackageManager.getApplicationInfoAsUser(ApplicationPackageManager.java:504)
01-08 18:41:12.341  1223  1223 W InputMethodUtils: 	at android.app.ApplicationPackageManager.getApplicationInfo(ApplicationPackageManager.java:487)
01-08 18:41:12.341  1223  1223 W InputMethodUtils: 	at com.android.server.inputmethod.InputMethodUtils.setNonSelectedSystemImesDisabledUntilUsed(InputMethodUtils.java:706)
01-08 18:41:12.341  1223  1223 W InputMethodUtils: 	at com.android.server.inputmethod.InputMethodManagerService.systemRunning(InputMethodManagerService.java:2075)
01-08 18:41:12.341  1223  1223 W InputMethodUtils: 	at com.android.server.inputmethod.InputMethodManagerService$Lifecycle.onBootPhase(InputMethodManagerService.java:1716)
01-08 18:41:12.341  1223  1223 W InputMethodUtils: 	at com.android.server.SystemServiceManager.startBootPhase(SystemServiceManager.java:294)
01-08 18:41:12.341  1223  1223 W InputMethodUtils: 	at com.android.server.SystemServer.lambda$startOtherServices$5(SystemServer.java:2874)
01-08 18:41:12.341  1223  1223 W InputMethodUtils: 	at com.android.server.SystemServer.$r8$lambda$cHpru_0zTEigJU4rvGBr8u7hU4w(Unknown Source:0)
01-08 18:41:12.341  1223  1223 W InputMethodUtils: 	at com.android.server.SystemServer$$ExternalSyntheticLambda5.run(Unknown Source:28)
01-08 18:41:12.341  1223  1223 W InputMethodUtils: 	at com.android.server.am.ActivityManagerService.systemReady(ActivityManagerService.java:8300)
01-08 18:41:12.341  1223  1223 W InputMethodUtils: 	at com.android.server.SystemServer.startOtherServices(SystemServer.java:2871)
01-08 18:41:12.341  1223  1223 W InputMethodUtils: 	at com.android.server.SystemServer.run(SystemServer.java:961)
01-08 18:41:12.341  1223  1223 W InputMethodUtils: 	at com.android.server.SystemServer.main(SystemServer.java:667)
01-08 18:41:12.341  1223  1223 W InputMethodUtils: 	at java.lang.reflect.Method.invoke(Native Method)
01-08 18:41:12.341  1223  1223 W InputMethodUtils: 	at com.android.internal.os.RuntimeInit$MethodAndArgsCaller.run(RuntimeInit.java:548)
01-08 18:41:12.341  1223  1223 W InputMethodUtils: 	at com.android.internal.os.ZygoteInit.main(ZygoteInit.java:920)
01-08 18:41:12.341  1223  1223 W InputMethodUtils: getApplicationInfo failed. packageName=jp.co.omronsoft.iwnnime.ml userId=0
01-08 18:41:12.341  1223  1223 W InputMethodUtils: android.content.pm.PackageManager$NameNotFoundException: jp.co.omronsoft.iwnnime.ml
01-08 18:41:12.341  1223  1223 W InputMethodUtils: 	at android.app.ApplicationPackageManager.getApplicationInfoAsUser(ApplicationPackageManager.java:504)
01-08 18:41:12.341  1223  1223 W InputMethodUtils: 	at android.app.ApplicationPackageManager.getApplicationInfo(ApplicationPackageManager.java:487)
01-08 18:41:12.341  1223  1223 W InputMethodUtils: 	at com.android.server.inputmethod.InputMethodUtils.setNonSelectedSystemImesDisabledUntilUsed(InputMethodUtils.java:706)
01-08 18:41:12.341  1223  1223 W InputMethodUtils: 	at com.android.server.inputmethod.InputMethodManagerService.systemRunning(InputMethodManagerService.java:2075)
01-08 18:41:12.341  1223  1223 W InputMethodUtils: 	at com.android.server.inputmethod.InputMethodManagerService$Lifecycle.onBootPhase(InputMethodManagerService.java:1716)
01-08 18:41:12.341  1223  1223 W InputMethodUtils: 	at com.android.server.SystemServiceManager.startBootPhase(SystemServiceManager.java:294)
01-08 18:41:12.341  1223  1223 W InputMethodUtils: 	at com.android.server.SystemServer.lambda$startOtherServices$5(SystemServer.java:2874)
01-08 18:41:12.341  1223  1223 W InputMethodUtils: 	at com.android.server.SystemServer.$r8$lambda$cHpru_0zTEigJU4rvGBr8u7hU4w(Unknown Source:0)
01-08 18:41:12.341  1223  1223 W InputMethodUtils: 	at com.android.server.SystemServer$$ExternalSyntheticLambda5.run(Unknown Source:28)
01-08 18:41:12.341  1223  1223 W InputMethodUtils: 	at com.android.server.am.ActivityManagerService.systemReady(ActivityManagerService.java:8300)
01-08 18:41:12.341  1223  1223 W InputMethodUtils: 	at com.android.server.SystemServer.startOtherServices(SystemServer.java:2871)
01-08 18:41:12.341  1223  1223 W InputMethodUtils: 	at com.android.server.SystemServer.run(SystemServer.java:961)
01-08 18:41:12.341  1223  1223 W InputMethodUtils: 	at com.android.server.SystemServer.main(SystemServer.java:667)
01-08 18:41:12.341  1223  1223 W InputMethodUtils: 	at java.lang.reflect.Method.invoke(Native Method)
01-08 18:41:12.341  1223  1223 W InputMethodUtils: 	at com.android.internal.os.RuntimeInit$MethodAndArgsCaller.run(RuntimeInit.java:548)
01-08 18:41:12.341  1223  1223 W InputMethodUtils: 	at com.android.internal.os.ZygoteInit.main(ZygoteInit.java:920)
01-08 18:41:12.341  1223  1223 W InputMethodUtils: getApplicationInfo failed. packageName=com.nuance.xt9.input userId=0
01-08 18:41:12.341  1223  1223 W InputMethodUtils: android.content.pm.PackageManager$NameNotFoundException: com.nuance.xt9.input
01-08 18:41:12.341  1223  1223 W InputMethodUtils: 	at android.app.ApplicationPackageManager.getApplicationInfoAsUser(ApplicationPackageManager.java:504)
01-08 18:41:12.341  1223  1223 W InputMethodUtils: 	at android.app.ApplicationPackageManager.getApplicationInfo(ApplicationPackageManager.java:487)
01-08 18:41:12.341  1223  1223 W InputMethodUtils: 	at com.android.server.inputmethod.InputMethodUtils.setNonSelectedSystemImesDisabledUntilUsed(InputMethodUtils.java:706)
01-08 18:41:12.341  1223  1223 W InputMethodUtils: 	at com.android.server.inputmethod.InputMethodManagerService.systemRunning(InputMethodManagerService.java:2075)
01-08 18:41:12.341  1223  1223 W InputMethodUtils: 	at com.android.server.inputmethod.InputMethodManagerService$Lifecycle.onBootPhase(InputMethodManagerService.java:1716)
01-08 18:41:12.341  1223  1223 W InputMethodUtils: 	at com.android.server.SystemServiceManager.startBootPhase(SystemServiceManager.java:294)
01-08 18:41:12.341  1223  1223 W InputMethodUtils: 	at com.android.server.SystemServer.lambda$startOtherServices$5(SystemServer.java:2874)
01-08 18:41:12.341  1223  1223 W InputMethodUtils: 	at com.android.server.SystemServer.$r8$lambda$cHpru_0zTEigJU4rvGBr8u7hU4w(Unknown Source:0)
01-08 18:41:12.341  1223  1223 W InputMethodUtils: 	at com.android.server.SystemServer$$ExternalSyntheticLambda5.run(Unknown Source:28)
01-08 18:41:12.341  1223  1223 W InputMethodUtils: 	at com.android.server.am.ActivityManagerService.systemReady(ActivityManagerService.java:8300)
01-08 18:41:12.341  1223  1223 W InputMethodUtils: 	at com.android.server.SystemServer.startOtherServices(SystemServer.java:2871)
01-08 18:41:12.341  1223  1223 W InputMethodUtils: 	at com.android.server.SystemServer.run(SystemServer.java:961)
01-08 18:41:12.341  1223  1223 W InputMethodUtils: 	at com.android.server.SystemServer.main(SystemServer.java:667)
01-08 18:41:12.341  1223  1223 W InputMethodUtils: 	at java.lang.reflect.Method.invoke(Native Method)
01-08 18:41:12.341  1223  1223 W InputMethodUtils: 	at com.android.internal.os.RuntimeInit$MethodAndArgsCaller.run(RuntimeInit.java:548)
01-08 18:41:12.341  1223  1223 W InputMethodUtils: 	at com.android.internal.os.ZygoteInit.main(ZygoteInit.java:920)
01-08 18:41:12.341  1223  1223 D SystemServerTiming: OnBootPhase_550_com.android.server.accessibility.AccessibilityManagerService$Lifecycle
01-08 18:41:12.341  1223  1223 D SystemServerTiming: OnBootPhase_550_com.android.server.StorageManagerService$Lifecycle
01-08 18:41:12.341  1223  1223 D SystemServerTiming: OnBootPhase_550_com.android.server.usage.StorageStatsService$Lifecycle
01-08 18:41:12.341  1223  1223 D SystemServerTiming: OnBootPhase_550_com.android.server.UiModeManagerService
01-08 18:41:12.341  1223  1223 D SystemServerTiming: OnBootPhase_550_com.android.server.locales.LocaleManagerService
01-08 18:41:12.341  1223  1223 D SystemServerTiming: OnBootPhase_550_com.android.server.locksettings.LockSettingsService$Lifecycle
01-08 18:41:12.357  1223  1223 I LockSettingsService: Migrated migrated_frp.
01-08 18:41:12.357  1223  1223 I RebootEscrowManager: No reboot escrow data found for users, skipping loading escrow data
01-08 18:41:12.360  1223  1223 D SystemServerTiming: OnBootPhase_550_com.android.server.PersistentDataBlockService
01-08 18:41:12.360  1223  1223 D SystemServerTiming: OnBootPhase_550_com.android.server.testharness.TestHarnessModeService
01-08 18:41:12.360  1223  1223 D SystemServerTiming: OnBootPhase_550_com.android.server.oemlock.OemLockService
01-08 18:41:12.360  1223  1223 D SystemServerTiming: OnBootPhase_550_com.android.server.DeviceIdleController
01-08 18:41:12.360  1223  1223 D SystemServerTiming: OnBootPhase_550_com.android.server.devicepolicy.DevicePolicyManagerService$Lifecycle
01-08 18:41:12.360  1223  1223 D SystemServerTiming: OnBootPhase_550_com.android.server.musicrecognition.MusicRecognitionManagerService
01-08 18:41:12.360  1223  1223 D SystemServerTiming: OnBootPhase_550_com.android.server.contentcapture.ContentCaptureManagerService
01-08 18:41:12.360  1223  1223 D SystemServerTiming: OnBootPhase_550_com.android.server.attention.AttentionManagerService
01-08 18:41:12.360  1223  1223 D SystemServerTiming: OnBootPhase_550_com.android.server.rotationresolver.RotationResolverManagerService
01-08 18:41:12.360  1223  1223 D SystemServerTiming: OnBootPhase_550_com.android.server.systemcaptions.SystemCaptionsManagerService
01-08 18:41:12.360  1223  1223 D SystemServerTiming: OnBootPhase_550_com.android.server.texttospeech.TextToSpeechManagerService
01-08 18:41:12.360  1223  1223 D SystemServerTiming: OnBootPhase_550_com.android.server.ambientcontext.AmbientContextManagerService
01-08 18:41:12.360  1223  1223 D SystemServerTiming: OnBootPhase_550_com.android.server.speech.SpeechRecognitionManagerService
01-08 18:41:12.360  1223  1223 D SystemServerTiming: OnBootPhase_550_com.android.server.appprediction.AppPredictionManagerService
01-08 18:41:12.360  1223  1223 D SystemServerTiming: OnBootPhase_550_com.android.server.contentsuggestions.ContentSuggestionsManagerService
01-08 18:41:12.360  1223  1223 D SystemServerTiming: OnBootPhase_550_com.android.server.searchui.SearchUiManagerService
01-08 18:41:12.360  1223  1223 D SystemServerTiming: OnBootPhase_550_com.android.server.smartspace.SmartspaceManagerService
01-08 18:41:12.360  1223  1223 D SystemServerTiming: OnBootPhase_550_com.android.server.graphics.fonts.FontManagerService$Lifecycle
01-08 18:41:12.360  1223  1223 D SystemServerTiming: OnBootPhase_550_com.android.server.textservices.TextServicesManagerService$Lifecycle
01-08 18:41:12.360  1223  1223 D SystemServerTiming: OnBootPhase_550_com.android.server.textclassifier.TextClassificationManagerService$Lifecycle
01-08 18:41:12.360  1223  1223 D SystemServerTiming: OnBootPhase_550_com.android.server.NetworkScoreService$Lifecycle
01-08 18:41:12.360  1223  1223 D SystemServerTiming: OnBootPhase_550_com.android.server.NetworkStatsServiceInitializer
01-08 18:41:12.380  1223  1223 D SystemServerTiming: OnBootPhase_550_com.android.server.wifi.WifiService
01-08 18:41:12.380  1223  1223 D SystemServerTiming: OnBootPhase_550_com.android.server.wifi.scanner.WifiScanningService
01-08 18:41:12.380  1223  1223 D SystemServerTiming: OnBootPhase_550_com.android.server.wifi.p2p.WifiP2pService
01-08 18:41:12.380  1223  1223 D SystemServerTiming: OnBootPhase_550_com.android.server.ConnectivityServiceInitializer
01-08 18:41:12.380  1223  1223 D SystemServerTiming: OnBootPhase_550_com.android.server.notification.NotificationManagerService
01-08 18:41:12.380  1223  1223 D SystemServerTiming: OnBootPhase_550_com.android.server.storage.DeviceStorageMonitorService
01-08 18:41:12.380  1223  1223 D SystemServerTiming: OnBootPhase_550_com.android.server.location.LocationManagerService$Lifecycle
01-08 18:41:12.380  1223  1223 D SystemServerTiming: OnBootPhase_550_com.android.server.timedetector.TimeDetectorService$Lifecycle
01-08 18:41:12.380  1223  1223 D SystemServerTiming: OnBootPhase_550_com.android.server.timezonedetector.TimeZoneDetectorService$Lifecycle
01-08 18:41:12.380  1223  1223 D SystemServerTiming: OnBootPhase_550_com.android.server.timezonedetector.location.LocationTimeZoneManagerService$Lifecycle
01-08 18:41:12.380  1223  1223 D SystemServerTiming: OnBootPhase_550_com.android.server.search.SearchManagerService$Lifecycle
01-08 18:41:12.380  1223  1223 D SystemServerTiming: OnBootPhase_550_com.android.server.wallpaper.WallpaperManagerService$Lifecycle
01-08 18:41:12.381  1223  1223 I WallpaperManagerService: No static wallpaper imagery; defaults will be shown
01-08 18:41:12.381  1223  1223 V WallpaperManagerService: bindWallpaperComponentLocked: componentName=ComponentInfo{com.android.systemui/com.android.systemui.wallpapers.ImageWallpaper}
01-08 18:41:12.381  1223  1223 D WallpaperManagerService: WPMS.bindWallpaperComponentLocked-ComponentInfo{com.android.systemui/com.android.systemui.wallpapers.ImageWallpaper}
01-08 18:41:12.383  1223  1223 D CompatibilityChangeReporter: Compat change id reported: 135634846; UID 10499; state: DISABLED
01-08 18:41:12.383  1223  1223 D CompatibilityChangeReporter: Compat change id reported: 177438394; UID 10499; state: DISABLED
01-08 18:41:12.383  1223  1223 D CompatibilityChangeReporter: Compat change id reported: 135772972; UID 10499; state: DISABLED
01-08 18:41:12.383  1223  1223 D CompatibilityChangeReporter: Compat change id reported: 135754954; UID 10499; state: ENABLED
01-08 18:41:12.384  1223  1270 D CompatibilityChangeReporter: Compat change id reported: 143937733; UID 10499; state: ENABLED
01-08 18:41:12.384  1223  1270 W ActivityManager: com.android.systemui inode == 0 (b/152760674)
01-08 18:41:12.384  1223  1270 W ActivityManager: com.google.android.gms inode == 0 (b/152760674)
01-08 18:41:12.384  1223  1223 W WallpaperManagerService: no current wallpaper -- first boot?
01-08 18:41:12.384  1223  1223 D SystemServerTiming: OnBootPhase_550_com.android.server.wallpapereffectsgeneration.WallpaperEffectsGenerationManagerService
01-08 18:41:12.384  1223  1223 D SystemServerTiming: OnBootPhase_550_com.android.server.audio.AudioService$Lifecycle
01-08 18:41:12.384  1223  1223 D SystemServerTiming: OnBootPhase_550_com.android.server.soundtrigger_middleware.SoundTriggerMiddlewareService$Lifecycle
01-08 18:41:12.384  1223  1223 D SystemServerTiming: OnBootPhase_550_com.android.server.DockObserver
01-08 18:41:12.385  1223  1223 D SystemServerTiming: OnBootPhase_550_com.android.server.midi.MidiService$Lifecycle
01-08 18:41:12.385  1223  1223 D SystemServerTiming: OnBootPhase_550_com.android.server.adb.AdbService$Lifecycle
01-08 18:41:12.386  1223  1223 D SystemServerTiming: OnBootPhase_550_com.android.server.usb.UsbService$Lifecycle
01-08 18:41:12.386  1223  1223 D SystemServerTiming: OnBootPhase_550_com.android.server.twilight.TwilightService
01-08 18:41:12.386  1223  1223 D SystemServerTiming: OnBootPhase_550_com.android.server.display.color.ColorDisplayService
01-08 18:41:12.386  1223  1342 D SystemServerTimingAsync: InitThreadPoolExec:UsbService$Lifecycle#onBootPhase
01-08 18:41:12.386  1223  1223 D SystemServerTiming: OnBootPhase_550_com.android.server.job.JobSchedulerService
01-08 18:41:12.386  1223  1223 D SystemServerTiming: OnBootPhase_550_com.android.server.soundtrigger.SoundTriggerService
01-08 18:41:12.386  1223  1223 D SoundTriggerService: onBootPhase: 550 : false
01-08 18:41:12.386  1223  1223 D SystemServerTiming: OnBootPhase_550_com.android.server.trust.TrustManagerService
01-08 18:41:12.386  1223  1223 D SystemServerTiming: OnBootPhase_550_com.android.server.backup.BackupManagerService$Lifecycle
01-08 18:41:12.386  1223  1223 D SystemServerTiming: OnBootPhase_550_com.android.server.appwidget.AppWidgetService
01-08 18:41:12.386  1223  1223 D SystemServerTiming: OnBootPhase_550_com.android.server.voiceinteraction.VoiceInteractionManagerService
01-08 18:41:12.386  1223  1223 D SystemServerTiming: OnBootPhase_550_com.android.server.apphibernation.AppHibernationService
01-08 18:41:12.386  1223  1223 D SystemServerTiming: OnBootPhase_550_com.android.server.GestureLauncherService
01-08 18:41:12.386  1223  1223 D SystemServerTiming: OnBootPhase_550_com.android.server.SensorNotificationService
01-08 18:41:12.386  1223  1223 D SystemServerTiming: OnBootPhase_550_com.android.server.emergency.EmergencyAffordanceService
01-08 18:41:12.386  1223  1223 D SystemServerTiming: OnBootPhase_550_com.android.server.blob.BlobStoreManagerService
01-08 18:41:12.387  1223  1223 D SystemServerTiming: OnBootPhase_550_com.android.server.dreams.DreamManagerService
01-08 18:41:12.387  1223  1223 D SystemServerTiming: OnBootPhase_550_com.android.server.print.PrintManagerService
01-08 18:41:12.387  1223  1223 D SystemServerTiming: OnBootPhase_550_com.android.server.security.AttestationVerificationManagerService
01-08 18:41:12.387  1223  1223 D SystemServerTiming: OnBootPhase_550_com.android.server.companion.CompanionDeviceManagerService
01-08 18:41:12.387  1223  1223 D SystemServerTiming: OnBootPhase_550_com.android.server.companion.virtual.VirtualDeviceManagerService
01-08 18:41:12.387  1223  1223 D SystemServerTiming: OnBootPhase_550_com.android.server.restrictions.RestrictionsManagerService
01-08 18:41:12.387  1223  1223 D SystemServerTiming: OnBootPhase_550_com.android.server.media.MediaSessionService
01-08 18:41:12.387  1223  1223 D SystemServerTiming: OnBootPhase_550_com.android.server.media.MediaResourceMonitorService
01-08 18:41:12.387  1223  1223 D SystemServerTiming: OnBootPhase_550_com.android.server.biometrics.sensors.face.FaceService
01-08 18:41:12.387  1223  1223 D SystemServerTiming: OnBootPhase_550_com.android.server.biometrics.sensors.fingerprint.FingerprintService
01-08 18:41:12.387  1223  1223 D SystemServerTiming: OnBootPhase_550_com.android.server.biometrics.BiometricService
01-08 18:41:12.387  1223  1223 D SystemServerTiming: OnBootPhase_550_com.android.server.biometrics.AuthService
01-08 18:41:12.387  1223  1223 D SystemServerTiming: OnBootPhase_550_com.android.server.app.AppLockManagerService$Lifecycle
01-08 18:41:12.389  1223  1223 I AppLockManagerService: onBootCompleted
01-08 18:41:12.389  1223  1267 I UsbPortManager: ClientCallback V1_1: dual-role-type_c_port0
01-08 18:41:12.390  1223  1223 D SystemServerTiming: OnBootPhase_550_com.android.server.pm.ShortcutService$Lifecycle
01-08 18:41:12.390  1223  1223 D SystemServerTiming: OnBootPhase_550_com.android.server.pm.LauncherAppsService
01-08 18:41:12.390  1223  1223 D SystemServerTiming: OnBootPhase_550_com.android.server.pm.CrossProfileAppsService
01-08 18:41:12.390  1223  1223 D SystemServerTiming: OnBootPhase_550_com.android.server.pocket.PocketService
01-08 18:41:12.390  1223  1223 W PocketService: Un-handled boot phase:550
01-08 18:41:12.390  1223  1223 D SystemServerTiming: OnBootPhase_550_com.android.server.people.PeopleService
01-08 18:41:12.390  1223  1223 D SystemServerTiming: OnBootPhase_550_com.android.server.media.metrics.MediaMetricsManagerService
01-08 18:41:12.390  1223  1223 D SystemServerTiming: OnBootPhase_550_com.android.server.derp.CustomDeviceConfigService
01-08 18:41:12.390  1223  1223 D SystemServerTiming: OnBootPhase_550_com.android.server.vibrator.LinearmotorVibratorService
01-08 18:41:12.390  1223  1223 D SystemServerTiming: OnBootPhase_550_com.android.server.derp.LineageHardwareService
01-08 18:41:12.390  1223  1223 D SystemServerTiming: OnBootPhase_550_com.android.server.derp.display.LiveDisplayService
01-08 18:41:12.390  1223  1223 D SystemServerTiming: OnBootPhase_550_com.android.server.derp.health.HealthInterfaceService
01-08 18:41:12.390  1223  1223 D SystemServerTiming: OnBootPhase_550_com.android.server.media.projection.MediaProjectionManagerService
01-08 18:41:12.390  1223  1223 D SystemServerTiming: OnBootPhase_550_com.android.server.slice.SliceManagerService$Lifecycle
01-08 18:41:12.390  1223  1223 D SystemServerTiming: OnBootPhase_550_com.android.server.stats.StatsCompanion$Lifecycle
01-08 18:41:12.390  1223  1223 D SystemServerTiming: OnBootPhase_550_com.android.server.scheduling.RebootReadinessManagerService$Lifecycle
01-08 18:41:12.390  1223  1223 D SystemServerTiming: OnBootPhase_550_com.android.server.stats.pull.StatsPullAtomService
01-08 18:41:12.390  1223  1223 D SystemServerTiming: OnBootPhase_550_com.android.server.stats.bootstrap.StatsBootstrapAtomService$Lifecycle
01-08 18:41:12.390  1223  1223 D SystemServerTiming: OnBootPhase_550_com.android.server.incident.IncidentCompanionService
01-08 18:41:12.390  1223  1223 D SystemServerTiming: OnBootPhase_550_com.android.server.sdksandbox.SdkSandboxManagerService$Lifecycle
01-08 18:41:12.390  1223  1223 D SystemServerTiming: OnBootPhase_550_com.android.server.adservices.AdServicesManagerService$Lifecycle
01-08 18:41:12.390  1223  1223 D SystemServerTiming: OnBootPhase_550_com.android.server.MmsServiceBroker
01-08 18:41:12.390  1223  1223 D SystemServerTiming: OnBootPhase_550_com.android.server.autofill.AutofillManagerService
01-08 18:41:12.390  1223  1223 D SystemServerTiming: OnBootPhase_550_com.android.server.translation.TranslationManagerService
01-08 18:41:12.390  1223  1223 D SystemServerTiming: OnBootPhase_550_com.android.server.clipboard.ClipboardService
01-08 18:41:12.390  1223  1223 D SystemServerTiming: OnBootPhase_550_com.android.server.appbinding.AppBindingService$Lifecycle
01-08 18:41:12.390  1223  1259 I UsbPortManager: USB port added: port=UsbPort{id=dual-role-type_c_port0, supportedModes=dualsupportedContaminantProtectionModes=0supportsEnableContaminantPresenceProtection=falsesupportsEnableContaminantPresenceDetection=false, status=UsbPortStatus{connected=false, currentMode=none, currentPowerRole=no-power, currentDataRole=no-data, supportedRoleCombinations=[no-power:no-data], contaminantDetectionStatus=0, contaminantProtectionStatus=0, usbDataStatus=unknown, isPowerTransferLimited=false, powerBrickConnectionStatus=unknown}, canChangeMode=false, canChangePowerRole=false, canChangeDataRole=false, connectedAtMillis=0, lastConnectDurationMillis=0
01-08 18:41:12.391  1223  1270 I ActivityManager: Start proc 2098:com.android.systemui/u0a499 for service {com.android.systemui/com.android.systemui.wallpapers.ImageWallpaper}
01-08 18:41:12.392  1223  1223 I AppBindingService: Updating constants with: null
01-08 18:41:12.392  1223  1223 D SystemServerTiming: OnBootPhase_550_com.android.server.tracing.TracingServiceProxy
01-08 18:41:12.392  1223  1223 D SystemServerTiming: OnBootPhase_550_com.android.server.policy.PermissionPolicyService
01-08 18:41:12.392  1223  1223 D SystemServerTiming: Permission_grant_default_permissions-0
01-08 18:41:12.393  1223  1223 D SystemServerTiming: Permission_callback_waiting-0
01-08 18:41:12.396  1223  1259 D CompatibilityChangeReporter: Compat change id reported: 135634846; UID 10511; state: DISABLED
01-08 18:41:12.396  1223  1259 D CompatibilityChangeReporter: Compat change id reported: 177438394; UID 10511; state: DISABLED
01-08 18:41:12.396  1223  1259 D CompatibilityChangeReporter: Compat change id reported: 135772972; UID 10511; state: DISABLED
01-08 18:41:12.396  1223  1259 D CompatibilityChangeReporter: Compat change id reported: 135754954; UID 10511; state: ENABLED
01-08 18:41:12.396  1223  1270 D CompatibilityChangeReporter: Compat change id reported: 143937733; UID 10511; state: ENABLED
01-08 18:41:12.396  1223  1270 W ActivityManager: com.android.permissioncontroller inode == 0 (b/152760674)
01-08 18:41:12.396  1223  1270 W ActivityManager: com.google.android.gms inode == 0 (b/152760674)
01-08 18:41:12.403  1223  1270 I ActivityManager: Start proc 2099:com.android.permissioncontroller/u0a511 for service {com.android.permissioncontroller/com.android.permissioncontroller.permission.service.PermissionControllerServiceImpl}
01-08 18:41:12.423  1223  2082 D CompatibilityChangeReporter: Compat change id reported: 168419799; UID 10499; state: DISABLED
01-08 18:41:12.423  1223  2082 D CompatibilityChangeReporter: Compat change id reported: 273564678; UID 10499; state: DISABLED
01-08 18:41:12.433  1223  1316 D CompatibilityChangeReporter: Compat change id reported: 168419799; UID 10511; state: DISABLED
01-08 18:41:12.433  1223  1316 D CompatibilityChangeReporter: Compat change id reported: 273564678; UID 10511; state: DISABLED
01-08 18:41:12.501  1223  1316 D CompatibilityChangeReporter: Compat change id reported: 161145287; UID 10511; state: DISABLED
01-08 18:41:12.607  1223  1241 W StorageManagerService: No primary storage defined yet; hacking together a stub
01-08 18:41:12.626  2098  2098 V WindowManagerShell: Adding init callback for DisplayChangeController
01-08 18:41:12.626  2098  2098 V WindowManagerShell: Adding init callback for DisplayController
01-08 18:41:12.626  2098  2098 V WindowManagerShell: Adding init callback for DisplayInsetsController
01-08 18:41:12.626  2098  2098 V WindowManagerShell: Adding init callback for DisplayImeController
01-08 18:41:12.627  2098  2098 V WindowManagerShell: Adding init callback for ShellController
01-08 18:41:12.628  2098  2098 V WindowManagerShell: Adding init callback for DragAndDropController
01-08 18:41:12.634   798   798 D MtkOmxGsmDec: MtkOmxComponentCreate +++ !!!
01-08 18:41:12.634   798   798 D MtkOmxGsmDec: MtkOmxGsmDec Construct !!!
01-08 18:41:12.634   798   798 D MtkOmxGsmDec: Init Audio(GSM) Params!!!
01-08 18:41:12.635   798   798 D MtkOmxGsmDec: MtkOmxGsmDec Deconstruct !!!
01-08 18:41:12.637  2098  2098 V WindowManagerShell: Adding init callback for CompatUIController
01-08 18:41:12.639   798   798 D MtkOmxMp3Dec: JB MtkOmxMp3Dec::MtkOmxMp3Dec this= 0xf47c39d0
01-08 18:41:12.639   798   798 D MtkOmxMp3Dec: JB MtkOmxMp3Dec::InitAudioParams(MP3)
01-08 18:41:12.640   798   798 D MtkOmxMp3Dec: JB ~MtkOmxMp3Dec this= 0xf47c39d0
01-08 18:41:12.640   798   798 D MtkOmxMp3Dec: component has been DeInit before,return.
01-08 18:41:12.641  2098  2098 V WindowManagerShell: Adding init callback for RecentTasksController
01-08 18:41:12.643  2098  2098 V WindowManagerShell: Adding init callback for ShellTaskOrganizer
01-08 18:41:12.650  1223  1259 I UsbPortManager: USB HAL HIDL version: 11
01-08 18:41:12.658  2098  2098 V WindowManagerShell: Adding init callback for OneHandedController
01-08 18:41:12.665  2098  2098 V WindowManagerShell: Adding init callback for DefaultTransitionHandler
01-08 18:41:12.665  2098  2098 V WindowManagerShell: addHandler: Default
01-08 18:41:12.666  2098  2098 V WindowManagerShell: addHandler: Remote
01-08 18:41:12.666  2098  2098 V WindowManagerShell: Adding init callback for Transitions
01-08 18:41:12.672  2098  2098 V WindowManagerShell: Adding init callback for BubbleController
01-08 18:41:12.677  2098  2098 V WindowManagerShell: Adding init callback for SplitScreenController
01-08 18:41:12.680  1223  2148 D CompatibilityChangeReporter: Compat change id reported: 161145287; UID 10499; state: DISABLED
01-08 18:41:12.689  2098  2098 V WindowManagerShell: Adding init callback for PipTouchHandler
01-08 18:41:12.689  2098  2098 V WindowManagerShell: Adding init callback for DevicePostureController
01-08 18:41:12.689  2098  2098 V WindowManagerShell: Adding init callback for TabletopModeController
01-08 18:41:12.690  2098  2098 V WindowManagerShell: Adding init callback for PipController
01-08 18:41:12.692  2098  2098 V WindowManagerShell: Adding init callback for FullscreenTaskListener
01-08 18:41:12.697  2098  2098 V WindowManagerShell: Adding init callback for StartingWindowController
01-08 18:41:12.697  2098  2098 V WindowManagerShell: Adding init callback for ProtoLogController
01-08 18:41:12.699  2098  2098 V WindowManagerShell: Adding init callback for KidsModeTaskOrganizer
01-08 18:41:12.701  2098  2098 V WindowManagerShell: Adding init callback for BackAnimationController
01-08 18:41:12.701  2098  2156 V WindowManagerShell: Initializing Shell Components: 23
01-08 18:41:12.703  2098  2156 V WindowManagerShell: 	DisplayChangeController init took 1ms
01-08 18:41:12.705  2098  2156 V WindowManagerShell: 	DisplayController init took 2ms
01-08 18:41:12.706  2098  2156 V WindowManagerShell: 	DisplayInsetsController init took 1ms
01-08 18:41:12.706  2098  2156 V WindowManagerShell: 	DisplayImeController init took 0ms
01-08 18:41:12.706  2098  2156 V WindowManagerShell: Adding dump callback for ShellController
01-08 18:41:12.706  2098  2156 V WindowManagerShell: 	ShellController init took 0ms
01-08 18:41:12.706  2098  2156 V WindowManagerShell: 	DragAndDropController init took 1ms
01-08 18:41:12.706  2098  2156 V WindowManagerShell: Adding command class compatui for CompatUIShellCommandHandler
01-08 18:41:12.706  2098  2156 V WindowManagerShell: 	CompatUIController init took 0ms
01-08 18:41:12.706  2098  2156 V WindowManagerShell: Adding external interface from RecentTasksController with key extra_shell_recent_tasks
01-08 18:41:12.706  2098  2156 V WindowManagerShell: Adding dump callback for RecentTasksController
01-08 18:41:12.707  2098  2156 V WindowManagerShell: 	RecentTasksController init took 1ms
01-08 18:41:12.707  2098  2156 V WindowManagerShell: Adding dump callback for ShellTaskOrganizer
01-08 18:41:12.709  2098  2156 V WindowManagerShell: 	ShellTaskOrganizer init took 2ms
01-08 18:41:12.709  2098  2156 V WindowManagerShell: Adding dump callback for OneHandedController
01-08 18:41:12.721  2098  2156 V WindowManagerShell: Adding external interface from OneHandedController with key extra_shell_one_handed
01-08 18:41:12.721  2098  2156 V WindowManagerShell: 	OneHandedController init took 11ms
01-08 18:41:12.725  2098  2156 V WindowManagerShell: 	DefaultTransitionHandler init took 5ms
01-08 18:41:12.726  2098  2156 V WindowManagerShell: Adding external interface from Transitions with key extra_shell_shell_transitions
01-08 18:41:12.728  2098  2156 V WindowManagerShell: 	Transitions init took 2ms
01-08 18:41:12.732  2098  2156 V WindowManagerShell: Adding dump callback for BubbleController
01-08 18:41:12.732  2098  2156 V WindowManagerShell: 	BubbleController init took 4ms
01-08 18:41:12.732  2098  2156 V WindowManagerShell: Adding dump callback for SplitScreenController
01-08 18:41:12.732  2098  2156 V WindowManagerShell: Adding command class splitscreen for SplitScreenController
01-08 18:41:12.732  2098  2156 V WindowManagerShell: Adding external interface from SplitScreenController with key extra_shell_split_screen
01-08 18:41:12.743  2098  2156 V WindowManagerShell: addHandler: StageCoordinator
01-08 18:41:12.744  2098  2156 V WindowManagerShell: 	SplitScreenController init took 12ms
01-08 18:41:12.753  2098  2156 V WindowManagerShell: 	PipTouchHandler init took 9ms
01-08 18:41:12.753  2098  2156 V WindowManagerShell: 	DevicePostureController init took 0ms
01-08 18:41:12.753  2098  2156 V WindowManagerShell: 	TabletopModeController init took 0ms
01-08 18:41:12.753  2098  2156 V WindowManagerShell: Adding dump callback for PipController
01-08 18:41:12.757  2098  2156 V WindowManagerShell: Adding external interface from PipController with key extra_shell_pip
01-08 18:41:12.757  2098  2156 V WindowManagerShell: 	PipController init took 5ms
01-08 18:41:12.760  2098  2156 V WindowManagerShell: 	FullscreenTaskListener init took 2ms
01-08 18:41:12.760  2098  2156 V WindowManagerShell: Adding external interface from StartingWindowController with key extra_shell_starting_window
01-08 18:41:12.761  2098  2156 V WindowManagerShell: 	StartingWindowController init took 0ms
01-08 18:41:12.761  2098  2156 V WindowManagerShell: Adding command class protolog for ProtoLogController
01-08 18:41:12.761  2098  2156 V WindowManagerShell: 	ProtoLogController init took 0ms
01-08 18:41:12.761  2098  2156 V WindowManagerShell: Adding dump callback for KidsModeTaskOrganizer
01-08 18:41:12.765  2098  2156 V WindowManagerShell: 	KidsModeTaskOrganizer init took 4ms
01-08 18:41:12.768  1223  1241 W PackageManager: Package com.android.providers.media.module is an APK in APEX, but has permission allowlist on the system image. Please bundle the allowlist in the com.android.mediaprovider APEX instead.
01-08 18:41:12.768  1223  1241 W PackageManager: Package com.android.providers.media.module is an APK in APEX, but has permission allowlist on the system image. Please bundle the allowlist in the com.android.mediaprovider APEX instead.
01-08 18:41:12.768  2098  2156 D ShellBackPreview: Back animation enabled=false
01-08 18:41:12.768  1223  1241 W PackageManager: Package com.android.providers.media.module is an APK in APEX, but has permission allowlist on the system image. Please bundle the allowlist in the com.android.mediaprovider APEX instead.
01-08 18:41:12.768  1223  1241 W PackageManager: Package com.android.providers.media.module is an APK in APEX, but has permission allowlist on the system image. Please bundle the allowlist in the com.android.mediaprovider APEX instead.
01-08 18:41:12.768  1223  1241 W PackageManager: Package com.android.providers.media.module is an APK in APEX, but has permission allowlist on the system image. Please bundle the allowlist in the com.android.mediaprovider APEX instead.
01-08 18:41:12.768  1223  1241 W PackageManager: Package com.android.providers.media.module is an APK in APEX, but has permission allowlist on the system image. Please bundle the allowlist in the com.android.mediaprovider APEX instead.
01-08 18:41:12.768  1223  1241 W PackageManager: Package com.android.providers.media.module is an APK in APEX, but has permission allowlist on the system image. Please bundle the allowlist in the com.android.mediaprovider APEX instead.
01-08 18:41:12.768  1223  1241 W PackageManager: Package com.android.providers.media.module is an APK in APEX, but has permission allowlist on the system image. Please bundle the allowlist in the com.android.mediaprovider APEX instead.
01-08 18:41:12.768  1223  1241 W PackageManager: Package com.android.providers.media.module is an APK in APEX, but has permission allowlist on the system image. Please bundle the allowlist in the com.android.mediaprovider APEX instead.
01-08 18:41:12.768  1223  1241 W PackageManager: Package com.android.providers.media.module is an APK in APEX, but has permission allowlist on the system image. Please bundle the allowlist in the com.android.mediaprovider APEX instead.
01-08 18:41:12.768  2098  2156 V WindowManagerShell: Adding external interface from BackAnimationController with key extra_shell_back_animation
01-08 18:41:12.768  1223  1241 W PackageManager: Package com.android.providers.media.module is an APK in APEX, but has permission allowlist on the system image. Please bundle the allowlist in the com.android.mediaprovider APEX instead.
01-08 18:41:12.768  2098  2156 V WindowManagerShell: 	BackAnimationController init took 4ms
01-08 18:41:12.768  1223  1241 W PackageManager: Package com.android.providers.media.module is an APK in APEX, but has permission allowlist on the system image. Please bundle the allowlist in the com.android.mediaprovider APEX instead.
01-08 18:41:12.768  1223  1241 W PackageManager: Package com.android.providers.media.module is an APK in APEX, but has permission allowlist on the system image. Please bundle the allowlist in the com.android.mediaprovider APEX instead.
01-08 18:41:12.769  2098  2156 V WindowManagerShell: Display added: 0
01-08 18:41:12.769  1223  1241 W PackageManager: Package com.android.providers.media.module is an APK in APEX, but has permission allowlist on the system image. Please bundle the allowlist in the com.android.mediaprovider APEX instead.
01-08 18:41:12.769  1223  1241 W PackageManager: Package com.android.providers.media.module is an APK in APEX, but has permission allowlist on the system image. Please bundle the allowlist in the com.android.mediaprovider APEX instead.
01-08 18:41:12.769  1223  1241 W PackageManager: Package com.android.providers.media.module is an APK in APEX, but has permission allowlist on the system image. Please bundle the allowlist in the com.android.mediaprovider APEX instead.
01-08 18:41:12.769  1223  1241 W PackageManager: Package com.android.providers.media.module is an APK in APEX, but has permission allowlist on the system image. Please bundle the allowlist in the com.android.mediaprovider APEX instead.
01-08 18:41:12.769  1223  1241 W PackageManager: Package com.android.providers.media.module is an APK in APEX, but has permission allowlist on the system image. Please bundle the allowlist in the com.android.mediaprovider APEX instead.
01-08 18:41:12.769  1223  1241 W PackageManager: Package com.android.providers.media.module is an APK in APEX, but has permission allowlist on the system image. Please bundle the allowlist in the com.android.mediaprovider APEX instead.
01-08 18:41:12.770  1223  1241 W PackageManager: Package com.android.providers.media.module is an APK in APEX, but has permission allowlist on the system image. Please bundle the allowlist in the com.android.mediaprovider APEX instead.
