01-08 18:41:13.984  1223  1223 V GameManagerService: Settings file doesn't exists, skip reading
01-08 18:41:13.984  1223  1223 D SystemServerTiming: ssm.onStartUser-0_com.android.safetycenter.SafetyCenterService
01-08 18:41:13.984  1223  1223 D SystemServerTiming: ssm.onStartUser-0_com.android.server.appsearch.AppSearchModule$Lifecycle
01-08 18:41:13.984  1223  1223 D SystemServerTiming: ssm.onStartUser-0_com.android.server.media.MediaCommunicationService
01-08 18:41:13.984  1223  1223 D SystemServerTiming: ssm.onStartUser-0_com.android.server.compat.overrides.AppCompatOverridesService$Lifecycle
01-08 18:41:13.984  1223  1223 D SystemServerTiming: ssm.onStartUser-0_com.android.server.derp.ParallelSpaceManagerService
01-08 18:41:13.984  1223  1223 D SystemServerTiming: startPersistentApps
01-08 18:41:13.985  1223  1223 D CompatibilityChangeReporter: Compat change id reported: 135634846; UID 1068; state: DISABLED
01-08 18:41:13.986  1223  1270 W ActivityManager: com.android.se inode == 0 (b/152760674)
01-08 18:41:13.986  1223  1270 W ActivityManager: com.google.android.gms inode == 0 (b/152760674)
01-08 18:41:13.986  1223  1223 D CompatibilityChangeReporter: Compat change id reported: 135634846; UID 1001; state: DISABLED
01-08 18:41:13.986  1223  1223 D CompatibilityChangeReporter: Compat change id reported: 177438394; UID 1001; state: DISABLED
01-08 18:41:13.986  1223  1223 D CompatibilityChangeReporter: Compat change id reported: 135772972; UID 1001; state: DISABLED
01-08 18:41:13.986  1223  1223 D CompatibilityChangeReporter: Compat change id reported: 135754954; UID 1001; state: ENABLED
01-08 18:41:13.986  1223  1223 D SystemServerTiming: startHomeOnAllDisplays
01-08 18:41:13.988  1223  1223 I ActivityTaskManager: START u0 {act=android.intent.action.MAIN cat=[android.intent.category.HOME] flg=0x10000100 cmp=com.google.android.setupwizard/.SetupWizardActivity (has extras)} from uid 0
01-08 18:41:13.989  1223  1223 D CompatibilityChangeReporter: Compat change id reported: 265464455; UID 10459; state: DISABLED
01-08 18:41:13.989  1223  1223 D CompatibilityChangeReporter: Compat change id reported: 265452344; UID 10459; state: DISABLED
01-08 18:41:13.989  1223  1223 D CompatibilityChangeReporter: Compat change id reported: 266124927; UID 10459; state: DISABLED
01-08 18:41:13.989  1223  1223 D CompatibilityChangeReporter: Compat change id reported: 265451093; UID 10459; state: DISABLED
01-08 18:41:13.989  1223  1223 D CompatibilityChangeReporter: Compat change id reported: 265456536; UID 10459; state: DISABLED
01-08 18:41:13.990  1223  1223 D CompatibilityChangeReporter: Compat change id reported: 255940284; UID 10459; state: DISABLED
01-08 18:41:13.990  1223  1223 D CompatibilityChangeReporter: Compat change id reported: 236283604; UID 10459; state: DISABLED
01-08 18:41:13.990  1223  1223 D CompatibilityChangeReporter: Compat change id reported: 263959004; UID 10459; state: DISABLED
01-08 18:41:13.990  1223  1223 D CompatibilityChangeReporter: Compat change id reported: 264304459; UID 10459; state: DISABLED
01-08 18:41:13.990  1223  1223 D CompatibilityChangeReporter: Compat change id reported: 264301586; UID 10459; state: DISABLED
01-08 18:41:13.990  1223  1223 D CompatibilityChangeReporter: Compat change id reported: 254631730; UID 10459; state: DISABLED
01-08 18:41:13.990  1223  1223 D CompatibilityChangeReporter: Compat change id reported: 273509367; UID 10459; state: DISABLED
01-08 18:41:13.990  1223  1223 D CompatibilityChangeReporter: Compat change id reported: 263259275; UID 10459; state: DISABLED
01-08 18:41:13.994  1223  1223 D CompatibilityChangeReporter: Compat change id reported: 184838306; UID 10459; state: DISABLED
01-08 18:41:13.994  1223  1223 D CompatibilityChangeReporter: Compat change id reported: 185004937; UID 10459; state: DISABLED
01-08 18:41:13.994  1223  1223 D CompatibilityChangeReporter: Compat change id reported: 181136395; UID 10459; state: DISABLED
01-08 18:41:13.994  1223  1223 D CompatibilityChangeReporter: Compat change id reported: 174042936; UID 10459; state: DISABLED
01-08 18:41:13.994  1223  1223 D CompatibilityChangeReporter: Compat change id reported: 174042980; UID 10459; state: DISABLED
01-08 18:41:13.995  1223  1223 D CompatibilityChangeReporter: Compat change id reported: 194480991; UID 10459; state: ENABLED
01-08 18:41:14.002  1223  1223 D CompatibilityChangeReporter: Compat change id reported: 197654537; UID 10459; state: ENABLED
01-08 18:41:14.007  1223  1223 D SystemServerTiming: showSystemReadyErrorDialogs
01-08 18:41:14.059  1223  1223 D SystemServerTiming: sendUserStartBroadcast
01-08 18:41:14.059  1223  1223 D SystemServerTiming: resumeTopActivities
01-08 18:41:14.060  1223  1223 D SystemServerTiming: sendUserSwitchBroadcasts
01-08 18:41:14.060  1223  1223 D SystemServerTiming: setBinderProxies
01-08 18:41:14.060  1223  1223 D SystemServerTiming: componentAlias
01-08 18:41:14.061  1223  1223 D ComponentAliasResolver: Compat listener set.
01-08 18:41:14.061  1223  1223 D SystemServerTiming: StartSystemUI
01-08 18:41:14.062  1223  1270 W ActivityManager: Slow operation: 77ms so far, now at startProcess: done updating battery stats
01-08 18:41:14.062  1223  1270 W ActivityManager: Slow operation: 77ms so far, now at startProcess: building log message
01-08 18:41:14.062  1223  1270 I ActivityManager: Start proc 2443:com.android.se/1068 for added application com.android.se
01-08 18:41:14.062  1223  1270 W ActivityManager: Slow operation: 77ms so far, now at startProcess: starting to update pids map
01-08 18:41:14.062  1223  1270 W ActivityManager: Slow operation: 78ms so far, now at startProcess: done updating pids map
01-08 18:41:14.062  1223  1270 W ActivityManager: Slow operation: 77ms so far, now at startProcess: asking zygote to start proc
01-08 18:41:14.062  1223  1270 W ActivityManager: com.android.providers.telephony inode == 0 (b/152760674)
01-08 18:41:14.062  1223  1270 W ActivityManager: com.google.android.gms inode == 0 (b/152760674)
01-08 18:41:14.063  1223  1262 D CompatibilityChangeReporter: Compat change id reported: 135634846; UID 10459; state: DISABLED
01-08 18:41:14.063  1223  1262 D CompatibilityChangeReporter: Compat change id reported: 177438394; UID 10459; state: DISABLED
01-08 18:41:14.063  1223  1262 D CompatibilityChangeReporter: Compat change id reported: 135772972; UID 10459; state: DISABLED
01-08 18:41:14.063  1223  1262 D CompatibilityChangeReporter: Compat change id reported: 135754954; UID 10459; state: ENABLED
01-08 18:41:14.064  1223  2082 D CompatibilityChangeReporter: Compat change id reported: 168419799; UID 1068; state: DISABLED
01-08 18:41:14.064  1223  2082 D CompatibilityChangeReporter: Compat change id reported: 273564678; UID 1068; state: DISABLED
01-08 18:41:14.069  1223  1270 W ActivityManager: Slow operation: 84ms so far, now at startProcess: returned from zygote!
01-08 18:41:14.077  1223  1270 W ActivityManager: Slow operation: 91ms so far, now at startProcess: done updating battery stats
01-08 18:41:14.077  1223  1270 I Watchdog: Interesting Java process com.android.phone started. Pid 2458
01-08 18:41:14.077  1223  1270 W ActivityManager: Slow operation: 91ms so far, now at startProcess: building log message
01-08 18:41:14.077  1223  1270 I ActivityManager: Start proc 2458:com.android.phone/1001 for added application com.android.phone
01-08 18:41:14.077  1223  1270 W ActivityManager: Slow operation: 91ms so far, now at startProcess: starting to update pids map
01-08 18:41:14.077  1223  1270 W ActivityManager: Slow operation: 92ms so far, now at startProcess: done updating pids map
01-08 18:41:14.078  1223  1270 D CompatibilityChangeReporter: Compat change id reported: 143937733; UID 10459; state: ENABLED
01-08 18:41:14.078  1223  1270 W ActivityManager: com.google.android.setupwizard inode == 0 (b/152760674)
01-08 18:41:14.078  1223  1270 W ActivityManager: com.google.android.gms inode == 0 (b/152760674)
01-08 18:41:14.079  1223  1223 D CompatibilityChangeReporter: Compat change id reported: 168419799; UID 10499; state: DISABLED
01-08 18:41:14.079  1223  1223 D CompatibilityChangeReporter: Compat change id reported: 273564678; UID 10499; state: DISABLED
01-08 18:41:14.080  1223  1324 D CompatibilityChangeReporter: Compat change id reported: 218533173; UID 10038; state: ENABLED
01-08 18:41:14.080  1223  1324 D CompatibilityChangeReporter: Compat change id reported: 218533173; UID 10138; state: ENABLED
01-08 18:41:14.080  1223  1324 D CompatibilityChangeReporter: Compat change id reported: 218533173; UID 10305; state: ENABLED
01-08 18:41:14.080  1223  1324 D CompatibilityChangeReporter: Compat change id reported: 218533173; UID 10031; state: ENABLED
01-08 18:41:14.080  1223  1324 D CompatibilityChangeReporter: Compat change id reported: 218533173; UID 10205; state: ENABLED
01-08 18:41:14.081  1223  1324 D CompatibilityChangeReporter: Compat change id reported: 218533173; UID 10512; state: DISABLED
01-08 18:41:14.082  1223  1223 D SystemServerTiming: startApexServices
01-08 18:41:14.082  1223  1223 D SystemServerTiming: starting com.android.server.scheduling.RebootReadinessManagerService$Lifecycle
01-08 18:41:14.083  1223  1223 I SystemServiceManager: Starting com.android.server.scheduling.RebootReadinessManagerService$Lifecycle
01-08 18:41:14.083  1223  1223 I SystemServiceManager: Not starting an already started service com.android.server.scheduling.RebootReadinessManagerService$Lifecycle
01-08 18:41:14.083  1223  1324 D CompatibilityChangeReporter: Compat change id reported: 218533173; UID 10288; state: ENABLED
01-08 18:41:14.083  1223  1324 D CompatibilityChangeReporter: Compat change id reported: 218533173; UID 10146; state: ENABLED
01-08 18:41:14.084  1223  1324 D CompatibilityChangeReporter: Compat change id reported: 218533173; UID 10149; state: ENABLED
01-08 18:41:14.084  1223  1324 D CompatibilityChangeReporter: Compat change id reported: 218533173; UID 10183; state: ENABLED
01-08 18:41:14.084  1223  1324 D CompatibilityChangeReporter: Compat change id reported: 218533173; UID 10518; state: ENABLED
01-08 18:41:14.084  1223  1324 D CompatibilityChangeReporter: Compat change id reported: 218533173; UID 10136; state: ENABLED
01-08 18:41:14.085  1223  1324 D CompatibilityChangeReporter: Compat change id reported: 218533173; UID 10360; state: ENABLED
01-08 18:41:14.085  1223  1324 D CompatibilityChangeReporter: Compat change id reported: 218533173; UID 10516; state: ENABLED
01-08 18:41:14.085  1223  1324 D CompatibilityChangeReporter: Compat change id reported: 218533173; UID 10303; state: ENABLED
01-08 18:41:14.085  1223  1324 D CompatibilityChangeReporter: Compat change id reported: 218533173; UID 10214; state: ENABLED
01-08 18:41:14.085  1223  1223 W Looper  : Slow delivery took 67096ms main h=android.app.PropertyInvalidatedCache$AutoCorker$1 c=null m=0
01-08 18:41:14.085  1223  1324 D CompatibilityChangeReporter: Compat change id reported: 218533173; UID 10137; state: ENABLED
01-08 18:41:14.085  1223  1324 D CompatibilityChangeReporter: Compat change id reported: 218533173; UID 10339; state: ENABLED
01-08 18:41:14.085  1223  1324 D CompatibilityChangeReporter: Compat change id reported: 218533173; UID 10340; state: ENABLED
01-08 18:41:14.086  1223  1324 D CompatibilityChangeReporter: Compat change id reported: 218533173; UID 10342; state: ENABLED
01-08 18:41:14.086  1223  1324 D CompatibilityChangeReporter: Compat change id reported: 218533173; UID 10040; state: ENABLED
01-08 18:41:14.086  1223  1324 D CompatibilityChangeReporter: Compat change id reported: 218533173; UID 10350; state: ENABLED
01-08 18:41:14.086  1223  1324 D CompatibilityChangeReporter: Compat change id reported: 218533173; UID 10259; state: ENABLED
01-08 18:41:14.086  1223  1324 D CompatibilityChangeReporter: Compat change id reported: 218533173; UID 10289; state: ENABLED
01-08 18:41:14.086  1223  1324 D CompatibilityChangeReporter: Compat change id reported: 171306433; UID 10461; state: ENABLED
01-08 18:41:14.087  1223  1324 D CompatibilityChangeReporter: Compat change id reported: 226439802; UID 10461; state: DISABLED
01-08 18:41:14.087  1223  1324 D CompatibilityChangeReporter: Compat change id reported: 218533173; UID 10410; state: ENABLED
01-08 18:41:14.087  1223  1324 D CompatibilityChangeReporter: Compat change id reported: 218533173; UID 10377; state: ENABLED
01-08 18:41:14.087  1223  1324 D CompatibilityChangeReporter: Compat change id reported: 218533173; UID 10044; state: ENABLED
01-08 18:41:14.087  1223  1324 D CompatibilityChangeReporter: Compat change id reported: 218533173; UID 10047; state: ENABLED
01-08 18:41:14.088  1223  1324 D CompatibilityChangeReporter: Compat change id reported: 218533173; UID 10412; state: ENABLED
01-08 18:41:14.090  1223  1324 D CompatibilityChangeReporter: Compat change id reported: 218533173; UID 10175; state: ENABLED
01-08 18:41:14.091  1223  1324 D CompatibilityChangeReporter: Compat change id reported: 218533173; UID 10280; state: ENABLED
01-08 18:41:14.091  1223  1324 D CompatibilityChangeReporter: Compat change id reported: 218533173; UID 10245; state: ENABLED
01-08 18:41:14.092  1223  1324 D CompatibilityChangeReporter: Compat change id reported: 218533173; UID 10294; state: ENABLED
01-08 18:41:14.092  1223  1270 I ActivityManager: Start proc 2464:com.google.android.setupwizard/u0a459 for top-activity {com.google.android.setupwizard/com.google.android.setupwizard.SetupWizardActivity}
01-08 18:41:14.092  1223  1324 D CompatibilityChangeReporter: Compat change id reported: 218533173; UID 10443; state: ENABLED
01-08 18:41:14.093  1223  1324 D CompatibilityChangeReporter: Compat change id reported: 218533173; UID 10316; state: ENABLED
01-08 18:41:14.095  1223  1324 D CompatibilityChangeReporter: Compat change id reported: 218533173; UID 10372; state: ENABLED
01-08 18:41:14.096  1223  1324 D CompatibilityChangeReporter: Compat change id reported: 218533173; UID 10428; state: ENABLED
01-08 18:41:14.096  1223  1324 D CompatibilityChangeReporter: Compat change id reported: 218533173; UID 10080; state: ENABLED
01-08 18:41:14.098  1223  1324 D CompatibilityChangeReporter: Compat change id reported: 218533173; UID 10315; state: ENABLED
01-08 18:41:14.099  1223  1324 D CompatibilityChangeReporter: Compat change id reported: 218533173; UID 10299; state: ENABLED
01-08 18:41:14.099  1223  1324 D CompatibilityChangeReporter: Compat change id reported: 218533173; UID 10127; state: ENABLED
01-08 18:41:14.100  1223  1324 D CompatibilityChangeReporter: Compat change id reported: 218533173; UID 10187; state: ENABLED
01-08 18:41:14.100  1223  1324 D CompatibilityChangeReporter: Compat change id reported: 218533173; UID 10277; state: ENABLED
01-08 18:41:14.101  1223  1324 D CompatibilityChangeReporter: Compat change id reported: 218533173; UID 10140; state: ENABLED
01-08 18:41:14.101  1223  1324 D CompatibilityChangeReporter: Compat change id reported: 218533173; UID 10075; state: ENABLED
01-08 18:41:14.102  1223  1324 D CompatibilityChangeReporter: Compat change id reported: 218533173; UID 10234; state: ENABLED
01-08 18:41:14.102  1223  1324 D CompatibilityChangeReporter: Compat change id reported: 171306433; UID 10502; state: ENABLED
01-08 18:41:14.102  1223  1316 D CompatibilityChangeReporter: Compat change id reported: 168419799; UID 1001; state: DISABLED
01-08 18:41:14.103  1223  1324 D CompatibilityChangeReporter: Compat change id reported: 226439802; UID 10502; state: DISABLED
01-08 18:41:14.103  1223  1316 D CompatibilityChangeReporter: Compat change id reported: 273564678; UID 1001; state: DISABLED
01-08 18:41:14.103  1223  1324 D CompatibilityChangeReporter: Compat change id reported: 218533173; UID 10270; state: ENABLED
01-08 18:41:14.103  1223  1223 D CompatibilityChangeReporter: Compat change id reported: 194532703; UID 1000; state: ENABLED
01-08 18:41:14.103  1223  1223 D CompatibilityChangeReporter: Compat change id reported: 194532703; UID 1000; state: DISABLED
01-08 18:41:14.103  1223  1324 D CompatibilityChangeReporter: Compat change id reported: 218533173; UID 10051; state: ENABLED
01-08 18:41:14.104  1223  1259 W QuotaTracker: Alarm not scheduled because boot isn't completed
01-08 18:41:14.104  1223  1324 D CompatibilityChangeReporter: Compat change id reported: 218533173; UID 10263; state: ENABLED
01-08 18:41:14.105  1223  1324 D CompatibilityChangeReporter: Compat change id reported: 218533173; UID 10297; state: ENABLED
01-08 18:41:14.106  1223  1324 D CompatibilityChangeReporter: Compat change id reported: 218533173; UID 10253; state: ENABLED
01-08 18:41:14.107  1223  1324 D CompatibilityChangeReporter: Compat change id reported: 218533173; UID 10359; state: ENABLED
01-08 18:41:14.107  1223  1324 D CompatibilityChangeReporter: Compat change id reported: 218533173; UID 10185; state: ENABLED
01-08 18:41:14.108  1223  1324 D CompatibilityChangeReporter: Compat change id reported: 218533173; UID 10030; state: ENABLED
01-08 18:41:14.109  1223  1324 D CompatibilityChangeReporter: Compat change id reported: 218533173; UID 10190; state: ENABLED
01-08 18:41:14.109  1223  1324 D CompatibilityChangeReporter: Compat change id reported: 218533173; UID 10400; state: ENABLED
01-08 18:41:14.110  1223  1324 D CompatibilityChangeReporter: Compat change id reported: 218533173; UID 10027; state: ENABLED
01-08 18:41:14.110  1223  1324 D CompatibilityChangeReporter: Compat change id reported: 218533173; UID 10363; state: ENABLED
01-08 18:41:14.111  1223  1324 D CompatibilityChangeReporter: Compat change id reported: 218533173; UID 10096; state: ENABLED
01-08 18:41:14.112  1223  1324 D CompatibilityChangeReporter: Compat change id reported: 218533173; UID 10422; state: ENABLED
01-08 18:41:14.112  1223  1324 D CompatibilityChangeReporter: Compat change id reported: 218533173; UID 10089; state: ENABLED
01-08 18:41:14.113  1223  1324 D CompatibilityChangeReporter: Compat change id reported: 218533173; UID 10255; state: ENABLED
01-08 18:41:14.113  1223  1324 D CompatibilityChangeReporter: Compat change id reported: 218533173; UID 10063; state: ENABLED
01-08 18:41:14.114  1223  1324 D CompatibilityChangeReporter: Compat change id reported: 218533173; UID 10157; state: ENABLED
01-08 18:41:14.115  1223  1324 D CompatibilityChangeReporter: Compat change id reported: 218533173; UID 10427; state: ENABLED
01-08 18:41:14.116  1223  1324 D CompatibilityChangeReporter: Compat change id reported: 218533173; UID 10163; state: ENABLED
01-08 18:41:14.116  1223  1324 D CompatibilityChangeReporter: Compat change id reported: 218533173; UID 10126; state: ENABLED
01-08 18:41:14.117  1223  1324 D CompatibilityChangeReporter: Compat change id reported: 218533173; UID 10367; state: ENABLED
01-08 18:41:14.117  1223  1324 D CompatibilityChangeReporter: Compat change id reported: 218533173; UID 10319; state: ENABLED
01-08 18:41:14.118  1223  1324 D CompatibilityChangeReporter: Compat change id reported: 218533173; UID 10164; state: ENABLED
01-08 18:41:14.118  1223  1324 D CompatibilityChangeReporter: Compat change id reported: 218533173; UID 10168; state: ENABLED
01-08 18:41:14.119  1223  1324 D CompatibilityChangeReporter: Compat change id reported: 218533173; UID 10059; state: ENABLED
01-08 18:41:14.119  1223  1324 D CompatibilityChangeReporter: Compat change id reported: 218533173; UID 10120; state: ENABLED
01-08 18:41:14.119  1223  1324 D CompatibilityChangeReporter: Compat change id reported: 218533173; UID 10182; state: ENABLED
01-08 18:41:14.120  1223  1324 D CompatibilityChangeReporter: Compat change id reported: 218533173; UID 10260; state: ENABLED
01-08 18:41:14.121  1223  1324 D CompatibilityChangeReporter: Compat change id reported: 218533173; UID 10020; state: ENABLED
01-08 18:41:14.121  1223  1316 D CompatibilityChangeReporter: Compat change id reported: 168419799; UID 10459; state: DISABLED
01-08 18:41:14.121  1223  1324 D CompatibilityChangeReporter: Compat change id reported: 171306433; UID 10450; state: ENABLED
01-08 18:41:14.121  1223  1316 D CompatibilityChangeReporter: Compat change id reported: 273564678; UID 10459; state: DISABLED
01-08 18:41:14.122  1223  1324 D CompatibilityChangeReporter: Compat change id reported: 226439802; UID 10450; state: DISABLED
01-08 18:41:14.122  1223  1324 D CompatibilityChangeReporter: Compat change id reported: 218533173; UID 10165; state: ENABLED
01-08 18:41:14.122  1223  1324 D CompatibilityChangeReporter: Compat change id reported: 218533173; UID 10166; state: ENABLED
01-08 18:41:14.124  1223  1324 D CompatibilityChangeReporter: Compat change id reported: 218533173; UID 10480; state: ENABLED
01-08 18:41:14.126  1223  1324 D CompatibilityChangeReporter: Compat change id reported: 218533173; UID 10267; state: ENABLED
01-08 18:41:14.126  1223  1324 D CompatibilityChangeReporter: Compat change id reported: 218533173; UID 10304; state: ENABLED
01-08 18:41:14.126  1223  1316 D CompatibilityChangeReporter: Compat change id reported: 181136395; UID 10459; state: DISABLED
01-08 18:41:14.127  1223  1324 D CompatibilityChangeReporter: Compat change id reported: 218533173; UID 10095; state: ENABLED
01-08 18:41:14.127  1223  1324 D CompatibilityChangeReporter: Compat change id reported: 218533173; UID 10281; state: ENABLED
01-08 18:41:14.128  1223  1316 D CompatibilityChangeReporter: Compat change id reported: 174042936; UID 10459; state: DISABLED
01-08 18:41:14.128  1223  1316 D CompatibilityChangeReporter: Compat change id reported: 174042980; UID 10459; state: DISABLED
01-08 18:41:14.129  1223  1324 D CompatibilityChangeReporter: Compat change id reported: 218533173; UID 10072; state: ENABLED
01-08 18:41:14.129  1223  1324 D CompatibilityChangeReporter: Compat change id reported: 218533173; UID 10131; state: ENABLED
01-08 18:41:14.129  1223  1324 D CompatibilityChangeReporter: Compat change id reported: 218533173; UID 10034; state: ENABLED
01-08 18:41:14.131  1223  1324 D CompatibilityChangeReporter: Compat change id reported: 218533173; UID 10121; state: ENABLED
01-08 18:41:14.131  1223  1324 D CompatibilityChangeReporter: Compat change id reported: 218533173; UID 10125; state: ENABLED
01-08 18:41:14.132  1223  1324 D CompatibilityChangeReporter: Compat change id reported: 218533173; UID 10035; state: ENABLED
01-08 18:41:14.132  1223  1324 D CompatibilityChangeReporter: Compat change id reported: 218533173; UID 10218; state: ENABLED
01-08 18:41:14.133  1223  1324 D CompatibilityChangeReporter: Compat change id reported: 218533173; UID 10017; state: ENABLED
01-08 18:41:14.133  1223  1324 D CompatibilityChangeReporter: Compat change id reported: 218533173; UID 10278; state: ENABLED
01-08 18:41:14.134  1223  1324 D CompatibilityChangeReporter: Compat change id reported: 218533173; UID 10056; state: ENABLED
01-08 18:41:14.134  1223  1324 D CompatibilityChangeReporter: Compat change id reported: 218533173; UID 10061; state: ENABLED
01-08 18:41:14.135  1223  1324 D CompatibilityChangeReporter: Compat change id reported: 218533173; UID 10444; state: ENABLED
01-08 18:41:14.135  1223  1324 D CompatibilityChangeReporter: Compat change id reported: 218533173; UID 10100; state: ENABLED
01-08 18:41:14.135  1223  1324 D CompatibilityChangeReporter: Compat change id reported: 218533173; UID 10014; state: ENABLED
01-08 18:41:14.135  1223  1324 D CompatibilityChangeReporter: Compat change id reported: 218533173; UID 10133; state: ENABLED
01-08 18:41:14.135  1223  1324 D CompatibilityChangeReporter: Compat change id reported: 218533173; UID 10022; state: ENABLED
01-08 18:41:14.136  1223  1324 D CompatibilityChangeReporter: Compat change id reported: 218533173; UID 10320; state: ENABLED
01-08 18:41:14.136  1223  1324 D CompatibilityChangeReporter: Compat change id reported: 218533173; UID 10088; state: ENABLED
01-08 18:41:14.136  1223  1324 D CompatibilityChangeReporter: Compat change id reported: 218533173; UID 10264; state: ENABLED
01-08 18:41:14.136  1223  2082 D CompatibilityChangeReporter: Compat change id reported: 168419799; UID 1068; state: DISABLED
01-08 18:41:14.136  1223  1324 D CompatibilityChangeReporter: Compat change id reported: 218533173; UID 10221; state: ENABLED
01-08 18:41:14.136  1223  1324 D CompatibilityChangeReporter: Compat change id reported: 218533173; UID 10396; state: ENABLED
01-08 18:41:14.136  1223  2082 D CompatibilityChangeReporter: Compat change id reported: 273564678; UID 1068; state: DISABLED
01-08 18:41:14.136  1223  1324 D CompatibilityChangeReporter: Compat change id reported: 171306433; UID 10454; state: ENABLED
01-08 18:41:14.136  1223  1324 D CompatibilityChangeReporter: Compat change id reported: 226439802; UID 10454; state: DISABLED
01-08 18:41:14.137  1223  1324 D CompatibilityChangeReporter: Compat change id reported: 218533173; UID 10485; state: ENABLED
01-08 18:41:14.137  1223  1324 D CompatibilityChangeReporter: Compat change id reported: 218533173; UID 10335; state: ENABLED
01-08 18:41:14.137  1223  1324 D CompatibilityChangeReporter: Compat change id reported: 218533173; UID 10488; state: ENABLED
01-08 18:41:14.137  1223  1324 D CompatibilityChangeReporter: Compat change id reported: 218533173; UID 10489; state: ENABLED
01-08 18:41:14.137  1223  2148 D CoreBackPreview: Window{bec257e u0 ScreenDecorOverlay}: Setting back callback OnBackInvokedCallbackInfo{mCallback=android.window.IOnBackInvokedCallback$Stub$Proxy@c01432c, mPriority=0}
01-08 18:41:14.138  1223  1324 D CompatibilityChangeReporter: Compat change id reported: 218533173; UID 10483; state: ENABLED
01-08 18:41:14.138  1223  1324 D CompatibilityChangeReporter: Compat change id reported: 218533173; UID 10510; state: DISABLED
01-08 18:41:14.139  1223  1324 D CompatibilityChangeReporter: Compat change id reported: 218533173; UID 10462; state: DISABLED
01-08 18:41:14.139  1223  1324 D CompatibilityChangeReporter: Compat change id reported: 218533173; UID 10431; state: ENABLED
01-08 18:41:14.139  1223  1324 D CompatibilityChangeReporter: Compat change id reported: 218533173; UID 10065; state: ENABLED
01-08 18:41:14.140  1223  1324 D CompatibilityChangeReporter: Compat change id reported: 218533173; UID 10433; state: ENABLED
01-08 18:41:14.140  1223  1324 D CompatibilityChangeReporter: Compat change id reported: 218533173; UID 10181; state: ENABLED
01-08 18:41:14.140  1223  1324 D CompatibilityChangeReporter: Compat change id reported: 218533173; UID 10256; state: ENABLED
01-08 18:41:14.140  1223  1324 D CompatibilityChangeReporter: Compat change id reported: 218533173; UID 10341; state: ENABLED
01-08 18:41:14.140  1223  1324 D CompatibilityChangeReporter: Compat change id reported: 218533173; UID 10213; state: ENABLED
01-08 18:41:14.140  1223  1324 D CompatibilityChangeReporter: Compat change id reported: 218533173; UID 10503; state: ENABLED
01-08 18:41:14.140  1223  1324 D CompatibilityChangeReporter: Compat change id reported: 218533173; UID 10066; state: ENABLED
01-08 18:41:14.141  1223  1324 D CompatibilityChangeReporter: Compat change id reported: 218533173; UID 10139; state: ENABLED
01-08 18:41:14.141  1223  1324 D CompatibilityChangeReporter: Compat change id reported: 218533173; UID 10141; state: ENABLED
01-08 18:41:14.141  1223  1324 D CompatibilityChangeReporter: Compat change id reported: 218533173; UID 10143; state: ENABLED
01-08 18:41:14.141  1223  1324 D CompatibilityChangeReporter: Compat change id reported: 218533173; UID 10368; state: ENABLED
01-08 18:41:14.141  1223  1324 D CompatibilityChangeReporter: Compat change id reported: 218533173; UID 10325; state: ENABLED
01-08 18:41:14.141  1223  1324 D CompatibilityChangeReporter: Compat change id reported: 218533173; UID 10159; state: ENABLED
01-08 18:41:14.141  1223  1324 D CompatibilityChangeReporter: Compat change id reported: 218533173; UID 10317; state: ENABLED
01-08 18:41:14.142  1223  1324 D CompatibilityChangeReporter: Compat change id reported: 218533173; UID 10476; state: DISABLED
01-08 18:41:14.142  1223  1324 D CompatibilityChangeReporter: Compat change id reported: 218533173; UID 10438; state: ENABLED
01-08 18:41:14.142  1223  1324 D CompatibilityChangeReporter: Compat change id reported: 218533173; UID 10491; state: ENABLED
01-08 18:41:14.142  1223  1324 D CompatibilityChangeReporter: Compat change id reported: 218533173; UID 10473; state: ENABLED
01-08 18:41:14.143  1223  1324 D CompatibilityChangeReporter: Compat change id reported: 218533173; UID 10064; state: ENABLED
01-08 18:41:14.143  1223  1324 D CompatibilityChangeReporter: Compat change id reported: 218533173; UID 10251; state: ENABLED
01-08 18:41:14.143  1223  1324 D CompatibilityChangeReporter: Compat change id reported: 218533173; UID 10311; state: ENABLED
01-08 18:41:14.143  1223  1324 D CompatibilityChangeReporter: Compat change id reported: 218533173; UID 10050; state: ENABLED
01-08 18:41:14.143  1223  1324 D CompatibilityChangeReporter: Compat change id reported: 218533173; UID 10045; state: ENABLED
01-08 18:41:14.143  1223  1324 D CompatibilityChangeReporter: Compat change id reported: 218533173; UID 10509; state: ENABLED
01-08 18:41:14.143  1223  1324 D CompatibilityChangeReporter: Compat change id reported: 218533173; UID 10069; state: ENABLED
01-08 18:41:14.144  1223  1324 D CompatibilityChangeReporter: Compat change id reported: 218533173; UID 10228; state: DISABLED
01-08 18:41:14.144  1223  1324 D CompatibilityChangeReporter: Compat change id reported: 218533173; UID 10230; state: DISABLED
01-08 18:41:14.144  1223  1324 D CompatibilityChangeReporter: Compat change id reported: 218533173; UID 10229; state: DISABLED
01-08 18:41:14.144  1223  1324 D CompatibilityChangeReporter: Compat change id reported: 218533173; UID 10227; state: DISABLED
01-08 18:41:14.144  1223  1324 D CompatibilityChangeReporter: Compat change id reported: 218533173; UID 10226; state: DISABLED
01-08 18:41:14.144  1223  1324 D CompatibilityChangeReporter: Compat change id reported: 218533173; UID 10009; state: ENABLED
01-08 18:41:14.145  1223  1324 D CompatibilityChangeReporter: Compat change id reported: 218533173; UID 10147; state: ENABLED
01-08 18:41:14.145  1223  1324 D CompatibilityChangeReporter: Compat change id reported: 218533173; UID 10222; state: ENABLED
01-08 18:41:14.145  1223  1324 D CompatibilityChangeReporter: Compat change id reported: 218533173; UID 10307; state: ENABLED
01-08 18:41:14.145  1223  1324 D CompatibilityChangeReporter: Compat change id reported: 218533173; UID 10074; state: ENABLED
01-08 18:41:14.145  1223  1324 D CompatibilityChangeReporter: Compat change id reported: 218533173; UID 10232; state: ENABLED
01-08 18:41:14.145  1223  1324 D CompatibilityChangeReporter: Compat change id reported: 171306433; UID 10494; state: ENABLED
01-08 18:41:14.145  1223  1324 D CompatibilityChangeReporter: Compat change id reported: 226439802; UID 10494; state: DISABLED
01-08 18:41:14.145  1223  1324 D CompatibilityChangeReporter: Compat change id reported: 218533173; UID 10268; state: ENABLED
01-08 18:41:14.146  1223  1324 D CompatibilityChangeReporter: Compat change id reported: 218533173; UID 10192; state: ENABLED
01-08 18:41:14.146  1223  1324 D CompatibilityChangeReporter: Compat change id reported: 218533173; UID 10151; state: ENABLED
01-08 18:41:14.146  1223  1324 D CompatibilityChangeReporter: Compat change id reported: 218533173; UID 10380; state: ENABLED
01-08 18:41:14.146  1223  2148 D CoreBackPreview: Window{f96f6d7 u0 ScreenDecorOverlayBottom}: Setting back callback OnBackInvokedCallbackInfo{mCallback=android.window.IOnBackInvokedCallback$Stub$Proxy@10191e2, mPriority=0}
01-08 18:41:14.146  1223  1324 D CompatibilityChangeReporter: Compat change id reported: 218533173; UID 10249; state: ENABLED
01-08 18:41:14.146  1223  1324 D CompatibilityChangeReporter: Compat change id reported: 218533173; UID 10087; state: ENABLED
01-08 18:41:14.147  1223  1324 D CompatibilityChangeReporter: Compat change id reported: 218533173; UID 10180; state: ENABLED
01-08 18:41:14.147  1223  1324 D CompatibilityChangeReporter: Compat change id reported: 218533173; UID 10291; state: ENABLED
01-08 18:41:14.147  1223  1324 D CompatibilityChangeReporter: Compat change id reported: 218533173; UID 10231; state: ENABLED
01-08 18:41:14.147  1223  1324 D CompatibilityChangeReporter: Compat change id reported: 218533173; UID 10432; state: ENABLED
01-08 18:41:14.147  1223  1324 D CompatibilityChangeReporter: Compat change id reported: 218533173; UID 10496; state: ENABLED
01-08 18:41:14.148  1223  1324 D CompatibilityChangeReporter: Compat change id reported: 218533173; UID 10098; state: ENABLED
01-08 18:41:14.148  1223  1324 D CompatibilityChangeReporter: Compat change id reported: 218533173; UID 10148; state: ENABLED
01-08 18:41:14.148  1223  1324 D CompatibilityChangeReporter: Compat change id reported: 218533173; UID 10033; state: ENABLED
01-08 18:41:14.148  1223  1324 D CompatibilityChangeReporter: Compat change id reported: 218533173; UID 10176; state: ENABLED
01-08 18:41:14.148  1223  1324 D CompatibilityChangeReporter: Compat change id reported: 218533173; UID 10179; state: ENABLED
01-08 18:41:14.148  1223  1324 D CompatibilityChangeReporter: Compat change id reported: 218533173; UID 10189; state: ENABLED
01-08 18:41:14.148  1223  1324 D CompatibilityChangeReporter: Compat change id reported: 218533173; UID 10416; state: ENABLED
01-08 18:41:14.149  1223  1324 D CompatibilityChangeReporter: Compat change id reported: 218533173; UID 10173; state: ENABLED
01-08 18:41:14.149  1223  1324 D CompatibilityChangeReporter: Compat change id reported: 218533173; UID 10102; state: ENABLED
01-08 18:41:14.149  1223  1324 D CompatibilityChangeReporter: Compat change id reported: 218533173; UID 10153; state: ENABLED
01-08 18:41:14.149  1223  1324 D CompatibilityChangeReporter: Compat change id reported: 218533173; UID 10321; state: ENABLED
01-08 18:41:14.149  1223  1324 D CompatibilityChangeReporter: Compat change id reported: 218533173; UID 10481; state: ENABLED
01-08 18:41:14.149  1223  1324 D CompatibilityChangeReporter: Compat change id reported: 218533173; UID 10310; state: ENABLED
01-08 18:41:14.149  1223  1324 D CompatibilityChangeReporter: Compat change id reported: 218533173; UID 10055; state: ENABLED
01-08 18:41:14.150  1223  1324 D CompatibilityChangeReporter: Compat change id reported: 218533173; UID 10005; state: ENABLED
01-08 18:41:14.150  1223  1324 D CompatibilityChangeReporter: Compat change id reported: 218533173; UID 10338; state: ENABLED
01-08 18:41:14.150  1223  1324 D CompatibilityChangeReporter: Compat change id reported: 218533173; UID 10424; state: DISABLED
01-08 18:41:14.150  1223  1324 D CompatibilityChangeReporter: Compat change id reported: 218533173; UID 10292; state: ENABLED
01-08 18:41:14.150  1223  1324 D CompatibilityChangeReporter: Compat change id reported: 218533173; UID 10279; state: ENABLED
01-08 18:41:14.150  1223  1324 D CompatibilityChangeReporter: Compat change id reported: 218533173; UID 10093; state: ENABLED
01-08 18:41:14.151  1223  1324 D CompatibilityChangeReporter: Compat change id reported: 218533173; UID 10445; state: ENABLED
01-08 18:41:14.151  1223  1324 D CompatibilityChangeReporter: Compat change id reported: 218533173; UID 10337; state: ENABLED
01-08 18:41:14.154  1223  1324 D CompatibilityChangeReporter: Compat change id reported: 218533173; UID 10150; state: ENABLED
01-08 18:41:14.155  1223  2082 D CompatibilityChangeReporter: Compat change id reported: 161145287; UID 1068; state: DISABLED
01-08 18:41:14.155  1223  1324 D CompatibilityChangeReporter: Compat change id reported: 218533173; UID 10258; state: ENABLED
01-08 18:41:14.156  1223  1324 D CompatibilityChangeReporter: Compat change id reported: 218533173; UID 10347; state: ENABLED
01-08 18:41:14.156  1223  1324 D CompatibilityChangeReporter: Compat change id reported: 218533173; UID 10330; state: ENABLED
01-08 18:41:14.156  1223  1324 D CompatibilityChangeReporter: Compat change id reported: 218533173; UID 10199; state: ENABLED
01-08 18:41:14.156  1223  1324 D CompatibilityChangeReporter: Compat change id reported: 218533173; UID 10101; state: ENABLED
01-08 18:41:14.156  1223  1324 D CompatibilityChangeReporter: Compat change id reported: 218533173; UID 10273; state: ENABLED
01-08 18:41:14.156  1223  1324 D CompatibilityChangeReporter: Compat change id reported: 218533173; UID 10156; state: ENABLED
01-08 18:41:14.157  1223  1324 D CompatibilityChangeReporter: Compat change id reported: 218533173; UID 10448; state: ENABLED
01-08 18:41:14.157  1223  1324 D CompatibilityChangeReporter: Compat change id reported: 218533173; UID 10113; state: ENABLED
01-08 18:41:14.157  1223  1324 D CompatibilityChangeReporter: Compat change id reported: 218533173; UID 10003; state: ENABLED
01-08 18:41:14.157  1223  1324 D CompatibilityChangeReporter: Compat change id reported: 218533173; UID 10000; state: ENABLED
01-08 18:41:14.157  1223  1324 D CompatibilityChangeReporter: Compat change id reported: 218533173; UID 10039; state: ENABLED
01-08 18:41:14.158  1223  1324 D CompatibilityChangeReporter: Compat change id reported: 218533173; UID 10123; state: ENABLED
01-08 18:41:14.158  1223  1324 D CompatibilityChangeReporter: Compat change id reported: 218533173; UID 10202; state: ENABLED
01-08 18:41:14.158  1223  1324 D CompatibilityChangeReporter: Compat change id reported: 218533173; UID 10313; state: ENABLED
01-08 18:41:14.159  1223  1324 D CompatibilityChangeReporter: Compat change id reported: 218533173; UID 10208; state: ENABLED
01-08 18:41:14.159  1223  1324 D CompatibilityChangeReporter: Compat change id reported: 218533173; UID 10018; state: ENABLED
01-08 18:41:14.159  1223  1324 D CompatibilityChangeReporter: Compat change id reported: 218533173; UID 10459; state: ENABLED
01-08 18:41:14.159  1223  1324 D CompatibilityChangeReporter: Compat change id reported: 218533173; UID 10285; state: ENABLED
01-08 18:41:14.159  1223  1324 D CompatibilityChangeReporter: Compat change id reported: 218533173; UID 10195; state: ENABLED
01-08 18:41:14.159  1223  1324 D CompatibilityChangeReporter: Compat change id reported: 218533173; UID 10369; state: ENABLED
01-08 18:41:14.160  1223  1324 D CompatibilityChangeReporter: Compat change id reported: 218533173; UID 10046; state: ENABLED
01-08 18:41:14.160  1223  1324 D CompatibilityChangeReporter: Compat change id reported: 218533173; UID 10393; state: ENABLED
01-08 18:41:14.160  1223  1324 D CompatibilityChangeReporter: Compat change id reported: 218533173; UID 10418; state: ENABLED
01-08 18:41:14.160  1223  1324 D CompatibilityChangeReporter: Compat change id reported: 218533173; UID 10276; state: ENABLED
01-08 18:41:14.160  1223  1324 D CompatibilityChangeReporter: Compat change id reported: 218533173; UID 10429; state: ENABLED
01-08 18:41:14.160  1223  1324 D CompatibilityChangeReporter: Compat change id reported: 218533173; UID 10132; state: ENABLED
01-08 18:41:14.161  1223  1324 D CompatibilityChangeReporter: Compat change id reported: 218533173; UID 10243; state: ENABLED
01-08 18:41:14.161  1223  1324 D CompatibilityChangeReporter: Compat change id reported: 218533173; UID 10430; state: ENABLED
01-08 18:41:14.161  1223  1324 D CompatibilityChangeReporter: Compat change id reported: 218533173; UID 10262; state: ENABLED
01-08 18:41:14.161  1223  1324 D CompatibilityChangeReporter: Compat change id reported: 218533173; UID 10495; state: ENABLED
01-08 18:41:14.161  1223  1324 D CompatibilityChangeReporter: Compat change id reported: 218533173; UID 10440; state: DISABLED
01-08 18:41:14.161  1223  1324 D CompatibilityChangeReporter: Compat change id reported: 218533173; UID 10107; state: ENABLED
01-08 18:41:14.161  1223  1324 D CompatibilityChangeReporter: Compat change id reported: 218533173; UID 10250; state: ENABLED
01-08 18:41:14.162  1223  1324 D CompatibilityChangeReporter: Compat change id reported: 218533173; UID 10206; state: ENABLED
01-08 18:41:14.162  1223  1324 D CompatibilityChangeReporter: Compat change id reported: 218533173; UID 10099; state: ENABLED
01-08 18:41:14.162  1223  1324 D CompatibilityChangeReporter: Compat change id reported: 218533173; UID 10328; state: ENABLED
01-08 18:41:14.162  1223  1324 D CompatibilityChangeReporter: Compat change id reported: 171306433; UID 10456; state: ENABLED
01-08 18:41:14.162  1223  1324 D CompatibilityChangeReporter: Compat change id reported: 226439802; UID 10456; state: DISABLED
01-08 18:41:14.163  1223  1324 D CompatibilityChangeReporter: Compat change id reported: 218533173; UID 10392; state: ENABLED
01-08 18:41:14.163  1223  1324 D CompatibilityChangeReporter: Compat change id reported: 218533173; UID 10134; state: ENABLED
01-08 18:41:14.163  1223  1324 D CompatibilityChangeReporter: Compat change id reported: 218533173; UID 10446; state: ENABLED
01-08 18:41:14.163  1223  1324 D CompatibilityChangeReporter: Compat change id reported: 218533173; UID 10254; state: ENABLED
01-08 18:41:14.163  1223  1324 D CompatibilityChangeReporter: Compat change id reported: 218533173; UID 10333; state: ENABLED
01-08 18:41:14.163  1223  1324 D CompatibilityChangeReporter: Compat change id reported: 218533173; UID 10105; state: ENABLED
01-08 18:41:14.163  1223  1324 D CompatibilityChangeReporter: Compat change id reported: 218533173; UID 10414; state: ENABLED
01-08 18:41:14.164  1223  1324 D CompatibilityChangeReporter: Compat change id reported: 171306433; UID 10457; state: ENABLED
01-08 18:41:14.164  1223  1324 D CompatibilityChangeReporter: Compat change id reported: 226439802; UID 10457; state: DISABLED
01-08 18:41:14.164  1223  1324 D CompatibilityChangeReporter: Compat change id reported: 218533173; UID 10122; state: ENABLED
01-08 18:41:14.164  1223  1324 D CompatibilityChangeReporter: Compat change id reported: 218533173; UID 10296; state: ENABLED
01-08 18:41:14.164  1223  1324 D CompatibilityChangeReporter: Compat change id reported: 218533173; UID 10463; state: ENABLED
01-08 18:41:14.165  1223  1324 D CompatibilityChangeReporter: Compat change id reported: 218533173; UID 10008; state: ENABLED
01-08 18:41:14.165  1223  1324 D CompatibilityChangeReporter: Compat change id reported: 218533173; UID 10162; state: ENABLED
01-08 18:41:14.165  1223  1324 D CompatibilityChangeReporter: Compat change id reported: 218533173; UID 10308; state: ENABLED
01-08 18:41:14.165  1223  1324 D CompatibilityChangeReporter: Compat change id reported: 218533173; UID 10239; state: ENABLED
01-08 18:41:14.165  1223  1324 D CompatibilityChangeReporter: Compat change id reported: 218533173; UID 10155; state: ENABLED
01-08 18:41:14.165  1223  1223 D CompatibilityChangeReporter: Compat change id reported: 161145287; UID 1000; state: DISABLED
01-08 18:41:14.165  1223  1324 D CompatibilityChangeReporter: Compat change id reported: 218533173; UID 10475; state: ENABLED
01-08 18:41:14.165  1223  1324 D CompatibilityChangeReporter: Compat change id reported: 218533173; UID 10257; state: ENABLED
01-08 18:41:14.165  1223  1324 D CompatibilityChangeReporter: Compat change id reported: 218533173; UID 10417; state: ENABLED
01-08 18:41:14.166  1223  1324 D CompatibilityChangeReporter: Compat change id reported: 218533173; UID 10388; state: ENABLED
01-08 18:41:14.166  1223  1324 D CompatibilityChangeReporter: Compat change id reported: 218533173; UID 10336; state: ENABLED
01-08 18:41:14.166  1223  1324 D CompatibilityChangeReporter: Compat change id reported: 218533173; UID 10223; state: ENABLED
01-08 18:41:14.166  1223  1324 D CompatibilityChangeReporter: Compat change id reported: 218533173; UID 10344; state: ENABLED
01-08 18:41:14.166  1223  1324 D CompatibilityChangeReporter: Compat change id reported: 218533173; UID 10274; state: ENABLED
01-08 18:41:14.166  1223  1324 D CompatibilityChangeReporter: Compat change id reported: 218533173; UID 10464; state: ENABLED
01-08 18:41:14.166  1223  1324 D CompatibilityChangeReporter: Compat change id reported: 218533173; UID 10001; state: ENABLED
01-08 18:41:14.167  1223  1324 D CompatibilityChangeReporter: Compat change id reported: 218533173; UID 10004; state: ENABLED
01-08 18:41:14.167  1223  1223 D ConditionProviders.SCP: onConnected
01-08 18:41:14.167  1223  1324 D CompatibilityChangeReporter: Compat change id reported: 218533173; UID 10015; state: ENABLED
01-08 18:41:14.167  1223  1316 D CompatibilityChangeReporter: Compat change id reported: 161145287; UID 1002; state: DISABLED
01-08 18:41:14.167  1223  1324 D CompatibilityChangeReporter: Compat change id reported: 218533173; UID 10467; state: ENABLED
01-08 18:41:14.167  1223  1324 D CompatibilityChangeReporter: Compat change id reported: 218533173; UID 10408; state: ENABLED
01-08 18:41:14.167  1223  1324 D CompatibilityChangeReporter: Compat change id reported: 218533173; UID 10466; state: ENABLED
01-08 18:41:14.167  1223  1324 D CompatibilityChangeReporter: Compat change id reported: 218533173; UID 10186; state: ENABLED
01-08 18:41:14.168  1223  1324 D CompatibilityChangeReporter: Compat change id reported: 218533173; UID 10298; state: ENABLED
01-08 18:41:14.168  1223  1324 D CompatibilityChangeReporter: Compat change id reported: 218533173; UID 10224; state: ENABLED
01-08 18:41:14.168  1223  1324 D CompatibilityChangeReporter: Compat change id reported: 218533173; UID 10036; state: ENABLED
01-08 18:41:14.168  1223  1324 D CompatibilityChangeReporter: Compat change id reported: 218533173; UID 10478; state: ENABLED
01-08 18:41:14.168  1223  1324 D CompatibilityChangeReporter: Compat change id reported: 218533173; UID 10114; state: ENABLED
01-08 18:41:14.168  1223  1324 D CompatibilityChangeReporter: Compat change id reported: 218533173; UID 10013; state: ENABLED
01-08 18:41:14.169  1223  1324 D CompatibilityChangeReporter: Compat change id reported: 218533173; UID 10364; state: ENABLED
01-08 18:41:14.169  1223  1324 D CompatibilityChangeReporter: Compat change id reported: 218533173; UID 10097; state: ENABLED
01-08 18:41:14.169  1223  1324 D CompatibilityChangeReporter: Compat change id reported: 218533173; UID 10351; state: ENABLED
01-08 18:41:14.170  1223  1324 D CompatibilityChangeReporter: Compat change id reported: 218533173; UID 10219; state: ENABLED
01-08 18:41:14.170  1223  1324 D CompatibilityChangeReporter: Compat change id reported: 218533173; UID 10049; state: ENABLED
01-08 18:41:14.170  1223  1324 D CompatibilityChangeReporter: Compat change id reported: 218533173; UID 10487; state: ENABLED
01-08 18:41:14.170  1223  1324 D CompatibilityChangeReporter: Compat change id reported: 218533173; UID 10188; state: ENABLED
01-08 18:41:14.170  1223  1324 D CompatibilityChangeReporter: Compat change id reported: 218533173; UID 10468; state: ENABLED
01-08 18:41:14.170  1223  1324 D CompatibilityChangeReporter: Compat change id reported: 218533173; UID 10091; state: ENABLED
01-08 18:41:14.171  1223  1324 D CompatibilityChangeReporter: Compat change id reported: 218533173; UID 10129; state: ENABLED
01-08 18:41:14.171  1223  1324 D CompatibilityChangeReporter: Compat change id reported: 218533173; UID 10058; state: ENABLED
01-08 18:41:14.172  1223  1324 D CompatibilityChangeReporter: Compat change id reported: 218533173; UID 10244; state: ENABLED
01-08 18:41:14.172  1223  1324 D CompatibilityChangeReporter: Compat change id reported: 218533173; UID 10225; state: ENABLED
01-08 18:41:14.172  1223  1241 D CompatibilityChangeReporter: Compat change id reported: 135634846; UID 10496; state: DISABLED
01-08 18:41:14.173  1223  1324 D CompatibilityChangeReporter: Compat change id reported: 218533173; UID 10415; state: ENABLED
01-08 18:41:14.173  1223  1324 D CompatibilityChangeReporter: Compat change id reported: 218533173; UID 10497; state: ENABLED
01-08 18:41:14.173  1223  1241 D CompatibilityChangeReporter: Compat change id reported: 177438394; UID 10496; state: DISABLED
01-08 18:41:14.173  1223  1324 D CompatibilityChangeReporter: Compat change id reported: 218533173; UID 10194; state: ENABLED
01-08 18:41:14.173  1223  1241 D CompatibilityChangeReporter: Compat change id reported: 135772972; UID 10496; state: DISABLED
01-08 18:41:14.173  1223  1324 D CompatibilityChangeReporter: Compat change id reported: 218533173; UID 10447; state: ENABLED
01-08 18:41:14.173  1223  1241 D CompatibilityChangeReporter: Compat change id reported: 135754954; UID 10496; state: ENABLED
01-08 18:41:14.173  1223  1324 D CompatibilityChangeReporter: Compat change id reported: 218533173; UID 10413; state: ENABLED
01-08 18:41:14.173  1223  1324 D CompatibilityChangeReporter: Compat change id reported: 218533173; UID 10474; state: ENABLED
01-08 18:41:14.174  1223  1324 D CompatibilityChangeReporter: Compat change id reported: 218533173; UID 10514; state: DISABLED
01-08 18:41:14.174  1223  1270 D CompatibilityChangeReporter: Compat change id reported: 143937733; UID 10496; state: ENABLED
01-08 18:41:14.174  1223  1324 D CompatibilityChangeReporter: Compat change id reported: 218533173; UID 10507; state: ENABLED
01-08 18:41:14.174  1223  1324 D CompatibilityChangeReporter: Compat change id reported: 218533173; UID 10060; state: ENABLED
01-08 18:41:14.174  1223  1270 W ActivityManager: com.android.launcher3 inode == 0 (b/152760674)
01-08 18:41:14.174  1223  1270 W ActivityManager: com.google.android.gms inode == 0 (b/152760674)
01-08 18:41:14.174  1223  1324 D CompatibilityChangeReporter: Compat change id reported: 218533173; UID 10079; state: ENABLED
01-08 18:41:14.174  1223  1324 D CompatibilityChangeReporter: Compat change id reported: 218533173; UID 10217; state: ENABLED
01-08 18:41:14.177  1223  1324 D CompatibilityChangeReporter: Compat change id reported: 218533173; UID 10266; state: ENABLED
01-08 18:41:14.178  1223  1324 D CompatibilityChangeReporter: Compat change id reported: 218533173; UID 10407; state: ENABLED
01-08 18:41:14.178  1223  1324 D CompatibilityChangeReporter: Compat change id reported: 218533173; UID 10455; state: ENABLED
01-08 18:41:14.179  1223  1324 D CompatibilityChangeReporter: Compat change id reported: 218533173; UID 10439; state: ENABLED
