01-08 18:41:14.179  1223  1324 D CompatibilityChangeReporter: Compat change id reported: 218533173; UID 10191; state: ENABLED
01-08 18:41:14.180  1223  1324 D CompatibilityChangeReporter: Compat change id reported: 218533173; UID 10346; state: ENABLED
01-08 18:41:14.180  1223  1324 D CompatibilityChangeReporter: Compat change id reported: 218533173; UID 10201; state: ENABLED
01-08 18:41:14.181  1223  1324 D CompatibilityChangeReporter: Compat change id reported: 218533173; UID 10054; state: ENABLED
01-08 18:41:14.182  1223  1324 D CompatibilityChangeReporter: Compat change id reported: 218533173; UID 10016; state: ENABLED
01-08 18:41:14.182  1223  1270 I ActivityManager: Start proc 2496:com.android.launcher3/u0a496 for service {com.android.launcher3/com.android.quickstep.TouchInteractionService}
01-08 18:41:14.182  1223  1324 D CompatibilityChangeReporter: Compat change id reported: 218533173; UID 10019; state: ENABLED
01-08 18:41:14.183  1223  1324 D CompatibilityChangeReporter: Compat change id reported: 218533173; UID 10025; state: ENABLED
01-08 18:41:14.183  1223  1324 D CompatibilityChangeReporter: Compat change id reported: 218533173; UID 10345; state: ENABLED
01-08 18:41:14.184  1223  1324 D CompatibilityChangeReporter: Compat change id reported: 218533173; UID 10210; state: ENABLED
01-08 18:41:14.184  1223  1324 D CompatibilityChangeReporter: Compat change id reported: 218533173; UID 10167; state: ENABLED
01-08 18:41:14.185  1223  1324 D CompatibilityChangeReporter: Compat change id reported: 218533173; UID 10426; state: ENABLED
01-08 18:41:14.185  1223  1324 D CompatibilityChangeReporter: Compat change id reported: 218533173; UID 10246; state: ENABLED
01-08 18:41:14.186  1223  1324 D CompatibilityChangeReporter: Compat change id reported: 218533173; UID 10193; state: ENABLED
01-08 18:41:14.186  1223  1324 D CompatibilityChangeReporter: Compat change id reported: 218533173; UID 10283; state: ENABLED
01-08 18:41:14.187  1223  1324 D CompatibilityChangeReporter: Compat change id reported: 218533173; UID 10204; state: ENABLED
01-08 18:41:14.188  1223  1324 D CompatibilityChangeReporter: Compat change id reported: 218533173; UID 10271; state: ENABLED
01-08 18:41:14.189  1223  1223 D ConditionProviders: Subscribing to condition://android/event?userId=-10000&calendar=&reply=1 with ComponentInfo{android/com.android.server.notification.EventConditionProvider}
01-08 18:41:14.189  1223  1324 D CompatibilityChangeReporter: Compat change id reported: 218533173; UID 10128; state: ENABLED
01-08 18:41:14.190  1223  1223 D ConditionProviders: Subscribing to condition://android/schedule?days=1.2.3.4.5.6.7&start=22.0&end=7.0&exitAtAlarm=true with ComponentInfo{android/com.android.server.notification.ScheduleConditionProvider}
01-08 18:41:14.190  1223  1324 D CompatibilityChangeReporter: Compat change id reported: 218533173; UID 10196; state: ENABLED
01-08 18:41:14.191  1223  1324 D CompatibilityChangeReporter: Compat change id reported: 218533173; UID 10241; state: ENABLED
01-08 18:41:14.191  1223  1324 D CompatibilityChangeReporter: Compat change id reported: 218533173; UID 10411; state: ENABLED
01-08 18:41:14.196  1223  1324 D CompatibilityChangeReporter: Compat change id reported: 218533173; UID 10024; state: ENABLED
01-08 18:41:14.197  1223  1324 D CompatibilityChangeReporter: Compat change id reported: 218533173; UID 10184; state: ENABLED
01-08 18:41:14.198  1223  1324 D CompatibilityChangeReporter: Compat change id reported: 218533173; UID 10142; state: ENABLED
01-08 18:41:14.198  1223  1324 D CompatibilityChangeReporter: Compat change id reported: 218533173; UID 10425; state: ENABLED
01-08 18:41:14.199  1223  1324 D CompatibilityChangeReporter: Compat change id reported: 218533173; UID 10198; state: ENABLED
01-08 18:41:14.199  1223  1324 D CompatibilityChangeReporter: Compat change id reported: 218533173; UID 10504; state: ENABLED
01-08 18:41:14.199  1223  1324 D CompatibilityChangeReporter: Compat change id reported: 218533173; UID 10073; state: ENABLED
01-08 18:41:14.199  1223  1324 D CompatibilityChangeReporter: Compat change id reported: 218533173; UID 10240; state: ENABLED
01-08 18:41:14.199  1223  1324 D CompatibilityChangeReporter: Compat change id reported: 218533173; UID 10124; state: ENABLED
01-08 18:41:14.199  1223  1324 D CompatibilityChangeReporter: Compat change id reported: 218533173; UID 10207; state: ENABLED
01-08 18:41:14.200  1223  1324 D CompatibilityChangeReporter: Compat change id reported: 218533173; UID 10306; state: ENABLED
01-08 18:41:14.200  1223  1324 D CompatibilityChangeReporter: Compat change id reported: 218533173; UID 10220; state: ENABLED
01-08 18:41:14.200  1223  1324 D CompatibilityChangeReporter: Compat change id reported: 218533173; UID 10152; state: ENABLED
01-08 18:41:14.200  1223  1324 D CompatibilityChangeReporter: Compat change id reported: 218533173; UID 10209; state: ENABLED
01-08 18:41:14.200  1223  1324 D CompatibilityChangeReporter: Compat change id reported: 218533173; UID 10261; state: ENABLED
01-08 18:41:14.200  1223  1324 D CompatibilityChangeReporter: Compat change id reported: 218533173; UID 10053; state: ENABLED
01-08 18:41:14.201  1223  1324 D CompatibilityChangeReporter: Compat change id reported: 218533173; UID 10437; state: ENABLED
01-08 18:41:14.201  1223  1324 D CompatibilityChangeReporter: Compat change id reported: 218533173; UID 10486; state: ENABLED
01-08 18:41:14.201  1223  1324 D CompatibilityChangeReporter: Compat change id reported: 218533173; UID 10386; state: ENABLED
01-08 18:41:14.201  1223  1324 D CompatibilityChangeReporter: Compat change id reported: 218533173; UID 10482; state: ENABLED
01-08 18:41:14.202  1223  1324 D CompatibilityChangeReporter: Compat change id reported: 218533173; UID 10247; state: ENABLED
01-08 18:41:14.202  1223  1324 D CompatibilityChangeReporter: Compat change id reported: 218533173; UID 10423; state: ENABLED
01-08 18:41:14.202  1223  1324 D CompatibilityChangeReporter: Compat change id reported: 218533173; UID 10477; state: ENABLED
01-08 18:41:14.203  1223  1324 D CompatibilityChangeReporter: Compat change id reported: 218533173; UID 10068; state: ENABLED
01-08 18:41:14.203  1223  1324 D CompatibilityChangeReporter: Compat change id reported: 218533173; UID 10171; state: ENABLED
01-08 18:41:14.203  1223  1324 D CompatibilityChangeReporter: Compat change id reported: 218533173; UID 10420; state: ENABLED
01-08 18:41:14.204  1223  1324 D CompatibilityChangeReporter: Compat change id reported: 218533173; UID 10252; state: ENABLED
01-08 18:41:14.204  1223  1324 D CompatibilityChangeReporter: Compat change id reported: 218533173; UID 10465; state: DISABLED
01-08 18:41:14.204  1223  1324 D CompatibilityChangeReporter: Compat change id reported: 218533173; UID 10062; state: ENABLED
01-08 18:41:14.205  1223  1324 D CompatibilityChangeReporter: Compat change id reported: 218533173; UID 10042; state: ENABLED
01-08 18:41:14.205  1223  1324 D CompatibilityChangeReporter: Compat change id reported: 218533173; UID 10332; state: ENABLED
01-08 18:41:14.205  1223  1324 D CompatibilityChangeReporter: Compat change id reported: 218533173; UID 10373; state: ENABLED
01-08 18:41:14.205  1223  1324 D CompatibilityChangeReporter: Compat change id reported: 218533173; UID 10084; state: ENABLED
01-08 18:41:14.206  1223  1324 D CompatibilityChangeReporter: Compat change id reported: 218533173; UID 10028; state: ENABLED
01-08 18:41:14.206  1223  1324 D CompatibilityChangeReporter: Compat change id reported: 218533173; UID 10248; state: ENABLED
01-08 18:41:14.206  1223  1324 D CompatibilityChangeReporter: Compat change id reported: 218533173; UID 10370; state: ENABLED
01-08 18:41:14.207  1223  1324 D CompatibilityChangeReporter: Compat change id reported: 218533173; UID 10012; state: ENABLED
01-08 18:41:14.207  1223  1324 D CompatibilityChangeReporter: Compat change id reported: 218533173; UID 10365; state: ENABLED
01-08 18:41:14.207  1223  1324 D CompatibilityChangeReporter: Compat change id reported: 218533173; UID 10352; state: ENABLED
01-08 18:41:14.207  1223  1324 D CompatibilityChangeReporter: Compat change id reported: 218533173; UID 10500; state: ENABLED
01-08 18:41:14.207  1223  1324 D CompatibilityChangeReporter: Compat change id reported: 218533173; UID 10353; state: ENABLED
01-08 18:41:14.207  1223  1324 D CompatibilityChangeReporter: Compat change id reported: 218533173; UID 10154; state: ENABLED
01-08 18:41:14.207  1223  1324 D CompatibilityChangeReporter: Compat change id reported: 218533173; UID 10108; state: ENABLED
01-08 18:41:14.208  1223  1324 D CompatibilityChangeReporter: Compat change id reported: 218533173; UID 10419; state: ENABLED
01-08 18:41:14.208  1223  1324 D CompatibilityChangeReporter: Compat change id reported: 218533173; UID 10117; state: ENABLED
01-08 18:41:14.208  1223  1324 D CompatibilityChangeReporter: Compat change id reported: 218533173; UID 10110; state: ENABLED
01-08 18:41:14.208  1223  1324 D CompatibilityChangeReporter: Compat change id reported: 218533173; UID 10041; state: ENABLED
01-08 18:41:14.208  1223  1324 D CompatibilityChangeReporter: Compat change id reported: 218533173; UID 10286; state: ENABLED
01-08 18:41:14.208  1223  1324 D CompatibilityChangeReporter: Compat change id reported: 218533173; UID 10515; state: ENABLED
01-08 18:41:14.208  1223  1324 D CompatibilityChangeReporter: Compat change id reported: 218533173; UID 10287; state: ENABLED
01-08 18:41:14.209  1223  1324 D CompatibilityChangeReporter: Compat change id reported: 218533173; UID 10007; state: ENABLED
01-08 18:41:14.209  1223  1324 D CompatibilityChangeReporter: Compat change id reported: 218533173; UID 10391; state: ENABLED
01-08 18:41:14.209  1223  1324 D CompatibilityChangeReporter: Compat change id reported: 218533173; UID 10354; state: ENABLED
01-08 18:41:14.210  1223  1324 D CompatibilityChangeReporter: Compat change id reported: 218533173; UID 10453; state: ENABLED
01-08 18:41:14.210  1223  1324 D CompatibilityChangeReporter: Compat change id reported: 218533173; UID 10103; state: ENABLED
01-08 18:41:14.210  1223  1324 D CompatibilityChangeReporter: Compat change id reported: 218533173; UID 10362; state: ENABLED
01-08 18:41:14.211  1223  1324 D CompatibilityChangeReporter: Compat change id reported: 218533173; UID 10057; state: ENABLED
01-08 18:41:14.211  1223  1324 D CompatibilityChangeReporter: Compat change id reported: 218533173; UID 10272; state: ENABLED
01-08 18:41:14.211  1223  1324 D CompatibilityChangeReporter: Compat change id reported: 218533173; UID 10361; state: ENABLED
01-08 18:41:14.211  1223  1324 D CompatibilityChangeReporter: Compat change id reported: 218533173; UID 10215; state: ENABLED
01-08 18:41:14.211  1223  1324 D CompatibilityChangeReporter: Compat change id reported: 218533173; UID 10029; state: ENABLED
01-08 18:41:14.211  1223  1324 D CompatibilityChangeReporter: Compat change id reported: 218533173; UID 10493; state: ENABLED
01-08 18:41:14.211  1223  1324 D CompatibilityChangeReporter: Compat change id reported: 218533173; UID 10318; state: ENABLED
01-08 18:41:14.212  1223  1324 D CompatibilityChangeReporter: Compat change id reported: 218533173; UID 10081; state: ENABLED
01-08 18:41:14.212  1223  1324 D CompatibilityChangeReporter: Compat change id reported: 218533173; UID 10076; state: ENABLED
01-08 18:41:14.212  1223  1324 D CompatibilityChangeReporter: Compat change id reported: 218533173; UID 10441; state: DISABLED
01-08 18:41:14.212  1223  1316 D CompatibilityChangeReporter: Compat change id reported: 161145287; UID 10459; state: DISABLED
01-08 18:41:14.213  1223  1324 D CompatibilityChangeReporter: Compat change id reported: 218533173; UID 10086; state: ENABLED
01-08 18:41:14.213  1223  1324 D CompatibilityChangeReporter: Compat change id reported: 218533173; UID 10135; state: ENABLED
01-08 18:41:14.213  1223  1324 D CompatibilityChangeReporter: Compat change id reported: 218533173; UID 10329; state: ENABLED
01-08 18:41:14.213  1223  1324 D CompatibilityChangeReporter: Compat change id reported: 218533173; UID 10265; state: ENABLED
01-08 18:41:14.214  1223  2082 D CompatibilityChangeReporter: Compat change id reported: 168419799; UID 10496; state: DISABLED
01-08 18:41:14.214  1223  1324 D CompatibilityChangeReporter: Compat change id reported: 218533173; UID 10295; state: ENABLED
01-08 18:41:14.214  1223  2082 D CompatibilityChangeReporter: Compat change id reported: 273564678; UID 10496; state: DISABLED
01-08 18:41:14.214  1223  1324 D CompatibilityChangeReporter: Compat change id reported: 218533173; UID 10381; state: ENABLED
01-08 18:41:14.216  1223  1324 D CompatibilityChangeReporter: Compat change id reported: 218533173; UID 10067; state: ENABLED
01-08 18:41:14.216  1223  1324 D CompatibilityChangeReporter: Compat change id reported: 218533173; UID 10172; state: ENABLED
01-08 18:41:14.216  1223  1324 D CompatibilityChangeReporter: Compat change id reported: 218533173; UID 10405; state: ENABLED
01-08 18:41:14.217  1223  1324 D CompatibilityChangeReporter: Compat change id reported: 218533173; UID 10160; state: ENABLED
01-08 18:41:14.217  1223  1324 D CompatibilityChangeReporter: Compat change id reported: 218533173; UID 10021; state: ENABLED
01-08 18:41:14.217  1223  1324 D CompatibilityChangeReporter: Compat change id reported: 218533173; UID 10355; state: ENABLED
01-08 18:41:14.217  1223  1324 D CompatibilityChangeReporter: Compat change id reported: 218533173; UID 10375; state: ENABLED
01-08 18:41:14.218  1223  1324 D CompatibilityChangeReporter: Compat change id reported: 218533173; UID 10119; state: ENABLED
01-08 18:41:14.218  1223  1324 D CompatibilityChangeReporter: Compat change id reported: 218533173; UID 10275; state: ENABLED
01-08 18:41:14.218  1223  1324 D CompatibilityChangeReporter: Compat change id reported: 218533173; UID 10169; state: ENABLED
01-08 18:41:14.219  1223  1324 D CompatibilityChangeReporter: Compat change id reported: 218533173; UID 10106; state: ENABLED
01-08 18:41:14.219  1223  1324 D CompatibilityChangeReporter: Compat change id reported: 218533173; UID 10006; state: ENABLED
01-08 18:41:14.219  1223  1324 D CompatibilityChangeReporter: Compat change id reported: 218533173; UID 10144; state: ENABLED
01-08 18:41:14.219  1223  1324 D CompatibilityChangeReporter: Compat change id reported: 218533173; UID 10309; state: ENABLED
01-08 18:41:14.219  1223  1324 D CompatibilityChangeReporter: Compat change id reported: 218533173; UID 10434; state: ENABLED
01-08 18:41:14.219  1223  1324 D CompatibilityChangeReporter: Compat change id reported: 218533173; UID 10343; state: ENABLED
01-08 18:41:14.220  1223  1324 D CompatibilityChangeReporter: Compat change id reported: 218533173; UID 10236; state: ENABLED
01-08 18:41:14.220  1223  1324 D CompatibilityChangeReporter: Compat change id reported: 218533173; UID 10242; state: ENABLED
01-08 18:41:14.220  1223  1324 D CompatibilityChangeReporter: Compat change id reported: 218533173; UID 10348; state: ENABLED
01-08 18:41:14.220  1223  1324 D CompatibilityChangeReporter: Compat change id reported: 218533173; UID 10469; state: ENABLED
01-08 18:41:14.220  1223  1324 D CompatibilityChangeReporter: Compat change id reported: 218533173; UID 10374; state: ENABLED
01-08 18:41:14.221  1223  1324 D CompatibilityChangeReporter: Compat change id reported: 218533173; UID 10092; state: ENABLED
01-08 18:41:14.221  1223  1324 D CompatibilityChangeReporter: Compat change id reported: 171306433; UID 10449; state: ENABLED
01-08 18:41:14.221  1223  1324 D CompatibilityChangeReporter: Compat change id reported: 226439802; UID 10449; state: DISABLED
01-08 18:41:14.221  1223  1324 D CompatibilityChangeReporter: Compat change id reported: 171306433; UID 10451; state: ENABLED
01-08 18:41:14.221  1223  1324 D CompatibilityChangeReporter: Compat change id reported: 226439802; UID 10451; state: DISABLED
01-08 18:41:14.221  1223  1324 D CompatibilityChangeReporter: Compat change id reported: 218533173; UID 10452; state: ENABLED
01-08 18:41:14.222  1223  1324 D CompatibilityChangeReporter: Compat change id reported: 218533173; UID 10371; state: ENABLED
01-08 18:41:14.222  1223  1324 D CompatibilityChangeReporter: Compat change id reported: 218533173; UID 10032; state: ENABLED
01-08 18:41:14.222  1223  1324 D CompatibilityChangeReporter: Compat change id reported: 218533173; UID 10490; state: ENABLED
01-08 18:41:14.222  1223  1324 D CompatibilityChangeReporter: Compat change id reported: 218533173; UID 10390; state: ENABLED
01-08 18:41:14.222  1223  1324 D CompatibilityChangeReporter: Compat change id reported: 218533173; UID 10394; state: ENABLED
01-08 18:41:14.222  1223  1324 D CompatibilityChangeReporter: Compat change id reported: 218533173; UID 10513; state: DISABLED
01-08 18:41:14.222  1223  1324 D CompatibilityChangeReporter: Compat change id reported: 218533173; UID 10384; state: ENABLED
01-08 18:41:14.223  1223  1324 D CompatibilityChangeReporter: Compat change id reported: 218533173; UID 10378; state: ENABLED
01-08 18:41:14.223  1223  1324 D CompatibilityChangeReporter: Compat change id reported: 218533173; UID 10401; state: ENABLED
01-08 18:41:14.223  1223  1324 D CompatibilityChangeReporter: Compat change id reported: 218533173; UID 10403; state: ENABLED
01-08 18:41:14.223  1223  1324 D CompatibilityChangeReporter: Compat change id reported: 218533173; UID 10397; state: ENABLED
01-08 18:41:14.223  1223  1324 D CompatibilityChangeReporter: Compat change id reported: 218533173; UID 10356; state: ENABLED
01-08 18:41:14.223  1223  1324 D CompatibilityChangeReporter: Compat change id reported: 218533173; UID 10300; state: ENABLED
01-08 18:41:14.224  1223  1324 D CompatibilityChangeReporter: Compat change id reported: 218533173; UID 10010; state: ENABLED
01-08 18:41:14.224  1223  1324 D CompatibilityChangeReporter: Compat change id reported: 218533173; UID 10322; state: ENABLED
01-08 18:41:14.224  1223  1324 D CompatibilityChangeReporter: Compat change id reported: 218533173; UID 10331; state: ENABLED
01-08 18:41:14.224  1223  1324 D CompatibilityChangeReporter: Compat change id reported: 218533173; UID 10358; state: ENABLED
01-08 18:41:14.224  1223  1324 D CompatibilityChangeReporter: Compat change id reported: 218533173; UID 10387; state: ENABLED
01-08 18:41:14.225  1223  1324 D CompatibilityChangeReporter: Compat change id reported: 218533173; UID 10043; state: ENABLED
01-08 18:41:14.225  1223  1324 D CompatibilityChangeReporter: Compat change id reported: 218533173; UID 10037; state: ENABLED
01-08 18:41:14.225  1223  1324 D CompatibilityChangeReporter: Compat change id reported: 218533173; UID 10323; state: ENABLED
01-08 18:41:14.225  1223  1324 D CompatibilityChangeReporter: Compat change id reported: 218533173; UID 10048; state: ENABLED
01-08 18:41:14.225  1223  1324 D CompatibilityChangeReporter: Compat change id reported: 218533173; UID 10174; state: ENABLED
01-08 18:41:14.225  1223  1324 D CompatibilityChangeReporter: Compat change id reported: 218533173; UID 10216; state: ENABLED
01-08 18:41:14.225  1223  1324 D CompatibilityChangeReporter: Compat change id reported: 218533173; UID 10238; state: ENABLED
01-08 18:41:14.226  1223  1324 D CompatibilityChangeReporter: Compat change id reported: 218533173; UID 10130; state: ENABLED
01-08 18:41:14.226  1223  1324 D CompatibilityChangeReporter: Compat change id reported: 218533173; UID 10492; state: DISABLED
01-08 18:41:14.226  1223  1324 D CompatibilityChangeReporter: Compat change id reported: 218533173; UID 10109; state: ENABLED
01-08 18:41:14.226  1223  1324 D CompatibilityChangeReporter: Compat change id reported: 218533173; UID 10023; state: ENABLED
01-08 18:41:14.226  1223  1324 D CompatibilityChangeReporter: Compat change id reported: 218533173; UID 10203; state: ENABLED
01-08 18:41:14.226  1223  1324 D CompatibilityChangeReporter: Compat change id reported: 218533173; UID 10077; state: ENABLED
01-08 18:41:14.226  1223  1324 D CompatibilityChangeReporter: Compat change id reported: 218533173; UID 10409; state: ENABLED
01-08 18:41:14.227  1223  1324 D CompatibilityChangeReporter: Compat change id reported: 218533173; UID 10326; state: ENABLED
01-08 18:41:14.227  1223  1324 D CompatibilityChangeReporter: Compat change id reported: 218533173; UID 10111; state: ENABLED
01-08 18:41:14.227  1223  1324 D CompatibilityChangeReporter: Compat change id reported: 218533173; UID 10470; state: ENABLED
01-08 18:41:14.227  1223  1324 D CompatibilityChangeReporter: Compat change id reported: 218533173; UID 10460; state: ENABLED
01-08 18:41:14.228  1223  1324 D CompatibilityChangeReporter: Compat change id reported: 218533173; UID 10472; state: DISABLED
01-08 18:41:14.228  1223  1324 D CompatibilityChangeReporter: Compat change id reported: 218533173; UID 10442; state: ENABLED
01-08 18:41:14.228  1223  1324 D CompatibilityChangeReporter: Compat change id reported: 218533173; UID 10517; state: ENABLED
01-08 18:41:14.229  1223  1324 D CompatibilityChangeReporter: Compat change id reported: 218533173; UID 10382; state: ENABLED
01-08 18:41:14.229  1223  1324 D CompatibilityChangeReporter: Compat change id reported: 218533173; UID 10506; state: ENABLED
01-08 18:41:14.229  1223  1324 D CompatibilityChangeReporter: Compat change id reported: 218533173; UID 10070; state: ENABLED
01-08 18:41:14.229  1223  1324 D CompatibilityChangeReporter: Compat change id reported: 171306433; UID 10501; state: ENABLED
01-08 18:41:14.229  1223  1324 D CompatibilityChangeReporter: Compat change id reported: 226439802; UID 10501; state: DISABLED
01-08 18:41:14.229  1223  1324 D CompatibilityChangeReporter: Compat change id reported: 218533173; UID 10002; state: ENABLED
01-08 18:41:14.230  1223  1324 D CompatibilityChangeReporter: Compat change id reported: 218533173; UID 10334; state: ENABLED
01-08 18:41:14.230  1223  1324 D CompatibilityChangeReporter: Compat change id reported: 218533173; UID 10094; state: ENABLED
01-08 18:41:14.231  1223  1324 D CompatibilityChangeReporter: Compat change id reported: 218533173; UID 10026; state: ENABLED
01-08 18:41:14.231  1223  1324 D CompatibilityChangeReporter: Compat change id reported: 218533173; UID 10508; state: ENABLED
01-08 18:41:14.231  1223  1324 D CompatibilityChangeReporter: Compat change id reported: 218533173; UID 10484; state: ENABLED
01-08 18:41:14.232  1223  1324 D CompatibilityChangeReporter: Compat change id reported: 218533173; UID 10312; state: ENABLED
01-08 18:41:14.232  1223  1324 D CompatibilityChangeReporter: Compat change id reported: 218533173; UID 10112; state: ENABLED
01-08 18:41:14.233  1223  1324 D CompatibilityChangeReporter: Compat change id reported: 218533173; UID 10161; state: ENABLED
01-08 18:41:14.233  1223  1324 D CompatibilityChangeReporter: Compat change id reported: 218533173; UID 10383; state: ENABLED
01-08 18:41:14.233  1223  1324 D CompatibilityChangeReporter: Compat change id reported: 218533173; UID 10499; state: ENABLED
01-08 18:41:14.233  1223  1324 D CompatibilityChangeReporter: Compat change id reported: 218533173; UID 10436; state: ENABLED
01-08 18:41:14.233  1223  1324 D CompatibilityChangeReporter: Compat change id reported: 218533173; UID 10104; state: ENABLED
01-08 18:41:14.234  1223  1324 D CompatibilityChangeReporter: Compat change id reported: 218533173; UID 10406; state: ENABLED
01-08 18:41:14.234  1223  1324 D CompatibilityChangeReporter: Compat change id reported: 218533173; UID 10200; state: ENABLED
01-08 18:41:14.234  1223  1324 D CompatibilityChangeReporter: Compat change id reported: 218533173; UID 10349; state: ENABLED
01-08 18:41:14.235  1223  1324 D CompatibilityChangeReporter: Compat change id reported: 218533173; UID 10090; state: ENABLED
01-08 18:41:14.236  1223  1324 D CompatibilityChangeReporter: Compat change id reported: 218533173; UID 10511; state: DISABLED
01-08 18:41:14.236  1223  1324 D CompatibilityChangeReporter: Compat change id reported: 218533173; UID 10324; state: ENABLED
01-08 18:41:14.237  1223  1324 D CompatibilityChangeReporter: Compat change id reported: 218533173; UID 10177; state: ENABLED
01-08 18:41:14.238  1223  1324 D CompatibilityChangeReporter: Compat change id reported: 218533173; UID 10376; state: ENABLED
01-08 18:41:14.238  1223  1324 D CompatibilityChangeReporter: Compat change id reported: 218533173; UID 10395; state: ENABLED
01-08 18:41:14.239  1223  1324 D CompatibilityChangeReporter: Compat change id reported: 218533173; UID 10085; state: ENABLED
01-08 18:41:14.239  1223  1324 D CompatibilityChangeReporter: Compat change id reported: 218533173; UID 10078; state: ENABLED
01-08 18:41:14.239  1223  1324 D CompatibilityChangeReporter: Compat change id reported: 218533173; UID 10211; state: ENABLED
01-08 18:41:14.239  1223  1324 D CompatibilityChangeReporter: Compat change id reported: 218533173; UID 10290; state: ENABLED
01-08 18:41:14.240  1223  1324 D CompatibilityChangeReporter: Compat change id reported: 218533173; UID 10385; state: ENABLED
01-08 18:41:14.240  1223  1324 D CompatibilityChangeReporter: Compat change id reported: 218533173; UID 10379; state: ENABLED
01-08 18:41:14.240  1223  1324 D CompatibilityChangeReporter: Compat change id reported: 218533173; UID 10402; state: ENABLED
01-08 18:41:14.240  1223  1324 D CompatibilityChangeReporter: Compat change id reported: 218533173; UID 10404; state: ENABLED
01-08 18:41:14.240  1223  1324 D CompatibilityChangeReporter: Compat change id reported: 218533173; UID 10398; state: ENABLED
01-08 18:41:14.241  1223  1324 D CompatibilityChangeReporter: Compat change id reported: 218533173; UID 10357; state: ENABLED
01-08 18:41:14.241  1223  1324 D CompatibilityChangeReporter: Compat change id reported: 218533173; UID 10301; state: ENABLED
01-08 18:41:14.241  1223  1324 D CompatibilityChangeReporter: Compat change id reported: 218533173; UID 10011; state: ENABLED
01-08 18:41:14.241  1223  1324 D CompatibilityChangeReporter: Compat change id reported: 218533173; UID 10399; state: ENABLED
01-08 18:41:14.242  1223  1324 D CompatibilityChangeReporter: Compat change id reported: 218533173; UID 10145; state: ENABLED
01-08 18:41:14.242  1223  1324 D CompatibilityChangeReporter: Compat change id reported: 218533173; UID 10052; state: ENABLED
01-08 18:41:14.242  1223  1324 D CompatibilityChangeReporter: Compat change id reported: 218533173; UID 10116; state: ENABLED
01-08 18:41:14.242  1223  1324 D CompatibilityChangeReporter: Compat change id reported: 218533173; UID 10083; state: ENABLED
01-08 18:41:14.242  1223  1324 D CompatibilityChangeReporter: Compat change id reported: 218533173; UID 10118; state: ENABLED
01-08 18:41:14.243  1223  1324 D CompatibilityChangeReporter: Compat change id reported: 218533173; UID 10505; state: ENABLED
01-08 18:41:14.243  1223  1324 D CompatibilityChangeReporter: Compat change id reported: 218533173; UID 10158; state: ENABLED
01-08 18:41:14.243  1223  1324 D CompatibilityChangeReporter: Compat change id reported: 218533173; UID 10366; state: ENABLED
01-08 18:41:14.243  1223  1324 D CompatibilityChangeReporter: Compat change id reported: 218533173; UID 10071; state: ENABLED
01-08 18:41:14.243  1223  1324 D CompatibilityChangeReporter: Compat change id reported: 218533173; UID 10389; state: ENABLED
01-08 18:41:14.244  1223  1324 D CompatibilityChangeReporter: Compat change id reported: 218533173; UID 10282; state: ENABLED
01-08 18:41:14.244  1223  1324 D CompatibilityChangeReporter: Compat change id reported: 218533173; UID 10327; state: ENABLED
01-08 18:41:14.244  1223  1324 D CompatibilityChangeReporter: Compat change id reported: 218533173; UID 10435; state: ENABLED
01-08 18:41:14.244  1223  1324 D CompatibilityChangeReporter: Compat change id reported: 171306433; UID 10421; state: ENABLED
01-08 18:41:14.244  1223  1324 D CompatibilityChangeReporter: Compat change id reported: 226439802; UID 10421; state: DISABLED
01-08 18:41:14.245  1223  1324 D CompatibilityChangeReporter: Compat change id reported: 218533173; UID 10293; state: ENABLED
01-08 18:41:14.245  1223  1324 D CompatibilityChangeReporter: Compat change id reported: 218533173; UID 10197; state: ENABLED
01-08 18:41:14.245  1223  1324 D CompatibilityChangeReporter: Compat change id reported: 218533173; UID 10115; state: ENABLED
01-08 18:41:14.245  1223  1324 D CompatibilityChangeReporter: Compat change id reported: 218533173; UID 10235; state: ENABLED
01-08 18:41:14.245  1223  1324 D CompatibilityChangeReporter: Compat change id reported: 218533173; UID 10082; state: ENABLED
01-08 18:41:14.245  1223  1324 D CompatibilityChangeReporter: Compat change id reported: 218533173; UID 10314; state: ENABLED
01-08 18:41:14.246  1223  1324 D CompatibilityChangeReporter: Compat change id reported: 218533173; UID 10233; state: ENABLED
01-08 18:41:14.246  1223  1324 D CompatibilityChangeReporter: Compat change id reported: 218533173; UID 10284; state: ENABLED
01-08 18:41:14.246  1223  1324 D CompatibilityChangeReporter: Compat change id reported: 218533173; UID 10170; state: ENABLED
01-08 18:41:14.246  1223  1324 D CompatibilityChangeReporter: Compat change id reported: 218533173; UID 10269; state: ENABLED
01-08 18:41:14.246  1223  1324 D CompatibilityChangeReporter: Compat change id reported: 218533173; UID 10178; state: ENABLED
01-08 18:41:14.246  1223  1324 D CompatibilityChangeReporter: Compat change id reported: 218533173; UID 10212; state: ENABLED
01-08 18:41:14.246  1223  1324 D CompatibilityChangeReporter: Compat change id reported: 218533173; UID 10471; state: ENABLED
01-08 18:41:14.246  1223  1324 D CompatibilityChangeReporter: Compat change id reported: 218533173; UID 10302; state: ENABLED
01-08 18:41:14.247  1223  1324 D CompatibilityChangeReporter: Compat change id reported: 218533173; UID 10498; state: ENABLED
01-08 18:41:14.247  1223  1324 D CompatibilityChangeReporter: Compat change id reported: 218533173; UID 10237; state: ENABLED
01-08 18:41:14.247  1223  1324 D CompatibilityChangeReporter: Compat change id reported: 218533173; UID 10458; state: DISABLED
01-08 18:41:14.250  1223  2082 D CompatibilityChangeReporter: Compat change id reported: 197654537; UID 10459; state: ENABLED
01-08 18:41:14.353  1223  2082 D CompatibilityChangeReporter: Compat change id reported: 161145287; UID 10496; state: DISABLED
01-08 18:41:14.353  1223  1223 W Looper  : Slow dispatch took 161ms main h=android.os.Handler c=null m=1
01-08 18:41:14.358  1223  2082 W ActivityManager: Unable to start service Intent { act=com.google.android.gms.checkin.START pkg=com.google.android.gms } U=0: not found
01-08 18:41:14.360  1223  1316 W ActivityManager: Unbind failed: could not find connection for android.os.BinderProxy@88552a6
01-08 18:41:14.365  1223  1276 W BatteryExternalStatsWorker: error reading modem stats:ERROR_PHONE_NOT_AVAILABLE
01-08 18:41:14.462  1223  1241 D PackageManager: Ignoring attempt to set enabled state of disabled component com.google.android.setupwizard/com.google.android.setupwizard.update.OtaUpdateActivity
01-08 18:41:14.507  1223  1269 I DropBoxManagerService: add tag=system_server_wtf isTagEnabled=true flags=0x2
01-08 18:41:14.643  1223  2148 D CompatibilityChangeReporter: Compat change id reported: 194532703; UID 10459; state: ENABLED
01-08 18:41:14.646  1223  2148 E JobScheduler.Component: Job exists for non-existent package: com.google.android.setupwizard
01-08 18:41:14.653  1223  2148 D CompatibilityChangeReporter: Compat change id reported: 168419799; UID 10459; state: DISABLED
01-08 18:41:14.653  1223  2148 D CompatibilityChangeReporter: Compat change id reported: 273564678; UID 10459; state: DISABLED
01-08 18:41:14.675  1223  2081 D CompatibilityChangeReporter: Compat change id reported: 135634846; UID 10447; state: DISABLED
01-08 18:41:14.675  1223  2081 D CompatibilityChangeReporter: Compat change id reported: 177438394; UID 10447; state: DISABLED
01-08 18:41:14.675  1223  2081 D CompatibilityChangeReporter: Compat change id reported: 135772972; UID 10447; state: DISABLED
01-08 18:41:14.675  1223  2081 D CompatibilityChangeReporter: Compat change id reported: 135754954; UID 10447; state: ENABLED
01-08 18:41:14.676  1223  1270 D CompatibilityChangeReporter: Compat change id reported: 143937733; UID 10447; state: ENABLED
01-08 18:41:14.676  1223  1270 W ActivityManager: com.google.android.gms inode == 0 (b/152760674)
01-08 18:41:14.690  1223  1270 I ActivityManager: Start proc 2593:com.google.android.gms.persistent/u0a447 for service {com.google.android.gms/com.google.android.gms.chimera.PersistentDirectBootAwareApiService}
01-08 18:41:14.708  1223  2081 I StatusBarManagerService: registerStatusBar bar=com.android.internal.statusbar.IStatusBar$Stub$Proxy@3c6a25
01-08 18:41:14.715  1223  2148 D CompatibilityChangeReporter: Compat change id reported: 168419799; UID 10447; state: DISABLED
01-08 18:41:14.715  1223  2148 D CompatibilityChangeReporter: Compat change id reported: 273564678; UID 10447; state: DISABLED
01-08 18:41:14.725  1223  2148 I ActivityTaskManager: START u0 {act=com.android.setupwizard.WELCOME flg=0x4000000 cmp=com.google.android.pixel.setupwizard/.user.WelcomeActivity (has extras)} from uid 10459
01-08 18:41:14.727  1223  2148 D CompatibilityChangeReporter: Compat change id reported: 265464455; UID 10494; state: DISABLED
01-08 18:41:14.727  1223  2148 D CompatibilityChangeReporter: Compat change id reported: 265452344; UID 10494; state: DISABLED
01-08 18:41:14.727  1223  2148 D CompatibilityChangeReporter: Compat change id reported: 266124927; UID 10494; state: DISABLED
01-08 18:41:14.728  1223  2148 D CompatibilityChangeReporter: Compat change id reported: 265451093; UID 10494; state: DISABLED
01-08 18:41:14.728  1223  2148 D CompatibilityChangeReporter: Compat change id reported: 265456536; UID 10494; state: DISABLED
01-08 18:41:14.729  1223  2148 D CompatibilityChangeReporter: Compat change id reported: 255940284; UID 10494; state: DISABLED
01-08 18:41:14.730  1223  2148 D CompatibilityChangeReporter: Compat change id reported: 236283604; UID 10494; state: DISABLED
01-08 18:41:14.730  1223  2148 D CompatibilityChangeReporter: Compat change id reported: 263959004; UID 10494; state: DISABLED
01-08 18:41:14.731  1223  2148 D CompatibilityChangeReporter: Compat change id reported: 264304459; UID 10494; state: DISABLED
01-08 18:41:14.731  1223  2148 D CompatibilityChangeReporter: Compat change id reported: 264301586; UID 10494; state: DISABLED
01-08 18:41:14.732  1223  2148 D CompatibilityChangeReporter: Compat change id reported: 254631730; UID 10494; state: DISABLED
01-08 18:41:14.732  1223  2148 D CompatibilityChangeReporter: Compat change id reported: 273509367; UID 10494; state: DISABLED
01-08 18:41:14.733  1223  2148 D CompatibilityChangeReporter: Compat change id reported: 263259275; UID 10494; state: DISABLED
01-08 18:41:14.738  1223  2148 D CompatibilityChangeReporter: Compat change id reported: 194480991; UID 10494; state: ENABLED
01-08 18:41:14.742  1223  2148 D CompatibilityChangeReporter: Compat change id reported: 174042980; UID 10494; state: DISABLED
01-08 18:41:14.743  1223  2148 D CompatibilityChangeReporter: Compat change id reported: 184838306; UID 10494; state: DISABLED
01-08 18:41:14.743  1223  2148 D CompatibilityChangeReporter: Compat change id reported: 185004937; UID 10494; state: DISABLED
01-08 18:41:14.744  1223  2148 D CompatibilityChangeReporter: Compat change id reported: 181136395; UID 10494; state: DISABLED
01-08 18:41:14.744  1223  2148 D CompatibilityChangeReporter: Compat change id reported: 174042936; UID 10494; state: DISABLED
01-08 18:41:14.759  1223  1262 D CompatibilityChangeReporter: Compat change id reported: 135634846; UID 10494; state: DISABLED
01-08 18:41:14.759  1223  1262 D CompatibilityChangeReporter: Compat change id reported: 177438394; UID 10494; state: DISABLED
01-08 18:41:14.759  1223  1262 D CompatibilityChangeReporter: Compat change id reported: 135772972; UID 10494; state: DISABLED
01-08 18:41:14.760  1223  1262 D CompatibilityChangeReporter: Compat change id reported: 135754954; UID 10494; state: ENABLED
01-08 18:41:14.760  1223  1270 D CompatibilityChangeReporter: Compat change id reported: 143937733; UID 10494; state: ENABLED
01-08 18:41:14.761  1223  1270 W ActivityManager: com.google.android.pixel.setupwizard inode == 0 (b/152760674)
01-08 18:41:14.761  1223  1270 W ActivityManager: com.google.android.gms inode == 0 (b/152760674)
01-08 18:41:14.776  1223  1270 I ActivityManager: Start proc 2613:com.google.android.pixel.setupwizard/u0a494 for next-activity {com.google.android.pixel.setupwizard/com.google.android.pixel.setupwizard.user.WelcomeActivity}
01-08 18:41:14.813  1223  2148 D CompatibilityChangeReporter: Compat change id reported: 168419799; UID 10494; state: DISABLED
01-08 18:41:14.813  1223  2148 D CompatibilityChangeReporter: Compat change id reported: 273564678; UID 10494; state: DISABLED
01-08 18:41:14.817  1223  2148 D CompatibilityChangeReporter: Compat change id reported: 197654537; UID 10494; state: ENABLED
01-08 18:41:14.819  1223  2148 I ActivityTaskManager: The Process com.google.android.pixel.setupwizard Already Exists in BG. So sending its PID: 2613
01-08 18:41:14.840  1223  2081 I ActivityTaskManager: The Process com.google.android.pixel.setupwizard Already Exists in BG. So sending its PID: 2613
01-08 18:41:14.910  2593  2593 W PackageParser: Unknown element under <manifest>: queries at /data/user_de/0/com.google.android.gms/app_chimera/m/s/AdsDynamite.apk Binary XML file line #11
01-08 18:41:14.968  1223  2081 D CompatibilityChangeReporter: Compat change id reported: 182478738; UID 10499; state: ENABLED
01-08 18:41:15.072  1223  2082 D CompatibilityChangeReporter: Compat change id reported: 135634846; UID 10447; state: DISABLED
01-08 18:41:15.072  1223  2082 D CompatibilityChangeReporter: Compat change id reported: 177438394; UID 10447; state: DISABLED
01-08 18:41:15.072  1223  2082 D CompatibilityChangeReporter: Compat change id reported: 135772972; UID 10447; state: DISABLED
01-08 18:41:15.073  1223  2082 D CompatibilityChangeReporter: Compat change id reported: 135754954; UID 10447; state: ENABLED
01-08 18:41:15.073  1223  1270 D CompatibilityChangeReporter: Compat change id reported: 143937733; UID 10447; state: ENABLED
01-08 18:41:15.073  1223  1270 W ActivityManager: com.google.android.gms inode == 0 (b/152760674)
01-08 18:41:15.084  1223  1270 I ActivityManager: Start proc 2644:com.google.android.gms/u0a447 for service {com.google.android.gms/com.google.android.gms.chimera.GmsIntentOperationService}
01-08 18:41:15.104  1223  2082 D CompatibilityChangeReporter: Compat change id reported: 168419799; UID 10447; state: DISABLED
01-08 18:41:15.104  1223  2082 D CompatibilityChangeReporter: Compat change id reported: 273564678; UID 10447; state: DISABLED
01-08 18:41:15.150  2593  2593 W PackageParser: Unknown element under <manifest>: queries at /data/user_de/0/com.google.android.gms/app_chimera/m/00000000/AdsDynamite.apk Binary XML file line #11
01-08 18:41:15.211  1223  1223 I PackageWatchdog: Syncing health check requests for packages: {}
01-08 18:41:15.211  1223  1223 I ExplicitHealthCheckController: Service not ready to get health check supported packages. Binding...
01-08 18:41:15.212  1223  1223 I ExplicitHealthCheckController: Explicit health check service is bound
01-08 18:41:15.240  1223  2082 D TextToSpeechManagerPerUserService: Trying to start connection to TTS engine: com.google.android.tts
01-08 18:41:15.244  1223  2082 D CompatibilityChangeReporter: Compat change id reported: 161145287; UID 10494; state: DISABLED
01-08 18:41:15.272  1223  2082 I ActivityTaskManager: Config changes=104 {1.0 ?mcc?mnc [en_US] ldltr sw360dp w360dp h767dp 480dpi nrml long port night finger -keyb/h/h -nav/h winConfig={ mBounds=Rect(0, 0 - 1080, 2400) mAppBounds=Rect(0, 100 - 1080, 2400) mMaxBounds=Rect(0, 0 - 1080, 2400) mDisplayRotation=ROTATION_0 mWindowingMode=fullscreen mDisplayWindowingMode=fullscreen mActivityType=undefined mAlwaysOnTop=undefined mRotation=ROTATION_0} s.10 fontWeightAdjustment=0}
01-08 18:41:15.276  1223  2082 I WindowManager: Override config changes=104 {1.0 ?mcc?mnc [en_US] ldltr sw360dp w360dp h767dp 480dpi nrml long port night finger -keyb/h/h -nav/h winConfig={ mBounds=Rect(0, 0 - 1080, 2400) mAppBounds=Rect(0, 100 - 1080, 2400) mMaxBounds=Rect(0, 0 - 1080, 2400) mDisplayRotation=ROTATION_0 mWindowingMode=fullscreen mDisplayWindowingMode=fullscreen mActivityType=undefined mAlwaysOnTop=undefined mRotation=ROTATION_0} s.10 fontWeightAdjustment=0} for displayId=0
01-08 18:41:15.282  1223  2082 D CompatibilityChangeReporter: Compat change id reported: 184838306; UID 10459; state: DISABLED
01-08 18:41:15.282  1223  2082 D CompatibilityChangeReporter: Compat change id reported: 185004937; UID 10459; state: DISABLED
01-08 18:41:15.286  1223  1269 D CompatibilityChangeReporter: Compat change id reported: 135634846; UID 10426; state: DISABLED
01-08 18:41:15.286  1223  1269 D CompatibilityChangeReporter: Compat change id reported: 177438394; UID 10426; state: DISABLED
01-08 18:41:15.287  2098  2156 V WindowManagerShell: Display changed: 0
01-08 18:41:15.288  1223  1269 D CompatibilityChangeReporter: Compat change id reported: 135772972; UID 10426; state: DISABLED
01-08 18:41:15.288  1223  1269 D CompatibilityChangeReporter: Compat change id reported: 135754954; UID 10426; state: ENABLED
01-08 18:41:15.288  1223  1270 D CompatibilityChangeReporter: Compat change id reported: 143937733; UID 10426; state: ENABLED
01-08 18:41:15.289  1223  1270 W ActivityManager: com.android.carrierdefaultapp inode == 0 (b/152760674)
01-08 18:41:15.289  1223  1270 W ActivityManager: com.google.android.gms inode == 0 (b/152760674)
01-08 18:41:15.292  1223  1223 D CompatibilityChangeReporter: Compat change id reported: 168419799; UID 1000; state: DISABLED
01-08 18:41:15.292  1223  1223 D CompatibilityChangeReporter: Compat change id reported: 273564678; UID 1000; state: DISABLED
01-08 18:41:15.295  1223  1223 I MR2ServiceImpl: addProviderRoutes | provider: com.android.server.media/.SystemMediaRoute2Provider, routes: [DEVICE_ROUTE | Phone]
01-08 18:41:15.295  1223  1223 W ActivityManager: Unbind failed: could not find connection for android.app.LoadedApk$ServiceDispatcher$InnerConnection@dc07b76
01-08 18:41:15.297  1223  1223 W ActivityManager: Unbind failed: could not find connection for android.app.LoadedApk$ServiceDispatcher$InnerConnection@3d6b577
01-08 18:41:15.303  1223  1270 I ActivityManager: Start proc 2678:com.android.carrierdefaultapp/u0a426 for broadcast {com.android.carrierdefaultapp/com.android.carrierdefaultapp.CarrierDefaultBroadcastReceiver}
01-08 18:41:15.309  1223  1223 W ActivityManager: Unbind failed: could not find connection for android.app.LoadedApk$ServiceDispatcher$InnerConnection@ce50e49
01-08 18:41:15.309  1223  2082 D CompatibilityChangeReporter: Compat change id reported: 168419799; UID 10494; state: DISABLED
01-08 18:41:15.309  1223  2082 D CompatibilityChangeReporter: Compat change id reported: 273564678; UID 10494; state: DISABLED
01-08 18:41:15.313  1223  2082 D CoreBackPreview: Window{7b44c50 u0 com.google.android.pixel.setupwizard/com.google.android.pixel.setupwizard.user.WelcomeActivity}: Setting back callback OnBackInvokedCallbackInfo{mCallback=android.window.IOnBackInvokedCallback$Stub$Proxy@498dc6f, mPriority=0}
01-08 18:41:15.321  1223  1223 W ActivityManager: Unbind failed: could not find connection for android.app.LoadedApk$ServiceDispatcher$InnerConnection@7674605
01-08 18:41:15.336  1223  2081 D CompatibilityChangeReporter: Compat change id reported: 168419799; UID 10426; state: DISABLED
01-08 18:41:15.336  1223  2081 D CompatibilityChangeReporter: Compat change id reported: 273564678; UID 10426; state: DISABLED
01-08 18:41:15.382  1223  2082 I ActivityTaskManager: Config changes=20000500 {1.0 ?mcc?mnc [en_US] ldltr sw360dp w360dp h719dp 480dpi nrml long port night finger -keyb/h/h -nav/h winConfig={ mBounds=Rect(0, 0 - 1080, 2400) mAppBounds=Rect(0, 100 - 1080, 2256) mMaxBounds=Rect(0, 0 - 1080, 2400) mDisplayRotation=ROTATION_0 mWindowingMode=fullscreen mDisplayWindowingMode=fullscreen mActivityType=undefined mAlwaysOnTop=undefined mRotation=ROTATION_0} s.22 fontWeightAdjustment=0}
01-08 18:41:15.396  1223  2082 I WindowManager: Override config changes=20000500 {1.0 ?mcc?mnc [en_US] ldltr sw360dp w360dp h719dp 480dpi nrml long port night finger -keyb/h/h -nav/h winConfig={ mBounds=Rect(0, 0 - 1080, 2400) mAppBounds=Rect(0, 100 - 1080, 2256) mMaxBounds=Rect(0, 0 - 1080, 2400) mDisplayRotation=ROTATION_0 mWindowingMode=fullscreen mDisplayWindowingMode=fullscreen mActivityType=undefined mAlwaysOnTop=undefined mRotation=ROTATION_0} s.22 fontWeightAdjustment=0} for displayId=0
01-08 18:41:15.400  1223  2082 D CompatibilityChangeReporter: Compat change id reported: 174042980; UID 10494; state: DISABLED
01-08 18:41:15.400  1223  2082 D CompatibilityChangeReporter: Compat change id reported: 184838306; UID 10494; state: DISABLED
01-08 18:41:15.401  1223  2082 D CompatibilityChangeReporter: Compat change id reported: 185004937; UID 10494; state: DISABLED
01-08 18:41:15.414  2098  2156 V WindowManagerShell: Display changed: 0
01-08 18:41:15.434  1223  2148 D CompatibilityChangeReporter: Compat change id reported: 135634846; UID 10515; state: DISABLED
01-08 18:41:15.434  1223  2082 D CoreBackPreview: Window{58ac0ae u0 NavigationBar0}: Setting back callback OnBackInvokedCallbackInfo{mCallback=android.window.IOnBackInvokedCallback$Stub$Proxy@ef6ac09, mPriority=0}
01-08 18:41:15.434  1223  2148 D CompatibilityChangeReporter: Compat change id reported: 177438394; UID 10515; state: DISABLED
01-08 18:41:15.434  1223  2148 D CompatibilityChangeReporter: Compat change id reported: 135772972; UID 10515; state: DISABLED
01-08 18:41:15.435  1223  2148 D CompatibilityChangeReporter: Compat change id reported: 135754954; UID 10515; state: ENABLED
01-08 18:41:15.436  1223  1270 D CompatibilityChangeReporter: Compat change id reported: 143937733; UID 10515; state: ENABLED
01-08 18:41:15.436  1223  1270 W ActivityManager: com.android.cellbroadcastreceiver.module inode == 0 (b/152760674)
01-08 18:41:15.436  1223  1270 W ActivityManager: com.google.android.gms inode == 0 (b/152760674)
01-08 18:41:15.456  1223  1270 I ActivityManager: Start proc 2709:com.android.cellbroadcastreceiver.module/u0a515 for broadcast {com.android.cellbroadcastreceiver.module/com.android.cellbroadcastreceiver.CellBroadcastReceiver}
01-08 18:41:15.485  1223  2148 D CompatibilityChangeReporter: Compat change id reported: 168419799; UID 10515; state: DISABLED
01-08 18:41:15.486  1223  2148 D CompatibilityChangeReporter: Compat change id reported: 273564678; UID 10515; state: DISABLED
01-08 18:41:15.506  1223  2148 D CoreBackPreview: Window{d5c5f96 u0 EdgeBackGestureHandler0}: Setting back callback OnBackInvokedCallbackInfo{mCallback=android.window.IOnBackInvokedCallback$Stub$Proxy@92b8704, mPriority=0}
01-08 18:41:15.511  1223  1223 D WallpaperManagerService: WPMS.onServiceConnected-ComponentInfo{com.android.systemui/com.android.systemui.wallpapers.ImageWallpaper}
01-08 18:41:15.511  1223  1223 D WallpaperManagerService: WPMS.attachServiceLocked
01-08 18:41:15.511  1223  1223 D WallpaperManagerService: WPMS.connectLocked-ComponentInfo{com.android.systemui/com.android.systemui.wallpapers.ImageWallpaper}
01-08 18:41:15.513  1223  1223 D WallpaperManagerService: WPMS.saveSettingsLocked-0
01-08 18:41:15.518  1223  1223 D WallpaperManagerService: WPMS.onServiceConnected-ComponentInfo{com.android.systemui/com.android.systemui.wallpapers.ImageWallpaper}
01-08 18:41:15.518  1223  1223 D WallpaperManagerService: WPMS.attachServiceLocked
01-08 18:41:15.556  1223  1223 I ConnectivityModuleConnector: Networking module service connected
01-08 18:41:15.580  1223  1223 I ConnectivityModuleConnector: Networking module service connected
01-08 18:41:15.585  1223  2148 D CompatibilityChangeReporter: Compat change id reported: 135634846; UID 10456; state: DISABLED
01-08 18:41:15.585  1223  2148 D CompatibilityChangeReporter: Compat change id reported: 177438394; UID 10456; state: DISABLED
01-08 18:41:15.586  1223  2148 D CompatibilityChangeReporter: Compat change id reported: 135772972; UID 10456; state: DISABLED
01-08 18:41:15.586  1223  2148 D CompatibilityChangeReporter: Compat change id reported: 135754954; UID 10456; state: ENABLED
01-08 18:41:15.586  1223  1270 D CompatibilityChangeReporter: Compat change id reported: 143937733; UID 10456; state: ENABLED
01-08 18:41:15.587  1223  1270 W ActivityManager: com.google.android.apps.wellbeing inode == 0 (b/152760674)
01-08 18:41:15.587  1223  1270 W ActivityManager: com.google.android.gms inode == 0 (b/152760674)
01-08 18:41:15.588  1223  2082 D CompatibilityChangeReporter: Compat change id reported: 135634846; UID 10408; state: DISABLED
01-08 18:41:15.588  1223  2082 D CompatibilityChangeReporter: Compat change id reported: 177438394; UID 10408; state: DISABLED
01-08 18:41:15.588  1223  2082 D CompatibilityChangeReporter: Compat change id reported: 135772972; UID 10408; state: DISABLED
01-08 18:41:15.588  1223  2082 D CompatibilityChangeReporter: Compat change id reported: 135754954; UID 10408; state: ENABLED
01-08 18:41:15.596  1223  2147 I WindowManager: finishDrawing of relaunch: Window{7b44c50 u0 com.google.android.pixel.setupwizard/com.google.android.pixel.setupwizard.user.WelcomeActivity} 191ms
01-08 18:41:15.607  1223  1270 I ActivityManager: Start proc 2734:com.google.android.apps.wellbeing/u0a456 for broadcast {com.google.android.apps.wellbeing/com.google.android.apps.wellbeing.winddown.impl.WindDownRefreshStateBroadcastReceiver_Receiver}
01-08 18:41:15.607  1223  1270 D CompatibilityChangeReporter: Compat change id reported: 143937733; UID 10408; state: ENABLED
01-08 18:41:15.608  1223  1270 W ActivityManager: com.android.cellbroadcastreceiver inode == 0 (b/152760674)
