05-15 15:50:13.352  1248  1248 D SystemServerTiming: watchDeviceProvisioning
05-15 15:50:13.358  1248  1248 D SystemServerTiming: retrieveSettings
05-15 15:50:13.360  1248  1248 I ActivityTaskManager: Config changes=10000100 {1.0 ?mcc?mnc [en_IN] ldltr sw400dp w400dp h852dp 432dpi nrml long port night finger -keyb/v/h -nav/h winConfig={ mBounds=Rect(0, 0 - 1080, 2400) mAppBounds=Rect(0, 100 - 1080, 2400) mMaxBounds=Rect(0, 0 - 1080, 2400) mDisplayRotation=ROTATION_0 mWindowingMode=fullscreen mDisplayWindowingMode=fullscreen mActivityType=undefined mAlwaysOnTop=undefined mRotation=ROTATION_0} s.10 fontWeightAdjustment=300}
05-15 15:50:13.361  1248  1248 I WindowManager: Override config changes=10000100 {1.0 ?mcc?mnc [en_IN] ldltr sw400dp w400dp h852dp 432dpi nrml long port night finger -keyb/v/h -nav/h winConfig={ mBounds=Rect(0, 0 - 1080, 2400) mAppBounds=Rect(0, 100 - 1080, 2400) mMaxBounds=Rect(0, 0 - 1080, 2400) mDisplayRotation=ROTATION_0 mWindowingMode=fullscreen mDisplayWindowingMode=fullscreen mActivityType=undefined mAlwaysOnTop=undefined mRotation=ROTATION_0} s.10 fontWeightAdjustment=300} for displayId=0
05-15 15:50:13.366  1248  1248 D SystemServerTiming: Ugm.onSystemReady
05-15 15:50:13.369  1248  1248 D SystemServerTiming: updateForceBackgroundCheck
05-15 15:50:13.369  1248  1248 I SystemServer: Making services ready
05-15 15:50:13.369  1248  1248 D SystemServerTiming: StartActivityManagerReadyPhase
05-15 15:50:13.369  1248  1248 I SystemServiceManager: Starting phase 550
05-15 15:50:13.369  1248  1248 D SystemServerTiming: OnBootPhase_550
05-15 15:50:13.369  1248  1248 D SystemServerTiming: OnBootPhase_550_com.android.server.security.FileIntegrityService
05-15 15:50:13.369  1248  1248 D SystemServerTiming: OnBootPhase_550_com.android.server.pm.Installer
05-15 15:50:13.369  1248  1248 D SystemServerTiming: OnBootPhase_550_com.android.server.os.DeviceIdentifiersPolicyService
05-15 15:50:13.369  1248  1248 D SystemServerTiming: OnBootPhase_550_com.android.server.uri.UriGrantsManagerService$Lifecycle
05-15 15:50:13.369  1248  1248 D SystemServerTiming: OnBootPhase_550_com.android.server.powerstats.PowerStatsService
05-15 15:50:13.369  1248  1248 D SystemServerTiming: OnBootPhase_550_com.android.server.wm.ActivityTaskManagerService$Lifecycle
05-15 15:50:13.369  1248  1248 D SystemServerTiming: OnBootPhase_550_com.android.server.am.ActivityManagerService$Lifecycle
05-15 15:50:13.370  1248  1248 D SystemServerTiming: OnBootPhase_550_com.android.server.pm.DataLoaderManagerService
05-15 15:50:13.370  1248  1248 D SystemServerTiming: OnBootPhase_550_com.android.server.power.PowerManagerService
05-15 15:50:13.370  1248  1248 D SystemServerTiming: OnBootPhase_550_com.android.server.power.ThermalManagerService
05-15 15:50:13.371  1248  1248 E ThermalHalWrapper: Thermal HAL 2.0 service not connected.
05-15 15:50:13.372  1248  1248 E ThermalHalWrapper: Thermal HAL 1.1 service not connected.
05-15 15:50:13.373  1248  1248 E ThermalHalWrapper: Thermal HAL 1.0 service not connected.
05-15 15:50:13.373  1248  1248 W ThermalManagerService: No Thermal HAL service on this device
05-15 15:50:13.373  1248  1248 D SystemServerTiming: OnBootPhase_550_com.android.server.power.hint.HintManagerService
05-15 15:50:13.373  1248  1248 D SystemServerTiming: OnBootPhase_550_com.android.server.recoverysystem.RecoverySystemService$Lifecycle
05-15 15:50:13.373  1248  1248 D SystemServerTiming: OnBootPhase_550_com.android.server.lights.LightsService
05-15 15:50:13.373  1248  1248 D SystemServerTiming: OnBootPhase_550_com.android.server.display.DisplayManagerService
05-15 15:50:13.373  1248  1248 D SystemServerTiming: OnBootPhase_550_com.android.server.pm.verify.domain.DomainVerificationService
05-15 15:50:13.373  1248  1248 D SystemServerTiming: OnBootPhase_550_com.android.server.pm.PackageInstallerService$Lifecycle
05-15 15:50:13.373  1248  1248 D SystemServerTiming: OnBootPhase_550_com.android.server.pm.UserManagerService$LifeCycle
05-15 15:50:13.373  1248  1248 D SystemServerTiming: OnBootPhase_550_com.android.server.om.OverlayManagerService
05-15 15:50:13.373  1248  1248 D SystemServerTiming: OnBootPhase_550_com.android.server.resources.ResourcesManagerService
05-15 15:50:13.373  1248  1248 D SystemServerTiming: OnBootPhase_550_com.android.server.sensorprivacy.SensorPrivacyService
05-15 15:50:13.374  1248  1248 D SystemServerTiming: OnBootPhase_550_com.android.server.sensors.SensorService
05-15 15:50:13.374  1248  1248 D SystemServerTiming: OnBootPhase_550_com.android.server.SystemConfigService
05-15 15:50:13.374  1248  1248 D SystemServerTiming: OnBootPhase_550_com.android.server.BatteryService
05-15 15:50:13.374  1248  1248 D SystemServerTiming: OnBootPhase_550_com.android.server.usage.UsageStatsService
05-15 15:50:13.374  1248  1248 D SystemServerTiming: OnBootPhase_550_com.android.server.webkit.WebViewUpdateService
05-15 15:50:13.374  1248  1248 D SystemServerTiming: OnBootPhase_550_com.android.server.CachedDeviceStateService
05-15 15:50:13.374  1248  1248 D SystemServerTiming: OnBootPhase_550_com.android.server.BinderCallsStatsService$LifeCycle
05-15 15:50:13.374  1248  1248 D SystemServerTiming: OnBootPhase_550_com.android.server.LooperStatsService$Lifecycle
05-15 15:50:13.375  1248  1248 D SystemServerTiming: OnBootPhase_550_com.android.server.rollback.RollbackManagerService
05-15 15:50:13.375  1248  1248 D SystemServerTiming: OnBootPhase_550_com.android.server.os.NativeTombstoneManagerService
05-15 15:50:13.375  1248  1248 D SystemServerTiming: OnBootPhase_550_com.android.server.os.BugreportManagerService
05-15 15:50:13.375  1248  1248 D SystemServerTiming: OnBootPhase_550_com.android.server.gpu.GpuService
05-15 15:50:13.375  1248  1248 D SystemServerTiming: OnBootPhase_550_com.android.server.security.KeyChainSystemService
05-15 15:50:13.375  1248  1248 D SystemServerTiming: OnBootPhase_550_com.android.server.BinaryTransparencyService
05-15 15:50:13.375  1248  1248 D SystemServerTiming: OnBootPhase_550_com.android.server.telecom.TelecomLoaderService
05-15 15:50:13.376  1248  1333 E NativeTombstoneManager: Tombstone's UID (1000) not an app, ignoring
05-15 15:50:13.376  1248  1248 W ActivityManager: Too early to start/bind service in system_server: Phase=550 ComponentInfo{com.android.server.telecom/com.android.server.telecom.components.TelecomService}
05-15 15:50:13.377  1248  1248 D CompatibilityChangeReporter: Compat change id reported: 168419799; UID 1000; state: DISABLED
05-15 15:50:13.377  1248  1248 D CompatibilityChangeReporter: Compat change id reported: 273564678; UID 1000; state: DISABLED
05-15 15:50:13.377  1248  1248 W ActivityManager: Too early to start/bind service in system_server: Phase=550 ComponentInfo{com.android.server.telecom/com.android.server.telecom.components.TelecomService}
05-15 15:50:13.378  1248  1248 D OomAdjuster: Not killing cached processes
05-15 15:50:13.378  1248  1248 D SystemServerTiming: OnBootPhase_550_com.android.server.accounts.AccountManagerService$Lifecycle
05-15 15:50:13.378  1248  1248 D SystemServerTiming: OnBootPhase_550_com.android.server.content.ContentService$Lifecycle
05-15 15:50:13.387  1248  1333 E NativeTombstoneManager: Tombstone's UID (1046) not an app, ignoring
05-15 15:50:13.393  1248  1333 E NativeTombstoneManager: Tombstone's UID (1000) not an app, ignoring
05-15 15:50:13.410  1248  1333 E NativeTombstoneManager: Tombstone's UID (1001) not an app, ignoring
05-15 15:50:13.426  1248  1333 E NativeTombstoneManager: Tombstone's UID (1046) not an app, ignoring
05-15 15:50:13.445  1248  1333 E NativeTombstoneManager: Tombstone's UID (50461) not an app, ignoring
05-15 15:50:13.458  1248  1333 E NativeTombstoneManager: Tombstone's UID (1001) not an app, ignoring
05-15 15:50:13.460  1248  1333 E NativeTombstoneManager: Tombstone's UID (1046) not an app, ignoring
05-15 15:50:13.460  1248  1333 E NativeTombstoneManager: Tombstone's UID (1000) not an app, ignoring
05-15 15:50:13.461  1248  1333 E NativeTombstoneManager: Tombstone's UID (1000) not an app, ignoring
05-15 15:50:13.463  1248  1333 E NativeTombstoneManager: Tombstone's UID (1046) not an app, ignoring
05-15 15:50:13.468  1248  1333 E NativeTombstoneManager: Tombstone's UID (1046) not an app, ignoring
05-15 15:50:13.469  1248  1333 E NativeTombstoneManager: Tombstone's UID (1000) not an app, ignoring
05-15 15:50:13.470  1248  1333 E NativeTombstoneManager: Tombstone's UID (1046) not an app, ignoring
05-15 15:50:13.474  1248  1333 E NativeTombstoneManager: Tombstone's UID (1046) not an app, ignoring
05-15 15:50:13.474  1248  1333 E NativeTombstoneManager: Tombstone's UID (1000) not an app, ignoring
05-15 15:50:13.475  1248  1333 E NativeTombstoneManager: Tombstone's UID (1001) not an app, ignoring
05-15 15:50:13.477  1248  1333 E NativeTombstoneManager: Tombstone's UID (50461) not an app, ignoring
05-15 15:50:13.477  1248  1333 E NativeTombstoneManager: Tombstone's UID (1046) not an app, ignoring
05-15 15:50:13.482  1248  1333 E NativeTombstoneManager: Tombstone's UID (1046) not an app, ignoring
05-15 15:50:13.483  1248  1333 E NativeTombstoneManager: Tombstone's UID (1000) not an app, ignoring
05-15 15:50:13.483  1248  1333 E NativeTombstoneManager: Tombstone's UID (1046) not an app, ignoring
05-15 15:50:13.487  1248  1333 E NativeTombstoneManager: Tombstone's UID (1001) not an app, ignoring
05-15 15:50:13.488  1248  1333 E NativeTombstoneManager: Tombstone's UID (50461) not an app, ignoring
05-15 15:50:13.488  1248  1333 E NativeTombstoneManager: Tombstone's UID (1046) not an app, ignoring
05-15 15:50:13.489  1248  1333 E NativeTombstoneManager: Tombstone's UID (1046) not an app, ignoring
05-15 15:50:13.498  1248  1333 E NativeTombstoneManager: Tombstone's UID (1000) not an app, ignoring
05-15 15:50:13.499  1248  1333 E NativeTombstoneManager: Tombstone's UID (1001) not an app, ignoring
05-15 15:50:13.499  1248  1333 E NativeTombstoneManager: Tombstone's UID (1001) not an app, ignoring
05-15 15:50:13.500  1248  1333 E NativeTombstoneManager: Tombstone's UID (1046) not an app, ignoring
05-15 15:50:13.505  1248  1333 E NativeTombstoneManager: Tombstone's UID (1000) not an app, ignoring
05-15 15:50:13.505  1248  1333 E NativeTombstoneManager: Tombstone's UID (1046) not an app, ignoring
05-15 15:50:13.506  1248  1333 E NativeTombstoneManager: Tombstone's UID (1013) not an app, ignoring
05-15 15:50:13.511  1248  1333 E NativeTombstoneManager: Tombstone's UID (1046) not an app, ignoring
05-15 15:50:13.511  1248  1333 E NativeTombstoneManager: Tombstone's UID (1001) not an app, ignoring
05-15 15:50:13.511  1248  1333 E NativeTombstoneManager: Tombstone's UID (1046) not an app, ignoring
05-15 15:50:13.512  1248  1333 E NativeTombstoneManager: Tombstone's UID (1000) not an app, ignoring
05-15 15:50:13.513  1248  1333 E NativeTombstoneManager: Tombstone's UID (1001) not an app, ignoring
05-15 15:50:13.514  1248  1333 E NativeTombstoneManager: Tombstone's UID (50461) not an app, ignoring
05-15 15:50:13.514  1248  1333 E NativeTombstoneManager: Tombstone's UID (50461) not an app, ignoring
05-15 15:50:13.514  1248  1333 E NativeTombstoneManager: Tombstone's UID (1046) not an app, ignoring
05-15 15:50:13.515  1248  1333 E NativeTombstoneManager: Tombstone's UID (1000) not an app, ignoring
05-15 15:50:13.516  1248  1333 E NativeTombstoneManager: Tombstone's UID (50461) not an app, ignoring
05-15 15:50:13.517  1248  1333 E NativeTombstoneManager: Tombstone's UID (1013) not an app, ignoring
05-15 15:50:13.517  1248  1333 E NativeTombstoneManager: Tombstone's UID (1000) not an app, ignoring
05-15 15:50:13.517  1248  1333 E NativeTombstoneManager: Tombstone's UID (1001) not an app, ignoring
05-15 15:50:13.518  1248  1333 E NativeTombstoneManager: Tombstone's UID (1000) not an app, ignoring
05-15 15:50:13.518  1248  1333 E NativeTombstoneManager: Tombstone's UID (1046) not an app, ignoring
05-15 15:50:13.519  1248  1333 E NativeTombstoneManager: Tombstone's UID (1001) not an app, ignoring
05-15 15:50:13.519  1248  1333 E NativeTombstoneManager: Tombstone's UID (1001) not an app, ignoring
05-15 15:50:13.520  1248  1333 E NativeTombstoneManager: Tombstone's UID (1046) not an app, ignoring
05-15 15:50:13.525  1248  1333 E NativeTombstoneManager: Tombstone's UID (1046) not an app, ignoring
05-15 15:50:13.526  1248  1333 E NativeTombstoneManager: Tombstone's UID (1046) not an app, ignoring
05-15 15:50:13.526  1248  1333 E NativeTombstoneManager: Tombstone's UID (1046) not an app, ignoring
05-15 15:50:13.526  1248  1333 E NativeTombstoneManager: Tombstone's UID (1000) not an app, ignoring
05-15 15:50:13.527  1248  1333 E NativeTombstoneManager: Tombstone's UID (1046) not an app, ignoring
05-15 15:50:13.534  1248  1333 E NativeTombstoneManager: Tombstone's UID (1046) not an app, ignoring
05-15 15:50:13.534  1248  1333 E NativeTombstoneManager: Tombstone's UID (1046) not an app, ignoring
05-15 15:50:13.534  1248  1333 E NativeTombstoneManager: Tombstone's UID (1001) not an app, ignoring
05-15 15:50:13.535  1248  1333 E NativeTombstoneManager: Tombstone's UID (1000) not an app, ignoring
05-15 15:50:13.535  1248  1333 E NativeTombstoneManager: Tombstone's UID (1000) not an app, ignoring
05-15 15:50:13.537  1248  1333 E NativeTombstoneManager: Tombstone's UID (1046) not an app, ignoring
05-15 15:50:13.538  1248  1333 E NativeTombstoneManager: Tombstone's UID (1046) not an app, ignoring
05-15 15:50:13.538  1248  1333 E NativeTombstoneManager: Tombstone's UID (1046) not an app, ignoring
05-15 15:50:13.540  1248  1333 E NativeTombstoneManager: Tombstone's UID (1046) not an app, ignoring
05-15 15:50:13.545  1248  1333 E NativeTombstoneManager: Tombstone's UID (1001) not an app, ignoring
05-15 15:50:13.545  1248  1333 E NativeTombstoneManager: Tombstone's UID (1046) not an app, ignoring
05-15 15:50:13.548  1248  1333 E NativeTombstoneManager: Tombstone's UID (1046) not an app, ignoring
05-15 15:50:13.548  1248  1333 E NativeTombstoneManager: Tombstone's UID (1000) not an app, ignoring
05-15 15:50:13.549  1248  1333 E NativeTombstoneManager: Tombstone's UID (1046) not an app, ignoring
05-15 15:50:13.549  1248  1333 E NativeTombstoneManager: Tombstone's UID (1046) not an app, ignoring
05-15 15:50:13.553  1248  1333 E NativeTombstoneManager: Tombstone's UID (1000) not an app, ignoring
05-15 15:50:13.556  1248  1333 E NativeTombstoneManager: Tombstone's UID (1000) not an app, ignoring
05-15 15:50:13.557  1248  1333 E NativeTombstoneManager: Tombstone's UID (1000) not an app, ignoring
05-15 15:50:13.560  1248  1333 E NativeTombstoneManager: Tombstone's UID (1000) not an app, ignoring
05-15 15:50:13.560  1248  1333 E NativeTombstoneManager: Tombstone's UID (1000) not an app, ignoring
05-15 15:50:13.564  1248  1333 E NativeTombstoneManager: Tombstone's UID (1000) not an app, ignoring
05-15 15:50:13.568  1248  1333 E NativeTombstoneManager: Tombstone's UID (1046) not an app, ignoring
05-15 15:50:13.568  1248  1333 E NativeTombstoneManager: Tombstone's UID (1000) not an app, ignoring
05-15 15:50:13.568  1248  1333 E NativeTombstoneManager: Tombstone's UID (1046) not an app, ignoring
05-15 15:50:13.571  1248  1333 E NativeTombstoneManager: Tombstone's UID (50461) not an app, ignoring
05-15 15:50:13.571  1248  1333 E NativeTombstoneManager: Tombstone's UID (50461) not an app, ignoring
05-15 15:50:13.572  1248  1333 E NativeTombstoneManager: Tombstone's UID (1001) not an app, ignoring
05-15 15:50:13.572  1248  1333 E NativeTombstoneManager: Tombstone's UID (1001) not an app, ignoring
05-15 15:50:13.572  1248  1333 E NativeTombstoneManager: Tombstone's UID (1046) not an app, ignoring
05-15 15:50:13.572  1248  1333 E NativeTombstoneManager: Tombstone's UID (1000) not an app, ignoring
05-15 15:50:13.573  1248  1333 E NativeTombstoneManager: Tombstone's UID (1000) not an app, ignoring
05-15 15:50:13.573  1248  1333 E NativeTombstoneManager: Tombstone's UID (1001) not an app, ignoring
05-15 15:50:13.573  1248  1333 E NativeTombstoneManager: Tombstone's UID (1000) not an app, ignoring
05-15 15:50:13.573  1248  1333 E NativeTombstoneManager: Tombstone's UID (1046) not an app, ignoring
05-15 15:50:13.573  1248  1333 E NativeTombstoneManager: Tombstone's UID (1046) not an app, ignoring
05-15 15:50:13.574  1248  1333 E NativeTombstoneManager: Tombstone's UID (1000) not an app, ignoring
05-15 15:50:13.574  1248  1333 E NativeTombstoneManager: Tombstone's UID (50461) not an app, ignoring
05-15 15:50:13.574  1248  1333 E NativeTombstoneManager: Tombstone's UID (50461) not an app, ignoring
05-15 15:50:13.575  1248  1333 E NativeTombstoneManager: Tombstone's UID (1001) not an app, ignoring
05-15 15:50:13.575  1248  1333 E NativeTombstoneManager: Tombstone's UID (1001) not an app, ignoring
05-15 15:50:13.575  1248  1333 E NativeTombstoneManager: Tombstone's UID (1046) not an app, ignoring
05-15 15:50:13.575  1248  1333 E NativeTombstoneManager: Tombstone's UID (1046) not an app, ignoring
05-15 15:50:13.576  1248  1333 E NativeTombstoneManager: Tombstone's UID (1000) not an app, ignoring
05-15 15:50:13.576  1248  1333 E NativeTombstoneManager: Tombstone's UID (1000) not an app, ignoring
05-15 15:50:13.621  1248  1275 I UsbPortManager: USB HAL HIDL version: 11
05-15 15:50:13.638  1248  1248 W SystemServiceManager: Service com.android.server.content.ContentService$Lifecycle took 261 ms in onBootPhase
05-15 15:50:13.638  1248  1248 D SystemServerTiming: OnBootPhase_550_com.android.server.DropBoxManagerService
05-15 15:50:13.638  1248  1248 D SystemServerTiming: OnBootPhase_550_com.android.role.RoleService
05-15 15:50:13.638  1248  1248 D SystemServerTiming: OnBootPhase_550_com.android.server.vibrator.VibratorManagerService$Lifecycle
05-15 15:50:13.638  1248  1248 D SystemServerTiming: OnBootPhase_550_com.android.server.tare.InternalResourceService
05-15 15:50:13.639  1248  1248 D SystemServerTiming: OnBootPhase_550_com.android.server.alarm.AlarmManagerService
05-15 15:50:13.639  1248  1248 D SystemServerTiming: OnBootPhase_550_com.android.server.devicestate.DeviceStateManagerService
05-15 15:50:13.639  1248  1248 D SystemServerTiming: OnBootPhase_550_com.android.server.camera.CameraServiceProxy
05-15 15:50:13.639  1248  1248 D SystemServerTiming: OnBootPhase_550_com.android.server.bluetooth.BluetoothService
05-15 15:50:13.639  1248  1248 D SystemServerTiming: OnBootPhase_550_com.android.server.connectivity.IpConnectivityMetrics
05-15 15:50:13.639  1248  1248 D SystemServerTiming: OnBootPhase_550_com.android.server.net.watchlist.NetworkWatchlistService$Lifecycle
05-15 15:50:13.639  1248  1248 D SystemServerTiming: OnBootPhase_550_com.android.server.PinnerService
05-15 15:50:13.640  1248  1248 D SystemServerTiming: OnBootPhase_550_com.android.server.integrity.AppIntegrityManagerService
05-15 15:50:13.640  1248  1248 D SystemServerTiming: OnBootPhase_550_com.android.server.logcat.LogcatManagerService
05-15 15:50:13.640  1248  1248 D SystemServerTiming: OnBootPhase_550_com.android.server.derp.LineageGlobalActionsService
05-15 15:50:13.640  1248  1248 D SystemServerTiming: OnBootPhase_550_com.android.server.inputmethod.InputMethodManagerService$Lifecycle
05-15 15:50:13.642  1248  1334 D SystemServerTimingAsync: InitThreadPoolExec:Lazily initialize IMMS#mImeDrawsImeNavBarRes
05-15 15:50:13.711  1248  1248 W InputMethodUtils: getApplicationInfo failed. packageName=com.google.android.apps.inputmethod.hindi userId=0
05-15 15:50:13.711  1248  1248 W InputMethodUtils: android.content.pm.PackageManager$NameNotFoundException: com.google.android.apps.inputmethod.hindi
05-15 15:50:13.711  1248  1248 W InputMethodUtils: 	at android.app.ApplicationPackageManager.getApplicationInfoAsUser(ApplicationPackageManager.java:504)
05-15 15:50:13.711  1248  1248 W InputMethodUtils: 	at android.app.ApplicationPackageManager.getApplicationInfo(ApplicationPackageManager.java:487)
05-15 15:50:13.711  1248  1248 W InputMethodUtils: 	at com.android.server.inputmethod.InputMethodUtils.setNonSelectedSystemImesDisabledUntilUsed(InputMethodUtils.java:706)
05-15 15:50:13.711  1248  1248 W InputMethodUtils: 	at com.android.server.inputmethod.InputMethodManagerService.systemRunning(InputMethodManagerService.java:2075)
05-15 15:50:13.711  1248  1248 W InputMethodUtils: 	at com.android.server.inputmethod.InputMethodManagerService$Lifecycle.onBootPhase(InputMethodManagerService.java:1716)
05-15 15:50:13.711  1248  1248 W InputMethodUtils: 	at com.android.server.SystemServiceManager.startBootPhase(SystemServiceManager.java:294)
05-15 15:50:13.711  1248  1248 W InputMethodUtils: 	at com.android.server.SystemServer.lambda$startOtherServices$5(SystemServer.java:2874)
05-15 15:50:13.711  1248  1248 W InputMethodUtils: 	at com.android.server.SystemServer.$r8$lambda$cHpru_0zTEigJU4rvGBr8u7hU4w(Unknown Source:0)
05-15 15:50:13.711  1248  1248 W InputMethodUtils: 	at com.android.server.SystemServer$$ExternalSyntheticLambda5.run(Unknown Source:28)
05-15 15:50:13.711  1248  1248 W InputMethodUtils: 	at com.android.server.am.ActivityManagerService.systemReady(ActivityManagerService.java:8300)
05-15 15:50:13.711  1248  1248 W InputMethodUtils: 	at com.android.server.SystemServer.startOtherServices(SystemServer.java:2871)
05-15 15:50:13.711  1248  1248 W InputMethodUtils: 	at com.android.server.SystemServer.run(SystemServer.java:961)
05-15 15:50:13.711  1248  1248 W InputMethodUtils: 	at com.android.server.SystemServer.main(SystemServer.java:667)
05-15 15:50:13.711  1248  1248 W InputMethodUtils: 	at java.lang.reflect.Method.invoke(Native Method)
05-15 15:50:13.711  1248  1248 W InputMethodUtils: 	at com.android.internal.os.RuntimeInit$MethodAndArgsCaller.run(RuntimeInit.java:548)
05-15 15:50:13.711  1248  1248 W InputMethodUtils: 	at com.android.internal.os.ZygoteInit.main(ZygoteInit.java:920)
05-15 15:50:13.711  1248  1248 W InputMethodUtils: getApplicationInfo failed. packageName=com.google.android.inputmethod.japanese userId=0
05-15 15:50:13.711  1248  1248 W InputMethodUtils: android.content.pm.PackageManager$NameNotFoundException: com.google.android.inputmethod.japanese
05-15 15:50:13.711  1248  1248 W InputMethodUtils: 	at android.app.ApplicationPackageManager.getApplicationInfoAsUser(ApplicationPackageManager.java:504)
05-15 15:50:13.711  1248  1248 W InputMethodUtils: 	at android.app.ApplicationPackageManager.getApplicationInfo(ApplicationPackageManager.java:487)
05-15 15:50:13.711  1248  1248 W InputMethodUtils: 	at com.android.server.inputmethod.InputMethodUtils.setNonSelectedSystemImesDisabledUntilUsed(InputMethodUtils.java:706)
05-15 15:50:13.711  1248  1248 W InputMethodUtils: 	at com.android.server.inputmethod.InputMethodManagerService.systemRunning(InputMethodManagerService.java:2075)
05-15 15:50:13.711  1248  1248 W InputMethodUtils: 	at com.android.server.inputmethod.InputMethodManagerService$Lifecycle.onBootPhase(InputMethodManagerService.java:1716)
05-15 15:50:13.711  1248  1248 W InputMethodUtils: 	at com.android.server.SystemServiceManager.startBootPhase(SystemServiceManager.java:294)
05-15 15:50:13.711  1248  1248 W InputMethodUtils: 	at com.android.server.SystemServer.lambda$startOtherServices$5(SystemServer.java:2874)
05-15 15:50:13.711  1248  1248 W InputMethodUtils: 	at com.android.server.SystemServer.$r8$lambda$cHpru_0zTEigJU4rvGBr8u7hU4w(Unknown Source:0)
05-15 15:50:13.711  1248  1248 W InputMethodUtils: 	at com.android.server.SystemServer$$ExternalSyntheticLambda5.run(Unknown Source:28)
05-15 15:50:13.711  1248  1248 W InputMethodUtils: 	at com.android.server.am.ActivityManagerService.systemReady(ActivityManagerService.java:8300)
05-15 15:50:13.711  1248  1248 W InputMethodUtils: 	at com.android.server.SystemServer.startOtherServices(SystemServer.java:2871)
05-15 15:50:13.711  1248  1248 W InputMethodUtils: 	at com.android.server.SystemServer.run(SystemServer.java:961)
05-15 15:50:13.711  1248  1248 W InputMethodUtils: 	at com.android.server.SystemServer.main(SystemServer.java:667)
05-15 15:50:13.711  1248  1248 W InputMethodUtils: 	at java.lang.reflect.Method.invoke(Native Method)
05-15 15:50:13.711  1248  1248 W InputMethodUtils: 	at com.android.internal.os.RuntimeInit$MethodAndArgsCaller.run(RuntimeInit.java:548)
05-15 15:50:13.711  1248  1248 W InputMethodUtils: 	at com.android.internal.os.ZygoteInit.main(ZygoteInit.java:920)
05-15 15:50:13.711  1248  1248 W InputMethodUtils: getApplicationInfo failed. packageName=com.google.android.inputmethod.korean userId=0
05-15 15:50:13.711  1248  1248 W InputMethodUtils: android.content.pm.PackageManager$NameNotFoundException: com.google.android.inputmethod.korean
05-15 15:50:13.711  1248  1248 W InputMethodUtils: 	at android.app.ApplicationPackageManager.getApplicationInfoAsUser(ApplicationPackageManager.java:504)
05-15 15:50:13.711  1248  1248 W InputMethodUtils: 	at android.app.ApplicationPackageManager.getApplicationInfo(ApplicationPackageManager.java:487)
05-15 15:50:13.711  1248  1248 W InputMethodUtils: 	at com.android.server.inputmethod.InputMethodUtils.setNonSelectedSystemImesDisabledUntilUsed(InputMethodUtils.java:706)
05-15 15:50:13.711  1248  1248 W InputMethodUtils: 	at com.android.server.inputmethod.InputMethodManagerService.systemRunning(InputMethodManagerService.java:2075)
05-15 15:50:13.711  1248  1248 W InputMethodUtils: 	at com.android.server.inputmethod.InputMethodManagerService$Lifecycle.onBootPhase(InputMethodManagerService.java:1716)
05-15 15:50:13.711  1248  1248 W InputMethodUtils: 	at com.android.server.SystemServiceManager.startBootPhase(SystemServiceManager.java:294)
05-15 15:50:13.711  1248  1248 W InputMethodUtils: 	at com.android.server.SystemServer.lambda$startOtherServices$5(SystemServer.java:2874)
05-15 15:50:13.711  1248  1248 W InputMethodUtils: 	at com.android.server.SystemServer.$r8$lambda$cHpru_0zTEigJU4rvGBr8u7hU4w(Unknown Source:0)
05-15 15:50:13.711  1248  1248 W InputMethodUtils: 	at com.android.server.SystemServer$$ExternalSyntheticLambda5.run(Unknown Source:28)
05-15 15:50:13.711  1248  1248 W InputMethodUtils: 	at com.android.server.am.ActivityManagerService.systemReady(ActivityManagerService.java:8300)
05-15 15:50:13.711  1248  1248 W InputMethodUtils: 	at com.android.server.SystemServer.startOtherServices(SystemServer.java:2871)
05-15 15:50:13.711  1248  1248 W InputMethodUtils: 	at com.android.server.SystemServer.run(SystemServer.java:961)
05-15 15:50:13.711  1248  1248 W InputMethodUtils: 	at com.android.server.SystemServer.main(SystemServer.java:667)
05-15 15:50:13.711  1248  1248 W InputMethodUtils: 	at java.lang.reflect.Method.invoke(Native Method)
05-15 15:50:13.711  1248  1248 W InputMethodUtils: 	at com.android.internal.os.RuntimeInit$MethodAndArgsCaller.run(RuntimeInit.java:548)
05-15 15:50:13.711  1248  1248 W InputMethodUtils: 	at com.android.internal.os.ZygoteInit.main(ZygoteInit.java:920)
05-15 15:50:13.711  1248  1248 W InputMethodUtils: getApplicationInfo failed. packageName=com.google.android.inputmethod.pinyin userId=0
05-15 15:50:13.711  1248  1248 W InputMethodUtils: android.content.pm.PackageManager$NameNotFoundException: com.google.android.inputmethod.pinyin
05-15 15:50:13.711  1248  1248 W InputMethodUtils: 	at android.app.ApplicationPackageManager.getApplicationInfoAsUser(ApplicationPackageManager.java:504)
05-15 15:50:13.711  1248  1248 W InputMethodUtils: 	at android.app.ApplicationPackageManager.getApplicationInfo(ApplicationPackageManager.java:487)
05-15 15:50:13.711  1248  1248 W InputMethodUtils: 	at com.android.server.inputmethod.InputMethodUtils.setNonSelectedSystemImesDisabledUntilUsed(InputMethodUtils.java:706)
05-15 15:50:13.711  1248  1248 W InputMethodUtils: 	at com.android.server.inputmethod.InputMethodManagerService.systemRunning(InputMethodManagerService.java:2075)
05-15 15:50:13.711  1248  1248 W InputMethodUtils: 	at com.android.server.inputmethod.InputMethodManagerService$Lifecycle.onBootPhase(InputMethodManagerService.java:1716)
05-15 15:50:13.711  1248  1248 W InputMethodUtils: 	at com.android.server.SystemServiceManager.startBootPhase(SystemServiceManager.java:294)
05-15 15:50:13.711  1248  1248 W InputMethodUtils: 	at com.android.server.SystemServer.lambda$startOtherServices$5(SystemServer.java:2874)
05-15 15:50:13.711  1248  1248 W InputMethodUtils: 	at com.android.server.SystemServer.$r8$lambda$cHpru_0zTEigJU4rvGBr8u7hU4w(Unknown Source:0)
05-15 15:50:13.711  1248  1248 W InputMethodUtils: 	at com.android.server.SystemServer$$ExternalSyntheticLambda5.run(Unknown Source:28)
05-15 15:50:13.711  1248  1248 W InputMethodUtils: 	at com.android.server.am.ActivityManagerService.systemReady(ActivityManagerService.java:8300)
05-15 15:50:13.711  1248  1248 W InputMethodUtils: 	at com.android.server.SystemServer.startOtherServices(SystemServer.java:2871)
05-15 15:50:13.711  1248  1248 W InputMethodUtils: 	at com.android.server.SystemServer.run(SystemServer.java:961)
05-15 15:50:13.711  1248  1248 W InputMethodUtils: 	at com.android.server.SystemServer.main(SystemServer.java:667)
05-15 15:50:13.711  1248  1248 W InputMethodUtils: 	at java.lang.reflect.Method.invoke(Native Method)
05-15 15:50:13.711  1248  1248 W InputMethodUtils: 	at com.android.internal.os.RuntimeInit$MethodAndArgsCaller.run(RuntimeInit.java:548)
05-15 15:50:13.711  1248  1248 W InputMethodUtils: 	at com.android.internal.os.ZygoteInit.main(ZygoteInit.java:920)
05-15 15:50:13.712  1248  1248 W InputMethodUtils: getApplicationInfo failed. packageName=jp.co.omronsoft.iwnnime.ml userId=0
05-15 15:50:13.712  1248  1248 W InputMethodUtils: android.content.pm.PackageManager$NameNotFoundException: jp.co.omronsoft.iwnnime.ml
05-15 15:50:13.712  1248  1248 W InputMethodUtils: 	at android.app.ApplicationPackageManager.getApplicationInfoAsUser(ApplicationPackageManager.java:504)
05-15 15:50:13.712  1248  1248 W InputMethodUtils: 	at android.app.ApplicationPackageManager.getApplicationInfo(ApplicationPackageManager.java:487)
05-15 15:50:13.712  1248  1248 W InputMethodUtils: 	at com.android.server.inputmethod.InputMethodUtils.setNonSelectedSystemImesDisabledUntilUsed(InputMethodUtils.java:706)
05-15 15:50:13.712  1248  1248 W InputMethodUtils: 	at com.android.server.inputmethod.InputMethodManagerService.systemRunning(InputMethodManagerService.java:2075)
05-15 15:50:13.712  1248  1248 W InputMethodUtils: 	at com.android.server.inputmethod.InputMethodManagerService$Lifecycle.onBootPhase(InputMethodManagerService.java:1716)
05-15 15:50:13.712  1248  1248 W InputMethodUtils: 	at com.android.server.SystemServiceManager.startBootPhase(SystemServiceManager.java:294)
05-15 15:50:13.712  1248  1248 W InputMethodUtils: 	at com.android.server.SystemServer.lambda$startOtherServices$5(SystemServer.java:2874)
05-15 15:50:13.712  1248  1248 W InputMethodUtils: 	at com.android.server.SystemServer.$r8$lambda$cHpru_0zTEigJU4rvGBr8u7hU4w(Unknown Source:0)
05-15 15:50:13.712  1248  1248 W InputMethodUtils: 	at com.android.server.SystemServer$$ExternalSyntheticLambda5.run(Unknown Source:28)
05-15 15:50:13.712  1248  1248 W InputMethodUtils: 	at com.android.server.am.ActivityManagerService.systemReady(ActivityManagerService.java:8300)
05-15 15:50:13.712  1248  1248 W InputMethodUtils: 	at com.android.server.SystemServer.startOtherServices(SystemServer.java:2871)
05-15 15:50:13.712  1248  1248 W InputMethodUtils: 	at com.android.server.SystemServer.run(SystemServer.java:961)
05-15 15:50:13.712  1248  1248 W InputMethodUtils: 	at com.android.server.SystemServer.main(SystemServer.java:667)
05-15 15:50:13.712  1248  1248 W InputMethodUtils: 	at java.lang.reflect.Method.invoke(Native Method)
05-15 15:50:13.712  1248  1248 W InputMethodUtils: 	at com.android.internal.os.RuntimeInit$MethodAndArgsCaller.run(RuntimeInit.java:548)
05-15 15:50:13.712  1248  1248 W InputMethodUtils: 	at com.android.internal.os.ZygoteInit.main(ZygoteInit.java:920)
05-15 15:50:13.712  1248  1248 W InputMethodUtils: getApplicationInfo failed. packageName=com.nuance.xt9.input userId=0
05-15 15:50:13.712  1248  1248 W InputMethodUtils: android.content.pm.PackageManager$NameNotFoundException: com.nuance.xt9.input
05-15 15:50:13.712  1248  1248 W InputMethodUtils: 	at android.app.ApplicationPackageManager.getApplicationInfoAsUser(ApplicationPackageManager.java:504)
05-15 15:50:13.712  1248  1248 W InputMethodUtils: 	at android.app.ApplicationPackageManager.getApplicationInfo(ApplicationPackageManager.java:487)
05-15 15:50:13.712  1248  1248 W InputMethodUtils: 	at com.android.server.inputmethod.InputMethodUtils.setNonSelectedSystemImesDisabledUntilUsed(InputMethodUtils.java:706)
05-15 15:50:13.712  1248  1248 W InputMethodUtils: 	at com.android.server.inputmethod.InputMethodManagerService.systemRunning(InputMethodManagerService.java:2075)
05-15 15:50:13.712  1248  1248 W InputMethodUtils: 	at com.android.server.inputmethod.InputMethodManagerService$Lifecycle.onBootPhase(InputMethodManagerService.java:1716)
05-15 15:50:13.712  1248  1248 W InputMethodUtils: 	at com.android.server.SystemServiceManager.startBootPhase(SystemServiceManager.java:294)
05-15 15:50:13.712  1248  1248 W InputMethodUtils: 	at com.android.server.SystemServer.lambda$startOtherServices$5(SystemServer.java:2874)
05-15 15:50:13.712  1248  1248 W InputMethodUtils: 	at com.android.server.SystemServer.$r8$lambda$cHpru_0zTEigJU4rvGBr8u7hU4w(Unknown Source:0)
05-15 15:50:13.712  1248  1248 W InputMethodUtils: 	at com.android.server.SystemServer$$ExternalSyntheticLambda5.run(Unknown Source:28)
05-15 15:50:13.712  1248  1248 W InputMethodUtils: 	at com.android.server.am.ActivityManagerService.systemReady(ActivityManagerService.java:8300)
05-15 15:50:13.712  1248  1248 W InputMethodUtils: 	at com.android.server.SystemServer.startOtherServices(SystemServer.java:2871)
05-15 15:50:13.712  1248  1248 W InputMethodUtils: 	at com.android.server.SystemServer.run(SystemServer.java:961)
05-15 15:50:13.712  1248  1248 W InputMethodUtils: 	at com.android.server.SystemServer.main(SystemServer.java:667)
05-15 15:50:13.712  1248  1248 W InputMethodUtils: 	at java.lang.reflect.Method.invoke(Native Method)
05-15 15:50:13.712  1248  1248 W InputMethodUtils: 	at com.android.internal.os.RuntimeInit$MethodAndArgsCaller.run(RuntimeInit.java:548)
05-15 15:50:13.712  1248  1248 W InputMethodUtils: 	at com.android.internal.os.ZygoteInit.main(ZygoteInit.java:920)
05-15 15:50:13.712  1248  1248 W SystemServiceManager: Service com.android.server.inputmethod.InputMethodManagerService$Lifecycle took 72 ms in onBootPhase
05-15 15:50:13.712  1248  1248 D SystemServerTiming: OnBootPhase_550_com.android.server.accessibility.AccessibilityManagerService$Lifecycle
05-15 15:50:13.712  1248  1248 D SystemServerTiming: OnBootPhase_550_com.android.server.StorageManagerService$Lifecycle
05-15 15:50:13.712  1248  1248 D SystemServerTiming: OnBootPhase_550_com.android.server.usage.StorageStatsService$Lifecycle
05-15 15:50:13.712  1248  1248 D SystemServerTiming: OnBootPhase_550_com.android.server.UiModeManagerService
05-15 15:50:13.712  1248  1248 D SystemServerTiming: OnBootPhase_550_com.android.server.locales.LocaleManagerService
05-15 15:50:13.712  1248  1248 D SystemServerTiming: OnBootPhase_550_com.android.server.locksettings.LockSettingsService$Lifecycle
05-15 15:50:13.714  1248  1248 I RebootEscrowManager: No reboot escrow data found for users, skipping loading escrow data
05-15 15:50:13.717  1248  1248 D SystemServerTiming: OnBootPhase_550_com.android.server.PersistentDataBlockService
05-15 15:50:13.717  1248  1248 D SystemServerTiming: OnBootPhase_550_com.android.server.testharness.TestHarnessModeService
05-15 15:50:13.717  1248  1248 D SystemServerTiming: OnBootPhase_550_com.android.server.oemlock.OemLockService
05-15 15:50:13.717  1248  1248 D SystemServerTiming: OnBootPhase_550_com.android.server.DeviceIdleController
05-15 15:50:13.717  1248  1248 D SystemServerTiming: OnBootPhase_550_com.android.server.devicepolicy.DevicePolicyManagerService$Lifecycle
05-15 15:50:13.717  1248  1248 D SystemServerTiming: OnBootPhase_550_com.android.server.musicrecognition.MusicRecognitionManagerService
05-15 15:50:13.717  1248  1248 D SystemServerTiming: OnBootPhase_550_com.android.server.contentcapture.ContentCaptureManagerService
05-15 15:50:13.717  1248  1248 D SystemServerTiming: OnBootPhase_550_com.android.server.attention.AttentionManagerService
05-15 15:50:13.717  1248  1248 D SystemServerTiming: OnBootPhase_550_com.android.server.rotationresolver.RotationResolverManagerService
05-15 15:50:13.717  1248  1248 D SystemServerTiming: OnBootPhase_550_com.android.server.systemcaptions.SystemCaptionsManagerService
05-15 15:50:13.717  1248  1248 D SystemServerTiming: OnBootPhase_550_com.android.server.texttospeech.TextToSpeechManagerService
05-15 15:50:13.717  1248  1248 D SystemServerTiming: OnBootPhase_550_com.android.server.ambientcontext.AmbientContextManagerService
05-15 15:50:13.717  1248  1248 D SystemServerTiming: OnBootPhase_550_com.android.server.speech.SpeechRecognitionManagerService
05-15 15:50:13.718  1248  1248 D SystemServerTiming: OnBootPhase_550_com.android.server.appprediction.AppPredictionManagerService
05-15 15:50:13.718  1248  1248 D SystemServerTiming: OnBootPhase_550_com.android.server.contentsuggestions.ContentSuggestionsManagerService
05-15 15:50:13.718  1248  1248 D SystemServerTiming: OnBootPhase_550_com.android.server.searchui.SearchUiManagerService
05-15 15:50:13.718  1248  1248 D SystemServerTiming: OnBootPhase_550_com.android.server.smartspace.SmartspaceManagerService
05-15 15:50:13.718  1248  1248 D SystemServerTiming: OnBootPhase_550_com.android.server.graphics.fonts.FontManagerService$Lifecycle
05-15 15:50:13.718  1248  1248 D SystemServerTiming: OnBootPhase_550_com.android.server.textservices.TextServicesManagerService$Lifecycle
05-15 15:50:13.718  1248  1248 D SystemServerTiming: OnBootPhase_550_com.android.server.textclassifier.TextClassificationManagerService$Lifecycle
05-15 15:50:13.718  1248  1248 D SystemServerTiming: OnBootPhase_550_com.android.server.NetworkScoreService$Lifecycle
05-15 15:50:13.718  1248  1248 D SystemServerTiming: OnBootPhase_550_com.android.server.NetworkStatsServiceInitializer
05-15 15:50:13.751  1248  1248 D SystemServerTiming: OnBootPhase_550_com.android.server.wifi.WifiService
05-15 15:50:13.751  1248  1248 D SystemServerTiming: OnBootPhase_550_com.android.server.wifi.scanner.WifiScanningService
05-15 15:50:13.751  1248  1248 D SystemServerTiming: OnBootPhase_550_com.android.server.wifi.p2p.WifiP2pService
05-15 15:50:13.751  1248  1248 D SystemServerTiming: OnBootPhase_550_com.android.server.ConnectivityServiceInitializer
05-15 15:50:13.751  1248  1248 D SystemServerTiming: OnBootPhase_550_com.android.server.notification.NotificationManagerService
05-15 15:50:13.751  1248  1248 D SystemServerTiming: OnBootPhase_550_com.android.server.storage.DeviceStorageMonitorService
05-15 15:50:13.751  1248  1248 D SystemServerTiming: OnBootPhase_550_com.android.server.location.LocationManagerService$Lifecycle
05-15 15:50:13.751  1248  1248 D SystemServerTiming: OnBootPhase_550_com.android.server.timedetector.TimeDetectorService$Lifecycle
05-15 15:50:13.751  1248  1248 D SystemServerTiming: OnBootPhase_550_com.android.server.timezonedetector.TimeZoneDetectorService$Lifecycle
05-15 15:50:13.751  1248  1248 D SystemServerTiming: OnBootPhase_550_com.android.server.timezonedetector.location.LocationTimeZoneManagerService$Lifecycle
05-15 15:50:13.751  1248  1248 D SystemServerTiming: OnBootPhase_550_com.android.server.search.SearchManagerService$Lifecycle
05-15 15:50:13.751  1248  1248 D SystemServerTiming: OnBootPhase_550_com.android.server.wallpaper.WallpaperManagerService$Lifecycle
05-15 15:50:13.753  1248  1248 V WallpaperManagerService: bindWallpaperComponentLocked: componentName=ComponentInfo{com.android.systemui/com.android.systemui.wallpapers.ImageWallpaper}
05-15 15:50:13.753  1248  1248 D WallpaperManagerService: WPMS.bindWallpaperComponentLocked-ComponentInfo{com.android.systemui/com.android.systemui.wallpapers.ImageWallpaper}
05-15 15:50:13.755  1248  1248 D CompatibilityChangeReporter: Compat change id reported: 135634846; UID 10499; state: DISABLED
05-15 15:50:13.755  1248  1248 D CompatibilityChangeReporter: Compat change id reported: 177438394; UID 10499; state: DISABLED
05-15 15:50:13.755  1248  1248 D CompatibilityChangeReporter: Compat change id reported: 135772972; UID 10499; state: DISABLED
05-15 15:50:13.755  1248  1248 D CompatibilityChangeReporter: Compat change id reported: 135754954; UID 10499; state: ENABLED
05-15 15:50:13.756  1248  1286 D CompatibilityChangeReporter: Compat change id reported: 143937733; UID 10499; state: ENABLED
05-15 15:50:13.757  1248  1248 D SystemServerTiming: OnBootPhase_550_com.android.server.wallpapereffectsgeneration.WallpaperEffectsGenerationManagerService
05-15 15:50:13.757  1248  1248 D SystemServerTiming: OnBootPhase_550_com.android.server.audio.AudioService$Lifecycle
05-15 15:50:13.757  1248  1248 D SystemServerTiming: OnBootPhase_550_com.android.server.soundtrigger_middleware.SoundTriggerMiddlewareService$Lifecycle
05-15 15:50:13.757  1248  1248 D SystemServerTiming: OnBootPhase_550_com.android.server.DockObserver
05-15 15:50:13.758  1248  1248 D SystemServerTiming: OnBootPhase_550_com.android.server.midi.MidiService$Lifecycle
05-15 15:50:13.758  1248  1248 D SystemServerTiming: OnBootPhase_550_com.android.server.adb.AdbService$Lifecycle
05-15 15:50:13.758  1248  1248 D SystemServerTiming: OnBootPhase_550_com.android.server.usb.UsbService$Lifecycle
05-15 15:50:13.758  1248  1248 D SystemServerTiming: OnBootPhase_550_com.android.server.twilight.TwilightService
05-15 15:50:13.758  1248  1248 D SystemServerTiming: OnBootPhase_550_com.android.server.display.color.ColorDisplayService
05-15 15:50:13.758  1248  1350 D SystemServerTimingAsync: InitThreadPoolExec:UsbService$Lifecycle#onBootPhase
05-15 15:50:13.758  1248  1248 D SystemServerTiming: OnBootPhase_550_com.android.server.job.JobSchedulerService
05-15 15:50:13.758  1248  1248 D SystemServerTiming: OnBootPhase_550_com.android.server.soundtrigger.SoundTriggerService
05-15 15:50:13.758  1248  1248 D SoundTriggerService: onBootPhase: 550 : false
05-15 15:50:13.758  1248  1248 D SystemServerTiming: OnBootPhase_550_com.android.server.trust.TrustManagerService
05-15 15:50:13.758  1248  1248 D SystemServerTiming: OnBootPhase_550_com.android.server.backup.BackupManagerService$Lifecycle
05-15 15:50:13.758  1248  1248 D SystemServerTiming: OnBootPhase_550_com.android.server.appwidget.AppWidgetService
05-15 15:50:13.758  1248  1248 D SystemServerTiming: OnBootPhase_550_com.android.server.voiceinteraction.VoiceInteractionManagerService
05-15 15:50:13.758  1248  1248 D SystemServerTiming: OnBootPhase_550_com.android.server.apphibernation.AppHibernationService
05-15 15:50:13.758  1248  1248 D SystemServerTiming: OnBootPhase_550_com.android.server.GestureLauncherService
05-15 15:50:13.758  1248  1248 D SystemServerTiming: OnBootPhase_550_com.android.server.SensorNotificationService
05-15 15:50:13.758  1248  1248 D SystemServerTiming: OnBootPhase_550_com.android.server.emergency.EmergencyAffordanceService
05-15 15:50:13.758  1248  1248 D SystemServerTiming: OnBootPhase_550_com.android.server.blob.BlobStoreManagerService
05-15 15:50:13.759  1248  1248 D SystemServerTiming: OnBootPhase_550_com.android.server.dreams.DreamManagerService
05-15 15:50:13.759  1248  1248 D SystemServerTiming: OnBootPhase_550_com.android.server.print.PrintManagerService
05-15 15:50:13.759  1248  1248 D SystemServerTiming: OnBootPhase_550_com.android.server.security.AttestationVerificationManagerService
05-15 15:50:13.759  1248  1248 D SystemServerTiming: OnBootPhase_550_com.android.server.companion.CompanionDeviceManagerService
05-15 15:50:13.759  1248  1248 D SystemServerTiming: OnBootPhase_550_com.android.server.companion.virtual.VirtualDeviceManagerService
05-15 15:50:13.759  1248  1248 D SystemServerTiming: OnBootPhase_550_com.android.server.restrictions.RestrictionsManagerService
05-15 15:50:13.760  1248  1248 D SystemServerTiming: OnBootPhase_550_com.android.server.media.MediaSessionService
05-15 15:50:13.760  1248  1248 D SystemServerTiming: OnBootPhase_550_com.android.server.media.MediaResourceMonitorService
05-15 15:50:13.760  1248  1248 D SystemServerTiming: OnBootPhase_550_com.android.server.biometrics.sensors.face.FaceService
05-15 15:50:13.760  1248  1248 D SystemServerTiming: OnBootPhase_550_com.android.server.biometrics.sensors.fingerprint.FingerprintService
05-15 15:50:13.761  1248  1248 D SystemServerTiming: OnBootPhase_550_com.android.server.biometrics.BiometricService
05-15 15:50:13.761  1248  1248 D SystemServerTiming: OnBootPhase_550_com.android.server.biometrics.AuthService
05-15 15:50:13.761  1248  1248 D SystemServerTiming: OnBootPhase_550_com.android.server.app.AppLockManagerService$Lifecycle
05-15 15:50:13.761  1248  1283 I UsbPortManager: ClientCallback V1_1: dual-role-type_c_port0
05-15 15:50:13.762  1248  1275 I UsbPortManager: USB port added: port=UsbPort{id=dual-role-type_c_port0, supportedModes=dualsupportedContaminantProtectionModes=0supportsEnableContaminantPresenceProtection=falsesupportsEnableContaminantPresenceDetection=false, status=UsbPortStatus{connected=true, currentMode=ufp, currentPowerRole=sink, currentDataRole=device, supportedRoleCombinations=[sink:device], contaminantDetectionStatus=0, contaminantProtectionStatus=0, usbDataStatus=unknown, isPowerTransferLimited=false, powerBrickConnectionStatus=unknown}, canChangeMode=false, canChangePowerRole=false, canChangeDataRole=false, connectedAtMillis=17887, lastConnectDurationMillis=0
05-15 15:50:13.762  1248  1248 I AppLockManagerService: onBootCompleted
05-15 15:50:13.763  1248  1248 D SystemServerTiming: OnBootPhase_550_com.android.server.pm.ShortcutService$Lifecycle
05-15 15:50:13.763  1248  1248 D SystemServerTiming: OnBootPhase_550_com.android.server.pm.LauncherAppsService
05-15 15:50:13.763  1248  1248 D SystemServerTiming: OnBootPhase_550_com.android.server.pm.CrossProfileAppsService
05-15 15:50:13.763  1248  1248 D SystemServerTiming: OnBootPhase_550_com.android.server.pocket.PocketService
05-15 15:50:13.763  1248  1248 W PocketService: Un-handled boot phase:550
05-15 15:50:13.763  1248  1248 D SystemServerTiming: OnBootPhase_550_com.android.server.people.PeopleService
05-15 15:50:13.763  1248  1248 D SystemServerTiming: OnBootPhase_550_com.android.server.media.metrics.MediaMetricsManagerService
05-15 15:50:13.763  1248  1248 D SystemServerTiming: OnBootPhase_550_com.android.server.derp.CustomDeviceConfigService
05-15 15:50:13.763  1248  1248 D SystemServerTiming: OnBootPhase_550_com.android.server.vibrator.LinearmotorVibratorService
05-15 15:50:13.763  1248  1248 D SystemServerTiming: OnBootPhase_550_com.android.server.derp.LineageHardwareService
05-15 15:50:13.763  1248  1248 D SystemServerTiming: OnBootPhase_550_com.android.server.derp.display.LiveDisplayService
05-15 15:50:13.763  1248  1248 D SystemServerTiming: OnBootPhase_550_com.android.server.derp.health.HealthInterfaceService
05-15 15:50:13.763  1248  1248 D SystemServerTiming: OnBootPhase_550_com.android.server.media.projection.MediaProjectionManagerService
05-15 15:50:13.763  1248  1248 D SystemServerTiming: OnBootPhase_550_com.android.server.slice.SliceManagerService$Lifecycle
05-15 15:50:13.763  1248  1248 D SystemServerTiming: OnBootPhase_550_com.android.server.stats.StatsCompanion$Lifecycle
05-15 15:50:13.763  1248  1248 D SystemServerTiming: OnBootPhase_550_com.android.server.scheduling.RebootReadinessManagerService$Lifecycle
05-15 15:50:13.763  1248  1248 D SystemServerTiming: OnBootPhase_550_com.android.server.stats.pull.StatsPullAtomService
05-15 15:50:13.763  1248  1248 D SystemServerTiming: OnBootPhase_550_com.android.server.stats.bootstrap.StatsBootstrapAtomService$Lifecycle
05-15 15:50:13.763  1248  1248 D SystemServerTiming: OnBootPhase_550_com.android.server.incident.IncidentCompanionService
05-15 15:50:13.763  1248  1248 D SystemServerTiming: OnBootPhase_550_com.android.server.sdksandbox.SdkSandboxManagerService$Lifecycle
05-15 15:50:13.763  1248  1248 D SystemServerTiming: OnBootPhase_550_com.android.server.adservices.AdServicesManagerService$Lifecycle
05-15 15:50:13.763  1248  1248 D SystemServerTiming: OnBootPhase_550_com.android.server.MmsServiceBroker
05-15 15:50:13.763  1248  1248 D SystemServerTiming: OnBootPhase_550_com.android.server.autofill.AutofillManagerService
05-15 15:50:13.763  1248  1248 D SystemServerTiming: OnBootPhase_550_com.android.server.translation.TranslationManagerService
05-15 15:50:13.763  1248  1248 D SystemServerTiming: OnBootPhase_550_com.android.server.clipboard.ClipboardService
05-15 15:50:13.763  1248  1248 D SystemServerTiming: OnBootPhase_550_com.android.server.appbinding.AppBindingService$Lifecycle
05-15 15:50:13.764  1248  1248 I AppBindingService: Updating constants with: null
05-15 15:50:13.764  1248  1248 D SystemServerTiming: OnBootPhase_550_com.android.server.tracing.TracingServiceProxy
05-15 15:50:13.764  1248  1248 D SystemServerTiming: OnBootPhase_550_com.android.server.policy.PermissionPolicyService
05-15 15:50:13.764  1248  1248 D SystemServerTiming: Permission_grant_default_permissions-0
05-15 15:50:13.764  1248  1248 D SystemServerTiming: Permission_synchronize_permissions-0
05-15 15:50:13.764  1248  1248 D SystemServerTiming: Permission_synchronize_addPackages-0
05-15 15:50:13.767  1248  1286 I ActivityManager: Start proc 1454:com.android.systemui/u0a499 for service {com.android.systemui/com.android.systemui.wallpapers.ImageWallpaper}
05-15 15:50:13.793  1248  1248 D SystemServerTiming: Permission_syncPackages-0
05-15 15:50:13.796  1248  1437 D CompatibilityChangeReporter: Compat change id reported: 168419799; UID 10499; state: DISABLED
05-15 15:50:13.796  1248  1437 D CompatibilityChangeReporter: Compat change id reported: 273564678; UID 10499; state: DISABLED
05-15 15:50:13.804  1248  1248 D SystemServerTiming: Permission_onInitialized-0
