05-20 00:29:26.664   323   323 I recovery: type=1400 audit(0.0:3605): avc: denied { read } for name="RhgHcxf5RusN5LV1,5om,Ylk1BJu6HTQt++1L7wWUhB" dev="mmcblk0p38" ino=2747295 scontext=u:r:recovery:s0 tcontext=u:object_r:app_data_file:s0:c131,c257,c512,c768 tclass=dir permissive=1
05-20 00:29:26.664   323   323 I recovery: type=1400 audit(0.0:3606): avc: denied { open } for path="/data/data/RhgHcxf5RusN5LV1,5om,Ylk1BJu6HTQt++1L7wWUhB" dev="mmcblk0p38" ino=2747295 scontext=u:r:recovery:s0 tcontext=u:object_r:app_data_file:s0:c131,c257,c512,c768 tclass=dir permissive=1
05-20 00:29:26.664   323   323 I recovery: type=1400 audit(0.0:3607): avc: denied { search } for name="RhgHcxf5RusN5LV1,5om,Ylk1BJu6HTQt++1L7wWUhB" dev="mmcblk0p38" ino=2747295 scontext=u:r:recovery:s0 tcontext=u:object_r:app_data_file:s0:c131,c257,c512,c768 tclass=dir permissive=1
05-20 00:29:26.664   323   323 I recovery: type=1400 audit(0.0:3608): avc: denied { getattr } for path="/data/data/,87B4pm0En67ECc1VsFOwu,R2bGEFVS5n24UfQNEddD" dev="mmcblk0p38" ino=2747397 scontext=u:r:recovery:s0 tcontext=u:object_r:app_data_file:s0:c250,c257,c512,c768 tclass=dir permissive=1
05-20 00:29:26.664   323   323 I recovery: type=1400 audit(0.0:3609): avc: denied { read } for name=",87B4pm0En67ECc1VsFOwu,R2bGEFVS5n24UfQNEddD" dev="mmcblk0p38" ino=2747397 scontext=u:r:recovery:s0 tcontext=u:object_r:app_data_file:s0:c250,c257,c512,c768 tclass=dir permissive=1
05-20 00:29:26.664   323   323 I recovery: type=1400 audit(0.0:3610): avc: denied { open } for path="/data/data/,87B4pm0En67ECc1VsFOwu,R2bGEFVS5n24UfQNEddD" dev="mmcblk0p38" ino=2747397 scontext=u:r:recovery:s0 tcontext=u:object_r:app_data_file:s0:c250,c257,c512,c768 tclass=dir permissive=1
05-20 00:29:26.664   323   323 I recovery: type=1400 audit(0.0:3611): avc: denied { search } for name=",87B4pm0En67ECc1VsFOwu,R2bGEFVS5n24UfQNEddD" dev="mmcblk0p38" ino=2747397 scontext=u:r:recovery:s0 tcontext=u:object_r:app_data_file:s0:c250,c257,c512,c768 tclass=dir permissive=1
05-20 00:29:26.668   323   323 I recovery: type=1400 audit(0.0:3612): avc: denied { getattr } for path="/data/data/_ikxjbzVH3ov3XjlkJzaTpXORTyS,Y9m0" dev="mmcblk0p38" ino=2616519 scontext=u:r:recovery:s0 tcontext=u:object_r:app_data_file:s0:c52,c257,c512,c768 tclass=dir permissive=1
05-20 00:29:26.668   323   323 I recovery: type=1400 audit(0.0:3613): avc: denied { read } for name="_ikxjbzVH3ov3XjlkJzaTpXORTyS,Y9m0" dev="mmcblk0p38" ino=2616519 scontext=u:r:recovery:s0 tcontext=u:object_r:app_data_file:s0:c52,c257,c512,c768 tclass=dir permissive=1
05-20 00:29:26.668   323   323 I recovery: type=1400 audit(0.0:3614): avc: denied { open } for path="/data/data/_ikxjbzVH3ov3XjlkJzaTpXORTyS,Y9m0" dev="mmcblk0p38" ino=2616519 scontext=u:r:recovery:s0 tcontext=u:object_r:app_data_file:s0:c52,c257,c512,c768 tclass=dir permissive=1
05-20 00:29:26.668   323   323 I recovery: type=1400 audit(0.0:3615): avc: denied { search } for name="_ikxjbzVH3ov3XjlkJzaTpXORTyS,Y9m0" dev="mmcblk0p38" ino=2616519 scontext=u:r:recovery:s0 tcontext=u:object_r:app_data_file:s0:c52,c257,c512,c768 tclass=dir permissive=1
05-20 00:29:26.668   323   323 I recovery: type=1400 audit(0.0:3616): avc: denied { getattr } for path="/data/data/_AE0GcLp,QYhF816FKf2,5IM9mX31BsyE" dev="mmcblk0p38" ino=2486058 scontext=u:r:recovery:s0 tcontext=u:object_r:app_data_file:s0:c71,c256,c512,c768 tclass=dir permissive=1
05-20 00:29:26.668   323   323 I recovery: type=1400 audit(0.0:3617): avc: denied { read } for name="_AE0GcLp,QYhF816FKf2,5IM9mX31BsyE" dev="mmcblk0p38" ino=2486058 scontext=u:r:recovery:s0 tcontext=u:object_r:app_data_file:s0:c71,c256,c512,c768 tclass=dir permissive=1
05-20 00:29:26.668   323   323 I recovery: type=1400 audit(0.0:3618): avc: denied { open } for path="/data/data/_AE0GcLp,QYhF816FKf2,5IM9mX31BsyE" dev="mmcblk0p38" ino=2486058 scontext=u:r:recovery:s0 tcontext=u:object_r:app_data_file:s0:c71,c256,c512,c768 tclass=dir permissive=1
05-20 00:29:26.668   323   323 I recovery: type=1400 audit(0.0:3619): avc: denied { search } for name="_AE0GcLp,QYhF816FKf2,5IM9mX31BsyE" dev="mmcblk0p38" ino=2486058 scontext=u:r:recovery:s0 tcontext=u:object_r:app_data_file:s0:c71,c256,c512,c768 tclass=dir permissive=1
05-20 00:29:26.676   323   323 I recovery: type=1400 audit(0.0:3620): avc: denied { getattr } for path="/data/data/_UMbicXmE7i7kqleQ8+pq7+7NpMj+9QWc" dev="mmcblk0p38" ino=2485875 scontext=u:r:recovery:s0 tcontext=u:object_r:app_data_file:s0:c16,c256,c512,c768 tclass=dir permissive=1
05-20 00:29:26.676   323   323 I recovery: type=1400 audit(0.0:3621): avc: denied { read } for name="_UMbicXmE7i7kqleQ8+pq7+7NpMj+9QWc" dev="mmcblk0p38" ino=2485875 scontext=u:r:recovery:s0 tcontext=u:object_r:app_data_file:s0:c16,c256,c512,c768 tclass=dir permissive=1
05-20 00:29:26.676   323   323 I recovery: type=1400 audit(0.0:3622): avc: denied { open } for path="/data/data/_UMbicXmE7i7kqleQ8+pq7+7NpMj+9QWc" dev="mmcblk0p38" ino=2485875 scontext=u:r:recovery:s0 tcontext=u:object_r:app_data_file:s0:c16,c256,c512,c768 tclass=dir permissive=1
05-20 00:29:26.676   323   323 I recovery: type=1400 audit(0.0:3623): avc: denied { search } for name="_UMbicXmE7i7kqleQ8+pq7+7NpMj+9QWc" dev="mmcblk0p38" ino=2485875 scontext=u:r:recovery:s0 tcontext=u:object_r:app_data_file:s0:c16,c256,c512,c768 tclass=dir permissive=1
05-20 00:29:26.676   323   323 I recovery: type=1400 audit(0.0:3624): avc: denied { getattr } for path="/data/data/G3FZpZ,2CqOAtth3wqZRYalk1BJu6HTQt++1L7wWUhB" dev="mmcblk0p38" ino=2747574 scontext=u:r:recovery:s0 tcontext=u:object_r:app_data_file:s0:c212,c256,c512,c768 tclass=dir permissive=1
05-20 00:29:26.676   323   323 I recovery: type=1400 audit(0.0:3625): avc: denied { read } for name="G3FZpZ,2CqOAtth3wqZRYalk1BJu6HTQt++1L7wWUhB" dev="mmcblk0p38" ino=2747574 scontext=u:r:recovery:s0 tcontext=u:object_r:app_data_file:s0:c212,c256,c512,c768 tclass=dir permissive=1
05-20 00:29:26.676   323   323 I recovery: type=1400 audit(0.0:3626): avc: denied { open } for path="/data/data/G3FZpZ,2CqOAtth3wqZRYalk1BJu6HTQt++1L7wWUhB" dev="mmcblk0p38" ino=2747574 scontext=u:r:recovery:s0 tcontext=u:object_r:app_data_file:s0:c212,c256,c512,c768 tclass=dir permissive=1
05-20 00:29:26.680   323   323 I recovery: type=1400 audit(0.0:3627): avc: denied { search } for name="G3FZpZ,2CqOAtth3wqZRYalk1BJu6HTQt++1L7wWUhB" dev="mmcblk0p38" ino=2747574 scontext=u:r:recovery:s0 tcontext=u:object_r:app_data_file:s0:c212,c256,c512,c768 tclass=dir permissive=1
05-20 00:29:26.684   323   323 I recovery: type=1400 audit(0.0:3628): avc: denied { getattr } for path="/data/data/_immvdDv+yaovAjSRA7n1Bcp2B9QcQJiH" dev="mmcblk0p38" ino=2616366 scontext=u:r:recovery:s0 tcontext=u:object_r:app_data_file:s0:c17,c257,c512,c768 tclass=dir permissive=1
05-20 00:29:26.684   323   323 I recovery: type=1400 audit(0.0:3629): avc: denied { read } for name="_immvdDv+yaovAjSRA7n1Bcp2B9QcQJiH" dev="mmcblk0p38" ino=2616366 scontext=u:r:recovery:s0 tcontext=u:object_r:app_data_file:s0:c17,c257,c512,c768 tclass=dir permissive=1
05-20 00:29:26.684   323   323 I recovery: type=1400 audit(0.0:3630): avc: denied { open } for path="/data/data/_immvdDv+yaovAjSRA7n1Bcp2B9QcQJiH" dev="mmcblk0p38" ino=2616366 scontext=u:r:recovery:s0 tcontext=u:object_r:app_data_file:s0:c17,c257,c512,c768 tclass=dir permissive=1
05-20 00:29:26.684   323   323 I recovery: type=1400 audit(0.0:3631): avc: denied { search } for name="_immvdDv+yaovAjSRA7n1Bcp2B9QcQJiH" dev="mmcblk0p38" ino=2616366 scontext=u:r:recovery:s0 tcontext=u:object_r:app_data_file:s0:c17,c257,c512,c768 tclass=dir permissive=1
05-20 00:29:26.684   323   323 I recovery: type=1400 audit(0.0:3632): avc: denied { getattr } for path="/data/data/_aw6+dTzXtUxKcbmmMpfkLUY8dix4qeXE" dev="mmcblk0p38" ino=2616766 scontext=u:r:recovery:s0 tcontext=u:object_r:app_data_file:s0:c142,c256,c512,c768 tclass=dir permissive=1
05-20 00:29:26.684   323   323 I recovery: type=1400 audit(0.0:3633): avc: denied { read } for name="_aw6+dTzXtUxKcbmmMpfkLUY8dix4qeXE" dev="mmcblk0p38" ino=2616766 scontext=u:r:recovery:s0 tcontext=u:object_r:app_data_file:s0:c142,c256,c512,c768 tclass=dir permissive=1
05-20 00:29:26.684   323   323 I recovery: type=1400 audit(0.0:3634): avc: denied { open } for path="/data/data/_aw6+dTzXtUxKcbmmMpfkLUY8dix4qeXE" dev="mmcblk0p38" ino=2616766 scontext=u:r:recovery:s0 tcontext=u:object_r:app_data_file:s0:c142,c256,c512,c768 tclass=dir permissive=1
05-20 00:29:26.684   323   323 I recovery: type=1400 audit(0.0:3635): avc: denied { search } for name="_aw6+dTzXtUxKcbmmMpfkLUY8dix4qeXE" dev="mmcblk0p38" ino=2616766 scontext=u:r:recovery:s0 tcontext=u:object_r:app_data_file:s0:c142,c256,c512,c768 tclass=dir permissive=1
05-20 00:29:26.684   359   362 I adbd    : opening control endpoint /dev/usb-ffs/adb/ep0
05-20 00:29:26.686   359   362 I adbd    : UsbFfsConnection constructed
05-20 00:29:26.686   359   577 I adbd    : UsbFfs-monitor thread spawned
05-20 00:29:26.688   323   323 I recovery: type=1400 audit(0.0:3636): avc: denied { getattr } for path="/data/data/_MmDJergXho48UTrtlRPmBSB1lFdri9ts" dev="mmcblk0p38" ino=2616459 scontext=u:r:recovery:s0 tcontext=u:object_r:app_data_file:s0:c250,c256,c512,c768 tclass=dir permissive=1
05-20 00:29:26.688   323   323 I recovery: type=1400 audit(0.0:3637): avc: denied { read } for name="_MmDJergXho48UTrtlRPmBSB1lFdri9ts" dev="mmcblk0p38" ino=2616459 scontext=u:r:recovery:s0 tcontext=u:object_r:app_data_file:s0:c250,c256,c512,c768 tclass=dir permissive=1
05-20 00:29:26.688   323   323 I recovery: type=1400 audit(0.0:3638): avc: denied { open } for path="/data/data/_MmDJergXho48UTrtlRPmBSB1lFdri9ts" dev="mmcblk0p38" ino=2616459 scontext=u:r:recovery:s0 tcontext=u:object_r:app_data_file:s0:c250,c256,c512,c768 tclass=dir permissive=1
05-20 00:29:26.688   323   323 I recovery: type=1400 audit(0.0:3639): avc: denied { search } for name="_MmDJergXho48UTrtlRPmBSB1lFdri9ts" dev="mmcblk0p38" ino=2616459 scontext=u:r:recovery:s0 tcontext=u:object_r:app_data_file:s0:c250,c256,c512,c768 tclass=dir permissive=1
05-20 00:29:26.693   359   577 I adbd    : USB event: FUNCTIONFS_BIND
05-20 00:29:26.696   323   323 I recovery: type=1400 audit(0.0:3640): avc: denied { getattr } for path="/data/data/_o5rQgDfphjmFRY6K56Wq9cF09Ko1e15y" dev="mmcblk0p38" ino=2747403 scontext=u:r:recovery:s0 tcontext=u:object_r:app_data_file:s0:c56,c257,c512,c768 tclass=dir permissive=1
05-20 00:29:26.696   323   323 I recovery: type=1400 audit(0.0:3641): avc: denied { read } for name="_o5rQgDfphjmFRY6K56Wq9cF09Ko1e15y" dev="mmcblk0p38" ino=2747403 scontext=u:r:recovery:s0 tcontext=u:object_r:app_data_file:s0:c56,c257,c512,c768 tclass=dir permissive=1
05-20 00:29:26.696   323   323 I recovery: type=1400 audit(0.0:3642): avc: denied { open } for path="/data/data/_o5rQgDfphjmFRY6K56Wq9cF09Ko1e15y" dev="mmcblk0p38" ino=2747403 scontext=u:r:recovery:s0 tcontext=u:object_r:app_data_file:s0:c56,c257,c512,c768 tclass=dir permissive=1
05-20 00:29:26.696   323   323 I recovery: type=1400 audit(0.0:3643): avc: denied { search } for name="_o5rQgDfphjmFRY6K56Wq9cF09Ko1e15y" dev="mmcblk0p38" ino=2747403 scontext=u:r:recovery:s0 tcontext=u:object_r:app_data_file:s0:c56,c257,c512,c768 tclass=dir permissive=1
05-20 00:29:26.700   323   323 I recovery: type=1400 audit(0.0:3644): avc: denied { getattr } for path="/data/data/_2suqgfmuuo2T0dobBxV09OX6iNBW7ysB" dev="mmcblk0p38" ino=2616781 scontext=u:r:recovery:s0 tcontext=u:object_r:app_data_file:s0:c240,c256,c512,c768 tclass=dir permissive=1
05-20 00:29:26.700   323   323 I recovery: type=1400 audit(0.0:3645): avc: denied { read } for name="_2suqgfmuuo2T0dobBxV09OX6iNBW7ysB" dev="mmcblk0p38" ino=2616781 scontext=u:r:recovery:s0 tcontext=u:object_r:app_data_file:s0:c240,c256,c512,c768 tclass=dir permissive=1
05-20 00:29:26.700   323   323 I recovery: type=1400 audit(0.0:3646): avc: denied { open } for path="/data/data/_2suqgfmuuo2T0dobBxV09OX6iNBW7ysB" dev="mmcblk0p38" ino=2616781 scontext=u:r:recovery:s0 tcontext=u:object_r:app_data_file:s0:c240,c256,c512,c768 tclass=dir permissive=1
05-20 00:29:26.700   323   323 I recovery: type=1400 audit(0.0:3647): avc: denied { search } for name="_2suqgfmuuo2T0dobBxV09OX6iNBW7ysB" dev="mmcblk0p38" ino=2616781 scontext=u:r:recovery:s0 tcontext=u:object_r:app_data_file:s0:c240,c256,c512,c768 tclass=dir permissive=1
05-20 00:29:26.700   323   323 I recovery: type=1400 audit(0.0:3648): avc: denied { getattr } for path="/data/data/_CDQ3gHkfmRya,iMod882xZG0PskVMcGu" dev="mmcblk0p38" ino=2616402 scontext=u:r:recovery:s0 tcontext=u:object_r:app_data_file:s0:c19,c256,c512,c768 tclass=dir permissive=1
05-20 00:29:26.700   323   323 I recovery: type=1400 audit(0.0:3649): avc: denied { read } for name="_CDQ3gHkfmRya,iMod882xZG0PskVMcGu" dev="mmcblk0p38" ino=2616402 scontext=u:r:recovery:s0 tcontext=u:object_r:app_data_file:s0:c19,c256,c512,c768 tclass=dir permissive=1
05-20 00:29:26.700   323   323 I recovery: type=1400 audit(0.0:3650): avc: denied { open } for path="/data/data/_CDQ3gHkfmRya,iMod882xZG0PskVMcGu" dev="mmcblk0p38" ino=2616402 scontext=u:r:recovery:s0 tcontext=u:object_r:app_data_file:s0:c19,c256,c512,c768 tclass=dir permissive=1
05-20 00:29:26.700   323   323 I recovery: type=1400 audit(0.0:3651): avc: denied { search } for name="_CDQ3gHkfmRya,iMod882xZG0PskVMcGu" dev="mmcblk0p38" ino=2616402 scontext=u:r:recovery:s0 tcontext=u:object_r:app_data_file:s0:c19,c256,c512,c768 tclass=dir permissive=1
05-20 00:29:26.709   359   577 I adbd    : USB event: FUNCTIONFS_UNBIND
05-20 00:29:26.709   359   577 I adbd    : UsbFfs: connection terminated: monitor thread finished
05-20 00:29:26.709   359   359 I adbd    : UsbFfs: already offline
05-20 00:29:26.710   359   359 I adbd    : destroying transport UsbFfs
05-20 00:29:26.710   359   359 I adbd    : UsbFfsConnection being destroyed
05-20 00:29:26.720   323   323 I recovery: type=1400 audit(0.0:3652): avc: denied { getattr } for path="/data/data/_I4lDjPXKnm24o9tDtmDGwG,d+kifFcMn" dev="mmcblk0p38" ino=2485965 scontext=u:r:recovery:s0 tcontext=u:object_r:app_data_file:s0:c213,c256,c512,c768 tclass=dir permissive=1
05-20 00:29:26.720   323   323 I recovery: type=1400 audit(0.0:3653): avc: denied { read } for name="_I4lDjPXKnm24o9tDtmDGwG,d+kifFcMn" dev="mmcblk0p38" ino=2485965 scontext=u:r:recovery:s0 tcontext=u:object_r:app_data_file:s0:c213,c256,c512,c768 tclass=dir permissive=1
05-20 00:29:26.720   323   323 I recovery: type=1400 audit(0.0:3654): avc: denied { open } for path="/data/data/_I4lDjPXKnm24o9tDtmDGwG,d+kifFcMn" dev="mmcblk0p38" ino=2485965 scontext=u:r:recovery:s0 tcontext=u:object_r:app_data_file:s0:c213,c256,c512,c768 tclass=dir permissive=1
05-20 00:29:26.720   323   323 I recovery: type=1400 audit(0.0:3655): avc: denied { search } for name="_I4lDjPXKnm24o9tDtmDGwG,d+kifFcMn" dev="mmcblk0p38" ino=2485965 scontext=u:r:recovery:s0 tcontext=u:object_r:app_data_file:s0:c213,c256,c512,c768 tclass=dir permissive=1
05-20 00:29:26.724   323   323 I recovery: type=1400 audit(0.0:3656): avc: denied { getattr } for path="/data/data/PoSZk2NDc7vcncyPJ+auLZlk1BJu6HTQt++1L7wWUhB" dev="mmcblk0p38" ino=2747289 scontext=u:r:recovery:s0 tcontext=u:object_r:app_data_file:s0:c75,c257,c512,c768 tclass=dir permissive=1
05-20 00:29:26.724   323   323 I recovery: type=1400 audit(0.0:3657): avc: denied { read } for name="PoSZk2NDc7vcncyPJ+auLZlk1BJu6HTQt++1L7wWUhB" dev="mmcblk0p38" ino=2747289 scontext=u:r:recovery:s0 tcontext=u:object_r:app_data_file:s0:c75,c257,c512,c768 tclass=dir permissive=1
05-20 00:29:26.724   323   323 I recovery: type=1400 audit(0.0:3658): avc: denied { open } for path="/data/data/PoSZk2NDc7vcncyPJ+auLZlk1BJu6HTQt++1L7wWUhB" dev="mmcblk0p38" ino=2747289 scontext=u:r:recovery:s0 tcontext=u:object_r:app_data_file:s0:c75,c257,c512,c768 tclass=dir permissive=1
05-20 00:29:26.728   323   323 I recovery: type=1400 audit(0.0:3659): avc: denied { search } for name="PoSZk2NDc7vcncyPJ+auLZlk1BJu6HTQt++1L7wWUhB" dev="mmcblk0p38" ino=2747289 scontext=u:r:recovery:s0 tcontext=u:object_r:app_data_file:s0:c75,c257,c512,c768 tclass=dir permissive=1
05-20 00:29:26.728   323   323 I recovery: type=1400 audit(0.0:3660): avc: denied { getattr } for path="/data/data/_6az,kzNmiDJLMALeo+gPi0NqTwBxi6sS" dev="mmcblk0p38" ino=2486082 scontext=u:r:recovery:s0 tcontext=u:object_r:app_data_file:s0:c87,c256,c512,c768 tclass=dir permissive=1
05-20 00:29:26.728   323   323 I recovery: type=1400 audit(0.0:3661): avc: denied { read } for name="_6az,kzNmiDJLMALeo+gPi0NqTwBxi6sS" dev="mmcblk0p38" ino=2486082 scontext=u:r:recovery:s0 tcontext=u:object_r:app_data_file:s0:c87,c256,c512,c768 tclass=dir permissive=1
05-20 00:29:26.732   323   323 I recovery: type=1400 audit(0.0:3662): avc: denied { open } for path="/data/data/_6az,kzNmiDJLMALeo+gPi0NqTwBxi6sS" dev="mmcblk0p38" ino=2486082 scontext=u:r:recovery:s0 tcontext=u:object_r:app_data_file:s0:c87,c256,c512,c768 tclass=dir permissive=1
05-20 00:29:26.732   323   323 I recovery: type=1400 audit(0.0:3663): avc: denied { search } for name="_6az,kzNmiDJLMALeo+gPi0NqTwBxi6sS" dev="mmcblk0p38" ino=2486082 scontext=u:r:recovery:s0 tcontext=u:object_r:app_data_file:s0:c87,c256,c512,c768 tclass=dir permissive=1
05-20 00:29:26.748   323   323 I recovery: type=1400 audit(0.0:3664): avc: denied { getattr } for path="/data/data/_yyLLojSuk7EAm,5vzb5MwvTFc13KctY9" dev="mmcblk0p38" ino=2747247 scontext=u:r:recovery:s0 tcontext=u:object_r:app_data_file:s0:c31,c256,c512,c768 tclass=dir permissive=1
05-20 00:29:26.748   323   323 I recovery: type=1400 audit(0.0:3665): avc: denied { read } for name="_yyLLojSuk7EAm,5vzb5MwvTFc13KctY9" dev="mmcblk0p38" ino=2747247 scontext=u:r:recovery:s0 tcontext=u:object_r:app_data_file:s0:c31,c256,c512,c768 tclass=dir permissive=1
05-20 00:29:26.748   323   323 I recovery: type=1400 audit(0.0:3666): avc: denied { open } for path="/data/data/_yyLLojSuk7EAm,5vzb5MwvTFc13KctY9" dev="mmcblk0p38" ino=2747247 scontext=u:r:recovery:s0 tcontext=u:object_r:app_data_file:s0:c31,c256,c512,c768 tclass=dir permissive=1
05-20 00:29:26.748   323   323 I recovery: type=1400 audit(0.0:3667): avc: denied { search } for name="_yyLLojSuk7EAm,5vzb5MwvTFc13KctY9" dev="mmcblk0p38" ino=2747247 scontext=u:r:recovery:s0 tcontext=u:object_r:app_data_file:s0:c31,c256,c512,c768 tclass=dir permissive=1
05-20 00:29:26.752   323   323 I recovery: type=1400 audit(0.0:3668): avc: denied { getattr } for path="/data/data/_kyeXov97oYn36TdGteKMg5OTJS8X+gkG" dev="mmcblk0p38" ino=2747298 scontext=u:r:recovery:s0 tcontext=u:object_r:app_data_file:s0:c43,c256,c512,c768 tclass=dir permissive=1
05-20 00:29:26.752   323   323 I recovery: type=1400 audit(0.0:3669): avc: denied { read } for name="_kyeXov97oYn36TdGteKMg5OTJS8X+gkG" dev="mmcblk0p38" ino=2747298 scontext=u:r:recovery:s0 tcontext=u:object_r:app_data_file:s0:c43,c256,c512,c768 tclass=dir permissive=1
05-20 00:29:26.752   323   323 I recovery: type=1400 audit(0.0:3670): avc: denied { open } for path="/data/data/_kyeXov97oYn36TdGteKMg5OTJS8X+gkG" dev="mmcblk0p38" ino=2747298 scontext=u:r:recovery:s0 tcontext=u:object_r:app_data_file:s0:c43,c256,c512,c768 tclass=dir permissive=1
05-20 00:29:26.752   323   323 I recovery: type=1400 audit(0.0:3671): avc: denied { search } for name="_kyeXov97oYn36TdGteKMg5OTJS8X+gkG" dev="mmcblk0p38" ino=2747298 scontext=u:r:recovery:s0 tcontext=u:object_r:app_data_file:s0:c43,c256,c512,c768 tclass=dir permissive=1
05-20 00:29:26.756   323   323 I recovery: type=1400 audit(0.0:3672): avc: denied { getattr } for path="/data/data/_Y4Lzo,Dvbl6B1VvL59zdNFiu8n,i3bCn" dev="mmcblk0p38" ino=2616586 scontext=u:r:recovery:s0 tcontext=u:object_r:app_data_file:s0:c35,c256,c512,c768 tclass=dir permissive=1
05-20 00:29:26.756   323   323 I recovery: type=1400 audit(0.0:3673): avc: denied { read } for name="_Y4Lzo,Dvbl6B1VvL59zdNFiu8n,i3bCn" dev="mmcblk0p38" ino=2616586 scontext=u:r:recovery:s0 tcontext=u:object_r:app_data_file:s0:c35,c256,c512,c768 tclass=dir permissive=1
05-20 00:29:26.756   323   323 I recovery: type=1400 audit(0.0:3674): avc: denied { open } for path="/data/data/_Y4Lzo,Dvbl6B1VvL59zdNFiu8n,i3bCn" dev="mmcblk0p38" ino=2616586 scontext=u:r:recovery:s0 tcontext=u:object_r:app_data_file:s0:c35,c256,c512,c768 tclass=dir permissive=1
05-20 00:29:26.756   359   362 I adbd    : opening control endpoint /dev/usb-ffs/adb/ep0
05-20 00:29:26.758   359   362 I adbd    : UsbFfsConnection constructed
05-20 00:29:26.759   359   578 I adbd    : UsbFfs-monitor thread spawned
05-20 00:29:26.760   323   323 I recovery: type=1400 audit(0.0:3675): avc: denied { search } for name="_Y4Lzo,Dvbl6B1VvL59zdNFiu8n,i3bCn" dev="mmcblk0p38" ino=2616586 scontext=u:r:recovery:s0 tcontext=u:object_r:app_data_file:s0:c35,c256,c512,c768 tclass=dir permissive=1
05-20 00:29:26.764   323   323 I recovery: type=1400 audit(0.0:3676): avc: denied { getattr } for path="/data/data/_MpJ5oTkP1uz2t,7Fihcl8BIhGV97Qtxf" dev="mmcblk0p38" ino=2747460 scontext=u:r:recovery:s0 tcontext=u:object_r:app_data_file:s0:c211,c256,c512,c768 tclass=dir permissive=1
05-20 00:29:26.764   323   323 I recovery: type=1400 audit(0.0:3677): avc: denied { read } for name="_MpJ5oTkP1uz2t,7Fihcl8BIhGV97Qtxf" dev="mmcblk0p38" ino=2747460 scontext=u:r:recovery:s0 tcontext=u:object_r:app_data_file:s0:c211,c256,c512,c768 tclass=dir permissive=1
05-20 00:29:26.764   323   323 I recovery: type=1400 audit(0.0:3678): avc: denied { open } for path="/data/data/_MpJ5oTkP1uz2t,7Fihcl8BIhGV97Qtxf" dev="mmcblk0p38" ino=2747460 scontext=u:r:recovery:s0 tcontext=u:object_r:app_data_file:s0:c211,c256,c512,c768 tclass=dir permissive=1
05-20 00:29:26.764   323   323 I recovery: type=1400 audit(0.0:3679): avc: denied { search } for name="_MpJ5oTkP1uz2t,7Fihcl8BIhGV97Qtxf" dev="mmcblk0p38" ino=2747460 scontext=u:r:recovery:s0 tcontext=u:object_r:app_data_file:s0:c211,c256,c512,c768 tclass=dir permissive=1
05-20 00:29:26.764   359   578 I adbd    : USB event: FUNCTIONFS_BIND
05-20 00:29:26.768   323   323 I recovery: type=1400 audit(0.0:3680): avc: denied { getattr } for path="/data/data/Ow5D2tcYr76SYlDbVdkE5Zlk1BJu6HTQt++1L7wWUhB" dev="mmcblk0p38" ino=2747445 scontext=u:r:recovery:s0 tcontext=u:object_r:app_data_file:s0:c177,c256,c512,c768 tclass=dir permissive=1
05-20 00:29:26.768   323   323 I recovery: type=1400 audit(0.0:3681): avc: denied { read } for name="Ow5D2tcYr76SYlDbVdkE5Zlk1BJu6HTQt++1L7wWUhB" dev="mmcblk0p38" ino=2747445 scontext=u:r:recovery:s0 tcontext=u:object_r:app_data_file:s0:c177,c256,c512,c768 tclass=dir permissive=1
05-20 00:29:26.768   323   323 I recovery: type=1400 audit(0.0:3682): avc: denied { open } for path="/data/data/Ow5D2tcYr76SYlDbVdkE5Zlk1BJu6HTQt++1L7wWUhB" dev="mmcblk0p38" ino=2747445 scontext=u:r:recovery:s0 tcontext=u:object_r:app_data_file:s0:c177,c256,c512,c768 tclass=dir permissive=1
05-20 00:29:26.768   323   323 I recovery: type=1400 audit(0.0:3683): avc: denied { search } for name="Ow5D2tcYr76SYlDbVdkE5Zlk1BJu6HTQt++1L7wWUhB" dev="mmcblk0p38" ino=2747445 scontext=u:r:recovery:s0 tcontext=u:object_r:app_data_file:s0:c177,c256,c512,c768 tclass=dir permissive=1
05-20 00:29:26.768   323   323 I recovery: type=1400 audit(0.0:3684): avc: denied { getattr } for path="/data/data/_kQn7q,Qo6cWHqZPL4VVJYboJFVdudIgd" dev="mmcblk0p38" ino=2747223 scontext=u:r:recovery:s0 tcontext=u:object_r:app_data_file:s0:c92,c257,c512,c768 tclass=dir permissive=1
05-20 00:29:26.772   323   323 I recovery: type=1400 audit(0.0:3685): avc: denied { read } for name="_kQn7q,Qo6cWHqZPL4VVJYboJFVdudIgd" dev="mmcblk0p38" ino=2747223 scontext=u:r:recovery:s0 tcontext=u:object_r:app_data_file:s0:c92,c257,c512,c768 tclass=dir permissive=1
05-20 00:29:26.772   323   323 I recovery: type=1400 audit(0.0:3686): avc: denied { open } for path="/data/data/_kQn7q,Qo6cWHqZPL4VVJYboJFVdudIgd" dev="mmcblk0p38" ino=2747223 scontext=u:r:recovery:s0 tcontext=u:object_r:app_data_file:s0:c92,c257,c512,c768 tclass=dir permissive=1
05-20 00:29:26.772   323   323 I recovery: type=1400 audit(0.0:3687): avc: denied { search } for name="_kQn7q,Qo6cWHqZPL4VVJYboJFVdudIgd" dev="mmcblk0p38" ino=2747223 scontext=u:r:recovery:s0 tcontext=u:object_r:app_data_file:s0:c92,c257,c512,c768 tclass=dir permissive=1
05-20 00:29:26.776   323   323 I recovery: type=1400 audit(0.0:3688): avc: denied { getattr } for path="/data/data/_eR69q,2lU9zu8ebQfA7NGelFArkVHrJD" dev="mmcblk0p38" ino=2747436 scontext=u:r:recovery:s0 tcontext=u:object_r:app_data_file:s0:c90,c256,c512,c768 tclass=dir permissive=1
05-20 00:29:26.776   323   323 I recovery: type=1400 audit(0.0:3689): avc: denied { read } for name="_eR69q,2lU9zu8ebQfA7NGelFArkVHrJD" dev="mmcblk0p38" ino=2747436 scontext=u:r:recovery:s0 tcontext=u:object_r:app_data_file:s0:c90,c256,c512,c768 tclass=dir permissive=1
05-20 00:29:26.776   323   323 I recovery: type=1400 audit(0.0:3690): avc: denied { open } for path="/data/data/_eR69q,2lU9zu8ebQfA7NGelFArkVHrJD" dev="mmcblk0p38" ino=2747436 scontext=u:r:recovery:s0 tcontext=u:object_r:app_data_file:s0:c90,c256,c512,c768 tclass=dir permissive=1
05-20 00:29:26.776   323   323 I recovery: type=1400 audit(0.0:3691): avc: denied { search } for name="_eR69q,2lU9zu8ebQfA7NGelFArkVHrJD" dev="mmcblk0p38" ino=2747436 scontext=u:r:recovery:s0 tcontext=u:object_r:app_data_file:s0:c90,c256,c512,c768 tclass=dir permissive=1
05-20 00:29:26.776   323   323 I recovery: type=1400 audit(0.0:3692): avc: denied { getattr } for path="/data/data/_8PWzrnExoOLm+AGvRvt01R5CjkE5y,X1" dev="mmcblk0p38" ino=2616997 scontext=u:r:recovery:s0 tcontext=u:object_r:app_data_file:s0:c99,c257,c512,c768 tclass=dir permissive=1
05-20 00:29:26.780   323   323 I recovery: type=1400 audit(0.0:3693): avc: denied { read } for name="_8PWzrnExoOLm+AGvRvt01R5CjkE5y,X1" dev="mmcblk0p38" ino=2616997 scontext=u:r:recovery:s0 tcontext=u:object_r:app_data_file:s0:c99,c257,c512,c768 tclass=dir permissive=1
05-20 00:29:26.780   323   323 I recovery: type=1400 audit(0.0:3694): avc: denied { open } for path="/data/data/_8PWzrnExoOLm+AGvRvt01R5CjkE5y,X1" dev="mmcblk0p38" ino=2616997 scontext=u:r:recovery:s0 tcontext=u:object_r:app_data_file:s0:c99,c257,c512,c768 tclass=dir permissive=1
05-20 00:29:26.780   323   323 I recovery: type=1400 audit(0.0:3695): avc: denied { search } for name="_8PWzrnExoOLm+AGvRvt01R5CjkE5y,X1" dev="mmcblk0p38" ino=2616997 scontext=u:r:recovery:s0 tcontext=u:object_r:app_data_file:s0:c99,c257,c512,c768 tclass=dir permissive=1
05-20 00:29:26.780   323   323 I recovery: type=1400 audit(0.0:3696): avc: denied { getattr } for path="/data/data/_EekTsfVoSE1rKYKQ+DbZHp83G7lOUfZB" dev="mmcblk0p38" ino=2485719 scontext=u:r:recovery:s0 tcontext=u:object_r:app_data_file:s0:c140,c256,c512,c768 tclass=dir permissive=1
05-20 00:29:26.780   323   323 I recovery: type=1400 audit(0.0:3697): avc: denied { read } for name="_EekTsfVoSE1rKYKQ+DbZHp83G7lOUfZB" dev="mmcblk0p38" ino=2485719 scontext=u:r:recovery:s0 tcontext=u:object_r:app_data_file:s0:c140,c256,c512,c768 tclass=dir permissive=1
05-20 00:29:26.780   323   323 I recovery: type=1400 audit(0.0:3698): avc: denied { open } for path="/data/data/_EekTsfVoSE1rKYKQ+DbZHp83G7lOUfZB" dev="mmcblk0p38" ino=2485719 scontext=u:r:recovery:s0 tcontext=u:object_r:app_data_file:s0:c140,c256,c512,c768 tclass=dir permissive=1
05-20 00:29:26.780   323   323 I recovery: type=1400 audit(0.0:3699): avc: denied { search } for name="_EekTsfVoSE1rKYKQ+DbZHp83G7lOUfZB" dev="mmcblk0p38" ino=2485719 scontext=u:r:recovery:s0 tcontext=u:object_r:app_data_file:s0:c140,c256,c512,c768 tclass=dir permissive=1
05-20 00:29:26.780   359   578 I adbd    : USB event: FUNCTIONFS_UNBIND
05-20 00:29:26.781   359   578 I adbd    : UsbFfs: connection terminated: monitor thread finished
05-20 00:29:26.781   359   359 I adbd    : UsbFfs: already offline
05-20 00:29:26.781   359   359 I adbd    : destroying transport UsbFfs
05-20 00:29:26.781   359   359 I adbd    : UsbFfsConnection being destroyed
05-20 00:29:26.784   323   323 I recovery: type=1400 audit(0.0:3700): avc: denied { getattr } for path="/data/data/_SEVysDjIZLmRfNy1Rn3Aw41,BqAgjp,m" dev="mmcblk0p38" ino=2616874 scontext=u:r:recovery:s0 tcontext=u:object_r:app_data_file:s0:c13,c256,c512,c768 tclass=dir permissive=1
05-20 00:29:26.784   323   323 I recovery: type=1400 audit(0.0:3701): avc: denied { read } for name="_SEVysDjIZLmRfNy1Rn3Aw41,BqAgjp,m" dev="mmcblk0p38" ino=2616874 scontext=u:r:recovery:s0 tcontext=u:object_r:app_data_file:s0:c13,c256,c512,c768 tclass=dir permissive=1
05-20 00:29:26.784   323   323 I recovery: type=1400 audit(0.0:3702): avc: denied { open } for path="/data/data/_SEVysDjIZLmRfNy1Rn3Aw41,BqAgjp,m" dev="mmcblk0p38" ino=2616874 scontext=u:r:recovery:s0 tcontext=u:object_r:app_data_file:s0:c13,c256,c512,c768 tclass=dir permissive=1
05-20 00:29:26.784   323   323 I recovery: type=1400 audit(0.0:3703): avc: denied { search } for name="_SEVysDjIZLmRfNy1Rn3Aw41,BqAgjp,m" dev="mmcblk0p38" ino=2616874 scontext=u:r:recovery:s0 tcontext=u:object_r:app_data_file:s0:c13,c256,c512,c768 tclass=dir permissive=1
05-20 00:29:26.788   323   323 I recovery: type=1400 audit(0.0:3704): avc: denied { getattr } for path="/data/data/_2f+Jtv0trhRM84+T,9oz+yF4hdpjZIEs" dev="mmcblk0p38" ino=2616474 scontext=u:r:recovery:s0 tcontext=u:object_r:app_data_file:s0:c72,c257,c512,c768 tclass=dir permissive=1
05-20 00:29:26.788   323   323 I recovery: type=1400 audit(0.0:3705): avc: denied { read } for name="_2f+Jtv0trhRM84+T,9oz+yF4hdpjZIEs" dev="mmcblk0p38" ino=2616474 scontext=u:r:recovery:s0 tcontext=u:object_r:app_data_file:s0:c72,c257,c512,c768 tclass=dir permissive=1
05-20 00:29:26.788   323   323 I recovery: type=1400 audit(0.0:3706): avc: denied { open } for path="/data/data/_2f+Jtv0trhRM84+T,9oz+yF4hdpjZIEs" dev="mmcblk0p38" ino=2616474 scontext=u:r:recovery:s0 tcontext=u:object_r:app_data_file:s0:c72,c257,c512,c768 tclass=dir permissive=1
05-20 00:29:26.788   323   323 I recovery: type=1400 audit(0.0:3707): avc: denied { search } for name="_2f+Jtv0trhRM84+T,9oz+yF4hdpjZIEs" dev="mmcblk0p38" ino=2616474 scontext=u:r:recovery:s0 tcontext=u:object_r:app_data_file:s0:c72,c257,c512,c768 tclass=dir permissive=1
05-20 00:29:26.792   323   323 I recovery: type=1400 audit(0.0:3708): avc: denied { getattr } for path="/data/data/_U+DOtP0wsxDRABoJSxTvwonw2fXG1YqB" dev="mmcblk0p38" ino=2485866 scontext=u:r:recovery:s0 tcontext=u:object_r:app_data_file:s0:c125,c256,c512,c768 tclass=dir permissive=1
05-20 00:29:26.792   323   323 I recovery: type=1400 audit(0.0:3709): avc: denied { read } for name="_U+DOtP0wsxDRABoJSxTvwonw2fXG1YqB" dev="mmcblk0p38" ino=2485866 scontext=u:r:recovery:s0 tcontext=u:object_r:app_data_file:s0:c125,c256,c512,c768 tclass=dir permissive=1
05-20 00:29:26.792   323   323 I recovery: type=1400 audit(0.0:3710): avc: denied { open } for path="/data/data/_U+DOtP0wsxDRABoJSxTvwonw2fXG1YqB" dev="mmcblk0p38" ino=2485866 scontext=u:r:recovery:s0 tcontext=u:object_r:app_data_file:s0:c125,c256,c512,c768 tclass=dir permissive=1
05-20 00:29:26.792   323   323 I recovery: type=1400 audit(0.0:3711): avc: denied { search } for name="_U+DOtP0wsxDRABoJSxTvwonw2fXG1YqB" dev="mmcblk0p38" ino=2485866 scontext=u:r:recovery:s0 tcontext=u:object_r:app_data_file:s0:c125,c256,c512,c768 tclass=dir permissive=1
05-20 00:29:26.800   323   323 I recovery: type=1400 audit(0.0:3712): avc: denied { getattr } for path="/data/data/0DYRwOQ0HU0Vs5Xa8jhGqalk1BJu6HTQt++1L7wWUhB" dev="mmcblk0p38" ino=2485608 scontext=u:r:recovery:s0 tcontext=u:object_r:app_data_file:s0:c183,c256,c512,c768 tclass=dir permissive=1
05-20 00:29:26.800   323   323 I recovery: type=1400 audit(0.0:3713): avc: denied { read } for name="0DYRwOQ0HU0Vs5Xa8jhGqalk1BJu6HTQt++1L7wWUhB" dev="mmcblk0p38" ino=2485608 scontext=u:r:recovery:s0 tcontext=u:object_r:app_data_file:s0:c183,c256,c512,c768 tclass=dir permissive=1
05-20 00:29:26.800   323   323 I recovery: type=1400 audit(0.0:3714): avc: denied { open } for path="/data/data/0DYRwOQ0HU0Vs5Xa8jhGqalk1BJu6HTQt++1L7wWUhB" dev="mmcblk0p38" ino=2485608 scontext=u:r:recovery:s0 tcontext=u:object_r:app_data_file:s0:c183,c256,c512,c768 tclass=dir permissive=1
05-20 00:29:26.800   323   323 I recovery: type=1400 audit(0.0:3715): avc: denied { search } for name="0DYRwOQ0HU0Vs5Xa8jhGqalk1BJu6HTQt++1L7wWUhB" dev="mmcblk0p38" ino=2485608 scontext=u:r:recovery:s0 tcontext=u:object_r:app_data_file:s0:c183,c256,c512,c768 tclass=dir permissive=1
05-20 00:29:26.800   323   323 I recovery: type=1400 audit(0.0:3716): avc: denied { getattr } for path="/data/data/_YnB,t,bDJG7,s6fJWsL+d1975LZ+dfYc" dev="mmcblk0p38" ino=2616937 scontext=u:r:recovery:s0 tcontext=u:object_r:app_data_file:s0:c16,c257,c512,c768 tclass=dir permissive=1
05-20 00:29:26.800   323   323 I recovery: type=1400 audit(0.0:3717): avc: denied { read } for name="_YnB,t,bDJG7,s6fJWsL+d1975LZ+dfYc" dev="mmcblk0p38" ino=2616937 scontext=u:r:recovery:s0 tcontext=u:object_r:app_data_file:s0:c16,c257,c512,c768 tclass=dir permissive=1
05-20 00:29:26.800   323   323 I recovery: type=1400 audit(0.0:3718): avc: denied { open } for path="/data/data/_YnB,t,bDJG7,s6fJWsL+d1975LZ+dfYc" dev="mmcblk0p38" ino=2616937 scontext=u:r:recovery:s0 tcontext=u:object_r:app_data_file:s0:c16,c257,c512,c768 tclass=dir permissive=1
05-20 00:29:26.804   323   323 I recovery: type=1400 audit(0.0:3719): avc: denied { search } for name="_YnB,t,bDJG7,s6fJWsL+d1975LZ+dfYc" dev="mmcblk0p38" ino=2616937 scontext=u:r:recovery:s0 tcontext=u:object_r:app_data_file:s0:c16,c257,c512,c768 tclass=dir permissive=1
05-20 00:29:26.808   323   323 I recovery: type=1400 audit(0.0:3720): avc: denied { getattr } for path="/data/data/_sz8DvXjNMSdvvaFG4DDa3DLvx3p1HGjI" dev="mmcblk0p38" ino=2485842 scontext=u:r:recovery:s0 tcontext=u:object_r:app_data_file:s0:c11,c257,c512,c768 tclass=dir permissive=1
05-20 00:29:26.808   323   323 I recovery: type=1400 audit(0.0:3721): avc: denied { read } for name="_sz8DvXjNMSdvvaFG4DDa3DLvx3p1HGjI" dev="mmcblk0p38" ino=2485842 scontext=u:r:recovery:s0 tcontext=u:object_r:app_data_file:s0:c11,c257,c512,c768 tclass=dir permissive=1
05-20 00:29:26.808   323   323 I recovery: type=1400 audit(0.0:3722): avc: denied { open } for path="/data/data/_sz8DvXjNMSdvvaFG4DDa3DLvx3p1HGjI" dev="mmcblk0p38" ino=2485842 scontext=u:r:recovery:s0 tcontext=u:object_r:app_data_file:s0:c11,c257,c512,c768 tclass=dir permissive=1
05-20 00:29:26.808   323   323 I recovery: type=1400 audit(0.0:3723): avc: denied { search } for name="_sz8DvXjNMSdvvaFG4DDa3DLvx3p1HGjI" dev="mmcblk0p38" ino=2485842 scontext=u:r:recovery:s0 tcontext=u:object_r:app_data_file:s0:c11,c257,c512,c768 tclass=dir permissive=1
05-20 00:29:26.808   323   323 I recovery: type=1400 audit(0.0:3724): avc: denied { getattr } for path="/data/data/_EUJZvTjGxLiZgXeAAhXgV16y7rMALGtL" dev="mmcblk0p38" ino=3270461 scontext=u:r:recovery:s0 tcontext=u:object_r:app_data_file:s0:c59,c258,c512,c768 tclass=dir permissive=1
05-20 00:29:26.808   323   323 I recovery: type=1400 audit(0.0:3725): avc: denied { read } for name="_EUJZvTjGxLiZgXeAAhXgV16y7rMALGtL" dev="mmcblk0p38" ino=3270461 scontext=u:r:recovery:s0 tcontext=u:object_r:app_data_file:s0:c59,c258,c512,c768 tclass=dir permissive=1
05-20 00:29:26.808   323   323 I recovery: type=1400 audit(0.0:3726): avc: denied { open } for path="/data/data/_EUJZvTjGxLiZgXeAAhXgV16y7rMALGtL" dev="mmcblk0p38" ino=3270461 scontext=u:r:recovery:s0 tcontext=u:object_r:app_data_file:s0:c59,c258,c512,c768 tclass=dir permissive=1
05-20 00:29:26.808   323   323 I recovery: type=1400 audit(0.0:3727): avc: denied { search } for name="_EUJZvTjGxLiZgXeAAhXgV16y7rMALGtL" dev="mmcblk0p38" ino=3270461 scontext=u:r:recovery:s0 tcontext=u:object_r:app_data_file:s0:c59,c258,c512,c768 tclass=dir permissive=1
05-20 00:29:26.812   323   323 I recovery: type=1400 audit(0.0:3728): avc: denied { getattr } for path="/data/data/_o6RxvHUsi0WdDY8t3374,RE,S6cgjbFb" dev="mmcblk0p38" ino=2486013 scontext=u:r:recovery:s0 tcontext=u:object_r:app_data_file:s0:c55,c257,c512,c768 tclass=dir permissive=1
05-20 00:29:26.812   323   323 I recovery: type=1400 audit(0.0:3729): avc: denied { read } for name="_o6RxvHUsi0WdDY8t3374,RE,S6cgjbFb" dev="mmcblk0p38" ino=2486013 scontext=u:r:recovery:s0 tcontext=u:object_r:app_data_file:s0:c55,c257,c512,c768 tclass=dir permissive=1
05-20 00:29:26.812   323   323 I recovery: type=1400 audit(0.0:3730): avc: denied { open } for path="/data/data/_o6RxvHUsi0WdDY8t3374,RE,S6cgjbFb" dev="mmcblk0p38" ino=2486013 scontext=u:r:recovery:s0 tcontext=u:object_r:app_data_file:s0:c55,c257,c512,c768 tclass=dir permissive=1
05-20 00:29:26.812   323   323 I recovery: type=1400 audit(0.0:3731): avc: denied { search } for name="_o6RxvHUsi0WdDY8t3374,RE,S6cgjbFb" dev="mmcblk0p38" ino=2486013 scontext=u:r:recovery:s0 tcontext=u:object_r:app_data_file:s0:c55,c257,c512,c768 tclass=dir permissive=1
05-20 00:29:26.828   359   362 I adbd    : opening control endpoint /dev/usb-ffs/adb/ep0
05-20 00:29:26.830   359   362 I adbd    : UsbFfsConnection constructed
05-20 00:29:26.831   359   579 I adbd    : UsbFfs-monitor thread spawned
05-20 00:29:26.837   359   579 I adbd    : USB event: FUNCTIONFS_BIND
05-20 00:29:26.853   359   579 I adbd    : USB event: FUNCTIONFS_UNBIND
05-20 00:29:26.853   359   579 I adbd    : UsbFfs: connection terminated: monitor thread finished
05-20 00:29:26.853   359   359 I adbd    : UsbFfs: already offline
05-20 00:29:26.853   359   359 I adbd    : destroying transport UsbFfs
05-20 00:29:26.853   359   359 I adbd    : UsbFfsConnection being destroyed
05-20 00:29:26.904   323   323 I recovery: type=1400 audit(0.0:3732): avc: denied { getattr } for path="/data/data/ydZ5qC7Epzm2w0VePif7qZlk1BJu6HTQt++1L7wWUhB" dev="mmcblk0p38" ino=2616516 scontext=u:r:recovery:s0 tcontext=u:object_r:app_data_file:s0:c162,c256,c512,c768 tclass=dir permissive=1
05-20 00:29:26.904   323   323 I recovery: type=1400 audit(0.0:3733): avc: denied { read } for name="ydZ5qC7Epzm2w0VePif7qZlk1BJu6HTQt++1L7wWUhB" dev="mmcblk0p38" ino=2616516 scontext=u:r:recovery:s0 tcontext=u:object_r:app_data_file:s0:c162,c256,c512,c768 tclass=dir permissive=1
05-20 00:29:26.904   323   323 I recovery: type=1400 audit(0.0:3734): avc: denied { open } for path="/data/data/ydZ5qC7Epzm2w0VePif7qZlk1BJu6HTQt++1L7wWUhB" dev="mmcblk0p38" ino=2616516 scontext=u:r:recovery:s0 tcontext=u:object_r:app_data_file:s0:c162,c256,c512,c768 tclass=dir permissive=1
05-20 00:29:26.904   323   323 I recovery: type=1400 audit(0.0:3735): avc: denied { search } for name="ydZ5qC7Epzm2w0VePif7qZlk1BJu6HTQt++1L7wWUhB" dev="mmcblk0p38" ino=2616516 scontext=u:r:recovery:s0 tcontext=u:object_r:app_data_file:s0:c162,c256,c512,c768 tclass=dir permissive=1
05-20 00:29:26.904   359   362 I adbd    : opening control endpoint /dev/usb-ffs/adb/ep0
05-20 00:29:26.906   359   362 I adbd    : UsbFfsConnection constructed
05-20 00:29:26.906   359   580 I adbd    : UsbFfs-monitor thread spawned
05-20 00:29:26.908   323   323 I recovery: type=1400 audit(0.0:3736): avc: denied { getattr } for path="/data/data/IiCfea63CLNkm7Z,scWnRYlk1BJu6HTQt++1L7wWUhB" dev="mmcblk0p38" ino=2616739 scontext=u:r:recovery:s0 tcontext=u:object_r:app_data_file:s0:c204,c256,c512,c768 tclass=dir permissive=1
05-20 00:29:26.908   323   323 I recovery: type=1400 audit(0.0:3737): avc: denied { read } for name="IiCfea63CLNkm7Z,scWnRYlk1BJu6HTQt++1L7wWUhB" dev="mmcblk0p38" ino=2616739 scontext=u:r:recovery:s0 tcontext=u:object_r:app_data_file:s0:c204,c256,c512,c768 tclass=dir permissive=1
05-20 00:29:26.908   323   323 I recovery: type=1400 audit(0.0:3738): avc: denied { open } for path="/data/data/IiCfea63CLNkm7Z,scWnRYlk1BJu6HTQt++1L7wWUhB" dev="mmcblk0p38" ino=2616739 scontext=u:r:recovery:s0 tcontext=u:object_r:app_data_file:s0:c204,c256,c512,c768 tclass=dir permissive=1
05-20 00:29:26.908   323   323 I recovery: type=1400 audit(0.0:3739): avc: denied { search } for name="IiCfea63CLNkm7Z,scWnRYlk1BJu6HTQt++1L7wWUhB" dev="mmcblk0p38" ino=2616739 scontext=u:r:recovery:s0 tcontext=u:object_r:app_data_file:s0:c204,c256,c512,c768 tclass=dir permissive=1
05-20 00:29:26.908   323   323 I recovery: type=1400 audit(0.0:3740): avc: denied { getattr } for path="/data/data/_MDAXxLDKK1ijPh6SMTo41cyZO4I5gNFw" dev="mmcblk0p38" ino=2616495 scontext=u:r:recovery:s0 tcontext=u:object_r:app_data_file:s0:c105,c256,c512,c768 tclass=dir permissive=1
05-20 00:29:26.908   323   323 I recovery: type=1400 audit(0.0:3741): avc: denied { read } for name="_MDAXxLDKK1ijPh6SMTo41cyZO4I5gNFw" dev="mmcblk0p38" ino=2616495 scontext=u:r:recovery:s0 tcontext=u:object_r:app_data_file:s0:c105,c256,c512,c768 tclass=dir permissive=1
05-20 00:29:26.908   323   323 I recovery: type=1400 audit(0.0:3742): avc: denied { open } for path="/data/data/_MDAXxLDKK1ijPh6SMTo41cyZO4I5gNFw" dev="mmcblk0p38" ino=2616495 scontext=u:r:recovery:s0 tcontext=u:object_r:app_data_file:s0:c105,c256,c512,c768 tclass=dir permissive=1
05-20 00:29:26.908   323   323 I recovery: type=1400 audit(0.0:3743): avc: denied { search } for name="_MDAXxLDKK1ijPh6SMTo41cyZO4I5gNFw" dev="mmcblk0p38" ino=2616495 scontext=u:r:recovery:s0 tcontext=u:object_r:app_data_file:s0:c105,c256,c512,c768 tclass=dir permissive=1
05-20 00:29:26.912   323   323 I recovery: type=1400 audit(0.0:3744): avc: denied { getattr } for path="/data/data/_IEbgy,TRGxxvMTwmHHXw9L6B8jIYH603" dev="mmcblk0p38" ino=2747442 scontext=u:r:recovery:s0 tcontext=u:object_r:app_data_file:s0:c68,c257,c512,c768 tclass=dir permissive=1
05-20 00:29:26.912   323   323 I recovery: type=1400 audit(0.0:3745): avc: denied { read } for name="_IEbgy,TRGxxvMTwmHHXw9L6B8jIYH603" dev="mmcblk0p38" ino=2747442 scontext=u:r:recovery:s0 tcontext=u:object_r:app_data_file:s0:c68,c257,c512,c768 tclass=dir permissive=1
05-20 00:29:26.912   323   323 I recovery: type=1400 audit(0.0:3746): avc: denied { open } for path="/data/data/_IEbgy,TRGxxvMTwmHHXw9L6B8jIYH603" dev="mmcblk0p38" ino=2747442 scontext=u:r:recovery:s0 tcontext=u:object_r:app_data_file:s0:c68,c257,c512,c768 tclass=dir permissive=1
05-20 00:29:26.912   323   323 I recovery: type=1400 audit(0.0:3747): avc: denied { search } for name="_IEbgy,TRGxxvMTwmHHXw9L6B8jIYH603" dev="mmcblk0p38" ino=2747442 scontext=u:r:recovery:s0 tcontext=u:object_r:app_data_file:s0:c68,c257,c512,c768 tclass=dir permissive=1
05-20 00:29:26.913   359   580 I adbd    : USB event: FUNCTIONFS_BIND
05-20 00:29:26.916   323   323 I recovery: type=1400 audit(0.0:3748): avc: denied { getattr } for path="/data/data/_46j3y,ni0sHmdpSfpoQNLo2NXasIFZ+U" dev="mmcblk0p38" ino=2485731 scontext=u:r:recovery:s0 tcontext=u:object_r:app_data_file:s0:c14,c257,c512,c768 tclass=dir permissive=1
05-20 00:29:26.916   323   323 I recovery: type=1400 audit(0.0:3749): avc: denied { read } for name="_46j3y,ni0sHmdpSfpoQNLo2NXasIFZ+U" dev="mmcblk0p38" ino=2485731 scontext=u:r:recovery:s0 tcontext=u:object_r:app_data_file:s0:c14,c257,c512,c768 tclass=dir permissive=1
05-20 00:29:26.916   323   323 I recovery: type=1400 audit(0.0:3750): avc: denied { open } for path="/data/data/_46j3y,ni0sHmdpSfpoQNLo2NXasIFZ+U" dev="mmcblk0p38" ino=2485731 scontext=u:r:recovery:s0 tcontext=u:object_r:app_data_file:s0:c14,c257,c512,c768 tclass=dir permissive=1
05-20 00:29:26.916   323   323 I recovery: type=1400 audit(0.0:3751): avc: denied { search } for name="_46j3y,ni0sHmdpSfpoQNLo2NXasIFZ+U" dev="mmcblk0p38" ino=2485731 scontext=u:r:recovery:s0 tcontext=u:object_r:app_data_file:s0:c14,c257,c512,c768 tclass=dir permissive=1
05-20 00:29:26.920   323   323 I recovery: type=1400 audit(0.0:3752): avc: denied { getattr } for path="/data/data/_ym4Nzfx8eMWqlEJFYIFL6eStapa7Tmt," dev="mmcblk0p38" ino=2616414 scontext=u:r:recovery:s0 tcontext=u:object_r:app_data_file:s0:c113,c257,c512,c768 tclass=dir permissive=1
05-20 00:29:26.920   323   323 I recovery: type=1400 audit(0.0:3753): avc: denied { read } for name="_ym4Nzfx8eMWqlEJFYIFL6eStapa7Tmt," dev="mmcblk0p38" ino=2616414 scontext=u:r:recovery:s0 tcontext=u:object_r:app_data_file:s0:c113,c257,c512,c768 tclass=dir permissive=1
05-20 00:29:26.920   323   323 I recovery: type=1400 audit(0.0:3754): avc: denied { open } for path="/data/data/_ym4Nzfx8eMWqlEJFYIFL6eStapa7Tmt," dev="mmcblk0p38" ino=2616414 scontext=u:r:recovery:s0 tcontext=u:object_r:app_data_file:s0:c113,c257,c512,c768 tclass=dir permissive=1
05-20 00:29:26.920   323   323 I recovery: type=1400 audit(0.0:3755): avc: denied { search } for name="_ym4Nzfx8eMWqlEJFYIFL6eStapa7Tmt," dev="mmcblk0p38" ino=2616414 scontext=u:r:recovery:s0 tcontext=u:object_r:app_data_file:s0:c113,c257,c512,c768 tclass=dir permissive=1
05-20 00:29:26.924   323   323 I recovery: type=1400 audit(0.0:3756): avc: denied { getattr } for path="/data/data/tq,AdQpvJaT2,QN5blscyZlk1BJu6HTQt++1L7wWUhB" dev="mmcblk0p38" ino=2747199 scontext=u:r:recovery:s0 tcontext=u:object_r:app_data_file:s0:c144,c256,c512,c768 tclass=dir permissive=1
05-20 00:29:26.924   323   323 I recovery: type=1400 audit(0.0:3757): avc: denied { read } for name="tq,AdQpvJaT2,QN5blscyZlk1BJu6HTQt++1L7wWUhB" dev="mmcblk0p38" ino=2747199 scontext=u:r:recovery:s0 tcontext=u:object_r:app_data_file:s0:c144,c256,c512,c768 tclass=dir permissive=1
05-20 00:29:26.924   323   323 I recovery: type=1400 audit(0.0:3758): avc: denied { open } for path="/data/data/tq,AdQpvJaT2,QN5blscyZlk1BJu6HTQt++1L7wWUhB" dev="mmcblk0p38" ino=2747199 scontext=u:r:recovery:s0 tcontext=u:object_r:app_data_file:s0:c144,c256,c512,c768 tclass=dir permissive=1
05-20 00:29:26.924   323   323 I recovery: type=1400 audit(0.0:3759): avc: denied { search } for name="tq,AdQpvJaT2,QN5blscyZlk1BJu6HTQt++1L7wWUhB" dev="mmcblk0p38" ino=2747199 scontext=u:r:recovery:s0 tcontext=u:object_r:app_data_file:s0:c144,c256,c512,c768 tclass=dir permissive=1
05-20 00:29:26.928   359   580 I adbd    : USB event: FUNCTIONFS_UNBIND
05-20 00:29:26.928   359   580 I adbd    : UsbFfs: connection terminated: monitor thread finished
05-20 00:29:26.928   359   359 I adbd    : UsbFfs: already offline
05-20 00:29:26.928   359   359 I adbd    : destroying transport UsbFfs
05-20 00:29:26.928   359   359 I adbd    : UsbFfsConnection being destroyed
05-20 00:29:26.944   323   323 I recovery: type=1400 audit(0.0:3760): avc: denied { getattr } for path="/data/data/_2okz1,XiHisrx6,69oyDlAhIIgIJg6uV" dev="mmcblk0p38" ino=2486142 scontext=u:r:recovery:s0 tcontext=u:object_r:app_data_file:s0:c65,c257,c512,c768 tclass=dir permissive=1
05-20 00:29:26.944   323   323 I recovery: type=1400 audit(0.0:3761): avc: denied { read } for name="_2okz1,XiHisrx6,69oyDlAhIIgIJg6uV" dev="mmcblk0p38" ino=2486142 scontext=u:r:recovery:s0 tcontext=u:object_r:app_data_file:s0:c65,c257,c512,c768 tclass=dir permissive=1
05-20 00:29:26.944   323   323 I recovery: type=1400 audit(0.0:3762): avc: denied { open } for path="/data/data/_2okz1,XiHisrx6,69oyDlAhIIgIJg6uV" dev="mmcblk0p38" ino=2486142 scontext=u:r:recovery:s0 tcontext=u:object_r:app_data_file:s0:c65,c257,c512,c768 tclass=dir permissive=1
05-20 00:29:26.944   323   323 I recovery: type=1400 audit(0.0:3763): avc: denied { search } for name="_2okz1,XiHisrx6,69oyDlAhIIgIJg6uV" dev="mmcblk0p38" ino=2486142 scontext=u:r:recovery:s0 tcontext=u:object_r:app_data_file:s0:c65,c257,c512,c768 tclass=dir permissive=1
05-20 00:29:26.952   323   323 I recovery: type=1400 audit(0.0:3764): avc: denied { getattr } for path="/data/data/efG9DN7s3cpgwVUKzoP9tZlk1BJu6HTQt++1L7wWUhB" dev="mmcblk0p38" ino=2616787 scontext=u:r:recovery:s0 tcontext=u:object_r:app_data_file:s0:c207,c256,c512,c768 tclass=dir permissive=1
05-20 00:29:26.952   323   323 I recovery: type=1400 audit(0.0:3765): avc: denied { read } for name="efG9DN7s3cpgwVUKzoP9tZlk1BJu6HTQt++1L7wWUhB" dev="mmcblk0p38" ino=2616787 scontext=u:r:recovery:s0 tcontext=u:object_r:app_data_file:s0:c207,c256,c512,c768 tclass=dir permissive=1
05-20 00:29:26.952   323   323 I recovery: type=1400 audit(0.0:3766): avc: denied { open } for path="/data/data/efG9DN7s3cpgwVUKzoP9tZlk1BJu6HTQt++1L7wWUhB" dev="mmcblk0p38" ino=2616787 scontext=u:r:recovery:s0 tcontext=u:object_r:app_data_file:s0:c207,c256,c512,c768 tclass=dir permissive=1
05-20 00:29:26.952   323   323 I recovery: type=1400 audit(0.0:3767): avc: denied { search } for name="efG9DN7s3cpgwVUKzoP9tZlk1BJu6HTQt++1L7wWUhB" dev="mmcblk0p38" ino=2616787 scontext=u:r:recovery:s0 tcontext=u:object_r:app_data_file:s0:c207,c256,c512,c768 tclass=dir permissive=1
05-20 00:29:26.952   323   323 I recovery: type=1400 audit(0.0:3768): avc: denied { getattr } for path="/data/data/mbpbXV,JwQQ1lMRGtWsnvblk1BJu6HTQt++1L7wWUhB" dev="mmcblk0p38" ino=2747202 scontext=u:r:recovery:s0 tcontext=u:object_r:app_data_file:s0:c53,c257,c512,c768 tclass=dir permissive=1
05-20 00:29:26.952   323   323 I recovery: type=1400 audit(0.0:3769): avc: denied { read } for name="mbpbXV,JwQQ1lMRGtWsnvblk1BJu6HTQt++1L7wWUhB" dev="mmcblk0p38" ino=2747202 scontext=u:r:recovery:s0 tcontext=u:object_r:app_data_file:s0:c53,c257,c512,c768 tclass=dir permissive=1
05-20 00:29:26.952   323   323 I recovery: type=1400 audit(0.0:3770): avc: denied { open } for path="/data/data/mbpbXV,JwQQ1lMRGtWsnvblk1BJu6HTQt++1L7wWUhB" dev="mmcblk0p38" ino=2747202 scontext=u:r:recovery:s0 tcontext=u:object_r:app_data_file:s0:c53,c257,c512,c768 tclass=dir permissive=1
05-20 00:29:26.952   323   323 I recovery: type=1400 audit(0.0:3771): avc: denied { search } for name="mbpbXV,JwQQ1lMRGtWsnvblk1BJu6HTQt++1L7wWUhB" dev="mmcblk0p38" ino=2747202 scontext=u:r:recovery:s0 tcontext=u:object_r:app_data_file:s0:c53,c257,c512,c768 tclass=dir permissive=1
05-20 00:29:26.964   323   323 I recovery: type=1400 audit(0.0:3772): avc: denied { getattr } for path="/data/data/_IX9h37ritDJx7ybbN9a+euK,yg+ntrCn" dev="mmcblk0p38" ino=2616868 scontext=u:r:recovery:s0 tcontext=u:object_r:app_data_file:s0:c248,c256,c512,c768 tclass=dir permissive=1
