05-26 20:27:39.580  1263  1263 V SystemServerTiming: OnBootPhase_520_com.android.server.devicepolicy.DevicePolicyManagerService$Lifecycle took to complete: 0ms
05-26 20:27:39.580  1263  1263 D SystemServerTiming: OnBootPhase_520_com.android.server.musicrecognition.MusicRecognitionManagerService
05-26 20:27:39.580  1263  1263 V SystemServerTiming: OnBootPhase_520_com.android.server.musicrecognition.MusicRecognitionManagerService took to complete: 0ms
05-26 20:27:39.580  1263  1263 D SystemServerTiming: OnBootPhase_520_com.android.server.contentcapture.ContentCaptureManagerService
05-26 20:27:39.581  1263  1263 V SystemServerTiming: OnBootPhase_520_com.android.server.contentcapture.ContentCaptureManagerService took to complete: 0ms
05-26 20:27:39.581  1263  1263 D SystemServerTiming: OnBootPhase_520_com.android.server.attention.AttentionManagerService
05-26 20:27:39.581  1263  1263 V SystemServerTiming: OnBootPhase_520_com.android.server.attention.AttentionManagerService took to complete: 0ms
05-26 20:27:39.581  1263  1263 D SystemServerTiming: OnBootPhase_520_com.android.server.rotationresolver.RotationResolverManagerService
05-26 20:27:39.581  1263  1263 V SystemServerTiming: OnBootPhase_520_com.android.server.rotationresolver.RotationResolverManagerService took to complete: 0ms
05-26 20:27:39.581  1263  1263 D SystemServerTiming: OnBootPhase_520_com.android.server.systemcaptions.SystemCaptionsManagerService
05-26 20:27:39.581  1263  1263 V SystemServerTiming: OnBootPhase_520_com.android.server.systemcaptions.SystemCaptionsManagerService took to complete: 0ms
05-26 20:27:39.582  1263  1263 D SystemServerTiming: OnBootPhase_520_com.android.server.texttospeech.TextToSpeechManagerService
05-26 20:27:39.582  1263  1263 V SystemServerTiming: OnBootPhase_520_com.android.server.texttospeech.TextToSpeechManagerService took to complete: 0ms
05-26 20:27:39.582  1263  1263 D SystemServerTiming: OnBootPhase_520_com.android.server.ambientcontext.AmbientContextManagerService
05-26 20:27:39.582  1263  1263 V SystemServerTiming: OnBootPhase_520_com.android.server.ambientcontext.AmbientContextManagerService took to complete: 0ms
05-26 20:27:39.582  1263  1263 D SystemServerTiming: OnBootPhase_520_com.android.server.speech.SpeechRecognitionManagerService
05-26 20:27:39.582  1263  1263 V SystemServerTiming: OnBootPhase_520_com.android.server.speech.SpeechRecognitionManagerService took to complete: 0ms
05-26 20:27:39.583  1263  1263 D SystemServerTiming: OnBootPhase_520_com.android.server.appprediction.AppPredictionManagerService
05-26 20:27:39.583  1263  1263 V SystemServerTiming: OnBootPhase_520_com.android.server.appprediction.AppPredictionManagerService took to complete: 0ms
05-26 20:27:39.583  1263  1263 D SystemServerTiming: OnBootPhase_520_com.android.server.contentsuggestions.ContentSuggestionsManagerService
05-26 20:27:39.583  1263  1263 V SystemServerTiming: OnBootPhase_520_com.android.server.contentsuggestions.ContentSuggestionsManagerService took to complete: 0ms
05-26 20:27:39.583  1263  1263 D SystemServerTiming: OnBootPhase_520_com.android.server.searchui.SearchUiManagerService
05-26 20:27:39.583  1263  1263 V SystemServerTiming: OnBootPhase_520_com.android.server.searchui.SearchUiManagerService took to complete: 0ms
05-26 20:27:39.583  1263  1263 D SystemServerTiming: OnBootPhase_520_com.android.server.smartspace.SmartspaceManagerService
05-26 20:27:39.584  1263  1263 V SystemServerTiming: OnBootPhase_520_com.android.server.smartspace.SmartspaceManagerService took to complete: 0ms
05-26 20:27:39.584  1263  1263 D SystemServerTiming: OnBootPhase_520_com.android.server.graphics.fonts.FontManagerService$Lifecycle
05-26 20:27:39.584  1263  1263 V SystemServerTiming: OnBootPhase_520_com.android.server.graphics.fonts.FontManagerService$Lifecycle took to complete: 0ms
05-26 20:27:39.584  1263  1263 D SystemServerTiming: OnBootPhase_520_com.android.server.textservices.TextServicesManagerService$Lifecycle
05-26 20:27:39.584  1263  1263 V SystemServerTiming: OnBootPhase_520_com.android.server.textservices.TextServicesManagerService$Lifecycle took to complete: 0ms
05-26 20:27:39.584  1263  1263 D SystemServerTiming: OnBootPhase_520_com.android.server.textclassifier.TextClassificationManagerService$Lifecycle
05-26 20:27:39.584  1263  1263 V SystemServerTiming: OnBootPhase_520_com.android.server.textclassifier.TextClassificationManagerService$Lifecycle took to complete: 0ms
05-26 20:27:39.584  1263  1263 D SystemServerTiming: OnBootPhase_520_com.android.server.NetworkScoreService$Lifecycle
05-26 20:27:39.585  1263  1263 V SystemServerTiming: OnBootPhase_520_com.android.server.NetworkScoreService$Lifecycle took to complete: 0ms
05-26 20:27:39.585  1263  1263 D SystemServerTiming: OnBootPhase_520_com.android.server.NetworkStatsServiceInitializer
05-26 20:27:39.585  1263  1263 V SystemServerTiming: OnBootPhase_520_com.android.server.NetworkStatsServiceInitializer took to complete: 0ms
05-26 20:27:39.585  1263  1263 D SystemServerTiming: OnBootPhase_520_com.android.server.wifi.WifiService
05-26 20:27:39.585  1263  1263 V SystemServerTiming: OnBootPhase_520_com.android.server.wifi.WifiService took to complete: 0ms
05-26 20:27:39.585  1263  1263 D SystemServerTiming: OnBootPhase_520_com.android.server.wifi.scanner.WifiScanningService
05-26 20:27:39.586  1263  1263 V SystemServerTiming: OnBootPhase_520_com.android.server.wifi.scanner.WifiScanningService took to complete: 0ms
05-26 20:27:39.586  1263  1263 D SystemServerTiming: OnBootPhase_520_com.android.server.wifi.p2p.WifiP2pService
05-26 20:27:39.586  1263  1263 V SystemServerTiming: OnBootPhase_520_com.android.server.wifi.p2p.WifiP2pService took to complete: 0ms
05-26 20:27:39.586  1263  1263 D SystemServerTiming: OnBootPhase_520_com.android.server.ConnectivityServiceInitializer
05-26 20:27:39.586  1263  1263 V SystemServerTiming: OnBootPhase_520_com.android.server.ConnectivityServiceInitializer took to complete: 0ms
05-26 20:27:39.586  1263  1263 D SystemServerTiming: OnBootPhase_520_com.android.server.notification.NotificationManagerService
05-26 20:27:39.657  1263  1338 V SystemServerTimingAsync: SecondaryZygotePreload took to complete: 7875ms
05-26 20:27:39.657  1263  1338 D SystemServerInitThreadPool: Finished executing SecondaryZygotePreload
05-26 20:27:39.657  1263  1338 V SystemServerTimingAsync: InitThreadPoolExec:SecondaryZygotePreload took to complete: 7876ms
05-26 20:27:39.666  1263  1263 W SystemServiceManager: Service com.android.server.notification.NotificationManagerService took 80 ms in onBootPhase
05-26 20:27:39.666  1263  1263 V SystemServerTiming: OnBootPhase_520_com.android.server.notification.NotificationManagerService took to complete: 80ms
05-26 20:27:39.666  1263  1263 D SystemServerTiming: OnBootPhase_520_com.android.server.storage.DeviceStorageMonitorService
05-26 20:27:39.666  1263  1263 V SystemServerTiming: OnBootPhase_520_com.android.server.storage.DeviceStorageMonitorService took to complete: 0ms
05-26 20:27:39.666  1263  1263 D SystemServerTiming: OnBootPhase_520_com.android.server.location.LocationManagerService$Lifecycle
05-26 20:27:39.666  1263  1263 V SystemServerTiming: OnBootPhase_520_com.android.server.location.LocationManagerService$Lifecycle took to complete: 0ms
05-26 20:27:39.666  1263  1263 D SystemServerTiming: OnBootPhase_520_com.android.server.timedetector.TimeDetectorService$Lifecycle
05-26 20:27:39.666  1263  1263 V SystemServerTiming: OnBootPhase_520_com.android.server.timedetector.TimeDetectorService$Lifecycle took to complete: 0ms
05-26 20:27:39.666  1263  1263 D SystemServerTiming: OnBootPhase_520_com.android.server.timezonedetector.TimeZoneDetectorService$Lifecycle
05-26 20:27:39.667  1263  1263 V SystemServerTiming: OnBootPhase_520_com.android.server.timezonedetector.TimeZoneDetectorService$Lifecycle took to complete: 0ms
05-26 20:27:39.667  1263  1263 D SystemServerTiming: OnBootPhase_520_com.android.server.timezonedetector.location.LocationTimeZoneManagerService$Lifecycle
05-26 20:27:39.667  1263  1263 V SystemServerTiming: OnBootPhase_520_com.android.server.timezonedetector.location.LocationTimeZoneManagerService$Lifecycle took to complete: 0ms
05-26 20:27:39.667  1263  1263 D SystemServerTiming: OnBootPhase_520_com.android.server.search.SearchManagerService$Lifecycle
05-26 20:27:39.667  1263  1263 V SystemServerTiming: OnBootPhase_520_com.android.server.search.SearchManagerService$Lifecycle took to complete: 0ms
05-26 20:27:39.667  1263  1263 D SystemServerTiming: OnBootPhase_520_com.android.server.wallpaper.WallpaperManagerService$Lifecycle
05-26 20:27:39.668  1263  1263 V SystemServerTiming: OnBootPhase_520_com.android.server.wallpaper.WallpaperManagerService$Lifecycle took to complete: 1ms
05-26 20:27:39.668  1263  1263 D SystemServerTiming: OnBootPhase_520_com.android.server.wallpapereffectsgeneration.WallpaperEffectsGenerationManagerService
05-26 20:27:39.668  1263  1263 V SystemServerTiming: OnBootPhase_520_com.android.server.wallpapereffectsgeneration.WallpaperEffectsGenerationManagerService took to complete: 0ms
05-26 20:27:39.668  1263  1263 D SystemServerTiming: OnBootPhase_520_com.android.server.audio.AudioService$Lifecycle
05-26 20:27:39.668  1263  1263 V SystemServerTiming: OnBootPhase_520_com.android.server.audio.AudioService$Lifecycle took to complete: 0ms
05-26 20:27:39.668  1263  1263 D SystemServerTiming: OnBootPhase_520_com.android.server.soundtrigger_middleware.SoundTriggerMiddlewareService$Lifecycle
05-26 20:27:39.668  1263  1263 V SystemServerTiming: OnBootPhase_520_com.android.server.soundtrigger_middleware.SoundTriggerMiddlewareService$Lifecycle took to complete: 0ms
05-26 20:27:39.668  1263  1263 D SystemServerTiming: OnBootPhase_520_com.android.server.DockObserver
05-26 20:27:39.669  1263  1263 V SystemServerTiming: OnBootPhase_520_com.android.server.DockObserver took to complete: 0ms
05-26 20:27:39.669  1263  1263 D SystemServerTiming: OnBootPhase_520_com.android.server.midi.MidiService$Lifecycle
05-26 20:27:39.669  1263  1263 V SystemServerTiming: OnBootPhase_520_com.android.server.midi.MidiService$Lifecycle took to complete: 0ms
05-26 20:27:39.669  1263  1263 D SystemServerTiming: OnBootPhase_520_com.android.server.adb.AdbService$Lifecycle
05-26 20:27:39.669  1263  1263 V SystemServerTiming: OnBootPhase_520_com.android.server.adb.AdbService$Lifecycle took to complete: 0ms
05-26 20:27:39.669  1263  1263 D SystemServerTiming: OnBootPhase_520_com.android.server.usb.UsbService$Lifecycle
05-26 20:27:39.669  1263  1263 V SystemServerTiming: OnBootPhase_520_com.android.server.usb.UsbService$Lifecycle took to complete: 0ms
05-26 20:27:39.669  1263  1263 D SystemServerTiming: OnBootPhase_520_com.android.server.twilight.TwilightService
05-26 20:27:39.669  1263  1263 V SystemServerTiming: OnBootPhase_520_com.android.server.twilight.TwilightService took to complete: 0ms
05-26 20:27:39.669  1263  1263 D SystemServerTiming: OnBootPhase_520_com.android.server.display.color.ColorDisplayService
05-26 20:27:39.669  1263  1263 V SystemServerTiming: OnBootPhase_520_com.android.server.display.color.ColorDisplayService took to complete: 0ms
05-26 20:27:39.669  1263  1263 D SystemServerTiming: OnBootPhase_520_com.android.server.job.JobSchedulerService
05-26 20:27:39.669  1263  1263 V SystemServerTiming: OnBootPhase_520_com.android.server.job.JobSchedulerService took to complete: 0ms
05-26 20:27:39.669  1263  1263 D SystemServerTiming: OnBootPhase_520_com.android.server.soundtrigger.SoundTriggerService
05-26 20:27:39.669  1263  1263 D SoundTriggerService: onBootPhase: 520 : false
05-26 20:27:39.670  1263  1263 V SystemServerTiming: OnBootPhase_520_com.android.server.soundtrigger.SoundTriggerService took to complete: 0ms
05-26 20:27:39.670  1263  1263 D SystemServerTiming: OnBootPhase_520_com.android.server.trust.TrustManagerService
05-26 20:27:39.670  1263  1263 V SystemServerTiming: OnBootPhase_520_com.android.server.trust.TrustManagerService took to complete: 0ms
05-26 20:27:39.670  1263  1263 D SystemServerTiming: OnBootPhase_520_com.android.server.backup.BackupManagerService$Lifecycle
05-26 20:27:39.670  1263  1263 V SystemServerTiming: OnBootPhase_520_com.android.server.backup.BackupManagerService$Lifecycle took to complete: 0ms
05-26 20:27:39.670  1263  1263 D SystemServerTiming: OnBootPhase_520_com.android.server.appwidget.AppWidgetService
05-26 20:27:39.670  1263  1263 V SystemServerTiming: OnBootPhase_520_com.android.server.appwidget.AppWidgetService took to complete: 0ms
05-26 20:27:39.670  1263  1263 D SystemServerTiming: OnBootPhase_520_com.android.server.voiceinteraction.VoiceInteractionManagerService
05-26 20:27:39.670  1263  1263 V SystemServerTiming: OnBootPhase_520_com.android.server.voiceinteraction.VoiceInteractionManagerService took to complete: 0ms
05-26 20:27:39.670  1263  1263 D SystemServerTiming: OnBootPhase_520_com.android.server.apphibernation.AppHibernationService
05-26 20:27:39.670  1263  1263 V SystemServerTiming: OnBootPhase_520_com.android.server.apphibernation.AppHibernationService took to complete: 0ms
05-26 20:27:39.670  1263  1263 D SystemServerTiming: OnBootPhase_520_com.android.server.GestureLauncherService
05-26 20:27:39.670  1263  1263 V SystemServerTiming: OnBootPhase_520_com.android.server.GestureLauncherService took to complete: 0ms
05-26 20:27:39.670  1263  1263 D SystemServerTiming: OnBootPhase_520_com.android.server.SensorNotificationService
05-26 20:27:39.670  1263  1263 V SystemServerTiming: OnBootPhase_520_com.android.server.SensorNotificationService took to complete: 0ms
05-26 20:27:39.670  1263  1263 D SystemServerTiming: OnBootPhase_520_com.android.server.emergency.EmergencyAffordanceService
05-26 20:27:39.671  1263  1263 V SystemServerTiming: OnBootPhase_520_com.android.server.emergency.EmergencyAffordanceService took to complete: 0ms
05-26 20:27:39.671  1263  1263 D SystemServerTiming: OnBootPhase_520_com.android.server.blob.BlobStoreManagerService
05-26 20:27:39.671  1263  1263 V SystemServerTiming: OnBootPhase_520_com.android.server.blob.BlobStoreManagerService took to complete: 0ms
05-26 20:27:39.671  1263  1263 D SystemServerTiming: OnBootPhase_520_com.android.server.dreams.DreamManagerService
05-26 20:27:39.671  1263  1263 V SystemServerTiming: OnBootPhase_520_com.android.server.dreams.DreamManagerService took to complete: 0ms
05-26 20:27:39.671  1263  1263 D SystemServerTiming: OnBootPhase_520_com.android.server.print.PrintManagerService
05-26 20:27:39.671  1263  1263 V SystemServerTiming: OnBootPhase_520_com.android.server.print.PrintManagerService took to complete: 0ms
05-26 20:27:39.671  1263  1263 D SystemServerTiming: OnBootPhase_520_com.android.server.security.AttestationVerificationManagerService
05-26 20:27:39.671  1263  1263 V SystemServerTiming: OnBootPhase_520_com.android.server.security.AttestationVerificationManagerService took to complete: 0ms
05-26 20:27:39.671  1263  1263 D SystemServerTiming: OnBootPhase_520_com.android.server.companion.CompanionDeviceManagerService
05-26 20:27:39.671  1263  1263 V SystemServerTiming: OnBootPhase_520_com.android.server.companion.CompanionDeviceManagerService took to complete: 0ms
05-26 20:27:39.671  1263  1263 D SystemServerTiming: OnBootPhase_520_com.android.server.companion.virtual.VirtualDeviceManagerService
05-26 20:27:39.671  1263  1263 V SystemServerTiming: OnBootPhase_520_com.android.server.companion.virtual.VirtualDeviceManagerService took to complete: 0ms
05-26 20:27:39.671  1263  1263 D SystemServerTiming: OnBootPhase_520_com.android.server.restrictions.RestrictionsManagerService
05-26 20:27:39.671  1263  1263 V SystemServerTiming: OnBootPhase_520_com.android.server.restrictions.RestrictionsManagerService took to complete: 0ms
05-26 20:27:39.671  1263  1263 D SystemServerTiming: OnBootPhase_520_com.android.server.media.MediaSessionService
05-26 20:27:39.672  1263  1263 V SystemServerTiming: OnBootPhase_520_com.android.server.media.MediaSessionService took to complete: 0ms
05-26 20:27:39.672  1263  1263 D SystemServerTiming: OnBootPhase_520_com.android.server.media.MediaResourceMonitorService
05-26 20:27:39.672  1263  1263 V SystemServerTiming: OnBootPhase_520_com.android.server.media.MediaResourceMonitorService took to complete: 0ms
05-26 20:27:39.672  1263  1263 D SystemServerTiming: OnBootPhase_520_com.android.server.biometrics.sensors.face.FaceService
05-26 20:27:39.672  1263  1263 V SystemServerTiming: OnBootPhase_520_com.android.server.biometrics.sensors.face.FaceService took to complete: 0ms
05-26 20:27:39.672  1263  1263 D SystemServerTiming: OnBootPhase_520_com.android.server.biometrics.sensors.fingerprint.FingerprintService
05-26 20:27:39.672  1263  1263 V SystemServerTiming: OnBootPhase_520_com.android.server.biometrics.sensors.fingerprint.FingerprintService took to complete: 0ms
05-26 20:27:39.672  1263  1263 D SystemServerTiming: OnBootPhase_520_com.android.server.biometrics.BiometricService
05-26 20:27:39.672  1263  1263 V SystemServerTiming: OnBootPhase_520_com.android.server.biometrics.BiometricService took to complete: 0ms
05-26 20:27:39.672  1263  1263 D SystemServerTiming: OnBootPhase_520_com.android.server.biometrics.AuthService
05-26 20:27:39.672  1263  1263 V SystemServerTiming: OnBootPhase_520_com.android.server.biometrics.AuthService took to complete: 0ms
05-26 20:27:39.672  1263  1263 D SystemServerTiming: OnBootPhase_520_com.android.server.app.AppLockManagerService$Lifecycle
05-26 20:27:39.672  1263  1263 V SystemServerTiming: OnBootPhase_520_com.android.server.app.AppLockManagerService$Lifecycle took to complete: 0ms
05-26 20:27:39.672  1263  1263 D SystemServerTiming: OnBootPhase_520_com.android.server.pm.ShortcutService$Lifecycle
05-26 20:27:39.672  1263  1263 V SystemServerTiming: OnBootPhase_520_com.android.server.pm.ShortcutService$Lifecycle took to complete: 0ms
05-26 20:27:39.672  1263  1263 D SystemServerTiming: OnBootPhase_520_com.android.server.pm.LauncherAppsService
05-26 20:27:39.673  1263  1263 V SystemServerTiming: OnBootPhase_520_com.android.server.pm.LauncherAppsService took to complete: 0ms
05-26 20:27:39.673  1263  1263 D SystemServerTiming: OnBootPhase_520_com.android.server.pm.CrossProfileAppsService
05-26 20:27:39.673  1263  1263 V SystemServerTiming: OnBootPhase_520_com.android.server.pm.CrossProfileAppsService took to complete: 0ms
05-26 20:27:39.673  1263  1263 D SystemServerTiming: OnBootPhase_520_com.android.server.pocket.PocketService
05-26 20:27:39.673  1263  1263 W PocketService: Un-handled boot phase:520
05-26 20:27:39.673  1263  1263 V SystemServerTiming: OnBootPhase_520_com.android.server.pocket.PocketService took to complete: 0ms
05-26 20:27:39.673  1263  1263 D SystemServerTiming: OnBootPhase_520_com.android.server.people.PeopleService
05-26 20:27:39.673  1263  1263 V SystemServerTiming: OnBootPhase_520_com.android.server.people.PeopleService took to complete: 0ms
05-26 20:27:39.673  1263  1263 D SystemServerTiming: OnBootPhase_520_com.android.server.media.metrics.MediaMetricsManagerService
05-26 20:27:39.673  1263  1263 V SystemServerTiming: OnBootPhase_520_com.android.server.media.metrics.MediaMetricsManagerService took to complete: 0ms
05-26 20:27:39.673  1263  1263 D SystemServerTiming: OnBootPhase_520_com.android.server.derp.CustomDeviceConfigService
05-26 20:27:39.673  1263  1263 V SystemServerTiming: OnBootPhase_520_com.android.server.derp.CustomDeviceConfigService took to complete: 0ms
05-26 20:27:39.673  1263  1263 D SystemServerTiming: OnBootPhase_520_com.android.server.vibrator.LinearmotorVibratorService
05-26 20:27:39.673  1263  1263 V SystemServerTiming: OnBootPhase_520_com.android.server.vibrator.LinearmotorVibratorService took to complete: 0ms
05-26 20:27:39.673  1263  1263 D SystemServerTiming: OnBootPhase_520_com.android.server.derp.LineageHardwareService
05-26 20:27:39.673  1263  1263 V SystemServerTiming: OnBootPhase_520_com.android.server.derp.LineageHardwareService took to complete: 0ms
05-26 20:27:39.673  1263  1263 D SystemServerTiming: OnBootPhase_520_com.android.server.derp.display.LiveDisplayService
05-26 20:27:39.674  1263  1263 V SystemServerTiming: OnBootPhase_520_com.android.server.derp.display.LiveDisplayService took to complete: 0ms
05-26 20:27:39.674  1263  1263 D SystemServerTiming: OnBootPhase_520_com.android.server.derp.health.HealthInterfaceService
05-26 20:27:39.674  1263  1263 V SystemServerTiming: OnBootPhase_520_com.android.server.derp.health.HealthInterfaceService took to complete: 0ms
05-26 20:27:39.674  1263  1263 D SystemServerTiming: OnBootPhase_520_com.android.server.media.projection.MediaProjectionManagerService
05-26 20:27:39.674  1263  1263 V SystemServerTiming: OnBootPhase_520_com.android.server.media.projection.MediaProjectionManagerService took to complete: 0ms
05-26 20:27:39.674  1263  1263 D SystemServerTiming: OnBootPhase_520_com.android.server.slice.SliceManagerService$Lifecycle
05-26 20:27:39.674  1263  1263 V SystemServerTiming: OnBootPhase_520_com.android.server.slice.SliceManagerService$Lifecycle took to complete: 0ms
05-26 20:27:39.674  1263  1263 D SystemServerTiming: OnBootPhase_520_com.android.server.stats.StatsCompanion$Lifecycle
05-26 20:27:39.674  1263  1263 V SystemServerTiming: OnBootPhase_520_com.android.server.stats.StatsCompanion$Lifecycle took to complete: 0ms
05-26 20:27:39.674  1263  1263 D SystemServerTiming: OnBootPhase_520_com.android.server.scheduling.RebootReadinessManagerService$Lifecycle
05-26 20:27:39.674  1263  1263 V SystemServerTiming: OnBootPhase_520_com.android.server.scheduling.RebootReadinessManagerService$Lifecycle took to complete: 0ms
05-26 20:27:39.674  1263  1263 D SystemServerTiming: OnBootPhase_520_com.android.server.stats.pull.StatsPullAtomService
05-26 20:27:39.674  1263  1263 V SystemServerTiming: OnBootPhase_520_com.android.server.stats.pull.StatsPullAtomService took to complete: 0ms
05-26 20:27:39.674  1263  1263 D SystemServerTiming: OnBootPhase_520_com.android.server.stats.bootstrap.StatsBootstrapAtomService$Lifecycle
05-26 20:27:39.674  1263  1263 V SystemServerTiming: OnBootPhase_520_com.android.server.stats.bootstrap.StatsBootstrapAtomService$Lifecycle took to complete: 0ms
05-26 20:27:39.674  1263  1263 D SystemServerTiming: OnBootPhase_520_com.android.server.incident.IncidentCompanionService
05-26 20:27:39.674  1263  1263 V SystemServerTiming: OnBootPhase_520_com.android.server.incident.IncidentCompanionService took to complete: 0ms
05-26 20:27:39.675  1263  1263 D SystemServerTiming: OnBootPhase_520_com.android.server.sdksandbox.SdkSandboxManagerService$Lifecycle
05-26 20:27:39.675  1263  1263 V SystemServerTiming: OnBootPhase_520_com.android.server.sdksandbox.SdkSandboxManagerService$Lifecycle took to complete: 0ms
05-26 20:27:39.675  1263  1263 D SystemServerTiming: OnBootPhase_520_com.android.server.adservices.AdServicesManagerService$Lifecycle
05-26 20:27:39.675  1263  1263 V SystemServerTiming: OnBootPhase_520_com.android.server.adservices.AdServicesManagerService$Lifecycle took to complete: 0ms
05-26 20:27:39.675  1263  1263 D SystemServerTiming: OnBootPhase_520_com.android.server.MmsServiceBroker
05-26 20:27:39.675  1263  1263 V SystemServerTiming: OnBootPhase_520_com.android.server.MmsServiceBroker took to complete: 0ms
05-26 20:27:39.675  1263  1263 D SystemServerTiming: OnBootPhase_520_com.android.server.autofill.AutofillManagerService
05-26 20:27:39.675  1263  1263 V SystemServerTiming: OnBootPhase_520_com.android.server.autofill.AutofillManagerService took to complete: 0ms
05-26 20:27:39.675  1263  1263 D SystemServerTiming: OnBootPhase_520_com.android.server.translation.TranslationManagerService
05-26 20:27:39.675  1263  1263 V SystemServerTiming: OnBootPhase_520_com.android.server.translation.TranslationManagerService took to complete: 0ms
05-26 20:27:39.675  1263  1263 D SystemServerTiming: OnBootPhase_520_com.android.server.clipboard.ClipboardService
05-26 20:27:39.675  1263  1263 V SystemServerTiming: OnBootPhase_520_com.android.server.clipboard.ClipboardService took to complete: 0ms
05-26 20:27:39.675  1263  1263 D SystemServerTiming: OnBootPhase_520_com.android.server.appbinding.AppBindingService$Lifecycle
05-26 20:27:39.675  1263  1263 V SystemServerTiming: OnBootPhase_520_com.android.server.appbinding.AppBindingService$Lifecycle took to complete: 0ms
05-26 20:27:39.675  1263  1263 D SystemServerTiming: OnBootPhase_520_com.android.server.tracing.TracingServiceProxy
05-26 20:27:39.676  1263  1263 V SystemServerTiming: OnBootPhase_520_com.android.server.tracing.TracingServiceProxy took to complete: 0ms
05-26 20:27:39.676  1263  1263 D SystemServerTiming: OnBootPhase_520_com.android.server.policy.PermissionPolicyService
05-26 20:27:39.678  1263  1263 V SystemServerTiming: OnBootPhase_520_com.android.server.policy.PermissionPolicyService took to complete: 2ms
05-26 20:27:39.678  1263  1263 D SystemServerTiming: OnBootPhase_520_com.android.server.pm.StagingManager$Lifecycle
05-26 20:27:39.678  1263  1263 V SystemServerTiming: OnBootPhase_520_com.android.server.pm.StagingManager$Lifecycle took to complete: 0ms
05-26 20:27:39.678  1263  1263 D SystemServerTiming: OnBootPhase_520_com.android.server.app.GameManagerService$Lifecycle
05-26 20:27:39.678  1263  1263 V SystemServerTiming: OnBootPhase_520_com.android.server.app.GameManagerService$Lifecycle took to complete: 0ms
05-26 20:27:39.678  1263  1263 V SystemServerTiming: OnBootPhase_520 took to complete: 116ms
05-26 20:27:39.678  1263  1263 V SystemServerTiming: StartBootPhaseDeviceSpecificServicesReady took to complete: 116ms
05-26 20:27:39.678  1263  1263 D SystemServerTiming: StartSafetyCenterService
05-26 20:27:39.679  1263  1263 I SystemServiceManager: Starting com.android.safetycenter.SafetyCenterService
05-26 20:27:39.708  1263  1263 V SystemServerTiming: StartSafetyCenterService took to complete: 30ms
05-26 20:27:39.708  1263  1263 D SystemServerTiming: AppSearchModule
05-26 20:27:39.711  1263  1263 I SystemServiceManager: Starting com.android.server.appsearch.AppSearchModule$Lifecycle
05-26 20:27:39.737  1263  1263 V SystemServerTiming: AppSearchModule took to complete: 29ms
05-26 20:27:39.737  1263  1263 D SystemServerTiming: StartMediaCommunicationService
05-26 20:27:39.738  1263  1263 I SystemServiceManager: Starting com.android.server.media.MediaCommunicationService
05-26 20:27:39.743  1263  1263 V SystemServerTiming: StartMediaCommunicationService took to complete: 5ms
05-26 20:27:39.743  1263  1263 D SystemServerTiming: AppCompatOverridesService
05-26 20:27:39.743  1263  1263 I SystemServiceManager: Starting com.android.server.compat.overrides.AppCompatOverridesService$Lifecycle
05-26 20:27:39.745  1263  1263 V SystemServerTiming: AppCompatOverridesService took to complete: 2ms
05-26 20:27:39.745  1263  1263 D SystemServerTiming: StartParallelSpaceManagerService
05-26 20:27:39.747  1263  1263 I SystemServiceManager: Starting com.android.server.derp.ParallelSpaceManagerService
05-26 20:27:39.755  1263  1263 V SystemServerTiming: StartParallelSpaceManagerService took to complete: 9ms
05-26 20:27:39.755  1263  1263 D SystemServerTiming: PhaseActivityManagerReady
05-26 20:27:39.755  1263  1263 D SystemServerTiming: controllersReady
05-26 20:27:39.765  1263  1327 D SystemServerTimingAsync: InitThreadPoolExec:Update app-ops uidState in case package com.golgappa.studyrays changed
05-26 20:27:39.765  1263  1339 D SystemServerTimingAsync: InitThreadPoolExec:Update app-ops uidState in case package com.google.android.apps.youtube.music changed
05-26 20:27:39.765  1263  1339 D SystemServerInitThreadPool: Started executing Update app-ops uidState in case package com.google.android.apps.youtube.music changed
05-26 20:27:39.765  1263  1363 D SystemServerTimingAsync: InitThreadPoolExec:Update app-ops uidState in case package com.google.android.videos changed
05-26 20:27:39.765  1263  1366 D SystemServerTimingAsync: InitThreadPoolExec:Update app-ops uidState in case package com.github.android changed
05-26 20:27:39.766  1263  1363 D SystemServerInitThreadPool: Started executing Update app-ops uidState in case package com.google.android.videos changed
05-26 20:27:39.766  1263  1353 D SystemServerTimingAsync: InitThreadPoolExec:Update app-ops uidState in case package oss.krtirtho.spotube changed
05-26 20:27:39.766  1263  1327 D SystemServerInitThreadPool: Started executing Update app-ops uidState in case package com.golgappa.studyrays changed
05-26 20:27:39.766  1263  1338 D SystemServerTimingAsync: InitThreadPoolExec:Update app-ops uidState in case package com.google.android.apps.docs changed
05-26 20:27:39.766  1263  1287 D SystemServerTimingAsync: InitThreadPoolExec:Update app-ops uidState in case package idm.internet.download.manager.plus changed
05-26 20:27:39.766  1263  1353 D SystemServerInitThreadPool: Started executing Update app-ops uidState in case package oss.krtirtho.spotube changed
05-26 20:27:39.766  1263  1287 D SystemServerInitThreadPool: Started executing Update app-ops uidState in case package idm.internet.download.manager.plus changed
05-26 20:27:39.766  1263  1321 D SystemServerTimingAsync: InitThreadPoolExec:Update app-ops uidState in case package com.microsoft.office.word changed
05-26 20:27:39.766  1263  1366 D SystemServerInitThreadPool: Started executing Update app-ops uidState in case package com.github.android changed
05-26 20:27:39.766  1263  1338 D SystemServerInitThreadPool: Started executing Update app-ops uidState in case package com.google.android.apps.docs changed
05-26 20:27:39.767  1263  1321 D SystemServerInitThreadPool: Started executing Update app-ops uidState in case package com.microsoft.office.word changed
05-26 20:27:39.778  1263  1339 D SystemServerInitThreadPool: Finished executing Update app-ops uidState in case package com.google.android.apps.youtube.music changed
05-26 20:27:39.779  1263  1339 V SystemServerTimingAsync: InitThreadPoolExec:Update app-ops uidState in case package com.google.android.apps.youtube.music changed took to complete: 13ms
05-26 20:27:39.779  1263  1366 D SystemServerInitThreadPool: Finished executing Update app-ops uidState in case package com.github.android changed
05-26 20:27:39.779  1263  1339 D SystemServerTimingAsync: InitThreadPoolExec:Update app-ops uidState in case package com.bittorrent.client changed
05-26 20:27:39.779  1263  1366 V SystemServerTimingAsync: InitThreadPoolExec:Update app-ops uidState in case package com.github.android changed took to complete: 13ms
05-26 20:27:39.779  1263  1339 D SystemServerInitThreadPool: Started executing Update app-ops uidState in case package com.bittorrent.client changed
05-26 20:27:39.779  1263  1327 D SystemServerInitThreadPool: Finished executing Update app-ops uidState in case package com.golgappa.studyrays changed
05-26 20:27:39.779  1263  1321 D SystemServerInitThreadPool: Finished executing Update app-ops uidState in case package com.microsoft.office.word changed
05-26 20:27:39.779  1263  1366 D SystemServerTimingAsync: InitThreadPoolExec:Update app-ops uidState in case package app.netmirror.netmirrornew changed
05-26 20:27:39.779  1263  1338 D SystemServerInitThreadPool: Finished executing Update app-ops uidState in case package com.google.android.apps.docs changed
05-26 20:27:39.779  1263  1327 V SystemServerTimingAsync: InitThreadPoolExec:Update app-ops uidState in case package com.golgappa.studyrays changed took to complete: 14ms
05-26 20:27:39.779  1263  1287 D SystemServerInitThreadPool: Finished executing Update app-ops uidState in case package idm.internet.download.manager.plus changed
05-26 20:27:39.780  1263  1321 V SystemServerTimingAsync: InitThreadPoolExec:Update app-ops uidState in case package com.microsoft.office.word changed took to complete: 13ms
05-26 20:27:39.780  1263  1363 D SystemServerInitThreadPool: Finished executing Update app-ops uidState in case package com.google.android.videos changed
05-26 20:27:39.780  1263  1338 V SystemServerTimingAsync: InitThreadPoolExec:Update app-ops uidState in case package com.google.android.apps.docs changed took to complete: 13ms
05-26 20:27:39.780  1263  1287 V SystemServerTimingAsync: InitThreadPoolExec:Update app-ops uidState in case package idm.internet.download.manager.plus changed took to complete: 14ms
05-26 20:27:39.780  1263  1363 V SystemServerTimingAsync: InitThreadPoolExec:Update app-ops uidState in case package com.google.android.videos changed took to complete: 15ms
05-26 20:27:39.780  1263  1366 D SystemServerInitThreadPool: Started executing Update app-ops uidState in case package app.netmirror.netmirrornew changed
05-26 20:27:39.780  1263  1321 D SystemServerTimingAsync: InitThreadPoolExec:Update app-ops uidState in case package com.tananaev.logcat changed
05-26 20:27:39.780  1263  1327 D SystemServerTimingAsync: InitThreadPoolExec:Update app-ops uidState in case package com.termux changed
05-26 20:27:39.780  1263  1287 D SystemServerTimingAsync: InitThreadPoolExec:Update app-ops uidState in case package com.tempmail changed
05-26 20:27:39.780  1263  1321 D SystemServerInitThreadPool: Started executing Update app-ops uidState in case package com.tananaev.logcat changed
05-26 20:27:39.780  1263  1327 D SystemServerInitThreadPool: Started executing Update app-ops uidState in case package com.termux changed
05-26 20:27:39.780  1263  1287 D SystemServerInitThreadPool: Started executing Update app-ops uidState in case package com.tempmail changed
05-26 20:27:39.780  1263  1338 D SystemServerTimingAsync: InitThreadPoolExec:Update app-ops uidState in case package com.google.android.apps.bard changed
05-26 20:27:39.781  1263  1338 D SystemServerInitThreadPool: Started executing Update app-ops uidState in case package com.google.android.apps.bard changed
05-26 20:27:39.781  1263  1353 D SystemServerInitThreadPool: Finished executing Update app-ops uidState in case package oss.krtirtho.spotube changed
05-26 20:27:39.781  1263  1363 D SystemServerTimingAsync: InitThreadPoolExec:Update app-ops uidState in case package com.openai.chatgpt changed
05-26 20:27:39.781  1263  1366 D SystemServerInitThreadPool: Finished executing Update app-ops uidState in case package app.netmirror.netmirrornew changed
05-26 20:27:39.781  1263  1339 D SystemServerInitThreadPool: Finished executing Update app-ops uidState in case package com.bittorrent.client changed
05-26 20:27:39.781  1263  1321 D SystemServerInitThreadPool: Finished executing Update app-ops uidState in case package com.tananaev.logcat changed
05-26 20:27:39.781  1263  1339 V SystemServerTimingAsync: InitThreadPoolExec:Update app-ops uidState in case package com.bittorrent.client changed took to complete: 2ms
05-26 20:27:39.781  1263  1363 D SystemServerInitThreadPool: Started executing Update app-ops uidState in case package com.openai.chatgpt changed
05-26 20:27:39.781  1263  1321 V SystemServerTimingAsync: InitThreadPoolExec:Update app-ops uidState in case package com.tananaev.logcat changed took to complete: 1ms
05-26 20:27:39.781  1263  1339 D SystemServerTimingAsync: InitThreadPoolExec:Update app-ops uidState in case package com.f0x1d.logfox changed
05-26 20:27:39.781  1263  1366 V SystemServerTimingAsync: InitThreadPoolExec:Update app-ops uidState in case package app.netmirror.netmirrornew changed took to complete: 2ms
05-26 20:27:39.781  1263  1353 V SystemServerTimingAsync: InitThreadPoolExec:Update app-ops uidState in case package oss.krtirtho.spotube changed took to complete: 15ms
05-26 20:27:39.781  1263  1287 D SystemServerInitThreadPool: Finished executing Update app-ops uidState in case package com.tempmail changed
05-26 20:27:39.781  1263  1363 D SystemServerInitThreadPool: Finished executing Update app-ops uidState in case package com.openai.chatgpt changed
05-26 20:27:39.782  1263  1321 D SystemServerTimingAsync: InitThreadPoolExec:Update app-ops uidState in case package com.oyeah.alpha changed
05-26 20:27:39.782  1263  1287 V SystemServerTimingAsync: InitThreadPoolExec:Update app-ops uidState in case package com.tempmail changed took to complete: 1ms
05-26 20:27:39.782  1263  1366 D SystemServerTimingAsync: InitThreadPoolExec:Update app-ops uidState in case package com.discord changed
05-26 20:27:39.782  1263  1339 D SystemServerInitThreadPool: Started executing Update app-ops uidState in case package com.f0x1d.logfox changed
05-26 20:27:39.782  1263  1287 D SystemServerTimingAsync: InitThreadPoolExec:Update app-ops uidState in case package xyz.penpencil.physicswala changed
05-26 20:27:39.782  1263  1363 V SystemServerTimingAsync: InitThreadPoolExec:Update app-ops uidState in case package com.openai.chatgpt changed took to complete: 1ms
05-26 20:27:39.782  1263  1338 D SystemServerInitThreadPool: Finished executing Update app-ops uidState in case package com.google.android.apps.bard changed
05-26 20:27:39.782  1263  1287 D SystemServerInitThreadPool: Started executing Update app-ops uidState in case package xyz.penpencil.physicswala changed
05-26 20:27:39.782  1263  1366 D SystemServerInitThreadPool: Started executing Update app-ops uidState in case package com.discord changed
05-26 20:27:39.782  1263  1353 D SystemServerTimingAsync: InitThreadPoolExec:Update app-ops uidState in case package com.medium.reader changed
05-26 20:27:39.782  1263  1321 D SystemServerInitThreadPool: Started executing Update app-ops uidState in case package com.oyeah.alpha changed
05-26 20:27:39.782  1263  1338 V SystemServerTimingAsync: InitThreadPoolExec:Update app-ops uidState in case package com.google.android.apps.bard changed took to complete: 2ms
05-26 20:27:39.782  1263  1327 D SystemServerInitThreadPool: Finished executing Update app-ops uidState in case package com.termux changed
05-26 20:27:39.782  1263  1353 D SystemServerInitThreadPool: Started executing Update app-ops uidState in case package com.medium.reader changed
05-26 20:27:39.782  1263  1338 D SystemServerTimingAsync: InitThreadPoolExec:Update app-ops uidState in case package com.whatsapp changed
05-26 20:27:39.782  1263  1327 V SystemServerTimingAsync: InitThreadPoolExec:Update app-ops uidState in case package com.termux changed took to complete: 2ms
05-26 20:27:39.783  1263  1339 D SystemServerInitThreadPool: Finished executing Update app-ops uidState in case package com.f0x1d.logfox changed
05-26 20:27:39.783  1263  1338 D SystemServerInitThreadPool: Started executing Update app-ops uidState in case package com.whatsapp changed
05-26 20:27:39.783  1263  1327 D SystemServerTimingAsync: InitThreadPoolExec:Update app-ops uidState in case package com.google.android.youtube changed
05-26 20:27:39.783  1263  1353 D SystemServerInitThreadPool: Finished executing Update app-ops uidState in case package com.medium.reader changed
05-26 20:27:39.783  1263  1366 D SystemServerInitThreadPool: Finished executing Update app-ops uidState in case package com.discord changed
05-26 20:27:39.783  1263  1339 V SystemServerTimingAsync: InitThreadPoolExec:Update app-ops uidState in case package com.f0x1d.logfox changed took to complete: 2ms
05-26 20:27:39.784  1263  1366 V SystemServerTimingAsync: InitThreadPoolExec:Update app-ops uidState in case package com.discord changed took to complete: 1ms
05-26 20:27:39.784  1263  1363 D SystemServerTimingAsync: InitThreadPoolExec:Update app-ops uidState in case package tw.nekomimi.nekogram changed
05-26 20:27:39.784  1263  1287 D SystemServerInitThreadPool: Finished executing Update app-ops uidState in case package xyz.penpencil.physicswala changed
05-26 20:27:39.784  1263  1366 D SystemServerTimingAsync: InitThreadPoolExec:Update app-ops uidState in case package com.google.android.gm changed
05-26 20:27:39.784  1263  1287 V SystemServerTimingAsync: InitThreadPoolExec:Update app-ops uidState in case package xyz.penpencil.physicswala changed took to complete: 2ms
05-26 20:27:39.784  1263  1339 D SystemServerTimingAsync: InitThreadPoolExec:Update app-ops uidState in case package com.supercell.brawlstars changed
05-26 20:27:39.784  1263  1321 D SystemServerInitThreadPool: Finished executing Update app-ops uidState in case package com.oyeah.alpha changed
05-26 20:27:39.784  1263  1327 D SystemServerInitThreadPool: Started executing Update app-ops uidState in case package com.google.android.youtube changed
05-26 20:27:39.784  1263  1287 D SystemServerTimingAsync: InitThreadPoolExec:Update app-ops uidState in case package ru.zdevs.zarchiver changed
05-26 20:27:39.784  1263  1321 V SystemServerTimingAsync: InitThreadPoolExec:Update app-ops uidState in case package com.oyeah.alpha changed took to complete: 2ms
05-26 20:27:39.784  1263  1366 D SystemServerInitThreadPool: Started executing Update app-ops uidState in case package com.google.android.gm changed
05-26 20:27:39.784  1263  1339 D SystemServerInitThreadPool: Started executing Update app-ops uidState in case package com.supercell.brawlstars changed
05-26 20:27:39.784  1263  1338 D SystemServerInitThreadPool: Finished executing Update app-ops uidState in case package com.whatsapp changed
05-26 20:27:39.784  1263  1321 D SystemServerTimingAsync: InitThreadPoolExec:Update app-ops uidState in case package com.android.providers.media.module changed
05-26 20:27:39.785  1263  1338 V SystemServerTimingAsync: InitThreadPoolExec:Update app-ops uidState in case package com.whatsapp changed took to complete: 2ms
05-26 20:27:39.785  1263  1363 D SystemServerInitThreadPool: Started executing Update app-ops uidState in case package tw.nekomimi.nekogram changed
05-26 20:27:39.785  1263  1327 D SystemServerInitThreadPool: Finished executing Update app-ops uidState in case package com.google.android.youtube changed
05-26 20:27:39.785  1263  1338 D SystemServerTimingAsync: InitThreadPoolExec:Update app-ops uidState in case package com.android.permissioncontroller changed
05-26 20:27:39.785  1263  1366 D SystemServerInitThreadPool: Finished executing Update app-ops uidState in case package com.google.android.gm changed
05-26 20:27:39.785  1263  1353 V SystemServerTimingAsync: InitThreadPoolExec:Update app-ops uidState in case package com.medium.reader changed took to complete: 1ms
05-26 20:27:39.785  1263  1287 D SystemServerInitThreadPool: Started executing Update app-ops uidState in case package ru.zdevs.zarchiver changed
05-26 20:27:39.785  1263  1366 V SystemServerTimingAsync: InitThreadPoolExec:Update app-ops uidState in case package com.google.android.gm changed took to complete: 1ms
05-26 20:27:39.785  1263  1327 V SystemServerTimingAsync: InitThreadPoolExec:Update app-ops uidState in case package com.google.android.youtube changed took to complete: 2ms
05-26 20:27:39.785  1263  1353 D SystemServerTimingAsync: InitThreadPoolExec:Update app-ops uidState in case package com.android.cellbroadcastreceiver.module changed
05-26 20:27:39.785  1263  1321 D SystemServerInitThreadPool: Started executing Update app-ops uidState in case package com.android.providers.media.module changed
05-26 20:27:39.785  1263  1339 D SystemServerInitThreadPool: Finished executing Update app-ops uidState in case package com.supercell.brawlstars changed
05-26 20:27:39.785  1263  1366 D SystemServerTimingAsync: InitThreadPoolExec:Update app-ops uidState in case package android.ext.services changed
05-26 20:27:39.785  1263  1327 D SystemServerTimingAsync: InitThreadPoolExec:Update app-ops uidState in case package com.android.systemui changed
05-26 20:27:39.786  1263  1363 D SystemServerInitThreadPool: Finished executing Update app-ops uidState in case package tw.nekomimi.nekogram changed
05-26 20:27:39.786  1263  1338 D SystemServerInitThreadPool: Started executing Update app-ops uidState in case package com.android.permissioncontroller changed
05-26 20:27:39.786  1263  1287 D SystemServerInitThreadPool: Finished executing Update app-ops uidState in case package ru.zdevs.zarchiver changed
05-26 20:27:39.786  1263  1327 D SystemServerInitThreadPool: Started executing Update app-ops uidState in case package com.android.systemui changed
05-26 20:27:39.786  1263  1366 D SystemServerInitThreadPool: Started executing Update app-ops uidState in case package android.ext.services changed
05-26 20:27:39.786  1263  1321 D SystemServerInitThreadPool: Finished executing Update app-ops uidState in case package com.android.providers.media.module changed
05-26 20:27:39.786  1263  1287 V SystemServerTimingAsync: InitThreadPoolExec:Update app-ops uidState in case package ru.zdevs.zarchiver changed took to complete: 2ms
05-26 20:27:39.786  1263  1353 D SystemServerInitThreadPool: Started executing Update app-ops uidState in case package com.android.cellbroadcastreceiver.module changed
05-26 20:27:39.786  1263  1321 V SystemServerTimingAsync: InitThreadPoolExec:Update app-ops uidState in case package com.android.providers.media.module changed took to complete: 2ms
05-26 20:27:39.786  1263  1338 D SystemServerInitThreadPool: Finished executing Update app-ops uidState in case package com.android.permissioncontroller changed
05-26 20:27:39.786  1263  1287 D SystemServerTimingAsync: InitThreadPoolExec:Update app-ops uidState in case package org.derpfest.prospect changed
05-26 20:27:39.786  1263  1366 D SystemServerInitThreadPool: Finished executing Update app-ops uidState in case package android.ext.services changed
05-26 20:27:39.786  1263  1363 V SystemServerTimingAsync: InitThreadPoolExec:Update app-ops uidState in case package tw.nekomimi.nekogram changed took to complete: 2ms
05-26 20:27:39.787  1263  1287 D SystemServerInitThreadPool: Started executing Update app-ops uidState in case package org.derpfest.prospect changed
05-26 20:27:39.787  1263  1327 D SystemServerInitThreadPool: Finished executing Update app-ops uidState in case package com.android.systemui changed
05-26 20:27:39.787  1263  1338 V SystemServerTimingAsync: InitThreadPoolExec:Update app-ops uidState in case package com.android.permissioncontroller changed took to complete: 1ms
05-26 20:27:39.787  1263  1327 V SystemServerTimingAsync: InitThreadPoolExec:Update app-ops uidState in case package com.android.systemui changed took to complete: 2ms
05-26 20:27:39.787  1263  1363 D SystemServerTimingAsync: InitThreadPoolExec:Update app-ops uidState in case package org.calyxos.panic changed
05-26 20:27:39.787  1263  1366 V SystemServerTimingAsync: InitThreadPoolExec:Update app-ops uidState in case package android.ext.services changed took to complete: 0ms
05-26 20:27:39.787  1263  1339 V SystemServerTimingAsync: InitThreadPoolExec:Update app-ops uidState in case package com.supercell.brawlstars changed took to complete: 2ms
05-26 20:27:39.787  1263  1327 D SystemServerTimingAsync: InitThreadPoolExec:Update app-ops uidState in case package com.android.wallpaper changed
05-26 20:27:39.787  1263  1338 D SystemServerTimingAsync: InitThreadPoolExec:Update app-ops uidState in case package com.google.android.pixel.setupwizard changed
05-26 20:27:39.787  1263  1363 D SystemServerInitThreadPool: Started executing Update app-ops uidState in case package org.calyxos.panic changed
05-26 20:27:39.787  1263  1366 D SystemServerTimingAsync: InitThreadPoolExec:Update app-ops uidState in case package com.google.android.apps.photos changed
05-26 20:27:39.787  1263  1327 D SystemServerInitThreadPool: Started executing Update app-ops uidState in case package com.android.wallpaper changed
05-26 20:27:39.787  1263  1339 D SystemServerTimingAsync: InitThreadPoolExec:Update app-ops uidState in case package com.google.android.gms.location.history changed
05-26 20:27:39.787  1263  1338 D SystemServerInitThreadPool: Started executing Update app-ops uidState in case package com.google.android.pixel.setupwizard changed
05-26 20:27:39.788  1263  1366 D SystemServerInitThreadPool: Started executing Update app-ops uidState in case package com.google.android.apps.photos changed
05-26 20:27:39.788  1263  1321 D SystemServerTimingAsync: InitThreadPoolExec:Update app-ops uidState in case package com.android.launcher3 changed
05-26 20:27:39.788  1263  1353 D SystemServerInitThreadPool: Finished executing Update app-ops uidState in case package com.android.cellbroadcastreceiver.module changed
05-26 20:27:39.788  1263  1339 D SystemServerInitThreadPool: Started executing Update app-ops uidState in case package com.google.android.gms.location.history changed
05-26 20:27:39.788  1263  1353 V SystemServerTimingAsync: InitThreadPoolExec:Update app-ops uidState in case package com.android.cellbroadcastreceiver.module changed took to complete: 3ms
05-26 20:27:39.789  1263  1363 D SystemServerInitThreadPool: Finished executing Update app-ops uidState in case package org.calyxos.panic changed
05-26 20:27:39.789  1263  1321 D SystemServerInitThreadPool: Started executing Update app-ops uidState in case package com.android.launcher3 changed
05-26 20:27:39.789  1263  1353 D SystemServerTimingAsync: InitThreadPoolExec:Update app-ops uidState in case package com.google.android.calculator changed
05-26 20:27:39.789  1263  1363 V SystemServerTimingAsync: InitThreadPoolExec:Update app-ops uidState in case package org.calyxos.panic changed took to complete: 2ms
05-26 20:27:39.789  1263  1339 D SystemServerInitThreadPool: Finished executing Update app-ops uidState in case package com.google.android.gms.location.history changed
05-26 20:27:39.789  1263  1353 D SystemServerInitThreadPool: Started executing Update app-ops uidState in case package com.google.android.calculator changed
05-26 20:27:39.789  1263  1363 D SystemServerTimingAsync: InitThreadPoolExec:Update app-ops uidState in case package com.google.android.calendar changed
05-26 20:27:39.789  1263  1321 D SystemServerInitThreadPool: Finished executing Update app-ops uidState in case package com.android.launcher3 changed
05-26 20:27:39.789  1263  1339 V SystemServerTimingAsync: InitThreadPoolExec:Update app-ops uidState in case package com.google.android.gms.location.history changed took to complete: 2ms
