05-20 13:42:08.143  1247  2594 I Telecom : PhoneAccountRegistrar: Notifying telephony of voice service override change for 1 SIMs, hasService = false: TSI.rPA@A10
05-20 13:42:08.735  1446  1522 D ShellBackPreview: Finishing gesture with event action: 1
05-20 13:42:08.735  1446  1522 D ShellBackPreview: onGestureFinished() mTriggerBack == false
05-20 13:42:08.735  1446  1522 D ShellBackPreview: BackAnimationController: finishAnimation()
05-20 13:42:08.818  1247  2594 D CoreBackPreview: Window{88689ae u0 com.android.settings/com.android.settings.SubSettings}: Setting back callback OnBackInvokedCallbackInfo{mCallback=android.window.IOnBackInvokedCallback$Stub$Proxy@14d28c8, mPriority=-1}
05-20 13:42:10.046  1247  7357 D CoreBackPreview: Window{88689ae u0 com.android.settings/com.android.settings.SubSettings}: Setting back callback null
05-20 13:42:10.067  1247  1273 V WindowManager: Unknown focus tokens, dropping reportFocusChanged
05-20 13:42:10.151  1247  1430 I Telecom : PhoneAccountRegistrar: Modify account: [ComponentInfo{com.android.phone/com.android.services.telephony.TelephonyConnectionService}, 2, UserHandle{0}]: TSI.rPA@A2E
05-20 13:42:10.153  1247  1430 I Telecom : CallsManager: handlePhoneAccountChanged: phoneAccount=[[X] PhoneAccount: ComponentInfo{com.android.phone/com.android.services.telephony.TelephonyConnectionService}, 2, UserHandle{0} Capabilities: SuppVideo CallProvider MultiUser PlaceEmerg SimSub  Audio Routes: BESW Schemes: tel voicemail  Extras: Bundle[{android.telecom.extra.SUPPORTS_VIDEO_CALLING_FALLBACK=true}] GroupId: ***]: TSI.rPA@A2E
05-20 13:42:10.159  1247  1430 I Telecom : PhoneAccountRegistrar: getSimCallManager: SimCallManager for subId 2 queried, returning: null: TSI.rPA@A2E
05-20 13:42:10.159  1247  1430 I Telecom : PhoneAccountRegistrar: Notifying telephony of voice service override change for 1 SIMs, hasService = false: TSI.rPA@A2E
05-20 13:42:10.177  1247  6529 I Telecom : PhoneAccountRegistrar: getSimCallManager: SimCallManager for subId 2 queried, returning: null: TSI.gSCM@A2U
05-20 13:42:10.220  1247  2600 I Telecom : PhoneAccountRegistrar: Modify account: [ComponentInfo{com.android.phone/com.android.services.telephony.TelephonyConnectionService}, 2, UserHandle{0}]: TSI.rPA@A2k
05-20 13:42:10.222  1247  2600 I Telecom : CallsManager: handlePhoneAccountChanged: phoneAccount=[[X] PhoneAccount: ComponentInfo{com.android.phone/com.android.services.telephony.TelephonyConnectionService}, 2, UserHandle{0} Capabilities: SuppVideo CallProvider MultiUser PlaceEmerg SimSub  Audio Routes: BESW Schemes: tel voicemail  Extras: Bundle[{android.telecom.extra.SUPPORTS_VIDEO_CALLING_FALLBACK=true}] GroupId: ***]: TSI.rPA@A2k
05-20 13:42:10.225  1247  2600 I Telecom : PhoneAccountRegistrar: getSimCallManager: SimCallManager for subId 2 queried, returning: null: TSI.rPA@A2k
05-20 13:42:10.226  1247  2600 I Telecom : PhoneAccountRegistrar: Notifying telephony of voice service override change for 1 SIMs, hasService = false: TSI.rPA@A2k
05-20 13:42:10.661  1247  1279 D OomAdjuster: Not killing cached processes
05-20 13:42:10.973  1247  7355 I Telecom : : isInEmergencyCall: false: TSI.iIEC@A24
05-20 13:42:13.982  1247  1430 I Telecom : : isInEmergencyCall: false: TSI.iIEC@A28
05-20 13:42:14.833  1247  7357 W ContextImpl: Calling a method in the system process without a qualified user: android.app.ContextImpl.sendBroadcastMultiplePermissions:1278 android.content.Context.sendBroadcastMultiplePermissions:2282 com.android.server.TelephonyRegistry.broadcastDataConnectionStateChanged:3281 com.android.server.TelephonyRegistry.notifyDataConnectionForSubscriber:2036 com.android.internal.telephony.ITelephonyRegistry$Stub.onTransact:571 
05-20 13:42:14.931  1247  7355 W ContextImpl: Calling a method in the system process without a qualified user: android.app.ContextImpl.sendBroadcastMultiplePermissions:1278 android.content.Context.sendBroadcastMultiplePermissions:2282 com.android.server.TelephonyRegistry.broadcastDataConnectionStateChanged:3281 com.android.server.TelephonyRegistry.notifyDataConnectionForSubscriber:2036 com.android.internal.telephony.ITelephonyRegistry$Stub.onTransact:571 
05-20 13:42:15.076  1247  1431 W ContextImpl: Calling a method in the system process without a qualified user: android.app.ContextImpl.sendBroadcastMultiplePermissions:1228 com.android.server.TelephonyRegistry.broadcastServiceStateChanged:3085 com.android.server.TelephonyRegistry.notifyServiceStateForPhoneId:1616 com.android.internal.telephony.ITelephonyRegistry$Stub.onTransact:492 android.os.Binder.execTransactInternal:1280 
05-20 13:42:15.077  1247  1431 W ContextImpl: Calling a method in the system process without a qualified user: android.app.ContextImpl.sendBroadcastMultiplePermissions:1278 android.content.Context.sendBroadcastMultiplePermissions:2282 com.android.server.TelephonyRegistry.broadcastServiceStateChanged:3089 com.android.server.TelephonyRegistry.notifyServiceStateForPhoneId:1616 com.android.internal.telephony.ITelephonyRegistry$Stub.onTransact:492 
05-20 13:42:15.077  1247  1280 W BroadcastQueue: Permission Denial: receiving Intent { act=android.intent.action.SERVICE_STATE flg=0x1000010 (has extras) } to ProcessRecord{5583808 1446:com.android.systemui/u0a499} (pid=1446, uid=10499) requires android.permission.ACCESS_FINE_LOCATION due to sender android (uid 1001)
05-20 13:42:15.078  1247  1280 W BroadcastQueue: Permission Denial: receiving Intent { act=android.intent.action.SERVICE_STATE flg=0x1000010 (has extras) } to com.android.cellbroadcastreceiver.module/com.android.cellbroadcastreceiver.CellBroadcastReceiver requires android.permission.ACCESS_FINE_LOCATION due to sender android (uid 1001)
05-20 13:42:15.079  1247  1280 W BroadcastQueue: Permission Denial: receiving Intent { act=android.intent.action.SERVICE_STATE flg=0x1000010 (has extras) } to ProcessRecord{5583808 1446:com.android.systemui/u0a499} (pid=1446, uid=10499) requires android.permission.ACCESS_FINE_LOCATION due to sender android (uid 1001)
05-20 13:42:15.079  1247  1431 W ContextImpl: Calling a method in the system process without a qualified user: android.app.ContextImpl.sendBroadcastMultiplePermissions:1278 android.content.Context.sendBroadcastMultiplePermissions:2282 com.android.server.TelephonyRegistry.broadcastServiceStateChanged:3096 com.android.server.TelephonyRegistry.notifyServiceStateForPhoneId:1616 com.android.internal.telephony.ITelephonyRegistry$Stub.onTransact:492 
05-20 13:42:15.080  1247  1431 W ContextImpl: Calling a method in the system process without a qualified user: android.app.ContextImpl.sendBroadcastMultiplePermissions:1278 android.content.Context.sendBroadcastMultiplePermissions:2282 com.android.server.TelephonyRegistry.broadcastServiceStateChanged:3100 com.android.server.TelephonyRegistry.notifyServiceStateForPhoneId:1616 com.android.internal.telephony.ITelephonyRegistry$Stub.onTransact:492 
05-20 13:42:15.085  1247  1280 W BroadcastQueue: Appop Denial: receiving Intent { act=android.intent.action.SERVICE_STATE flg=0x1000010 (has extras) } to ProcessRecord{5583808 1446:com.android.systemui/u0a499} (pid=1446, uid=10499) excludes appop android:read_phone_state due to sender android (uid 1001)
05-20 13:42:15.973  1247  1431 D CompatibilityChangeReporter: Compat change id reported: 161252188; UID 10426; state: DISABLED
05-20 13:42:15.980  1247  1280 D CompatibilityChangeReporter: Compat change id reported: 135634846; UID 10426; state: DISABLED
05-20 13:42:15.980  1247  1280 D CompatibilityChangeReporter: Compat change id reported: 177438394; UID 10426; state: DISABLED
05-20 13:42:15.980  1247  1280 D CompatibilityChangeReporter: Compat change id reported: 135772972; UID 10426; state: DISABLED
05-20 13:42:15.980  1247  1280 D CompatibilityChangeReporter: Compat change id reported: 135754954; UID 10426; state: ENABLED
05-20 13:42:15.981  1247  1281 D CompatibilityChangeReporter: Compat change id reported: 143937733; UID 10426; state: ENABLED
05-20 13:42:16.005  1247  1281 I ActivityManager: Start proc 8167:com.android.carrierdefaultapp/u0a426 for broadcast {com.android.carrierdefaultapp/com.android.carrierdefaultapp.CarrierDefaultBroadcastReceiver}
05-20 13:42:16.052  1247  2600 D CompatibilityChangeReporter: Compat change id reported: 168419799; UID 10426; state: DISABLED
05-20 13:42:16.053  1247  2600 D CompatibilityChangeReporter: Compat change id reported: 273564678; UID 10426; state: DISABLED
05-20 13:42:16.054  1247  2600 D OomAdjuster: Not killing cached processes
05-20 13:42:16.093  1247  7355 W ContextImpl: Calling a method in the system process without a qualified user: android.app.ContextImpl.sendBroadcastMultiplePermissions:1278 android.content.Context.sendBroadcastMultiplePermissions:2282 com.android.server.TelephonyRegistry.broadcastDataConnectionStateChanged:3281 com.android.server.TelephonyRegistry.notifyDataConnectionForSubscriber:2036 com.android.internal.telephony.ITelephonyRegistry$Stub.onTransact:571 
05-20 13:42:16.122  1247  1430 W ContextImpl: Calling a method in the system process without a qualified user: android.app.ContextImpl.sendBroadcastMultiplePermissions:1278 android.content.Context.sendBroadcastMultiplePermissions:2282 com.android.server.TelephonyRegistry.broadcastDataConnectionStateChanged:3281 com.android.server.TelephonyRegistry.notifyDataConnectionForSubscriber:2036 com.android.internal.telephony.ITelephonyRegistry$Stub.onTransact:571 
05-20 13:42:16.335  1247  1430 I Telecom : : isInEmergencyCall: false: TSI.iIEC@A3Q
05-20 13:42:17.602  1247  1431 W ContextImpl: Calling a method in the system process without a qualified user: android.app.ContextImpl.sendBroadcastMultiplePermissions:1278 android.content.Context.sendBroadcastMultiplePermissions:2282 com.android.server.TelephonyRegistry.broadcastDataConnectionStateChanged:3281 com.android.server.TelephonyRegistry.notifyDataConnectionForSubscriber:2036 com.android.internal.telephony.ITelephonyRegistry$Stub.onTransact:571 
05-20 13:42:17.675  1247  3145 W ContextImpl: Calling a method in the system process without a qualified user: android.app.ContextImpl.sendBroadcastMultiplePermissions:1278 android.content.Context.sendBroadcastMultiplePermissions:2282 com.android.server.TelephonyRegistry.broadcastDataConnectionStateChanged:3281 com.android.server.TelephonyRegistry.notifyDataConnectionForSubscriber:2036 com.android.internal.telephony.ITelephonyRegistry$Stub.onTransact:571 
05-20 13:42:18.411  1247  7357 D CompatibilityChangeReporter: Compat change id reported: 161252188; UID 10426; state: DISABLED
05-20 13:42:18.524  1247  1431 W ContextImpl: Calling a method in the system process without a qualified user: android.app.ContextImpl.sendBroadcastMultiplePermissions:1278 android.content.Context.sendBroadcastMultiplePermissions:2282 com.android.server.TelephonyRegistry.broadcastDataConnectionStateChanged:3281 com.android.server.TelephonyRegistry.notifyDataConnectionForSubscriber:2036 com.android.internal.telephony.ITelephonyRegistry$Stub.onTransact:571 
05-20 13:42:18.547  1247  2600 W ContextImpl: Calling a method in the system process without a qualified user: android.app.ContextImpl.sendBroadcastMultiplePermissions:1278 android.content.Context.sendBroadcastMultiplePermissions:2282 com.android.server.TelephonyRegistry.broadcastDataConnectionStateChanged:3281 com.android.server.TelephonyRegistry.notifyDataConnectionForSubscriber:2036 com.android.internal.telephony.ITelephonyRegistry$Stub.onTransact:571 
05-20 13:42:19.203  1446  1522 D ShellBackPreview: initAnimation mMotionStarted=false
05-20 13:42:19.206  1247  7357 D CoreBackPreview: Focused window found using getFocusedWindowToken
05-20 13:42:19.206  1247  7357 D CoreBackPreview: startBackNavigation currentTask=Task{fc27d1 #534 type=standard A=1000:com.android.settings.root}, topRunningActivity=ActivityRecord{52be66e u0 com.android.settings/.SubSettings} t534}, callbackInfo=OnBackInvokedCallbackInfo{mCallback=android.window.IOnBackInvokedCallback$Stub$Proxy@bbe388f, mPriority=-1}, currentFocus=Window{7aec569 u0 com.android.settings/com.android.settings.SubSettings}
05-20 13:42:19.206  1247  7357 D CoreBackPreview: Previous Destination is Activity:ComponentInfo{com.android.settings/com.android.settings.SubSettings} Task:null removedContainer:ActivityRecord{52be66e u0 com.android.settings/.SubSettings} t534}, backType=TYPE_CROSS_ACTIVITY
05-20 13:42:19.208  1446  1522 D ShellBackPreview: Received backNavigationInfo:BackNavigationInfo{mType=TYPE_CROSS_ACTIVITY (2), mDepartingAnimationTarget=null, mScreenshotSurface=null, mTaskWindowConfiguration= null, mScreenshotBuffer=null, mOnBackNavigationDone=android.os.RemoteCallback@e73767e, mOnBackInvokedCallback=android.window.IOnBackInvokedCallback$Stub$Proxy@8b807df}
05-20 13:42:19.304  1446  1522 D ShellBackPreview: Finishing gesture with event action: 1
05-20 13:42:19.304  1446  1522 D ShellBackPreview: onGestureFinished() mTriggerBack == true
05-20 13:42:19.305  1446  1522 D ShellBackPreview: BackAnimationController: finishAnimation()
05-20 13:42:19.305  1247  3712 D CoreBackPreview: onBackNavigationDone backType=2, task=Task{fc27d1 #534 type=standard A=1000:com.android.settings.root}, prevActivity=ActivityRecord{e962739 u0 com.android.settings/.SubSettings} t534}
05-20 13:42:19.346  1247  3145 I Telecom : : isInEmergencyCall: false: TSI.iIEC@A3k
05-20 13:42:19.925  1247  7357 D CoreBackPreview: Window{7aec569 u0 com.android.settings/com.android.settings.SubSettings}: Setting back callback null
05-20 13:42:22.181  1247  1279 D OomAdjuster: Not killing cached processes
05-20 13:42:22.357  1247  1431 I Telecom : : isInEmergencyCall: false: TSI.iIEC@A3o
05-20 13:42:25.367  1247  7357 I Telecom : : isInEmergencyCall: false: TSI.iIEC@A3s
05-20 13:42:26.058  1247  2594 D CompatibilityChangeReporter: Compat change id reported: 161252188; UID 10447; state: DISABLED
05-20 13:42:26.059  1247  2594 I ActivityTaskManager: START u0 {act=android.intent.action.MAIN cat=[android.intent.category.LAUNCHER] flg=0x10200000 pkg=com.google.android.dialer cmp=com.google.android.dialer/.extensions.GoogleDialtactsActivity bnds=[51,2079][202,2249]} from uid 10496
05-20 13:42:26.060  1247  2594 D CompatibilityChangeReporter: Compat change id reported: 265464455; UID 10447; state: DISABLED
05-20 13:42:26.061  1247  2594 D CompatibilityChangeReporter: Compat change id reported: 265452344; UID 10447; state: DISABLED
05-20 13:42:26.061  1247  2594 D CompatibilityChangeReporter: Compat change id reported: 266124927; UID 10447; state: DISABLED
05-20 13:42:26.061  1247  2594 D CompatibilityChangeReporter: Compat change id reported: 265451093; UID 10447; state: DISABLED
05-20 13:42:26.061  1247  2594 D CompatibilityChangeReporter: Compat change id reported: 265456536; UID 10447; state: DISABLED
05-20 13:42:26.061  1247  2594 D CompatibilityChangeReporter: Compat change id reported: 255940284; UID 10447; state: DISABLED
05-20 13:42:26.061  1247  2594 D CompatibilityChangeReporter: Compat change id reported: 236283604; UID 10447; state: DISABLED
05-20 13:42:26.062  1247  2594 D CompatibilityChangeReporter: Compat change id reported: 263959004; UID 10447; state: DISABLED
05-20 13:42:26.062  1247  2594 D CompatibilityChangeReporter: Compat change id reported: 264304459; UID 10447; state: DISABLED
05-20 13:42:26.062  1247  2594 D CompatibilityChangeReporter: Compat change id reported: 264301586; UID 10447; state: DISABLED
05-20 13:42:26.062  1247  2594 D CompatibilityChangeReporter: Compat change id reported: 254631730; UID 10447; state: DISABLED
05-20 13:42:26.062  1247  2594 D CompatibilityChangeReporter: Compat change id reported: 273509367; UID 10447; state: DISABLED
05-20 13:42:26.062  1247  2594 D CompatibilityChangeReporter: Compat change id reported: 263259275; UID 10447; state: DISABLED
05-20 13:42:26.063  1247  2594 D CompatibilityChangeReporter: Compat change id reported: 194480991; UID 10447; state: ENABLED
05-20 13:42:26.064  1247  2594 D CompatibilityChangeReporter: Compat change id reported: 174042980; UID 10447; state: DISABLED
05-20 13:42:26.068  1247  2594 D CompatibilityChangeReporter: Compat change id reported: 184838306; UID 10447; state: DISABLED
05-20 13:42:26.069  1247  2594 D CompatibilityChangeReporter: Compat change id reported: 185004937; UID 10447; state: DISABLED
05-20 13:42:26.069  1247  2594 D CompatibilityChangeReporter: Compat change id reported: 181136395; UID 10447; state: DISABLED
05-20 13:42:26.069  1247  2594 D CompatibilityChangeReporter: Compat change id reported: 174042936; UID 10447; state: DISABLED
05-20 13:42:26.071  1247  2594 D CompatibilityChangeReporter: Compat change id reported: 197654537; UID 10447; state: ENABLED
05-20 13:42:26.073  1247  2594 D CompatibilityChangeReporter: Compat change id reported: 205907456; UID 10447; state: ENABLED
05-20 13:42:26.077  1247  2594 D CompatibilityChangeReporter: Compat change id reported: 194833441; UID 10447; state: ENABLED
05-20 13:42:26.084  1247  2594 I ActivityTaskManager: The Process com.google.android.dialer Already Exists in BG. So sending its PID: 8028
05-20 13:42:26.459  1247  1431 W ActivityManager: Unable to start service Intent { act=com.google.android.apps.tachyon.services.CLIENT_API pkg=com.google.android.apps.tachyon } U=0: not found
05-20 13:42:26.469  1247  3145 W ActivityManager: Unable to start service Intent { act=com.google.android.apps.tachyon.services.CLIENT_API pkg=com.google.android.apps.tachyon } U=0: not found
05-20 13:42:26.546  1247  3145 D CoreBackPreview: Window{bc6197 u0 com.google.android.dialer/com.google.android.dialer.extensions.GoogleDialtactsActivity}: Setting back callback OnBackInvokedCallbackInfo{mCallback=android.window.IOnBackInvokedCallback$Stub$Proxy@3f8cca1, mPriority=-1}
05-20 13:42:26.853  1247  7357 D CompatibilityChangeReporter: Compat change id reported: 214016041; UID 10447; state: ENABLED
05-20 13:42:27.651  1446  1522 D ShellBackPreview: Finishing gesture with event action: 1
05-20 13:42:27.651  1446  1522 D ShellBackPreview: onGestureFinished() mTriggerBack == false
05-20 13:42:27.651  1446  1522 D ShellBackPreview: BackAnimationController: finishAnimation()
05-20 13:42:27.987  1247  2052 D CoreBackPreview: Window{bc6197 u0 com.google.android.dialer/com.google.android.dialer.extensions.GoogleDialtactsActivity}: Setting back callback OnBackInvokedCallbackInfo{mCallback=android.window.IOnBackInvokedCallback$Stub$Proxy@fba0fc3, mPriority=0}
05-20 13:42:28.380  1247  3145 I Telecom : : isInEmergencyCall: false: TSI.iIEC@A68
05-20 13:42:28.662  1247  3145 D CoreBackPreview: Window{7c04970 u0 FloatingRotationButton}: Setting back callback OnBackInvokedCallbackInfo{mCallback=android.window.IOnBackInvokedCallback$Stub$Proxy@6c7956e, mPriority=0}
05-20 13:42:28.775  1247  3712 D OomAdjuster: Not killing cached processes
05-20 13:42:29.877   444  8242 I keystore2: keystore2::watchdog: Watchdog thread idle -> terminating. Have a great day.
05-20 13:42:30.425  1247  2052 I Telecom : PhoneAccountRegistrar: getSimCallManager: SimCallManager for subId 2 queried, returning: null
05-20 13:42:30.673  1247  2052 I Telecom : PhoneAccountRegistrar: getSimCallManager: SimCallManager for subId 2 queried, returning: null
05-20 13:42:30.864  1247  2052 I Telecom : PhoneAccountRegistrar: getSimCallManager: SimCallManager for subId 2 queried, returning: null
05-20 13:42:31.371  1247  2052 I Telecom : PhoneAccountRegistrar: getSimCallManager: SimCallManager for subId 2 queried, returning: null
05-20 13:42:31.390  1247  2052 I Telecom : : isInEmergencyCall: false: TSI.iIEC@A/4
05-20 13:42:31.751  1247  2052 I Telecom : PhoneAccountRegistrar: getSimCallManager: SimCallManager for subId 2 queried, returning: null
05-20 13:42:32.027  1247  2052 I Telecom : PhoneAccountRegistrar: getSimCallManager: SimCallManager for subId 2 queried, returning: null
05-20 13:42:32.212  1247  2052 I Telecom : PhoneAccountRegistrar: getSimCallManager: SimCallManager for subId 2 queried, returning: null
05-20 13:42:33.773  1247  3712 D CoreBackPreview: Window{7c04970 u0 FloatingRotationButton}: Setting back callback null
05-20 13:42:34.403  1247  3712 I Telecom : : isInEmergencyCall: false: TSI.iIEC@BD4
05-20 13:42:34.795  1247  1279 D OomAdjuster: Not killing cached processes
05-20 13:42:36.835  1247  3712 I Telecom : : isInEmergencyCall: false: TSI.iIEC@BFE
05-20 13:42:38.109  1247  7357 I Telecom : PhoneAccountRegistrar: getSimCallManager: SimCallManager for subId 2 queried, returning: null
05-20 13:42:38.295  1247  7357 I Telecom : PhoneAccountRegistrar: getSimCallManager: SimCallManager for subId 2 queried, returning: null
05-20 13:42:38.560  1247  3712 I Telecom : PhoneAccountRegistrar: getSimCallManager: SimCallManager for subId 2 queried, returning: null
05-20 13:42:38.827  1247  7357 I Telecom : PhoneAccountRegistrar: getSimCallManager: SimCallManager for subId 2 queried, returning: null
05-20 13:42:39.109  1247  7357 I Telecom : PhoneAccountRegistrar: getSimCallManager: SimCallManager for subId 2 queried, returning: null
05-20 13:42:39.325  1247  3712 I Telecom : PhoneAccountRegistrar: getSimCallManager: SimCallManager for subId 2 queried, returning: null
05-20 13:42:39.581  1247  7357 I Telecom : PhoneAccountRegistrar: getSimCallManager: SimCallManager for subId 2 queried, returning: null
05-20 13:42:39.762  1247  7357 I Telecom : PhoneAccountRegistrar: getSimCallManager: SimCallManager for subId 2 queried, returning: null
05-20 13:42:39.780  1690  1690 W ContextImpl: Calling a method in the system process without a qualified user: android.app.ContextImpl.startActivity:1077 android.content.ContextWrapper.startActivity:432 android.content.ContextWrapper.startActivity:432 com.android.settings.TestingSettingsBroadcastReceiver.onReceive:39 android.app.ActivityThread.handleReceiver:4320 
05-20 13:42:39.781  1690  1690 W ContextImpl: Calling a method in the system process without a qualified user: android.app.ContextImpl.startActivity:1089 android.app.ContextImpl.startActivity:1078 android.content.ContextWrapper.startActivity:432 android.content.ContextWrapper.startActivity:432 com.android.settings.TestingSettingsBroadcastReceiver.onReceive:39 
05-20 13:42:39.782  1247  2052 I ActivityTaskManager: START u0 {act=android.intent.action.MAIN flg=0x10000000 cmp=com.android.settings/.Settings$TestingSettingsActivity} from uid 1000
05-20 13:42:39.796  1247  2052 D OomAdjuster: Not killing cached processes
05-20 13:42:39.815  1247  7357 I ActivityTaskManager: The Process com.android.settings Already Exists in BG. So sending its PID: 1690
05-20 13:42:39.816  1247  7357 W ActivityTaskManager: Tried to set launchTime (0) < mLastActivityLaunchTime (154157)
05-20 13:42:39.849  1247  2052 I Telecom : : isInEmergencyCall: false: TSI.iIEC@BLs
05-20 13:42:39.909  1247  3712 D CoreBackPreview: Window{d2afe94 u0 com.android.settings/com.android.settings.Settings$TestingSettingsActivity}: Setting back callback OnBackInvokedCallbackInfo{mCallback=android.window.IOnBackInvokedCallback$Stub$Proxy@94b8932, mPriority=-1}
05-20 13:42:40.698  1247  2052 I ActivityTaskManager: START u0 {act=android.intent.action.MAIN cmp=com.android.phone/.settings.RadioInfo} from uid 1000
05-20 13:42:40.716  1247  2052 I ActivityTaskManager: The Process com.android.phone Already Exists in BG. So sending its PID: 1686
05-20 13:42:40.716  1247  2052 W ActivityTaskManager: Tried to set launchTime (0) < mLastActivityLaunchTime (154967)
05-20 13:42:40.807  1247  3712 D CoreBackPreview: Window{d8c6851 u0 com.android.phone/com.android.phone.settings.RadioInfo}: Setting back callback OnBackInvokedCallbackInfo{mCallback=android.window.IOnBackInvokedCallback$Stub$Proxy@e7599b7, mPriority=0}
05-20 13:42:41.496  1446  1522 D ShellBackPreview: Finishing gesture with event action: 1
05-20 13:42:41.496  1446  1522 D ShellBackPreview: onGestureFinished() mTriggerBack == false
05-20 13:42:41.496  1446  1522 D ShellBackPreview: BackAnimationController: finishAnimation()
05-20 13:42:41.561  1247  3145 D CoreBackPreview: Window{9a06331 u0 PopupWindow:9902e2}: Setting back callback OnBackInvokedCallbackInfo{mCallback=android.window.IOnBackInvokedCallback$Stub$Proxy@1f13e33, mPriority=0}
05-20 13:42:42.476  1247  2052 D CoreBackPreview: Window{17f4769 u0 com.android.phone/com.android.phone.settings.RadioInfo}: Setting back callback OnBackInvokedCallbackInfo{mCallback=android.window.IOnBackInvokedCallback$Stub$Proxy@16c40ab, mPriority=0}
05-20 13:42:42.853  1247  2052 D CoreBackPreview: Window{9a06331 u0 PopupWindow:9902e2}: Setting back callback null
05-20 13:42:42.862  1247  2052 I Telecom : : isInEmergencyCall: false: TSI.iIEC@BL4
05-20 13:42:43.674  1247  3145 D CoreBackPreview: Window{17f4769 u0 com.android.phone/com.android.phone.settings.RadioInfo}: Setting back callback null
05-20 13:42:43.687  1247  1273 V WindowManager: Unknown focus tokens, dropping reportFocusChanged
05-20 13:42:44.897  1446  1522 D ShellBackPreview: initAnimation mMotionStarted=false
05-20 13:42:44.900  1247  7357 D CoreBackPreview: Focused window found using getFocusedWindowToken
05-20 13:42:44.901  1247  7357 D CoreBackPreview: startBackNavigation currentTask=Task{db34aa3 #537 type=standard A=1000:com.android.settings}, topRunningActivity=ActivityRecord{285d263 u0 com.android.phone/.settings.RadioInfo} t537}, callbackInfo=OnBackInvokedCallbackInfo{mCallback=android.window.IOnBackInvokedCallback$Stub$Proxy@e7599b7, mPriority=0}, currentFocus=Window{d8c6851 u0 com.android.phone/com.android.phone.settings.RadioInfo}
05-20 13:42:44.901  1446  1522 D ShellBackPreview: Received backNavigationInfo:BackNavigationInfo{mType=TYPE_CALLBACK (4), mDepartingAnimationTarget=null, mScreenshotSurface=null, mTaskWindowConfiguration= null, mScreenshotBuffer=null, mOnBackNavigationDone=android.os.RemoteCallback@7989a2d, mOnBackInvokedCallback=android.window.IOnBackInvokedCallback$Stub$Proxy@6c18b62}
05-20 13:42:44.921  1446  1522 D ShellBackPreview: Finishing gesture with event action: 1
05-20 13:42:44.921  1446  1522 D ShellBackPreview: onGestureFinished() mTriggerBack == true
05-20 13:42:44.921  1446  1522 D ShellBackPreview: BackAnimationController: finishAnimation()
05-20 13:42:44.922  1247  7357 D CoreBackPreview: onBackNavigationDone backType=4, task=null, prevActivity=null
05-20 13:42:44.943  1247  1273 D OomAdjuster: Not killing cached processes
05-20 13:42:45.295  1247  2052 D CoreBackPreview: Window{d8c6851 u0 com.android.phone/com.android.phone.settings.RadioInfo}: Setting back callback null
05-20 13:42:45.488  1247  1273 V WindowManager: Unknown focus tokens, dropping reportFocusChanged
05-20 13:42:45.879  1247  3145 I Telecom : : isInEmergencyCall: false: TSI.iIEC@BL8
05-20 13:42:45.897  1247  1273 V WindowManager: Unknown focus tokens, dropping reportFocusChanged
05-20 13:42:46.663  1247  1431 D CoreBackPreview: Window{d2afe94 u0 com.android.settings/com.android.settings.Settings$TestingSettingsActivity}: Setting back callback null
05-20 13:42:46.673  1247  1279 W UsageStatsService: Unexpected activity event reported! (com.android.settings/com.android.settings.Settings$TestingSettingsActivity event : 23 instanceId : 52863392)
05-20 13:42:47.676  1247  1273 I ActivityManager: Killing 8028:com.google.android.dialer/u0a447 (adj 900): remove task
05-20 13:42:47.679  1247  3712 D CoreBackPreview: Window{f0e3549 u0 com.android.settings/com.android.settings.SubSettings}: Setting back callback null
05-20 13:42:47.684  1247  1273 I ActivityManager: Killing 1690:com.android.settings/1000 (adj 905): remove task
05-20 13:42:47.770  1247  1685 D TextToSpeechManagerPerUserService: Unbinding TTS engine: com.google.android.tts. Reason: client process death is reported
05-20 13:42:47.774  1247  1437 I WindowManager: WIN DEATH: Window{bc6197 u0 com.google.android.dialer/com.google.android.dialer.extensions.GoogleDialtactsActivity}
05-20 13:42:47.775  1247  1247 W TextToSpeechManagerPerUserService: Disconnected from TTS engine
05-20 13:42:47.776  1247  1247 I TextToSpeechManagerPerUserService: Failed running callback method: android.os.DeadObjectException
05-20 13:42:47.796  1247  8357 I WindowManager: WIN DEATH: Window{34a6807 u0 com.android.settings/com.android.settings.Settings}
05-20 13:42:47.799  1247  7357 I WindowManager: WIN DEATH: Window{f0e3549 u0 com.android.settings/com.android.settings.SubSettings}
05-20 13:42:47.801  1247  1353 I MR2ServiceImpl: unregisterManager | package: com.android.settings, user: 0, manager: 2
05-20 13:42:47.806  1247  1273 W ActivityManager: setHasOverlayUi called on unknown pid: 8028
05-20 13:42:47.807  1247  1279 W UsageStatsService: Unexpected activity event reported! (com.google.android.dialer/com.android.dialer.main.impl.MainActivity event : 23 instanceId : 185698400)
05-20 13:42:47.810  1247  1273 W ActivityManager: setHasOverlayUi called on unknown pid: 1690
05-20 13:42:47.811  1247  1279 W UsageStatsService: Unexpected activity event reported! (com.android.settings/com.android.settings.homepage.SettingsHomepageActivity event : 23 instanceId : 203739702)
05-20 13:42:47.813  1247  1279 W UsageStatsService: Unexpected activity event reported! (com.android.settings/com.android.settings.SubSettings event : 23 instanceId : 166163200)
05-20 13:42:48.798  1247  3712 D CompatibilityChangeReporter: Compat change id reported: 161252188; UID 10526; state: DISABLED
05-20 13:42:48.798  1247  3712 I ActivityTaskManager: START u0 {act=android.intent.action.MAIN cat=[android.intent.category.LAUNCHER] flg=0x10200000 cmp=app.netmirror.netmirror/.MainActivity bnds=[643,1623][850,1947]} from uid 10496
05-20 13:42:48.800  1247  3712 D CompatibilityChangeReporter: Compat change id reported: 265464455; UID 10526; state: DISABLED
05-20 13:42:48.800  1247  3712 D CompatibilityChangeReporter: Compat change id reported: 265452344; UID 10526; state: DISABLED
05-20 13:42:48.800  1247  3712 D CompatibilityChangeReporter: Compat change id reported: 266124927; UID 10526; state: DISABLED
05-20 13:42:48.800  1247  3712 D CompatibilityChangeReporter: Compat change id reported: 265451093; UID 10526; state: DISABLED
05-20 13:42:48.800  1247  3712 D CompatibilityChangeReporter: Compat change id reported: 265456536; UID 10526; state: DISABLED
05-20 13:42:48.801  1247  3712 D CompatibilityChangeReporter: Compat change id reported: 255940284; UID 10526; state: DISABLED
05-20 13:42:48.801  1247  3712 D CompatibilityChangeReporter: Compat change id reported: 236283604; UID 10526; state: DISABLED
05-20 13:42:48.801  1247  3712 D CompatibilityChangeReporter: Compat change id reported: 263959004; UID 10526; state: DISABLED
05-20 13:42:48.801  1247  3712 D CompatibilityChangeReporter: Compat change id reported: 264304459; UID 10526; state: DISABLED
05-20 13:42:48.801  1247  3712 D CompatibilityChangeReporter: Compat change id reported: 264301586; UID 10526; state: DISABLED
05-20 13:42:48.801  1247  3712 D CompatibilityChangeReporter: Compat change id reported: 254631730; UID 10526; state: DISABLED
05-20 13:42:48.801  1247  3712 D CompatibilityChangeReporter: Compat change id reported: 273509367; UID 10526; state: DISABLED
05-20 13:42:48.801  1247  3712 D CompatibilityChangeReporter: Compat change id reported: 263259275; UID 10526; state: DISABLED
05-20 13:42:48.808  1247  3712 D CompatibilityChangeReporter: Compat change id reported: 194480991; UID 10526; state: ENABLED
05-20 13:42:48.811  1247  3712 D CompatibilityChangeReporter: Compat change id reported: 174042980; UID 10526; state: DISABLED
05-20 13:42:48.814  1247  3712 D CompatibilityChangeReporter: Compat change id reported: 184838306; UID 10526; state: DISABLED
05-20 13:42:48.815  1247  3712 D CompatibilityChangeReporter: Compat change id reported: 185004937; UID 10526; state: DISABLED
05-20 13:42:48.815  1247  3712 D CompatibilityChangeReporter: Compat change id reported: 181136395; UID 10526; state: DISABLED
05-20 13:42:48.815  1247  3712 D CompatibilityChangeReporter: Compat change id reported: 174042936; UID 10526; state: DISABLED
05-20 13:42:48.817  1247  3712 D CompatibilityChangeReporter: Compat change id reported: 197654537; UID 10526; state: ENABLED
05-20 13:42:48.820  1247  3712 D CompatibilityChangeReporter: Compat change id reported: 205907456; UID 10526; state: ENABLED
05-20 13:42:48.823  1247  3712 D CompatibilityChangeReporter: Compat change id reported: 194833441; UID 10526; state: ENABLED
05-20 13:42:48.831  1247  3712 D CompatibilityChangeReporter: Compat change id reported: 168419799; UID 10526; state: DISABLED
05-20 13:42:48.832  1247  1273 D CompatibilityChangeReporter: Compat change id reported: 135634846; UID 10526; state: DISABLED
05-20 13:42:48.832  1247  1273 D CompatibilityChangeReporter: Compat change id reported: 177438394; UID 10526; state: DISABLED
05-20 13:42:48.832  1247  3712 D CompatibilityChangeReporter: Compat change id reported: 273564678; UID 10526; state: DISABLED
05-20 13:42:48.832  1247  1273 D CompatibilityChangeReporter: Compat change id reported: 135772972; UID 10526; state: DISABLED
05-20 13:42:48.832  1247  1273 D CompatibilityChangeReporter: Compat change id reported: 135754954; UID 10526; state: ENABLED
05-20 13:42:48.832  1247  1281 D CompatibilityChangeReporter: Compat change id reported: 143937733; UID 10526; state: ENABLED
05-20 13:42:48.834  1247  3712 D CoreBackPreview: Window{89dffab u0 Splash Screen app.netmirror.netmirror}: Setting back callback OnBackInvokedCallbackInfo{mCallback=android.window.IOnBackInvokedCallback$Stub$Proxy@8acd1a1, mPriority=0}
05-20 13:42:48.844  1247  1281 I ActivityManager: Start proc 8360:app.netmirror.netmirror/u0a526 for next-top-activity {app.netmirror.netmirror/app.netmirror.netmirror.MainActivity}
05-20 13:42:48.893  1247  3712 I Telecom : : isInEmergencyCall: false: TSI.iIEC@BMA
05-20 13:42:49.295  1247  7355 D CompatibilityChangeReporter: Compat change id reported: 161252188; UID 10467; state: DISABLED
05-20 13:42:49.298  1247  1281 D CompatibilityChangeReporter: Compat change id reported: 143937733; UID 10467; state: ENABLED
05-20 13:42:49.311  1247  1281 I ActivityManager: Start proc 8388:com.google.android.webview:webview_service/u0a467 for service {com.google.android.webview/org.chromium.android_webview.services.VariationsSeedServer}
05-20 13:42:49.338  1247  7965 D CompatibilityChangeReporter: Compat change id reported: 168419799; UID 10467; state: DISABLED
05-20 13:42:49.338  1247  7965 D CompatibilityChangeReporter: Compat change id reported: 273564678; UID 10467; state: DISABLED
05-20 13:42:49.366  1247  7965 D CompatibilityChangeReporter: Compat change id reported: 161145287; UID 10526; state: DISABLED
05-20 13:42:49.378  1247  7355 D CompatibilityChangeReporter: Compat change id reported: 161252188; UID 10467; state: DISABLED
05-20 13:42:49.379  1247  7355 D CompatibilityChangeReporter: Compat change id reported: 135634846; UID 99000; state: DISABLED
05-20 13:42:49.380  1247  7355 D CompatibilityChangeReporter: Compat change id reported: 177438394; UID 99000; state: DISABLED
05-20 13:42:49.380  1247  7355 D CompatibilityChangeReporter: Compat change id reported: 135772972; UID 99000; state: DISABLED
05-20 13:42:49.380  1247  7355 D CompatibilityChangeReporter: Compat change id reported: 135754954; UID 99000; state: ENABLED
05-20 13:42:49.381  1247  1281 D CompatibilityChangeReporter: Compat change id reported: 143937733; UID 10526; state: ENABLED
05-20 13:42:49.404  1247  1281 I ActivityManager: Start proc 8407:com.google.android.webview:sandboxed_process0:org.chromium.content.app.SandboxedProcessService0:0/u0ai9000 for  {app.netmirror.netmirror/org.chromium.content.app.SandboxedProcessService0:0}
05-20 13:42:49.892  1247  3712 W WindowManager: Failed looking up window session=Session{9dd6cc3 8360:u0a10526} callers=com.android.server.wm.WindowManagerService.windowForClientLocked:6086 com.android.server.wm.Session.updateRequestedVisibilities:701 android.view.IWindowSession$Stub.onTransact:1075 
05-20 13:42:49.899  1247  7355 D CoreBackPreview: Window{7a841be u0 app.netmirror.netmirror/app.netmirror.netmirror.MainActivity}: Setting back callback OnBackInvokedCallbackInfo{mCallback=android.window.IOnBackInvokedCallback$Stub$Proxy@5a7596c, mPriority=0}
05-20 13:42:50.016  1247  1353 D OomAdjuster: Not killing cached processes
05-20 13:42:50.039  1247  1353 D CompatibilityChangeReporter: Compat change id reported: 194532703; UID 10467; state: ENABLED
05-20 13:42:50.062  1247  7355 D CompatibilityChangeReporter: Compat change id reported: 214016041; UID 10526; state: ENABLED
05-20 13:42:50.394  1247  7355 D CoreBackPreview: Window{89dffab u0 Splash Screen app.netmirror.netmirror EXITING}: Setting back callback null
05-20 13:42:51.901  1247  7355 I Telecom : : isInEmergencyCall: false: TSI.iIEC@BME
05-20 13:42:54.909  1247  1353 I Telecom : : isInEmergencyCall: false: TSI.iIEC@BMI
05-20 13:42:55.503  1247  1353 D CoreBackPreview: Window{a8a522c u0 FloatingRotationButton}: Setting back callback OnBackInvokedCallbackInfo{mCallback=android.window.IOnBackInvokedCallback$Stub$Proxy@3de428a, mPriority=0}
05-20 13:42:55.906  1247  1279 D OomAdjuster: Not killing cached processes
05-20 13:42:57.047  1247  3712 D SystemServerTiming: getUserSwitchability-0
05-20 13:42:57.048  1247  3712 D SystemServerTiming: TM.isInCall
05-20 13:42:57.048  1247  7965 D SystemServerTiming: getUserSwitchability-0
05-20 13:42:57.048  1247  7965 D SystemServerTiming: TM.isInCall
05-20 13:42:57.048  1247  3712 D SystemServerTiming: hasUserRestriction-DISALLOW_USER_SWITCH
05-20 13:42:57.048  1247  7965 D SystemServerTiming: hasUserRestriction-DISALLOW_USER_SWITCH
05-20 13:42:57.048  1247  7965 D SystemServerTiming: getInt-ALLOW_USER_SWITCHING_WHEN_SYSTEM_USER_LOCKED
05-20 13:42:57.049  1247  3712 D SystemServerTiming: getInt-ALLOW_USER_SWITCHING_WHEN_SYSTEM_USER_LOCKED
05-20 13:42:57.049  1247  7965 D SystemServerTiming: isUserUnlocked-USER_SYSTEM
05-20 13:42:57.049  1247  3712 D SystemServerTiming: isUserUnlocked-USER_SYSTEM
05-20 13:42:57.256  1247  3712 I Telecom : : isInEmergencyCall: false: TSI.iIEC@BMU
05-20 13:42:59.781  1247  3712 I ActivityTaskManager: START u0 {act=android.intent.action.VIEW dat=https://userverify.netmirror.app/... cmp=com.android.chrome/com.google.android.apps.chrome.IntentDispatcher} from uid 10526
05-20 13:42:59.782  1247  3712 D CompatibilityChangeReporter: Compat change id reported: 265464455; UID 10468; state: DISABLED
05-20 13:42:59.782  1247  3712 D CompatibilityChangeReporter: Compat change id reported: 265452344; UID 10468; state: DISABLED
05-20 13:42:59.783  1247  3712 D CompatibilityChangeReporter: Compat change id reported: 266124927; UID 10468; state: DISABLED
05-20 13:42:59.783  1247  3712 D CompatibilityChangeReporter: Compat change id reported: 265451093; UID 10468; state: DISABLED
05-20 13:42:59.783  1247  3712 D CompatibilityChangeReporter: Compat change id reported: 265456536; UID 10468; state: DISABLED
05-20 13:42:59.783  1247  3712 D CompatibilityChangeReporter: Compat change id reported: 255940284; UID 10468; state: DISABLED
05-20 13:42:59.783  1247  3712 D CompatibilityChangeReporter: Compat change id reported: 236283604; UID 10468; state: DISABLED
05-20 13:42:59.784  1247  3712 D CompatibilityChangeReporter: Compat change id reported: 263959004; UID 10468; state: DISABLED
05-20 13:42:59.784  1247  3712 D CompatibilityChangeReporter: Compat change id reported: 264304459; UID 10468; state: DISABLED
05-20 13:42:59.784  1247  3712 D CompatibilityChangeReporter: Compat change id reported: 264301586; UID 10468; state: DISABLED
05-20 13:42:59.784  1247  3712 D CompatibilityChangeReporter: Compat change id reported: 254631730; UID 10468; state: DISABLED
05-20 13:42:59.784  1247  3712 D CompatibilityChangeReporter: Compat change id reported: 273509367; UID 10468; state: DISABLED
05-20 13:42:59.784  1247  3712 D CompatibilityChangeReporter: Compat change id reported: 263259275; UID 10468; state: DISABLED
05-20 13:42:59.814  1247  3712 D CompatibilityChangeReporter: Compat change id reported: 194480991; UID 10468; state: ENABLED
05-20 13:42:59.816  1247  3712 D CompatibilityChangeReporter: Compat change id reported: 174042980; UID 10526; state: DISABLED
05-20 13:42:59.817  1247  3712 D CompatibilityChangeReporter: Compat change id reported: 174042980; UID 10468; state: DISABLED
05-20 13:42:59.817  1247  3712 D CompatibilityChangeReporter: Compat change id reported: 184838306; UID 10468; state: DISABLED
05-20 13:42:59.817  1247  3712 D CompatibilityChangeReporter: Compat change id reported: 185004937; UID 10468; state: DISABLED
05-20 13:42:59.818  1247  3712 D CompatibilityChangeReporter: Compat change id reported: 181136395; UID 10468; state: DISABLED
05-20 13:42:59.818  1247  3712 D CompatibilityChangeReporter: Compat change id reported: 174042936; UID 10468; state: DISABLED
05-20 13:42:59.838  1247  1353 I ActivityTaskManager: The Process com.android.chrome Already Exists in BG. So sending its PID: 5249
05-20 13:42:59.840  1247  1353 D CompatibilityChangeReporter: Compat change id reported: 168419799; UID 10468; state: DISABLED
05-20 13:42:59.841  1247  1353 D CompatibilityChangeReporter: Compat change id reported: 273564678; UID 10468; state: DISABLED
05-20 13:42:59.845  1247  1353 D CompatibilityChangeReporter: Compat change id reported: 181136395; UID 10526; state: DISABLED
05-20 13:42:59.845  1247  1353 D CompatibilityChangeReporter: Compat change id reported: 174042936; UID 10526; state: DISABLED
05-20 13:42:59.846  1247  1273 I ActivityManager: updateOomAdj start time is before than pendingPid added, don't delete it
05-20 13:42:59.921  1247  3712 I ActivityTaskManager: START u0 {act=android.intent.action.VIEW dat=https://userverify.netmirror.app/... flg=0x14002000 cmp=com.android.chrome/org.chromium.chrome.browser.ChromeTabbedActivity (has extras)} from uid 10468
05-20 13:42:59.927  1247  3712 D CompatibilityChangeReporter: Compat change id reported: 197654537; UID 10468; state: ENABLED
05-20 13:42:59.928  1247  3712 D CompatibilityChangeReporter: Compat change id reported: 205907456; UID 10468; state: ENABLED
05-20 13:42:59.930  1247  3712 D CompatibilityChangeReporter: Compat change id reported: 197654537; UID 10526; state: ENABLED
05-20 13:42:59.952  1247  7965 I ActivityTaskManager: The Process com.android.chrome Already Exists in BG. So sending its PID: 5249
05-20 13:42:59.952  1247  7965 W ActivityTaskManager: Tried to set launchTime (0) < mLastActivityLaunchTime (238934)
05-20 13:42:59.986  1247  3712 D CompatibilityChangeReporter: Compat change id reported: 161145287; UID 10468; state: DISABLED
05-20 13:43:00.047  1247  7965 D CoreBackPreview: Window{a8a522c u0 FloatingRotationButton}: Setting back callback null
05-20 13:43:00.276  1247  7965 I Telecom : : isInEmergencyCall: false: TSI.iIEC@BMY
05-20 13:43:00.306  1247  1353 D CompatibilityChangeReporter: Compat change id reported: 135634846; UID 90001; state: DISABLED
05-20 13:43:00.306  1247  1281 D CompatibilityChangeReporter: Compat change id reported: 143937733; UID 10468; state: ENABLED
05-20 13:43:00.315  1247  7965 D CoreBackPreview: Window{df91cb2 u0 com.android.chrome/org.chromium.chrome.browser.ChromeTabbedActivity}: Setting back callback OnBackInvokedCallbackInfo{mCallback=android.window.IOnBackInvokedCallback$Stub$Proxy@183907b, mPriority=-1}
05-20 13:43:00.326  1247  1281 I ActivityManager: Start proc 8595:com.android.chrome:sandboxed_process0:org.chromium.content.app.SandboxedProcessService0:1/u0ai1 for  {com.android.chrome/org.chromium.content.app.SandboxedProcessService0:1}
05-20 13:43:00.757  1247  1353 D CoreBackPreview: Window{df91cb2 u0 com.android.chrome/org.chromium.chrome.browser.ChromeTabbedActivity}: Setting back callback OnBackInvokedCallbackInfo{mCallback=android.window.IOnBackInvokedCallback$Stub$Proxy@9dc4436, mPriority=0}
05-20 13:43:01.053  1247  7357 D OomAdjuster: Not killing cached processes
05-20 13:43:01.455  1247  1353 D CompatibilityChangeReporter: Compat change id reported: 214016041; UID 10468; state: ENABLED
05-20 13:43:02.571  1247  1353 W PackageConfigPersister: App-specific configuration not found for packageName: com.android.chrome and userId: 0
05-20 13:43:03.294  1247  7357 I Telecom : : isInEmergencyCall: false: TSI.iIEC@BMc
05-20 13:43:03.431  1446  1522 D ShellBackPreview: initAnimation mMotionStarted=false
05-20 13:43:03.432  1247  1353 D CoreBackPreview: Focused window found using getFocusedWindowToken
05-20 13:43:03.432  1247  1353 D CoreBackPreview: startBackNavigation currentTask=Task{b5b0f6d #539 type=standard A=10468:com.android.chrome}, topRunningActivity=ActivityRecord{76fc33 u0 com.android.chrome/org.chromium.chrome.browser.ChromeTabbedActivity} t539}, callbackInfo=OnBackInvokedCallbackInfo{mCallback=android.window.IOnBackInvokedCallback$Stub$Proxy@9dc4436, mPriority=0}, currentFocus=Window{df91cb2 u0 com.android.chrome/org.chromium.chrome.browser.ChromeTabbedActivity}
05-20 13:43:03.433  1446  1522 D ShellBackPreview: Received backNavigationInfo:BackNavigationInfo{mType=TYPE_CALLBACK (4), mDepartingAnimationTarget=null, mScreenshotSurface=null, mTaskWindowConfiguration= null, mScreenshotBuffer=null, mOnBackNavigationDone=android.os.RemoteCallback@28f064d, mOnBackInvokedCallback=android.window.IOnBackInvokedCallback$Stub$Proxy@75f5502}
05-20 13:43:03.513  1446  1522 D ShellBackPreview: Finishing gesture with event action: 1
05-20 13:43:03.514  1446  1522 D ShellBackPreview: onGestureFinished() mTriggerBack == true
05-20 13:43:03.514  1446  1522 D ShellBackPreview: BackAnimationController: finishAnimation()
05-20 13:43:03.514  1247  7357 D CoreBackPreview: onBackNavigationDone backType=4, task=null, prevActivity=null
05-20 13:43:03.516  1247  7357 I ActivityTaskManager: moveTaskToBack: Task{b5b0f6d #539 type=standard A=10468:com.android.chrome}
05-20 13:43:04.005  1247  3712 D CoreBackPreview: Window{df91cb2 u0 com.android.chrome/org.chromium.chrome.browser.ChromeTabbedActivity}: Setting back callback OnBackInvokedCallbackInfo{mCallback=android.window.IOnBackInvokedCallback$Stub$Proxy@24ae785, mPriority=-1}
05-20 13:43:04.508  1247  3155 I ActivityManager: Killing 7588:com.android.chrome:sandboxed_process0:org.chromium.content.app.SandboxedProcessService0:0/u0a468i-9000 (adj 0): isolated not needed
05-20 13:43:04.784  1247  1353 I ActivityTaskManager: START u0 {act=android.intent.action.VIEW dat=https://userverify.netmirror.app/... cmp=com.android.chrome/com.google.android.apps.chrome.IntentDispatcher} from uid 10526
05-20 13:43:04.786  1247  1353 D CompatibilityChangeReporter: Compat change id reported: 265464455; UID 10468; state: DISABLED
05-20 13:43:04.786  1247  1353 D CompatibilityChangeReporter: Compat change id reported: 265452344; UID 10468; state: DISABLED
05-20 13:43:04.786  1247  1353 D CompatibilityChangeReporter: Compat change id reported: 266124927; UID 10468; state: DISABLED
05-20 13:43:04.786  1247  1353 D CompatibilityChangeReporter: Compat change id reported: 265451093; UID 10468; state: DISABLED
05-20 13:43:04.787  1247  1353 D CompatibilityChangeReporter: Compat change id reported: 265456536; UID 10468; state: DISABLED
05-20 13:43:04.787  1247  1353 D CompatibilityChangeReporter: Compat change id reported: 255940284; UID 10468; state: DISABLED
05-20 13:43:04.787  1247  1353 D CompatibilityChangeReporter: Compat change id reported: 236283604; UID 10468; state: DISABLED
05-20 13:43:04.787  1247  1353 D CompatibilityChangeReporter: Compat change id reported: 263959004; UID 10468; state: DISABLED
05-20 13:43:04.788  1247  1353 D CompatibilityChangeReporter: Compat change id reported: 264304459; UID 10468; state: DISABLED
05-20 13:43:04.788  1247  1353 D CompatibilityChangeReporter: Compat change id reported: 264301586; UID 10468; state: DISABLED
05-20 13:43:04.788  1247  1353 D CompatibilityChangeReporter: Compat change id reported: 254631730; UID 10468; state: DISABLED
05-20 13:43:04.788  1247  1353 D CompatibilityChangeReporter: Compat change id reported: 273509367; UID 10468; state: DISABLED
05-20 13:43:04.788  1247  1353 D CompatibilityChangeReporter: Compat change id reported: 263259275; UID 10468; state: DISABLED
05-20 13:43:04.789  1247  1353 D CompatibilityChangeReporter: Compat change id reported: 194480991; UID 10468; state: ENABLED
05-20 13:43:04.791  1247  1353 D CompatibilityChangeReporter: Compat change id reported: 174042980; UID 10468; state: DISABLED
05-20 13:43:04.792  1247  1353 D CompatibilityChangeReporter: Compat change id reported: 184838306; UID 10468; state: DISABLED
05-20 13:43:04.792  1247  1353 D CompatibilityChangeReporter: Compat change id reported: 185004937; UID 10468; state: DISABLED
05-20 13:43:04.792  1247  1353 D CompatibilityChangeReporter: Compat change id reported: 181136395; UID 10468; state: DISABLED
05-20 13:43:04.793  1247  1353 D CompatibilityChangeReporter: Compat change id reported: 174042936; UID 10468; state: DISABLED
05-20 13:43:04.807  1247  1353 I ActivityTaskManager: The Process com.android.chrome Already Exists in BG. So sending its PID: 5249
05-20 13:43:04.807  1247  1353 W ActivityTaskManager: Tried to set launchTime (0) < mLastActivityLaunchTime (239046)
05-20 13:43:04.809  1247  1353 D CompatibilityChangeReporter: Compat change id reported: 168419799; UID 10468; state: DISABLED
05-20 13:43:04.809  1247  1353 D CompatibilityChangeReporter: Compat change id reported: 273564678; UID 10468; state: DISABLED
05-20 13:43:04.842  1247  7357 D CompatibilityChangeReporter: Compat change id reported: 161145287; UID 10468; state: DISABLED
05-20 13:43:04.858  1247  7357 I ActivityTaskManager: START u0 {act=android.intent.action.VIEW dat=https://userverify.netmirror.app/... flg=0x14002000 cmp=com.android.chrome/org.chromium.chrome.browser.ChromeTabbedActivity (has extras)} from uid 10468
05-20 13:43:04.861  1247  7357 D CompatibilityChangeReporter: Compat change id reported: 197654537; UID 10468; state: ENABLED
