05-13 16:19:40.928  1233  2335 D CompatibilityChangeReporter: Compat change id reported: 177438394; UID 1000; state: DISABLED
05-13 16:19:40.929  1233  2335 D CompatibilityChangeReporter: Compat change id reported: 135772972; UID 1000; state: DISABLED
05-13 16:19:40.929  1233  2335 D CompatibilityChangeReporter: Compat change id reported: 135754954; UID 1000; state: ENABLED
05-13 16:19:40.943  1233  1261 I ActivityManager: Start proc 3685:com.android.dynsystem/1000 for broadcast {com.android.dynsystem/com.android.dynsystem.BootCompletedReceiver}
05-13 16:19:41.069  1233  2335 D CompatibilityChangeReporter: Compat change id reported: 168419799; UID 10422; state: DISABLED
05-13 16:19:41.070  1233  2335 D CompatibilityChangeReporter: Compat change id reported: 273564678; UID 10422; state: DISABLED
05-13 16:19:41.084  1233  2377 D CompatibilityChangeReporter: Compat change id reported: 168419799; UID 10412; state: DISABLED
05-13 16:19:41.084  1233  2377 D CompatibilityChangeReporter: Compat change id reported: 273564678; UID 10412; state: DISABLED
05-13 16:19:41.116  1233  1414 D CompatibilityChangeReporter: Compat change id reported: 194532703; UID 10412; state: ENABLED
05-13 16:19:41.179  1233  3266 D CompatibilityChangeReporter: Compat change id reported: 135634846; UID 10482; state: DISABLED
05-13 16:19:41.179  1233  3266 D CompatibilityChangeReporter: Compat change id reported: 177438394; UID 10482; state: DISABLED
05-13 16:19:41.179  1233  3266 D CompatibilityChangeReporter: Compat change id reported: 135772972; UID 10482; state: DISABLED
05-13 16:19:41.179  1233  3266 D CompatibilityChangeReporter: Compat change id reported: 135754954; UID 10482; state: ENABLED
05-13 16:19:41.180  1233  1261 D CompatibilityChangeReporter: Compat change id reported: 143937733; UID 10482; state: ENABLED
05-13 16:19:41.199  1233  1261 I ActivityManager: Start proc 3745:com.google.android.apps.photos/u0a482 for broadcast {com.google.android.apps.photos/com.google.android.apps.photos.sdcard.envcache.ExternalStorageStateChangeBroadcastReceiver}
05-13 16:19:41.227  1233  2335 D CompatibilityChangeReporter: Compat change id reported: 135634846; UID 1000; state: DISABLED
05-13 16:19:41.228  1233  2335 D CompatibilityChangeReporter: Compat change id reported: 177438394; UID 1000; state: DISABLED
05-13 16:19:41.228  1233  2335 D CompatibilityChangeReporter: Compat change id reported: 135772972; UID 1000; state: DISABLED
05-13 16:19:41.228  1233  2335 D CompatibilityChangeReporter: Compat change id reported: 135754954; UID 1000; state: ENABLED
05-13 16:19:41.230  1233  2904 D CompatibilityChangeReporter: Compat change id reported: 135634846; UID 10453; state: DISABLED
05-13 16:19:41.230  1233  2904 D CompatibilityChangeReporter: Compat change id reported: 177438394; UID 10453; state: DISABLED
05-13 16:19:41.230  1233  2904 D CompatibilityChangeReporter: Compat change id reported: 135772972; UID 10453; state: DISABLED
05-13 16:19:41.230  1233  2904 D CompatibilityChangeReporter: Compat change id reported: 135754954; UID 10453; state: ENABLED
05-13 16:19:41.236  1233  1298 D CompatibilityChangeReporter: Compat change id reported: 149924527; UID 10461; state: ENABLED
05-13 16:19:41.237  1233  1298 D CompatibilityChangeReporter: Compat change id reported: 132649864; UID 10461; state: DISABLED
05-13 16:19:41.246  1233  1261 I ActivityManager: Start proc 3751:com.android.dynsystem:dynsystem/1000 for service {com.android.dynsystem/com.android.dynsystem.DynamicSystemInstallationService}
05-13 16:19:41.246  1233  1261 D CompatibilityChangeReporter: Compat change id reported: 143937733; UID 10453; state: ENABLED
05-13 16:19:41.272  1233  1261 I ActivityManager: Start proc 3757:com.android.imsserviceentitlement/u0a453 for broadcast {com.android.imsserviceentitlement/com.android.imsserviceentitlement.fcm.FcmRegistrationReceiver}
05-13 16:19:41.298  1233  1298 D CompatibilityChangeReporter: Compat change id reported: 168419799; UID 10482; state: DISABLED
05-13 16:19:41.299  1233  1298 D CompatibilityChangeReporter: Compat change id reported: 273564678; UID 10482; state: DISABLED
05-13 16:19:41.338  1233  3266 D CompatibilityChangeReporter: Compat change id reported: 194532703; UID 10440; state: DISABLED
05-13 16:19:41.345  1233  1413 I Telecom : PhoneAccountRegistrar: Modify account: [ComponentInfo{com.android.phone/com.android.services.telephony.TelephonyConnectionService}, 2, UserHandle{0}]: TSI.rPA@APo
05-13 16:19:41.351  1233  1413 I Telecom : CallsManager: handlePhoneAccountChanged: phoneAccount=[[X] PhoneAccount: ComponentInfo{com.android.phone/com.android.services.telephony.TelephonyConnectionService}, 2, UserHandle{0} Capabilities: SuppVideo CallProvider MultiUser PlaceEmerg SimSub  Audio Routes: BESW Schemes: tel voicemail  Extras: Bundle[{android.telecom.extra.SUPPORTS_VIDEO_CALLING_FALLBACK=true, android.telecom.extra.SORT_ORDER=0}] GroupId: ***]: TSI.rPA@APo
05-13 16:19:41.366  1233  1413 I Telecom : PhoneAccountRegistrar: getSimCallManager: SimCallManager for subId 2 queried, returning: null: TSI.rPA@APo
05-13 16:19:41.366  1233  1413 I Telecom : PhoneAccountRegistrar: Notifying telephony of voice service override change for 1 SIMs, hasService = false: TSI.rPA@APo
05-13 16:19:41.373  1233  1414 W NotificationHistory: Attempted to remove channel for locked/gone/disabled user 0
05-13 16:19:41.418  1233  1298 D CompatibilityChangeReporter: Compat change id reported: 168419799; UID 10453; state: DISABLED
05-13 16:19:41.418  1233  1298 D CompatibilityChangeReporter: Compat change id reported: 273564678; UID 10453; state: DISABLED
05-13 16:19:41.484  1233  1413 I DynamicSystemService: isInstalled(): false
05-13 16:19:41.551  1233  1414 I Telecom : PhoneAccountRegistrar: Modify account: [ComponentInfo{com.android.phone/com.android.services.telephony.TelephonyConnectionService}, 1, UserHandle{0}]: TSI.rPA@AQM
05-13 16:19:41.554  1233  1414 I Telecom : CallsManager: handlePhoneAccountChanged: phoneAccount=[[X] PhoneAccount: ComponentInfo{com.android.phone/com.android.services.telephony.TelephonyConnectionService}, 1, UserHandle{0} Capabilities: SuppVideo CallProvider MultiUser PlaceEmerg SimSub  Audio Routes: BESW Schemes: tel voicemail  Extras: Bundle[{android.telecom.extra.SUPPORTS_VIDEO_CALLING_FALLBACK=true, android.telecom.extra.SORT_ORDER=1}] GroupId: ***]: TSI.rPA@AQM
05-13 16:19:41.558  1233  1414 I Telecom : PhoneAccountRegistrar: getSimCallManager: SimCallManager for subId 1 queried, returning: null: TSI.rPA@AQM
05-13 16:19:41.558  1233  1414 I Telecom : PhoneAccountRegistrar: Notifying telephony of voice service override change for 1 SIMs, hasService = false: TSI.rPA@AQM
05-13 16:19:41.599  1233  1413 D CompatibilityChangeReporter: Compat change id reported: 194532703; UID 10453; state: ENABLED
05-13 16:19:41.613  1233  2335 D CompatibilityChangeReporter: Compat change id reported: 194532703; UID 10471; state: ENABLED
05-13 16:19:41.624  1233  1413 I ActivityManager: com.android.managedprovisioning is exempt from freezer
05-13 16:19:41.624  1233  1413 D CompatibilityChangeReporter: Compat change id reported: 135634846; UID 10423; state: DISABLED
05-13 16:19:41.624  1233  1413 D CompatibilityChangeReporter: Compat change id reported: 177438394; UID 10423; state: DISABLED
05-13 16:19:41.624  1233  1413 D CompatibilityChangeReporter: Compat change id reported: 135772972; UID 10423; state: DISABLED
05-13 16:19:41.624  1233  1413 D CompatibilityChangeReporter: Compat change id reported: 135754954; UID 10423; state: ENABLED
05-13 16:19:41.624  1233  1261 D CompatibilityChangeReporter: Compat change id reported: 143937733; UID 10423; state: ENABLED
05-13 16:19:41.639  1233  1261 I ActivityManager: Start proc 3824:com.android.managedprovisioning/u0a423 for broadcast {com.android.managedprovisioning/com.android.managedprovisioning.BootReminder}
05-13 16:19:41.711  1233  2335 D CompatibilityChangeReporter: Compat change id reported: 168419799; UID 10423; state: DISABLED
05-13 16:19:41.711  1233  2335 D CompatibilityChangeReporter: Compat change id reported: 273564678; UID 10423; state: DISABLED
05-13 16:19:41.730  1233  1233 I Telecom : PhoneAccountRegistrar: getSimCallManager: SimCallManager for subId 2 queried, returning: null: TSI.gSCMFU@AQs
05-13 16:19:41.851  1233  3266 D CompatibilityChangeReporter: Compat change id reported: 194532703; UID 10463; state: ENABLED
05-13 16:19:41.888  1233  1414 D CompatibilityChangeReporter: Compat change id reported: 135634846; UID 10468; state: DISABLED
05-13 16:19:41.889  1233  1261 D CompatibilityChangeReporter: Compat change id reported: 143937733; UID 10468; state: ENABLED
05-13 16:19:41.896  1233  1413 D CompatibilityChangeReporter: Compat change id reported: 161145287; UID 10412; state: DISABLED
05-13 16:19:41.916  1233  2335 D CompatibilityChangeReporter: Compat change id reported: 168419799; UID 10511; state: DISABLED
05-13 16:19:41.916  1233  2335 D CompatibilityChangeReporter: Compat change id reported: 273564678; UID 10511; state: DISABLED
05-13 16:19:41.929  1233  3266 D CompatibilityChangeReporter: Compat change id reported: 194532703; UID 10511; state: DISABLED
05-13 16:19:41.932  1233  1261 I ActivityManager: Start proc 3867:com.android.chrome/u0a468 for service {com.android.chrome/org.chromium.chrome.browser.customtabs.CustomTabsConnectionService}
05-13 16:19:42.076  1233  1413 D CompatibilityChangeReporter: Compat change id reported: 168419799; UID 10468; state: DISABLED
05-13 16:19:42.076  1233  1413 D CompatibilityChangeReporter: Compat change id reported: 273564678; UID 10468; state: DISABLED
05-13 16:19:42.117  1233  1414 D CompatibilityChangeReporter: Compat change id reported: 168419799; UID 10463; state: DISABLED
05-13 16:19:42.117  1233  1414 D CompatibilityChangeReporter: Compat change id reported: 273564678; UID 10463; state: DISABLED
05-13 16:19:42.155  1233  1414 D CompatibilityChangeReporter: Compat change id reported: 168419799; UID 10482; state: DISABLED
05-13 16:19:42.155  1233  1414 D CompatibilityChangeReporter: Compat change id reported: 273564678; UID 10482; state: DISABLED
05-13 16:19:42.227  1233  3266 D CompatibilityChangeReporter: Compat change id reported: 124107808; UID 10463; state: ENABLED
05-13 16:19:42.316  1233  1413 D SystemServerTiming: getUserSwitchability-0
05-13 16:19:42.317  1233  1413 D SystemServerTiming: TM.isInCall
05-13 16:19:42.319  1233  1413 D SystemServerTiming: hasUserRestriction-DISALLOW_USER_SWITCH
05-13 16:19:42.319  1233  1413 D SystemServerTiming: getInt-ALLOW_USER_SWITCHING_WHEN_SYSTEM_USER_LOCKED
05-13 16:19:42.319  1233  1413 D SystemServerTiming: isUserUnlocked-USER_SYSTEM
05-13 16:19:42.329  1233  1413 D SystemServerTiming: getUserSwitchability-0
05-13 16:19:42.329  1233  1413 D SystemServerTiming: TM.isInCall
05-13 16:19:42.329  1233  1413 D SystemServerTiming: hasUserRestriction-DISALLOW_USER_SWITCH
05-13 16:19:42.329  1233  1413 D SystemServerTiming: getInt-ALLOW_USER_SWITCHING_WHEN_SYSTEM_USER_LOCKED
05-13 16:19:42.330  1233  1413 D SystemServerTiming: isUserUnlocked-USER_SYSTEM
05-13 16:19:42.444  1233  2335 I Telecom : PhoneAccountRegistrar: Modify account: [ComponentInfo{com.android.phone/com.android.services.telephony.TelephonyConnectionService}, 2, UserHandle{0}]: TSI.rPA@ARk
05-13 16:19:42.450  1233  2335 I Telecom : CallsManager: handlePhoneAccountChanged: phoneAccount=[[X] PhoneAccount: ComponentInfo{com.android.phone/com.android.services.telephony.TelephonyConnectionService}, 2, UserHandle{0} Capabilities: SuppVideo CallProvider MultiUser PlaceEmerg SimSub  Audio Routes: BESW Schemes: tel voicemail  Extras: Bundle[{android.telecom.extra.SUPPORTS_VIDEO_CALLING_FALLBACK=true, android.telecom.extra.SORT_ORDER=0}] GroupId: ***]: TSI.rPA@ARk
05-13 16:19:42.462  1233  2335 I Telecom : PhoneAccountRegistrar: getSimCallManager: SimCallManager for subId 2 queried, returning: null: TSI.rPA@ARk
05-13 16:19:42.463  1233  2335 I Telecom : PhoneAccountRegistrar: Notifying telephony of voice service override change for 1 SIMs, hasService = false: TSI.rPA@ARk
05-13 16:19:42.549  1233  2335 D CompatibilityChangeReporter: Compat change id reported: 161145287; UID 10468; state: DISABLED
05-13 16:19:42.663  1233  2335 D CompatibilityChangeReporter: Compat change id reported: 168419799; UID 10471; state: DISABLED
05-13 16:19:42.663  1233  2335 D CompatibilityChangeReporter: Compat change id reported: 273564678; UID 10471; state: DISABLED
05-13 16:19:42.670  1233  2904 D CoreBackPreview: Window{db49f8b u0 InputMethod}: Setting back callback OnBackInvokedCallbackInfo{mCallback=android.window.IOnBackInvokedCallback$Stub$Proxy@dfeb314, mPriority=0}
05-13 16:19:42.690  1233  2335 I Telecom : PhoneAccountRegistrar: Modify account: [ComponentInfo{com.android.phone/com.android.services.telephony.TelephonyConnectionService}, 1, UserHandle{0}]: TSI.rPA@ARo
05-13 16:19:42.694  1233  2335 I Telecom : CallsManager: handlePhoneAccountChanged: phoneAccount=[[X] PhoneAccount: ComponentInfo{com.android.phone/com.android.services.telephony.TelephonyConnectionService}, 1, UserHandle{0} Capabilities: SuppVideo CallProvider MultiUser PlaceEmerg SimSub  Audio Routes: BESW Schemes: tel voicemail  Extras: Bundle[{android.telecom.extra.SUPPORTS_VIDEO_CALLING_FALLBACK=true, android.telecom.extra.SORT_ORDER=1}] GroupId: ***]: TSI.rPA@ARo
05-13 16:19:42.716  1233  2335 I Telecom : PhoneAccountRegistrar: getSimCallManager: SimCallManager for subId 1 queried, returning: null: TSI.rPA@ARo
05-13 16:19:42.717  1233  2335 I Telecom : PhoneAccountRegistrar: Notifying telephony of voice service override change for 1 SIMs, hasService = false: TSI.rPA@ARo
05-13 16:19:42.851  1233  1414 D Fingerprint21: Daemon was null, reconnecting, current operation: null
05-13 16:19:42.856  1233  1414 D Fingerprint21: Fingerprint HAL ready, HAL ID: 0
05-13 16:19:42.856  1233  1414 E Fingerprint21: Unable to set callback
05-13 16:19:42.862  1233  1413 D BiometricService: canAuthenticate: User=0, Caller=0, Authenticators=255
05-13 16:19:42.862  1233  1413 D Fingerprint21: Daemon was null, reconnecting, current operation: null
05-13 16:19:42.867  1233  1233 I Telecom : PhoneAccountRegistrar: getSimCallManager: SimCallManager for subId 2 queried, returning: null: TSI.gSCMFU@ASA
05-13 16:19:42.872  1233  1413 D Fingerprint21: Fingerprint HAL ready, HAL ID: 0
05-13 16:19:42.872  1233  1413 E Fingerprint21: Unable to set callback
05-13 16:19:42.872  1233  1413 D BiometricService/PreAuthInfo: Package: com.android.vending Sensor ID: 0 Modality: 2 Status: 6
05-13 16:19:42.873  1233  1413 D BiometricService/PreAuthInfo: Package: com.android.vending Sensor ID: 1008 Modality: 8 Status: 7
05-13 16:19:42.873  1233  1413 D BiometricService/PreAuthInfo: getCanAuthenticateInternal Modality: 8 AuthenticatorStatus: 7
05-13 16:19:42.873  1233  1413 D AuthService: canAuthenticate, userId: 0, callingUserId: 0, authenticators: 255, result: 11
05-13 16:19:42.961  1233  1413 D BiometricService: canAuthenticate: User=0, Caller=0, Authenticators=15
05-13 16:19:42.961  1233  1413 D Fingerprint21: Daemon was null, reconnecting, current operation: null
05-13 16:19:42.967  1233  1413 D Fingerprint21: Fingerprint HAL ready, HAL ID: 0
05-13 16:19:42.967  1233  1413 E Fingerprint21: Unable to set callback
05-13 16:19:42.967  1233  1413 D BiometricService/PreAuthInfo: Package: com.android.vending Sensor ID: 0 Modality: 2 Status: 6
05-13 16:19:42.967  1233  1413 D BiometricService/PreAuthInfo: Package: com.android.vending Sensor ID: 1008 Modality: 8 Status: 4
05-13 16:19:42.967  1233  1413 D BiometricService/PreAuthInfo: getCanAuthenticateInternal Modality: 2 AuthenticatorStatus: 6
05-13 16:19:42.967  1233  1413 D AuthService: canAuthenticate, userId: 0, callingUserId: 0, authenticators: 15, result: 1
05-13 16:19:42.968  1233  1413 D BiometricService: canAuthenticate: User=0, Caller=0, Authenticators=15
05-13 16:19:42.968  1233  1413 D Fingerprint21: Daemon was null, reconnecting, current operation: null
05-13 16:19:42.972  1233  1413 D Fingerprint21: Fingerprint HAL ready, HAL ID: 0
05-13 16:19:42.972  1233  1413 E Fingerprint21: Unable to set callback
05-13 16:19:42.972  1233  1413 D BiometricService/PreAuthInfo: Package: com.android.vending Sensor ID: 0 Modality: 2 Status: 6
05-13 16:19:42.973  1233  1413 D BiometricService/PreAuthInfo: Package: com.android.vending Sensor ID: 1008 Modality: 8 Status: 4
05-13 16:19:42.973  1233  1413 D BiometricService/PreAuthInfo: getCanAuthenticateInternal Modality: 2 AuthenticatorStatus: 6
05-13 16:19:42.973  1233  1413 D AuthService: canAuthenticate, userId: 0, callingUserId: 0, authenticators: 15, result: 1
05-13 16:19:42.990  1233  1414 D BiometricService: canAuthenticate: User=0, Caller=0, Authenticators=15
05-13 16:19:42.990  1233  1414 D Fingerprint21: Daemon was null, reconnecting, current operation: null
05-13 16:19:42.996  1233  1414 D Fingerprint21: Fingerprint HAL ready, HAL ID: 0
05-13 16:19:42.996  1233  1414 E Fingerprint21: Unable to set callback
05-13 16:19:42.996  1233  1414 D BiometricService/PreAuthInfo: Package: com.android.vending Sensor ID: 0 Modality: 2 Status: 6
05-13 16:19:42.996  1233  1414 D BiometricService/PreAuthInfo: Package: com.android.vending Sensor ID: 1008 Modality: 8 Status: 4
05-13 16:19:42.996  1233  1414 D BiometricService/PreAuthInfo: getCanAuthenticateInternal Modality: 2 AuthenticatorStatus: 6
05-13 16:19:42.996  1233  1414 D AuthService: canAuthenticate, userId: 0, callingUserId: 0, authenticators: 15, result: 1
05-13 16:19:43.003  1233  1419 D BiometricService: canAuthenticate: User=0, Caller=0, Authenticators=15
05-13 16:19:43.003  1233  1419 D Fingerprint21: Daemon was null, reconnecting, current operation: null
05-13 16:19:43.006  1233  1419 D Fingerprint21: Fingerprint HAL ready, HAL ID: 0
05-13 16:19:43.006  1233  1419 E Fingerprint21: Unable to set callback
05-13 16:19:43.006  1233  1419 D BiometricService/PreAuthInfo: Package: com.android.vending Sensor ID: 0 Modality: 2 Status: 6
05-13 16:19:43.006  1233  1419 D BiometricService/PreAuthInfo: Package: com.android.vending Sensor ID: 1008 Modality: 8 Status: 4
05-13 16:19:43.006  1233  1419 D BiometricService/PreAuthInfo: getCanAuthenticateInternal Modality: 2 AuthenticatorStatus: 6
05-13 16:19:43.006  1233  1419 D AuthService: canAuthenticate, userId: 0, callingUserId: 0, authenticators: 15, result: 1
05-13 16:19:43.019  1233  1419 I ContentCaptureManagerService: Data share request accepted by Content Capture service
05-13 16:19:43.131  1233  3266 D CompatibilityChangeReporter: Compat change id reported: 135634846; UID 10409; state: DISABLED
05-13 16:19:43.131  1233  3266 D CompatibilityChangeReporter: Compat change id reported: 177438394; UID 10409; state: DISABLED
05-13 16:19:43.131  1233  3266 D CompatibilityChangeReporter: Compat change id reported: 135772972; UID 10409; state: DISABLED
05-13 16:19:43.131  1233  3266 D CompatibilityChangeReporter: Compat change id reported: 135754954; UID 10409; state: ENABLED
05-13 16:19:43.132  1233  1261 D CompatibilityChangeReporter: Compat change id reported: 143937733; UID 10409; state: ENABLED
05-13 16:19:43.155  1233  1261 I ActivityManager: Start proc 3978:com.android.providers.calendar/u0a409 for broadcast {com.android.providers.calendar/com.android.providers.calendar.CalendarReceiver}
05-13 16:19:43.188  1233  3266 D CompatibilityChangeReporter: Compat change id reported: 151105954; UID 1000; state: ENABLED
05-13 16:19:43.189  1233  3266 E AppOps  : attributionTag twilight not declared in manifest of android
05-13 16:19:43.192  1233  3266 E AppOps  : attributionTag twilight not declared in manifest of android
05-13 16:19:43.193  1233  1251 E SensorNotificationService: Invalid local geomagnetic field, ignore.
05-13 16:19:43.193  1233  1233 D CompatibilityChangeReporter: Compat change id reported: 171306433; UID 1000; state: ENABLED
05-13 16:19:43.193  1233  1233 D CompatibilityChangeReporter: Compat change id reported: 218533173; UID 1000; state: ENABLED
05-13 16:19:43.198  1233  3266 D OomAdjuster: Not killing cached processes
05-13 16:19:43.210  1233  1413 D CompatibilityChangeReporter: Compat change id reported: 168419799; UID 10409; state: DISABLED
05-13 16:19:43.210  1233  1413 D CompatibilityChangeReporter: Compat change id reported: 273564678; UID 10409; state: DISABLED
05-13 16:19:43.252  1233  3266 I Telecom : PhoneAccountRegistrar: Modify account: [ComponentInfo{com.android.phone/com.android.services.telephony.TelephonyConnectionService}, 2, UserHandle{0}]: TSI.rPA@ASY
05-13 16:19:43.258  1233  3266 I Telecom : CallsManager: handlePhoneAccountChanged: phoneAccount=[[X] PhoneAccount: ComponentInfo{com.android.phone/com.android.services.telephony.TelephonyConnectionService}, 2, UserHandle{0} Capabilities: SuppVideo CallProvider MultiUser PlaceEmerg SimSub  Audio Routes: BESW Schemes: tel voicemail  Extras: Bundle[{android.telecom.extra.SUPPORTS_VIDEO_CALLING_FALLBACK=true, android.telecom.extra.SORT_ORDER=0}] GroupId: ***]: TSI.rPA@ASY
05-13 16:19:43.262  1233  3266 I Telecom : PhoneAccountRegistrar: getSimCallManager: SimCallManager for subId 2 queried, returning: null: TSI.rPA@ASY
05-13 16:19:43.262  1233  3266 I Telecom : PhoneAccountRegistrar: Notifying telephony of voice service override change for 1 SIMs, hasService = false: TSI.rPA@ASY
05-13 16:19:43.333  1233  2904 D CompatibilityChangeReporter: Compat change id reported: 161145287; UID 10409; state: DISABLED
05-13 16:19:43.376  1233  2335 I Telecom : PhoneAccountRegistrar: Modify account: [ComponentInfo{com.android.phone/com.android.services.telephony.TelephonyConnectionService}, 1, UserHandle{0}]: TSI.rPA@ASc
05-13 16:19:43.382  1233  2335 I Telecom : CallsManager: handlePhoneAccountChanged: phoneAccount=[[X] PhoneAccount: ComponentInfo{com.android.phone/com.android.services.telephony.TelephonyConnectionService}, 1, UserHandle{0} Capabilities: SuppVideo CallProvider MultiUser PlaceEmerg SimSub  Audio Routes: BESW Schemes: tel voicemail  Extras: Bundle[{android.telecom.extra.SUPPORTS_VIDEO_CALLING_FALLBACK=true, android.telecom.extra.SORT_ORDER=1}] GroupId: ***]: TSI.rPA@ASc
05-13 16:19:43.386  1233  2335 I Telecom : PhoneAccountRegistrar: getSimCallManager: SimCallManager for subId 1 queried, returning: null: TSI.rPA@ASc
05-13 16:19:43.386  1233  2335 I Telecom : PhoneAccountRegistrar: Notifying telephony of voice service override change for 1 SIMs, hasService = false: TSI.rPA@ASc
05-13 16:19:43.417  1233  1419 D CompatibilityChangeReporter: Compat change id reported: 171306433; UID 10409; state: ENABLED
05-13 16:19:43.417  1233  1419 D CompatibilityChangeReporter: Compat change id reported: 218533173; UID 10409; state: ENABLED
05-13 16:19:43.421  1233  3266 D CompatibilityChangeReporter: Compat change id reported: 143231523; UID 10409; state: DISABLED
05-13 16:19:43.491  1233  3266 D CompatibilityChangeReporter: Compat change id reported: 168419799; UID 1000; state: DISABLED
05-13 16:19:43.493  1233  3266 D CompatibilityChangeReporter: Compat change id reported: 273564678; UID 1000; state: DISABLED
05-13 16:19:43.545  1233  2904 I ActivityManager: com.android.shell is exempt from freezer
05-13 16:19:43.545  1233  2904 D CompatibilityChangeReporter: Compat change id reported: 135634846; UID 2000; state: DISABLED
05-13 16:19:43.546  1233  2904 D CompatibilityChangeReporter: Compat change id reported: 177438394; UID 2000; state: DISABLED
05-13 16:19:43.546  1233  2904 D CompatibilityChangeReporter: Compat change id reported: 135772972; UID 2000; state: DISABLED
05-13 16:19:43.546  1233  2904 D CompatibilityChangeReporter: Compat change id reported: 135754954; UID 2000; state: ENABLED
05-13 16:19:43.564  1233  1261 I ActivityManager: Start proc 4030:com.android.shell/2000 for broadcast {com.android.shell/com.android.shell.HeapDumpReceiver}
05-13 16:19:43.624  1233  1413 D CompatibilityChangeReporter: Compat change id reported: 168419799; UID 2000; state: DISABLED
05-13 16:19:43.624  1233  1413 D CompatibilityChangeReporter: Compat change id reported: 273564678; UID 2000; state: DISABLED
05-13 16:19:43.672  1233  1357 W ContextImpl: Calling a method in the system process without a qualified user: android.app.ContextImpl.sendStickyBroadcast:1592 com.android.server.ConnectivityService.sendStickyBroadcast:3443 com.android.server.ConnectivityService.sendLegacyNetworkBroadcast:9863 com.android.server.ConnectivityService$LegacyTypeTracker.remove:1406 com.android.server.ConnectivityService$LegacyTypeTracker.remove:1423 
05-13 16:19:43.677  1233  1260 W BroadcastQueue: Target SDK mismatch: receiver ActivityInfo{2d03d52 com.google.android.apps.photos.actionqueue.impl.SystemReceiver} targets 33 but delivery restricted to [0, 23] broadcasting Intent { act=android.net.conn.CONNECTIVITY_CHANGE flg=0x4200010 (has extras) } from android (pid=1233, uid=1000) to com.google.android.apps.photos/.actionqueue.impl.SystemReceiver
05-13 16:19:43.677  1233  1260 W BroadcastQueue: Target SDK mismatch: receiver ActivityInfo{4c54823 com.google.android.apps.photos.jobqueue.JobServiceBroadcastReceiver} targets 33 but delivery restricted to [0, 23] broadcasting Intent { act=android.net.conn.CONNECTIVITY_CHANGE flg=0x4200010 (has extras) } from android (pid=1233, uid=1000) to com.google.android.apps.photos/.jobqueue.JobServiceBroadcastReceiver
05-13 16:19:43.677  1233  1260 W BroadcastQueue: Target SDK mismatch: receiver ActivityInfo{20c9120 com.google.android.gms.gcm.ServiceAutoStarter} targets 36 but delivery restricted to [0, 23] broadcasting Intent { act=android.net.conn.CONNECTIVITY_CHANGE flg=0x4200010 (has extras) } from android (pid=1233, uid=1000) to com.google.android.gms/.gcm.ServiceAutoStarter
05-13 16:19:43.707  1233  1251 D ColorDisplayService: GlobalSaturationTintController Animation cancelled: false to matrix: 
05-13 16:19:43.707  1233  1251 D ColorDisplayService:        1.000000 0.000000 0.000000 0.000000 0.000000 1.000000 0.000000 0.000000 0.000000 0.000000 1.000000 0.000000 0.000000 0.000000 0.000000 1.000000 min matrix coefficients: 
05-13 16:19:43.707  1233  1251 D ColorDisplayService:        1.000000 0.000000 0.000000 0.000000 0.000000 1.000000 0.000000 0.000000 0.000000 0.000000 1.000000 0.000000 0.000000 0.000000 0.000000 1.000000 max matrix coefficients: 
05-13 16:19:43.707  1233  1251 D ColorDisplayService:        1.000000 0.000000 0.000000 0.000000 0.000000 1.000000 0.000000 0.000000 0.000000 0.000000 1.000000 0.000000 0.000000 0.000000 0.000000 1.000000
05-13 16:19:43.722  1233  1298 D CompatibilityChangeReporter: Compat change id reported: 161252188; UID 10446; state: DISABLED
05-13 16:19:43.852  1233  2904 D CompatibilityChangeReporter: Compat change id reported: 135634846; UID 10424; state: DISABLED
05-13 16:19:43.852  1233  2904 D CompatibilityChangeReporter: Compat change id reported: 177438394; UID 10424; state: DISABLED
05-13 16:19:43.852  1233  2904 D CompatibilityChangeReporter: Compat change id reported: 135772972; UID 10424; state: DISABLED
05-13 16:19:43.852  1233  2904 D CompatibilityChangeReporter: Compat change id reported: 135754954; UID 10424; state: DISABLED
05-13 16:19:43.852  1233  1261 D CompatibilityChangeReporter: Compat change id reported: 143937733; UID 10424; state: DISABLED
05-13 16:19:43.874  1233  1261 I ActivityManager: Start proc 4070:com.android.statementservice/u0a424 for broadcast {com.android.statementservice/com.android.statementservice.domain.BootCompletedReceiver}
05-13 16:19:43.908  1233  1413 D CompatibilityChangeReporter: Compat change id reported: 168936375; UID 10445; state: ENABLED
05-13 16:19:43.909  1233  1413 D CompatibilityChangeReporter: Compat change id reported: 73144566; UID 10445; state: ENABLED
05-13 16:19:44.013  1233  1298 D ConditionProviders: Disabling component com.google.android.apps.wellbeing/.dnd.impl.DndConditionProviderService
05-13 16:19:44.032  1233  1298 D CompatibilityChangeReporter: Compat change id reported: 168419799; UID 10424; state: DISABLED
05-13 16:19:44.032  1233  1298 D CompatibilityChangeReporter: Compat change id reported: 273564678; UID 10424; state: DISABLED
05-13 16:19:44.056  1233  1259 W NotificationHistory: Attempted to remove conversation for locked/gone/disabled user 0
05-13 16:19:44.057  1233  1259 W NotificationHistory: Attempted to remove conversation for locked/gone/disabled user 0
05-13 16:19:44.058  1233  1259 W NotificationHistory: Attempted to remove conversation for locked/gone/disabled user 0
05-13 16:19:44.081  1233  1259 W NotificationHistory: Attempted to remove conversation for locked/gone/disabled user 0
05-13 16:19:44.081  1233  1259 W NotificationHistory: Attempted to remove conversation for locked/gone/disabled user 0
05-13 16:19:44.082  1233  1259 W NotificationHistory: Attempted to remove conversation for locked/gone/disabled user 0
05-13 16:19:44.082  1233  1259 W NotificationHistory: Attempted to remove conversation for locked/gone/disabled user 0
05-13 16:19:44.082  1233  1259 W NotificationHistory: Attempted to remove conversation for locked/gone/disabled user 0
05-13 16:19:44.082  1233  1259 W NotificationHistory: Attempted to remove conversation for locked/gone/disabled user 0
05-13 16:19:44.087  1233  1259 W NotificationHistory: Attempted to remove conversation for locked/gone/disabled user 0
05-13 16:19:44.089  1233  1259 W NotificationHistory: Attempted to remove conversation for locked/gone/disabled user 0
05-13 16:19:44.239  1233  1233 I Telecom : DefaultDialerCache: Refreshing default dialer for user 0: now com.google.android.dialer: DDC.oR@AUk
05-13 16:19:44.241  1233  3266 D CompatibilityChangeReporter: Compat change id reported: 168419799; UID 10424; state: DISABLED
05-13 16:19:44.241  1233  3266 D CompatibilityChangeReporter: Compat change id reported: 273564678; UID 10424; state: DISABLED
05-13 16:19:44.255  1233  1233 I Telecom : DefaultDialerCache: Refreshing default dialer for user 0: now com.google.android.dialer: DDC.oR@AU0
05-13 16:19:44.313  1233  1413 W JobScheduler: Job didn't exist in JobStore: 4d2d160 #u0a445/25 com.google.android.as/androidx.work.impl.background.systemjob.SystemJobService
05-13 16:19:44.314  1233  1871 D CompatibilityChangeReporter: Compat change id reported: 194532703; UID 10424; state: DISABLED
05-13 16:19:44.326  1233  1311 D CompatibilityChangeReporter: Compat change id reported: 218533173; UID 10457; state: ENABLED
05-13 16:19:44.505  1233  1298 D CompatibilityChangeReporter: Compat change id reported: 168419799; UID 10453; state: DISABLED
05-13 16:19:44.505  1233  1298 D CompatibilityChangeReporter: Compat change id reported: 273564678; UID 10453; state: DISABLED
05-13 16:19:44.694  1233  1259 D AppWidgetServiceImpl: Provider info from ComponentInfo{com.google.android.apps.wellbeing/com.google.android.apps.wellbeing.widget.screentime.ScreenTimeWidgetProviderReceiver_Receiver} won't be persisted.
05-13 16:19:45.002  1233  2904 I ContentCaptureManagerService: Data share request accepted by Content Capture service
05-13 16:19:45.065  1233  1246 W ActivityManager: Receiver with filter android.content.IntentFilter@638d642 already registered for pid 2517, callerPackage is com.google.android.googlequicksearchbox
05-13 16:19:45.369  1233  1246 D CompatibilityChangeReporter: Compat change id reported: 177438394; UID 10462; state: DISABLED
05-13 16:19:45.369  1233  1246 D CompatibilityChangeReporter: Compat change id reported: 135772972; UID 10462; state: DISABLED
05-13 16:19:45.369  1233  1246 D CompatibilityChangeReporter: Compat change id reported: 135754954; UID 10462; state: ENABLED
05-13 16:19:45.369  1233  1261 D CompatibilityChangeReporter: Compat change id reported: 143937733; UID 10462; state: ENABLED
05-13 16:19:45.384  1233  1261 I ActivityManager: Start proc 4119:com.google.android.apps.nbu.files/u0a462 for broadcast {com.google.android.apps.nbu.files/com.google.android.apps.nbu.files.gateway.pdf.DisablePdfPreviewActivityReceiver_Receiver}
05-13 16:19:45.415  1233  1412 D CompatibilityChangeReporter: Compat change id reported: 168419799; UID 10462; state: DISABLED
05-13 16:19:45.415  1233  1412 D CompatibilityChangeReporter: Compat change id reported: 273564678; UID 10462; state: DISABLED
05-13 16:19:45.452  1233  1414 I ContentCaptureManagerService: Data share request accepted by Content Capture service
05-13 16:19:45.475  1233  2335 W JobScheduler: Job didn't exist in JobStore: 676b9c4 #u0a451/1030 com.google.android.apps.messaging/androidx.work.impl.background.systemjob.SystemJobService
05-13 16:19:45.504  1233  3266 W SoundTriggerHelper: listModules status=0, # of modules=0
05-13 16:19:45.506  1233  1298 I SoundTriggerService: getModuleProperties()
05-13 16:19:45.562  1233  1419 D CompatibilityChangeReporter: Compat change id reported: 161145287; UID 10462; state: DISABLED
05-13 16:19:45.562  1233  1419 W ActivityManager: Receiver with filter android.content.IntentFilter@6bcf431 already registered for pid 4119, callerPackage is com.google.android.apps.nbu.files
05-13 16:19:45.830  1233  4143 D CompatibilityChangeReporter: Compat change id reported: 194532703; UID 10462; state: ENABLED
05-13 16:19:45.870  1233  2904 D CompatibilityChangeReporter: Compat change id reported: 149924527; UID 10462; state: ENABLED
05-13 16:19:45.871  1233  2904 D CompatibilityChangeReporter: Compat change id reported: 132649864; UID 10462; state: DISABLED
05-13 16:19:46.125  1233  2904 D CompatibilityChangeReporter: Compat change id reported: 194532703; UID 10482; state: ENABLED
05-13 16:19:46.166  1233  4143 D CompatibilityChangeReporter: Compat change id reported: 161145287; UID 10482; state: DISABLED
05-13 16:19:46.243  1233  2904 D CompatibilityChangeReporter: Compat change id reported: 135634846; UID 10458; state: DISABLED
05-13 16:19:46.243  1233  2904 D CompatibilityChangeReporter: Compat change id reported: 177438394; UID 10458; state: DISABLED
05-13 16:19:46.243  1233  2904 D CompatibilityChangeReporter: Compat change id reported: 135772972; UID 10458; state: DISABLED
05-13 16:19:46.243  1233  2904 D CompatibilityChangeReporter: Compat change id reported: 135754954; UID 10458; state: ENABLED
05-13 16:19:46.243  1233  1261 D CompatibilityChangeReporter: Compat change id reported: 143937733; UID 10458; state: ENABLED
05-13 16:19:46.256  1233  1261 I ActivityManager: Start proc 4215:com.google.android.apps.restore/u0a458 for broadcast {com.google.android.apps.restore/androidx.work.impl.background.systemalarm.RescheduleReceiver}
05-13 16:19:46.290  1233  2904 D CompatibilityChangeReporter: Compat change id reported: 168419799; UID 10458; state: DISABLED
05-13 16:19:46.290  1233  2904 D CompatibilityChangeReporter: Compat change id reported: 273564678; UID 10458; state: DISABLED
05-13 16:19:46.407   437  2398 I keystore2: keystore2::watchdog: Watchdog thread idle -> terminating. Have a great day.
05-13 16:19:46.530  1233  2904 D CompatibilityChangeReporter: Compat change id reported: 161145287; UID 10458; state: DISABLED
05-13 16:19:46.586  1233  2904 D CompatibilityChangeReporter: Compat change id reported: 194532703; UID 10458; state: ENABLED
05-13 16:19:46.592  1233  2904 D CompatibilityChangeReporter: Compat change id reported: 177438394; UID 10454; state: DISABLED
05-13 16:19:46.592  1233  2904 D CompatibilityChangeReporter: Compat change id reported: 135772972; UID 10454; state: DISABLED
05-13 16:19:46.592  1233  2904 D CompatibilityChangeReporter: Compat change id reported: 135754954; UID 10454; state: ENABLED
05-13 16:19:46.592  1233  1261 D CompatibilityChangeReporter: Compat change id reported: 143937733; UID 10454; state: ENABLED
05-13 16:19:46.608  1233  1261 I ActivityManager: Start proc 4238:com.google.android.apps.safetyhub/u0a454 for broadcast {com.google.android.apps.safetyhub/com.google.android.apps.safetyhub.startup.StartupBroadcastReceiver_Receiver}
05-13 16:19:46.638  1233  2904 D CompatibilityChangeReporter: Compat change id reported: 168419799; UID 10454; state: DISABLED
05-13 16:19:46.638  1233  2904 D CompatibilityChangeReporter: Compat change id reported: 273564678; UID 10454; state: DISABLED
05-13 16:19:46.952  1233  2904 D CompatibilityChangeReporter: Compat change id reported: 161145287; UID 10454; state: DISABLED
05-13 16:19:47.040  1233  2904 D CompatibilityChangeReporter: Compat change id reported: 194532703; UID 10454; state: ENABLED
05-13 16:19:47.142  1233  1419 D CompatibilityChangeReporter: Compat change id reported: 135634846; UID 10448; state: DISABLED
05-13 16:19:47.143  1233  1419 D CompatibilityChangeReporter: Compat change id reported: 177438394; UID 10448; state: DISABLED
05-13 16:19:47.143  1233  1419 D CompatibilityChangeReporter: Compat change id reported: 135772972; UID 10448; state: DISABLED
05-13 16:19:47.143  1233  1419 D CompatibilityChangeReporter: Compat change id reported: 135754954; UID 10448; state: ENABLED
05-13 16:19:47.143  1233  1261 D CompatibilityChangeReporter: Compat change id reported: 143937733; UID 10448; state: ENABLED
05-13 16:19:47.155  1233  1261 I ActivityManager: Start proc 4292:com.google.android.apps.security.securityhub/u0a448 for broadcast {com.google.android.apps.security.securityhub/androidx.work.impl.background.systemalarm.RescheduleReceiver}
05-13 16:19:47.179  1233  1419 D CompatibilityChangeReporter: Compat change id reported: 168419799; UID 10448; state: DISABLED
05-13 16:19:47.179  1233  1419 D CompatibilityChangeReporter: Compat change id reported: 273564678; UID 10448; state: DISABLED
05-13 16:19:47.423  1233  4143 D CompatibilityChangeReporter: Compat change id reported: 194532703; UID 10448; state: ENABLED
05-13 16:19:47.434  1233  4143 D CompatibilityChangeReporter: Compat change id reported: 168419799; UID 10452; state: DISABLED
05-13 16:19:47.434  1233  4143 D CompatibilityChangeReporter: Compat change id reported: 273564678; UID 10452; state: DISABLED
05-13 16:19:47.439  1233  4143 D CompatibilityChangeReporter: Compat change id reported: 194532703; UID 10452; state: ENABLED
05-13 16:19:47.473  1233  2904 D CompatibilityChangeReporter: Compat change id reported: 161145287; UID 10448; state: DISABLED
05-13 16:19:47.474  1233  1419 D CompatibilityChangeReporter: Compat change id reported: 135634846; UID 10452; state: DISABLED
05-13 16:19:47.474  1233  1419 D CompatibilityChangeReporter: Compat change id reported: 177438394; UID 10452; state: DISABLED
05-13 16:19:47.474  1233  1419 D CompatibilityChangeReporter: Compat change id reported: 135772972; UID 10452; state: DISABLED
05-13 16:19:47.474  1233  1419 D CompatibilityChangeReporter: Compat change id reported: 135754954; UID 10452; state: ENABLED
05-13 16:19:47.475  1233  1261 D CompatibilityChangeReporter: Compat change id reported: 143937733; UID 10452; state: ENABLED
05-13 16:19:47.475  1233  1412 W ActivityManager: Unable to start service Intent { cmp=com.google.android.turboadapter/.GoogleBatteryService } U=0: not found
05-13 16:19:47.476  1233  4143 W ActivityManager: Unable to start service Intent { cmp=com.google.android.turboadapter/.GoogleBatteryService } U=0: not found
05-13 16:19:47.481  2956  2956 E ActivityThread: Service com.google.android.apps.turbo.deadline.library.BatteryFlagService has leaked ServiceConnection xb@3938d97 that was originally bound here
05-13 16:19:47.481  2956  2956 E ActivityThread: android.app.ServiceConnectionLeaked: Service com.google.android.apps.turbo.deadline.library.BatteryFlagService has leaked ServiceConnection xb@3938d97 that was originally bound here
05-13 16:19:47.481  2956  2956 E ActivityThread: 	at android.app.LoadedApk$ServiceDispatcher.<init>(LoadedApk.java:2045)
05-13 16:19:47.481  2956  2956 E ActivityThread: 	at android.app.LoadedApk.getServiceDispatcherCommon(LoadedApk.java:1917)
05-13 16:19:47.481  2956  2956 E ActivityThread: 	at android.app.LoadedApk.getServiceDispatcher(LoadedApk.java:1896)
05-13 16:19:47.481  2956  2956 E ActivityThread: 	at android.app.ContextImpl.bindServiceCommon(ContextImpl.java:2027)
05-13 16:19:47.481  2956  2956 E ActivityThread: 	at android.app.ContextImpl.bindService(ContextImpl.java:1957)
05-13 16:19:47.481  2956  2956 E ActivityThread: 	at android.content.ContextWrapper.bindService(ContextWrapper.java:853)
05-13 16:19:47.481  2956  2956 E ActivityThread: 	at wy.a(PG:10)
05-13 16:19:47.481  2956  2956 E ActivityThread: 	at gk.b(PG:4)
05-13 16:19:47.481  2956  2956 E ActivityThread: 	at com.google.android.apps.turbo.deadline.library.BatteryFlagService.c(PG:1)
05-13 16:19:47.481  2956  2956 E ActivityThread: 	at ge.run(PG:51)
05-13 16:19:47.481  2956  2956 E ActivityThread: 	at java.util.concurrent.Executors$RunnableAdapter.call(Executors.java:463)
05-13 16:19:47.481  2956  2956 E ActivityThread: 	at java.util.concurrent.FutureTask.run(FutureTask.java:264)
05-13 16:19:47.481  2956  2956 E ActivityThread: 	at java.util.concurrent.ThreadPoolExecutor.runWorker(ThreadPoolExecutor.java:1137)
05-13 16:19:47.481  2956  2956 E ActivityThread: 	at java.util.concurrent.ThreadPoolExecutor$Worker.run(ThreadPoolExecutor.java:637)
05-13 16:19:47.481  2956  2956 E ActivityThread: 	at java.lang.Thread.run(Thread.java:1012)
05-13 16:19:47.483  1233  1412 W ActivityManager: Unbind failed: could not find connection for android.os.BinderProxy@bb90ca5
05-13 16:19:47.484  2956  2956 E ActivityThread: Service com.google.android.apps.turbo.deadline.library.DeadlineUpdateJobService has leaked ServiceConnection xb@61bff6d that was originally bound here
05-13 16:19:47.484  2956  2956 E ActivityThread: android.app.ServiceConnectionLeaked: Service com.google.android.apps.turbo.deadline.library.DeadlineUpdateJobService has leaked ServiceConnection xb@61bff6d that was originally bound here
05-13 16:19:47.484  2956  2956 E ActivityThread: 	at android.app.LoadedApk$ServiceDispatcher.<init>(LoadedApk.java:2045)
05-13 16:19:47.484  2956  2956 E ActivityThread: 	at android.app.LoadedApk.getServiceDispatcherCommon(LoadedApk.java:1917)
05-13 16:19:47.484  2956  2956 E ActivityThread: 	at android.app.LoadedApk.getServiceDispatcher(LoadedApk.java:1896)
05-13 16:19:47.484  2956  2956 E ActivityThread: 	at android.app.ContextImpl.bindServiceCommon(ContextImpl.java:2027)
05-13 16:19:47.484  2956  2956 E ActivityThread: 	at android.app.ContextImpl.bindService(ContextImpl.java:1957)
05-13 16:19:47.484  2956  2956 E ActivityThread: 	at android.content.ContextWrapper.bindService(ContextWrapper.java:853)
05-13 16:19:47.484  2956  2956 E ActivityThread: 	at wy.a(PG:18)
05-13 16:19:47.484  2956  2956 E ActivityThread: 	at gk.b(PG:4)
05-13 16:19:47.484  2956  2956 E ActivityThread: 	at com.google.android.apps.turbo.deadline.library.DeadlineUpdateJobService.c(PG:1)
05-13 16:19:47.484  2956  2956 E ActivityThread: 	at ge.run(PG:37)
05-13 16:19:47.484  2956  2956 E ActivityThread: 	at java.util.concurrent.Executors$RunnableAdapter.call(Executors.java:463)
05-13 16:19:47.484  2956  2956 E ActivityThread: 	at java.util.concurrent.FutureTask.run(FutureTask.java:264)
05-13 16:19:47.484  2956  2956 E ActivityThread: 	at java.util.concurrent.ThreadPoolExecutor.runWorker(ThreadPoolExecutor.java:1137)
05-13 16:19:47.484  2956  2956 E ActivityThread: 	at java.util.concurrent.ThreadPoolExecutor$Worker.run(ThreadPoolExecutor.java:637)
05-13 16:19:47.484  2956  2956 E ActivityThread: 	at java.lang.Thread.run(Thread.java:1012)
05-13 16:19:47.485  1233  1412 W ActivityManager: Unbind failed: could not find connection for android.os.BinderProxy@c42d87a
05-13 16:19:47.489  1233  1261 I ActivityManager: Start proc 4330:com.google.android.apps.turbo:aab/u0a452 for broadcast {com.google.android.apps.turbo/com.google.android.libraries.smartbattery.appusage.library.BootReceiver}
05-13 16:19:47.547  1233  1412 W ActivityManager: Unable to start service Intent { cmp=com.google.android.turboadapter/.GoogleBatteryService } U=0: not found
05-13 16:19:47.548  1233  4143 W ActivityManager: Unable to start service Intent { cmp=com.google.android.turboadapter/.GoogleBatteryService } U=0: not found
05-13 16:19:47.550  2956  2956 E ActivityThread: Service com.google.android.apps.turbo.deadline.library.BatteryFlagService has leaked ServiceConnection xb@52a2908 that was originally bound here
05-13 16:19:47.550  2956  2956 E ActivityThread: android.app.ServiceConnectionLeaked: Service com.google.android.apps.turbo.deadline.library.BatteryFlagService has leaked ServiceConnection xb@52a2908 that was originally bound here
05-13 16:19:47.550  2956  2956 E ActivityThread: 	at android.app.LoadedApk$ServiceDispatcher.<init>(LoadedApk.java:2045)
05-13 16:19:47.550  2956  2956 E ActivityThread: 	at android.app.LoadedApk.getServiceDispatcherCommon(LoadedApk.java:1917)
05-13 16:19:47.550  2956  2956 E ActivityThread: 	at android.app.LoadedApk.getServiceDispatcher(LoadedApk.java:1896)
05-13 16:19:47.550  2956  2956 E ActivityThread: 	at android.app.ContextImpl.bindServiceCommon(ContextImpl.java:2027)
05-13 16:19:47.550  2956  2956 E ActivityThread: 	at android.app.ContextImpl.bindService(ContextImpl.java:1957)
05-13 16:19:47.550  2956  2956 E ActivityThread: 	at android.content.ContextWrapper.bindService(ContextWrapper.java:853)
05-13 16:19:47.550  2956  2956 E ActivityThread: 	at wy.a(PG:10)
05-13 16:19:47.550  2956  2956 E ActivityThread: 	at gk.b(PG:4)
05-13 16:19:47.550  2956  2956 E ActivityThread: 	at com.google.android.apps.turbo.deadline.library.BatteryFlagService.c(PG:1)
05-13 16:19:47.550  2956  2956 E ActivityThread: 	at ge.run(PG:51)
05-13 16:19:47.550  2956  2956 E ActivityThread: 	at java.util.concurrent.Executors$RunnableAdapter.call(Executors.java:463)
05-13 16:19:47.550  2956  2956 E ActivityThread: 	at java.util.concurrent.FutureTask.run(FutureTask.java:264)
05-13 16:19:47.550  2956  2956 E ActivityThread: 	at java.util.concurrent.ThreadPoolExecutor.runWorker(ThreadPoolExecutor.java:1137)
05-13 16:19:47.550  2956  2956 E ActivityThread: 	at java.util.concurrent.ThreadPoolExecutor$Worker.run(ThreadPoolExecutor.java:637)
05-13 16:19:47.550  2956  2956 E ActivityThread: 	at java.lang.Thread.run(Thread.java:1012)
05-13 16:19:47.551  1233  2904 W ActivityManager: Unbind failed: could not find connection for android.os.BinderProxy@f4a5cd
05-13 16:19:47.552  2956  2956 E ActivityThread: Service com.google.android.apps.turbo.deadline.library.DeadlineUpdateJobService has leaked ServiceConnection xb@5e5bac6 that was originally bound here
05-13 16:19:47.552  2956  2956 E ActivityThread: android.app.ServiceConnectionLeaked: Service com.google.android.apps.turbo.deadline.library.DeadlineUpdateJobService has leaked ServiceConnection xb@5e5bac6 that was originally bound here
05-13 16:19:47.552  2956  2956 E ActivityThread: 	at android.app.LoadedApk$ServiceDispatcher.<init>(LoadedApk.java:2045)
05-13 16:19:47.552  2956  2956 E ActivityThread: 	at android.app.LoadedApk.getServiceDispatcherCommon(LoadedApk.java:1917)
05-13 16:19:47.552  2956  2956 E ActivityThread: 	at android.app.LoadedApk.getServiceDispatcher(LoadedApk.java:1896)
05-13 16:19:47.552  2956  2956 E ActivityThread: 	at android.app.ContextImpl.bindServiceCommon(ContextImpl.java:2027)
05-13 16:19:47.552  2956  2956 E ActivityThread: 	at android.app.ContextImpl.bindService(ContextImpl.java:1957)
05-13 16:19:47.552  2956  2956 E ActivityThread: 	at android.content.ContextWrapper.bindService(ContextWrapper.java:853)
05-13 16:19:47.552  2956  2956 E ActivityThread: 	at wy.a(PG:18)
05-13 16:19:47.552  2956  2956 E ActivityThread: 	at gk.b(PG:4)
05-13 16:19:47.552  2956  2956 E ActivityThread: 	at com.google.android.apps.turbo.deadline.library.DeadlineUpdateJobService.c(PG:1)
05-13 16:19:47.552  2956  2956 E ActivityThread: 	at ge.run(PG:37)
05-13 16:19:47.552  2956  2956 E ActivityThread: 	at java.util.concurrent.Executors$RunnableAdapter.call(Executors.java:463)
05-13 16:19:47.552  2956  2956 E ActivityThread: 	at java.util.concurrent.FutureTask.run(FutureTask.java:264)
05-13 16:19:47.552  2956  2956 E ActivityThread: 	at java.util.concurrent.ThreadPoolExecutor.runWorker(ThreadPoolExecutor.java:1137)
05-13 16:19:47.552  2956  2956 E ActivityThread: 	at java.util.concurrent.ThreadPoolExecutor$Worker.run(ThreadPoolExecutor.java:637)
05-13 16:19:47.552  2956  2956 E ActivityThread: 	at java.lang.Thread.run(Thread.java:1012)
05-13 16:19:47.553  1233  1246 W ActivityManager: Unbind failed: could not find connection for android.os.BinderProxy@c3d3e82
05-13 16:19:47.733  1233  1246 D CompatibilityChangeReporter: Compat change id reported: 135634846; UID 10452; state: DISABLED
05-13 16:19:47.734  1233  1246 D CompatibilityChangeReporter: Compat change id reported: 177438394; UID 10452; state: DISABLED
05-13 16:19:47.734  1233  1246 D CompatibilityChangeReporter: Compat change id reported: 135772972; UID 10452; state: DISABLED
05-13 16:19:47.734  1233  1246 D CompatibilityChangeReporter: Compat change id reported: 135754954; UID 10452; state: ENABLED
05-13 16:19:47.734  1233  1261 D CompatibilityChangeReporter: Compat change id reported: 143937733; UID 10452; state: ENABLED
05-13 16:19:47.753  1233  1261 I ActivityManager: Start proc 4356:com.google.android.apps.turbo:ssb/u0a452 for broadcast {com.google.android.apps.turbo/com.google.android.libraries.smartbattery.brightness.library.BootReceiver}
05-13 16:19:48.150  1233  1260 W BroadcastQueue: Permission Denial: receiving Intent { act=android.bluetooth.device.action.BATTERY_LEVEL_CHANGED flg=0x5000010 (has extras) } to com.google.android.apps.turbo/.nudges.bluetooth.BluetoothBatteryLevelChangedReceiver requires android.permission.BLUETOOTH_CONNECT due to sender com.android.bluetooth (uid 1002)
05-13 16:19:48.169  1233  2904 W ActivityManager: Unable to start service Intent { act=android.bluetooth.device.action.BATTERY_LEVEL_CHANGED cmp=com.google.android.gms/.nearby.discovery.service.DiscoveryService (has extras) } U=0: not found
