05-13 16:19:37.490  1233  1298 W StorageManagerService: Reporting public:179,129 unmounted due to system locked
05-13 16:19:37.491  1233  1298 W StorageManagerService: Reporting emulated;0 unmounted due to system locked
05-13 16:19:37.491  1233  1298 W StorageManagerService: Reporting public:179,129 unmounted due to system locked
05-13 16:19:37.493  1233  1298 W StorageManagerService: Reporting emulated;0 unmounted due to system locked
05-13 16:19:37.494  1233  1298 W StorageManagerService: Reporting public:179,129 unmounted due to system locked
05-13 16:19:37.521  1233  1233 W JobScheduler: Job didn't exist in JobStore: 22f138a #1000/100004 com.google.android.gms.games.background/com.google/sayantangan11@gmail.com:android
05-13 16:19:37.553  1233  1233 W JobScheduler: Job didn't exist in JobStore: 1ce0103 #1000/100006 com.google.android.gms.games/com.google/sayantangan11@gmail.com:android
05-13 16:19:37.555  1233  1414 W BroadcastQueue: Background execution not allowed: receiving Intent { act=android.intent.action.DROPBOX_ENTRY_ADDED flg=0x10 (has extras) } to com.google.android.gms/.stats.service.DropBoxEntryAddedReceiver
05-13 16:19:37.558  1233  1260 W BroadcastQueue: Background execution not allowed: receiving Intent { act=android.intent.action.USER_PRESENT flg=0x24200010 } to com.android.chrome/org.chromium.chrome.browser.sharing.click_to_call.ClickToCallMessageHandler$PhoneUnlockedReceiver
05-13 16:19:37.558  1233  1260 W BroadcastQueue: Background execution not allowed: receiving Intent { act=android.intent.action.USER_PRESENT flg=0x24200010 } to com.google.android.gms/.auth.setup.devicesignals.LockScreenReceiver
05-13 16:19:37.558  1233  1260 W BroadcastQueue: Background execution not allowed: receiving Intent { act=android.intent.action.USER_PRESENT flg=0x24200010 } to com.google.android.gms/.chimera.GmsIntentOperationService$PersistentTrustedReceiver
05-13 16:19:37.567  1233  1260 D CompatibilityChangeReporter: Compat change id reported: 168419799; UID 10451; state: DISABLED
05-13 16:19:37.567  1233  1260 D CompatibilityChangeReporter: Compat change id reported: 273564678; UID 10451; state: DISABLED
05-13 16:19:37.585  1233  1233 W JobScheduler: Job didn't exist in JobStore: b8ca2c5 #1000/100007 com.google.android.gms.people/com.google/sayantangan11@gmail.com:android
05-13 16:19:37.731  1233  1298 D CompatibilityChangeReporter: Compat change id reported: 168419799; UID 10461; state: DISABLED
05-13 16:19:37.731  1233  1298 D CompatibilityChangeReporter: Compat change id reported: 273564678; UID 10461; state: DISABLED
05-13 16:19:37.736  1233  2904 W SoundTriggerHelper: listModules status=0, # of modules=0
05-13 16:19:37.754   397  2460 I vold    : Filesystem check completed OK
05-13 16:19:37.762   397  2460 D vold    : Waiting for sdcardfs to spin up...
05-13 16:19:37.766  1233  3266 D CompatibilityChangeReporter: Compat change id reported: 171306433; UID 10447; state: ENABLED
05-13 16:19:37.780  1233  1419 D CompatibilityChangeReporter: Compat change id reported: 218533173; UID 10447; state: ENABLED
05-13 16:19:37.783  1233  2501 D CompatibilityChangeReporter: Compat change id reported: 135634846; UID 1000; state: DISABLED
05-13 16:19:37.783  1233  2501 D CompatibilityChangeReporter: Compat change id reported: 177438394; UID 1000; state: DISABLED
05-13 16:19:37.783  1233  2501 D CompatibilityChangeReporter: Compat change id reported: 135772972; UID 1000; state: DISABLED
05-13 16:19:37.784  1233  2501 D CompatibilityChangeReporter: Compat change id reported: 135754954; UID 1000; state: ENABLED
05-13 16:19:37.785  3274  3274 W sdcard  : Device explicitly enabled sdcardfs
05-13 16:19:37.792  1233  1298 D CoreBackPreview: Window{a59e2ae u0 com.android.launcher3/com.android.launcher3.DerpLauncher}: Setting back callback OnBackInvokedCallbackInfo{mCallback=android.window.IOnBackInvokedCallback$Stub$Proxy@1e57bba, mPriority=0}
05-13 16:19:37.816   397  2460 I vold    : Mounting public fuse volume
05-13 16:19:37.819   397  2460 I vold    : Bind mounting /mnt/runtime/full/74E4-CCA3 to /mnt/pass_through/0/74E4-CCA3
05-13 16:19:37.820  1233  1339 I StorageSessionController: On volume mount VolumeInfo{public:179,129}:
05-13 16:19:37.820  1233  1339 I StorageSessionController:     type=PUBLIC diskId=disk:179,128 partGuid= mountFlags=VISIBLE_FOR_WRITE 
05-13 16:19:37.820  1233  1339 I StorageSessionController:     mountUserId=0 state=CHECKING 
05-13 16:19:37.820  1233  1339 I StorageSessionController:     fsType=vfat fsUuid=74E4-CCA3 fsLabel= 
05-13 16:19:37.820  1233  1339 I StorageSessionController:     path=/storage/74E4-CCA3 internalPath=/mnt/media_rw/74E4-CCA3 
05-13 16:19:37.824  1233  1339 I StorageSessionController: Creating and starting session with id: public:179,129
05-13 16:19:37.843  1233  1261 W ActivityManager: Slow operation: 64ms so far, now at startProcess: returned from zygote!
05-13 16:19:37.844  1233  1261 W ActivityManager: Slow operation: 65ms so far, now at startProcess: done updating battery stats
05-13 16:19:37.844  1233  1261 W ActivityManager: Slow operation: 65ms so far, now at startProcess: building log message
05-13 16:19:37.844  1233  1261 I ActivityManager: Start proc 3285:com.android.localtransport/1000 for service {com.android.localtransport/com.android.localtransport.LocalTransportService}
05-13 16:19:37.844  1233  1261 W ActivityManager: Slow operation: 65ms so far, now at startProcess: starting to update pids map
05-13 16:19:37.845  1233  1261 W ActivityManager: Slow operation: 66ms so far, now at startProcess: done updating pids map
05-13 16:19:37.893  1233  1419 D CompatibilityChangeReporter: Compat change id reported: 194532703; UID 10451; state: ENABLED
05-13 16:19:37.947  1233  1419 D CompatibilityChangeReporter: Compat change id reported: 168419799; UID 1000; state: DISABLED
05-13 16:19:37.948  1233  1419 D CompatibilityChangeReporter: Compat change id reported: 273564678; UID 1000; state: DISABLED
05-13 16:19:37.949  1233  1419 D CompatibilityChangeReporter: Compat change id reported: 181136395; UID 1000; state: DISABLED
05-13 16:19:37.949  1233  1419 D CompatibilityChangeReporter: Compat change id reported: 174042936; UID 1000; state: DISABLED
05-13 16:19:37.987  1233  1246 D CompatibilityChangeReporter: Compat change id reported: 197654537; UID 1000; state: ENABLED
05-13 16:19:37.989  1233  1246 D CompatibilityChangeReporter: Compat change id reported: 194532703; UID 10455; state: ENABLED
05-13 16:19:38.009  1233  1251 V WindowManager: Unknown focus tokens, dropping reportFocusChanged
05-13 16:19:38.039  1233  1260 W BroadcastQueue: Exported Denial: sending Intent { act=android.net.conn.CONNECTIVITY_CHANGE flg=0x4200010 (has extras) }, action: android.net.conn.CONNECTIVITY_CHANGE from null (uid=-1) due to receiver ProcessRecord{45c957b 2877:org.telegram.messenger/u0a519} (uid 10519) not specifying RECEIVER_EXPORTED
05-13 16:19:38.043  1233  1260 W BroadcastQueue: Exported Denial: sending Intent { act=android.net.conn.CONNECTIVITY_CHANGE flg=0x4200010 (has extras) }, action: android.net.conn.CONNECTIVITY_CHANGE from null (uid=-1) due to receiver ProcessRecord{45c957b 2877:org.telegram.messenger/u0a519} (uid 10519) not specifying RECEIVER_EXPORTED
05-13 16:19:38.045  1233  1260 W BroadcastQueue: Exported Denial: sending Intent { act=android.net.conn.CONNECTIVITY_CHANGE flg=0x4200010 (has extras) }, action: android.net.conn.CONNECTIVITY_CHANGE from null (uid=-1) due to receiver ProcessRecord{45c957b 2877:org.telegram.messenger/u0a519} (uid 10519) not specifying RECEIVER_EXPORTED
05-13 16:19:38.046  1233  1260 W BroadcastQueue: Exported Denial: sending Intent { act=android.net.conn.CONNECTIVITY_CHANGE flg=0x4200010 (has extras) }, action: android.net.conn.CONNECTIVITY_CHANGE from null (uid=-1) due to receiver ProcessRecord{45c957b 2877:org.telegram.messenger/u0a519} (uid 10519) not specifying RECEIVER_EXPORTED
05-13 16:19:38.063  1233  2335 D CompatibilityChangeReporter: Compat change id reported: 157233955; UID 10519; state: ENABLED
05-13 16:19:38.064  1233  3266 D CompatibilityChangeReporter: Compat change id reported: 161252188; UID 10463; state: DISABLED
05-13 16:19:38.070  1233  3266 I ActivityManager: com.android.vending is exempt from freezer
05-13 16:19:38.070  1233  3266 D CompatibilityChangeReporter: Compat change id reported: 135634846; UID 10463; state: DISABLED
05-13 16:19:38.071  1233  3266 D CompatibilityChangeReporter: Compat change id reported: 177438394; UID 10463; state: DISABLED
05-13 16:19:38.071  1233  3266 D CompatibilityChangeReporter: Compat change id reported: 135772972; UID 10463; state: DISABLED
05-13 16:19:38.071  1233  3266 D CompatibilityChangeReporter: Compat change id reported: 135754954; UID 10463; state: ENABLED
05-13 16:19:38.072  1233  1261 D CompatibilityChangeReporter: Compat change id reported: 143937733; UID 10463; state: ENABLED
05-13 16:19:38.081  1233  1413 D CompatibilityChangeReporter: Compat change id reported: 168419799; UID 10519; state: DISABLED
05-13 16:19:38.081  1233  1413 D CompatibilityChangeReporter: Compat change id reported: 273564678; UID 10519; state: DISABLED
05-13 16:19:38.092  1233  1261 I ActivityManager: Start proc 3341:com.android.vending/u0a463 for service {com.android.vending/com.google.android.finsky.billing.iab.InAppBillingService}
05-13 16:19:38.132  1233  1233 I TransportConnection: LocalTransportService#0: Notifying [TransportManager.registerTransport()] transport = BackupTransportClient
05-13 16:19:38.160  1233  2335 D CompatibilityChangeReporter: Compat change id reported: 168419799; UID 10463; state: DISABLED
05-13 16:19:38.160  1233  2335 D CompatibilityChangeReporter: Compat change id reported: 273564678; UID 10463; state: DISABLED
05-13 16:19:38.171  1233  2501 D BackupTransportManager: Transport com.android.localtransport/.LocalTransportService registered
05-13 16:19:38.172  1233  2501 D BackupManagerService: [UserID:0] Transport com.android.localtransport/.LocalTransport registered 3409ms after first request (delay = 3000ms)
05-13 16:19:38.193  1233  1246 D OomAdjuster: Not killing cached processes
05-13 16:19:38.494  1233  1233 I TransportConnection: D2dTransportService#1: Notifying [TransportManager.registerTransport()] transport = BackupTransportClient
05-13 16:19:38.520  1233  2335 D CoreBackPreview: Window{19b3b36 u0 com.android.launcher3/com.android.launcher3.DerpLauncher}: Setting back callback OnBackInvokedCallbackInfo{mCallback=android.window.IOnBackInvokedCallback$Stub$Proxy@970d92f, mPriority=0}
05-13 16:19:38.544  1233  2501 D BackupTransportManager: Transport com.google.android.gms/.backup.component.D2dTransportService registered
05-13 16:19:38.545  1233  2501 D BackupManagerService: [UserID:0] Transport com.google.android.gms/.backup.migrate.service.D2dTransport registered 3782ms after first request (delay = 3000ms)
05-13 16:19:38.559  1233  1233 D CompatibilityChangeReporter: Compat change id reported: 168936375; UID 1000; state: ENABLED
05-13 16:19:38.560  1233  1233 D CompatibilityChangeReporter: Compat change id reported: 151105954; UID 1000; state: ENABLED
05-13 16:19:38.560  1233  1233 E AppOps  : attributionTag twilight not declared in manifest of android
05-13 16:19:38.561  1233  1233 D CompatibilityChangeReporter: Compat change id reported: 73144566; UID 1000; state: ENABLED
05-13 16:19:38.716  1233  1233 I TransportConnection: BackupTransportService#2: Notifying [TransportManager.registerTransport()] transport = BackupTransportClient
05-13 16:19:38.790  1233  1413 I SoundTriggerService: deleteSoundModel(): id = 9f6ad62a-1f0b-11e7-87c5-40a8f03d3f15
05-13 16:19:38.790  1233  1413 W SoundTriggerService: error onStop(): Model 9f6ad62a-1f0b-11e7-87c5-40a8f03d3f15 has no stats available
05-13 16:19:38.831  1233  2501 D BackupTransportManager: Transport com.google.android.gms/.backup.BackupTransportService registered
05-13 16:19:38.831  1233  2501 D BackupManagerService: [UserID:0] Transport com.google.android.gms/.backup.BackupTransportService registered 4069ms after first request (delay = 3000ms)
05-13 16:19:38.845  1233  2501 I BackupManagerService: [UserID:0] Found 3 stale backup journal(s), scheduling.
05-13 16:19:38.857   397  2460 I vold    : Configuring read_ahead of /mnt/user/0/74E4-CCA3 fuse filesystem to 256kb
05-13 16:19:38.858   397  2460 I vold    : Writing 256 to /sys/class/bdi/0:204/read_ahead_kb
05-13 16:19:38.859   397  2460 I vold    : Configuring max_ratio of /mnt/user/0/74E4-CCA3 fuse filesystem to 40
05-13 16:19:38.860   397  2460 I vold    : Writing 40 to /sys/class/bdi/0:204/max_ratio
05-13 16:19:38.862  1233  1339 I StorageManagerService: Mounted volume VolumeInfo{public:179,129}:
05-13 16:19:38.862  1233  1339 I StorageManagerService:     type=PUBLIC diskId=disk:179,128 partGuid= mountFlags=VISIBLE_FOR_WRITE 
05-13 16:19:38.862  1233  1339 I StorageManagerService:     mountUserId=0 state=CHECKING 
05-13 16:19:38.862  1233  1339 I StorageManagerService:     fsType=vfat fsUuid=74E4-CCA3 fsLabel= 
05-13 16:19:38.862  1233  1339 I StorageManagerService:     path=/storage/74E4-CCA3 internalPath=/mnt/media_rw/74E4-CCA3 
05-13 16:19:38.870  1233  1339 I StorageSessionController: Notifying volume state changed for session with id: public:179,129
05-13 16:19:38.886  1233  1339 I StorageSessionController: Notifying volume state changed for session with id: emulated;0
05-13 16:19:38.894  1233  2501 I BackupManagerService: [UserID:0] Stale backup journals: Scheduled 30 package(s) total
05-13 16:19:38.908  1233  1251 V WindowManager: Unknown focus tokens, dropping reportFocusChanged
05-13 16:19:38.929  1233  1339 I StorageSessionController: Notifying volume state changed for session with id: emulated;0
05-13 16:19:38.943  1233  1419 D CompatibilityChangeReporter: Compat change id reported: 194532703; UID 10509; state: ENABLED
05-13 16:19:38.949  1233  1419 D CompatibilityChangeReporter: Compat change id reported: 168419799; UID 10509; state: DISABLED
05-13 16:19:38.949  1233  1419 D CompatibilityChangeReporter: Compat change id reported: 273564678; UID 10509; state: DISABLED
05-13 16:19:38.996  1233  1339 I StorageSessionController: Notifying volume state changed for session with id: public:179,129
05-13 16:19:39.000  1233  3266 I MediaSessionStack: addSession to bottom of stack | record: com.google.android.googlequicksearchbox/PodcastPlayer (userId=0)
05-13 16:19:39.026  1233  2904 D CompatibilityChangeReporter: Compat change id reported: 161252188; UID 1000; state: DISABLED
05-13 16:19:39.032  1233  1260 D CompatibilityChangeReporter: Compat change id reported: 168419799; UID 1000; state: DISABLED
05-13 16:19:39.032  1233  1260 D CompatibilityChangeReporter: Compat change id reported: 273564678; UID 1000; state: DISABLED
05-13 16:19:39.069  1233  1339 I StorageSessionController: Notifying volume state changed for session with id: public:179,129
05-13 16:19:39.140  1233  1339 D StorageManagerService: Volume emulated;0 broadcasting mounted to UserHandle{0}
05-13 16:19:39.146  1233  1339 D StorageManagerService: Volume public:179,129 broadcasting mounted to UserHandle{0}
05-13 16:19:39.158  1233  1339 D StorageManagerService: Volume emulated;0 broadcasting mounted to UserHandle{0}
05-13 16:19:39.160  1233  1339 D StorageManagerService: Volume public:179,129 broadcasting checking to UserHandle{0}
05-13 16:19:39.162  1233  1339 D StorageManagerService: Volume public:179,129 broadcasting mounted to UserHandle{0}
05-13 16:19:39.185  1233  1247 D CompatibilityChangeReporter: Compat change id reported: 149924527; UID 10519; state: ENABLED
05-13 16:19:39.186  1233  1247 D CompatibilityChangeReporter: Compat change id reported: 132649864; UID 10519; state: DISABLED
05-13 16:19:39.205  1233  2335 D CompatibilityChangeReporter: Compat change id reported: 194532703; UID 10461; state: DISABLED
05-13 16:19:39.240  1233  2377 D CompatibilityChangeReporter: Compat change id reported: 161145287; UID 10463; state: DISABLED
05-13 16:19:39.266  1233  1298 D CompatibilityChangeReporter: Compat change id reported: 149924527; UID 10509; state: ENABLED
05-13 16:19:39.267  1233  1298 D CompatibilityChangeReporter: Compat change id reported: 132649864; UID 10509; state: DISABLED
05-13 16:19:39.272  1233  1233 I NotificationService: Cannot find enqueued record for key: 0|com.android.systemui|1397773634|public:179,129|10499
05-13 16:19:39.274  1233  2904 D CompatibilityChangeReporter: Compat change id reported: 182734110; UID 10509; state: ENABLED
05-13 16:19:39.577  1233  1413 D CompatibilityChangeReporter: Compat change id reported: 161252188; UID 10440; state: DISABLED
05-13 16:19:39.580  1233  1413 D CompatibilityChangeReporter: Compat change id reported: 135634846; UID 10440; state: DISABLED
05-13 16:19:39.580  1233  1413 D CompatibilityChangeReporter: Compat change id reported: 177438394; UID 10440; state: DISABLED
05-13 16:19:39.580  1233  1413 D CompatibilityChangeReporter: Compat change id reported: 135772972; UID 10440; state: DISABLED
05-13 16:19:39.580  1233  1413 D CompatibilityChangeReporter: Compat change id reported: 135754954; UID 10440; state: ENABLED
05-13 16:19:39.582  1233  1261 D CompatibilityChangeReporter: Compat change id reported: 143937733; UID 10440; state: ENABLED
05-13 16:19:39.626  1233  1261 I ActivityManager: Start proc 3524:com.google.android.as.oss/u0a440 for service {com.google.android.as.oss/com.google.android.apps.miphone.astrea.grpc.AstreaGrpcService}
05-13 16:19:39.829  1233  2335 D CompatibilityChangeReporter: Compat change id reported: 168419799; UID 10440; state: DISABLED
05-13 16:19:39.829  1233  2335 D CompatibilityChangeReporter: Compat change id reported: 273564678; UID 10440; state: DISABLED
05-13 16:19:39.850  1233  1260 I ActivityManager: reportOnUserCompletedEvent(0): stored=10, eligible=111
05-13 16:19:39.850  1233  1260 D SystemServerTimingAsync: ssm.CompletedEventUser-0
05-13 16:19:39.850  1233  1260 I SystemServiceManager: Calling onCompletedEventUser 0
05-13 16:19:39.853  1233  3550 D SystemServerTimingAsync: ssm.onCompletedEventUser-0_{|Unlocked|}_com.android.server.security.FileIntegrityService
05-13 16:19:39.853  1233  3550 D SystemServerTimingAsync: ssm.onCompletedEventUser-0_{|Unlocked|}_com.android.server.uri.UriGrantsManagerService$Lifecycle
05-13 16:19:39.853  1233  3550 D SystemServerTimingAsync: ssm.onCompletedEventUser-0_{|Unlocked|}_com.android.server.powerstats.PowerStatsService
05-13 16:19:39.854  1233  3550 D SystemServerTimingAsync: ssm.onCompletedEventUser-0_{|Unlocked|}_com.android.server.wm.ActivityTaskManagerService$Lifecycle
05-13 16:19:39.854  1233  3550 D SystemServerTimingAsync: ssm.onCompletedEventUser-0_{|Unlocked|}_com.android.server.am.ActivityManagerService$Lifecycle
05-13 16:19:39.854  1233  3550 D SystemServerTimingAsync: ssm.onCompletedEventUser-0_{|Unlocked|}_com.android.server.pm.DataLoaderManagerService
05-13 16:19:39.854  1233  3550 D SystemServerTimingAsync: ssm.onCompletedEventUser-0_{|Unlocked|}_com.android.server.power.PowerManagerService
05-13 16:19:39.854  1233  3550 D SystemServerTimingAsync: ssm.onCompletedEventUser-0_{|Unlocked|}_com.android.server.power.ThermalManagerService
05-13 16:19:39.854  1233  3550 D SystemServerTimingAsync: ssm.onCompletedEventUser-0_{|Unlocked|}_com.android.server.power.hint.HintManagerService
05-13 16:19:39.854  1233  3550 D SystemServerTimingAsync: ssm.onCompletedEventUser-0_{|Unlocked|}_com.android.server.recoverysystem.RecoverySystemService$Lifecycle
05-13 16:19:39.854  1233  3550 D SystemServerTimingAsync: ssm.onCompletedEventUser-0_{|Unlocked|}_com.android.server.lights.LightsService
05-13 16:19:39.854  1233  3550 D SystemServerTimingAsync: ssm.onCompletedEventUser-0_{|Unlocked|}_com.android.server.display.DisplayManagerService
05-13 16:19:39.854  1233  3550 D SystemServerTimingAsync: ssm.onCompletedEventUser-0_{|Unlocked|}_com.android.server.pm.verify.domain.DomainVerificationService
05-13 16:19:39.854  1233  3550 D SystemServerTimingAsync: ssm.onCompletedEventUser-0_{|Unlocked|}_com.android.server.pm.PackageInstallerService$Lifecycle
05-13 16:19:39.854  1233  3550 D SystemServerTimingAsync: ssm.onCompletedEventUser-0_{|Unlocked|}_com.android.server.pm.UserManagerService$LifeCycle
05-13 16:19:39.854  1233  3550 D SystemServerTimingAsync: ssm.onCompletedEventUser-0_{|Unlocked|}_com.android.server.om.OverlayManagerService
05-13 16:19:39.854  1233  3550 D SystemServerTimingAsync: ssm.onCompletedEventUser-0_{|Unlocked|}_com.android.server.resources.ResourcesManagerService
05-13 16:19:39.854  1233  3550 D SystemServerTimingAsync: ssm.onCompletedEventUser-0_{|Unlocked|}_com.android.server.sensorprivacy.SensorPrivacyService
05-13 16:19:39.854  1233  3550 D SystemServerTimingAsync: ssm.onCompletedEventUser-0_{|Unlocked|}_com.android.server.sensors.SensorService
05-13 16:19:39.854  1233  3550 D SystemServerTimingAsync: ssm.onCompletedEventUser-0_{|Unlocked|}_com.android.server.SystemConfigService
05-13 16:19:39.854  1233  3550 D SystemServerTimingAsync: ssm.onCompletedEventUser-0_{|Unlocked|}_com.android.server.BatteryService
05-13 16:19:39.854  1233  3550 D SystemServerTimingAsync: ssm.onCompletedEventUser-0_{|Unlocked|}_com.android.server.usage.UsageStatsService
05-13 16:19:39.854  1233  3550 D SystemServerTimingAsync: ssm.onCompletedEventUser-0_{|Unlocked|}_com.android.server.webkit.WebViewUpdateService
05-13 16:19:39.854  1233  3550 D SystemServerTimingAsync: ssm.onCompletedEventUser-0_{|Unlocked|}_com.android.server.CachedDeviceStateService
05-13 16:19:39.854  1233  3550 D SystemServerTimingAsync: ssm.onCompletedEventUser-0_{|Unlocked|}_com.android.server.BinderCallsStatsService$LifeCycle
05-13 16:19:39.854  1233  3550 D SystemServerTimingAsync: ssm.onCompletedEventUser-0_{|Unlocked|}_com.android.server.LooperStatsService$Lifecycle
05-13 16:19:39.854  1233  3550 D SystemServerTimingAsync: ssm.onCompletedEventUser-0_{|Unlocked|}_com.android.server.rollback.RollbackManagerService
05-13 16:19:39.855  1233  3550 D SystemServerTimingAsync: ssm.onCompletedEventUser-0_{|Unlocked|}_com.android.server.os.NativeTombstoneManagerService
05-13 16:19:39.855  1233  3550 D SystemServerTimingAsync: ssm.onCompletedEventUser-0_{|Unlocked|}_com.android.server.os.BugreportManagerService
05-13 16:19:39.855  1233  3550 D SystemServerTimingAsync: ssm.onCompletedEventUser-0_{|Unlocked|}_com.android.server.gpu.GpuService
05-13 16:19:39.855  1233  3550 D SystemServerTimingAsync: ssm.onCompletedEventUser-0_{|Unlocked|}_com.android.server.security.KeyChainSystemService
05-13 16:19:39.855  1233  3550 D SystemServerTimingAsync: ssm.onCompletedEventUser-0_{|Unlocked|}_com.android.server.BinaryTransparencyService
05-13 16:19:39.855  1233  3550 D SystemServerTimingAsync: ssm.onCompletedEventUser-0_{|Unlocked|}_com.android.server.telecom.TelecomLoaderService
05-13 16:19:39.855  1233  3550 D SystemServerTimingAsync: ssm.onCompletedEventUser-0_{|Unlocked|}_com.android.server.accounts.AccountManagerService$Lifecycle
05-13 16:19:39.855  1233  3550 D SystemServerTimingAsync: ssm.onCompletedEventUser-0_{|Unlocked|}_com.android.server.content.ContentService$Lifecycle
05-13 16:19:39.855  1233  3550 D SystemServerTimingAsync: ssm.onCompletedEventUser-0_{|Unlocked|}_com.android.server.DropBoxManagerService
05-13 16:19:39.855  1233  3550 D SystemServerTimingAsync: ssm.onCompletedEventUser-0_{|Unlocked|}_com.android.role.RoleService
05-13 16:19:39.855  1233  3550 D SystemServerTimingAsync: ssm.onCompletedEventUser-0_{|Unlocked|}_com.android.server.vibrator.VibratorManagerService$Lifecycle
05-13 16:19:39.855  1233  3550 D SystemServerTimingAsync: ssm.onCompletedEventUser-0_{|Unlocked|}_com.android.server.tare.InternalResourceService
05-13 16:19:39.855  1233  3550 D SystemServerTimingAsync: ssm.onCompletedEventUser-0_{|Unlocked|}_com.android.server.alarm.AlarmManagerService
05-13 16:19:39.855  1233  3550 D SystemServerTimingAsync: ssm.onCompletedEventUser-0_{|Unlocked|}_com.android.server.devicestate.DeviceStateManagerService
05-13 16:19:39.855  1233  3550 D SystemServerTimingAsync: ssm.onCompletedEventUser-0_{|Unlocked|}_com.android.server.camera.CameraServiceProxy
05-13 16:19:39.855  1233  3550 D SystemServerTimingAsync: ssm.onCompletedEventUser-0_{|Unlocked|}_com.android.server.bluetooth.BluetoothService
05-13 16:19:39.855  1233  3550 D SystemServerTimingAsync: ssm.onCompletedEventUser-0_{|Unlocked|}_com.android.server.connectivity.IpConnectivityMetrics
05-13 16:19:39.855  1233  3550 D SystemServerTimingAsync: ssm.onCompletedEventUser-0_{|Unlocked|}_com.android.server.net.watchlist.NetworkWatchlistService$Lifecycle
05-13 16:19:39.855  1233  3550 D SystemServerTimingAsync: ssm.onCompletedEventUser-0_{|Unlocked|}_com.android.server.PinnerService
05-13 16:19:39.855  1233  3550 D SystemServerTimingAsync: ssm.onCompletedEventUser-0_{|Unlocked|}_com.android.server.integrity.AppIntegrityManagerService
05-13 16:19:39.855  1233  3550 D SystemServerTimingAsync: ssm.onCompletedEventUser-0_{|Unlocked|}_com.android.server.logcat.LogcatManagerService
05-13 16:19:39.855  1233  3550 D SystemServerTimingAsync: ssm.onCompletedEventUser-0_{|Unlocked|}_com.android.server.derp.LineageGlobalActionsService
05-13 16:19:39.855  1233  3550 D SystemServerTimingAsync: ssm.onCompletedEventUser-0_{|Unlocked|}_com.android.server.inputmethod.InputMethodManagerService$Lifecycle
05-13 16:19:39.855  1233  3550 D SystemServerTimingAsync: ssm.onCompletedEventUser-0_{|Unlocked|}_com.android.server.accessibility.AccessibilityManagerService$Lifecycle
05-13 16:19:39.855  1233  3550 D SystemServerTimingAsync: ssm.onCompletedEventUser-0_{|Unlocked|}_com.android.server.StorageManagerService$Lifecycle
05-13 16:19:39.855  1233  3550 D SystemServerTimingAsync: ssm.onCompletedEventUser-0_{|Unlocked|}_com.android.server.usage.StorageStatsService$Lifecycle
05-13 16:19:39.855  1233  3550 D SystemServerTimingAsync: ssm.onCompletedEventUser-0_{|Unlocked|}_com.android.server.UiModeManagerService
05-13 16:19:39.855  1233  3550 D SystemServerTimingAsync: ssm.onCompletedEventUser-0_{|Unlocked|}_com.android.server.locales.LocaleManagerService
05-13 16:19:39.855  1233  3550 D SystemServerTimingAsync: ssm.onCompletedEventUser-0_{|Unlocked|}_com.android.server.locksettings.LockSettingsService$Lifecycle
05-13 16:19:39.855  1233  3550 D SystemServerTimingAsync: ssm.onCompletedEventUser-0_{|Unlocked|}_com.android.server.PersistentDataBlockService
05-13 16:19:39.855  1233  3550 D SystemServerTimingAsync: ssm.onCompletedEventUser-0_{|Unlocked|}_com.android.server.testharness.TestHarnessModeService
05-13 16:19:39.855  1233  3550 D SystemServerTimingAsync: ssm.onCompletedEventUser-0_{|Unlocked|}_com.android.server.oemlock.OemLockService
05-13 16:19:39.855  1233  3550 D SystemServerTimingAsync: ssm.onCompletedEventUser-0_{|Unlocked|}_com.android.server.DeviceIdleController
05-13 16:19:39.855  1233  3550 D SystemServerTimingAsync: ssm.onCompletedEventUser-0_{|Unlocked|}_com.android.server.devicepolicy.DevicePolicyManagerService$Lifecycle
05-13 16:19:39.855  1233  3550 D SystemServerTimingAsync: ssm.onCompletedEventUser-0_{|Unlocked|}_com.android.server.musicrecognition.MusicRecognitionManagerService
05-13 16:19:39.855  1233  3550 D SystemServerTimingAsync: ssm.onCompletedEventUser-0_{|Unlocked|}_com.android.server.contentcapture.ContentCaptureManagerService
05-13 16:19:39.855  1233  3550 D SystemServerTimingAsync: ssm.onCompletedEventUser-0_{|Unlocked|}_com.android.server.attention.AttentionManagerService
05-13 16:19:39.855  1233  3550 D SystemServerTimingAsync: ssm.onCompletedEventUser-0_{|Unlocked|}_com.android.server.rotationresolver.RotationResolverManagerService
05-13 16:19:39.855  1233  3550 D SystemServerTimingAsync: ssm.onCompletedEventUser-0_{|Unlocked|}_com.android.server.systemcaptions.SystemCaptionsManagerService
05-13 16:19:39.855  1233  3550 D SystemServerTimingAsync: ssm.onCompletedEventUser-0_{|Unlocked|}_com.android.server.texttospeech.TextToSpeechManagerService
05-13 16:19:39.855  1233  3550 D SystemServerTimingAsync: ssm.onCompletedEventUser-0_{|Unlocked|}_com.android.server.ambientcontext.AmbientContextManagerService
05-13 16:19:39.855  1233  3550 D SystemServerTimingAsync: ssm.onCompletedEventUser-0_{|Unlocked|}_com.android.server.speech.SpeechRecognitionManagerService
05-13 16:19:39.855  1233  3550 D SystemServerTimingAsync: ssm.onCompletedEventUser-0_{|Unlocked|}_com.android.server.appprediction.AppPredictionManagerService
05-13 16:19:39.855  1233  3550 D SystemServerTimingAsync: ssm.onCompletedEventUser-0_{|Unlocked|}_com.android.server.contentsuggestions.ContentSuggestionsManagerService
05-13 16:19:39.855  1233  3550 D SystemServerTimingAsync: ssm.onCompletedEventUser-0_{|Unlocked|}_com.android.server.searchui.SearchUiManagerService
05-13 16:19:39.855  1233  3550 D SystemServerTimingAsync: ssm.onCompletedEventUser-0_{|Unlocked|}_com.android.server.smartspace.SmartspaceManagerService
05-13 16:19:39.855  1233  3550 D SystemServerTimingAsync: ssm.onCompletedEventUser-0_{|Unlocked|}_com.android.server.graphics.fonts.FontManagerService$Lifecycle
05-13 16:19:39.855  1233  3550 D SystemServerTimingAsync: ssm.onCompletedEventUser-0_{|Unlocked|}_com.android.server.textservices.TextServicesManagerService$Lifecycle
05-13 16:19:39.855  1233  3550 D SystemServerTimingAsync: ssm.onCompletedEventUser-0_{|Unlocked|}_com.android.server.textclassifier.TextClassificationManagerService$Lifecycle
05-13 16:19:39.855  1233  3550 D SystemServerTimingAsync: ssm.onCompletedEventUser-0_{|Unlocked|}_com.android.server.NetworkScoreService$Lifecycle
05-13 16:19:39.855  1233  3550 D SystemServerTimingAsync: ssm.onCompletedEventUser-0_{|Unlocked|}_com.android.server.NetworkStatsServiceInitializer
05-13 16:19:39.856  1233  3550 D SystemServerTimingAsync: ssm.onCompletedEventUser-0_{|Unlocked|}_com.android.server.wifi.WifiService
05-13 16:19:39.856  1233  3550 D SystemServerTimingAsync: ssm.onCompletedEventUser-0_{|Unlocked|}_com.android.server.wifi.scanner.WifiScanningService
05-13 16:19:39.856  1233  3550 D SystemServerTimingAsync: ssm.onCompletedEventUser-0_{|Unlocked|}_com.android.server.wifi.p2p.WifiP2pService
05-13 16:19:39.856  1233  3550 D SystemServerTimingAsync: ssm.onCompletedEventUser-0_{|Unlocked|}_com.android.server.ConnectivityServiceInitializer
05-13 16:19:39.856  1233  3550 D SystemServerTimingAsync: ssm.onCompletedEventUser-0_{|Unlocked|}_com.android.server.notification.NotificationManagerService
05-13 16:19:39.862  1233  3550 D SystemServerTimingAsync: ssm.onCompletedEventUser-0_{|Unlocked|}_com.android.server.storage.DeviceStorageMonitorService
05-13 16:19:39.862  1233  3550 D SystemServerTimingAsync: ssm.onCompletedEventUser-0_{|Unlocked|}_com.android.server.location.LocationManagerService$Lifecycle
05-13 16:19:39.862  1233  3550 D SystemServerTimingAsync: ssm.onCompletedEventUser-0_{|Unlocked|}_com.android.server.timedetector.TimeDetectorService$Lifecycle
05-13 16:19:39.862  1233  3550 D SystemServerTimingAsync: ssm.onCompletedEventUser-0_{|Unlocked|}_com.android.server.timezonedetector.TimeZoneDetectorService$Lifecycle
05-13 16:19:39.862  1233  3550 D SystemServerTimingAsync: ssm.onCompletedEventUser-0_{|Unlocked|}_com.android.server.timezonedetector.location.LocationTimeZoneManagerService$Lifecycle
05-13 16:19:39.862  1233  3550 D SystemServerTimingAsync: ssm.onCompletedEventUser-0_{|Unlocked|}_com.android.server.search.SearchManagerService$Lifecycle
05-13 16:19:39.862  1233  3550 D SystemServerTimingAsync: ssm.onCompletedEventUser-0_{|Unlocked|}_com.android.server.wallpaper.WallpaperManagerService$Lifecycle
05-13 16:19:39.862  1233  3550 D SystemServerTimingAsync: ssm.onCompletedEventUser-0_{|Unlocked|}_com.android.server.wallpapereffectsgeneration.WallpaperEffectsGenerationManagerService
05-13 16:19:39.862  1233  3550 D SystemServerTimingAsync: ssm.onCompletedEventUser-0_{|Unlocked|}_com.android.server.audio.AudioService$Lifecycle
05-13 16:19:39.862  1233  3550 D SystemServerTimingAsync: ssm.onCompletedEventUser-0_{|Unlocked|}_com.android.server.soundtrigger_middleware.SoundTriggerMiddlewareService$Lifecycle
05-13 16:19:39.862  1233  3550 D SystemServerTimingAsync: ssm.onCompletedEventUser-0_{|Unlocked|}_com.android.server.DockObserver
05-13 16:19:39.862  1233  3550 D SystemServerTimingAsync: ssm.onCompletedEventUser-0_{|Unlocked|}_com.android.server.midi.MidiService$Lifecycle
05-13 16:19:39.862  1233  3550 D SystemServerTimingAsync: ssm.onCompletedEventUser-0_{|Unlocked|}_com.android.server.adb.AdbService$Lifecycle
05-13 16:19:39.862  1233  3550 D SystemServerTimingAsync: ssm.onCompletedEventUser-0_{|Unlocked|}_com.android.server.usb.UsbService$Lifecycle
05-13 16:19:39.862  1233  3550 D SystemServerTimingAsync: ssm.onCompletedEventUser-0_{|Unlocked|}_com.android.server.twilight.TwilightService
05-13 16:19:39.862  1233  3550 D SystemServerTimingAsync: ssm.onCompletedEventUser-0_{|Unlocked|}_com.android.server.display.color.ColorDisplayService
05-13 16:19:39.862  1233  3550 D SystemServerTimingAsync: ssm.onCompletedEventUser-0_{|Unlocked|}_com.android.server.job.JobSchedulerService
05-13 16:19:39.862  1233  3550 D SystemServerTimingAsync: ssm.onCompletedEventUser-0_{|Unlocked|}_com.android.server.soundtrigger.SoundTriggerService
05-13 16:19:39.862  1233  3550 D SystemServerTimingAsync: ssm.onCompletedEventUser-0_{|Unlocked|}_com.android.server.trust.TrustManagerService
05-13 16:19:39.862  1233  3550 D SystemServerTimingAsync: ssm.onCompletedEventUser-0_{|Unlocked|}_com.android.server.backup.BackupManagerService$Lifecycle
05-13 16:19:39.862  1233  3550 D SystemServerTimingAsync: ssm.onCompletedEventUser-0_{|Unlocked|}_com.android.server.appwidget.AppWidgetService
05-13 16:19:39.862  1233  3550 D SystemServerTimingAsync: ssm.onCompletedEventUser-0_{|Unlocked|}_com.android.server.voiceinteraction.VoiceInteractionManagerService
05-13 16:19:39.862  1233  3550 D SystemServerTimingAsync: ssm.onCompletedEventUser-0_{|Unlocked|}_com.android.server.apphibernation.AppHibernationService
05-13 16:19:39.862  1233  3550 D SystemServerTimingAsync: ssm.onCompletedEventUser-0_{|Unlocked|}_com.android.server.GestureLauncherService
05-13 16:19:39.863  1233  3550 D SystemServerTimingAsync: ssm.onCompletedEventUser-0_{|Unlocked|}_com.android.server.SensorNotificationService
05-13 16:19:39.863  1233  3550 D SystemServerTimingAsync: ssm.onCompletedEventUser-0_{|Unlocked|}_com.android.server.emergency.EmergencyAffordanceService
05-13 16:19:39.863  1233  3550 D SystemServerTimingAsync: ssm.onCompletedEventUser-0_{|Unlocked|}_com.android.server.blob.BlobStoreManagerService
05-13 16:19:39.863  1233  3550 D SystemServerTimingAsync: ssm.onCompletedEventUser-0_{|Unlocked|}_com.android.server.dreams.DreamManagerService
05-13 16:19:39.863  1233  3550 D SystemServerTimingAsync: ssm.onCompletedEventUser-0_{|Unlocked|}_com.android.server.print.PrintManagerService
05-13 16:19:39.863  1233  3550 D SystemServerTimingAsync: ssm.onCompletedEventUser-0_{|Unlocked|}_com.android.server.security.AttestationVerificationManagerService
05-13 16:19:39.863  1233  3550 D SystemServerTimingAsync: ssm.onCompletedEventUser-0_{|Unlocked|}_com.android.server.companion.CompanionDeviceManagerService
05-13 16:19:39.863  1233  3550 D SystemServerTimingAsync: ssm.onCompletedEventUser-0_{|Unlocked|}_com.android.server.companion.virtual.VirtualDeviceManagerService
05-13 16:19:39.863  1233  3550 D SystemServerTimingAsync: ssm.onCompletedEventUser-0_{|Unlocked|}_com.android.server.restrictions.RestrictionsManagerService
05-13 16:19:39.863  1233  3550 D SystemServerTimingAsync: ssm.onCompletedEventUser-0_{|Unlocked|}_com.android.server.media.MediaSessionService
05-13 16:19:39.863  1233  3550 D SystemServerTimingAsync: ssm.onCompletedEventUser-0_{|Unlocked|}_com.android.server.media.MediaResourceMonitorService
05-13 16:19:39.863  1233  3550 D SystemServerTimingAsync: ssm.onCompletedEventUser-0_{|Unlocked|}_com.android.server.biometrics.sensors.face.FaceService
05-13 16:19:39.863  1233  3550 D SystemServerTimingAsync: ssm.onCompletedEventUser-0_{|Unlocked|}_com.android.server.biometrics.sensors.fingerprint.FingerprintService
05-13 16:19:39.863  1233  3550 D SystemServerTimingAsync: ssm.onCompletedEventUser-0_{|Unlocked|}_com.android.server.biometrics.BiometricService
05-13 16:19:39.863  1233  3550 D SystemServerTimingAsync: ssm.onCompletedEventUser-0_{|Unlocked|}_com.android.server.biometrics.AuthService
05-13 16:19:39.863  1233  3550 D SystemServerTimingAsync: ssm.onCompletedEventUser-0_{|Unlocked|}_com.android.server.app.AppLockManagerService$Lifecycle
05-13 16:19:39.863  1233  3550 D SystemServerTimingAsync: ssm.onCompletedEventUser-0_{|Unlocked|}_com.android.server.pm.ShortcutService$Lifecycle
05-13 16:19:39.863  1233  3550 D SystemServerTimingAsync: ssm.onCompletedEventUser-0_{|Unlocked|}_com.android.server.pm.LauncherAppsService
05-13 16:19:39.863  1233  3550 D SystemServerTimingAsync: ssm.onCompletedEventUser-0_{|Unlocked|}_com.android.server.pm.CrossProfileAppsService
05-13 16:19:39.863  1233  3550 D SystemServerTimingAsync: ssm.onCompletedEventUser-0_{|Unlocked|}_com.android.server.pocket.PocketService
05-13 16:19:39.863  1233  3550 D SystemServerTimingAsync: ssm.onCompletedEventUser-0_{|Unlocked|}_com.android.server.people.PeopleService
05-13 16:19:39.863  1233  3550 D SystemServerTimingAsync: ssm.onCompletedEventUser-0_{|Unlocked|}_com.android.server.media.metrics.MediaMetricsManagerService
05-13 16:19:39.863  1233  3550 D SystemServerTimingAsync: ssm.onCompletedEventUser-0_{|Unlocked|}_com.android.server.derp.CustomDeviceConfigService
05-13 16:19:39.863  1233  3550 D SystemServerTimingAsync: ssm.onCompletedEventUser-0_{|Unlocked|}_com.android.server.vibrator.LinearmotorVibratorService
05-13 16:19:39.863  1233  3550 D SystemServerTimingAsync: ssm.onCompletedEventUser-0_{|Unlocked|}_com.android.server.derp.LineageHardwareService
05-13 16:19:39.863  1233  3550 D SystemServerTimingAsync: ssm.onCompletedEventUser-0_{|Unlocked|}_com.android.server.derp.display.LiveDisplayService
05-13 16:19:39.863  1233  3550 D SystemServerTimingAsync: ssm.onCompletedEventUser-0_{|Unlocked|}_com.android.server.derp.health.HealthInterfaceService
05-13 16:19:39.863  1233  3550 D SystemServerTimingAsync: ssm.onCompletedEventUser-0_{|Unlocked|}_com.android.server.media.projection.MediaProjectionManagerService
05-13 16:19:39.863  1233  3550 D SystemServerTimingAsync: ssm.onCompletedEventUser-0_{|Unlocked|}_com.android.server.slice.SliceManagerService$Lifecycle
05-13 16:19:39.863  1233  3550 D SystemServerTimingAsync: ssm.onCompletedEventUser-0_{|Unlocked|}_com.android.server.stats.StatsCompanion$Lifecycle
05-13 16:19:39.863  1233  3550 D SystemServerTimingAsync: ssm.onCompletedEventUser-0_{|Unlocked|}_com.android.server.scheduling.RebootReadinessManagerService$Lifecycle
05-13 16:19:39.863  1233  3550 D SystemServerTimingAsync: ssm.onCompletedEventUser-0_{|Unlocked|}_com.android.server.stats.pull.StatsPullAtomService
05-13 16:19:39.863  1233  3550 D SystemServerTimingAsync: ssm.onCompletedEventUser-0_{|Unlocked|}_com.android.server.stats.bootstrap.StatsBootstrapAtomService$Lifecycle
05-13 16:19:39.863  1233  3550 D SystemServerTimingAsync: ssm.onCompletedEventUser-0_{|Unlocked|}_com.android.server.incident.IncidentCompanionService
05-13 16:19:39.863  1233  3550 D SystemServerTimingAsync: ssm.onCompletedEventUser-0_{|Unlocked|}_com.android.server.sdksandbox.SdkSandboxManagerService$Lifecycle
05-13 16:19:39.863  1233  3550 D SystemServerTimingAsync: ssm.onCompletedEventUser-0_{|Unlocked|}_com.android.server.adservices.AdServicesManagerService$Lifecycle
05-13 16:19:39.863  1233  3550 D SystemServerTimingAsync: ssm.onCompletedEventUser-0_{|Unlocked|}_com.android.server.MmsServiceBroker
05-13 16:19:39.863  1233  3550 D SystemServerTimingAsync: ssm.onCompletedEventUser-0_{|Unlocked|}_com.android.server.autofill.AutofillManagerService
05-13 16:19:39.863  1233  3550 D SystemServerTimingAsync: ssm.onCompletedEventUser-0_{|Unlocked|}_com.android.server.translation.TranslationManagerService
05-13 16:19:39.863  1233  3550 D SystemServerTimingAsync: ssm.onCompletedEventUser-0_{|Unlocked|}_com.android.server.clipboard.ClipboardService
05-13 16:19:39.863  1233  3550 D SystemServerTimingAsync: ssm.onCompletedEventUser-0_{|Unlocked|}_com.android.server.appbinding.AppBindingService$Lifecycle
05-13 16:19:39.863  1233  3550 D SystemServerTimingAsync: ssm.onCompletedEventUser-0_{|Unlocked|}_com.android.server.tracing.TracingServiceProxy
05-13 16:19:39.864  1233  3550 D SystemServerTimingAsync: ssm.onCompletedEventUser-0_{|Unlocked|}_com.android.server.policy.PermissionPolicyService
05-13 16:19:39.864  1233  3550 D SystemServerTimingAsync: ssm.onCompletedEventUser-0_{|Unlocked|}_com.android.server.pm.StagingManager$Lifecycle
05-13 16:19:39.864  1233  3550 D SystemServerTimingAsync: ssm.onCompletedEventUser-0_{|Unlocked|}_com.android.server.app.GameManagerService$Lifecycle
05-13 16:19:39.864  1233  3550 D SystemServerTimingAsync: ssm.onCompletedEventUser-0_{|Unlocked|}_com.android.safetycenter.SafetyCenterService
05-13 16:19:39.864  1233  3550 D SystemServerTimingAsync: ssm.onCompletedEventUser-0_{|Unlocked|}_com.android.server.appsearch.AppSearchModule$Lifecycle
05-13 16:19:39.864  1233  3550 D SystemServerTimingAsync: ssm.onCompletedEventUser-0_{|Unlocked|}_com.android.server.media.MediaCommunicationService
05-13 16:19:39.864  1233  3550 D SystemServerTimingAsync: ssm.onCompletedEventUser-0_{|Unlocked|}_com.android.server.compat.overrides.AppCompatOverridesService$Lifecycle
05-13 16:19:39.864  1233  3550 D SystemServerTimingAsync: ssm.onCompletedEventUser-0_{|Unlocked|}_com.android.server.derp.ParallelSpaceManagerService
05-13 16:19:39.864  1233  3551 D SystemServerTimingAsync: ssm.onCompletedEventUser-0_{|Unlocked|}_com.android.server.pm.Installer
05-13 16:19:39.866  1233  3552 D SystemServerTimingAsync: ssm.onCompletedEventUser-0_{|Unlocked|}_com.android.server.os.DeviceIdentifiersPolicyService
05-13 16:19:39.924  1233  1414 D PackageManager: Ignoring attempt to set enabled state of disabled component com.android.vending/com.google.android.finsky.systemupdateactivity.SystemUpdateActivity
05-13 16:19:40.159  1233  2335 D CompatibilityChangeReporter: Compat change id reported: 214016041; UID 10461; state: DISABLED
05-13 16:19:40.166  1233  2335 D CompatibilityChangeReporter: Compat change id reported: 135634846; UID 10471; state: DISABLED
05-13 16:19:40.166  1233  2335 D CompatibilityChangeReporter: Compat change id reported: 177438394; UID 10471; state: DISABLED
05-13 16:19:40.166  1233  2335 D CompatibilityChangeReporter: Compat change id reported: 135772972; UID 10471; state: DISABLED
05-13 16:19:40.167  1233  2335 D CompatibilityChangeReporter: Compat change id reported: 135754954; UID 10471; state: ENABLED
05-13 16:19:40.167  1233  1261 D CompatibilityChangeReporter: Compat change id reported: 143937733; UID 10471; state: ENABLED
05-13 16:19:40.180  1233  1414 W BroadcastQueue: Target SDK mismatch: receiver ActivityInfo{2d3f706 com.google.android.apps.photos.actionqueue.impl.SystemReceiver} targets 33 but delivery restricted to [0, 23] broadcasting Intent { act=android.net.conn.CONNECTIVITY_CHANGE flg=0x4200010 (has extras) } from android (pid=1233, uid=1000) to com.google.android.apps.photos/.actionqueue.impl.SystemReceiver
05-13 16:19:40.185  1233  1260 W BroadcastQueue: Target SDK mismatch: receiver ActivityInfo{d3203f4 com.google.android.apps.photos.jobqueue.JobServiceBroadcastReceiver} targets 33 but delivery restricted to [0, 23] broadcasting Intent { act=android.net.conn.CONNECTIVITY_CHANGE flg=0x4200010 (has extras) } from android (pid=1233, uid=1000) to com.google.android.apps.photos/.jobqueue.JobServiceBroadcastReceiver
05-13 16:19:40.186  1233  1260 W BroadcastQueue: Target SDK mismatch: receiver ActivityInfo{e38371d com.google.android.gms.gcm.ServiceAutoStarter} targets 36 but delivery restricted to [0, 23] broadcasting Intent { act=android.net.conn.CONNECTIVITY_CHANGE flg=0x4200010 (has extras) } from android (pid=1233, uid=1000) to com.google.android.gms/.gcm.ServiceAutoStarter
05-13 16:19:40.186  1233  1260 W BroadcastQueue: Background execution not allowed: receiving Intent { act=android.intent.action.DROPBOX_ENTRY_ADDED flg=0x10 (has extras) } to com.google.android.gms/.stats.service.DropBoxEntryAddedReceiver
05-13 16:19:40.186  1233  1260 W BroadcastQueue: Background execution not allowed: receiving Intent { act=android.intent.action.DROPBOX_ENTRY_ADDED flg=0x10 (has extras) } to com.google.android.gms/.stats.service.DropBoxEntryAddedReceiver
05-13 16:19:40.186  1233  1260 W BroadcastQueue: Background execution not allowed: receiving Intent { act=android.intent.action.DROPBOX_ENTRY_ADDED flg=0x10 (has extras) } to com.google.android.gms/.stats.service.DropBoxEntryAddedReceiver
05-13 16:19:40.187  1233  1260 W BroadcastQueue: Background execution not allowed: receiving Intent { act=android.intent.action.DROPBOX_ENTRY_ADDED flg=0x10 (has extras) } to com.google.android.gms/.stats.service.DropBoxEntryAddedReceiver
05-13 16:19:40.189  1233  1261 I ActivityManager: Start proc 3580:com.google.android.inputmethod.latin/u0a471 for service {com.google.android.inputmethod.latin/com.android.inputmethod.latin.LatinIME}
05-13 16:19:40.235  1233  1247 I ActivityManager: com.android.vending is exempt from freezer
05-13 16:19:40.236  1233  1247 D CompatibilityChangeReporter: Compat change id reported: 135634846; UID 10463; state: DISABLED
05-13 16:19:40.236  1233  1247 D CompatibilityChangeReporter: Compat change id reported: 177438394; UID 10463; state: DISABLED
05-13 16:19:40.236  1233  1247 D CompatibilityChangeReporter: Compat change id reported: 135772972; UID 10463; state: DISABLED
05-13 16:19:40.236  1233  1247 D CompatibilityChangeReporter: Compat change id reported: 135754954; UID 10463; state: ENABLED
05-13 16:19:40.237  1233  1261 D CompatibilityChangeReporter: Compat change id reported: 143937733; UID 10463; state: ENABLED
05-13 16:19:40.258  1233  1261 I ActivityManager: Start proc 3602:com.android.vending:background/u0a463 for service {com.android.vending/com.google.frameworks.client.data.android.server.play.BackgroundProcessEndpointService}
05-13 16:19:40.283  1233  3266 D CompatibilityChangeReporter: Compat change id reported: 214016041; UID 10496; state: ENABLED
05-13 16:19:40.296  1233  2377 D CompatibilityChangeReporter: Compat change id reported: 168419799; UID 10471; state: DISABLED
05-13 16:19:40.297  1233  2377 D CompatibilityChangeReporter: Compat change id reported: 273564678; UID 10471; state: DISABLED
05-13 16:19:40.313  1233  2904 D CompatibilityChangeReporter: Compat change id reported: 168419799; UID 10463; state: DISABLED
05-13 16:19:40.313  1233  2904 D CompatibilityChangeReporter: Compat change id reported: 273564678; UID 10463; state: DISABLED
05-13 16:19:40.371  1233  1298 D CompatibilityChangeReporter: Compat change id reported: 135634846; UID 10422; state: DISABLED
05-13 16:19:40.371  1233  1298 D CompatibilityChangeReporter: Compat change id reported: 177438394; UID 10422; state: DISABLED
05-13 16:19:40.371  1233  1298 D CompatibilityChangeReporter: Compat change id reported: 135772972; UID 10422; state: DISABLED
05-13 16:19:40.371  1233  1298 D CompatibilityChangeReporter: Compat change id reported: 135754954; UID 10422; state: ENABLED
05-13 16:19:40.372  1233  1261 D CompatibilityChangeReporter: Compat change id reported: 143937733; UID 10422; state: ENABLED
05-13 16:19:40.410  1233  1261 I ActivityManager: Start proc 3626:com.android.externalstorage/u0a422 for broadcast {com.android.externalstorage/com.android.externalstorage.MountReceiver}
05-13 16:19:40.460  2517  3209 W KeyphraseEnrollmentInfo: No enrollment application supports the given keyphrase/locale: 'X Google'/en_US
05-13 16:19:40.462  2517  3209 W KeyphraseEnrollmentInfo: No enrollment application supports the given keyphrase/locale: 'X Google'/en_US
05-13 16:19:40.514  1233  2904 D CompatibilityChangeReporter: Compat change id reported: 168419799; UID 10422; state: DISABLED
05-13 16:19:40.514  1233  2904 D CompatibilityChangeReporter: Compat change id reported: 273564678; UID 10422; state: DISABLED
05-13 16:19:40.594  1233  1247 D CompatibilityChangeReporter: Compat change id reported: 161145287; UID 10471; state: DISABLED
05-13 16:19:40.595  1233  1247 W ActivityManager: Receiver with filter android.content.IntentFilter@8035b5b already registered for pid 3580, callerPackage is com.google.android.inputmethod.latin
05-13 16:19:40.685  1233  2904 D WallpaperManagerService: WPMS.saveSettingsLocked-0
05-13 16:19:40.688  1233  1251 D ColorDisplayService: Setting saturation level: 100
05-13 16:19:40.705  1233  2904 D WallpaperManagerService: WPMS.saveSettingsLocked-0
05-13 16:19:40.732  1233  3266 D CompatibilityChangeReporter: Compat change id reported: 194532703; UID 10446; state: ENABLED
05-13 16:19:40.863  1233  2335 D CompatibilityChangeReporter: Compat change id reported: 161145287; UID 10463; state: DISABLED
05-13 16:19:40.866  1233  1233 D CompatibilityChangeReporter: Compat change id reported: 194532703; UID 1000; state: ENABLED
05-13 16:19:40.866  1233  1233 D CompatibilityChangeReporter: Compat change id reported: 194532703; UID 1000; state: DISABLED
05-13 16:19:40.868  1233  1233 I Telecom : DefaultDialerCache: Refreshing default dialer for user 0: now com.google.android.dialer: DDC.oR@ALU
05-13 16:19:40.869  1233  1233 I Telecom : MissedCallNotifierImpl: reloadAfterBootComplete: user=0: TSBCR.oR@ALY
05-13 16:19:40.922  1233  1233 D CompatibilityChangeReporter: Compat change id reported: 168419799; UID 10473; state: DISABLED
05-13 16:19:40.922  1233  1233 D CompatibilityChangeReporter: Compat change id reported: 273564678; UID 10473; state: DISABLED
05-13 16:19:40.928  1233  2335 D CompatibilityChangeReporter: Compat change id reported: 135634846; UID 1000; state: DISABLED
