--------- beginning of main
05-20 00:29:00.657   302   302 W auditd  : type=2000 audit(0.0:1): state=initialized audit_enabled=0 res=1
05-20 00:29:05.932   302   302 I auditd  : type=1403 audit(0.0:2): policy loaded auid=4294967295 ses=4294967295
05-20 00:29:05.936   302   302 W auditd  : type=1404 audit(0.0:3): enforcing=1 old_enforcing=0 auid=4294967295 ses=4294967295
05-20 00:29:06.064     1     1 I init    : type=1400 audit(0.0:4): avc: denied { write } for name="kernel_init_done" dev="sysfs" ino=14297 scontext=u:r:init:s0 tcontext=u:object_r:sysfs:s0 tclass=file permissive=1
05-20 00:29:06.064     1     1 I init    : type=1400 audit(0.0:5): avc: denied { open } for path="/sys/module/musb_hdrc/parameters/kernel_init_done" dev="sysfs" ino=14297 scontext=u:r:init:s0 tcontext=u:object_r:sysfs:s0 tclass=file permissive=1
05-20 00:29:06.204     1     1 I init    : type=1400 audit(0.0:6): avc: denied { module_request } for kmod="fs-binder" scontext=u:r:init:s0 tcontext=u:r:kernel:s0 tclass=system permissive=1
05-20 00:29:06.208   302   302 I init    : type=1400 audit(0.0:7): avc: denied { entrypoint } for path="/system/bin/logd" dev="rootfs" ino=8923 scontext=u:r:logd:s0 tcontext=u:object_r:rootfs:s0 tclass=file permissive=1
05-20 00:29:06.208   302   302 I logd    : type=1400 audit(0.0:8): avc: denied { map } for path="/system/bin/logd" dev="rootfs" ino=8923 scontext=u:r:logd:s0 tcontext=u:object_r:rootfs:s0 tclass=file permissive=1
05-20 00:29:06.208   302   302 I logd    : type=1400 audit(0.0:9): avc: denied { read } for path="/system/bin/logd" dev="rootfs" ino=8923 scontext=u:r:logd:s0 tcontext=u:object_r:rootfs:s0 tclass=file permissive=1
05-20 00:29:06.208   302   302 I logd    : type=1400 audit(0.0:10): avc: denied { execute } for path="/system/bin/logd" dev="rootfs" ino=8923 scontext=u:r:logd:s0 tcontext=u:object_r:rootfs:s0 tclass=file permissive=1
05-20 00:29:06.208   302   302 I logd    : type=1400 audit(0.0:11): avc: denied { getattr } for path="/system/bin/logd" dev="rootfs" ino=8923 scontext=u:r:logd:s0 tcontext=u:object_r:rootfs:s0 tclass=file permissive=1
05-20 00:29:06.252   314   314 I chatty  : uid=0(root) expire 10 lines
05-20 00:29:06.252   315   315 I chatty  : uid=0(root) expire 8 lines
05-20 00:29:06.260     1     1 I unknown : type=1107 audit(0.0:30): uid=0 auid=4294967295 ses=4294967295 subj=u:r:init:s0 msg='avc: denied { set } for property=hwservicemanager.ready pid=313 uid=0 gid=0 scontext=u:r:recovery:s0 tcontext=u:object_r:hwservicemanager_prop:s0 tclass=property_service permissive=1'
05-20 00:29:06.261   313   313 I chatty  : uid=0(root) expire 13 lines
05-20 00:29:06.264     1     1 I init    : type=1400 audit(0.0:31): avc: denied { mounton } for path="/dev/usb-ffs/adb" dev="functionfs" ino=17519 scontext=u:r:init:s0 tcontext=u:object_r:functionfs:s0 tclass=dir permissive=1
05-20 00:29:06.268     1     1 I init    : type=1400 audit(0.0:32): avc: denied { write } for name="bootprof" dev="proc" ino=4026532417 scontext=u:r:init:s0 tcontext=u:object_r:proc:s0 tclass=file permissive=1
05-20 00:29:06.276     1     1 I unknown : type=1107 audit(0.0:33): uid=0 auid=4294967295 ses=4294967295 subj=u:r:init:s0 msg='avc: denied { set } for property=vendor.soter.teei.init pid=317 uid=0 gid=0 scontext=u:r:recovery:s0 tcontext=u:object_r:vendor_default_prop:s0 tclass=property_service permissive=1'
05-20 00:29:06.276   317   317 I teei_daemon: type=1400 audit(0.0:34): avc: denied { read write } for name="tz_vfs" dev="tmpfs" ino=17459 scontext=u:r:recovery:s0 tcontext=u:object_r:device:s0 tclass=chr_file permissive=1
05-20 00:29:06.276   317   317 I teei_daemon: type=1400 audit(0.0:35): avc: denied { open } for path="/dev/tz_vfs" dev="tmpfs" ino=17459 scontext=u:r:recovery:s0 tcontext=u:object_r:device:s0 tclass=chr_file permissive=1
05-20 00:29:06.276   317   317 I teei_daemon: type=1400 audit(0.0:36): avc: denied { ioctl } for path="/dev/teei_config" dev="tmpfs" ino=1713 ioctlcmd=0x5403 scontext=u:r:recovery:s0 tcontext=u:object_r:device:s0 tclass=chr_file permissive=1
05-20 00:29:06.292     1     1 I init    : type=1400 audit(0.0:37): avc: denied { setattr } for name="load_ut_drv" dev="sysfs" ino=24445 scontext=u:r:init:s0 tcontext=u:object_r:sysfs:s0 tclass=file permissive=1
05-20 00:29:06.304   326   326 I chatty  : uid=0(root) expire 8 lines
05-20 00:29:06.312   325   325 I chatty  : uid=0(root) expire 8 lines
05-20 00:29:06.328   323   323 I recovery: type=1400 audit(0.0:40): avc: denied { getattr } for path="/sys/devices/virtual/thermal/thermal_zone0/temp" dev="sysfs" ino=25167 scontext=u:r:recovery:s0 tcontext=u:object_r:sysfs:s0 tclass=file permissive=1
05-20 00:29:06.328   323   323 I recovery: type=1400 audit(0.0:41): avc: denied { write } for name="brightness" dev="sysfs" ino=32468 scontext=u:r:recovery:s0 tcontext=u:object_r:sysfs:s0 tclass=file permissive=1
05-20 00:29:06.328   323   323 I recovery: type=1400 audit(0.0:42): avc: denied { open } for path="/sys/devices/platform/leds-mt65xx/leds/lcd-backlight/brightness" dev="sysfs" ino=32468 scontext=u:r:recovery:s0 tcontext=u:object_r:sysfs:s0 tclass=file permissive=1
05-20 00:29:06.332     1     1 I unknown : type=1107 audit(0.0:43): uid=0 auid=4294967295 ses=4294967295 subj=u:r:init:s0 msg='avc: denied { set } for property=ro.twrp.boot pid=323 uid=0 gid=0 scontext=u:r:recovery:s0 tcontext=u:object_r:default_prop:s0 tclass=property_service permissive=1'
05-20 00:29:06.764   317   317 I teei_daemon: type=1400 audit(0.0:44): avc: denied { read } for name="rpmb" dev="mmcblk0p14" ino=12 scontext=u:r:recovery:s0 tcontext=u:object_r:mnt_vendor_file:s0 tclass=dir permissive=1
05-20 00:29:06.764   317   317 I teei_daemon: type=1400 audit(0.0:45): avc: denied { open } for path="/mnt/vendor/persist/rpmb" dev="mmcblk0p14" ino=12 scontext=u:r:recovery:s0 tcontext=u:object_r:mnt_vendor_file:s0 tclass=dir permissive=1
05-20 00:29:06.764   317   317 I teei_daemon: type=1400 audit(0.0:46): avc: denied { read write } for name="rpmb.txt" dev="mmcblk0p14" ino=13 scontext=u:r:recovery:s0 tcontext=u:object_r:mnt_vendor_file:s0 tclass=file permissive=1
05-20 00:29:06.764   317   317 I teei_daemon: type=1400 audit(0.0:47): avc: denied { open } for path="/mnt/vendor/persist/rpmb/rpmb.txt" dev="mmcblk0p14" ino=13 scontext=u:r:recovery:s0 tcontext=u:object_r:mnt_vendor_file:s0 tclass=file permissive=1
05-20 00:29:07.572   323   323 I recovery: type=1400 audit(0.0:48): avc: denied { execmem } for scontext=u:r:recovery:s0 tcontext=u:r:recovery:s0 tclass=process permissive=1
05-20 00:29:07.572   323   323 I recovery: type=1400 audit(0.0:49): avc: denied { execute } for path="/dev/ashmemb2d4c1e6-3835-438a-9623-a05b413567a3" dev="tmpfs" ino=17457 scontext=u:r:recovery:s0 tcontext=u:object_r:ashmem_libcutils_device:s0 tclass=chr_file permissive=1
05-20 00:29:07.575   323   323 I chatty  : uid=0(root) identical 298 lines
05-20 00:29:10.248   325   325 I chatty  : uid=0(root) expire 3 lines
05-20 00:29:10.248   313   313 I chatty  : uid=0(root) expire 3 lines
05-20 00:29:10.254   325   325 I chatty  : uid=0(root) expire 26 lines
05-20 00:29:10.255   323   323 I chatty  : uid=0(root) expire 423 lines
05-20 00:29:11.323   359   360 I chatty  : uid=0(root) expire 1 line
05-20 00:29:11.323   359   362 I chatty  : uid=0(root) expire 2 lines
05-20 00:29:11.325   359   364 I chatty  : uid=0(root) expire 4 lines
05-20 00:29:11.344   323   323 I chatty  : uid=0(root) expire 101 lines
05-20 00:29:11.354   359   359 I chatty  : uid=0(root) expire 6 lines
05-20 00:29:11.364     1     1 I init    : type=1400 audit(0.0:744): avc: denied { write } for name="saving" dev="sysfs" ino=16495 scontext=u:r:init:s0 tcontext=u:object_r:sysfs:s0 tclass=file permissive=1
05-20 00:29:11.364     1     1 I init    : type=1400 audit(0.0:745): avc: denied { open } for path="/sys/devices/platform/mt_usb/saving" dev="sysfs" ino=16495 scontext=u:r:init:s0 tcontext=u:object_r:sysfs:s0 tclass=file permissive=1
05-20 00:29:11.402   359   362 I chatty  : uid=0(root) expire 2 lines
05-20 00:29:11.404   359   366 I chatty  : uid=0(root) expire 4 lines
05-20 00:29:11.440   323   323 I chatty  : uid=0(root) expire 103 lines
05-20 00:29:11.480   359   362 I chatty  : uid=0(root) expire 4 lines
05-20 00:29:11.482   359   367 I chatty  : uid=0(root) expire 4 lines
05-20 00:29:11.504   359   359 I chatty  : uid=0(root) expire 3 lines
05-20 00:29:11.546   359   368 I chatty  : uid=0(root) expire 4 lines
05-20 00:29:11.548   323   323 I chatty  : uid=0(root) expire 103 lines
05-20 00:29:11.566   359   359 I chatty  : uid=0(root) expire 3 lines
05-20 00:29:11.646   359   362 I chatty  : uid=0(root) expire 2 lines
05-20 00:29:11.647   359   369 I chatty  : uid=0(root) expire 4 lines
05-20 00:29:11.676   359   359 I chatty  : uid=0(root) expire 6 lines
05-20 00:29:11.680   323   323 I chatty  : uid=0(root) expire 102 lines
05-20 00:29:11.736   359   362 I chatty  : uid=0(root) expire 2 lines
05-20 00:29:11.742   359   370 I chatty  : uid=0(root) expire 4 lines
05-20 00:29:11.780   323   323 I chatty  : uid=0(root) expire 105 lines
05-20 00:29:11.820   359   362 I chatty  : uid=0(root) expire 2 lines
05-20 00:29:11.822   359   371 I chatty  : uid=0(root) expire 4 lines
05-20 00:29:11.846   359   359 I chatty  : uid=0(root) expire 6 lines
05-20 00:29:11.848   323   323 I chatty  : uid=0(root) expire 103 lines
05-20 00:29:11.888   359   362 I chatty  : uid=0(root) expire 4 lines
05-20 00:29:11.890   359   372 I chatty  : uid=0(root) expire 4 lines
05-20 00:29:11.955   359   373 I chatty  : uid=0(root) expire 4 lines
05-20 00:29:11.956   323   323 I chatty  : uid=0(root) expire 113 lines
05-20 00:29:11.977   359   359 I chatty  : uid=0(root) expire 3 lines
05-20 00:29:12.023   359   362 I chatty  : uid=0(root) expire 2 lines
05-20 00:29:12.026   359   375 I chatty  : uid=0(root) expire 4 lines
05-20 00:29:12.032   323   323 I chatty  : uid=0(root) expire 109 lines
05-20 00:29:12.047   359   359 I chatty  : uid=0(root) expire 6 lines
05-20 00:29:12.088   359   362 I chatty  : uid=0(root) expire 2 lines
05-20 00:29:12.090   359   376 I chatty  : uid=0(root) expire 4 lines
05-20 00:29:12.148   323   323 I chatty  : uid=0(root) expire 115 lines
05-20 00:29:12.152   359   362 I chatty  : uid=0(root) expire 4 lines
05-20 00:29:12.155   359   377 I chatty  : uid=0(root) expire 4 lines
05-20 00:29:12.176   359   359 I chatty  : uid=0(root) expire 6 lines
05-20 00:29:12.223   359   378 I chatty  : uid=0(root) expire 4 lines
05-20 00:29:12.256   323   323 I chatty  : uid=0(root) expire 127 lines
05-20 00:29:12.284   359   362 I chatty  : uid=0(root) expire 4 lines
05-20 00:29:12.286   359   379 I chatty  : uid=0(root) expire 4 lines
05-20 00:29:12.307   359   359 I chatty  : uid=0(root) expire 3 lines
05-20 00:29:12.371   359   380 I chatty  : uid=0(root) expire 4 lines
05-20 00:29:12.376   323   323 I chatty  : uid=0(root) expire 137 lines
05-20 00:29:12.399   359   359 I chatty  : uid=0(root) expire 6 lines
05-20 00:29:12.439   359   362 I chatty  : uid=0(root) expire 2 lines
05-20 00:29:12.442   359   381 I chatty  : uid=0(root) expire 4 lines
05-20 00:29:12.492   323   323 I chatty  : uid=0(root) expire 144 lines
05-20 00:29:12.503   359   362 I chatty  : uid=0(root) expire 4 lines
05-20 00:29:12.506   359   382 I chatty  : uid=0(root) expire 4 lines
05-20 00:29:12.528   359   359 I chatty  : uid=0(root) expire 6 lines
05-20 00:29:12.582   359   383 I chatty  : uid=0(root) expire 4 lines
05-20 00:29:12.644   323   323 I chatty  : uid=0(root) expire 154 lines
05-20 00:29:12.651   359   362 I chatty  : uid=0(root) expire 6 lines
05-20 00:29:12.654   359   384 I chatty  : uid=0(root) expire 4 lines
05-20 00:29:12.676     1     1 I init    : type=1400 audit(0.0:2136): avc: denied { write } for name="saving" dev="sysfs" ino=16495 scontext=u:r:init:s0 tcontext=u:object_r:sysfs:s0 tclass=file permissive=1
05-20 00:29:12.676     1     1 I init    : type=1400 audit(0.0:2137): avc: denied { open } for path="/sys/devices/platform/mt_usb/saving" dev="sysfs" ino=16495 scontext=u:r:init:s0 tcontext=u:object_r:sysfs:s0 tclass=file permissive=1
05-20 00:29:12.676   359   359 I chatty  : uid=0(root) expire 6 lines
05-20 00:29:12.722   359   385 I chatty  : uid=0(root) expire 4 lines
05-20 00:29:12.796   359   386 I chatty  : uid=0(root) expire 4 lines
05-20 00:29:12.820   323   323 I chatty  : uid=0(root) expire 105 lines
05-20 00:29:12.820   359   359 I chatty  : uid=0(root) expire 27 lines
05-20 00:29:12.876   359   362 I chatty  : uid=0(root) expire 16 lines
05-20 00:29:12.879   359   387 I chatty  : uid=0(root) expire 4 lines
05-20 00:29:12.966   359   388 I chatty  : uid=0(root) expire 4 lines
05-20 00:29:13.039   359   389 I chatty  : uid=0(root) expire 4 lines
05-20 00:29:13.109   359   390 I chatty  : uid=0(root) expire 4 lines
05-20 00:29:13.179   359   391 I chatty  : uid=0(root) expire 4 lines
05-20 00:29:13.247   359   392 I chatty  : uid=0(root) expire 4 lines
05-20 00:29:13.312   359   393 I chatty  : uid=0(root) expire 4 lines
05-20 00:29:13.379   359   394 I chatty  : uid=0(root) expire 4 lines
05-20 00:29:13.445   359   362 I chatty  : uid=0(root) expire 12 lines
05-20 00:29:13.448   323   323 I chatty  : uid=0(root) expire 131 lines
05-20 00:29:13.449   359   395 I chatty  : uid=0(root) expire 4 lines
05-20 00:29:13.474   359   359 I chatty  : uid=0(root) expire 15 lines
05-20 00:29:13.527   359   396 I chatty  : uid=0(root) expire 4 lines
05-20 00:29:13.595   359   397 I chatty  : uid=0(root) expire 4 lines
05-20 00:29:13.667   359   398 I chatty  : uid=0(root) expire 4 lines
05-20 00:29:13.731   359   399 I chatty  : uid=0(root) expire 4 lines
05-20 00:29:13.797   359   401 I chatty  : uid=0(root) expire 4 lines
05-20 00:29:13.817   359   359 I chatty  : uid=0(root) expire 31 lines
05-20 00:29:13.872   359   362 I chatty  : uid=0(root) expire 20 lines
05-20 00:29:13.874   359   402 I chatty  : uid=0(root) expire 4 lines
05-20 00:29:13.938   359   403 I chatty  : uid=0(root) expire 4 lines
05-20 00:29:14.006   359   404 I chatty  : uid=0(root) expire 4 lines
05-20 00:29:14.074   359   405 I chatty  : uid=0(root) expire 4 lines
05-20 00:29:14.138   359   406 I chatty  : uid=0(root) expire 4 lines
05-20 00:29:14.188   323   323 I chatty  : uid=0(root) expire 100 lines
05-20 00:29:14.208   359   407 I chatty  : uid=0(root) expire 4 lines
05-20 00:29:14.305   359   408 I chatty  : uid=0(root) expire 4 lines
05-20 00:29:14.398   359   409 I chatty  : uid=0(root) expire 4 lines
05-20 00:29:14.467   359   410 I chatty  : uid=0(root) expire 4 lines
05-20 00:29:14.530   359   411 I chatty  : uid=0(root) expire 4 lines
05-20 00:29:14.551   359   359 I chatty  : uid=0(root) expire 29 lines
05-20 00:29:14.552   323   323 I chatty  : uid=0(root) expire 129 lines
05-20 00:29:14.604   359   362 I chatty  : uid=0(root) expire 18 lines
05-20 00:29:14.606   359   412 I chatty  : uid=0(root) expire 4 lines
05-20 00:29:14.679   359   413 I chatty  : uid=0(root) expire 4 lines
05-20 00:29:14.758   359   414 I chatty  : uid=0(root) expire 4 lines
05-20 00:29:14.826   359   415 I chatty  : uid=0(root) expire 4 lines
05-20 00:29:14.890   359   416 I chatty  : uid=0(root) expire 4 lines
05-20 00:29:14.955   359   417 I chatty  : uid=0(root) expire 4 lines
05-20 00:29:15.018   359   418 I chatty  : uid=0(root) expire 4 lines
05-20 00:29:15.076   359   419 I chatty  : uid=0(root) expire 4 lines
05-20 00:29:15.158   359   420 I chatty  : uid=0(root) expire 4 lines
05-20 00:29:15.200   323   323 I chatty  : uid=0(root) expire 56 lines
05-20 00:29:15.224   359   362 I chatty  : uid=0(root) expire 36 lines
05-20 00:29:15.227   359   421 I chatty  : uid=0(root) expire 4 lines
05-20 00:29:15.249   359   359 I chatty  : uid=0(root) expire 54 lines
05-20 00:29:15.304   359   422 I chatty  : uid=0(root) expire 4 lines
05-20 00:29:15.376   359   423 I chatty  : uid=0(root) expire 4 lines
05-20 00:29:15.443   359   424 I chatty  : uid=0(root) expire 4 lines
05-20 00:29:15.519   359   425 I chatty  : uid=0(root) expire 4 lines
05-20 00:29:15.582   359   426 I chatty  : uid=0(root) expire 4 lines
05-20 00:29:15.647   359   427 I chatty  : uid=0(root) expire 4 lines
05-20 00:29:15.723   359   428 I chatty  : uid=0(root) expire 4 lines
05-20 00:29:15.799   359   429 I chatty  : uid=0(root) expire 4 lines
05-20 00:29:15.871   359   430 I chatty  : uid=0(root) expire 4 lines
05-20 00:29:15.947   359   431 I chatty  : uid=0(root) expire 4 lines
05-20 00:29:16.031   359   432 I chatty  : uid=0(root) expire 4 lines
05-20 00:29:16.096   359   433 I chatty  : uid=0(root) expire 4 lines
05-20 00:29:16.174   359   434 I chatty  : uid=0(root) expire 4 lines
05-20 00:29:16.244   359   435 I chatty  : uid=0(root) expire 4 lines
05-20 00:29:16.320   359   436 I chatty  : uid=0(root) expire 4 lines
05-20 00:29:16.402   359   437 I chatty  : uid=0(root) expire 4 lines
05-20 00:29:16.484   359   438 I chatty  : uid=0(root) expire 4 lines
05-20 00:29:16.520   323   323 I chatty  : uid=0(root) expire 100 lines
05-20 00:29:16.572   359   362 I chatty  : uid=0(root) expire 26 lines
05-20 00:29:16.574   359   439 I chatty  : uid=0(root) expire 4 lines
05-20 00:29:16.595   359   359 I chatty  : uid=0(root) expire 36 lines
05-20 00:29:16.642   359   440 I chatty  : uid=0(root) expire 4 lines
05-20 00:29:16.715   359   441 I chatty  : uid=0(root) expire 4 lines
05-20 00:29:16.783   359   442 I chatty  : uid=0(root) expire 4 lines
05-20 00:29:16.861   359   443 I chatty  : uid=0(root) expire 4 lines
05-20 00:29:16.939   359   444 I chatty  : uid=0(root) expire 4 lines
05-20 00:29:17.011   359   445 I chatty  : uid=0(root) expire 4 lines
05-20 00:29:17.098   359   446 I chatty  : uid=0(root) expire 4 lines
05-20 00:29:17.188   359   447 I chatty  : uid=0(root) expire 4 lines
05-20 00:29:17.264   359   448 I chatty  : uid=0(root) expire 4 lines
05-20 00:29:17.345   359   449 I chatty  : uid=0(root) expire 4 lines
05-20 00:29:17.410   359   450 I chatty  : uid=0(root) expire 4 lines
05-20 00:29:17.479   359   451 I chatty  : uid=0(root) expire 4 lines
05-20 00:29:17.484   323   323 I chatty  : uid=0(root) expire 60 lines
05-20 00:29:17.500   359   359 I chatty  : uid=0(root) expire 48 lines
05-20 00:29:17.551   359   362 I chatty  : uid=0(root) expire 32 lines
05-20 00:29:17.555   359   452 I chatty  : uid=0(root) expire 4 lines
05-20 00:29:17.618   359   453 I chatty  : uid=0(root) expire 4 lines
05-20 00:29:17.697   359   454 I chatty  : uid=0(root) expire 4 lines
05-20 00:29:17.766   359   455 I chatty  : uid=0(root) expire 4 lines
05-20 00:29:17.831   359   456 I chatty  : uid=0(root) expire 4 lines
05-20 00:29:17.894   359   457 I chatty  : uid=0(root) expire 4 lines
05-20 00:29:17.962   359   458 I chatty  : uid=0(root) expire 4 lines
05-20 00:29:18.031   359   459 I chatty  : uid=0(root) expire 4 lines
05-20 00:29:18.094   359   460 I chatty  : uid=0(root) expire 4 lines
05-20 00:29:18.160   359   461 I chatty  : uid=0(root) expire 4 lines
05-20 00:29:18.240   359   462 I chatty  : uid=0(root) expire 4 lines
05-20 00:29:18.325   359   463 I chatty  : uid=0(root) expire 4 lines
05-20 00:29:18.408   359   464 I chatty  : uid=0(root) expire 4 lines
05-20 00:29:18.479   359   465 I chatty  : uid=0(root) expire 4 lines
05-20 00:29:18.546   359   466 I chatty  : uid=0(root) expire 4 lines
05-20 00:29:18.614   359   467 I chatty  : uid=0(root) expire 4 lines
05-20 00:29:18.636   359   359 I chatty  : uid=0(root) expire 27 lines
05-20 00:29:18.676   359   362 I chatty  : uid=0(root) expire 18 lines
05-20 00:29:18.679   359   468 I chatty  : uid=0(root) expire 4 lines
05-20 00:29:18.763   359   469 I chatty  : uid=0(root) expire 4 lines
05-20 00:29:18.846   359   470 I chatty  : uid=0(root) expire 4 lines
05-20 00:29:18.880   323   323 I chatty  : uid=0(root) expire 111 lines
05-20 00:29:18.911   359   471 I chatty  : uid=0(root) expire 4 lines
05-20 00:29:18.986   359   472 I chatty  : uid=0(root) expire 4 lines
05-20 00:29:19.050   359   473 I chatty  : uid=0(root) expire 4 lines
05-20 00:29:19.114   359   474 I chatty  : uid=0(root) expire 4 lines
05-20 00:29:19.184   359   475 I chatty  : uid=0(root) expire 4 lines
05-20 00:29:19.249   359   476 I chatty  : uid=0(root) expire 4 lines
05-20 00:29:19.271   359   359 I chatty  : uid=0(root) expire 24 lines
05-20 00:29:19.328   359   362 I chatty  : uid=0(root) expire 16 lines
05-20 00:29:19.330   359   477 I chatty  : uid=0(root) expire 4 lines
05-20 00:29:19.344   323   323 I chatty  : uid=0(root) expire 148 lines
05-20 00:29:19.390   359   478 I chatty  : uid=0(root) expire 4 lines
05-20 00:29:19.454   359   479 I chatty  : uid=0(root) expire 4 lines
05-20 00:29:19.523   359   480 I chatty  : uid=0(root) expire 4 lines
05-20 00:29:19.594   359   481 I chatty  : uid=0(root) expire 4 lines
05-20 00:29:19.673   359   482 I chatty  : uid=0(root) expire 4 lines
05-20 00:29:19.752   359   483 I chatty  : uid=0(root) expire 4 lines
05-20 00:29:19.818   359   484 I chatty  : uid=0(root) expire 3 lines
05-20 00:29:19.840   359   484 I adbd    : UsbFfs: connection terminated: monitor thread finished
05-20 00:29:19.840   359   359 I adbd    : UsbFfs: already offline
05-20 00:29:19.840   359   359 I adbd    : destroying transport UsbFfs
05-20 00:29:19.840   359   359 I adbd    : UsbFfsConnection being destroyed
05-20 00:29:19.856   323   323 I recovery: type=1400 audit(0.0:3195): avc: denied { getattr } for path="/data/data/LeUnvOIPZkjApNt3zVQxjFw+OhJ" dev="mmcblk0p38" ino=1225 scontext=u:r:recovery:s0 tcontext=u:object_r:app_data_file:s0:c17,c258,c512,c768 tclass=dir permissive=1
05-20 00:29:19.856   323   323 I recovery: type=1400 audit(0.0:3196): avc: denied { read } for name="LeUnvOIPZkjApNt3zVQxjFw+OhJ" dev="mmcblk0p38" ino=1225 scontext=u:r:recovery:s0 tcontext=u:object_r:app_data_file:s0:c17,c258,c512,c768 tclass=dir permissive=1
05-20 00:29:19.856   323   323 I recovery: type=1400 audit(0.0:3197): avc: denied { open } for path="/data/data/LeUnvOIPZkjApNt3zVQxjFw+OhJ" dev="mmcblk0p38" ino=1225 scontext=u:r:recovery:s0 tcontext=u:object_r:app_data_file:s0:c17,c258,c512,c768 tclass=dir permissive=1
05-20 00:29:19.856   323   323 I recovery: type=1400 audit(0.0:3198): avc: denied { search } for name="LeUnvOIPZkjApNt3zVQxjFw+OhJ" dev="mmcblk0p38" ino=1225 scontext=u:r:recovery:s0 tcontext=u:object_r:app_data_file:s0:c17,c258,c512,c768 tclass=dir permissive=1
05-20 00:29:19.860   323   323 I recovery: type=1400 audit(0.0:3199): avc: denied { getattr } for path="/data/data/LeUnvOIPZkjApNt3zVQxjFw+OhJ/QR3+OvZGrytqQ7n1+sQyyB/_K+VW74UGKBo57KOvFY9W7vBhylFkfxnV/WAhZQy41H9TGUXci5bAA3fIperK/lLD4tRj8QCzs9KqRmaR2aeEfgWA" dev="mmcblk0p38" ino=483 scontext=u:r:recovery:s0 tcontext=u:object_r:app_data_file:s0:c17,c258,c512,c768 tclass=file permissive=1
05-20 00:29:19.880   359   362 I adbd    : opening control endpoint /dev/usb-ffs/adb/ep0
05-20 00:29:19.882   359   362 I adbd    : UsbFfsConnection constructed
05-20 00:29:19.883   359   485 I adbd    : UsbFfs-monitor thread spawned
05-20 00:29:19.888   359   485 I adbd    : USB event: FUNCTIONFS_BIND
05-20 00:29:19.896   323   323 I recovery: type=1400 audit(0.0:3200): avc: denied { getattr } for path="/data/data/MXQAsFxMABb7As7bKaNxTalk1BJu6HTQt++1L7wWUhB" dev="mmcblk0p38" ino=2616577 scontext=u:r:recovery:s0 tcontext=u:object_r:app_data_file:s0:c42,c257,c512,c768 tclass=dir permissive=1
05-20 00:29:19.896   323   323 I recovery: type=1400 audit(0.0:3201): avc: denied { read } for name="MXQAsFxMABb7As7bKaNxTalk1BJu6HTQt++1L7wWUhB" dev="mmcblk0p38" ino=2616577 scontext=u:r:recovery:s0 tcontext=u:object_r:app_data_file:s0:c42,c257,c512,c768 tclass=dir permissive=1
05-20 00:29:19.896   323   323 I recovery: type=1400 audit(0.0:3202): avc: denied { open } for path="/data/data/MXQAsFxMABb7As7bKaNxTalk1BJu6HTQt++1L7wWUhB" dev="mmcblk0p38" ino=2616577 scontext=u:r:recovery:s0 tcontext=u:object_r:app_data_file:s0:c42,c257,c512,c768 tclass=dir permissive=1
05-20 00:29:19.896   323   323 I recovery: type=1400 audit(0.0:3203): avc: denied { search } for name="MXQAsFxMABb7As7bKaNxTalk1BJu6HTQt++1L7wWUhB" dev="mmcblk0p38" ino=2616577 scontext=u:r:recovery:s0 tcontext=u:object_r:app_data_file:s0:c42,c257,c512,c768 tclass=dir permissive=1
05-20 00:29:19.900   323   323 I recovery: type=1400 audit(0.0:3204): avc: denied { getattr } for path="/data/data/yitUoS1epKM5jTeek1QKZblk1BJu6HTQt++1LD" dev="mmcblk0p38" ino=2485599 scontext=u:r:recovery:s0 tcontext=u:object_r:app_data_file:s0:c32,c257,c512,c768 tclass=dir permissive=1
05-20 00:29:19.900   323   323 I recovery: type=1400 audit(0.0:3205): avc: denied { read } for name="yitUoS1epKM5jTeek1QKZblk1BJu6HTQt++1LD" dev="mmcblk0p38" ino=2485599 scontext=u:r:recovery:s0 tcontext=u:object_r:app_data_file:s0:c32,c257,c512,c768 tclass=dir permissive=1
05-20 00:29:19.900   323   323 I recovery: type=1400 audit(0.0:3206): avc: denied { open } for path="/data/data/yitUoS1epKM5jTeek1QKZblk1BJu6HTQt++1LD" dev="mmcblk0p38" ino=2485599 scontext=u:r:recovery:s0 tcontext=u:object_r:app_data_file:s0:c32,c257,c512,c768 tclass=dir permissive=1
05-20 00:29:19.900   323   323 I recovery: type=1400 audit(0.0:3207): avc: denied { search } for name="yitUoS1epKM5jTeek1QKZblk1BJu6HTQt++1LD" dev="mmcblk0p38" ino=2485599 scontext=u:r:recovery:s0 tcontext=u:object_r:app_data_file:s0:c32,c257,c512,c768 tclass=dir permissive=1
05-20 00:29:19.904   323   323 I recovery: type=1400 audit(0.0:3208): avc: denied { getattr } for path="/data/data/eRr6ONo65jw0t0zhB9IKD3ZKlql46HtyXK44mC" dev="mmcblk0p38" ino=2487211 scontext=u:r:recovery:s0 tcontext=u:object_r:app_data_file:s0:c16,c258,c512,c768 tclass=dir permissive=1
05-20 00:29:19.904   323   323 I recovery: type=1400 audit(0.0:3209): avc: denied { read } for name="eRr6ONo65jw0t0zhB9IKD3ZKlql46HtyXK44mC" dev="mmcblk0p38" ino=2487211 scontext=u:r:recovery:s0 tcontext=u:object_r:app_data_file:s0:c16,c258,c512,c768 tclass=dir permissive=1
05-20 00:29:19.904   323   323 I recovery: type=1400 audit(0.0:3210): avc: denied { open } for path="/data/data/eRr6ONo65jw0t0zhB9IKD3ZKlql46HtyXK44mC" dev="mmcblk0p38" ino=2487211 scontext=u:r:recovery:s0 tcontext=u:object_r:app_data_file:s0:c16,c258,c512,c768 tclass=dir permissive=1
05-20 00:29:19.904   323   323 I recovery: type=1400 audit(0.0:3211): avc: denied { search } for name="eRr6ONo65jw0t0zhB9IKD3ZKlql46HtyXK44mC" dev="mmcblk0p38" ino=2487211 scontext=u:r:recovery:s0 tcontext=u:object_r:app_data_file:s0:c16,c258,c512,c768 tclass=dir permissive=1
05-20 00:29:19.904   359   485 I adbd    : USB event: FUNCTIONFS_UNBIND
05-20 00:29:19.904   359   485 I adbd    : UsbFfs: connection terminated: monitor thread finished
05-20 00:29:19.904   359   359 I adbd    : UsbFfs: already offline
05-20 00:29:19.904   359   359 I adbd    : destroying transport UsbFfs
05-20 00:29:19.904   359   359 I adbd    : UsbFfsConnection being destroyed
05-20 00:29:19.944   359   362 I adbd    : opening control endpoint /dev/usb-ffs/adb/ep0
05-20 00:29:19.946   359   362 I adbd    : UsbFfsConnection constructed
05-20 00:29:19.946   359   486 I adbd    : UsbFfs-monitor thread spawned
05-20 00:29:19.952   359   486 I adbd    : USB event: FUNCTIONFS_BIND
05-20 00:29:19.972   359   486 I adbd    : USB event: FUNCTIONFS_UNBIND
05-20 00:29:19.972   359   486 I adbd    : UsbFfs: connection terminated: monitor thread finished
05-20 00:29:19.972   359   359 I adbd    : UsbFfs: already offline
05-20 00:29:19.972   359   359 I adbd    : destroying transport UsbFfs
05-20 00:29:19.972   359   359 I adbd    : UsbFfsConnection being destroyed
05-20 00:29:20.020   359   362 I adbd    : opening control endpoint /dev/usb-ffs/adb/ep0
05-20 00:29:20.022   359   362 I adbd    : UsbFfsConnection constructed
05-20 00:29:20.022   359   487 I adbd    : UsbFfs-monitor thread spawned
05-20 00:29:20.031   359   487 I adbd    : USB event: FUNCTIONFS_BIND
05-20 00:29:20.047   359   487 I adbd    : USB event: FUNCTIONFS_UNBIND
05-20 00:29:20.047   359   487 I adbd    : UsbFfs: connection terminated: monitor thread finished
05-20 00:29:20.048   359   359 I adbd    : UsbFfs: already offline
05-20 00:29:20.048   359   359 I adbd    : destroying transport UsbFfs
05-20 00:29:20.048   359   359 I adbd    : UsbFfsConnection being destroyed
05-20 00:29:20.099   359   362 I adbd    : opening control endpoint /dev/usb-ffs/adb/ep0
05-20 00:29:20.101   359   362 I adbd    : UsbFfsConnection constructed
05-20 00:29:20.102   359   488 I adbd    : UsbFfs-monitor thread spawned
05-20 00:29:20.107   359   488 I adbd    : USB event: FUNCTIONFS_BIND
05-20 00:29:20.123   359   488 I adbd    : USB event: FUNCTIONFS_UNBIND
05-20 00:29:20.123   359   488 I adbd    : UsbFfs: connection terminated: monitor thread finished
05-20 00:29:20.123   359   359 I adbd    : UsbFfs: already offline
05-20 00:29:20.123   359   359 I adbd    : destroying transport UsbFfs
05-20 00:29:20.123   359   359 I adbd    : UsbFfsConnection being destroyed
05-20 00:29:20.168   359   362 I adbd    : opening control endpoint /dev/usb-ffs/adb/ep0
05-20 00:29:20.171   359   362 I adbd    : UsbFfsConnection constructed
05-20 00:29:20.172   359   489 I adbd    : UsbFfs-monitor thread spawned
05-20 00:29:20.179   359   489 I adbd    : USB event: FUNCTIONFS_BIND
05-20 00:29:20.195   359   489 I adbd    : USB event: FUNCTIONFS_UNBIND
05-20 00:29:20.195   359   489 I adbd    : UsbFfs: connection terminated: monitor thread finished
05-20 00:29:20.196   359   359 I adbd    : UsbFfs: already offline
05-20 00:29:20.196   359   359 I adbd    : destroying transport UsbFfs
05-20 00:29:20.196   359   359 I adbd    : UsbFfsConnection being destroyed
05-20 00:29:20.238   359   362 I adbd    : opening control endpoint /dev/usb-ffs/adb/ep0
05-20 00:29:20.240   359   362 I adbd    : UsbFfsConnection constructed
05-20 00:29:20.241   359   490 I adbd    : UsbFfs-monitor thread spawned
05-20 00:29:20.248   359   490 I adbd    : USB event: FUNCTIONFS_BIND
05-20 00:29:20.263   359   490 I adbd    : USB event: FUNCTIONFS_UNBIND
05-20 00:29:20.263   359   490 I adbd    : UsbFfs: connection terminated: monitor thread finished
05-20 00:29:20.263   359   359 I adbd    : UsbFfs: already offline
05-20 00:29:20.263   359   359 I adbd    : destroying transport UsbFfs
05-20 00:29:20.263   359   359 I adbd    : UsbFfsConnection being destroyed
05-20 00:29:20.296   323   323 I recovery: type=1400 audit(0.0:3212): avc: denied { getattr } for path="/data/data/_oCiUWy61QlAxAlfn5PR46ylQYfUVgN0L" dev="mmcblk0p38" ino=2485776 scontext=u:r:recovery:s0 tcontext=u:object_r:app_data_file:s0:c255,c256,c512,c768 tclass=dir permissive=1
05-20 00:29:20.296   323   323 I recovery: type=1400 audit(0.0:3213): avc: denied { read } for name="_oCiUWy61QlAxAlfn5PR46ylQYfUVgN0L" dev="mmcblk0p38" ino=2485776 scontext=u:r:recovery:s0 tcontext=u:object_r:app_data_file:s0:c255,c256,c512,c768 tclass=dir permissive=1
05-20 00:29:20.296   323   323 I recovery: type=1400 audit(0.0:3214): avc: denied { open } for path="/data/data/_oCiUWy61QlAxAlfn5PR46ylQYfUVgN0L" dev="mmcblk0p38" ino=2485776 scontext=u:r:recovery:s0 tcontext=u:object_r:app_data_file:s0:c255,c256,c512,c768 tclass=dir permissive=1
05-20 00:29:20.296   323   323 I recovery: type=1400 audit(0.0:3215): avc: denied { search } for name="_oCiUWy61QlAxAlfn5PR46ylQYfUVgN0L" dev="mmcblk0p38" ino=2485776 scontext=u:r:recovery:s0 tcontext=u:object_r:app_data_file:s0:c255,c256,c512,c768 tclass=dir permissive=1
05-20 00:29:20.296   323   323 I recovery: type=1400 audit(0.0:3216): avc: denied { getattr } for path="/data/data/cHxQ7UI5yUWgbC3elKRjIC" dev="mmcblk0p38" ino=2490520 scontext=u:r:recovery:s0 tcontext=u:object_r:app_data_file:s0:c18,c258,c512,c768 tclass=dir permissive=1
05-20 00:29:20.296   323   323 I recovery: type=1400 audit(0.0:3217): avc: denied { read } for name="cHxQ7UI5yUWgbC3elKRjIC" dev="mmcblk0p38" ino=2490520 scontext=u:r:recovery:s0 tcontext=u:object_r:app_data_file:s0:c18,c258,c512,c768 tclass=dir permissive=1
05-20 00:29:20.296   323   323 I recovery: type=1400 audit(0.0:3218): avc: denied { open } for path="/data/data/cHxQ7UI5yUWgbC3elKRjIC" dev="mmcblk0p38" ino=2490520 scontext=u:r:recovery:s0 tcontext=u:object_r:app_data_file:s0:c18,c258,c512,c768 tclass=dir permissive=1
05-20 00:29:20.296   323   323 I recovery: type=1400 audit(0.0:3219): avc: denied { search } for name="cHxQ7UI5yUWgbC3elKRjIC" dev="mmcblk0p38" ino=2490520 scontext=u:r:recovery:s0 tcontext=u:object_r:app_data_file:s0:c18,c258,c512,c768 tclass=dir permissive=1
05-20 00:29:20.300   323   323 I recovery: type=1400 audit(0.0:3220): avc: denied { getattr } for path="/data/data/cHxQ7UI5yUWgbC3elKRjIC/Ch1a0xmP06BVEa6v9T5qRC/1b6jKqKza0tyUrkq+FyriD/Uj4hMNVkgdIkZefVE26xdC/HKlWHvZlwnyY5fJRTToEbA" dev="mmcblk0p38" ino=3145771 scontext=u:r:recovery:s0 tcontext=u:object_r:app_data_file:s0:c18,c258,c512,c768 tclass=file permissive=1
05-20 00:29:20.304   359   362 I adbd    : opening control endpoint /dev/usb-ffs/adb/ep0
05-20 00:29:20.306   359   362 I adbd    : UsbFfsConnection constructed
05-20 00:29:20.307   359   491 I adbd    : UsbFfs-monitor thread spawned
05-20 00:29:20.314   359   491 I adbd    : USB event: FUNCTIONFS_BIND
05-20 00:29:20.329   359   491 I adbd    : USB event: FUNCTIONFS_UNBIND
05-20 00:29:20.329   359   491 I adbd    : UsbFfs: connection terminated: monitor thread finished
05-20 00:29:20.329   359   359 I adbd    : UsbFfs: already offline
05-20 00:29:20.329   359   359 I adbd    : destroying transport UsbFfs
05-20 00:29:20.329   359   359 I adbd    : UsbFfsConnection being destroyed
05-20 00:29:20.384   359   362 I adbd    : opening control endpoint /dev/usb-ffs/adb/ep0
05-20 00:29:20.386   359   362 I adbd    : UsbFfsConnection constructed
05-20 00:29:20.387   359   492 I adbd    : UsbFfs-monitor thread spawned
05-20 00:29:20.392   323   323 I recovery: type=1400 audit(0.0:3221): avc: denied { getattr } for path="/data/data/_SX6HXe4VS9W708FNHCIM+CET9g7SyXA2" dev="mmcblk0p38" ino=2486136 scontext=u:r:recovery:s0 tcontext=u:object_r:app_data_file:s0:c102,c256,c512,c768 tclass=dir permissive=1
05-20 00:29:20.392   323   323 I recovery: type=1400 audit(0.0:3222): avc: denied { read } for name="_SX6HXe4VS9W708FNHCIM+CET9g7SyXA2" dev="mmcblk0p38" ino=2486136 scontext=u:r:recovery:s0 tcontext=u:object_r:app_data_file:s0:c102,c256,c512,c768 tclass=dir permissive=1
05-20 00:29:20.392   323   323 I recovery: type=1400 audit(0.0:3223): avc: denied { open } for path="/data/data/_SX6HXe4VS9W708FNHCIM+CET9g7SyXA2" dev="mmcblk0p38" ino=2486136 scontext=u:r:recovery:s0 tcontext=u:object_r:app_data_file:s0:c102,c256,c512,c768 tclass=dir permissive=1
05-20 00:29:20.392   323   323 I recovery: type=1400 audit(0.0:3224): avc: denied { search } for name="_SX6HXe4VS9W708FNHCIM+CET9g7SyXA2" dev="mmcblk0p38" ino=2486136 scontext=u:r:recovery:s0 tcontext=u:object_r:app_data_file:s0:c102,c256,c512,c768 tclass=dir permissive=1
05-20 00:29:20.394   359   492 I adbd    : USB event: FUNCTIONFS_BIND
05-20 00:29:20.396   323   323 I recovery: type=1400 audit(0.0:3225): avc: denied { getattr } for path="/data/data/_iIAIXahwmRdfgwVEvoEvXbL5LHKCh+vL" dev="mmcblk0p38" ino=2616411 scontext=u:r:recovery:s0 tcontext=u:object_r:app_data_file:s0:c195,c256,c512,c768 tclass=dir permissive=1
05-20 00:29:20.396   323   323 I recovery: type=1400 audit(0.0:3226): avc: denied { read } for name="_iIAIXahwmRdfgwVEvoEvXbL5LHKCh+vL" dev="mmcblk0p38" ino=2616411 scontext=u:r:recovery:s0 tcontext=u:object_r:app_data_file:s0:c195,c256,c512,c768 tclass=dir permissive=1
05-20 00:29:20.396   323   323 I recovery: type=1400 audit(0.0:3227): avc: denied { open } for path="/data/data/_iIAIXahwmRdfgwVEvoEvXbL5LHKCh+vL" dev="mmcblk0p38" ino=2616411 scontext=u:r:recovery:s0 tcontext=u:object_r:app_data_file:s0:c195,c256,c512,c768 tclass=dir permissive=1
05-20 00:29:20.396   323   323 I recovery: type=1400 audit(0.0:3228): avc: denied { search } for name="_iIAIXahwmRdfgwVEvoEvXbL5LHKCh+vL" dev="mmcblk0p38" ino=2616411 scontext=u:r:recovery:s0 tcontext=u:object_r:app_data_file:s0:c195,c256,c512,c768 tclass=dir permissive=1
05-20 00:29:20.400   323   323 I recovery: type=1400 audit(0.0:3229): avc: denied { getattr } for path="/data/data/_WKAUXScmy6dwLmgwcDH5+a+a5WqA6J6B" dev="mmcblk0p38" ino=2486049 scontext=u:r:recovery:s0 tcontext=u:object_r:app_data_file:s0:c147,c256,c512,c768 tclass=dir permissive=1
05-20 00:29:20.400   323   323 I recovery: type=1400 audit(0.0:3230): avc: denied { read } for name="_WKAUXScmy6dwLmgwcDH5+a+a5WqA6J6B" dev="mmcblk0p38" ino=2486049 scontext=u:r:recovery:s0 tcontext=u:object_r:app_data_file:s0:c147,c256,c512,c768 tclass=dir permissive=1
05-20 00:29:20.400   323   323 I recovery: type=1400 audit(0.0:3231): avc: denied { open } for path="/data/data/_WKAUXScmy6dwLmgwcDH5+a+a5WqA6J6B" dev="mmcblk0p38" ino=2486049 scontext=u:r:recovery:s0 tcontext=u:object_r:app_data_file:s0:c147,c256,c512,c768 tclass=dir permissive=1
05-20 00:29:20.400   323   323 I recovery: type=1400 audit(0.0:3232): avc: denied { search } for name="_WKAUXScmy6dwLmgwcDH5+a+a5WqA6J6B" dev="mmcblk0p38" ino=2486049 scontext=u:r:recovery:s0 tcontext=u:object_r:app_data_file:s0:c147,c256,c512,c768 tclass=dir permissive=1
05-20 00:29:20.400   323   323 I recovery: type=1400 audit(0.0:3233): avc: denied { getattr } for path="/data/data/_gOdZXWoZl,khjVezGUypXwdE5,w+hRV2" dev="mmcblk0p38" ino=2616844 scontext=u:r:recovery:s0 tcontext=u:object_r:app_data_file:s0:c249,c256,c512,c768 tclass=dir permissive=1
05-20 00:29:20.400   323   323 I recovery: type=1400 audit(0.0:3234): avc: denied { read } for name="_gOdZXWoZl,khjVezGUypXwdE5,w+hRV2" dev="mmcblk0p38" ino=2616844 scontext=u:r:recovery:s0 tcontext=u:object_r:app_data_file:s0:c249,c256,c512,c768 tclass=dir permissive=1
05-20 00:29:20.400   323   323 I recovery: type=1400 audit(0.0:3235): avc: denied { open } for path="/data/data/_gOdZXWoZl,khjVezGUypXwdE5,w+hRV2" dev="mmcblk0p38" ino=2616844 scontext=u:r:recovery:s0 tcontext=u:object_r:app_data_file:s0:c249,c256,c512,c768 tclass=dir permissive=1
05-20 00:29:20.400   323   323 I recovery: type=1400 audit(0.0:3236): avc: denied { search } for name="_gOdZXWoZl,khjVezGUypXwdE5,w+hRV2" dev="mmcblk0p38" ino=2616844 scontext=u:r:recovery:s0 tcontext=u:object_r:app_data_file:s0:c249,c256,c512,c768 tclass=dir permissive=1
05-20 00:29:20.404   323   323 I recovery: type=1400 audit(0.0:3237): avc: denied { getattr } for path="/data/data/_g3I5X2D6vlRBNFpqwze74Tlw87yjYVxe" dev="mmcblk0p38" ino=2485914 scontext=u:r:recovery:s0 tcontext=u:object_r:app_data_file:s0:c140,c257,c512,c768 tclass=dir permissive=1
05-20 00:29:20.404   323   323 I recovery: type=1400 audit(0.0:3238): avc: denied { read } for name="_g3I5X2D6vlRBNFpqwze74Tlw87yjYVxe" dev="mmcblk0p38" ino=2485914 scontext=u:r:recovery:s0 tcontext=u:object_r:app_data_file:s0:c140,c257,c512,c768 tclass=dir permissive=1
05-20 00:29:20.404   323   323 I recovery: type=1400 audit(0.0:3239): avc: denied { open } for path="/data/data/_g3I5X2D6vlRBNFpqwze74Tlw87yjYVxe" dev="mmcblk0p38" ino=2485914 scontext=u:r:recovery:s0 tcontext=u:object_r:app_data_file:s0:c140,c257,c512,c768 tclass=dir permissive=1
05-20 00:29:20.404   323   323 I recovery: type=1400 audit(0.0:3240): avc: denied { search } for name="_g3I5X2D6vlRBNFpqwze74Tlw87yjYVxe" dev="mmcblk0p38" ino=2485914 scontext=u:r:recovery:s0 tcontext=u:object_r:app_data_file:s0:c140,c257,c512,c768 tclass=dir permissive=1
05-20 00:29:20.408   323   323 I recovery: type=1400 audit(0.0:3241): avc: denied { getattr } for path="/data/data/_UbkEZmo+BKKAvSlw2wxs6bY8JRpwZiSY" dev="mmcblk0p38" ino=785677 scontext=u:r:recovery:s0 tcontext=u:object_r:app_data_file:s0:c39,c258,c512,c768 tclass=dir permissive=1
05-20 00:29:20.408   323   323 I recovery: type=1400 audit(0.0:3242): avc: denied { read } for name="_UbkEZmo+BKKAvSlw2wxs6bY8JRpwZiSY" dev="mmcblk0p38" ino=785677 scontext=u:r:recovery:s0 tcontext=u:object_r:app_data_file:s0:c39,c258,c512,c768 tclass=dir permissive=1
05-20 00:29:20.408   323   323 I recovery: type=1400 audit(0.0:3243): avc: denied { open } for path="/data/data/_UbkEZmo+BKKAvSlw2wxs6bY8JRpwZiSY" dev="mmcblk0p38" ino=785677 scontext=u:r:recovery:s0 tcontext=u:object_r:app_data_file:s0:c39,c258,c512,c768 tclass=dir permissive=1
05-20 00:29:20.408   323   323 I recovery: type=1400 audit(0.0:3244): avc: denied { search } for name="_UbkEZmo+BKKAvSlw2wxs6bY8JRpwZiSY" dev="mmcblk0p38" ino=785677 scontext=u:r:recovery:s0 tcontext=u:object_r:app_data_file:s0:c39,c258,c512,c768 tclass=dir permissive=1
05-20 00:29:20.408   323   323 I recovery: type=1400 audit(0.0:3245): avc: denied { getattr } for path="/data/data/_UbkEZmo+BKKAvSlw2wxs6bY8JRpwZiSY/sHgSbjy2WgPJX424FnrXAC/N0TsGO,YYQiVGW2Fc0NcgC" dev="mmcblk0p38" ino=786107 scontext=u:r:recovery:s0 tcontext=u:object_r:app_data_file:s0:c39,c258,c512,c768 tclass=file permissive=1
05-20 00:29:20.409   359   492 I adbd    : USB event: FUNCTIONFS_UNBIND
05-20 00:29:20.409   359   492 I adbd    : UsbFfs: connection terminated: monitor thread finished
05-20 00:29:20.409   359   359 I adbd    : UsbFfs: already offline
05-20 00:29:20.409   359   359 I adbd    : destroying transport UsbFfs
05-20 00:29:20.409   359   359 I adbd    : UsbFfsConnection being destroyed
05-20 00:29:20.428   323   323 I recovery: type=1400 audit(0.0:3246): avc: denied { getattr } for path="/data/data/oK5dfV,JPv9I2PtIcODwDblk1BJu6HTQt++1L7wWUhB" dev="mmcblk0p38" ino=2485845 scontext=u:r:recovery:s0 tcontext=u:object_r:app_data_file:s0:c48,c257,c512,c768 tclass=dir permissive=1
05-20 00:29:20.428   323   323 I recovery: type=1400 audit(0.0:3247): avc: denied { read } for name="oK5dfV,JPv9I2PtIcODwDblk1BJu6HTQt++1L7wWUhB" dev="mmcblk0p38" ino=2485845 scontext=u:r:recovery:s0 tcontext=u:object_r:app_data_file:s0:c48,c257,c512,c768 tclass=dir permissive=1
05-20 00:29:20.428   323   323 I recovery: type=1400 audit(0.0:3248): avc: denied { open } for path="/data/data/oK5dfV,JPv9I2PtIcODwDblk1BJu6HTQt++1L7wWUhB" dev="mmcblk0p38" ino=2485845 scontext=u:r:recovery:s0 tcontext=u:object_r:app_data_file:s0:c48,c257,c512,c768 tclass=dir permissive=1
05-20 00:29:20.428   323   323 I recovery: type=1400 audit(0.0:3249): avc: denied { search } for name="oK5dfV,JPv9I2PtIcODwDblk1BJu6HTQt++1L7wWUhB" dev="mmcblk0p38" ino=2485845 scontext=u:r:recovery:s0 tcontext=u:object_r:app_data_file:s0:c48,c257,c512,c768 tclass=dir permissive=1
05-20 00:29:20.436   323   323 I recovery: type=1400 audit(0.0:3250): avc: denied { getattr } for path="/data/data/_KRxudiZzZQzoKEJqUJmUcL1DBZ45CLoO" dev="mmcblk0p38" ino=2616712 scontext=u:r:recovery:s0 tcontext=u:object_r:app_data_file:s0:c17,c256,c512,c768 tclass=dir permissive=1
05-20 00:29:20.436   323   323 I recovery: type=1400 audit(0.0:3251): avc: denied { read } for name="_KRxudiZzZQzoKEJqUJmUcL1DBZ45CLoO" dev="mmcblk0p38" ino=2616712 scontext=u:r:recovery:s0 tcontext=u:object_r:app_data_file:s0:c17,c256,c512,c768 tclass=dir permissive=1
05-20 00:29:20.436   323   323 I recovery: type=1400 audit(0.0:3252): avc: denied { open } for path="/data/data/_KRxudiZzZQzoKEJqUJmUcL1DBZ45CLoO" dev="mmcblk0p38" ino=2616712 scontext=u:r:recovery:s0 tcontext=u:object_r:app_data_file:s0:c17,c256,c512,c768 tclass=dir permissive=1
05-20 00:29:20.436   323   323 I recovery: type=1400 audit(0.0:3253): avc: denied { search } for name="_KRxudiZzZQzoKEJqUJmUcL1DBZ45CLoO" dev="mmcblk0p38" ino=2616712 scontext=u:r:recovery:s0 tcontext=u:object_r:app_data_file:s0:c17,c256,c512,c768 tclass=dir permissive=1
05-20 00:29:20.440   323   323 I recovery: type=1400 audit(0.0:3254): avc: denied { getattr } for path="/data/data/_scd7dCeODe3,TkhWpyPvCGoeMpuVvn3o" dev="mmcblk0p38" ino=2485734 scontext=u:r:recovery:s0 tcontext=u:object_r:app_data_file:s0:c51,c256,c512,c768 tclass=dir permissive=1
05-20 00:29:20.440   323   323 I recovery: type=1400 audit(0.0:3255): avc: denied { read } for name="_scd7dCeODe3,TkhWpyPvCGoeMpuVvn3o" dev="mmcblk0p38" ino=2485734 scontext=u:r:recovery:s0 tcontext=u:object_r:app_data_file:s0:c51,c256,c512,c768 tclass=dir permissive=1
05-20 00:29:20.440   323   323 I recovery: type=1400 audit(0.0:3256): avc: denied { open } for path="/data/data/_scd7dCeODe3,TkhWpyPvCGoeMpuVvn3o" dev="mmcblk0p38" ino=2485734 scontext=u:r:recovery:s0 tcontext=u:object_r:app_data_file:s0:c51,c256,c512,c768 tclass=dir permissive=1
05-20 00:29:20.440   323   323 I recovery: type=1400 audit(0.0:3257): avc: denied { search } for name="_scd7dCeODe3,TkhWpyPvCGoeMpuVvn3o" dev="mmcblk0p38" ino=2485734 scontext=u:r:recovery:s0 tcontext=u:object_r:app_data_file:s0:c51,c256,c512,c768 tclass=dir permissive=1
05-20 00:29:20.444   323   323 I recovery: type=1400 audit(0.0:3258): avc: denied { getattr } for path="/data/data/ojRo2el48FBm,hoWqWclI,KQfM1Z05xV" dev="mmcblk0p38" ino=2747259 scontext=u:r:recovery:s0 tcontext=u:object_r:app_data_file:s0:c248,c257,c512,c768 tclass=dir permissive=1
05-20 00:29:20.444   323   323 I recovery: type=1400 audit(0.0:3259): avc: denied { read } for name="ojRo2el48FBm,hoWqWclI,KQfM1Z05xV" dev="mmcblk0p38" ino=2747259 scontext=u:r:recovery:s0 tcontext=u:object_r:app_data_file:s0:c248,c257,c512,c768 tclass=dir permissive=1
05-20 00:29:20.444   323   323 I recovery: type=1400 audit(0.0:3260): avc: denied { open } for path="/data/data/ojRo2el48FBm,hoWqWclI,KQfM1Z05xV" dev="mmcblk0p38" ino=2747259 scontext=u:r:recovery:s0 tcontext=u:object_r:app_data_file:s0:c248,c257,c512,c768 tclass=dir permissive=1
05-20 00:29:20.444   323   323 I recovery: type=1400 audit(0.0:3261): avc: denied { search } for name="ojRo2el48FBm,hoWqWclI,KQfM1Z05xV" dev="mmcblk0p38" ino=2747259 scontext=u:r:recovery:s0 tcontext=u:object_r:app_data_file:s0:c248,c257,c512,c768 tclass=dir permissive=1
05-20 00:29:20.444   323   323 I recovery: type=1400 audit(0.0:3262): avc: denied { getattr } for path="/data/data/sA6NYz,iux9,X4VpEaHHoZlk1BJu6HTQt++1LD" dev="mmcblk0p38" ino=2616492 scontext=u:r:recovery:s0 tcontext=u:object_r:app_data_file:s0:c77,c257,c512,c768 tclass=dir permissive=1
05-20 00:29:20.444   323   323 I recovery: type=1400 audit(0.0:3263): avc: denied { read } for name="sA6NYz,iux9,X4VpEaHHoZlk1BJu6HTQt++1LD" dev="mmcblk0p38" ino=2616492 scontext=u:r:recovery:s0 tcontext=u:object_r:app_data_file:s0:c77,c257,c512,c768 tclass=dir permissive=1
05-20 00:29:20.444   323   323 I recovery: type=1400 audit(0.0:3264): avc: denied { open } for path="/data/data/sA6NYz,iux9,X4VpEaHHoZlk1BJu6HTQt++1LD" dev="mmcblk0p38" ino=2616492 scontext=u:r:recovery:s0 tcontext=u:object_r:app_data_file:s0:c77,c257,c512,c768 tclass=dir permissive=1
05-20 00:29:20.444   323   323 I recovery: type=1400 audit(0.0:3265): avc: denied { search } for name="sA6NYz,iux9,X4VpEaHHoZlk1BJu6HTQt++1LD" dev="mmcblk0p38" ino=2616492 scontext=u:r:recovery:s0 tcontext=u:object_r:app_data_file:s0:c77,c257,c512,c768 tclass=dir permissive=1
05-20 00:29:20.448   323   323 I recovery: type=1400 audit(0.0:3266): avc: denied { getattr } for path="/data/data/_4hAteOyP4rv0wxqky0IwjulJG88W82HW" dev="mmcblk0p38" ino=2485773 scontext=u:r:recovery:s0 tcontext=u:object_r:app_data_file:s0:c92,c256,c512,c768 tclass=dir permissive=1
05-20 00:29:20.448   323   323 I recovery: type=1400 audit(0.0:3267): avc: denied { read } for name="_4hAteOyP4rv0wxqky0IwjulJG88W82HW" dev="mmcblk0p38" ino=2485773 scontext=u:r:recovery:s0 tcontext=u:object_r:app_data_file:s0:c92,c256,c512,c768 tclass=dir permissive=1
05-20 00:29:20.448   323   323 I recovery: type=1400 audit(0.0:3268): avc: denied { open } for path="/data/data/_4hAteOyP4rv0wxqky0IwjulJG88W82HW" dev="mmcblk0p38" ino=2485773 scontext=u:r:recovery:s0 tcontext=u:object_r:app_data_file:s0:c92,c256,c512,c768 tclass=dir permissive=1
05-20 00:29:20.448   323   323 I recovery: type=1400 audit(0.0:3269): avc: denied { search } for name="_4hAteOyP4rv0wxqky0IwjulJG88W82HW" dev="mmcblk0p38" ino=2485773 scontext=u:r:recovery:s0 tcontext=u:object_r:app_data_file:s0:c92,c256,c512,c768 tclass=dir permissive=1
05-20 00:29:20.452   323   323 I recovery: type=1400 audit(0.0:3270): avc: denied { getattr } for path="/data/data/_6IM8fe3JrjcxdCMJtvAC4zNyzQmGYEYo" dev="mmcblk0p38" ino=2486007 scontext=u:r:recovery:s0 tcontext=u:object_r:app_data_file:s0:c61,c256,c512,c768 tclass=dir permissive=1
05-20 00:29:20.452   323   323 I recovery: type=1400 audit(0.0:3271): avc: denied { read } for name="_6IM8fe3JrjcxdCMJtvAC4zNyzQmGYEYo" dev="mmcblk0p38" ino=2486007 scontext=u:r:recovery:s0 tcontext=u:object_r:app_data_file:s0:c61,c256,c512,c768 tclass=dir permissive=1
05-20 00:29:20.452   323   323 I recovery: type=1400 audit(0.0:3272): avc: denied { open } for path="/data/data/_6IM8fe3JrjcxdCMJtvAC4zNyzQmGYEYo" dev="mmcblk0p38" ino=2486007 scontext=u:r:recovery:s0 tcontext=u:object_r:app_data_file:s0:c61,c256,c512,c768 tclass=dir permissive=1
05-20 00:29:20.452   323   323 I recovery: type=1400 audit(0.0:3273): avc: denied { search } for name="_6IM8fe3JrjcxdCMJtvAC4zNyzQmGYEYo" dev="mmcblk0p38" ino=2486007 scontext=u:r:recovery:s0 tcontext=u:object_r:app_data_file:s0:c61,c256,c512,c768 tclass=dir permissive=1
05-20 00:29:20.456   323   323 I recovery: type=1400 audit(0.0:3274): avc: denied { getattr } for path="/data/data/O0kwylok1HOGC92fTaNZ0alk1BJu6HTQt++1L7wWUhB" dev="mmcblk0p38" ino=2616976 scontext=u:r:recovery:s0 tcontext=u:object_r:app_data_file:s0:c39,c257,c512,c768 tclass=dir permissive=1
05-20 00:29:20.456   323   323 I recovery: type=1400 audit(0.0:3275): avc: denied { read } for name="O0kwylok1HOGC92fTaNZ0alk1BJu6HTQt++1L7wWUhB" dev="mmcblk0p38" ino=2616976 scontext=u:r:recovery:s0 tcontext=u:object_r:app_data_file:s0:c39,c257,c512,c768 tclass=dir permissive=1
05-20 00:29:20.456   323   323 I recovery: type=1400 audit(0.0:3276): avc: denied { open } for path="/data/data/O0kwylok1HOGC92fTaNZ0alk1BJu6HTQt++1L7wWUhB" dev="mmcblk0p38" ino=2616976 scontext=u:r:recovery:s0 tcontext=u:object_r:app_data_file:s0:c39,c257,c512,c768 tclass=dir permissive=1
