05-13 16:19:33.458  1233  1251 D ActivityManagerTiming: OnBootPhase_1000_com.android.server.emergency.EmergencyAffordanceService
05-13 16:19:33.458  1233  1251 D ActivityManagerTiming: OnBootPhase_1000_com.android.server.blob.BlobStoreManagerService
05-13 16:19:33.459  1233  1251 D ActivityManagerTiming: OnBootPhase_1000_com.android.server.dreams.DreamManagerService
05-13 16:19:33.459  1233  1251 D ActivityManagerTiming: OnBootPhase_1000_com.android.server.print.PrintManagerService
05-13 16:19:33.459  1233  1251 D ActivityManagerTiming: OnBootPhase_1000_com.android.server.security.AttestationVerificationManagerService
05-13 16:19:33.459  1233  1251 D ActivityManagerTiming: OnBootPhase_1000_com.android.server.companion.CompanionDeviceManagerService
05-13 16:19:33.460  1233  1251 I CompanionDeviceManagerService: Scheduling the Association Removal job
05-13 16:19:33.460  1233  1251 D ActivityManagerTiming: OnBootPhase_1000_com.android.server.companion.virtual.VirtualDeviceManagerService
05-13 16:19:33.460  1233  1251 D ActivityManagerTiming: OnBootPhase_1000_com.android.server.restrictions.RestrictionsManagerService
05-13 16:19:33.460  1233  1251 D ActivityManagerTiming: OnBootPhase_1000_com.android.server.media.MediaSessionService
05-13 16:19:33.462  1233  1251 D ActivityManagerTiming: OnBootPhase_1000_com.android.server.media.MediaResourceMonitorService
05-13 16:19:33.462  1233  1251 D ActivityManagerTiming: OnBootPhase_1000_com.android.server.biometrics.sensors.face.FaceService
05-13 16:19:33.462  1233  1251 D ActivityManagerTiming: OnBootPhase_1000_com.android.server.biometrics.sensors.fingerprint.FingerprintService
05-13 16:19:33.462  1233  1251 D ActivityManagerTiming: OnBootPhase_1000_com.android.server.biometrics.BiometricService
05-13 16:19:33.462  1233  1251 D ActivityManagerTiming: OnBootPhase_1000_com.android.server.biometrics.AuthService
05-13 16:19:33.462  1233  1251 D ActivityManagerTiming: OnBootPhase_1000_com.android.server.app.AppLockManagerService$Lifecycle
05-13 16:19:33.462  1233  1251 D ActivityManagerTiming: OnBootPhase_1000_com.android.server.pm.ShortcutService$Lifecycle
05-13 16:19:33.462  1233  1251 D ActivityManagerTiming: OnBootPhase_1000_com.android.server.pm.LauncherAppsService
05-13 16:19:33.462  1233  1251 D ActivityManagerTiming: OnBootPhase_1000_com.android.server.pm.CrossProfileAppsService
05-13 16:19:33.462  1233  1251 D ActivityManagerTiming: OnBootPhase_1000_com.android.server.pocket.PocketService
05-13 16:19:33.462  1233  1251 D ActivityManagerTiming: OnBootPhase_1000_com.android.server.people.PeopleService
05-13 16:19:33.462  1233  1251 D ActivityManagerTiming: OnBootPhase_1000_com.android.server.media.metrics.MediaMetricsManagerService
05-13 16:19:33.462  1233  1251 D ActivityManagerTiming: OnBootPhase_1000_com.android.server.derp.CustomDeviceConfigService
05-13 16:19:33.474  1233  1311 D CompatibilityChangeReporter: Compat change id reported: 218533173; UID 10496; state: ENABLED
05-13 16:19:33.482  1233  1260 I DropBoxManagerService: add tag=system_server_wtf isTagEnabled=true flags=0x2
05-13 16:19:33.492  1233  1311 D CompatibilityChangeReporter: Compat change id reported: 218533173; UID 10446; state: ENABLED
05-13 16:19:33.497  1233  1311 D CompatibilityChangeReporter: Compat change id reported: 218533173; UID 10447; state: ENABLED
05-13 16:19:33.498  1233  1311 D CompatibilityChangeReporter: Compat change id reported: 218533173; UID 10407; state: ENABLED
05-13 16:19:33.500  1233  1311 D CompatibilityChangeReporter: Compat change id reported: 218533173; UID 10427; state: ENABLED
05-13 16:19:33.504  1233  1311 D CompatibilityChangeReporter: Compat change id reported: 218533173; UID 10500; state: ENABLED
05-13 16:19:33.510  1233  1311 D CompatibilityChangeReporter: Compat change id reported: 171306433; UID 10449; state: ENABLED
05-13 16:19:33.510  1233  1311 D CompatibilityChangeReporter: Compat change id reported: 226439802; UID 10449; state: DISABLED
05-13 16:19:33.516  1233  1311 D CompatibilityChangeReporter: Compat change id reported: 218533173; UID 10511; state: DISABLED
05-13 16:19:33.545  1233  1251 W SystemServiceManager: Service com.android.server.derp.CustomDeviceConfigService took 83 ms in onBootPhase
05-13 16:19:33.545  1233  1251 D ActivityManagerTiming: OnBootPhase_1000_com.android.server.vibrator.LinearmotorVibratorService
05-13 16:19:33.545  1233  1251 D ActivityManagerTiming: OnBootPhase_1000_com.android.server.derp.LineageHardwareService
05-13 16:19:33.545  1233  1251 D ActivityManagerTiming: OnBootPhase_1000_com.android.server.derp.display.LiveDisplayService
05-13 16:19:33.557  1233  1251 D ActivityManagerTiming: OnBootPhase_1000_com.android.server.derp.health.HealthInterfaceService
05-13 16:19:33.557  1233  1251 D ActivityManagerTiming: OnBootPhase_1000_com.android.server.media.projection.MediaProjectionManagerService
05-13 16:19:33.557  1233  1251 D ActivityManagerTiming: OnBootPhase_1000_com.android.server.slice.SliceManagerService$Lifecycle
05-13 16:19:33.557  1233  1251 D ActivityManagerTiming: OnBootPhase_1000_com.android.server.stats.StatsCompanion$Lifecycle
05-13 16:19:33.557  1233  1251 D ActivityManagerTiming: OnBootPhase_1000_com.android.server.scheduling.RebootReadinessManagerService$Lifecycle
05-13 16:19:33.557  1233  1251 D ActivityManagerTiming: OnBootPhase_1000_com.android.server.stats.pull.StatsPullAtomService
05-13 16:19:33.557  1233  1251 D ActivityManagerTiming: OnBootPhase_1000_com.android.server.stats.bootstrap.StatsBootstrapAtomService$Lifecycle
05-13 16:19:33.557  1233  1251 D ActivityManagerTiming: OnBootPhase_1000_com.android.server.incident.IncidentCompanionService
05-13 16:19:33.557  1233  1251 D ActivityManagerTiming: OnBootPhase_1000_com.android.server.sdksandbox.SdkSandboxManagerService$Lifecycle
05-13 16:19:33.557  1233  1251 D ActivityManagerTiming: OnBootPhase_1000_com.android.server.adservices.AdServicesManagerService$Lifecycle
05-13 16:19:33.557  1233  1251 D ActivityManagerTiming: OnBootPhase_1000_com.android.server.MmsServiceBroker
05-13 16:19:33.557  1233  1251 D ActivityManagerTiming: OnBootPhase_1000_com.android.server.autofill.AutofillManagerService
05-13 16:19:33.557  1233  1251 D ActivityManagerTiming: OnBootPhase_1000_com.android.server.translation.TranslationManagerService
05-13 16:19:33.557  1233  1251 D ActivityManagerTiming: OnBootPhase_1000_com.android.server.clipboard.ClipboardService
05-13 16:19:33.557  1233  1251 D ActivityManagerTiming: OnBootPhase_1000_com.android.server.appbinding.AppBindingService$Lifecycle
05-13 16:19:33.557  1233  1251 D ActivityManagerTiming: OnBootPhase_1000_com.android.server.tracing.TracingServiceProxy
05-13 16:19:33.557  1233  1251 D ActivityManagerTiming: OnBootPhase_1000_com.android.server.policy.PermissionPolicyService
05-13 16:19:33.557  1233  1251 D ActivityManagerTiming: OnBootPhase_1000_com.android.server.pm.StagingManager$Lifecycle
05-13 16:19:33.558  1233  1233 D CompatibilityChangeReporter: Compat change id reported: 151105954; UID 1000; state: ENABLED
05-13 16:19:33.558  1233  1233 E AppOps  : attributionTag twilight not declared in manifest of android
05-13 16:19:33.558  1233  1251 D ActivityManagerTiming: OnBootPhase_1000_com.android.server.app.GameManagerService$Lifecycle
05-13 16:19:33.558  1233  1251 D GameManagerService: onBootCompleted
05-13 16:19:33.559  1233  1251 D ActivityManagerTiming: OnBootPhase_1000_com.android.safetycenter.SafetyCenterService
05-13 16:19:33.559  1233  1233 E AppOps  : attributionTag twilight not declared in manifest of android
05-13 16:19:33.559  1233  1251 D ActivityManagerTiming: OnBootPhase_1000_com.android.server.appsearch.AppSearchModule$Lifecycle
05-13 16:19:33.560  1233  1251 D ActivityManagerTiming: OnBootPhase_1000_com.android.server.media.MediaCommunicationService
05-13 16:19:33.560  1233  1233 E AppOps  : attributionTag twilight not declared in manifest of android
05-13 16:19:33.560  1233  1251 D ActivityManagerTiming: OnBootPhase_1000_com.android.server.compat.overrides.AppCompatOverridesService$Lifecycle
05-13 16:19:33.560  1233  1251 D ActivityManagerTiming: OnBootPhase_1000_com.android.server.derp.ParallelSpaceManagerService
05-13 16:19:33.560  1233  1251 V ActivityManagerTiming: TotalBootTime took to complete: 24165ms
05-13 16:19:33.560  1233  1251 D SystemServerInitThreadPool: Shutdown requested
05-13 16:19:33.560  1233  1251 D SystemServerTiming: WaitInitThreadPoolShutdown
05-13 16:19:33.561  1233  1251 D SystemServerInitThreadPool: Shutdown successful
05-13 16:19:33.561  1233  1233 E AppOps  : attributionTag twilight not declared in manifest of android
05-13 16:19:33.563  1233  1251 D CompatibilityChangeReporter: Compat change id reported: 135634846; UID 10455; state: DISABLED
05-13 16:19:33.563  1233  1251 D CompatibilityChangeReporter: Compat change id reported: 177438394; UID 10455; state: DISABLED
05-13 16:19:33.563  1233  1251 D CompatibilityChangeReporter: Compat change id reported: 135772972; UID 10455; state: DISABLED
05-13 16:19:33.563  1233  1251 D CompatibilityChangeReporter: Compat change id reported: 135754954; UID 10455; state: ENABLED
05-13 16:19:33.563  1233  1261 D CompatibilityChangeReporter: Compat change id reported: 143937733; UID 10455; state: ENABLED
05-13 16:19:33.566  1233  1251 I ActivityManager: User 0 state changed from BOOTING to RUNNING_LOCKED
05-13 16:19:33.566  1233  1251 W ActivityManager: UserLifecycleEvent 4 received without an active userJourneySession.
05-13 16:19:33.569  1233  1251 D StorageManagerService: unlockUserKey: 0 isFileEncryptedNativeOrEmulated: true hasSecret: false
05-13 16:19:33.570   397   397 D vold    : fscrypt_unlock_user_key 0 serial=0
05-13 16:19:33.572   397   397 D vold    : Trying user CE key /data/misc/vold/user_keys/ce/0/current
05-13 16:19:33.578  1233  2335 W StatsPullAtomService: error reading Bluetooth stats: 11
05-13 16:19:33.586   397   397 D vold    : Successfully retrieved key
05-13 16:19:33.588   397   397 D vold    : Added key 611535947 (ext4:24469ab8ecadfe47) to keyring 672859715 in process 397
05-13 16:19:33.588   397   397 D vold    : Added key 646031980 (f2fs:24469ab8ecadfe47) to keyring 672859715 in process 397
05-13 16:19:33.588   397   397 D vold    : Added key 556849490 (fscrypt:24469ab8ecadfe47) to keyring 672859715 in process 397
05-13 16:19:33.588   397   397 D vold    : Installed ce key for user 0
05-13 16:19:33.590  1233  1251 D SystemServerTiming: finishUserUnlocking-0
05-13 16:19:33.590  1233  1251 W ActivityManager: UserLifecycleEvent 5 received without an active userJourneySession.
05-13 16:19:33.590  1233  1251 D ActivityManager: Started unlocking user 0
05-13 16:19:33.590  1233  1251 D ActivityManager: Unlocking user 0 progress 0
05-13 16:19:33.590  1233  1251 D ActivityManager: Unlocking user 0 progress 5
05-13 16:19:33.591  1233  1248 D SystemServerTiming: UM.onBeforeUnlockUser-0
05-13 16:19:33.591  1233  1248 D SystemServerTiming: prepareUserData-0
05-13 16:19:33.591   397   397 D vold    : fscrypt_prepare_user_storage for volume null, user 0, serial 0, flags 2
05-13 16:19:33.591   397   397 D vold    : Preparing: /data/system_ce/0
05-13 16:19:33.591   397   397 D vold    : Preparing: /data/vendor_ce/0
05-13 16:19:33.593   397   397 D vold    : Preparing: /data/media/0
05-13 16:19:33.593  1233  1261 I ActivityManager: Start proc 2399:com.google.android.apps.wellbeing/u0a455 for on-hold
05-13 16:19:33.593  1233  1251 D ColorDisplayService: setUp: currentUser=0
05-13 16:19:33.594   397   397 D vold    : Preparing: /data/misc_ce/0
05-13 16:19:33.594   397   397 D vold    : Preparing: /data/data
05-13 16:19:33.594   397   397 I vold    : Verified that /data/system_ce/0 has the encryption policy 24469ab8ecadfe47 v1 modes 1/4 flags 0x0
05-13 16:19:33.594   397   397 I vold    : Verified that /data/vendor_ce/0 has the encryption policy 24469ab8ecadfe47 v1 modes 1/4 flags 0x0
05-13 16:19:33.594   397   397 I vold    : Verified that /data/media/0 has the encryption policy 24469ab8ecadfe47 v1 modes 1/4 flags 0x0
05-13 16:19:33.594   397   397 I vold    : Verified that /data/misc_ce/0 has the encryption policy 24469ab8ecadfe47 v1 modes 1/4 flags 0x0
05-13 16:19:33.594   397   397 I vold    : Verified that /data/data has the encryption policy 24469ab8ecadfe47 v1 modes 1/4 flags 0x0
05-13 16:19:33.594   397   397 D vold    : Starting restorecon of /data/system_ce/0
05-13 16:19:33.595  1233  2377 D CompatibilityChangeReporter: Compat change id reported: 171306433; UID 10499; state: ENABLED
05-13 16:19:33.596  1233  1251 D ColorDisplayService: onNightDisplayAutoModeChanged: autoMode=0
05-13 16:19:33.596  1233  1251 I ColorDisplayService: Turning off night display
05-13 16:19:33.597  1233  1251 D ColorDisplayService: Setting bright color reduction level: 50
05-13 16:19:33.597  1233  1251 I ColorDisplayService: Turning off reduce bright colors
05-13 16:19:33.597  1233  1276 I DisplayPowerController[0]: BrightnessEvent: disp=0, physDisp=local:0, brt=0.13716504, initBrt=0.13716504, rcmdBrt=0.13716504, preBrt=NaN, lux=130.0, preLux=0.0, hbmMax=1.0, hbmMode=off, rbcStrength=50, powerFactor=1.0, thrmMax=1.0, wasShortTermModelActive=false, flags=, reason=automatic, autoBrightness=true
05-13 16:19:33.598  1233  1276 I DisplayPowerController[0]: BrightnessEvent: disp=0, physDisp=local:0, brt=0.13716504, initBrt=0.13716504, rcmdBrt=0.13716504, preBrt=NaN, lux=130.0, preLux=0.0, hbmMax=1.0, hbmMode=off, rbcStrength=50, powerFactor=1.0, thrmMax=1.0, wasShortTermModelActive=false, flags=, reason=automatic, autoBrightness=true
05-13 16:19:33.599   397   397 D vold    : Finished restorecon of /data/system_ce/0
05-13 16:19:33.599   397   397 D vold    : Starting restorecon of /data/vendor_ce/0
05-13 16:19:33.601  1233  1299 D CompatibilityChangeReporter: Compat change id reported: 168419799; UID 10502; state: DISABLED
05-13 16:19:33.601  1233  1299 D CompatibilityChangeReporter: Compat change id reported: 273564678; UID 10502; state: DISABLED
05-13 16:19:33.602  1233  1233 I BrightnessSynchronizer: [3] New Update 0.13716504(f) set brightness values:  36(i)
05-13 16:19:33.602  1233  1233 I BrightnessSynchronizer: New PendingUpdate: {[4] 0.13716504(f), mUpdatedTypes=0, mConfirmedTypes=0, mTimeUpdated=0}, prev=null
05-13 16:19:33.602  1233  1233 I BrightnessSynchronizer: New PendingUpdate: {[5] 0.13716504(f), mUpdatedTypes=0, mConfirmedTypes=0, mTimeUpdated=0}, prev={[4] 0.13716504(f), mUpdatedTypes=0, mConfirmedTypes=0, mTimeUpdated=0}
05-13 16:19:33.604  1233  1233 I BrightnessSynchronizer: Swallowing update of 36(i) by update: {[3] 0.13716504(f), mUpdatedTypes=1, mConfirmedTypes=1, mTimeUpdated=39685}
05-13 16:19:33.604  1233  1233 I BrightnessSynchronizer: Completed Update: {[3] 0.13716504(f), mUpdatedTypes=1, mConfirmedTypes=1, mTimeUpdated=39685}
05-13 16:19:33.605   397   397 D vold    : Finished restorecon of /data/vendor_ce/0
05-13 16:19:33.605   397   397 D vold    : Starting restorecon of /data/misc_ce/0
05-13 16:19:33.606  1233  1299 D CompatibilityChangeReporter: Compat change id reported: 168419799; UID 10455; state: DISABLED
05-13 16:19:33.606  1233  1299 D CompatibilityChangeReporter: Compat change id reported: 273564678; UID 10455; state: DISABLED
05-13 16:19:33.607   397   397 D vold    : Finished restorecon of /data/misc_ce/0
05-13 16:19:33.607   397   397 D vold    : /system/bin/vold_prepare_subdirs
05-13 16:19:33.608   397   397 D vold    :     prepare
05-13 16:19:33.608   397   397 D vold    :     
05-13 16:19:33.608   397   397 D vold    :     0
05-13 16:19:33.608   397   397 D vold    :     2
05-13 16:19:33.673  1233  1248 V UserDataPreparer: Found /data/user/0 with serial number 0
05-13 16:19:33.673  1233  1248 V UserDataPreparer: Found /data/system_ce/0 with serial number 0
05-13 16:19:33.674  1233  1248 D UserDataPreparer: Setting property: sys.user.0.ce_available=true
05-13 16:19:33.676  1233  1248 D SystemServerTiming: reconcileAppsData-0
05-13 16:19:33.676  1233  1248 V PackageManager: reconcileAppsData for null u0 0x2 migrateAppData=false
05-13 16:19:33.695  1233  1248 W PackageManager: Skipping preparing app data for com.android.sdksandbox
05-13 16:19:33.738  1233  1276 I DisplayPowerController[0]: BrightnessEvent: disp=0, physDisp=local:0, brt=0.13716504, initBrt=0.13716504, rcmdBrt=0.13716504, preBrt=NaN, lux=130.0, preLux=0.0, hbmMax=1.0, hbmMode=off, rbcStrength=50, powerFactor=1.0, thrmMax=1.0, wasShortTermModelActive=false, flags=, reason=automatic, autoBrightness=true
05-13 16:19:33.811   437   447 E keystore2: keystore2::error: In read_keystore_crash_count: Property not set.
05-13 16:19:33.812  1233  1299 E StatsPullAtomService: pulling keystore metrics failed
05-13 16:19:33.812  1233  1299 E StatsPullAtomService: android.os.ServiceSpecificException: In read_keystore_crash_count: Property not set. (code 4)
05-13 16:19:33.812  1233  1299 E StatsPullAtomService: 	at android.os.Parcel.createExceptionOrNull(Parcel.java:3047)
05-13 16:19:33.812  1233  1299 E StatsPullAtomService: 	at android.os.Parcel.createException(Parcel.java:3017)
05-13 16:19:33.812  1233  1299 E StatsPullAtomService: 	at android.os.Parcel.readException(Parcel.java:3000)
05-13 16:19:33.812  1233  1299 E StatsPullAtomService: 	at android.os.Parcel.readException(Parcel.java:2942)
05-13 16:19:33.812  1233  1299 E StatsPullAtomService: 	at android.security.metrics.IKeystoreMetrics$Stub$Proxy.pullMetrics(IKeystoreMetrics.java:135)
05-13 16:19:33.812  1233  1299 E StatsPullAtomService: 	at com.android.server.stats.pull.StatsPullAtomService.pullKeystoreAtoms(StatsPullAtomService.java:4485)
05-13 16:19:33.812  1233  1299 E StatsPullAtomService: 	at com.android.server.stats.pull.StatsPullAtomService$StatsPullAtomCallbackImpl.onPullAtom(StatsPullAtomService.java:734)
05-13 16:19:33.812  1233  1299 E StatsPullAtomService: 	at android.app.StatsManager$PullAtomCallbackInternal.lambda$onPullAtom$0$android-app-StatsManager$PullAtomCallbackInternal(StatsManager.java:566)
05-13 16:19:33.812  1233  1299 E StatsPullAtomService: 	at android.app.StatsManager$PullAtomCallbackInternal$$ExternalSyntheticLambda0.run(Unknown Source:6)
05-13 16:19:33.812  1233  1299 E StatsPullAtomService: 	at com.android.internal.util.ConcurrentUtils$DirectExecutor.execute(ConcurrentUtils.java:141)
05-13 16:19:33.812  1233  1299 E StatsPullAtomService: 	at android.app.StatsManager$PullAtomCallbackInternal.onPullAtom(StatsManager.java:564)
05-13 16:19:33.812  1233  1299 E StatsPullAtomService: 	at android.os.IPullAtomCallback$Stub.onTransact(IPullAtomCallback.java:72)
05-13 16:19:33.812  1233  1299 E StatsPullAtomService: 	at android.os.Binder.execTransactInternal(Binder.java:1285)
05-13 16:19:33.812  1233  1299 E StatsPullAtomService: 	at android.os.Binder.execTransact(Binder.java:1244)
05-13 16:19:33.821  1233  1413 W StatsPullAtomService: error reading Bluetooth stats: 11
05-13 16:19:33.849  1233  1299 W StatsPullAtomService: Unable to read diskstats cache file within pullCategorySize
05-13 16:19:33.852  1233  1233 V ConditionProviders: 0 condition provider service connected: ComponentInfo{com.google.android.apps.wellbeing/com.google.android.apps.wellbeing.dnd.impl.DndConditionProviderService}
05-13 16:19:33.857  1233  1299 W ActivityManager: Unable to start service Intent { act=com.google.android.gms.phenotype.service.START pkg=com.google.android.gms } U=0: not found
05-13 16:19:33.857  1233  1413 D CompatibilityChangeReporter: Compat change id reported: 124107808; UID 1001; state: DISABLED
05-13 16:19:33.858  1233  1413 D CompatibilityChangeReporter: Compat change id reported: 124107808; UID 1001; state: ENABLED
05-13 16:19:33.858  1233  1299 W ActivityManager: Unbind failed: could not find connection for android.os.BinderProxy@4fed76b
05-13 16:19:33.878  1233  1413 W ActivityManager: Unable to start service Intent { act=com.google.android.gms.phenotype.service.START pkg=com.google.android.gms } U=0: not found
05-13 16:19:33.879  1233  1413 W ActivityManager: Unbind failed: could not find connection for android.os.BinderProxy@e450374
05-13 16:19:33.903  1233  1413 W ActivityManager: Unable to start service Intent { act=com.google.android.contextmanager.service.ContextManagerService.START pkg=com.google.android.gms } U=0: not found
05-13 16:19:33.904  1233  1413 W ActivityManager: Unbind failed: could not find connection for android.os.BinderProxy@5090999
05-13 16:19:34.032  1233  1299 D CompatibilityChangeReporter: Compat change id reported: 172251878; UID 10455; state: ENABLED
05-13 16:19:34.094  1233  1299 W ActivityManager: Unable to start service Intent { act=com.google.android.location.internal.GoogleLocationManagerService.START pkg=com.google.android.gms } U=0: not found
05-13 16:19:34.095  1233  1299 W ActivityManager: Unbind failed: could not find connection for android.os.BinderProxy@a0e0858
05-13 16:19:34.099  1233  1413 W ActivityManager: Unable to start service Intent { act=com.google.android.location.internal.GoogleLocationManagerService.START pkg=com.google.android.gms } U=0: not found
05-13 16:19:34.100  1233  1413 W ActivityManager: Unbind failed: could not find connection for android.os.BinderProxy@a948db1
05-13 16:19:34.104  1233  1413 W ActivityManager: Unable to start service Intent { act=com.google.android.contextmanager.service.ContextManagerService.START pkg=com.google.android.gms } U=0: not found
05-13 16:19:34.105  1233  1413 W ActivityManager: Unbind failed: could not find connection for android.os.BinderProxy@cb353ed
05-13 16:19:34.151  1233  1413 D WallpaperManagerService: WPMS.saveSettingsLocked-0
05-13 16:19:34.156  1233  1251 D ColorDisplayService: Setting saturation level: 100
05-13 16:19:34.158  1233  1413 D WallpaperManagerService: WPMS.saveSettingsLocked-0
05-13 16:19:34.194  1233  1251 D ColorDisplayService: Setting saturation level: 100
05-13 16:19:34.196  1233  1251 D ColorDisplayService: GlobalSaturationTintController Animation cancelled: true to matrix: 
05-13 16:19:34.196  1233  1251 D ColorDisplayService:        1.000000 0.000000 0.000000 0.000000 0.000000 1.000000 0.000000 0.000000 0.000000 0.000000 1.000000 0.000000 0.000000 0.000000 0.000000 1.000000 min matrix coefficients: 
05-13 16:19:34.196  1233  1251 D ColorDisplayService:        1.000000 0.000000 0.000000 0.000000 0.000000 1.000000 0.000000 0.000000 0.000000 0.000000 1.000000 0.000000 0.000000 0.000000 0.000000 1.000000 max matrix coefficients: 
05-13 16:19:34.196  1233  1251 D ColorDisplayService:        1.000000 0.000000 0.000000 0.000000 0.000000 1.000000 0.000000 0.000000 0.000000 0.000000 1.000000 0.000000 0.000000 0.000000 0.000000 1.000000
05-13 16:19:34.211  1233  1271 D CompatibilityChangeReporter: Compat change id reported: 135634846; UID 10473; state: DISABLED
05-13 16:19:34.212  1233  1271 D CompatibilityChangeReporter: Compat change id reported: 177438394; UID 10473; state: DISABLED
05-13 16:19:34.212  1233  1271 D CompatibilityChangeReporter: Compat change id reported: 135772972; UID 10473; state: DISABLED
05-13 16:19:34.212  1233  1271 D CompatibilityChangeReporter: Compat change id reported: 135754954; UID 10473; state: ENABLED
05-13 16:19:34.213  1233  1261 D CompatibilityChangeReporter: Compat change id reported: 143937733; UID 10473; state: ENABLED
05-13 16:19:34.228  1233  1299 W BatteryExternalStatsWorker: error reading Bluetooth stats: 11
05-13 16:19:34.229  1233  1261 I ActivityManager: Start proc 2444:com.google.android.marvin.talkback/u0a473 for broadcast {com.google.android.marvin.talkback/com.google.android.accessibility.talkback.BootReceiver}
05-13 16:19:34.269  1233  2335 D CompatibilityChangeReporter: Compat change id reported: 168419799; UID 10473; state: DISABLED
05-13 16:19:34.270  1233  2335 D CompatibilityChangeReporter: Compat change id reported: 273564678; UID 10473; state: DISABLED
05-13 16:19:34.358  1233  1248 V PackageManager: reconcileAppsData finished 557 packages
05-13 16:19:34.358  1233  1248 I ActivityManager: User 0 state changed from RUNNING_LOCKED to RUNNING_UNLOCKING
05-13 16:19:34.360  1233  1248 D ActivityManager: Unlocking user 0 progress 20
05-13 16:19:34.361  1233  1248 W Looper  : Slow dispatch took 770ms android.fg h=android.os.Handler c=com.android.server.am.UserController$$ExternalSyntheticLambda7@2bcac48 m=0
05-13 16:19:34.361  1233  1260 D SystemServerTimingAsync: ssm.UnlockingUser-0
05-13 16:19:34.361  1233  1260 I SystemServiceManager: Calling onUnlockingUser 0
05-13 16:19:34.361  1233  1248 W Looper  : Slow delivery took 769ms android.fg h=android.os.Handler c=com.android.server.am.UserController$$ExternalSyntheticLambda4@8721006 m=0
05-13 16:19:34.361  1233  1260 D SystemServerTimingAsync: ssm.onUnlockingUser-0_com.android.server.security.FileIntegrityService
05-13 16:19:34.361  1233  1260 D SystemServerTimingAsync: ssm.onUnlockingUser-0_com.android.server.pm.Installer
05-13 16:19:34.361  1233  1260 D SystemServerTimingAsync: ssm.onUnlockingUser-0_com.android.server.os.DeviceIdentifiersPolicyService
05-13 16:19:34.361  1233  1260 D SystemServerTimingAsync: ssm.onUnlockingUser-0_com.android.server.uri.UriGrantsManagerService$Lifecycle
05-13 16:19:34.361  1233  1260 D SystemServerTimingAsync: ssm.onUnlockingUser-0_com.android.server.powerstats.PowerStatsService
05-13 16:19:34.361  1233  1260 D SystemServerTimingAsync: ssm.onUnlockingUser-0_com.android.server.wm.ActivityTaskManagerService$Lifecycle
05-13 16:19:34.361  1233  1260 D SystemServerTimingAsync: ssm.onUnlockingUser-0_com.android.server.am.ActivityManagerService$Lifecycle
05-13 16:19:34.361  1233  1260 D SystemServerTimingAsync: ssm.onUnlockingUser-0_com.android.server.pm.DataLoaderManagerService
05-13 16:19:34.361  1233  1260 D SystemServerTimingAsync: ssm.onUnlockingUser-0_com.android.server.power.PowerManagerService
05-13 16:19:34.361  1233  1260 D SystemServerTimingAsync: ssm.onUnlockingUser-0_com.android.server.power.ThermalManagerService
05-13 16:19:34.361  1233  1260 D SystemServerTimingAsync: ssm.onUnlockingUser-0_com.android.server.power.hint.HintManagerService
05-13 16:19:34.361  1233  1260 D SystemServerTimingAsync: ssm.onUnlockingUser-0_com.android.server.recoverysystem.RecoverySystemService$Lifecycle
05-13 16:19:34.361  1233  1260 D SystemServerTimingAsync: ssm.onUnlockingUser-0_com.android.server.lights.LightsService
05-13 16:19:34.361  1233  1260 D SystemServerTimingAsync: ssm.onUnlockingUser-0_com.android.server.display.DisplayManagerService
05-13 16:19:34.361  1233  1260 D SystemServerTimingAsync: ssm.onUnlockingUser-0_com.android.server.pm.verify.domain.DomainVerificationService
05-13 16:19:34.361  1233  1260 D SystemServerTimingAsync: ssm.onUnlockingUser-0_com.android.server.pm.PackageInstallerService$Lifecycle
05-13 16:19:34.362  1233  1260 D SystemServerTimingAsync: ssm.onUnlockingUser-0_com.android.server.pm.UserManagerService$LifeCycle
05-13 16:19:34.362  1233  1260 D SystemServerTimingAsync: ssm.onUnlockingUser-0_com.android.server.om.OverlayManagerService
05-13 16:19:34.362  1233  1260 D SystemServerTimingAsync: ssm.onUnlockingUser-0_com.android.server.resources.ResourcesManagerService
05-13 16:19:34.362  1233  1260 D SystemServerTimingAsync: ssm.onUnlockingUser-0_com.android.server.sensorprivacy.SensorPrivacyService
05-13 16:19:34.362  1233  1260 D SystemServerTimingAsync: ssm.onUnlockingUser-0_com.android.server.sensors.SensorService
05-13 16:19:34.362  1233  1260 D SystemServerTimingAsync: ssm.onUnlockingUser-0_com.android.server.SystemConfigService
05-13 16:19:34.362  1233  1260 D SystemServerTimingAsync: ssm.onUnlockingUser-0_com.android.server.BatteryService
05-13 16:19:34.362  1233  1260 D SystemServerTimingAsync: ssm.onUnlockingUser-0_com.android.server.usage.UsageStatsService
05-13 16:19:34.362  1233  1260 D SystemServerTimingAsync: ssm.onUnlockingUser-0_com.android.server.webkit.WebViewUpdateService
05-13 16:19:34.362  1233  1260 D SystemServerTimingAsync: ssm.onUnlockingUser-0_com.android.server.CachedDeviceStateService
05-13 16:19:34.362  1233  1260 D SystemServerTimingAsync: ssm.onUnlockingUser-0_com.android.server.BinderCallsStatsService$LifeCycle
05-13 16:19:34.362  1233  1260 D SystemServerTimingAsync: ssm.onUnlockingUser-0_com.android.server.LooperStatsService$Lifecycle
05-13 16:19:34.362  1233  1260 D SystemServerTimingAsync: ssm.onUnlockingUser-0_com.android.server.rollback.RollbackManagerService
05-13 16:19:34.362  1233  1260 D SystemServerTimingAsync: ssm.onUnlockingUser-0_com.android.server.os.NativeTombstoneManagerService
05-13 16:19:34.362  1233  1260 D SystemServerTimingAsync: ssm.onUnlockingUser-0_com.android.server.os.BugreportManagerService
05-13 16:19:34.362  1233  1260 D SystemServerTimingAsync: ssm.onUnlockingUser-0_com.android.server.gpu.GpuService
05-13 16:19:34.362  1233  1260 D SystemServerTimingAsync: ssm.onUnlockingUser-0_com.android.server.security.KeyChainSystemService
05-13 16:19:34.362  1233  1260 D SystemServerTimingAsync: ssm.onUnlockingUser-0_com.android.server.BinaryTransparencyService
05-13 16:19:34.362  1233  1260 D SystemServerTimingAsync: ssm.onUnlockingUser-0_com.android.server.telecom.TelecomLoaderService
05-13 16:19:34.362  1233  1260 D SystemServerTimingAsync: ssm.onUnlockingUser-0_com.android.server.accounts.AccountManagerService$Lifecycle
05-13 16:19:34.362  1233  1260 D SystemServerTimingAsync: ssm.onUnlockingUser-0_com.android.server.content.ContentService$Lifecycle
05-13 16:19:34.363  1233  1260 D SystemServerTimingAsync: ssm.onUnlockingUser-0_com.android.server.DropBoxManagerService
05-13 16:19:34.363  1233  1260 D SystemServerTimingAsync: ssm.onUnlockingUser-0_com.android.role.RoleService
05-13 16:19:34.363  1233  1260 D SystemServerTimingAsync: ssm.onUnlockingUser-0_com.android.server.vibrator.VibratorManagerService$Lifecycle
05-13 16:19:34.363  1233  1260 D SystemServerTimingAsync: ssm.onUnlockingUser-0_com.android.server.tare.InternalResourceService
05-13 16:19:34.363  1233  1260 D SystemServerTimingAsync: ssm.onUnlockingUser-0_com.android.server.alarm.AlarmManagerService
05-13 16:19:34.363  1233  1260 D SystemServerTimingAsync: ssm.onUnlockingUser-0_com.android.server.devicestate.DeviceStateManagerService
05-13 16:19:34.363  1233  1260 D SystemServerTimingAsync: ssm.onUnlockingUser-0_com.android.server.camera.CameraServiceProxy
05-13 16:19:34.363  1233  1260 D SystemServerTimingAsync: ssm.onUnlockingUser-0_com.android.server.bluetooth.BluetoothService
05-13 16:19:34.363  1233  1260 D SystemServerTimingAsync: ssm.onUnlockingUser-0_com.android.server.connectivity.IpConnectivityMetrics
05-13 16:19:34.363  1233  1260 D SystemServerTimingAsync: ssm.onUnlockingUser-0_com.android.server.net.watchlist.NetworkWatchlistService$Lifecycle
05-13 16:19:34.363  1233  1260 D SystemServerTimingAsync: ssm.onUnlockingUser-0_com.android.server.PinnerService
05-13 16:19:34.363  1233  1260 D SystemServerTimingAsync: ssm.onUnlockingUser-0_com.android.server.integrity.AppIntegrityManagerService
05-13 16:19:34.363  1233  1260 D SystemServerTimingAsync: ssm.onUnlockingUser-0_com.android.server.logcat.LogcatManagerService
05-13 16:19:34.363  1233  1260 D SystemServerTimingAsync: ssm.onUnlockingUser-0_com.android.server.derp.LineageGlobalActionsService
05-13 16:19:34.363  1233  1260 D SystemServerTimingAsync: ssm.onUnlockingUser-0_com.android.server.inputmethod.InputMethodManagerService$Lifecycle
05-13 16:19:34.363  1233  1260 D SystemServerTimingAsync: ssm.onUnlockingUser-0_com.android.server.accessibility.AccessibilityManagerService$Lifecycle
05-13 16:19:34.363  1233  1260 D SystemServerTimingAsync: ssm.onUnlockingUser-0_com.android.server.StorageManagerService$Lifecycle
05-13 16:19:34.363  1233  1260 D StorageManagerService: onUnlockUser 0
05-13 16:19:34.363  1233  1260 I StorageSessionController: On user unlock 0
05-13 16:19:34.363  1233  1260 I StorageSessionController: Initialialising...
05-13 16:19:34.364   397   397 I vold    : onUserStarted: 0
05-13 16:19:34.366  1233  2335 V StorageManagerService: Found primary storage at VolumeInfo{emulated;0}:
05-13 16:19:34.366  1233  2335 V StorageManagerService:     type=EMULATED diskId=null partGuid= mountFlags=0 mountUserId=0 
05-13 16:19:34.366  1233  2335 V StorageManagerService:     state=UNMOUNTED 
05-13 16:19:34.366  1233  2335 V StorageManagerService:     fsType=null fsUuid=null fsLabel=null 
05-13 16:19:34.366  1233  2335 V StorageManagerService:     path=null internalPath=null 
05-13 16:19:34.366  1233  1339 I StorageManagerService: Mounting volume VolumeInfo{emulated;0}:
05-13 16:19:34.366  1233  1339 I StorageManagerService:     type=EMULATED diskId=null partGuid= mountFlags=PRIMARY|VISIBLE_FOR_WRITE 
05-13 16:19:34.366  1233  1339 I StorageManagerService:     mountUserId=0 state=UNMOUNTED 
05-13 16:19:34.366  1233  1339 I StorageManagerService:     fsType=null fsUuid=null fsLabel=null 
05-13 16:19:34.366  1233  1339 I StorageManagerService:     path=null internalPath=null 
05-13 16:19:34.368   397   397 D vold    : /system/bin/sgdisk
05-13 16:19:34.368   397   397 D vold    :     --android-dump
05-13 16:19:34.368   397   397 D vold    :     /dev/block/vold/disk:179,128
05-13 16:19:34.377  1233  1338 W InputMethodManagerService: Illegal subtype state: old subtype = null, new subtype = android.view.inputmethod.InputMethodSubtype@70bfcd7e
05-13 16:19:34.378  1233  1413 D CompatibilityChangeReporter: Compat change id reported: 161145287; UID 10473; state: DISABLED
05-13 16:19:34.380  1233  1413 W ActivityManager: Receiver with filter android.content.IntentFilter@6eead9a already registered for pid 2444, callerPackage is com.google.android.marvin.talkback
05-13 16:19:34.380  1233  1248 W Looper  : Drained
05-13 16:19:34.401  1233  1413 D CompatibilityChangeReporter: Compat change id reported: 135634846; UID 1000; state: DISABLED
05-13 16:19:34.401  1233  1413 D CompatibilityChangeReporter: Compat change id reported: 177438394; UID 1000; state: DISABLED
05-13 16:19:34.401  1233  1413 D CompatibilityChangeReporter: Compat change id reported: 135772972; UID 1000; state: DISABLED
05-13 16:19:34.401  1233  1413 D CompatibilityChangeReporter: Compat change id reported: 135754954; UID 1000; state: ENABLED
05-13 16:19:34.411  1233  1261 I ActivityManager: Start proc 2463:org.lineageos.mediatek.incallservice/1000 for broadcast {org.lineageos.mediatek.incallservice/org.lineageos.mediatek.incallservice.OnLockedBootCompleteReceiver}
05-13 16:19:34.435  1233  1259 I UsageStatsService: User[0] Rollover scheduled @ 2025-05-14 15:41:51(1747217511587)
05-13 16:19:34.436  1233  1259 W AppHibernationService: Attempt to call setHibernatingForUser before states have been read from disk
05-13 16:19:34.436  1233  1259 W AppHibernationService: Attempt to call setHibernatingForUser before states have been read from disk
05-13 16:19:34.436  1233  1259 W AppHibernationService: Attempt to call setHibernatingForUser before states have been read from disk
05-13 16:19:34.437  1233  1259 W AppHibernationService: Attempt to call setHibernatingForUser before states have been read from disk
05-13 16:19:34.437  1233  1259 W AppHibernationService: Attempt to call setHibernatingForUser before states have been read from disk
05-13 16:19:34.437  1233  1259 W AppHibernationService: Attempt to call setHibernatingForUser before states have been read from disk
05-13 16:19:34.437  1233  1259 W AppHibernationService: Attempt to call setHibernatingForUser before states have been read from disk
05-13 16:19:34.437  1233  1259 W AppHibernationService: Attempt to call setHibernatingForUser before states have been read from disk
05-13 16:19:34.437  1233  1259 W AppHibernationService: Attempt to call setHibernatingForUser before states have been read from disk
05-13 16:19:34.437  1233  1259 W AppHibernationService: Attempt to call setHibernatingForUser before states have been read from disk
05-13 16:19:34.437  1233  1259 W AppHibernationService: Attempt to call setHibernatingForUser before states have been read from disk
05-13 16:19:34.438  1233  1259 W AppHibernationService: Attempt to call setHibernatingForUser before states have been read from disk
05-13 16:19:34.438  1233  1259 W AppHibernationService: Attempt to call setHibernatingForUser before states have been read from disk
05-13 16:19:34.438  1233  1259 W AppHibernationService: Attempt to call setHibernatingForUser before states have been read from disk
05-13 16:19:34.438  1233  1259 W AppHibernationService: Attempt to call setHibernatingForUser before states have been read from disk
05-13 16:19:34.438  1233  1259 W AppHibernationService: Attempt to call setHibernatingForUser before states have been read from disk
05-13 16:19:34.439  1233  1259 W AppHibernationService: Attempt to call setHibernatingForUser before states have been read from disk
05-13 16:19:34.439  1233  1259 W AppHibernationService: Attempt to call setHibernatingForUser before states have been read from disk
05-13 16:19:34.440  1233  1259 W AppHibernationService: Attempt to call setHibernatingForUser before states have been read from disk
05-13 16:19:34.441  1233  1259 W AppHibernationService: Attempt to call setHibernatingForUser before states have been read from disk
05-13 16:19:34.442  1233  1259 W AppHibernationService: Attempt to call setHibernatingForUser before states have been read from disk
05-13 16:19:34.442  1233  1259 W AppHibernationService: Attempt to call setHibernatingForUser before states have been read from disk
05-13 16:19:34.442  1233  1259 W AppHibernationService: Attempt to call setHibernatingForUser before states have been read from disk
05-13 16:19:34.442  1233  1259 W AppHibernationService: Attempt to call setHibernatingForUser before states have been read from disk
05-13 16:19:34.442  1233  1259 W AppHibernationService: Attempt to call setHibernatingForUser before states have been read from disk
05-13 16:19:34.443  1233  1259 W AppHibernationService: Attempt to call setHibernatingForUser before states have been read from disk
05-13 16:19:34.443  1233  1259 W AppHibernationService: Attempt to call setHibernatingForUser before states have been read from disk
05-13 16:19:34.444  1233  1259 W AppHibernationService: Attempt to call setHibernatingForUser before states have been read from disk
05-13 16:19:34.444  1233  1259 W AppHibernationService: Attempt to call setHibernatingForUser before states have been read from disk
05-13 16:19:34.444  1233  1259 W AppHibernationService: Attempt to call setHibernatingForUser before states have been read from disk
05-13 16:19:34.444  1233  1259 W AppHibernationService: Attempt to call setHibernatingForUser before states have been read from disk
05-13 16:19:34.444  1233  1259 W AppHibernationService: Attempt to call setHibernatingForUser before states have been read from disk
05-13 16:19:34.444  1233  1259 W AppHibernationService: Attempt to call setHibernatingForUser before states have been read from disk
05-13 16:19:34.444  1233  1259 W AppHibernationService: Attempt to call setHibernatingForUser before states have been read from disk
05-13 16:19:34.445  1233  1259 W AppHibernationService: Attempt to call setHibernatingForUser before states have been read from disk
05-13 16:19:34.445  1233  1259 W AppHibernationService: Attempt to call setHibernatingForUser before states have been read from disk
05-13 16:19:34.445  1233  1259 W AppHibernationService: Attempt to call setHibernatingForUser before states have been read from disk
05-13 16:19:34.445  1233  1259 W AppHibernationService: Attempt to call setHibernatingForUser before states have been read from disk
05-13 16:19:34.458  1233  1259 I UsageStatsService: User[0] Flushing usage stats to disk
05-13 16:19:34.477  2463  2463 W ContextImpl: Calling a method in the system process without a qualified user: android.app.ContextImpl.startService:1869 android.content.ContextWrapper.startService:817 android.content.ContextWrapper.startService:817 org.lineageos.mediatek.incallservice.OnLockedBootCompleteReceiver.onReceive:17 android.app.ActivityThread.handleReceiver:4320 
05-13 16:19:34.481  1233  2335 D CompatibilityChangeReporter: Compat change id reported: 168419799; UID 1001; state: DISABLED
05-13 16:19:34.482  1233  2335 D CompatibilityChangeReporter: Compat change id reported: 273564678; UID 1001; state: DISABLED
05-13 16:19:34.483  1233  1299 D CompatibilityChangeReporter: Compat change id reported: 161145287; UID 1000; state: DISABLED
05-13 16:19:34.507  1233  1299 D CompatibilityChangeReporter: Compat change id reported: 135634846; UID 10481; state: DISABLED
05-13 16:19:34.507  1233  1299 D CompatibilityChangeReporter: Compat change id reported: 177438394; UID 10481; state: DISABLED
05-13 16:19:34.507  1233  1299 D CompatibilityChangeReporter: Compat change id reported: 135772972; UID 10481; state: DISABLED
05-13 16:19:34.508  1233  1299 D CompatibilityChangeReporter: Compat change id reported: 135754954; UID 10481; state: ENABLED
05-13 16:19:34.508  1233  1261 D CompatibilityChangeReporter: Compat change id reported: 143937733; UID 10481; state: ENABLED
05-13 16:19:34.523  1233  1261 I ActivityManager: Start proc 2483:com.google.android.deskclock/u0a481 for broadcast {com.google.android.deskclock/com.android.deskclock.AlarmInitReceiver}
05-13 16:19:34.558  1233  2377 D CompatibilityChangeReporter: Compat change id reported: 168419799; UID 10481; state: DISABLED
05-13 16:19:34.559  1233  2377 D CompatibilityChangeReporter: Compat change id reported: 273564678; UID 10481; state: DISABLED
05-13 16:19:34.647   397   397 D vold    : DISK mbr
05-13 16:19:34.648   397   397 D vold    : PART 1 c
05-13 16:19:34.652  1233  1260 W SystemServiceManager: Service com.android.server.StorageManagerService$Lifecycle took 288 ms in onUnlockingUser-0
05-13 16:19:34.652  1233  1260 D SystemServerTimingAsync: ssm.onUnlockingUser-0_com.android.server.usage.StorageStatsService$Lifecycle
05-13 16:19:34.652  1233  1260 D SystemServerTimingAsync: ssm.onUnlockingUser-0_com.android.server.UiModeManagerService
05-13 16:19:34.652  1233  1260 D SystemServerTimingAsync: ssm.onUnlockingUser-0_com.android.server.locales.LocaleManagerService
05-13 16:19:34.652  1233  1260 D SystemServerTimingAsync: ssm.onUnlockingUser-0_com.android.server.locksettings.LockSettingsService$Lifecycle
05-13 16:19:34.652  1233  1260 D SystemServerTimingAsync: ssm.onUnlockingUser-0_com.android.server.PersistentDataBlockService
05-13 16:19:34.652  1233  1260 D SystemServerTimingAsync: ssm.onUnlockingUser-0_com.android.server.testharness.TestHarnessModeService
05-13 16:19:34.653  1233  1260 D SystemServerTimingAsync: ssm.onUnlockingUser-0_com.android.server.oemlock.OemLockService
05-13 16:19:34.653  1233  1260 D SystemServerTimingAsync: ssm.onUnlockingUser-0_com.android.server.DeviceIdleController
05-13 16:19:34.653  1233  1260 D SystemServerTimingAsync: ssm.onUnlockingUser-0_com.android.server.devicepolicy.DevicePolicyManagerService$Lifecycle
05-13 16:19:34.653  1233  1260 D SystemServerTimingAsync: ssm.onUnlockingUser-0_com.android.server.musicrecognition.MusicRecognitionManagerService
05-13 16:19:34.654   397   411 I vold    : Executing sdcardfs
05-13 16:19:34.655   397   411 D vold    : Waiting for sdcardfs to spin up...
05-13 16:19:34.658  1233  1260 D SystemServerTimingAsync: ssm.onUnlockingUser-0_com.android.server.contentcapture.ContentCaptureManagerService
05-13 16:19:34.658  1233  1343 D LockSettingsService: hide encryption notification, user: 0
05-13 16:19:34.667  2498  2498 W sdcard  : Device explicitly enabled sdcardfs
05-13 16:19:34.681  1233  1260 D SystemServerTimingAsync: ssm.onUnlockingUser-0_com.android.server.attention.AttentionManagerService
05-13 16:19:34.681  1233  1260 D SystemServerTimingAsync: ssm.onUnlockingUser-0_com.android.server.rotationresolver.RotationResolverManagerService
05-13 16:19:34.682  1233  1260 D SystemServerTimingAsync: ssm.onUnlockingUser-0_com.android.server.systemcaptions.SystemCaptionsManagerService
05-13 16:19:34.682  1233  1259 W AppHibernationService: Attempt to call setHibernatingForUser before states have been read from disk
05-13 16:19:34.683  1233  1260 D SystemServerTimingAsync: ssm.onUnlockingUser-0_com.android.server.texttospeech.TextToSpeechManagerService
05-13 16:19:34.683  1233  1260 D SystemServerTimingAsync: ssm.onUnlockingUser-0_com.android.server.ambientcontext.AmbientContextManagerService
05-13 16:19:34.683  1233  1260 E AmbientContextManagerPerUserService: Bad service name: com.google.android.as/com.google.android.apps.miphone.aiai.app.AiAiAmbientContextDetectionService
05-13 16:19:34.683  1233  1233 D CompatibilityChangeReporter: Compat change id reported: 135634846; UID 10445; state: DISABLED
05-13 16:19:34.683  1233  1260 D AmbientContextManagerService: onServiceRemoved
05-13 16:19:34.683  1233  1233 D CompatibilityChangeReporter: Compat change id reported: 177438394; UID 10445; state: DISABLED
05-13 16:19:34.683  1233  1260 D AmbientContextManagerPerUserService: Trying to cancel the remote request. Reason: Service destroyed.
05-13 16:19:34.684  1233  1260 D SystemServerTimingAsync: ssm.onUnlockingUser-0_com.android.server.speech.SpeechRecognitionManagerService
05-13 16:19:34.684  1233  1233 D CompatibilityChangeReporter: Compat change id reported: 135772972; UID 10445; state: DISABLED
05-13 16:19:34.684  1233  1233 D CompatibilityChangeReporter: Compat change id reported: 135754954; UID 10445; state: ENABLED
05-13 16:19:34.684  1233  1260 D SystemServerTimingAsync: ssm.onUnlockingUser-0_com.android.server.appprediction.AppPredictionManagerService
05-13 16:19:34.685  1233  1261 D CompatibilityChangeReporter: Compat change id reported: 143937733; UID 10445; state: ENABLED
05-13 16:19:34.685  1233  1260 D SystemServerTimingAsync: ssm.onUnlockingUser-0_com.android.server.contentsuggestions.ContentSuggestionsManagerService
05-13 16:19:34.685  1233  1260 D SystemServerTimingAsync: ssm.onUnlockingUser-0_com.android.server.searchui.SearchUiManagerService
05-13 16:19:34.685  1233  1260 D SystemServerTimingAsync: ssm.onUnlockingUser-0_com.android.server.smartspace.SmartspaceManagerService
05-13 16:19:34.686  1233  1259 W AppHibernationService: Attempt to call setHibernatingForUser before states have been read from disk
05-13 16:19:34.687  1233  1259 W AppHibernationService: Attempt to call setHibernatingForUser before states have been read from disk
05-13 16:19:34.687  1233  1260 D SystemServerTimingAsync: ssm.onUnlockingUser-0_com.android.server.graphics.fonts.FontManagerService$Lifecycle
05-13 16:19:34.688  1233  1260 D SystemServerTimingAsync: ssm.onUnlockingUser-0_com.android.server.textservices.TextServicesManagerService$Lifecycle
05-13 16:19:34.688  1233  1259 W AppHibernationService: Attempt to call setHibernatingForUser before states have been read from disk
05-13 16:19:34.690  1233  1260 D SystemServerTimingAsync: ssm.onUnlockingUser-0_com.android.server.textclassifier.TextClassificationManagerService$Lifecycle
05-13 16:19:34.691  1233  1260 D SystemServerTimingAsync: ssm.onUnlockingUser-0_com.android.server.NetworkScoreService$Lifecycle
05-13 16:19:34.691  1233  1260 D SystemServerTimingAsync: ssm.onUnlockingUser-0_com.android.server.NetworkStatsServiceInitializer
05-13 16:19:34.691  1233  1260 D SystemServerTimingAsync: ssm.onUnlockingUser-0_com.android.server.wifi.WifiService
05-13 16:19:34.691  1233  1260 D SystemServerTimingAsync: ssm.onUnlockingUser-0_com.android.server.wifi.scanner.WifiScanningService
05-13 16:19:34.691  1233  1260 D SystemServerTimingAsync: ssm.onUnlockingUser-0_com.android.server.wifi.p2p.WifiP2pService
05-13 16:19:34.691  1233  1260 D SystemServerTimingAsync: ssm.onUnlockingUser-0_com.android.server.ConnectivityServiceInitializer
05-13 16:19:34.692  1233  1260 D SystemServerTimingAsync: ssm.onUnlockingUser-0_com.android.server.notification.NotificationManagerService
05-13 16:19:34.692  1233  1260 D SystemServerTimingAsync: ssm.onUnlockingUser-0_com.android.server.storage.DeviceStorageMonitorService
05-13 16:19:34.692  1233  1260 D SystemServerTimingAsync: ssm.onUnlockingUser-0_com.android.server.location.LocationManagerService$Lifecycle
05-13 16:19:34.692  1233  1260 D SystemServerTimingAsync: ssm.onUnlockingUser-0_com.android.server.timedetector.TimeDetectorService$Lifecycle
05-13 16:19:34.692  1233  1260 D SystemServerTimingAsync: ssm.onUnlockingUser-0_com.android.server.timezonedetector.TimeZoneDetectorService$Lifecycle
05-13 16:19:34.692  1233  1260 D SystemServerTimingAsync: ssm.onUnlockingUser-0_com.android.server.timezonedetector.location.LocationTimeZoneManagerService$Lifecycle
05-13 16:19:34.692  1233  1260 D SystemServerTimingAsync: ssm.onUnlockingUser-0_com.android.server.search.SearchManagerService$Lifecycle
05-13 16:19:34.692  1233  1260 D SystemServerTimingAsync: ssm.onUnlockingUser-0_com.android.server.wallpaper.WallpaperManagerService$Lifecycle
05-13 16:19:34.692  1233  1260 D SystemServerTimingAsync: ssm.onUnlockingUser-0_com.android.server.wallpapereffectsgeneration.WallpaperEffectsGenerationManagerService
05-13 16:19:34.693  1233  1260 E WallpaperEffectsGenerationPerUserService: Bad service name: com.google.android.as/com.google.android.apps.miphone.aiai.app.wallpapereffects.AiAiWallpaperEffectsGenerationService
05-13 16:19:34.693  1233  1260 D SystemServerTimingAsync: ssm.onUnlockingUser-0_com.android.server.audio.AudioService$Lifecycle
05-13 16:19:34.693  1233  1260 D SystemServerTimingAsync: ssm.onUnlockingUser-0_com.android.server.soundtrigger_middleware.SoundTriggerMiddlewareService$Lifecycle
05-13 16:19:34.693  1233  1260 D SystemServerTimingAsync: ssm.onUnlockingUser-0_com.android.server.DockObserver
05-13 16:19:34.693  1233  1260 D SystemServerTimingAsync: ssm.onUnlockingUser-0_com.android.server.midi.MidiService$Lifecycle
05-13 16:19:34.694  1233  1260 D SystemServerTimingAsync: ssm.onUnlockingUser-0_com.android.server.adb.AdbService$Lifecycle
05-13 16:19:34.694  1233  1260 D SystemServerTimingAsync: ssm.onUnlockingUser-0_com.android.server.usb.UsbService$Lifecycle
