05-19 12:41:05.956  1245  1245 V PackageManager: Changing enabled state of com.google.android.gms/com.google.android.gms.update.OtaSuggestionSummaryProvider to false
05-19 12:41:05.957  1245  1245 V PackageManager: Changing enabled state of com.google.android.gms/com.google.android.gms.update.SystemUpdateActivity to false
05-19 12:41:05.957  1245  1245 V PackageManager: Changing enabled state of com.google.android.gms/com.google.android.gms.chimera.GmsIntentOperationService$GmsExternalReceiver to false
05-19 12:41:05.957  1245  1245 V PackageManager: Changing enabled state of com.google.android.gms/com.google.android.gms.update.control.NotificationControl to false
05-19 12:41:05.957  1245  1245 W PackageManager: Unable to change enabled state of com.google.android.gms/com.google.android.gms.update.control.NotificationControl to false
05-19 12:41:05.957  1245  1245 V PackageManager: Changing enabled state of com.google.android.gms/com.google.android.gms.update.phone.PopupDialog to false
05-19 12:41:05.957  1245  1245 V PackageManager: Changing enabled state of com.google.android.gms/com.google.android.gms.update.SystemUpdateGcmTaskService to false
05-19 12:41:05.957  1245  1245 V PackageManager: Changing enabled state of com.google.android.gms/com.google.android.gms.update.SystemUpdatePersistentListenerService to false
05-19 12:41:05.957  1245  1245 V PackageManager: Changing enabled state of com.google.android.gms/com.google.android.gms.update.SystemUpdateService to false
05-19 12:41:05.957  1245  1245 V PackageManager: Changing enabled state of com.google.android.gms/com.google.android.gms.update.SystemUpdateService.ActiveReceiver to false
05-19 12:41:05.957  1245  1245 W PackageManager: Unable to change enabled state of com.google.android.gms/com.google.android.gms.update.SystemUpdateService.ActiveReceiver to false
05-19 12:41:05.957  1245  1245 V PackageManager: Changing enabled state of com.google.android.gms/com.google.android.gms.update.SystemUpdateService.Receiver to false
05-19 12:41:05.957  1245  1245 W PackageManager: Unable to change enabled state of com.google.android.gms/com.google.android.gms.update.SystemUpdateService.Receiver to false
05-19 12:41:05.957  1245  1245 V PackageManager: Changing enabled state of com.google.android.gms/com.google.android.gms.update.SystemUpdateService.SecretCodeReceiver to false
05-19 12:41:05.957  1245  1245 W PackageManager: Unable to change enabled state of com.google.android.gms/com.google.android.gms.update.SystemUpdateService.SecretCodeReceiver to false
05-19 12:41:05.957  1245  1245 V PackageManager: Changing enabled state of com.google.android.as/com.google.intelligence.sense.ambientmusic.AmbientMusicSettingsActivity to false
05-19 12:41:05.957  1245  1245 V PackageManager: Changing enabled state of com.google.android.as/com.google.intelligence.sense.ambientmusic.history.HistoryActivity to false
05-19 12:41:05.958  1245  1245 V PackageManager: Changing enabled state of com.google.android.as/com.google.intelligence.sense.ambientmusic.AmbientMusicSetupWizardActivity to false
05-19 12:41:05.958  1245  1245 V PackageManager: Changing enabled state of com.google.android.as/com.google.intelligence.sense.ambientmusic.AmbientMusicNotificationsSettingsActivity to false
05-19 12:41:05.958  1245  1245 V PackageManager: Changing enabled state of com.google.android.as/com.google.intelligence.sense.ambientmusic.history.AddShortcutActivity to false
05-19 12:41:05.958  1245  1245 V PackageManager: Changing enabled state of com.google.android.as/com.google.intelligence.sense.ambientmusic.history.HistoryContentProvider to false
05-19 12:41:05.958  1245  1245 V PackageManager: Changing enabled state of com.google.android.setupwizard/com.google.android.setupwizard.update.OtaUpdateActivity to false
05-19 12:41:05.958  1245  1245 V PackageManager: reconcileAppsData for null u0 0x1 migrateAppData=true
05-19 12:41:06.009  1245  1245 V PackageManager: reconcileAppsData finished 26 packages
05-19 12:41:06.009  1245  1245 D PackageManagerTiming: write settings
05-19 12:41:06.009  1245  1321 D SystemServerTimingAsync: InitThreadPoolExec:prepareAppData
05-19 12:41:06.128  1245  1245 D PackageManagerTiming: GC
05-19 12:41:06.128  1245  1245 I PackageManager: Fix for b/169414761 is applied
05-19 12:41:06.128  1245  1245 V UserSystemPackageInstaller: Checking that all system packages are whitelisted.
05-19 12:41:06.137  1245  1245 W UserSystemPackageInstaller: checkWhitelistedSystemPackages(mode=d) has 8 warnings:
05-19 12:41:06.137  1245  1245 W UserSystemPackageInstaller: com.android.wallpapercropper is allowlisted but not present.
05-19 12:41:06.137  1245  1245 W UserSystemPackageInstaller: com.android.internal.systemui.onehanded.gestural is allowlisted but not present.
05-19 12:41:06.137  1245  1245 W UserSystemPackageInstaller: com.android.theme.icon_pack.circular.themepicker is allowlisted but not present.
05-19 12:41:06.137  1245  1245 W UserSystemPackageInstaller: com.android.theme.icon_pack.kai.themepicker is allowlisted but not present.
05-19 12:41:06.137  1245  1245 W UserSystemPackageInstaller: com.android.theme.icon_pack.rounded.themepicker is allowlisted but not present.
05-19 12:41:06.137  1245  1245 W UserSystemPackageInstaller: com.android.theme.icon_pack.filled.themepicker is allowlisted but not present.
05-19 12:41:06.137  1245  1245 W UserSystemPackageInstaller: com.android.theme.icon_pack.victor.themepicker is allowlisted but not present.
05-19 12:41:06.137  1245  1245 W UserSystemPackageInstaller: com.android.theme.icon_pack.sam.themepicker is allowlisted but not present.
05-19 12:41:06.138  1245  1245 I Watchdog: Resuming HandlerChecker: main thread for reason: packagemanagermain. Pause count: 0
05-19 12:41:06.138  1245  1245 I SystemServerDexLoadReporter: Configuring system server dex reporter
05-19 12:41:06.144  1245  1245 D SystemServerTiming: StartOtaDexOptService
05-19 12:41:06.144  1245  1245 I Watchdog: Pausing HandlerChecker: main thread for reason: moveab. Pause count: 1
05-19 12:41:06.145  1245  1245 D OTADexopt: No upgrade, skipping A/B artifacts check.
05-19 12:41:06.145  1245  1245 I Watchdog: Resuming HandlerChecker: main thread for reason: moveab. Pause count: 0
05-19 12:41:06.145  1245  1245 D SystemServerTiming: StartUserManagerService
05-19 12:41:06.145  1245  1245 I SystemServiceManager: Starting com.android.server.pm.UserManagerService$LifeCycle
05-19 12:41:06.147  1245  1245 D SystemServerTiming: InitAttributerCache
05-19 12:41:06.147  1245  1245 D SystemServerTiming: SetSystemProcess
05-19 12:41:06.157  1245  1292 I ActivityManager: Connection with lmkd established
05-19 12:41:06.160  1245  1245 D CompatibilityChangeReporter: Compat change id reported: 161145287; UID 1000; state: DISABLED
05-19 12:41:06.160  1245  1245 D SystemServerTiming: InitWatchdog
05-19 12:41:06.161  1245  1245 D SystemServerTiming: StartOverlayManagerService
05-19 12:41:06.163  1245  1262 V HistoricalRegistry: Interaction before persistence initialized
05-19 12:41:06.171  1245  1262 V HistoricalRegistry: Interaction before persistence initialized
05-19 12:41:07.111  1245  1245 D SystemServerTiming: StartResourcesManagerService
05-19 12:41:07.112  1245  1245 D SystemServerTiming: StartSensorPrivacyService
05-19 12:41:07.113  1245  1266 W ActivityTaskManager: Skip updateConfiguration because mWindowManager isn't set
05-19 12:41:07.116  1245  1245 D SystemServerTiming: StartSensorService
05-19 12:41:07.116  1245  1245 I SystemServiceManager: Starting com.android.server.sensors.SensorService
05-19 12:41:07.117  1245  1245 D SystemServerTiming: startCoreServices
05-19 12:41:07.117  1245  1245 D SystemServerTiming: StartSystemConfigService
05-19 12:41:07.117  1245  1245 I SystemServiceManager: Starting com.android.server.SystemConfigService
05-19 12:41:07.117  1245  1325 D SystemServerTimingAsync: InitThreadPoolExec:StartNativeSensorService
05-19 12:41:07.117  1245  1325 D SystemServerTimingAsync: StartNativeSensorService
05-19 12:41:07.118  1245  1245 D SystemServerTiming: StartBatteryService
05-19 12:41:07.118  1245  1245 I SystemServiceManager: Starting com.android.server.BatteryService
05-19 12:41:07.130  1245  1325 V HistoricalRegistry: Interaction before persistence initialized
05-19 12:41:07.132  1245  1245 I HealthServiceWrapperHidl: health: HealthServiceWrapper listening to instance default
05-19 12:41:07.132  1245  1245 I BatteryService: health: Waited 0ms and received the update.
05-19 12:41:07.135  1245  1245 D SystemServerTiming: StartUsageService
05-19 12:41:07.135  1245  1245 I SystemServiceManager: Starting com.android.server.usage.UsageStatsService
05-19 12:41:07.139  1245  1245 D SystemServerTiming: StartWebViewUpdateService
05-19 12:41:07.139  1245  1245 I SystemServiceManager: Starting com.android.server.webkit.WebViewUpdateService
05-19 12:41:07.142  1245  1245 D SystemServerTiming: StartCachedDeviceStateService
05-19 12:41:07.142  1245  1245 I SystemServiceManager: Starting com.android.server.CachedDeviceStateService
05-19 12:41:07.142  1245  1245 D SystemServerTiming: StartBinderCallsStatsService
05-19 12:41:07.142  1245  1245 I SystemServiceManager: Starting com.android.server.BinderCallsStatsService$LifeCycle
05-19 12:41:07.144  1245  1245 D SystemServerTiming: StartLooperStatsService
05-19 12:41:07.144  1245  1245 I SystemServiceManager: Starting com.android.server.LooperStatsService$Lifecycle
05-19 12:41:07.145  1245  1245 D SystemServerTiming: StartRollbackManagerService
05-19 12:41:07.145  1245  1245 I SystemServiceManager: Starting com.android.server.rollback.RollbackManagerService
05-19 12:41:07.148  1245  1321 W PackageManager: Skipping preparing app data for com.android.sdksandbox
05-19 12:41:07.150  1245  1245 I PackageWatchdog: Syncing state, reason: added new observer
05-19 12:41:07.150  1245  1245 I PackageWatchdog: Not pruning observers, elapsed time: 0ms
05-19 12:41:07.155  1245  1245 D SystemServerTiming: StartNativeTombstoneManagerService
05-19 12:41:07.155  1245  1245 I SystemServiceManager: Starting com.android.server.os.NativeTombstoneManagerService
05-19 12:41:07.155  1245  1245 D SystemServerTiming: StartBugreportManagerService
05-19 12:41:07.156  1245  1245 I SystemServiceManager: Starting com.android.server.os.BugreportManagerService
05-19 12:41:07.157  1245  1245 D SystemServerTiming: GpuService
05-19 12:41:07.157  1245  1245 I SystemServiceManager: Starting com.android.server.gpu.GpuService
05-19 12:41:07.157  1245  1245 D SystemServerTiming: startOtherServices
05-19 12:41:07.158  1245  1245 D SystemServerTiming: StartKeyAttestationApplicationIdProviderService
05-19 12:41:07.158  1245  1337 D SystemServerTimingAsync: InitThreadPoolExec:SecondaryZygotePreload
05-19 12:41:07.158  1245  1337 I SystemServer: SecondaryZygotePreload
05-19 12:41:07.158  1245  1337 D SystemServerTimingAsync: SecondaryZygotePreload
05-19 12:41:07.159  1245  1245 D SystemServerTiming: StartKeyChainSystemService
05-19 12:41:07.159  1245  1245 I SystemServiceManager: Starting com.android.server.security.KeyChainSystemService
05-19 12:41:07.159  1245  1245 D SystemServerTiming: StartBinaryTransparencyService
05-19 12:41:07.159  1245  1245 I SystemServiceManager: Starting com.android.server.BinaryTransparencyService
05-19 12:41:07.161  1245  1245 I TransparencyService: Started BinaryTransparencyService
05-19 12:41:07.161  1245  1245 D SystemServerTiming: StartSchedulingPolicyService
05-19 12:41:07.162  1245  1338 D SystemServerTimingAsync: InitThreadPoolExec:SchedulingPolicyService.<init>
05-19 12:41:07.163  1245  1245 D SystemServerTiming: StartTelecomLoaderService
05-19 12:41:07.163  1245  1245 I SystemServiceManager: Starting com.android.server.telecom.TelecomLoaderService
05-19 12:41:07.163  1245  1245 D SystemServerTiming: StartTelephonyRegistry
05-19 12:41:07.165  1245  1245 D SystemServerTiming: StartEntropyMixer
05-19 12:41:07.166  1245  1245 I EntropyMixer: Loaded existing seed file
05-19 12:41:07.169  1245  1245 I EntropyMixer: Updated seed file
05-19 12:41:07.169  1245  1245 D SystemServerTiming: StartAccountManagerService
05-19 12:41:07.169  1245  1245 I SystemServiceManager: Starting com.android.server.accounts.AccountManagerService$Lifecycle
05-19 12:41:07.174  1245  1278 I PackageWatchdog: Saving observer state to file
05-19 12:41:07.174  1245  1245 D SystemServerTiming: StartContentService
05-19 12:41:07.174  1245  1245 I SystemServiceManager: Starting com.android.server.content.ContentService$Lifecycle
05-19 12:41:07.175  1245  1245 D SystemServerTiming: InstallSystemProviders
05-19 12:41:07.287  1245  1245 W ActivityManager: cgroup.freeze not present
05-19 12:41:07.288  1245  1279 D ActivityManager: Freezer disabled
05-19 12:41:07.304  1245  1245 D SystemServerTiming: UpdateWatchdogTimeout
05-19 12:41:07.304  1245  1245 I Watchdog: Watchdog timeout updated to 60000 millis
05-19 12:41:07.305  1245  1245 D SystemServerTiming: StartDropBoxManager
05-19 12:41:07.305  1245  1245 I SystemServiceManager: Starting com.android.server.DropBoxManagerService
05-19 12:41:07.307  1245  1245 D SystemServerTiming: StartRoleManagerService
05-19 12:41:07.307  1245  1245 I SystemServiceManager: Starting com.android.role.RoleService
05-19 12:41:07.312  1245  1245 D SystemServerTiming: StartVibratorManagerService
05-19 12:41:07.312  1245  1245 I SystemServiceManager: Starting com.android.server.vibrator.VibratorManagerService$Lifecycle
05-19 12:41:07.323  1245  1245 D SystemServerTiming: StartDynamicSystemService
05-19 12:41:07.325  1245  1245 D SystemServerTiming: StartConsumerIrService
05-19 12:41:07.330  1245  1245 D SystemServerTiming: StartResourceEconomy
05-19 12:41:07.330  1245  1245 I SystemServiceManager: Starting com.android.server.tare.InternalResourceService
05-19 12:41:07.334  1245  1245 D SystemServerTiming: StartAlarmManagerService
05-19 12:41:07.335  1245  1245 I SystemServiceManager: Starting com.android.server.alarm.AlarmManagerService
05-19 12:41:07.342  1245  1245 D SystemServerTiming: StartInputManagerService
05-19 12:41:07.349  1245  1245 I InputManager: Initializing input manager, mUseDevInputEventForAudioJack=true
05-19 12:41:07.349  1245  1245 D SystemServerTiming: DeviceStateManagerService
05-19 12:41:07.349  1245  1245 I SystemServiceManager: Starting com.android.server.devicestate.DeviceStateManagerService
05-19 12:41:07.356  1245  1245 D SystemServerTiming: StartCameraServiceProxy
05-19 12:41:07.356  1245  1245 I SystemServiceManager: Starting com.android.server.camera.CameraServiceProxy
05-19 12:41:07.359  1245  1245 D SystemServerTiming: StartWindowManagerService
05-19 12:41:07.359  1245  1245 I SystemServiceManager: Starting phase 200
05-19 12:41:07.359  1245  1245 D SystemServerTiming: OnBootPhase_200
05-19 12:41:07.359  1245  1245 D SystemServerTiming: OnBootPhase_200_com.android.server.security.FileIntegrityService
05-19 12:41:07.359  1245  1245 D SystemServerTiming: OnBootPhase_200_com.android.server.pm.Installer
05-19 12:41:07.359  1245  1245 D SystemServerTiming: OnBootPhase_200_com.android.server.os.DeviceIdentifiersPolicyService
05-19 12:41:07.359  1245  1245 D SystemServerTiming: OnBootPhase_200_com.android.server.uri.UriGrantsManagerService$Lifecycle
05-19 12:41:07.359  1245  1245 D SystemServerTiming: OnBootPhase_200_com.android.server.powerstats.PowerStatsService
05-19 12:41:07.359  1245  1245 D SystemServerTiming: OnBootPhase_200_com.android.server.wm.ActivityTaskManagerService$Lifecycle
05-19 12:41:07.359  1245  1245 D SystemServerTiming: OnBootPhase_200_com.android.server.am.ActivityManagerService$Lifecycle
05-19 12:41:07.359  1245  1245 D SystemServerTiming: OnBootPhase_200_com.android.server.pm.DataLoaderManagerService
05-19 12:41:07.359  1245  1245 D SystemServerTiming: OnBootPhase_200_com.android.server.power.PowerManagerService
05-19 12:41:07.359  1245  1245 D SystemServerTiming: OnBootPhase_200_com.android.server.power.ThermalManagerService
05-19 12:41:07.359  1245  1245 D SystemServerTiming: OnBootPhase_200_com.android.server.power.hint.HintManagerService
05-19 12:41:07.359  1245  1245 D SystemServerTiming: OnBootPhase_200_com.android.server.recoverysystem.RecoverySystemService$Lifecycle
05-19 12:41:07.359  1245  1245 D SystemServerTiming: OnBootPhase_200_com.android.server.lights.LightsService
05-19 12:41:07.360  1245  1245 D SystemServerTiming: OnBootPhase_200_com.android.server.display.DisplayManagerService
05-19 12:41:07.360  1245  1245 D SystemServerTiming: OnBootPhase_200_com.android.server.pm.verify.domain.DomainVerificationService
05-19 12:41:07.360  1245  1245 D SystemServerTiming: OnBootPhase_200_com.android.server.pm.PackageInstallerService$Lifecycle
05-19 12:41:07.360  1245  1245 D SystemServerTiming: OnBootPhase_200_com.android.server.pm.UserManagerService$LifeCycle
05-19 12:41:07.360  1245  1245 D SystemServerTiming: OnBootPhase_200_com.android.server.om.OverlayManagerService
05-19 12:41:07.360  1245  1245 D SystemServerTiming: OnBootPhase_200_com.android.server.resources.ResourcesManagerService
05-19 12:41:07.360  1245  1245 D SystemServerTiming: OnBootPhase_200_com.android.server.sensorprivacy.SensorPrivacyService
05-19 12:41:07.360  1245  1245 D SystemServerTiming: OnBootPhase_200_com.android.server.sensors.SensorService
05-19 12:41:07.360  1245  1245 D SystemServerTiming: OnBootPhase_200_com.android.server.SystemConfigService
05-19 12:41:07.360  1245  1245 D SystemServerTiming: OnBootPhase_200_com.android.server.BatteryService
05-19 12:41:07.360  1245  1245 D SystemServerTiming: OnBootPhase_200_com.android.server.usage.UsageStatsService
05-19 12:41:07.360  1245  1245 D SystemServerTiming: OnBootPhase_200_com.android.server.webkit.WebViewUpdateService
05-19 12:41:07.360  1245  1245 D SystemServerTiming: OnBootPhase_200_com.android.server.CachedDeviceStateService
05-19 12:41:07.360  1245  1245 D SystemServerTiming: OnBootPhase_200_com.android.server.BinderCallsStatsService$LifeCycle
05-19 12:41:07.360  1245  1245 D SystemServerTiming: OnBootPhase_200_com.android.server.LooperStatsService$Lifecycle
05-19 12:41:07.360  1245  1245 D SystemServerTiming: OnBootPhase_200_com.android.server.rollback.RollbackManagerService
05-19 12:41:07.360  1245  1245 D SystemServerTiming: OnBootPhase_200_com.android.server.os.NativeTombstoneManagerService
05-19 12:41:07.360  1245  1245 D SystemServerTiming: OnBootPhase_200_com.android.server.os.BugreportManagerService
05-19 12:41:07.360  1245  1245 D SystemServerTiming: OnBootPhase_200_com.android.server.gpu.GpuService
05-19 12:41:07.360  1245  1245 D SystemServerTiming: OnBootPhase_200_com.android.server.security.KeyChainSystemService
05-19 12:41:07.360  1245  1245 D SystemServerTiming: OnBootPhase_200_com.android.server.BinaryTransparencyService
05-19 12:41:07.360  1245  1245 D SystemServerTiming: OnBootPhase_200_com.android.server.telecom.TelecomLoaderService
05-19 12:41:07.360  1245  1245 D SystemServerTiming: OnBootPhase_200_com.android.server.accounts.AccountManagerService$Lifecycle
05-19 12:41:07.360  1245  1245 D SystemServerTiming: OnBootPhase_200_com.android.server.content.ContentService$Lifecycle
05-19 12:41:07.360  1245  1245 D SystemServerTiming: OnBootPhase_200_com.android.server.DropBoxManagerService
05-19 12:41:07.360  1245  1245 D SystemServerTiming: OnBootPhase_200_com.android.role.RoleService
05-19 12:41:07.360  1245  1245 D SystemServerTiming: OnBootPhase_200_com.android.server.vibrator.VibratorManagerService$Lifecycle
05-19 12:41:07.360  1245  1245 D SystemServerTiming: OnBootPhase_200_com.android.server.tare.InternalResourceService
05-19 12:41:07.361  1245  1245 D SystemServerTiming: OnBootPhase_200_com.android.server.alarm.AlarmManagerService
05-19 12:41:07.361  1245  1245 D SystemServerTiming: OnBootPhase_200_com.android.server.devicestate.DeviceStateManagerService
05-19 12:41:07.361  1245  1245 D SystemServerTiming: OnBootPhase_200_com.android.server.camera.CameraServiceProxy
05-19 12:41:07.362  1245  1245 I WindowManager: No existing display settings, starting empty
05-19 12:41:07.388  1245  1245 D SystemServerTiming: SetWindowManagerService
05-19 12:41:07.433  1245  1245 I ActivityTaskManager: Loaded persisted task ids for user 0
05-19 12:41:07.436  1245  1245 D SystemServerTiming: WindowManagerServiceOnInitReady
05-19 12:41:07.786   444   466 I keystore2: keystore2::watchdog: Watchdog thread idle -> terminating. Have a great day.
05-19 12:41:07.794  1245  1321 I PackageManager: Deferred reconcileAppsData finished 558 packages
05-19 12:41:07.881  1245  1267 W Looper  : Slow dispatch took 442ms android.ui h=android.os.Handler c=android.os.Handler$BlockingRunnable@79bebc5 m=0
05-19 12:41:07.881  1245  1267 W Looper  : Slow delivery took 434ms android.ui h=com.android.server.policy.PhoneWindowManager$PolicyHandler c=android.hardware.camera2.CameraManager$CameraManagerGlobal$$ExternalSyntheticLambda2@e97991a m=0
05-19 12:41:07.881  1245  1267 W Looper  : Drained
05-19 12:41:07.881  1245  1245 D SystemServerTiming: StartInputManager
05-19 12:41:07.881  1245  1245 I InputManager: Starting input manager
05-19 12:41:07.882  1245  1353 D SystemServerTimingAsync: InitThreadPoolExec:StartHidlServices
05-19 12:41:07.882  1245  1353 D SystemServerTimingAsync: StartHidlServices
05-19 12:41:07.886  1245  1245 D SystemServerTiming: DisplayManagerWindowManagerAndInputReady
05-19 12:41:07.887  1245  1245 D SystemServerTiming: StartBluetoothService
05-19 12:41:07.893  1245  1245 I SystemServiceManager: Starting com.android.server.bluetooth.BluetoothService
05-19 12:41:07.901  1245  1245 D SystemServerTiming: IpConnectivityMetrics
05-19 12:41:07.902  1245  1245 I SystemServiceManager: Starting com.android.server.connectivity.IpConnectivityMetrics
05-19 12:41:07.902  1245  1245 D SystemServerTiming: NetworkWatchlistService
05-19 12:41:07.902  1245  1245 I SystemServiceManager: Starting com.android.server.net.watchlist.NetworkWatchlistService$Lifecycle
05-19 12:41:07.906  1245  1245 I WatchlistSettings: Reload watchlist settings done
05-19 12:41:07.907  1245  1357 I WatchlistLoggingHandler: No need to aggregate record yet.
05-19 12:41:07.907  1245  1357 I WatchlistLoggingHandler: Milliseconds spent on tryAggregateRecords(): 0
05-19 12:41:07.908  1245  1245 D SystemServerTiming: PinnerService
05-19 12:41:07.908  1245  1245 I SystemServiceManager: Starting com.android.server.PinnerService
05-19 12:41:07.909  1245  1245 V HistoricalRegistry: Interaction before persistence initialized
05-19 12:41:07.911  1245  1245 D SystemServerTiming: SignedConfigService
05-19 12:41:07.912  1245  1278 D PinnerService: pinRangeStream: null
05-19 12:41:07.912  1245  1245 D SystemServerTiming: AppIntegrityService
05-19 12:41:07.912  1245  1245 I SystemServiceManager: Starting com.android.server.integrity.AppIntegrityManagerService
05-19 12:41:07.914  1245  1278 D PinnerService: pinRangeStream: null
05-19 12:41:07.915  1245  1245 E IntegrityFileManager: Error creating staging and rules directory
05-19 12:41:07.920  1245  1245 D SystemServerTiming: StartLogcatManager
05-19 12:41:07.920  1245  1245 I SystemServiceManager: Starting com.android.server.logcat.LogcatManagerService
05-19 12:41:07.923  1245  1245 D SystemServerTiming: LineageGlobalActionsService
05-19 12:41:07.923  1245  1278 D PinnerService: pinRangeStream: null
05-19 12:41:07.923  1245  1245 I SystemServiceManager: Starting com.android.server.derp.LineageGlobalActionsService
05-19 12:41:07.923  1245  1278 D PinnerService: pinRangeStream: null
05-19 12:41:07.925  1245  1278 D PinnerService: pinRangeStream: null
05-19 12:41:07.928  1245  1245 I WindowManager: SAFE MODE not enabled
05-19 12:41:07.928  1245  1245 D SystemServerTiming: StartInputMethodManagerLifecycle
05-19 12:41:07.928  1245  1245 I SystemServiceManager: Starting com.android.server.inputmethod.InputMethodManagerService$Lifecycle
05-19 12:41:07.937  1245  1278 D PinnerService: pinRangeStream: null
05-19 12:41:07.942  1245  1245 D SystemServerTiming: StartAccessibilityManagerService
05-19 12:41:07.942  1245  1245 I SystemServiceManager: Starting com.android.server.accessibility.AccessibilityManagerService$Lifecycle
05-19 12:41:07.946  1245  1278 D PinnerService: pinRangeStream: null
05-19 12:41:07.946  1245  1278 D PinnerService: pinRangeStream: null
05-19 12:41:07.947  1245  1245 D SystemServerTiming: MakeDisplayReady
05-19 12:41:07.952  1245  1245 I ActivityTaskManager: Config changes=20005df8 {1.0 ?mcc?mnc [en_IN] ldltr sw400dp w400dp h852dp 432dpi nrml long port ?uimode ?night -touch -keyb/h/h -nav/h winConfig={ mBounds=Rect(0, 0 - 1080, 2400) mAppBounds=Rect(0, 100 - 1080, 2400) mMaxBounds=Rect(0, 0 - 1080, 2400) mDisplayRotation=ROTATION_0 mWindowingMode=fullscreen mDisplayWindowingMode=fullscreen mActivityType=undefined mAlwaysOnTop=undefined mRotation=ROTATION_0} s.2 ?fontWeightAdjustment}
05-19 12:41:07.952  1245  1278 D PinnerService: pinRangeStream: null
05-19 12:41:07.954  1245  1278 D PinnerService: pinRangeStream: null
05-19 12:41:07.955  1245  1278 D PinnerService: pinRangeStream: null
05-19 12:41:07.956  1245  1278 D PinnerService: pinRangeStream: null
05-19 12:41:07.956  1245  1245 I WindowManager: Override config changes=60007dfc {1.0 ?mcc?mnc [en_IN] ldltr sw400dp w400dp h852dp 432dpi nrml long port ?uimode ?night -touch -keyb/h/h -nav/h winConfig={ mBounds=Rect(0, 0 - 1080, 2400) mAppBounds=Rect(0, 100 - 1080, 2400) mMaxBounds=Rect(0, 0 - 1080, 2400) mDisplayRotation=ROTATION_0 mWindowingMode=fullscreen mDisplayWindowingMode=fullscreen mActivityType=undefined mAlwaysOnTop=undefined mRotation=ROTATION_0} s.2 ?fontWeightAdjustment} for displayId=0
05-19 12:41:07.958  1245  1278 D PinnerService: pinRangeStream: null
05-19 12:41:07.959  1245  1278 D PinnerService: pinRangeStream: null
05-19 12:41:07.959  1245  1278 D PinnerService: pinRangeStream: null
05-19 12:41:07.960  1245  1278 E PinnerService: Could not pin file /system_ext/priv-app/SystemUI/SystemUI.apk
05-19 12:41:07.960  1245  1278 E PinnerService: android.system.ErrnoException: open failed: ENOENT (No such file or directory)
05-19 12:41:07.960  1245  1278 E PinnerService: 	at libcore.io.Linux.open(Native Method)
05-19 12:41:07.960  1245  1278 E PinnerService: 	at libcore.io.ForwardingOs.open(ForwardingOs.java:563)
05-19 12:41:07.960  1245  1278 E PinnerService: 	at libcore.io.BlockGuardOs.open(BlockGuardOs.java:274)
05-19 12:41:07.960  1245  1278 E PinnerService: 	at android.system.Os.open(Os.java:494)
05-19 12:41:07.960  1245  1278 E PinnerService: 	at com.android.server.PinnerService.pinFileRanges(PinnerService.java:975)
05-19 12:41:07.960  1245  1278 E PinnerService: 	at com.android.server.PinnerService.pinFile(PinnerService.java:850)
05-19 12:41:07.960  1245  1278 E PinnerService: 	at com.android.server.PinnerService.handlePinOnStart(PinnerService.java:305)
05-19 12:41:07.960  1245  1278 E PinnerService: 	at com.android.server.PinnerService.-$$Nest$mhandlePinOnStart(Unknown Source:0)
05-19 12:41:07.960  1245  1278 E PinnerService: 	at com.android.server.PinnerService$PinnerHandler.handleMessage(PinnerService.java:1219)
05-19 12:41:07.960  1245  1278 E PinnerService: 	at android.os.Handler.dispatchMessage(Handler.java:106)
05-19 12:41:07.960  1245  1278 E PinnerService: 	at android.os.Looper.loopOnce(Looper.java:201)
05-19 12:41:07.960  1245  1278 E PinnerService: 	at android.os.Looper.loop(Looper.java:288)
05-19 12:41:07.960  1245  1278 E PinnerService: 	at android.os.HandlerThread.run(HandlerThread.java:67)
05-19 12:41:07.960  1245  1278 E PinnerService: Failed to pin file = /system_ext/priv-app/SystemUI/SystemUI.apk
05-19 12:41:07.960  1245  1245 I DisplayDevice: [0] Layerstack set to 0 for local:0
05-19 12:41:07.960  1245  1278 D PinnerService: pinRangeStream: null
05-19 12:41:07.961  1245  1278 E PinnerService: Could not pin file /system_ext/priv-app/SystemUI/oat/arm64/SystemUI.odex
05-19 12:41:07.961  1245  1278 E PinnerService: android.system.ErrnoException: open failed: ENOENT (No such file or directory)
05-19 12:41:07.961  1245  1278 E PinnerService: 	at libcore.io.Linux.open(Native Method)
05-19 12:41:07.961  1245  1278 E PinnerService: 	at libcore.io.ForwardingOs.open(ForwardingOs.java:563)
05-19 12:41:07.961  1245  1278 E PinnerService: 	at libcore.io.BlockGuardOs.open(BlockGuardOs.java:274)
05-19 12:41:07.961  1245  1278 E PinnerService: 	at android.system.Os.open(Os.java:494)
05-19 12:41:07.961  1245  1278 E PinnerService: 	at com.android.server.PinnerService.pinFileRanges(PinnerService.java:975)
05-19 12:41:07.961  1245  1278 E PinnerService: 	at com.android.server.PinnerService.pinFile(PinnerService.java:850)
05-19 12:41:07.961  1245  1278 E PinnerService: 	at com.android.server.PinnerService.handlePinOnStart(PinnerService.java:305)
05-19 12:41:07.961  1245  1278 E PinnerService: 	at com.android.server.PinnerService.-$$Nest$mhandlePinOnStart(Unknown Source:0)
05-19 12:41:07.961  1245  1278 E PinnerService: 	at com.android.server.PinnerService$PinnerHandler.handleMessage(PinnerService.java:1219)
05-19 12:41:07.961  1245  1278 E PinnerService: 	at android.os.Handler.dispatchMessage(Handler.java:106)
05-19 12:41:07.961  1245  1278 E PinnerService: 	at android.os.Looper.loopOnce(Looper.java:201)
05-19 12:41:07.961  1245  1278 E PinnerService: 	at android.os.Looper.loop(Looper.java:288)
05-19 12:41:07.961  1245  1278 E PinnerService: 	at android.os.HandlerThread.run(HandlerThread.java:67)
05-19 12:41:07.961  1245  1278 E PinnerService: Failed to pin file = /system_ext/priv-app/SystemUI/oat/arm64/SystemUI.odex
05-19 12:41:07.961  1245  1278 D PinnerService: pinRangeStream: null
05-19 12:41:07.961  1245  1278 E PinnerService: Could not pin file /system/lib64/libsurfaceflinger.so
05-19 12:41:07.961  1245  1278 E PinnerService: android.system.ErrnoException: open failed: ENOENT (No such file or directory)
05-19 12:41:07.961  1245  1278 E PinnerService: 	at libcore.io.Linux.open(Native Method)
05-19 12:41:07.961  1245  1278 E PinnerService: 	at libcore.io.ForwardingOs.open(ForwardingOs.java:563)
05-19 12:41:07.961  1245  1278 E PinnerService: 	at libcore.io.BlockGuardOs.open(BlockGuardOs.java:274)
05-19 12:41:07.961  1245  1278 E PinnerService: 	at android.system.Os.open(Os.java:494)
05-19 12:41:07.961  1245  1278 E PinnerService: 	at com.android.server.PinnerService.pinFileRanges(PinnerService.java:975)
05-19 12:41:07.961  1245  1278 E PinnerService: 	at com.android.server.PinnerService.pinFile(PinnerService.java:850)
05-19 12:41:07.961  1245  1278 E PinnerService: 	at com.android.server.PinnerService.handlePinOnStart(PinnerService.java:305)
05-19 12:41:07.961  1245  1278 E PinnerService: 	at com.android.server.PinnerService.-$$Nest$mhandlePinOnStart(Unknown Source:0)
05-19 12:41:07.961  1245  1278 E PinnerService: 	at com.android.server.PinnerService$PinnerHandler.handleMessage(PinnerService.java:1219)
05-19 12:41:07.961  1245  1278 E PinnerService: 	at android.os.Handler.dispatchMessage(Handler.java:106)
05-19 12:41:07.961  1245  1278 E PinnerService: 	at android.os.Looper.loopOnce(Looper.java:201)
05-19 12:41:07.961  1245  1278 E PinnerService: 	at android.os.Looper.loop(Looper.java:288)
05-19 12:41:07.961  1245  1278 E PinnerService: 	at android.os.HandlerThread.run(HandlerThread.java:67)
05-19 12:41:07.961  1245  1278 E PinnerService: Failed to pin file = /system/lib64/libsurfaceflinger.so
05-19 12:41:07.966  1245  1245 I ActivityTaskManager: Config changes=8 {1.0 ?mcc?mnc [en_IN] ldltr sw400dp w400dp h852dp 432dpi nrml long port ?uimode ?night finger -keyb/h/h -nav/h winConfig={ mBounds=Rect(0, 0 - 1080, 2400) mAppBounds=Rect(0, 100 - 1080, 2400) mMaxBounds=Rect(0, 0 - 1080, 2400) mDisplayRotation=ROTATION_0 mWindowingMode=fullscreen mDisplayWindowingMode=fullscreen mActivityType=undefined mAlwaysOnTop=undefined mRotation=ROTATION_0} s.4 ?fontWeightAdjustment}
05-19 12:41:07.969  1245  1245 I WindowManager: Override config changes=8 {1.0 ?mcc?mnc [en_IN] ldltr sw400dp w400dp h852dp 432dpi nrml long port ?uimode ?night finger -keyb/h/h -nav/h winConfig={ mBounds=Rect(0, 0 - 1080, 2400) mAppBounds=Rect(0, 100 - 1080, 2400) mMaxBounds=Rect(0, 0 - 1080, 2400) mDisplayRotation=ROTATION_0 mWindowingMode=fullscreen mDisplayWindowingMode=fullscreen mActivityType=undefined mAlwaysOnTop=undefined mRotation=ROTATION_0} s.4 ?fontWeightAdjustment} for displayId=0
05-19 12:41:07.971  1245  1245 D SystemServerTiming: StartStorageManagerService
05-19 12:41:07.971  1245  1245 I SystemServiceManager: Starting com.android.server.StorageManagerService$Lifecycle
05-19 12:41:07.985  1245  1361 D StorageManagerService: Thinking about init, mBootCompleted=false, mDaemonConnected=true
05-19 12:41:07.985  1245  1361 D StorageManagerService: Thinking about reset, mBootCompleted=false, mDaemonConnected=true
05-19 12:41:07.986  1245  1361 D StorageManagerService: Thinking about init, mBootCompleted=false, mDaemonConnected=true
05-19 12:41:07.986  1245  1361 D StorageManagerService: Thinking about reset, mBootCompleted=false, mDaemonConnected=true
05-19 12:41:07.987  1245  1245 D SystemServerTiming: StartStorageStatsService
05-19 12:41:07.987  1245  1245 I SystemServiceManager: Starting com.android.server.usage.StorageStatsService$Lifecycle
05-19 12:41:07.996  1245  1245 D SystemServerTiming: StartUiModeManager
05-19 12:41:07.996  1245  1245 I SystemServiceManager: Starting com.android.server.UiModeManagerService
05-19 12:41:07.998  1245  1363 D SystemServerTimingAsync: InitThreadPoolExec:UiModeManager.onStart
05-19 12:41:07.999  1245  1245 D SystemServerTiming: StartLocaleManagerService
05-19 12:41:07.999  1245  1245 I SystemServiceManager: Starting com.android.server.locales.LocaleManagerService
05-19 12:41:08.003  1245  1245 D SystemServerTiming: UpdatePackagesIfNeeded
05-19 12:41:08.003  1245  1245 I Watchdog: Pausing HandlerChecker: main thread for reason: dexopt. Pause count: 1
05-19 12:41:08.005  1245  1245 I Watchdog: Resuming HandlerChecker: main thread for reason: dexopt. Pause count: 0
05-19 12:41:08.005  1245  1245 D SystemServerTiming: PerformFstrimIfNeeded
05-19 12:41:08.006  1245  1245 D SystemServerTiming: StartLockSettingsService
05-19 12:41:08.006  1245  1245 I SystemServiceManager: Starting com.android.server.locksettings.LockSettingsService$Lifecycle
05-19 12:41:08.022  1245  1245 D SystemServerTiming: StartPersistentDataBlock
05-19 12:41:08.022  1245  1245 I SystemServiceManager: Starting com.android.server.PersistentDataBlockService
05-19 12:41:08.023  1245  1245 D SystemServerTiming: StartTestHarnessMode
05-19 12:41:08.023  1245  1245 I SystemServiceManager: Starting com.android.server.testharness.TestHarnessModeService
05-19 12:41:08.023  1245  1366 D SystemServerTimingAsync: InitThreadPoolExec:PersistentDataBlockService.onStart
05-19 12:41:08.026  1245  1245 D SystemServerTiming: StartOemLockService
05-19 12:41:08.026  1245  1245 I SystemServiceManager: Starting com.android.server.oemlock.OemLockService
05-19 12:41:08.028  1245  1245 I OemLock : OemLock HAL not present on device
05-19 12:41:08.028  1245  1245 I OemLock : Using persistent data block based lock
05-19 12:41:08.030  1245  1245 D SystemServerTiming: StartDeviceIdleController
05-19 12:41:08.030  1245  1245 I SystemServiceManager: Starting com.android.server.DeviceIdleController
05-19 12:41:08.041  1245  1245 D SystemServerTiming: StartDevicePolicyManager
05-19 12:41:08.041  1245  1245 I SystemServiceManager: Starting com.android.server.devicepolicy.DevicePolicyManagerService$Lifecycle
05-19 12:41:08.048  1245  1245 I DevicePolicyManager: Current version 3, latest version 3, not upgrading.
05-19 12:41:08.050  1245  1245 I DevicePolicyManager: Set ro.organization_owned property to false
05-19 12:41:08.055  1245  1245 D SystemServerTiming: StartStatusBarManagerService
05-19 12:41:08.058  1245  1245 D SystemServerTiming: StartMusicRecognitionManagerService
05-19 12:41:08.059  1245  1245 I SystemServiceManager: Starting com.android.server.musicrecognition.MusicRecognitionManagerService
05-19 12:41:08.063  1245  1245 D SystemServerTiming: StartContentCaptureService
05-19 12:41:08.063  1245  1245 I SystemServiceManager: Starting com.android.server.contentcapture.ContentCaptureManagerService
05-19 12:41:08.067  1245  1245 D SystemServerTiming: StartAttentionManagerService
05-19 12:41:08.067  1245  1245 I SystemServiceManager: Starting com.android.server.attention.AttentionManagerService
05-19 12:41:08.077  1245  1245 D SystemServerTiming: StartRotationResolverService
05-19 12:41:08.077  1245  1245 I SystemServiceManager: Starting com.android.server.rotationresolver.RotationResolverManagerService
05-19 12:41:08.079  1245  1245 D SystemServerTiming: StartSystemCaptionsManagerService
05-19 12:41:08.079  1245  1245 I SystemServiceManager: Starting com.android.server.systemcaptions.SystemCaptionsManagerService
05-19 12:41:08.080  1245  1245 D SystemServerTiming: StartTextToSpeechManagerService
05-19 12:41:08.080  1245  1245 I SystemServiceManager: Starting com.android.server.texttospeech.TextToSpeechManagerService
05-19 12:41:08.082  1245  1245 D SystemServerTiming: StartAmbientContextService
05-19 12:41:08.082  1245  1245 I SystemServiceManager: Starting com.android.server.ambientcontext.AmbientContextManagerService
05-19 12:41:08.090  1245  1245 D SystemServerTiming: StartSpeechRecognitionManagerService
05-19 12:41:08.090  1245  1245 I SystemServiceManager: Starting com.android.server.speech.SpeechRecognitionManagerService
05-19 12:41:08.093  1245  1245 D SystemServerTiming: StartAppPredictionService
05-19 12:41:08.093  1245  1245 I SystemServiceManager: Starting com.android.server.appprediction.AppPredictionManagerService
05-19 12:41:08.096  1245  1245 D SystemServerTiming: StartContentSuggestionsService
05-19 12:41:08.096  1245  1245 I SystemServiceManager: Starting com.android.server.contentsuggestions.ContentSuggestionsManagerService
05-19 12:41:08.099  1245  1245 D SystemServerTiming: StartSearchUiService
05-19 12:41:08.099  1245  1245 I SystemServiceManager: Starting com.android.server.searchui.SearchUiManagerService
05-19 12:41:08.102  1245  1245 D SystemServerTiming: StartSmartspaceService
05-19 12:41:08.102  1245  1245 I SystemServiceManager: Starting com.android.server.smartspace.SmartspaceManagerService
05-19 12:41:08.105  1245  1245 D SystemServerTiming: InitConnectivityModuleConnector
05-19 12:41:08.105  1245  1245 D ConnectivityModuleConnector: Network stack init
05-19 12:41:08.107  1245  1245 D SystemServerTiming: InitNetworkStackClient
05-19 12:41:08.107  1245  1245 D SystemServerTiming: StartNetworkManagementService
05-19 12:41:08.112  1245  1245 D SystemServerTiming: StartFontManagerService
05-19 12:41:08.133  1245  1245 D SystemServerTiming: StartTextServicesManager
05-19 12:41:08.133  1245  1245 I SystemServiceManager: Starting com.android.server.textservices.TextServicesManagerService$Lifecycle
05-19 12:41:08.135  1245  1245 D SystemServerTiming: StartTextClassificationManagerService
05-19 12:41:08.135  1245  1245 I SystemServiceManager: Starting com.android.server.textclassifier.TextClassificationManagerService$Lifecycle
05-19 12:41:08.140  1245  1245 D SystemServerTiming: StartNetworkScoreService
05-19 12:41:08.140  1245  1245 I SystemServiceManager: Starting com.android.server.NetworkScoreService$Lifecycle
05-19 12:41:08.143  1245  1245 D SystemServerTiming: StartNetworkStatsService
05-19 12:41:08.156  1245  1245 I SystemServiceManager: Starting com.android.server.NetworkStatsServiceInitializer
05-19 12:41:08.204  1245  1245 D SystemServerTiming: StartNetworkPolicyManagerService
05-19 12:41:08.211  1245  1245 D SystemServerTiming: StartWifi
05-19 12:41:08.231  1245  1245 I SystemServiceManager: Starting com.android.server.wifi.WifiService
05-19 12:41:08.341   820   820 I wificond: New wificond event callback registered
05-19 12:41:08.347  1245  1245 V HistoricalRegistry: Interaction before persistence initialized
05-19 12:41:08.351  1245  1245 D SystemServerTiming: StartWifiScanning
05-19 12:41:08.351  1245  1245 I SystemServiceManager: Starting com.android.server.wifi.scanner.WifiScanningService
05-19 12:41:08.356  1245  1245 D SystemServerTiming: StartWifiP2P
05-19 12:41:08.356  1245  1245 I SystemServiceManager: Starting com.android.server.wifi.p2p.WifiP2pService
05-19 12:41:08.363  1245  1245 D SystemServerTiming: StartPacProxyService
05-19 12:41:08.366  1245  1245 D SystemServerTiming: StartConnectivityService
05-19 12:41:08.366  1245  1245 I SystemServiceManager: Starting com.android.server.ConnectivityServiceInitializer
05-19 12:41:08.393  1245  1245 D CompatibilityChangeReporter: Compat change id reported: 182478738; UID 1000; state: ENABLED
05-19 12:41:08.424  1245  1245 D SystemServerTiming: StartVpnManagerService
05-19 12:41:08.427  1245  1245 D SystemServerTiming: StartVcnManagementService
05-19 12:41:08.430  1245  1245 D SystemServerTiming: StartSystemUpdateManagerService
05-19 12:41:08.431  1245  1245 I SystemUpdateManagerService: No existing info file /data/system/system-update-info.xml
05-19 12:41:08.432  1245  1245 D SystemServerTiming: StartUpdateLockService
05-19 12:41:08.433  1245  1245 D SystemServerTiming: StartNotificationManager
05-19 12:41:08.433  1245  1245 I SystemServiceManager: Starting com.android.server.notification.NotificationManagerService
05-19 12:41:08.439  1245  1245 D ConditionProviders.SCP: new ScheduleConditionProvider()
05-19 12:41:08.470  1245  1245 I NotificationListeners: Read notification listener permissions from xml
05-19 12:41:08.470  1245  1245 I NotificationAssistants: Read notification assistant permissions from xml
05-19 12:41:08.470  1245  1245 I ConditionProviders: Read condition provider permissions from xml
05-19 12:41:08.470  1245  1245 I ConditionProviders: Read condition provider permissions from xml
05-19 12:41:08.470  1245  1245 D NotificationAssistants: Approving default notification assistant for user 0
05-19 12:41:08.471  1245  1245 I ConditionProviders:  Allowing condition provider android.ext.services/android.ext.services.notification.Assistant (userSet: true)
05-19 12:41:08.474  1245  1245 D CompatibilityChangeReporter: Compat change id reported: 157233955; UID 1000; state: ENABLED
05-19 12:41:08.481  1245  1245 D SystemServerTiming: StartDeviceMonitor
05-19 12:41:08.481  1245  1245 I SystemServiceManager: Starting com.android.server.storage.DeviceStorageMonitorService
05-19 12:41:08.486  1245  1245 D SystemServerTiming: StartLocationManagerService
05-19 12:41:08.486  1245  1245 I SystemServiceManager: Starting com.android.server.location.LocationManagerService$Lifecycle
05-19 12:41:08.490  1245  1245 D SystemServerTiming: StartCountryDetectorService
05-19 12:41:08.492  1245  1245 D SystemServerTiming: StartTimeDetectorService
05-19 12:41:08.492  1245  1245 I SystemServiceManager: Starting com.android.server.timedetector.TimeDetectorService$Lifecycle
05-19 12:41:08.495  1245  1245 D SystemServerTiming: StartTimeZoneDetectorService
05-19 12:41:08.495  1245  1245 I SystemServiceManager: Starting com.android.server.timezonedetector.TimeZoneDetectorService$Lifecycle
05-19 12:41:08.502  1245  1245 D SystemServerTiming: StartLocationTimeZoneManagerService
05-19 12:41:08.502  1245  1245 I SystemServiceManager: Starting com.android.server.timezonedetector.location.LocationTimeZoneManagerService$Lifecycle
05-19 12:41:08.504  1245  1245 D SystemServerTiming: StartSearchManagerService
05-19 12:41:08.504  1245  1245 I SystemServiceManager: Starting com.android.server.search.SearchManagerService$Lifecycle
05-19 12:41:08.506  1245  1245 D SystemServerTiming: StartWallpaperManagerService
05-19 12:41:08.506  1245  1245 I SystemServiceManager: Starting com.android.server.wallpaper.WallpaperManagerService$Lifecycle
05-19 12:41:08.509  1245  1245 D SystemServerTiming: StartWallpaperEffectsGenerationService
05-19 12:41:08.509  1245  1245 I SystemServiceManager: Starting com.android.server.wallpapereffectsgeneration.WallpaperEffectsGenerationManagerService
05-19 12:41:08.511  1245  1245 D SystemServerTiming: StartAudioService
05-19 12:41:08.511  1245  1245 I SystemServiceManager: Starting com.android.server.audio.AudioService$Lifecycle
05-19 12:41:08.574  1245  1245 D SystemServerTiming: StartSoundTriggerMiddlewareService
05-19 12:41:08.574  1245  1245 I SystemServiceManager: Starting com.android.server.soundtrigger_middleware.SoundTriggerMiddlewareService$Lifecycle
05-19 12:41:08.580  1245  1245 D SystemServerTiming: StartDockObserver
05-19 12:41:08.580  1245  1245 I SystemServiceManager: Starting com.android.server.DockObserver
05-19 12:41:08.580  1245  1245 I DockObserver: No extcon dock device found in this kernel.
05-19 12:41:08.582  1245  1245 D SystemServerTiming: StartWiredAccessoryManager
05-19 12:41:08.582  1245  1245 W WiredAccessoryManager: This kernel does not have usb audio support
05-19 12:41:08.582  1245  1245 W WiredAccessoryManager: This kernel does not have HDMI audio support
05-19 12:41:08.582  1245  1245 E WiredAccessoryManager: file /sys/devices/platform/soc/soc:qcom,msm-ext-disp/extcon/extcon3/name not found
05-19 12:41:08.583  1245  1245 W WiredAccessoryManager: Conn soc:qcom,msm-ext-disp/3/1 does not have DP audio support
05-19 12:41:08.583  1245  1245 E WiredAccessoryManager: file /sys/devices/platform/soc/soc:qcom,msm-ext-disp/extcon/extcon2/name not found
05-19 12:41:08.583  1245  1245 W WiredAccessoryManager: Conn soc:qcom,msm-ext-disp/2/1 does not have DP audio support
05-19 12:41:08.583  1245  1245 E WiredAccessoryManager: file /sys/devices/platform/soc/soc:qcom,msm-ext-disp/extcon/extcon1/name not found
05-19 12:41:08.583  1245  1245 W WiredAccessoryManager: Conn soc:qcom,msm-ext-disp/1/1 does not have DP audio support
05-19 12:41:08.583  1245  1245 E WiredAccessoryManager: file /sys/devices/platform/soc/soc:qcom,msm-ext-disp/extcon/extcon0/name not found
05-19 12:41:08.583  1245  1245 W WiredAccessoryManager: Conn soc:qcom,msm-ext-disp/0/1 does not have DP audio support
05-19 12:41:08.583  1245  1245 E WiredAccessoryManager: file /sys/devices/platform/soc/soc:qcom,msm-ext-disp/extcon/extcon3/name not found
05-19 12:41:08.583  1245  1245 W WiredAccessoryManager: Conn soc:qcom,msm-ext-disp/3/0 does not have DP audio support
05-19 12:41:08.583  1245  1245 E WiredAccessoryManager: file /sys/devices/platform/soc/soc:qcom,msm-ext-disp/extcon/extcon2/name not found
05-19 12:41:08.583  1245  1245 W WiredAccessoryManager: Conn soc:qcom,msm-ext-disp/2/0 does not have DP audio support
05-19 12:41:08.583  1245  1245 E WiredAccessoryManager: file /sys/devices/platform/soc/soc:qcom,msm-ext-disp/extcon/extcon1/name not found
05-19 12:41:08.583  1245  1245 W WiredAccessoryManager: Conn soc:qcom,msm-ext-disp/1/0 does not have DP audio support
05-19 12:41:08.584  1245  1245 E WiredAccessoryManager: file /sys/devices/platform/soc/soc:qcom,msm-ext-disp/extcon/extcon0/name not found
05-19 12:41:08.584  1245  1245 W WiredAccessoryManager: Conn soc:qcom,msm-ext-disp/0/0 does not have DP audio support
05-19 12:41:08.584  1245  1245 D SystemServerTiming: StartMidiManager
05-19 12:41:08.584  1245  1245 I SystemServiceManager: Starting com.android.server.midi.MidiService$Lifecycle
05-19 12:41:08.586  1245  1245 D SystemServerTiming: StartAdbService
05-19 12:41:08.586  1245  1245 I SystemServiceManager: Starting com.android.server.adb.AdbService$Lifecycle
05-19 12:41:08.588  1245  1245 D SystemServerTiming: StartUsbService
05-19 12:41:08.588  1245  1245 I SystemServiceManager: Starting com.android.server.usb.UsbService$Lifecycle
05-19 12:41:08.589  1245  1245 D SystemServerTiming: StartSerialService
05-19 12:41:08.589  1245  1273 D SystemServerTimingAsync: InitThreadPoolExec:UsbService$Lifecycle#onStart
05-19 12:41:08.590  1245  1273 I UsbDeviceManager: failed to write to /sys/class/android_usb/android0/f_rndis/ethaddr
05-19 12:41:08.590  1245  1245 D SystemServerTiming: StartHardwarePropertiesManagerService
05-19 12:41:08.592  1245  1273 I UsbDeviceManager: USB GADGET HAL not present in the device
05-19 12:41:08.592  1245  1273 I UsbDeviceManager: java.util.NoSuchElementException
05-19 12:41:08.592  1245  1273 I UsbDeviceManager: 	at android.os.HwBinder.getService(Native Method)
05-19 12:41:08.592  1245  1273 I UsbDeviceManager: 	at android.hardware.usb.gadget.V1_0.IUsbGadget.getService(IUsbGadget.java:57)
05-19 12:41:08.592  1245  1273 I UsbDeviceManager: 	at android.hardware.usb.gadget.V1_0.IUsbGadget.getService(IUsbGadget.java:64)
05-19 12:41:08.592  1245  1273 I UsbDeviceManager: 	at com.android.server.usb.UsbDeviceManager.<init>(UsbDeviceManager.java:308)
05-19 12:41:08.592  1245  1273 I UsbDeviceManager: 	at com.android.server.usb.UsbService.<init>(UsbService.java:183)
05-19 12:41:08.592  1245  1273 I UsbDeviceManager: 	at com.android.server.usb.UsbService$Lifecycle.lambda$onStart$0(UsbService.java:97)
05-19 12:41:08.592  1245  1273 I UsbDeviceManager: 	at com.android.server.usb.UsbService$Lifecycle.$r8$lambda$CxV7IL0QHEjIgNnhuBbpakF4-Bg(Unknown Source:0)
05-19 12:41:08.592  1245  1273 I UsbDeviceManager: 	at com.android.server.usb.UsbService$Lifecycle$$ExternalSyntheticLambda2.run(Unknown Source:2)
05-19 12:41:08.592  1245  1273 I UsbDeviceManager: 	at com.android.server.SystemServerInitThreadPool.lambda$submitTask$0(SystemServerInitThreadPool.java:106)
05-19 12:41:08.592  1245  1273 I UsbDeviceManager: 	at com.android.server.SystemServerInitThreadPool.$r8$lambda$aGlXt69ihU44Qi7EB_RNeu8pnrY(Unknown Source:0)
05-19 12:41:08.592  1245  1273 I UsbDeviceManager: 	at com.android.server.SystemServerInitThreadPool$$ExternalSyntheticLambda0.run(Unknown Source:6)
05-19 12:41:08.592  1245  1273 I UsbDeviceManager: 	at java.util.concurrent.Executors$RunnableAdapter.call(Executors.java:463)
05-19 12:41:08.592  1245  1273 I UsbDeviceManager: 	at java.util.concurrent.FutureTask.run(FutureTask.java:264)
05-19 12:41:08.592  1245  1273 I UsbDeviceManager: 	at java.util.concurrent.ThreadPoolExecutor.runWorker(ThreadPoolExecutor.java:1137)
