05-13 16:19:20.045  1233  1419 W Fingerprint21: 	at android.hardware.biometrics.fingerprint.V2_1.IBiometricsFingerprint.getService(IBiometricsFingerprint.java:74)
05-13 16:19:20.045  1233  1419 W Fingerprint21: 	at android.hardware.biometrics.fingerprint.V2_1.IBiometricsFingerprint.getService(IBiometricsFingerprint.java:84)
05-13 16:19:20.045  1233  1419 W Fingerprint21: 	at com.android.server.biometrics.sensors.fingerprint.hidl.Fingerprint21.getDaemon(Fingerprint21.java:422)
05-13 16:19:20.045  1233  1419 W Fingerprint21: 	at com.android.server.biometrics.sensors.fingerprint.hidl.Fingerprint21.isHardwareDetected(Fingerprint21.java:775)
05-13 16:19:20.045  1233  1419 W Fingerprint21: 	at com.android.server.biometrics.sensors.fingerprint.FingerprintService$FingerprintServiceWrapper.isHardwareDetectedDeprecated(FingerprintService.java:683)
05-13 16:19:20.045  1233  1419 W Fingerprint21: 	at android.hardware.fingerprint.IFingerprintService$Stub.onTransact(IFingerprintService.java:689)
05-13 16:19:20.045  1233  1419 W Fingerprint21: 	at android.os.Binder.execTransactInternal(Binder.java:1285)
05-13 16:19:20.045  1233  1419 W Fingerprint21: 	at android.os.Binder.execTransact(Binder.java:1244)
05-13 16:19:20.045  1233  1419 W Fingerprint21: Fingerprint HAL not available
05-13 16:19:20.049  1233  1419 D Fingerprint21: Daemon was null, reconnecting, current operation: null
05-13 16:19:20.050  1233  1419 W Fingerprint21: NoSuchElementException
05-13 16:19:20.050  1233  1419 W Fingerprint21: java.util.NoSuchElementException
05-13 16:19:20.050  1233  1419 W Fingerprint21: 	at android.os.HwBinder.getService(Native Method)
05-13 16:19:20.050  1233  1419 W Fingerprint21: 	at android.os.HwBinder.getService(HwBinder.java:81)
05-13 16:19:20.050  1233  1419 W Fingerprint21: 	at android.hardware.biometrics.fingerprint.V2_1.IBiometricsFingerprint.getService(IBiometricsFingerprint.java:74)
05-13 16:19:20.050  1233  1419 W Fingerprint21: 	at android.hardware.biometrics.fingerprint.V2_1.IBiometricsFingerprint.getService(IBiometricsFingerprint.java:84)
05-13 16:19:20.050  1233  1419 W Fingerprint21: 	at com.android.server.biometrics.sensors.fingerprint.hidl.Fingerprint21.getDaemon(Fingerprint21.java:422)
05-13 16:19:20.050  1233  1419 W Fingerprint21: 	at com.android.server.biometrics.sensors.fingerprint.hidl.Fingerprint21.isHardwareDetected(Fingerprint21.java:775)
05-13 16:19:20.050  1233  1419 W Fingerprint21: 	at com.android.server.biometrics.sensors.fingerprint.FingerprintService$FingerprintServiceWrapper.isHardwareDetectedDeprecated(FingerprintService.java:683)
05-13 16:19:20.050  1233  1419 W Fingerprint21: 	at android.hardware.fingerprint.IFingerprintService$Stub.onTransact(IFingerprintService.java:689)
05-13 16:19:20.050  1233  1419 W Fingerprint21: 	at android.os.Binder.execTransactInternal(Binder.java:1285)
05-13 16:19:20.050  1233  1419 W Fingerprint21: 	at android.os.Binder.execTransact(Binder.java:1244)
05-13 16:19:20.050  1233  1419 W Fingerprint21: Fingerprint HAL not available
05-13 16:19:20.065  1233  1419 W ActivityManager: Unable to start service Intent { act=com.google.android.gms.phenotype.service.START pkg=com.google.android.gms } U=0: not found
05-13 16:19:20.066  1233  1419 W ActivityManager: Unbind failed: could not find connection for android.os.BinderProxy@c1e3ad2
05-13 16:19:20.074  1233  1419 I Telecom : PhoneAccountRegistrar: Modify account: [ComponentInfo{com.android.phone/com.android.services.telephony.TelephonyConnectionService}, E, UserHandle{0}]: TSI.rPA@ADA
05-13 16:19:20.077  1233  1419 I Telecom : CallsManager: handlePhoneAccountChanged: phoneAccount=[[X] PhoneAccount: ComponentInfo{com.android.phone/com.android.services.telephony.TelephonyConnectionService}, E, UserHandle{0} Capabilities: SuppVideo CallProvider MultiUser PlaceEmerg SimSub  Audio Routes: BESW Schemes: tel voicemail  Extras: Bundle[{android.telecom.extra.SUPPORTS_VIDEO_CALLING_FALLBACK=true}] GroupId: ***]: TSI.rPA@ADA
05-13 16:19:20.081  1233  1419 I Telecom : PhoneAccountRegistrar: getSimCallManager: SimCallManager for subId 2 queried, returning: null: TSI.rPA@ADA
05-13 16:19:20.081  1233  1419 I Telecom : PhoneAccountRegistrar: Notifying telephony of voice service override change for 1 SIMs, hasService = false: TSI.rPA@ADA
05-13 16:19:20.086  1233  1299 D CompatibilityChangeReporter: Compat change id reported: 161145287; UID 10446; state: DISABLED
05-13 16:19:20.087  1233  1419 D CompatibilityChangeReporter: Compat change id reported: 183407956; UID 10446; state: ENABLED
05-13 16:19:20.121  1233  1299 W ActivityManager: Unable to start service Intent { act=com.google.android.gms.phenotype.service.START pkg=com.google.android.gms } U=0: not found
05-13 16:19:20.122  1233  1299 W ActivityManager: Unbind failed: could not find connection for android.os.BinderProxy@db69bcd
05-13 16:19:20.124  1233  1247 W NotificationHistory: Attempted to remove channel for locked/gone/disabled user 0
05-13 16:19:20.128  1233  1247 W ActivityManager: Unable to start service Intent { act=com.google.android.gms.phenotype.service.START pkg=com.google.android.gms } U=0: not found
05-13 16:19:20.128  1233  1247 W ActivityManager: Unbind failed: could not find connection for android.os.BinderProxy@39e27c9
05-13 16:19:20.161  1233  1299 W ActivityManager: Unable to start service Intent { cmp=com.google.android.dialer/com.google.apps.tiktok.concurrent.AndroidFuturesService (has extras) } U=0: not found
05-13 16:19:20.173  1233  1414 I Telecom : PhoneAccountRegistrar: Modify account: [ComponentInfo{com.android.phone/com.android.services.telephony.TelephonyConnectionService}, E, UserHandle{0}]: TSI.rPA@ADs
05-13 16:19:20.175  1233  1419 W ActivityManager: Unable to start service Intent { cmp=com.google.android.dialer/com.google.apps.tiktok.concurrent.AndroidFuturesService (has extras) } U=0: not found
05-13 16:19:20.176  1233  1414 I Telecom : CallsManager: handlePhoneAccountChanged: phoneAccount=[[X] PhoneAccount: ComponentInfo{com.android.phone/com.android.services.telephony.TelephonyConnectionService}, E, UserHandle{0} Capabilities: SuppVideo CallProvider MultiUser PlaceEmerg SimSub  Audio Routes: BESW Schemes: tel voicemail  Extras: Bundle[{android.telecom.extra.SUPPORTS_VIDEO_CALLING_FALLBACK=true}] GroupId: ***]: TSI.rPA@ADs
05-13 16:19:20.180  1233  1414 I Telecom : PhoneAccountRegistrar: getSimCallManager: SimCallManager for subId 2 queried, returning: null: TSI.rPA@ADs
05-13 16:19:20.180  1233  1414 I Telecom : PhoneAccountRegistrar: Notifying telephony of voice service override change for 1 SIMs, hasService = false: TSI.rPA@ADs
05-13 16:19:20.188  1233  1419 W ActivityManager: Unable to start service Intent { cmp=com.google.android.dialer/com.google.apps.tiktok.concurrent.AndroidFuturesService (has extras) } U=0: not found
05-13 16:19:20.198  1233  1246 W ActivityManager: Unable to start service Intent { cmp=com.google.android.dialer/com.google.apps.tiktok.concurrent.AndroidFuturesService (has extras) } U=0: not found
05-13 16:19:20.201  1233  1246 D SystemServerTiming: getUserSwitchability-0
05-13 16:19:20.201  1233  1246 D SystemServerTiming: TM.isInCall
05-13 16:19:20.201  1233  1246 D SystemServerTiming: hasUserRestriction-DISALLOW_USER_SWITCH
05-13 16:19:20.201  1233  1246 D SystemServerTiming: getInt-ALLOW_USER_SWITCHING_WHEN_SYSTEM_USER_LOCKED
05-13 16:19:20.201  1233  1246 D SystemServerTiming: isUserUnlocked-USER_SYSTEM
05-13 16:19:20.203  1233  1246 W ActivityManager: Unable to start service Intent { act=com.google.android.chimera.BoundService.START dat=chimera-action: cmp=com.google.android.gms/.chimera.PersistentBoundBrokerService } U=0: not found
05-13 16:19:20.205  1233  1419 W ActivityManager: Unbind failed: could not find connection for android.os.BinderProxy@894177e
05-13 16:19:20.214  1233  1419 W ActivityManager: Unable to start service Intent { cmp=com.google.android.dialer/com.google.apps.tiktok.concurrent.AndroidFuturesService (has extras) } U=0: not found
05-13 16:19:20.226  1233  1246 W ActivityManager: Unable to start service Intent { cmp=com.google.android.dialer/com.google.apps.tiktok.concurrent.AndroidFuturesService (has extras) } U=0: not found
05-13 16:19:20.241  1233  1246 W ActivityManager: Unable to start service Intent { cmp=com.google.android.dialer/com.google.apps.tiktok.concurrent.AndroidFuturesService (has extras) } U=0: not found
05-13 16:19:20.253  1233  1299 D SystemServerTiming: getUserSwitchability-0
05-13 16:19:20.253  1233  1419 D SystemServerTiming: getUserSwitchability-0
05-13 16:19:20.253  1233  1419 D SystemServerTiming: TM.isInCall
05-13 16:19:20.253  1233  1299 D SystemServerTiming: TM.isInCall
05-13 16:19:20.254  1233  1419 D SystemServerTiming: hasUserRestriction-DISALLOW_USER_SWITCH
05-13 16:19:20.254  1233  1419 D SystemServerTiming: getInt-ALLOW_USER_SWITCHING_WHEN_SYSTEM_USER_LOCKED
05-13 16:19:20.254  1233  1299 D SystemServerTiming: hasUserRestriction-DISALLOW_USER_SWITCH
05-13 16:19:20.254  1233  1419 D SystemServerTiming: isUserUnlocked-USER_SYSTEM
05-13 16:19:20.254  1233  1299 D SystemServerTiming: getInt-ALLOW_USER_SWITCHING_WHEN_SYSTEM_USER_LOCKED
05-13 16:19:20.254  1233  1299 D SystemServerTiming: isUserUnlocked-USER_SYSTEM
05-13 16:19:20.255  1233  1419 D SystemServerTiming: getUserSwitchability-0
05-13 16:19:20.255  1233  1419 D SystemServerTiming: TM.isInCall
05-13 16:19:20.255  1233  1246 D SystemServerTiming: getUserSwitchability-0
05-13 16:19:20.255  1233  1246 D SystemServerTiming: TM.isInCall
05-13 16:19:20.256  1233  1414 W ActivityManager: Unable to start service Intent { cmp=com.google.android.dialer/com.google.apps.tiktok.concurrent.AndroidFuturesService (has extras) } U=0: not found
05-13 16:19:20.256  1233  1246 D SystemServerTiming: hasUserRestriction-DISALLOW_USER_SWITCH
05-13 16:19:20.256  1233  1246 D SystemServerTiming: getInt-ALLOW_USER_SWITCHING_WHEN_SYSTEM_USER_LOCKED
05-13 16:19:20.256  1233  1246 D SystemServerTiming: isUserUnlocked-USER_SYSTEM
05-13 16:19:20.256  1233  1419 D SystemServerTiming: hasUserRestriction-DISALLOW_USER_SWITCH
05-13 16:19:20.256  1233  1419 D SystemServerTiming: getInt-ALLOW_USER_SWITCHING_WHEN_SYSTEM_USER_LOCKED
05-13 16:19:20.256  1233  1419 D SystemServerTiming: isUserUnlocked-USER_SYSTEM
05-13 16:19:20.262  1233  1299 I Telecom : PhoneAccountRegistrar: Modify account: [ComponentInfo{com.android.phone/com.android.services.telephony.TelephonyConnectionService}, E, UserHandle{0}]: TSI.rPA@AEY
05-13 16:19:20.263  1233  1299 I Telecom : CallsManager: handlePhoneAccountChanged: phoneAccount=[[X] PhoneAccount: ComponentInfo{com.android.phone/com.android.services.telephony.TelephonyConnectionService}, E, UserHandle{0} Capabilities: SuppVideo CallProvider MultiUser PlaceEmerg SimSub  Audio Routes: BESW Schemes: tel voicemail  Extras: Bundle[{android.telecom.extra.SUPPORTS_VIDEO_CALLING_FALLBACK=true}] GroupId: ***]: TSI.rPA@AEY
05-13 16:19:20.267  1233  1299 I Telecom : PhoneAccountRegistrar: getSimCallManager: SimCallManager for subId 2 queried, returning: null: TSI.rPA@AEY
05-13 16:19:20.267  1233  1299 I Telecom : PhoneAccountRegistrar: Notifying telephony of voice service override change for 1 SIMs, hasService = false: TSI.rPA@AEY
05-13 16:19:20.276  1233  1247 W ActivityManager: Unable to start service Intent { cmp=com.google.android.dialer/com.google.apps.tiktok.concurrent.AndroidFuturesService (has extras) } U=0: not found
05-13 16:19:20.295  1233  1246 W ActivityManager: Unable to start service Intent { cmp=com.google.android.dialer/com.google.apps.tiktok.concurrent.AndroidFuturesService (has extras) } U=0: not found
05-13 16:19:20.320  1233  1246 W ActivityManager: Unable to start service Intent { cmp=com.google.android.dialer/com.google.apps.tiktok.concurrent.AndroidFuturesService (has extras) } U=0: not found
05-13 16:19:20.324  1233  1414 W BroadcastQueue: Permission Denial: receiving Intent { act=android.intent.action.SERVICE_STATE flg=0x1000010 (has extras) } to com.android.cellbroadcastreceiver.module/com.android.cellbroadcastreceiver.CellBroadcastReceiver requires android.permission.ACCESS_FINE_LOCATION due to sender android (uid 1001)
05-13 16:19:20.339  1233  1247 W ActivityManager: Unable to start service Intent { cmp=com.google.android.dialer/com.google.apps.tiktok.concurrent.AndroidFuturesService (has extras) } U=0: not found
05-13 16:19:20.339  1233  1260 W BroadcastQueue: Permission Denial: receiving Intent { act=android.intent.action.SERVICE_STATE flg=0x1000010 (has extras) } to com.android.cellbroadcastreceiver.module/com.android.cellbroadcastreceiver.CellBroadcastReceiver requires android.permission.ACCESS_FINE_LOCATION due to sender android (uid 1001)
05-13 16:19:20.347  1233  1260 W BroadcastQueue: Permission Denial: receiving Intent { act=android.intent.action.SERVICE_STATE flg=0x1000010 (has extras) } to com.android.cellbroadcastreceiver.module/com.android.cellbroadcastreceiver.CellBroadcastReceiver requires android.permission.ACCESS_FINE_LOCATION due to sender android (uid 1001)
05-13 16:19:20.355  1233  1246 W ActivityManager: Unable to start service Intent { cmp=com.google.android.dialer/com.google.apps.tiktok.concurrent.AndroidFuturesService (has extras) } U=0: not found
05-13 16:19:20.358  1233  1260 W BroadcastQueue: Permission Denial: receiving Intent { act=android.intent.action.SERVICE_STATE flg=0x1000010 (has extras) } to com.android.cellbroadcastreceiver.module/com.android.cellbroadcastreceiver.CellBroadcastReceiver requires android.permission.ACCESS_FINE_LOCATION due to sender android (uid 1001)
05-13 16:19:20.368  1233  1346 D CompatibilityChangeReporter: Compat change id reported: 183164979; UID 1000; state: ENABLED
05-13 16:19:20.370  1233  1259 I StatsPullAtomService: subId 2 added into historical sub list
05-13 16:19:20.372  1233  1419 W ActivityManager: Unable to start service Intent { cmp=com.google.android.dialer/com.google.apps.tiktok.concurrent.AndroidFuturesService (has extras) } U=0: not found
05-13 16:19:20.379  1233  1299 W ContextImpl: Calling a method in the system process without a qualified user: android.app.ContextImpl.sendBroadcastMultiplePermissions:1228 com.android.server.TelephonyRegistry.broadcastServiceStateChanged:3085 com.android.server.TelephonyRegistry.notifyServiceStateForPhoneId:1616 com.android.internal.telephony.ITelephonyRegistry$Stub.onTransact:492 android.os.Binder.execTransactInternal:1280 
05-13 16:19:20.380  1233  1299 W ContextImpl: Calling a method in the system process without a qualified user: android.app.ContextImpl.sendBroadcastMultiplePermissions:1278 android.content.Context.sendBroadcastMultiplePermissions:2282 com.android.server.TelephonyRegistry.broadcastServiceStateChanged:3089 com.android.server.TelephonyRegistry.notifyServiceStateForPhoneId:1616 com.android.internal.telephony.ITelephonyRegistry$Stub.onTransact:492 
05-13 16:19:20.381  1233  1260 W BroadcastQueue: Permission Denial: receiving Intent { act=android.intent.action.SERVICE_STATE flg=0x1000010 (has extras) } to ProcessRecord{acd5dc2 1428:com.android.systemui/u0a499} (pid=1428, uid=10499) requires android.permission.ACCESS_FINE_LOCATION due to sender android (uid 1001)
05-13 16:19:20.381  1233  1260 W BroadcastQueue: Permission Denial: receiving Intent { act=android.intent.action.SERVICE_STATE flg=0x1000010 (has extras) } to ProcessRecord{acd5dc2 1428:com.android.systemui/u0a499} (pid=1428, uid=10499) requires android.permission.ACCESS_FINE_LOCATION due to sender android (uid 1001)
05-13 16:19:20.382  1233  1299 W ContextImpl: Calling a method in the system process without a qualified user: android.app.ContextImpl.sendBroadcastMultiplePermissions:1278 android.content.Context.sendBroadcastMultiplePermissions:2282 com.android.server.TelephonyRegistry.broadcastServiceStateChanged:3096 com.android.server.TelephonyRegistry.notifyServiceStateForPhoneId:1616 com.android.internal.telephony.ITelephonyRegistry$Stub.onTransact:492 
05-13 16:19:20.382  1233  1299 W ContextImpl: Calling a method in the system process without a qualified user: android.app.ContextImpl.sendBroadcastMultiplePermissions:1278 android.content.Context.sendBroadcastMultiplePermissions:2282 com.android.server.TelephonyRegistry.broadcastServiceStateChanged:3100 com.android.server.TelephonyRegistry.notifyServiceStateForPhoneId:1616 com.android.internal.telephony.ITelephonyRegistry$Stub.onTransact:492 
05-13 16:19:20.383  1233  1260 W BroadcastQueue: Appop Denial: receiving Intent { act=android.intent.action.SERVICE_STATE flg=0x1000010 (has extras) } to ProcessRecord{acd5dc2 1428:com.android.systemui/u0a499} (pid=1428, uid=10499) excludes appop android:read_phone_state due to sender android (uid 1001)
05-13 16:19:20.392  1233  1259 I StatsPullAtomService: subId 1 added into historical sub list
05-13 16:19:20.419   770   770 I wificond: Receive notifyCountryCodeChanged
05-13 16:19:20.419   770   770 I wificond: UpdateBandInfo
05-13 16:19:20.424  1233  1246 W ContextImpl: Calling a method in the system process without a qualified user: android.app.ContextImpl.sendBroadcastMultiplePermissions:1228 com.android.server.TelephonyRegistry.broadcastServiceStateChanged:3085 com.android.server.TelephonyRegistry.notifyServiceStateForPhoneId:1616 com.android.internal.telephony.ITelephonyRegistry$Stub.onTransact:492 android.os.Binder.execTransactInternal:1280 
05-13 16:19:20.424   770   770 I wificond: 2.4Ghz frequencies: 2412 2417 2422 2427 2432 2437 2442 2447 2452 2457 2462 2467 2472
05-13 16:19:20.425  1233  1246 W ContextImpl: Calling a method in the system process without a qualified user: android.app.ContextImpl.sendBroadcastMultiplePermissions:1278 android.content.Context.sendBroadcastMultiplePermissions:2282 com.android.server.TelephonyRegistry.broadcastServiceStateChanged:3089 com.android.server.TelephonyRegistry.notifyServiceStateForPhoneId:1616 com.android.internal.telephony.ITelephonyRegistry$Stub.onTransact:492 
05-13 16:19:20.425  1233  1260 W BroadcastQueue: Permission Denial: receiving Intent { act=android.intent.action.SERVICE_STATE flg=0x1000010 (has extras) } to ProcessRecord{acd5dc2 1428:com.android.systemui/u0a499} (pid=1428, uid=10499) requires android.permission.ACCESS_FINE_LOCATION due to sender android (uid 1001)
05-13 16:19:20.426  1233  1260 W BroadcastQueue: Permission Denial: receiving Intent { act=android.intent.action.SERVICE_STATE flg=0x1000010 (has extras) } to ProcessRecord{acd5dc2 1428:com.android.systemui/u0a499} (pid=1428, uid=10499) requires android.permission.ACCESS_FINE_LOCATION due to sender android (uid 1001)
05-13 16:19:20.426  1233  1246 W ContextImpl: Calling a method in the system process without a qualified user: android.app.ContextImpl.sendBroadcastMultiplePermissions:1278 android.content.Context.sendBroadcastMultiplePermissions:2282 com.android.server.TelephonyRegistry.broadcastServiceStateChanged:3096 com.android.server.TelephonyRegistry.notifyServiceStateForPhoneId:1616 com.android.internal.telephony.ITelephonyRegistry$Stub.onTransact:492 
05-13 16:19:20.426   770   770 I wificond: 5Ghz non-DFS frequencies: 5180 5200 5220 5240 5745 5765 5785 5805 5825
05-13 16:19:20.426   770   770 I wificond: 5Ghz DFS frequencies: 5260 5280 5300 5320
05-13 16:19:20.426   770   770 I wificond: 6Ghz frequencies:
05-13 16:19:20.426  1233  1246 W ContextImpl: Calling a method in the system process without a qualified user: android.app.ContextImpl.sendBroadcastMultiplePermissions:1278 android.content.Context.sendBroadcastMultiplePermissions:2282 com.android.server.TelephonyRegistry.broadcastServiceStateChanged:3100 com.android.server.TelephonyRegistry.notifyServiceStateForPhoneId:1616 com.android.internal.telephony.ITelephonyRegistry$Stub.onTransact:492 
05-13 16:19:20.426   770   770 I wificond: 60Ghz frequencies:
05-13 16:19:20.428  1233  1260 W BroadcastQueue: Appop Denial: receiving Intent { act=android.intent.action.SERVICE_STATE flg=0x1000010 (has extras) } to ProcessRecord{acd5dc2 1428:com.android.systemui/u0a499} (pid=1428, uid=10499) excludes appop android:read_phone_state due to sender android (uid 1001)
05-13 16:19:20.571  1233  1246 I Telecom : PhoneAccountRegistrar: Modify account: [ComponentInfo{com.android.phone/com.android.services.telephony.TelephonyConnectionService}, E, UserHandle{0}]: TSI.rPA@AFA
05-13 16:19:20.572  1233  1246 I Telecom : CallsManager: handlePhoneAccountChanged: phoneAccount=[[X] PhoneAccount: ComponentInfo{com.android.phone/com.android.services.telephony.TelephonyConnectionService}, E, UserHandle{0} Capabilities: SuppVideo CallProvider MultiUser PlaceEmerg SimSub  Audio Routes: BESW Schemes: tel voicemail  Extras: Bundle[{android.telecom.extra.SUPPORTS_VIDEO_CALLING_FALLBACK=true}] GroupId: ***]: TSI.rPA@AFA
05-13 16:19:20.574  1233  1246 I Telecom : PhoneAccountRegistrar: getSimCallManager: SimCallManager for subId 2 queried, returning: null: TSI.rPA@AFA
05-13 16:19:20.574  1233  1246 I Telecom : PhoneAccountRegistrar: Notifying telephony of voice service override change for 1 SIMs, hasService = false: TSI.rPA@AFA
05-13 16:19:20.579  1233  1246 I ActivityTaskManager: Config changes=3 {1.0 405mcc873mnc [en_US] ldltr sw360dp w360dp h743dp 480dpi nrml long port night finger -keyb/v/h -nav/h winConfig={ mBounds=Rect(0, 0 - 1080, 2400) mAppBounds=Rect(0, 100 - 1080, 2328) mMaxBounds=Rect(0, 0 - 1080, 2400) mDisplayRotation=ROTATION_0 mWindowingMode=fullscreen mDisplayWindowingMode=fullscreen mActivityType=undefined mAlwaysOnTop=undefined mRotation=ROTATION_0} s.29 fontWeightAdjustment=0}
05-13 16:19:20.585  1233  1246 I WindowManager: Override config changes=3 {1.0 405mcc873mnc [en_US] ldltr sw360dp w360dp h743dp 480dpi nrml long port night finger -keyb/v/h -nav/h winConfig={ mBounds=Rect(0, 0 - 1080, 2400) mAppBounds=Rect(0, 100 - 1080, 2328) mMaxBounds=Rect(0, 0 - 1080, 2400) mDisplayRotation=ROTATION_0 mWindowingMode=fullscreen mDisplayWindowingMode=fullscreen mActivityType=undefined mAlwaysOnTop=undefined mRotation=ROTATION_0} s.29 fontWeightAdjustment=0} for displayId=0
05-13 16:19:20.591  1428  1513 V WindowManagerShell: Display changed: 0
05-13 16:19:20.598  1233  1247 D CompatibilityChangeReporter: Compat change id reported: 181658987; UID 10499; state: ENABLED
05-13 16:19:20.598  1233  1247 D CompatibilityChangeReporter: Compat change id reported: 181658987; UID 1000; state: ENABLED
05-13 16:19:20.617  1233  1419 W ActivityManager: Unable to start service Intent { cmp=com.google.android.dialer/com.google.apps.tiktok.concurrent.AndroidFuturesService (has extras) } U=0: not found
05-13 16:19:20.631  1233  1414 W ActivityManager: Unable to start service Intent { cmp=com.google.android.dialer/com.google.apps.tiktok.concurrent.AndroidFuturesService (has extras) } U=0: not found
05-13 16:19:20.678  1233  1246 I Telecom : PhoneAccountRegistrar: New phone account registered: [[ ] PhoneAccount: ComponentInfo{com.android.phone/com.android.services.telephony.TelephonyConnectionService}, 2, UserHandle{0} Capabilities: SuppVideo CallProvider MultiUser PlaceEmerg SimSub  Audio Routes: BESW Schemes: tel voicemail  Extras: Bundle[{android.telecom.extra.SUPPORTS_VIDEO_CALLING_FALLBACK=true, android.telecom.extra.SORT_ORDER=0}] GroupId: ***]: TSI.rPA@AFU
05-13 16:19:20.681  1233  1246 I Telecom : CallsManager: Sending phone-account ComponentInfo{com.android.phone/com.android.services.telephony.TelephonyConnectionService}, 2, UserHandle{0} registered intent as user: TSI.rPA@AFU
05-13 16:19:20.681  1233  1246 I Telecom : CallsManager: Sending phone-account registered intent to default dialer: TSI.rPA@AFU
05-13 16:19:20.684  1233  1246 I Telecom : PhoneAccountRegistrar: getSimCallManager: SimCallManager for subId 2 queried, returning: null: TSI.rPA@AFU
05-13 16:19:20.684  1233  1246 I Telecom : PhoneAccountRegistrar: Notifying telephony of voice service override change for 1 SIMs, hasService = false: TSI.rPA@AFU
05-13 16:19:20.791  1233  1414 I Telecom : CallsManager: Sending phone-account ComponentInfo{com.android.phone/com.android.services.telephony.TelephonyConnectionService}, E, UserHandle{0} unregistered intent as user: TSI.uPA@AFc
05-13 16:19:20.791  1233  1414 I Telecom : CallsManager: Sending phone-account unregistered intent to default dialer: TSI.uPA@AFc
05-13 16:19:20.797  1233  1414 D OomAdjuster: Not killing cached processes
05-13 16:19:20.963  1233  1414 I Telecom : PhoneAccountRegistrar: Modify account: [ComponentInfo{com.android.phone/com.android.services.telephony.TelephonyConnectionService}, 2, UserHandle{0}]: TSI.rPA@AFg
05-13 16:19:20.964  1233  1414 I Telecom : CallsManager: handlePhoneAccountChanged: phoneAccount=[[X] PhoneAccount: ComponentInfo{com.android.phone/com.android.services.telephony.TelephonyConnectionService}, 2, UserHandle{0} Capabilities: SuppVideo CallProvider MultiUser PlaceEmerg SimSub  Audio Routes: BESW Schemes: tel voicemail  Extras: Bundle[{android.telecom.extra.SUPPORTS_VIDEO_CALLING_FALLBACK=true, android.telecom.extra.SORT_ORDER=0}] GroupId: ***]: TSI.rPA@AFg
05-13 16:19:20.968  1233  1414 I Telecom : PhoneAccountRegistrar: getSimCallManager: SimCallManager for subId 2 queried, returning: null: TSI.rPA@AFg
05-13 16:19:20.968  1233  1414 I Telecom : PhoneAccountRegistrar: Notifying telephony of voice service override change for 1 SIMs, hasService = false: TSI.rPA@AFg
05-13 16:19:21.098  1233  1246 W ActivityManager: Unable to start service Intent { cmp=com.google.android.dialer/com.google.apps.tiktok.concurrent.AndroidFuturesService (has extras) } U=0: not found
05-13 16:19:21.111  1233  1414 W ActivityManager: Unable to start service Intent { cmp=com.google.android.dialer/com.google.apps.tiktok.concurrent.AndroidFuturesService (has extras) } U=0: not found
05-13 16:19:21.288  1233  1246 I Telecom : PhoneAccountRegistrar: Modify account: [ComponentInfo{com.android.phone/com.android.services.telephony.TelephonyConnectionService}, 2, UserHandle{0}]: TSI.rPA@AF4
05-13 16:19:21.290  1233  1246 I Telecom : CallsManager: handlePhoneAccountChanged: phoneAccount=[[X] PhoneAccount: ComponentInfo{com.android.phone/com.android.services.telephony.TelephonyConnectionService}, 2, UserHandle{0} Capabilities: SuppVideo CallProvider MultiUser PlaceEmerg SimSub  Audio Routes: BESW Schemes: tel voicemail  Extras: Bundle[{android.telecom.extra.SUPPORTS_VIDEO_CALLING_FALLBACK=true, android.telecom.extra.SORT_ORDER=0}] GroupId: ***]: TSI.rPA@AF4
05-13 16:19:21.294  1233  1246 I Telecom : PhoneAccountRegistrar: getSimCallManager: SimCallManager for subId 2 queried, returning: null: TSI.rPA@AF4
05-13 16:19:21.294  1233  1246 I Telecom : PhoneAccountRegistrar: Notifying telephony of voice service override change for 1 SIMs, hasService = false: TSI.rPA@AF4
05-13 16:19:21.561  1233  1246 I Telecom : PhoneAccountRegistrar: Modify account: [ComponentInfo{com.android.phone/com.android.services.telephony.TelephonyConnectionService}, 2, UserHandle{0}]: TSI.rPA@AGA
05-13 16:19:21.562  1233  1246 I Telecom : CallsManager: handlePhoneAccountChanged: phoneAccount=[[X] PhoneAccount: ComponentInfo{com.android.phone/com.android.services.telephony.TelephonyConnectionService}, 2, UserHandle{0} Capabilities: SuppVideo CallProvider MultiUser PlaceEmerg SimSub  Audio Routes: BESW Schemes: tel voicemail  Extras: Bundle[{android.telecom.extra.SUPPORTS_VIDEO_CALLING_FALLBACK=true, android.telecom.extra.SORT_ORDER=0}] GroupId: ***]: TSI.rPA@AGA
05-13 16:19:21.565  1233  1246 I Telecom : PhoneAccountRegistrar: getSimCallManager: SimCallManager for subId 2 queried, returning: null: TSI.rPA@AGA
05-13 16:19:21.565  1233  1246 I Telecom : PhoneAccountRegistrar: Notifying telephony of voice service override change for 1 SIMs, hasService = false: TSI.rPA@AGA
05-13 16:19:21.692  1233  1246 I ActivityTaskManager: Config changes=3 {1.0 404mcc30mnc [en_US] ldltr sw360dp w360dp h743dp 480dpi nrml long port night finger -keyb/v/h -nav/h winConfig={ mBounds=Rect(0, 0 - 1080, 2400) mAppBounds=Rect(0, 100 - 1080, 2328) mMaxBounds=Rect(0, 0 - 1080, 2400) mDisplayRotation=ROTATION_0 mWindowingMode=fullscreen mDisplayWindowingMode=fullscreen mActivityType=undefined mAlwaysOnTop=undefined mRotation=ROTATION_0} s.45 fontWeightAdjustment=0}
05-13 16:19:21.698  1233  1246 I WindowManager: Override config changes=3 {1.0 404mcc30mnc [en_US] ldltr sw360dp w360dp h743dp 480dpi nrml long port night finger -keyb/v/h -nav/h winConfig={ mBounds=Rect(0, 0 - 1080, 2400) mAppBounds=Rect(0, 100 - 1080, 2328) mMaxBounds=Rect(0, 0 - 1080, 2400) mDisplayRotation=ROTATION_0 mWindowingMode=fullscreen mDisplayWindowingMode=fullscreen mActivityType=undefined mAlwaysOnTop=undefined mRotation=ROTATION_0} s.45 fontWeightAdjustment=0} for displayId=0
05-13 16:19:21.709  1428  1513 V WindowManagerShell: Display changed: 0
05-13 16:19:21.834  1233  1246 W BroadcastQueue: Permission Denial: receiving Intent { act=android.intent.action.SERVICE_STATE flg=0x1000010 (has extras) } to com.android.cellbroadcastreceiver.module/com.android.cellbroadcastreceiver.CellBroadcastReceiver requires android.permission.ACCESS_FINE_LOCATION due to sender android (uid 1001)
05-13 16:19:21.836  1233  1260 D CompatibilityChangeReporter: Compat change id reported: 168419799; UID 10508; state: DISABLED
05-13 16:19:21.837  1233  1260 D CompatibilityChangeReporter: Compat change id reported: 273564678; UID 10508; state: DISABLED
05-13 16:19:21.843  1233  1260 W BroadcastQueue: Permission Denial: receiving Intent { act=android.intent.action.SERVICE_STATE flg=0x1000010 (has extras) } to com.android.cellbroadcastreceiver.module/com.android.cellbroadcastreceiver.CellBroadcastReceiver requires android.permission.ACCESS_FINE_LOCATION due to sender android (uid 1001)
05-13 16:19:21.963  1233  1419 I Telecom : PhoneAccountRegistrar: Modify account: [ComponentInfo{com.android.phone/com.android.services.telephony.TelephonyConnectionService}, 2, UserHandle{0}(addr: tel:************ -> tel:)(subAddr: tel:************ -> tel:)]: TSI.rPA@AGI
05-13 16:19:21.964  1233  1419 I Telecom : CallsManager: handlePhoneAccountChanged: phoneAccount=[[X] PhoneAccount: ComponentInfo{com.android.phone/com.android.services.telephony.TelephonyConnectionService}, 2, UserHandle{0} Capabilities: SuppVideo CallProvider MultiUser PlaceEmerg SimSub  Audio Routes: BESW Schemes: tel voicemail  Extras: Bundle[{android.telecom.extra.SUPPORTS_VIDEO_CALLING_FALLBACK=true, android.telecom.extra.SORT_ORDER=0}] GroupId: ***]: TSI.rPA@AGI
05-13 16:19:21.966  1233  1419 I Telecom : PhoneAccountRegistrar: getSimCallManager: SimCallManager for subId 2 queried, returning: null: TSI.rPA@AGI
05-13 16:19:21.967  1233  1419 I Telecom : PhoneAccountRegistrar: Notifying telephony of voice service override change for 1 SIMs, hasService = false: TSI.rPA@AGI
05-13 16:19:22.082  1233  1233 I Telecom : BluetoothStateReceiver: HFP device A5:20:2C:A7:39:1C changed state to 2: BSR.oR@AGM
05-13 16:19:22.082  1233  1822 I Telecom : CallAudioRouteStateMachine: Message received: BLUETOOTH_DEVICE_LIST_CHANGED=7, arg1=0: BSR.oR->CARSM.pM_BLUETOOTH_DEVICE_LIST_CHANGED@AGM
05-13 16:19:22.082  1233  1817 I Telecom : BluetoothRouteManager: name=BluetoothRouteManager state=AudioOff received message: NEW_DEVICE_CONNECTED.: BSR.oR->BRM.pM_1@AGM
05-13 16:19:22.082  1233  1822 I Telecom : QuiescentEarpieceRoute: Processing message BLUETOOTH_DEVICE_LIST_CHANGED: BSR.oR->CARSM.pM_BLUETOOTH_DEVICE_LIST_CHANGED@AGM
05-13 16:19:22.083  1233  1822 I Telecom : Logging.Events: Non-call EVENT: AUDIO_ROUTE, Bluetooth device list changed: BSR.oR->CARSM.pM_BLUETOOTH_DEVICE_LIST_CHANGED@AGM
05-13 16:19:22.089  1233  1260 D CompatibilityChangeReporter: Compat change id reported: 168419799; UID 10447; state: DISABLED
05-13 16:19:22.090  1233  1260 D CompatibilityChangeReporter: Compat change id reported: 273564678; UID 10447; state: DISABLED
05-13 16:19:22.101  1233  1247 W BroadcastQueue: Background execution not allowed: receiving Intent { act=android.bluetooth.adapter.action.CONNECTION_STATE_CHANGED flg=0x4000010 (has extras) } to com.google.android.gms/.chimera.GmsIntentOperationService$PersistentTrustedReceiver
05-13 16:19:22.179  1233  1233 I Telecom : BluetoothStateReceiver: Device A5:20:2C:A7:39:1C is now the preferred BT device for HFP: BSR.oR@AGQ
05-13 16:19:22.180  1233  1822 I Telecom : CallAudioRouteStateMachine: Message received: BT_ACTIVE_DEVICE_PRESENT=8, arg1=0: BSR.oR->CARSM.pM_BT_ACTIVE_DEVICE_PRESENT@AGQ
05-13 16:19:22.180  1233  1822 I Telecom : QuiescentEarpieceRoute: Processing message BT_ACTIVE_DEVICE_PRESENT: BSR.oR->CARSM.pM_BT_ACTIVE_DEVICE_PRESENT@AGQ
05-13 16:19:22.180  1233  1822 I Telecom : Logging.Events: Non-call EVENT: AUDIO_ROUTE, Bluetooth active device present: BSR.oR->CARSM.pM_BT_ACTIVE_DEVICE_PRESENT@AGQ
05-13 16:19:22.181  1233  1822 I Telecom : CallAudioRouteStateMachine: Message received: SWITCH_BLUETOOTH=1002, arg1=0: BSR.oR->CARSM.pM_BT_ACTIVE_DEVICE_PRESENT->CARSM.pM_SWITCH_BLUETOOTH@AGQ
05-13 16:19:22.181  1233  1822 I Telecom : QuiescentEarpieceRoute: Processing message SWITCH_BLUETOOTH: BSR.oR->CARSM.pM_BT_ACTIVE_DEVICE_PRESENT->CARSM.pM_SWITCH_BLUETOOTH@AGQ
05-13 16:19:22.181  1233  1822 I Telecom : Logging.Events: Non-call EVENT: AUDIO_ROUTE, Leaving state QuiescentEarpieceRoute: BSR.oR->CARSM.pM_BT_ACTIVE_DEVICE_PRESENT->CARSM.pM_SWITCH_BLUETOOTH@AGQ
05-13 16:19:22.181  1233  1822 I Telecom : Logging.Events: Non-call EVENT: AUDIO_ROUTE, Entering state QuiescentBluetoothRoute: BSR.oR->CARSM.pM_BT_ACTIVE_DEVICE_PRESENT->CARSM.pM_SWITCH_BLUETOOTH@AGQ
05-13 16:19:22.198  1233  1233 I Telecom : WiredHeadsetManager: ACTION_HEADSET_PLUG event, plugged in: false, : WHC.oADA@AGU
05-13 16:19:22.199  1233  1233 I MR2ServiceImpl: addProviderRoutes | provider: com.android.server.media/.SystemMediaRoute2Provider, routes: [A5:20:2C:A7:39:1C | Boult Audio Airbass]
05-13 16:19:22.293  1233  1233 I Telecom : WiredHeadsetManager: ACTION_HEADSET_PLUG event, plugged in: false, : WHC.oADA@AGY
05-13 16:19:22.361  1233  1233 I Telecom : WiredHeadsetManager: ACTION_HEADSET_PLUG event, plugged in: false, : WHC.oADR@AGc
05-13 16:19:22.361  1233  1233 I Telecom : WiredHeadsetManager: ACTION_HEADSET_PLUG event, plugged in: false, : WHC.oADA@AGg
05-13 16:19:22.586  1233  1419 I ActivityTaskManager: Config changes=3 {1.0 405mcc873mnc [en_US] ldltr sw360dp w360dp h743dp 480dpi nrml long port night finger -keyb/v/h -nav/h winConfig={ mBounds=Rect(0, 0 - 1080, 2400) mAppBounds=Rect(0, 100 - 1080, 2328) mMaxBounds=Rect(0, 0 - 1080, 2400) mDisplayRotation=ROTATION_0 mWindowingMode=fullscreen mDisplayWindowingMode=fullscreen mActivityType=undefined mAlwaysOnTop=undefined mRotation=ROTATION_0} s.61 fontWeightAdjustment=0}
05-13 16:19:22.589  1233  1419 I WindowManager: Override config changes=3 {1.0 405mcc873mnc [en_US] ldltr sw360dp w360dp h743dp 480dpi nrml long port night finger -keyb/v/h -nav/h winConfig={ mBounds=Rect(0, 0 - 1080, 2400) mAppBounds=Rect(0, 100 - 1080, 2328) mMaxBounds=Rect(0, 0 - 1080, 2400) mDisplayRotation=ROTATION_0 mWindowingMode=fullscreen mDisplayWindowingMode=fullscreen mActivityType=undefined mAlwaysOnTop=undefined mRotation=ROTATION_0} s.61 fontWeightAdjustment=0} for displayId=0
05-13 16:19:22.599  1428  1513 V WindowManagerShell: Display changed: 0
05-13 16:19:22.645  1233  1260 D CompatibilityChangeReporter: Compat change id reported: 168419799; UID 10446; state: DISABLED
05-13 16:19:22.646  1233  1260 D CompatibilityChangeReporter: Compat change id reported: 273564678; UID 10446; state: DISABLED
05-13 16:19:22.652  1233  1412 W ActivityManager: Unable to start service Intent { cmp=com.google.android.dialer/com.google.apps.tiktok.concurrent.AndroidFuturesService (has extras) } U=0: not found
05-13 16:19:22.667  1233  1412 W ActivityManager: Unable to start service Intent { cmp=com.google.android.dialer/com.google.apps.tiktok.concurrent.AndroidFuturesService (has extras) } U=0: not found
05-13 16:19:22.817  1233  1419 I Telecom : PhoneAccountRegistrar: Modify account: [ComponentInfo{com.android.phone/com.android.services.telephony.TelephonyConnectionService}, 2, UserHandle{0}]: TSI.rPA@AG0
05-13 16:19:22.818  1233  1419 I Telecom : CallsManager: handlePhoneAccountChanged: phoneAccount=[[X] PhoneAccount: ComponentInfo{com.android.phone/com.android.services.telephony.TelephonyConnectionService}, 2, UserHandle{0} Capabilities: SuppVideo CallProvider MultiUser PlaceEmerg SimSub  Audio Routes: BESW Schemes: tel voicemail  Extras: Bundle[{android.telecom.extra.SUPPORTS_VIDEO_CALLING_FALLBACK=true, android.telecom.extra.SORT_ORDER=0}] GroupId: ***]: TSI.rPA@AG0
05-13 16:19:22.822  1233  1419 I Telecom : PhoneAccountRegistrar: getSimCallManager: SimCallManager for subId 2 queried, returning: null: TSI.rPA@AG0
05-13 16:19:22.822  1233  1419 I Telecom : PhoneAccountRegistrar: Notifying telephony of voice service override change for 1 SIMs, hasService = false: TSI.rPA@AG0
05-13 16:19:22.990  1233  1419 I Telecom : PhoneAccountRegistrar: New phone account registered: [[ ] PhoneAccount: ComponentInfo{com.android.phone/com.android.services.telephony.TelephonyConnectionService}, 1, UserHandle{0} Capabilities: SuppVideo CallProvider MultiUser PlaceEmerg SimSub  Audio Routes: BESW Schemes: tel voicemail  Extras: Bundle[{android.telecom.extra.SUPPORTS_VIDEO_CALLING_FALLBACK=true, android.telecom.extra.SORT_ORDER=1}] GroupId: ***]: TSI.rPA@AG4
05-13 16:19:22.993  1233  1419 I Telecom : CallsManager: Sending phone-account ComponentInfo{com.android.phone/com.android.services.telephony.TelephonyConnectionService}, 1, UserHandle{0} registered intent as user: TSI.rPA@AG4
05-13 16:19:22.994  1233  1419 I Telecom : CallsManager: Sending phone-account registered intent to default dialer: TSI.rPA@AG4
05-13 16:19:23.005  1233  1419 I Telecom : PhoneAccountRegistrar: getSimCallManager: SimCallManager for subId 1 queried, returning: null: TSI.rPA@AG4
05-13 16:19:23.005  1233  1419 I Telecom : PhoneAccountRegistrar: Notifying telephony of voice service override change for 1 SIMs, hasService = false: TSI.rPA@AG4
05-13 16:19:23.007  1233  1233 I Telecom : DefaultDialerCache: Refreshing default dialer for user 0: now com.google.android.dialer: DDC.oR@AG8
05-13 16:19:23.012  1233  1248 D CompatibilityChangeReporter: Compat change id reported: 135634846; UID 10511; state: DISABLED
05-13 16:19:23.012  1233  1248 D CompatibilityChangeReporter: Compat change id reported: 177438394; UID 10511; state: DISABLED
05-13 16:19:23.012  1233  1248 D CompatibilityChangeReporter: Compat change id reported: 135772972; UID 10511; state: DISABLED
05-13 16:19:23.012  1233  1248 D CompatibilityChangeReporter: Compat change id reported: 135754954; UID 10511; state: ENABLED
05-13 16:19:23.013  1233  1261 D CompatibilityChangeReporter: Compat change id reported: 143937733; UID 10511; state: ENABLED
05-13 16:19:23.021  1233  1261 I ActivityManager: Start proc 2240:com.android.permissioncontroller/u0a511 for service {com.android.permissioncontroller/com.android.permissioncontroller.permission.service.PermissionControllerServiceImpl}
05-13 16:19:23.044  1233  1419 D CompatibilityChangeReporter: Compat change id reported: 168419799; UID 10511; state: DISABLED
05-13 16:19:23.044  1233  1419 D CompatibilityChangeReporter: Compat change id reported: 273564678; UID 10511; state: DISABLED
05-13 16:19:23.125  1233  1419 W ActivityManager: Unable to start service Intent { cmp=com.google.android.dialer/com.google.apps.tiktok.concurrent.AndroidFuturesService (has extras) } U=0: not found
05-13 16:19:23.146  1233  1299 W ActivityManager: Unable to start service Intent { cmp=com.google.android.dialer/com.google.apps.tiktok.concurrent.AndroidFuturesService (has extras) } U=0: not found
05-13 16:19:23.160  1233  1412 D CompatibilityChangeReporter: Compat change id reported: 161145287; UID 10511; state: DISABLED
05-13 16:19:23.263  1233  1419 I Telecom : PhoneAccountRegistrar: Modify account: [ComponentInfo{com.android.phone/com.android.services.telephony.TelephonyConnectionService}, 2, UserHandle{0}]: TSI.rPA@AHU
05-13 16:19:23.267  1233  1419 I Telecom : CallsManager: handlePhoneAccountChanged: phoneAccount=[[X] PhoneAccount: ComponentInfo{com.android.phone/com.android.services.telephony.TelephonyConnectionService}, 2, UserHandle{0} Capabilities: SuppVideo CallProvider MultiUser PlaceEmerg SimSub  Audio Routes: BESW Schemes: tel voicemail  Extras: Bundle[{android.telecom.extra.SUPPORTS_VIDEO_CALLING_FALLBACK=true, android.telecom.extra.SORT_ORDER=0}] GroupId: ***]: TSI.rPA@AHU
05-13 16:19:23.271  1233  1419 I Telecom : PhoneAccountRegistrar: getSimCallManager: SimCallManager for subId 2 queried, returning: null: TSI.rPA@AHU
05-13 16:19:23.271  1233  1419 I Telecom : PhoneAccountRegistrar: Notifying telephony of voice service override change for 1 SIMs, hasService = false: TSI.rPA@AHU
05-13 16:19:23.391  1233  1412 I Telecom : PhoneAccountRegistrar: Modify account: [ComponentInfo{com.android.phone/com.android.services.telephony.TelephonyConnectionService}, 1, UserHandle{0}]: TSI.rPA@AHY
05-13 16:19:23.397  1233  1412 I Telecom : CallsManager: handlePhoneAccountChanged: phoneAccount=[[X] PhoneAccount: ComponentInfo{com.android.phone/com.android.services.telephony.TelephonyConnectionService}, 1, UserHandle{0} Capabilities: SuppVideo CallProvider MultiUser PlaceEmerg SimSub  Audio Routes: BESW Schemes: tel voicemail  Extras: Bundle[{android.telecom.extra.SUPPORTS_VIDEO_CALLING_FALLBACK=true, android.telecom.extra.SORT_ORDER=1}] GroupId: ***]: TSI.rPA@AHY
05-13 16:19:23.401  1233  1412 I Telecom : PhoneAccountRegistrar: getSimCallManager: SimCallManager for subId 1 queried, returning: null: TSI.rPA@AHY
05-13 16:19:23.401  1233  1412 I Telecom : PhoneAccountRegistrar: Notifying telephony of voice service override change for 1 SIMs, hasService = false: TSI.rPA@AHY
05-13 16:19:23.493  1233  1412 W ActivityManager: Unable to start service Intent { cmp=com.google.android.dialer/com.google.apps.tiktok.concurrent.AndroidFuturesService (has extras) } U=0: not found
05-13 16:19:23.509  1233  1299 W ActivityManager: Unable to start service Intent { cmp=com.google.android.dialer/com.google.apps.tiktok.concurrent.AndroidFuturesService (has extras) } U=0: not found
05-13 16:19:23.764  1233  1299 I Telecom : PhoneAccountRegistrar: Modify account: [ComponentInfo{com.android.phone/com.android.services.telephony.TelephonyConnectionService}, 2, UserHandle{0}]: TSI.rPA@AHs
05-13 16:19:23.767  1233  1299 I Telecom : CallsManager: handlePhoneAccountChanged: phoneAccount=[[X] PhoneAccount: ComponentInfo{com.android.phone/com.android.services.telephony.TelephonyConnectionService}, 2, UserHandle{0} Capabilities: SuppVideo CallProvider MultiUser PlaceEmerg SimSub  Audio Routes: BESW Schemes: tel voicemail  Extras: Bundle[{android.telecom.extra.SUPPORTS_VIDEO_CALLING_FALLBACK=true, android.telecom.extra.SORT_ORDER=0}] GroupId: ***]: TSI.rPA@AHs
05-13 16:19:23.772  1233  1299 I Telecom : PhoneAccountRegistrar: getSimCallManager: SimCallManager for subId 2 queried, returning: null: TSI.rPA@AHs
05-13 16:19:23.772  1233  1299 I Telecom : PhoneAccountRegistrar: Notifying telephony of voice service override change for 1 SIMs, hasService = false: TSI.rPA@AHs
05-13 16:19:23.935  1233  1299 I Telecom : PhoneAccountRegistrar: Modify account: [ComponentInfo{com.android.phone/com.android.services.telephony.TelephonyConnectionService}, 1, UserHandle{0}]: TSI.rPA@AHw
05-13 16:19:23.939  1233  1299 I Telecom : CallsManager: handlePhoneAccountChanged: phoneAccount=[[X] PhoneAccount: ComponentInfo{com.android.phone/com.android.services.telephony.TelephonyConnectionService}, 1, UserHandle{0} Capabilities: SuppVideo CallProvider MultiUser PlaceEmerg SimSub  Audio Routes: BESW Schemes: tel voicemail  Extras: Bundle[{android.telecom.extra.SUPPORTS_VIDEO_CALLING_FALLBACK=true, android.telecom.extra.SORT_ORDER=1}] GroupId: ***]: TSI.rPA@AHw
05-13 16:19:23.942  1233  1299 I Telecom : PhoneAccountRegistrar: getSimCallManager: SimCallManager for subId 1 queried, returning: null: TSI.rPA@AHw
05-13 16:19:23.942  1233  1299 I Telecom : PhoneAccountRegistrar: Notifying telephony of voice service override change for 1 SIMs, hasService = false: TSI.rPA@AHw
05-13 16:19:24.057  1233  1233 I Telecom : PhoneAccountRegistrar: getSimCallManager: SimCallManager for subId 2 queried, returning: null: TSI.gSCMFU@AH4
05-13 16:19:24.067  1233  1233 D CompatibilityChangeReporter: Compat change id reported: 135634846; UID 10407; state: DISABLED
05-13 16:19:24.068  1233  1233 D CompatibilityChangeReporter: Compat change id reported: 177438394; UID 10407; state: DISABLED
05-13 16:19:24.068  1233  1233 D CompatibilityChangeReporter: Compat change id reported: 135772972; UID 10407; state: DISABLED
05-13 16:19:24.068  1233  1233 D CompatibilityChangeReporter: Compat change id reported: 135754954; UID 10407; state: ENABLED
05-13 16:19:24.069  1233  1261 D CompatibilityChangeReporter: Compat change id reported: 143937733; UID 10407; state: ENABLED
05-13 16:19:24.082  1233  1261 I ActivityManager: Start proc 2268:android.process.acore/u0a407 for content provider {com.android.providers.blockednumber/com.android.providers.blockednumber.BlockedNumberProvider}
05-13 16:19:24.108  1233  1419 D CompatibilityChangeReporter: Compat change id reported: 168419799; UID 10407; state: DISABLED
05-13 16:19:24.108  1233  1419 D CompatibilityChangeReporter: Compat change id reported: 273564678; UID 10407; state: DISABLED
05-13 16:19:24.111  1233  1299 W ContextImpl: Calling a method in the system process without a qualified user: android.app.ContextImpl.sendBroadcastMultiplePermissions:1228 com.android.server.TelephonyRegistry.broadcastServiceStateChanged:3085 com.android.server.TelephonyRegistry.notifyServiceStateForPhoneId:1616 com.android.internal.telephony.ITelephonyRegistry$Stub.onTransact:492 android.os.Binder.execTransactInternal:1280 
05-13 16:19:24.113  1233  1299 W ContextImpl: Calling a method in the system process without a qualified user: android.app.ContextImpl.sendBroadcastMultiplePermissions:1278 android.content.Context.sendBroadcastMultiplePermissions:2282 com.android.server.TelephonyRegistry.broadcastServiceStateChanged:3089 com.android.server.TelephonyRegistry.notifyServiceStateForPhoneId:1616 com.android.internal.telephony.ITelephonyRegistry$Stub.onTransact:492 
05-13 16:19:24.113  1233  1260 W BroadcastQueue: Permission Denial: receiving Intent { act=android.intent.action.SERVICE_STATE flg=0x1000010 (has extras) } to ProcessRecord{acd5dc2 1428:com.android.systemui/u0a499} (pid=1428, uid=10499) requires android.permission.ACCESS_FINE_LOCATION due to sender android (uid 1001)
05-13 16:19:24.114  1233  1260 W BroadcastQueue: Permission Denial: receiving Intent { act=android.intent.action.SERVICE_STATE flg=0x1000010 (has extras) } to com.android.cellbroadcastreceiver.module/com.android.cellbroadcastreceiver.CellBroadcastReceiver requires android.permission.ACCESS_FINE_LOCATION due to sender android (uid 1001)
05-13 16:19:24.115  1233  1299 W ContextImpl: Calling a method in the system process without a qualified user: android.app.ContextImpl.sendBroadcastMultiplePermissions:1278 android.content.Context.sendBroadcastMultiplePermissions:2282 com.android.server.TelephonyRegistry.broadcastServiceStateChanged:3096 com.android.server.TelephonyRegistry.notifyServiceStateForPhoneId:1616 com.android.internal.telephony.ITelephonyRegistry$Stub.onTransact:492 
05-13 16:19:24.115  1233  1260 W BroadcastQueue: Permission Denial: receiving Intent { act=android.intent.action.SERVICE_STATE flg=0x1000010 (has extras) } to ProcessRecord{acd5dc2 1428:com.android.systemui/u0a499} (pid=1428, uid=10499) requires android.permission.ACCESS_FINE_LOCATION due to sender android (uid 1001)
05-13 16:19:24.116  1233  1299 W ContextImpl: Calling a method in the system process without a qualified user: android.app.ContextImpl.sendBroadcastMultiplePermissions:1278 android.content.Context.sendBroadcastMultiplePermissions:2282 com.android.server.TelephonyRegistry.broadcastServiceStateChanged:3100 com.android.server.TelephonyRegistry.notifyServiceStateForPhoneId:1616 com.android.internal.telephony.ITelephonyRegistry$Stub.onTransact:492 
05-13 16:19:24.119  1233  1260 W BroadcastQueue: Appop Denial: receiving Intent { act=android.intent.action.SERVICE_STATE flg=0x1000010 (has extras) } to ProcessRecord{acd5dc2 1428:com.android.systemui/u0a499} (pid=1428, uid=10499) excludes appop android:read_phone_state due to sender android (uid 1001)
05-13 16:19:24.165  1233  1419 D CompatibilityChangeReporter: Compat change id reported: 161145287; UID 10407; state: DISABLED
05-13 16:19:24.175  1233  1233 W Looper  : Slow dispatch took 117ms main h=android.app.ActivityThread$H c=android.app.LoadedApk$ReceiverDispatcher$Args$$ExternalSyntheticLambda0@7fbfcd7 m=0
05-13 16:19:24.251  1233  1299 I Telecom : PhoneAccountRegistrar: Modify account: [ComponentInfo{com.android.phone/com.android.services.telephony.TelephonyConnectionService}, 2, UserHandle{0}]: TSI.rPA@AIA
05-13 16:19:24.255  1233  1299 I Telecom : CallsManager: handlePhoneAccountChanged: phoneAccount=[[X] PhoneAccount: ComponentInfo{com.android.phone/com.android.services.telephony.TelephonyConnectionService}, 2, UserHandle{0} Capabilities: SuppVideo CallProvider MultiUser PlaceEmerg SimSub  Audio Routes: BESW Schemes: tel voicemail  Extras: Bundle[{android.telecom.extra.SUPPORTS_VIDEO_CALLING_FALLBACK=true, android.telecom.extra.SORT_ORDER=0}] GroupId: ***]: TSI.rPA@AIA
05-13 16:19:24.258  1233  1299 I Telecom : PhoneAccountRegistrar: getSimCallManager: SimCallManager for subId 2 queried, returning: null: TSI.rPA@AIA
05-13 16:19:24.258  1233  1299 I Telecom : PhoneAccountRegistrar: Notifying telephony of voice service override change for 1 SIMs, hasService = false: TSI.rPA@AIA
05-13 16:19:24.369  1233  1299 I Telecom : PhoneAccountRegistrar: Modify account: [ComponentInfo{com.android.phone/com.android.services.telephony.TelephonyConnectionService}, 1, UserHandle{0}]: TSI.rPA@AIE
