05-19 12:41:10.283  1245  1245 V StorageManagerService: Package com.bootleggers.shishufied.clockfont.permanentmarker does not have legacy storage
05-19 12:41:10.283  1245  1245 V StorageManagerService: Package com.android.settings.switch.style_shaded does not have legacy storage
05-19 12:41:10.283  1245  1245 V StorageManagerService: Package com.bootleggers.shishufied.clockfont.CFOneTwoTrees does not have legacy storage
05-19 12:41:10.283  1245  1245 V StorageManagerService: Package com.android.theme.icon_pack.sam.launcher does not have legacy storage
05-19 12:41:10.283  1245  1262 D CompatibilityChangeReporter: Compat change id reported: 273564678; UID 1073; state: DISABLED
05-19 12:41:10.283  1245  1245 V StorageManagerService: Package com.android.providers.settings.overlay.pixel does not have legacy storage
05-19 12:41:10.283  1245  1245 V StorageManagerService: Package com.android.theme.font.surfersource does not have legacy storage
05-19 12:41:10.283  1245  1245 V StorageManagerService: Package com.bootleggers.shishufied.clockfont.threedisoblack does not have legacy storage
05-19 12:41:10.283  1245  1245 V StorageManagerService: Package org.calyxos.panic does not have legacy storage
05-19 12:41:10.284  1245  1245 V StorageManagerService: Package com.android.settings.switch.style_neumorph does not have legacy storage
05-19 12:41:10.284  1245  1245 V StorageManagerService: Package com.bootleggers.shishufied.clockfont.Karamuruh does not have legacy storage
05-19 12:41:10.284  1245  1245 V StorageManagerService: Package com.bootleggers.shishufied.clockfont.headline does not have legacy storage
05-19 12:41:10.284  1245  1245 V StorageManagerService: Package com.google.android.gms.policy_sidecar_aps does not have legacy storage
05-19 12:41:10.284  1245  1245 V StorageManagerService: Package com.bootleggers.shishufied.clockfont.kroppenoutline does not have legacy storage
05-19 12:41:10.284  1245  1245 V StorageManagerService: Package com.android.internal.display.cutout.emulation.avoidAppsInCutout does not have legacy storage
05-19 12:41:10.284  1245  1245 V StorageManagerService: Package com.android.theme.navbar.old does not have legacy storage
05-19 12:41:10.284  1245  1245 V StorageManagerService: Package idm.internet.download.manager.plus does not have legacy storage
05-19 12:41:10.284  1245  1245 V StorageManagerService: Package com.android.theme.icon_pack.plumpy.android does not have legacy storage
05-19 12:41:10.284  1245  1245 V StorageManagerService: Package com.android.theme.icon.squircle does not have legacy storage
05-19 12:41:10.284  1245  1245 V StorageManagerService: Package com.bootleggers.shishufied.theme.solarized.settings does not have legacy storage
05-19 12:41:10.284  1245  1245 V StorageManagerService: Package com.bootleggers.shishufied.clockfont.EditPoints does not have legacy storage
05-19 12:41:10.284  1245  1245 V StorageManagerService: Package com.android.theme.font.fleuron does not have legacy storage
05-19 12:41:10.284  1245  1245 V StorageManagerService: Package com.android.networkstack.tethering.yogurt does not have legacy storage
05-19 12:41:10.284  1245  1245 V StorageManagerService: Package com.android.theme.font.blazmahyperwave does not have legacy storage
05-19 12:41:10.284  1245  1245 V StorageManagerService: Package com.android.systemui.brightness_slider.roundedclip does not have legacy storage
05-19 12:41:10.284  1245  1245 V StorageManagerService: Package com.android.theme.icon.rohie.meow does not have legacy storage
05-19 12:41:10.284  1245  1245 V StorageManagerService: Package com.bootleggers.shishufied.theme.shishu.android does not have legacy storage
05-19 12:41:10.284  1245  1245 V StorageManagerService: Package com.bootleggers.shishufied.clockfont.TH3MACHINE does not have legacy storage
05-19 12:41:10.284  1245  1245 V StorageManagerService: Package com.android.theme.icon_pack.victor.android does not have legacy storage
05-19 12:41:10.284  1245  1245 V StorageManagerService: Package com.android.theme.font.decalotype does not have legacy storage
05-19 12:41:10.284  1245  1245 V StorageManagerService: Package com.bootleggers.shishufied.clockfont.PlantsLetters does not have legacy storage
05-19 12:41:10.284  1245  1245 V StorageManagerService: Package com.android.theme.navbar.asus does not have legacy storage
05-19 12:41:10.284  1245  1245 V StorageManagerService: Package com.android.theme.navbar.dora does not have legacy storage
05-19 12:41:10.284  1245  1245 V StorageManagerService: Package com.android.theme.navbar.moto does not have legacy storage
05-19 12:41:10.284  1245  1245 V StorageManagerService: Package com.android.bookmarkprovider does not have legacy storage
05-19 12:41:10.285  1245  1245 V StorageManagerService: Package com.google.android.overlay.pixelconfigcommon does not have legacy storage
05-19 12:41:10.285  1245  1245 V StorageManagerService: Package com.android.settings does not have legacy storage
05-19 12:41:10.285  1245  1245 V StorageManagerService: Package com.android.theme.icon_pack.aurora.systemui does not have legacy storage
05-19 12:41:10.285  1245  1245 V StorageManagerService: Package org.lineageos.mediatek.incallservice does not have legacy storage
05-19 12:41:10.285  1245  1245 V StorageManagerService: Package com.android.theme.icon_pack.filled.launcher does not have legacy storage
05-19 12:41:10.285  1245  1261 W PackageManager: Loading a package that does not exist for the calling user. package=null, user=0
05-19 12:41:10.286  1245  1362 W PackageManager: Loading a package that does not exist for the calling user. package=null, user=0
05-19 12:41:10.286  1245  1245 V StorageManagerService: Package com.bootleggers.shishufied.theme.optronic.android does not have legacy storage
05-19 12:41:10.286  1245  1245 V StorageManagerService: Package com.google.android.apps.googlecamera.fishfood does not have legacy storage
05-19 12:41:10.286  1245  1245 V StorageManagerService: Package com.bootleggers.shishufied.theme.shishunights.systemui does not have legacy storage
05-19 12:41:10.286  1245  1245 V StorageManagerService: Package com.termux does not have legacy storage
05-19 12:41:10.286  1245  1245 V StorageManagerService: Package com.bootleggers.shishufied.clockfont.mxwasgard does not have legacy storage
05-19 12:41:10.286  1245  1245 V StorageManagerService: Package com.google.android.settings.intelligence does not have legacy storage
05-19 12:41:10.286  1245  1245 V StorageManagerService: Package com.google.android.projection.gearhead does not have legacy storage
05-19 12:41:10.286  1245  1245 V StorageManagerService: Package com.google.android.apps.turbo does not have legacy storage
05-19 12:41:10.286  1245  1245 V StorageManagerService: Package com.bootleggers.shishufied.theme.shishuimmensity.systemui does not have legacy storage
05-19 12:41:10.286  1245  1245 V StorageManagerService: Package com.bootleggers.shishufied.clockfont.threedisobold does not have legacy storage
05-19 12:41:10.286  1245  1245 V StorageManagerService: Package org.lineageos.updater does not have legacy storage
05-19 12:41:10.286  1245  1245 V StorageManagerService: Package com.google.android.safetycore does not have legacy storage
05-19 12:41:10.286  1245  1245 V StorageManagerService: Package com.android.providers.telephony.overlay.pixel does not have legacy storage
05-19 12:41:10.286  1245  1245 V StorageManagerService: Package com.bootleggers.shishufied.theme.unmonet.settings does not have legacy storage
05-19 12:41:10.286  1245  1245 V StorageManagerService: Package com.android.cts.ctsshim does not have legacy storage
05-19 12:41:10.286  1245  1245 V StorageManagerService: Package com.derp.systemui.signalbar_a does not have legacy storage
05-19 12:41:10.286  1245  1245 V StorageManagerService: Package com.derp.systemui.signalbar_b does not have legacy storage
05-19 12:41:10.287  1245  1245 V StorageManagerService: Package com.derp.systemui.signalbar_c does not have legacy storage
05-19 12:41:10.287  1245  1245 V StorageManagerService: Package com.derp.systemui.signalbar_d does not have legacy storage
05-19 12:41:10.287  1245  1245 V StorageManagerService: Package com.derp.systemui.signalbar_e does not have legacy storage
05-19 12:41:10.287  1245  1245 V StorageManagerService: Package com.derp.systemui.signalbar_f does not have legacy storage
05-19 12:41:10.287  1245  1245 V StorageManagerService: Package com.derp.systemui.signalbar_g does not have legacy storage
05-19 12:41:10.287  1245  1245 V StorageManagerService: Package com.derp.systemui.signalbar_h does not have legacy storage
05-19 12:41:10.287  1245  1245 V StorageManagerService: Package com.android.theme.navbar.nexus does not have legacy storage
05-19 12:41:10.287  1245  1245 V StorageManagerService: Package com.android.theme.navbar.oneui does not have legacy storage
05-19 12:41:10.287  1245  1245 V StorageManagerService: Package com.android.theme.navbar.sammy does not have legacy storage
05-19 12:41:10.287  1245  1245 V StorageManagerService: Package com.android.theme.navbar.tecno does not have legacy storage
05-19 12:41:10.287  1245  1245 V StorageManagerService: Package com.bootleggers.shishufied.clockfont.balticcoast does not have legacy storage
05-19 12:41:10.287  1245  1245 V StorageManagerService: Package com.bootleggers.shishufied.clockfont.AlmonteSnow does not have legacy storage
05-19 12:41:10.287  1245  1245 V StorageManagerService: Package com.oyeah.alpha does not have legacy storage
05-19 12:41:10.287  1245  1245 V StorageManagerService: Package com.android.systemui.flags.no_combined_icons does not have legacy storage
05-19 12:41:10.287  1245  1245 V StorageManagerService: Package com.bootleggers.shishufied.clockfont.balticstorm does not have legacy storage
05-19 12:41:10.287  1245  1245 V StorageManagerService: Package com.android.theme.font.gemsbuckpunkmono does not have legacy storage
05-19 12:41:10.287  1245  1245 V StorageManagerService: Package com.android.theme.font.tinkerbell does not have legacy storage
05-19 12:41:10.287  1245  1245 V StorageManagerService: Package com.android.theme.icon_pack.circular.launcher does not have legacy storage
05-19 12:41:10.287  1245  1245 V StorageManagerService: Package com.bootleggers.shishufied.clockfont.munsteria does not have legacy storage
05-19 12:41:10.287  1245  1245 V StorageManagerService: Package com.android.wallpaper does not have legacy storage
05-19 12:41:10.287  1245  1245 V StorageManagerService: Package com.bootleggers.shishufied.clockfont.REMPONK does not have legacy storage
05-19 12:41:10.287  1245  1245 V StorageManagerService: Package com.android.systemui.brightness_slider.minimalthumb does not have legacy storage
05-19 12:41:10.287  1245  1245 V StorageManagerService: Package com.android.theme.font.panamericana does not have legacy storage
05-19 12:41:10.287  1245  1245 V StorageManagerService: Package com.bootleggers.shishufied.clockfont.hercules does not have legacy storage
05-19 12:41:10.287  1245  1245 V StorageManagerService: Package com.android.vpndialogs does not have legacy storage
05-19 12:41:10.287  1245  1245 V StorageManagerService: Package com.custom.systemui.signalNothingDot does not have legacy storage
05-19 12:41:10.287  1245  1245 V StorageManagerService: Package com.bootleggers.shishufied.clockfont.roadrage does not have legacy storage
05-19 12:41:10.288  1245  1245 V StorageManagerService: Package org.akanework.symphonica does not have legacy storage
05-19 12:41:10.288  1245  1245 V StorageManagerService: Package com.android.angle does not have legacy storage
05-19 12:41:10.288  1245  1245 V StorageManagerService: Package com.android.music does not have legacy storage
05-19 12:41:10.288  1245  1245 V StorageManagerService: Package com.android.phone does not have legacy storage
05-19 12:41:10.288  1245  1245 V StorageManagerService: Package com.android.shell does not have legacy storage
05-19 12:41:10.288  1245  1245 V StorageManagerService: Package com.google.android.apps.recorder does not have legacy storage
05-19 12:41:10.288  1245  1245 V StorageManagerService: Package com.android.sdksandbox does not have legacy storage
05-19 12:41:10.288  1245  1245 V StorageManagerService: Package com.android.wallpaperbackup does not have legacy storage
05-19 12:41:10.288  1245  1245 V StorageManagerService: Package com.android.providers.blockednumber does not have legacy storage
05-19 12:41:10.288  1245  1245 V StorageManagerService: Package com.bootleggers.shishufied.theme.solarized.systemui does not have legacy storage
05-19 12:41:10.288  1245  1245 V StorageManagerService: Package com.android.providers.userdictionary does not have legacy storage
05-19 12:41:10.288  1245  1245 V StorageManagerService: Package com.android.providers.media.module does not have legacy storage
05-19 12:41:10.288  1245  1245 V StorageManagerService: Package com.bootleggers.shishufied.clockfont.Fibography does not have legacy storage
05-19 12:41:10.288  1245  1245 V StorageManagerService: Package com.android.emergency does not have legacy storage
05-19 12:41:10.288  1245  1245 V StorageManagerService: Package com.android.systemui.signalbar_l does not have legacy storage
05-19 12:41:10.288  1245  1245 V StorageManagerService: Package com.android.systemui.signalbar_m does not have legacy storage
05-19 12:41:10.288  1245  1245 V StorageManagerService: Package com.bootleggers.shishufied.clockfont.MonbijouxClownpiece does not have legacy storage
05-19 12:41:10.288  1245  1245 V StorageManagerService: Package com.android.captiveportallogin.overlay does not have legacy storage
05-19 12:41:10.288  1245  1245 V StorageManagerService: Package com.android.hotspot2.osulogin does not have legacy storage
05-19 12:41:10.288  1245  1245 V StorageManagerService: Package com.google.android.gms.location.history does not have legacy storage
05-19 12:41:10.288  1245  1245 V StorageManagerService: Package com.android.internal.systemui.navbar.gestural does not have legacy storage
05-19 12:41:10.288  1245  1245 V StorageManagerService: Package com.bootleggers.shishufied.clockfont.Romantiques does not have legacy storage
05-19 12:41:10.288  1245  1245 V StorageManagerService: Package com.android.theme.font.cagliostrosource does not have legacy storage
05-19 12:41:10.288  1245  1245 V StorageManagerService: Package com.android.storagemanager.overlay does not have legacy storage
05-19 12:41:10.288  1245  1245 V StorageManagerService: Package com.android.location.fused does not have legacy storage
05-19 12:41:10.288  1245  1245 V StorageManagerService: Package com.android.systemui does not have legacy storage
05-19 12:41:10.289  1245  1245 V StorageManagerService: Package com.google.android.apps.youtube.music does not have legacy storage
05-19 12:41:10.289  1245  1245 V StorageManagerService: Package com.android.bluetoothmidiservice does not have legacy storage
05-19 12:41:10.289  1245  1245 V StorageManagerService: Package com.bootleggers.shishufied.clockfont.Pinewood does not have legacy storage
05-19 12:41:10.289  1245  1245 V StorageManagerService: Package com.android.wifi.resources.yogurt does not have legacy storage
05-19 12:41:10.289  1245  1245 V StorageManagerService: Package com.android.theme.font.opensauce does not have legacy storage
05-19 12:41:10.289  1245  1245 V StorageManagerService: Package com.bootleggers.shishufied.theme.optronic.settings does not have legacy storage
05-19 12:41:10.289  1245  1245 V StorageManagerService: Package com.bootleggers.shishufied.clockfont.LittleBunny does not have legacy storage
05-19 12:41:10.289  1245  1245 V StorageManagerService: Package com.android.permissioncontroller does not have legacy storage
05-19 12:41:10.289  1245  1245 V StorageManagerService: Package com.android.internal.display.cutout.emulation.notchbarkiller does not have legacy storage
05-19 12:41:10.289  1245  1245 V StorageManagerService: Package com.android.theme.font.gothamono does not have legacy storage
05-19 12:41:10.289  1245  1245 V StorageManagerService: Package com.bootleggers.shishufied.theme.shishu.settings does not have legacy storage
05-19 12:41:10.289  1245  1245 V StorageManagerService: Package com.bootleggers.shishufied.theme.unmonet.systemui does not have legacy storage
05-19 12:41:10.289  1245  1245 V StorageManagerService: Package com.bootleggers.shishufied.clockfont.kroppenfwo does not have legacy storage
05-19 12:41:10.289  1245  1245 V StorageManagerService: Package com.bootleggers.shishufied.clockfont.HotSweat does not have legacy storage
05-19 12:41:10.289  1245  1245 V StorageManagerService: Package com.android.theme.font.scientifica does not have legacy storage
05-19 12:41:10.289  1245  1245 V StorageManagerService: Package com.android.systemui.LivWifi does not have legacy storage
05-19 12:41:10.289  1245  1245 V StorageManagerService: Package com.derp.systemui.wifibar_a does not have legacy storage
05-19 12:41:10.289  1245  1245 V StorageManagerService: Package com.derp.systemui.wifibar_b does not have legacy storage
05-19 12:41:10.289  1245  1245 V StorageManagerService: Package com.derp.systemui.wifibar_c does not have legacy storage
05-19 12:41:10.289  1245  1245 V StorageManagerService: Package com.derp.systemui.wifibar_d does not have legacy storage
05-19 12:41:10.289  1245  1245 V StorageManagerService: Package com.derp.systemui.wifibar_e does not have legacy storage
05-19 12:41:10.289  1245  1245 V StorageManagerService: Package com.derp.systemui.wifibar_f does not have legacy storage
05-19 12:41:10.289  1245  1245 V StorageManagerService: Package com.derp.systemui.wifibar_g does not have legacy storage
05-19 12:41:10.289  1245  1245 V StorageManagerService: Package com.derp.systemui.wifibar_h does not have legacy storage
05-19 12:41:10.289  1245  1245 V StorageManagerService: Package com.derp.systemui.wifibar_i does not have legacy storage
05-19 12:41:10.289  1245  1245 V StorageManagerService: Package com.derp.systemui.wifibar_j does not have legacy storage
05-19 12:41:10.289  1245  1245 V StorageManagerService: Package com.bootleggers.shishufied.clockfont.biko does not have legacy storage
05-19 12:41:10.289  1245  1245 V StorageManagerService: Package com.bootleggers.shishufied.clockfont.slim does not have legacy storage
05-19 12:41:10.290  1245  1245 V StorageManagerService: Package com.bootleggers.shishufied.clockfont.Kingthings does not have legacy storage
05-19 12:41:10.290  1245  1245 V StorageManagerService: Package com.bootleggers.shishufied.clockfont.SpaceGame does not have legacy storage
05-19 12:41:10.290  1245  1245 V StorageManagerService: Package com.android.ondevicepersonalization.services does not have legacy storage
05-19 12:41:10.290  1245  1245 V StorageManagerService: Package com.android.theme.font.bignoodle does not have legacy storage
05-19 12:41:10.290  1245  1245 V StorageManagerService: Package com.android.bluetooth does not have legacy storage
05-19 12:41:10.290  1245  1245 V StorageManagerService: Package com.bootleggers.shishufied.theme.shishuillusions.android does not have legacy storage
05-19 12:41:10.290  1245  1245 V StorageManagerService: Package com.bootleggers.shishufied.clockfont.Floorlight does not have legacy storage
05-19 12:41:10.290  1245  1245 V StorageManagerService: Package com.android.server.telecom.overlay.pixel does not have legacy storage
05-19 12:41:10.290  1245  1245 V StorageManagerService: Package com.android.theme.icon.cloudy does not have legacy storage
05-19 12:41:10.290  1463  1537 V WindowManagerShell: Adding external interface from OneHandedController with key extra_shell_one_handed
05-19 12:41:10.290  1245  1245 V StorageManagerService: Package com.android.providers.contacts does not have legacy storage
05-19 12:41:10.290  1245  1245 V StorageManagerService: Package com.custom.systemui.wifiNothingDot does not have legacy storage
05-19 12:41:10.290  1463  1537 V WindowManagerShell: 	OneHandedController init took 21ms
05-19 12:41:10.290  1245  1245 V StorageManagerService: Package com.android.captiveportallogin does not have legacy storage
05-19 12:41:10.290  1245  1245 V StorageManagerService: Package org.pixelexperience.faceunlock does not have legacy storage
05-19 12:41:10.290  1245  1245 V StorageManagerService: Package com.android.theme.icon.roundedrect does not have legacy storage
05-19 12:41:10.290  1245  1245 V StorageManagerService: Package com.android.theme.font.now does not have legacy storage
05-19 12:41:10.290  1245  1245 V StorageManagerService: Package com.bootleggers.shishufied.clockfont.sfsofttime does not have legacy storage
05-19 12:41:10.290  1245  1245 V StorageManagerService: Package com.android.theme.icon_pack.aurora.android does not have legacy storage
05-19 12:41:10.290  1245  1245 V StorageManagerService: Package com.bootleggers.shishufied.clockfont.karmaticarcade does not have legacy storage
05-19 12:41:10.290  1245  1245 V StorageManagerService: Package com.android.internal.systemui.navbar.gestural_narrow_back does not have legacy storage
05-19 12:41:10.290  1245  1245 V StorageManagerService: Package com.android.theme.icon_pack.acherus.settings does not have legacy storage
05-19 12:41:10.290  1245  1245 V StorageManagerService: Package com.android.theme.icon.flower does not have legacy storage
05-19 12:41:10.290  1245  1245 V StorageManagerService: Package com.android.theme.font.exo2 does not have legacy storage
05-19 12:41:10.290  1245  1245 V StorageManagerService: Package com.android.theme.icon_pack.rounded.settings does not have legacy storage
05-19 12:41:10.290  1245  1245 V StorageManagerService: Package com.android.theme.font.gravity does not have legacy storage
05-19 12:41:10.291  1245  1245 V StorageManagerService: Package com.android.theme.font.sofiasans does not have legacy storage
05-19 12:41:10.291  1245  1245 V StorageManagerService: Package com.google.android.inputmethod.latin does not have legacy storage
05-19 12:41:10.291  1245  1245 V StorageManagerService: Package com.android.systemui.signalbar_ios does not have legacy storage
05-19 12:41:10.291  1245  1245 V StorageManagerService: Package com.google.android.storagemanager does not have legacy storage
05-19 12:41:10.291  1245  1245 V StorageManagerService: Package com.android.theme.icon_pack.circular.android does not have legacy storage
05-19 12:41:10.291  1245  1245 V StorageManagerService: Package com.google.android.apps.restore does not have legacy storage
05-19 12:41:10.291  1245  1245 D SystemServerTiming: ssm.onStartUser-0_com.android.server.usage.StorageStatsService$Lifecycle
05-19 12:41:10.291  1245  1245 D SystemServerTiming: ssm.onStartUser-0_com.android.server.UiModeManagerService
05-19 12:41:10.291  1245  1245 D SystemServerTiming: ssm.onStartUser-0_com.android.server.locales.LocaleManagerService
05-19 12:41:10.291  1245  1245 D SystemServerTiming: ssm.onStartUser-0_com.android.server.locksettings.LockSettingsService$Lifecycle
05-19 12:41:10.291  1245  1245 D SystemServerTiming: ssm.onStartUser-0_com.android.server.PersistentDataBlockService
05-19 12:41:10.291  1245  1245 D SystemServerTiming: ssm.onStartUser-0_com.android.server.testharness.TestHarnessModeService
05-19 12:41:10.291  1245  1245 D SystemServerTiming: ssm.onStartUser-0_com.android.server.oemlock.OemLockService
05-19 12:41:10.291  1245  1245 D SystemServerTiming: ssm.onStartUser-0_com.android.server.DeviceIdleController
05-19 12:41:10.291  1245  1245 D SystemServerTiming: ssm.onStartUser-0_com.android.server.devicepolicy.DevicePolicyManagerService$Lifecycle
05-19 12:41:10.291  1245  1245 D SystemServerTiming: ssm.onStartUser-0_com.android.server.musicrecognition.MusicRecognitionManagerService
05-19 12:41:10.291  1245  1245 D SystemServerTiming: ssm.onStartUser-0_com.android.server.contentcapture.ContentCaptureManagerService
05-19 12:41:10.292  1245  1245 D SystemServerTiming: ssm.onStartUser-0_com.android.server.attention.AttentionManagerService
05-19 12:41:10.292  1245  1245 D SystemServerTiming: ssm.onStartUser-0_com.android.server.rotationresolver.RotationResolverManagerService
05-19 12:41:10.292  1245  1245 D SystemServerTiming: ssm.onStartUser-0_com.android.server.systemcaptions.SystemCaptionsManagerService
05-19 12:41:10.292  1245  1245 D SystemServerTiming: ssm.onStartUser-0_com.android.server.texttospeech.TextToSpeechManagerService
05-19 12:41:10.292  1245  1245 D SystemServerTiming: ssm.onStartUser-0_com.android.server.ambientcontext.AmbientContextManagerService
05-19 12:41:10.292  1245  1245 D SystemServerTiming: ssm.onStartUser-0_com.android.server.speech.SpeechRecognitionManagerService
05-19 12:41:10.292  1245  1245 D SystemServerTiming: ssm.onStartUser-0_com.android.server.appprediction.AppPredictionManagerService
05-19 12:41:10.292  1245  1245 D SystemServerTiming: ssm.onStartUser-0_com.android.server.contentsuggestions.ContentSuggestionsManagerService
05-19 12:41:10.292  1245  1245 D SystemServerTiming: ssm.onStartUser-0_com.android.server.searchui.SearchUiManagerService
05-19 12:41:10.292  1245  1245 D SystemServerTiming: ssm.onStartUser-0_com.android.server.smartspace.SmartspaceManagerService
05-19 12:41:10.292  1245  1245 D SystemServerTiming: ssm.onStartUser-0_com.android.server.graphics.fonts.FontManagerService$Lifecycle
05-19 12:41:10.292  1245  1245 D SystemServerTiming: ssm.onStartUser-0_com.android.server.textservices.TextServicesManagerService$Lifecycle
05-19 12:41:10.292  1245  1245 D SystemServerTiming: ssm.onStartUser-0_com.android.server.textclassifier.TextClassificationManagerService$Lifecycle
05-19 12:41:10.292  1245  1245 D SystemServerTiming: ssm.onStartUser-0_com.android.server.NetworkScoreService$Lifecycle
05-19 12:41:10.292  1245  1245 D SystemServerTiming: ssm.onStartUser-0_com.android.server.NetworkStatsServiceInitializer
05-19 12:41:10.292  1245  1245 D SystemServerTiming: ssm.onStartUser-0_com.android.server.wifi.WifiService
05-19 12:41:10.292  1245  1245 D SystemServerTiming: ssm.onStartUser-0_com.android.server.wifi.scanner.WifiScanningService
05-19 12:41:10.292  1245  1245 D SystemServerTiming: ssm.onStartUser-0_com.android.server.wifi.p2p.WifiP2pService
05-19 12:41:10.292  1245  1245 D SystemServerTiming: ssm.onStartUser-0_com.android.server.ConnectivityServiceInitializer
05-19 12:41:10.292  1245  1245 D SystemServerTiming: ssm.onStartUser-0_com.android.server.notification.NotificationManagerService
05-19 12:41:10.292  1245  1245 D SystemServerTiming: ssm.onStartUser-0_com.android.server.storage.DeviceStorageMonitorService
05-19 12:41:10.292  1245  1245 D SystemServerTiming: ssm.onStartUser-0_com.android.server.location.LocationManagerService$Lifecycle
05-19 12:41:10.293  1245  1245 D SystemServerTiming: ssm.onStartUser-0_com.android.server.timedetector.TimeDetectorService$Lifecycle
05-19 12:41:10.293  1245  1245 D SystemServerTiming: ssm.onStartUser-0_com.android.server.timezonedetector.TimeZoneDetectorService$Lifecycle
05-19 12:41:10.293  1245  1245 D SystemServerTiming: ssm.onStartUser-0_com.android.server.timezonedetector.location.LocationTimeZoneManagerService$Lifecycle
05-19 12:41:10.293  1245  1245 D SystemServerTiming: ssm.onStartUser-0_com.android.server.search.SearchManagerService$Lifecycle
05-19 12:41:10.293  1245  1245 D SystemServerTiming: ssm.onStartUser-0_com.android.server.wallpaper.WallpaperManagerService$Lifecycle
05-19 12:41:10.293  1245  1245 D SystemServerTiming: ssm.onStartUser-0_com.android.server.wallpapereffectsgeneration.WallpaperEffectsGenerationManagerService
05-19 12:41:10.293  1245  1245 D SystemServerTiming: ssm.onStartUser-0_com.android.server.audio.AudioService$Lifecycle
05-19 12:41:10.293  1245  1245 D SystemServerTiming: ssm.onStartUser-0_com.android.server.soundtrigger_middleware.SoundTriggerMiddlewareService$Lifecycle
05-19 12:41:10.293  1245  1245 D SystemServerTiming: ssm.onStartUser-0_com.android.server.DockObserver
05-19 12:41:10.293  1245  1245 D SystemServerTiming: ssm.onStartUser-0_com.android.server.midi.MidiService$Lifecycle
05-19 12:41:10.293  1245  1245 D SystemServerTiming: ssm.onStartUser-0_com.android.server.adb.AdbService$Lifecycle
05-19 12:41:10.293  1245  1245 D SystemServerTiming: ssm.onStartUser-0_com.android.server.usb.UsbService$Lifecycle
05-19 12:41:10.293  1245  1245 D SystemServerTiming: ssm.onStartUser-0_com.android.server.twilight.TwilightService
05-19 12:41:10.293  1245  1245 D SystemServerTiming: ssm.onStartUser-0_com.android.server.display.color.ColorDisplayService
05-19 12:41:10.293  1245  1245 D SystemServerTiming: ssm.onStartUser-0_com.android.server.job.JobSchedulerService
05-19 12:41:10.293  1245  1245 D SystemServerTiming: ssm.onStartUser-0_com.android.server.soundtrigger.SoundTriggerService
05-19 12:41:10.293  1245  1245 D SystemServerTiming: ssm.onStartUser-0_com.android.server.trust.TrustManagerService
05-19 12:41:10.293  1245  1245 D SystemServerTiming: ssm.onStartUser-0_com.android.server.backup.BackupManagerService$Lifecycle
05-19 12:41:10.293  1245  1245 D SystemServerTiming: ssm.onStartUser-0_com.android.server.appwidget.AppWidgetService
05-19 12:41:10.293  1245  1245 D SystemServerTiming: ssm.onStartUser-0_com.android.server.voiceinteraction.VoiceInteractionManagerService
05-19 12:41:10.296  1463  1537 V WindowManagerShell: 	DefaultTransitionHandler init took 6ms
05-19 12:41:10.296  1463  1537 V WindowManagerShell: Adding external interface from Transitions with key extra_shell_shell_transitions
05-19 12:41:10.299  1463  1537 V WindowManagerShell: 	Transitions init took 3ms
05-19 12:41:10.304  1463  1537 V WindowManagerShell: Adding dump callback for BubbleController
05-19 12:41:10.304  1463  1537 V WindowManagerShell: 	BubbleController init took 5ms
05-19 12:41:10.304  1463  1537 V WindowManagerShell: Adding dump callback for SplitScreenController
05-19 12:41:10.304  1463  1537 V WindowManagerShell: Adding command class splitscreen for SplitScreenController
05-19 12:41:10.304  1463  1537 V WindowManagerShell: Adding external interface from SplitScreenController with key extra_shell_split_screen
05-19 12:41:10.319  1463  1537 V WindowManagerShell: addHandler: StageCoordinator
05-19 12:41:10.319  1463  1537 V WindowManagerShell: 	SplitScreenController init took 15ms
05-19 12:41:10.357  1463  1537 V WindowManagerShell: 	PipTouchHandler init took 38ms
05-19 12:41:10.357  1463  1537 V WindowManagerShell: 	DevicePostureController init took 0ms
05-19 12:41:10.358  1463  1537 V WindowManagerShell: 	TabletopModeController init took 1ms
05-19 12:41:10.358  1463  1537 V WindowManagerShell: Adding dump callback for PipController
05-19 12:41:10.364  1463  1537 V WindowManagerShell: Adding external interface from PipController with key extra_shell_pip
05-19 12:41:10.364  1463  1537 V WindowManagerShell: 	PipController init took 6ms
05-19 12:41:10.367  1245  1245 W SystemServiceManager: Service com.android.server.voiceinteraction.VoiceInteractionManagerService took 74 ms in onStartUser-0
05-19 12:41:10.367  1245  1245 D SystemServerTiming: ssm.onStartUser-0_com.android.server.apphibernation.AppHibernationService
05-19 12:41:10.367  1245  1245 D SystemServerTiming: ssm.onStartUser-0_com.android.server.GestureLauncherService
05-19 12:41:10.367  1245  1245 D SystemServerTiming: ssm.onStartUser-0_com.android.server.SensorNotificationService
05-19 12:41:10.367  1245  1245 D SystemServerTiming: ssm.onStartUser-0_com.android.server.emergency.EmergencyAffordanceService
05-19 12:41:10.367  1245  1245 D SystemServerTiming: ssm.onStartUser-0_com.android.server.blob.BlobStoreManagerService
05-19 12:41:10.367  1245  1245 D SystemServerTiming: ssm.onStartUser-0_com.android.server.dreams.DreamManagerService
05-19 12:41:10.367  1245  1245 D SystemServerTiming: ssm.onStartUser-0_com.android.server.print.PrintManagerService
05-19 12:41:10.367  1245  1245 D SystemServerTiming: ssm.onStartUser-0_com.android.server.security.AttestationVerificationManagerService
05-19 12:41:10.367  1245  1245 D SystemServerTiming: ssm.onStartUser-0_com.android.server.companion.CompanionDeviceManagerService
05-19 12:41:10.367  1245  1245 D SystemServerTiming: ssm.onStartUser-0_com.android.server.companion.virtual.VirtualDeviceManagerService
05-19 12:41:10.368  1463  1537 V WindowManagerShell: 	FullscreenTaskListener init took 4ms
05-19 12:41:10.368  1463  1537 V WindowManagerShell: Adding external interface from StartingWindowController with key extra_shell_starting_window
05-19 12:41:10.368  1463  1537 V WindowManagerShell: 	StartingWindowController init took 0ms
05-19 12:41:10.368  1463  1537 V WindowManagerShell: Adding command class protolog for ProtoLogController
05-19 12:41:10.368  1463  1537 V WindowManagerShell: 	ProtoLogController init took 0ms
05-19 12:41:10.369  1463  1537 V WindowManagerShell: Adding dump callback for KidsModeTaskOrganizer
05-19 12:41:10.369  1245  1245 D SystemServerTiming: ssm.onStartUser-0_com.android.server.restrictions.RestrictionsManagerService
05-19 12:41:10.369  1245  1245 D SystemServerTiming: ssm.onStartUser-0_com.android.server.media.MediaSessionService
05-19 12:41:10.369  1245  1245 D SystemServerTiming: ssm.onStartUser-0_com.android.server.media.MediaResourceMonitorService
05-19 12:41:10.369  1245  1245 D SystemServerTiming: ssm.onStartUser-0_com.android.server.biometrics.sensors.face.FaceService
05-19 12:41:10.369  1245  1245 D SystemServerTiming: ssm.onStartUser-0_com.android.server.biometrics.sensors.fingerprint.FingerprintService
05-19 12:41:10.369  1245  1245 D SystemServerTiming: ssm.onStartUser-0_com.android.server.biometrics.BiometricService
05-19 12:41:10.369  1245  1245 D SystemServerTiming: ssm.onStartUser-0_com.android.server.biometrics.AuthService
05-19 12:41:10.369  1245  1245 D SystemServerTiming: ssm.onStartUser-0_com.android.server.app.AppLockManagerService$Lifecycle
05-19 12:41:10.369  1245  1245 I AppLockManagerService: onUserStarting: userId = 0
05-19 12:41:10.372  1245  1245 D SystemServerTiming: ssm.onStartUser-0_com.android.server.pm.ShortcutService$Lifecycle
05-19 12:41:10.372  1245  1245 D SystemServerTiming: ssm.onStartUser-0_com.android.server.pm.LauncherAppsService
05-19 12:41:10.372  1245  1245 D SystemServerTiming: ssm.onStartUser-0_com.android.server.pm.CrossProfileAppsService
05-19 12:41:10.372  1245  1245 D SystemServerTiming: ssm.onStartUser-0_com.android.server.pocket.PocketService
05-19 12:41:10.372  1245  1245 D SystemServerTiming: ssm.onStartUser-0_com.android.server.people.PeopleService
05-19 12:41:10.372  1245  1245 D SystemServerTiming: ssm.onStartUser-0_com.android.server.media.metrics.MediaMetricsManagerService
05-19 12:41:10.372  1245  1245 D SystemServerTiming: ssm.onStartUser-0_com.android.server.derp.CustomDeviceConfigService
05-19 12:41:10.372  1245  1245 D SystemServerTiming: ssm.onStartUser-0_com.android.server.vibrator.LinearmotorVibratorService
05-19 12:41:10.372  1245  1245 D SystemServerTiming: ssm.onStartUser-0_com.android.server.derp.LineageHardwareService
05-19 12:41:10.372  1245  1245 D SystemServerTiming: ssm.onStartUser-0_com.android.server.derp.display.LiveDisplayService
05-19 12:41:10.372  1245  1245 D SystemServerTiming: ssm.onStartUser-0_com.android.server.derp.health.HealthInterfaceService
05-19 12:41:10.373  1245  1245 D SystemServerTiming: ssm.onStartUser-0_com.android.server.media.projection.MediaProjectionManagerService
05-19 12:41:10.373  1245  1245 D SystemServerTiming: ssm.onStartUser-0_com.android.server.slice.SliceManagerService$Lifecycle
05-19 12:41:10.373  1245  1245 D SystemServerTiming: ssm.onStartUser-0_com.android.server.stats.StatsCompanion$Lifecycle
05-19 12:41:10.373  1245  1245 D SystemServerTiming: ssm.onStartUser-0_com.android.server.scheduling.RebootReadinessManagerService$Lifecycle
05-19 12:41:10.373  1245  1245 D SystemServerTiming: ssm.onStartUser-0_com.android.server.stats.pull.StatsPullAtomService
05-19 12:41:10.373  1245  1245 D SystemServerTiming: ssm.onStartUser-0_com.android.server.stats.bootstrap.StatsBootstrapAtomService$Lifecycle
05-19 12:41:10.373  1245  1245 D SystemServerTiming: ssm.onStartUser-0_com.android.server.incident.IncidentCompanionService
05-19 12:41:10.373  1245  1245 D SystemServerTiming: ssm.onStartUser-0_com.android.server.sdksandbox.SdkSandboxManagerService$Lifecycle
05-19 12:41:10.373  1245  1245 D SystemServerTiming: ssm.onStartUser-0_com.android.server.adservices.AdServicesManagerService$Lifecycle
05-19 12:41:10.373  1245  1245 D SystemServerTiming: ssm.onStartUser-0_com.android.server.MmsServiceBroker
05-19 12:41:10.373  1245  1245 D SystemServerTiming: ssm.onStartUser-0_com.android.server.autofill.AutofillManagerService
05-19 12:41:10.373  1245  1245 D SystemServerTiming: ssm.onStartUser-0_com.android.server.translation.TranslationManagerService
05-19 12:41:10.373  1245  1245 D SystemServerTiming: ssm.onStartUser-0_com.android.server.clipboard.ClipboardService
05-19 12:41:10.373  1245  1245 D SystemServerTiming: ssm.onStartUser-0_com.android.server.appbinding.AppBindingService$Lifecycle
05-19 12:41:10.373  1463  1537 V WindowManagerShell: 	KidsModeTaskOrganizer init took 5ms
05-19 12:41:10.373  1245  1245 D SystemServerTiming: ssm.onStartUser-0_com.android.server.tracing.TracingServiceProxy
05-19 12:41:10.373  1245  1245 D SystemServerTiming: ssm.onStartUser-0_com.android.server.policy.PermissionPolicyService
05-19 12:41:10.373  1245  1245 D SystemServerTiming: ssm.onStartUser-0_com.android.server.pm.StagingManager$Lifecycle
05-19 12:41:10.373  1245  1245 D SystemServerTiming: ssm.onStartUser-0_com.android.server.app.GameManagerService$Lifecycle
05-19 12:41:10.375  1463  1537 D ShellBackPreview: Back animation enabled=false
05-19 12:41:10.376  1463  1537 V WindowManagerShell: Adding external interface from BackAnimationController with key extra_shell_back_animation
05-19 12:41:10.376  1463  1537 V WindowManagerShell: 	BackAnimationController init took 3ms
05-19 12:41:10.376  1463  1537 V WindowManagerShell: Display added: 0
05-19 12:41:10.380  1245  1245 V GameManagerService: Settings file doesn't exists, skip reading
05-19 12:41:10.380  1245  1245 D SystemServerTiming: ssm.onStartUser-0_com.android.safetycenter.SafetyCenterService
05-19 12:41:10.380  1245  1245 D SystemServerTiming: ssm.onStartUser-0_com.android.server.appsearch.AppSearchModule$Lifecycle
05-19 12:41:10.380  1245  1245 D SystemServerTiming: ssm.onStartUser-0_com.android.server.media.MediaCommunicationService
05-19 12:41:10.381  1245  1245 D SystemServerTiming: ssm.onStartUser-0_com.android.server.compat.overrides.AppCompatOverridesService$Lifecycle
05-19 12:41:10.381  1245  1245 D SystemServerTiming: ssm.onStartUser-0_com.android.server.derp.ParallelSpaceManagerService
05-19 12:41:10.381  1245  1245 D SystemServerTiming: startPersistentApps
05-19 12:41:10.382  1245  1245 D CompatibilityChangeReporter: Compat change id reported: 135634846; UID 1068; state: DISABLED
05-19 12:41:10.384  1245  1245 D CompatibilityChangeReporter: Compat change id reported: 135634846; UID 1001; state: DISABLED
05-19 12:41:10.385  1245  1245 D CompatibilityChangeReporter: Compat change id reported: 177438394; UID 1001; state: DISABLED
05-19 12:41:10.385  1245  1245 D CompatibilityChangeReporter: Compat change id reported: 135772972; UID 1001; state: DISABLED
05-19 12:41:10.385  1245  1245 D CompatibilityChangeReporter: Compat change id reported: 135754954; UID 1001; state: ENABLED
05-19 12:41:10.386  1245  1245 D SystemServerTiming: startHomeOnAllDisplays
05-19 12:41:10.388  1245  1245 I ActivityTaskManager: START u0 {act=android.intent.action.MAIN cat=[android.intent.category.HOME] flg=0x10000100 cmp=com.android.settings/.FallbackHome (has extras)} from uid 0
05-19 12:41:10.391  1245  1245 D CompatibilityChangeReporter: Compat change id reported: 265464455; UID 1000; state: DISABLED
05-19 12:41:10.392  1245  1245 D CompatibilityChangeReporter: Compat change id reported: 265452344; UID 1000; state: DISABLED
05-19 12:41:10.392  1245  1245 D CompatibilityChangeReporter: Compat change id reported: 266124927; UID 1000; state: DISABLED
05-19 12:41:10.392  1245  1245 D CompatibilityChangeReporter: Compat change id reported: 265451093; UID 1000; state: DISABLED
05-19 12:41:10.393  1245  1245 D CompatibilityChangeReporter: Compat change id reported: 265456536; UID 1000; state: DISABLED
05-19 12:41:10.393  1245  1245 D CompatibilityChangeReporter: Compat change id reported: 255940284; UID 1000; state: DISABLED
05-19 12:41:10.394  1245  1245 D CompatibilityChangeReporter: Compat change id reported: 236283604; UID 1000; state: DISABLED
05-19 12:41:10.394  1245  1245 D CompatibilityChangeReporter: Compat change id reported: 263959004; UID 1000; state: DISABLED
05-19 12:41:10.394  1245  1245 D CompatibilityChangeReporter: Compat change id reported: 264304459; UID 1000; state: DISABLED
05-19 12:41:10.395  1245  1245 D CompatibilityChangeReporter: Compat change id reported: 264301586; UID 1000; state: DISABLED
05-19 12:41:10.395  1245  1245 D CompatibilityChangeReporter: Compat change id reported: 254631730; UID 1000; state: DISABLED
05-19 12:41:10.396  1245  1245 D CompatibilityChangeReporter: Compat change id reported: 273509367; UID 1000; state: DISABLED
05-19 12:41:10.396  1245  1245 D CompatibilityChangeReporter: Compat change id reported: 263259275; UID 1000; state: DISABLED
05-19 12:41:10.397  1245  1445 V GameManagerService_GamePackageConfiguration: No android.game_mode_config meta-data found for package com.supercell.brawlstars
05-19 12:41:10.398  1245  1445 I GameManagerService: Disabling downscale for com.supercell.brawlstars
05-19 12:41:10.410  1245  1445 V GameManagerService: Package configuration not found for com.supercell.brawlstars
05-19 12:41:10.413  1245  1448 D CompatibilityChangeReporter: Compat change id reported: 171306433; UID 1000; state: ENABLED
05-19 12:41:10.414  1245  1448 D CompatibilityChangeReporter: Compat change id reported: 218533173; UID 1000; state: ENABLED
05-19 12:41:10.415  1245  1245 D CompatibilityChangeReporter: Compat change id reported: 174042980; UID 1000; state: DISABLED
05-19 12:41:10.416  1245  1245 D CompatibilityChangeReporter: Compat change id reported: 194480991; UID 1000; state: ENABLED
05-19 12:41:10.426  1245  1245 D CompatibilityChangeReporter: Compat change id reported: 197654537; UID 1000; state: ENABLED
05-19 12:41:10.436  1245  1245 D SystemServerTiming: showSystemReadyErrorDialogs
05-19 12:41:10.450  1245  1508 D CompatibilityChangeReporter: Compat change id reported: 135634846; UID 10467; state: DISABLED
05-19 12:41:10.450  1245  1508 D CompatibilityChangeReporter: Compat change id reported: 177438394; UID 10467; state: DISABLED
05-19 12:41:10.451  1245  1508 D CompatibilityChangeReporter: Compat change id reported: 135772972; UID 10467; state: DISABLED
05-19 12:41:10.451  1245  1508 D CompatibilityChangeReporter: Compat change id reported: 135754954; UID 10467; state: ENABLED
05-19 12:41:10.517  1245  1245 D SystemServerTiming: sendUserStartBroadcast
05-19 12:41:10.518  1245  1245 D SystemServerTiming: resumeTopActivities
05-19 12:41:10.519  1245  1261 D CompatibilityChangeReporter: Compat change id reported: 168419799; UID 10499; state: DISABLED
05-19 12:41:10.519  1245  1261 D CompatibilityChangeReporter: Compat change id reported: 273564678; UID 10499; state: DISABLED
05-19 12:41:10.525  1245  1245 D SystemServerTiming: sendUserSwitchBroadcasts
05-19 12:41:10.526  1245  1245 D SystemServerTiming: setBinderProxies
05-19 12:41:10.530  1245  1245 D SystemServerTiming: componentAlias
05-19 12:41:10.531  1245  1245 D ComponentAliasResolver: Compat listener set.
05-19 12:41:10.531  1245  1245 D SystemServerTiming: StartSystemUI
05-19 12:41:10.532  1245  1280 W ActivityManager: Slow operation: 150ms so far, now at startProcess: done updating battery stats
05-19 12:41:10.532  1245  1280 W ActivityManager: Slow operation: 150ms so far, now at startProcess: building log message
05-19 12:41:10.532  1245  1280 I ActivityManager: Start proc 1645:com.android.se/1068 for added application com.android.se
05-19 12:41:10.532  1245  1280 W ActivityManager: Slow operation: 150ms so far, now at startProcess: starting to update pids map
05-19 12:41:10.532  1245  1280 W ActivityManager: Slow operation: 150ms so far, now at startProcess: done updating pids map
05-19 12:41:10.532  1245  1280 W ActivityManager: Slow operation: 149ms so far, now at startProcess: asking zygote to start proc
05-19 12:41:10.533  1245  1261 D CoreBackPreview: Window{99760ab u0 ShellDropTarget}: Setting back callback OnBackInvokedCallbackInfo{mCallback=android.window.IOnBackInvokedCallback$Stub$Proxy@f60b752, mPriority=0}
05-19 12:41:10.535  1245  1448 D CompatibilityChangeReporter: Compat change id reported: 168419799; UID 1068; state: DISABLED
05-19 12:41:10.535  1245  1448 D CompatibilityChangeReporter: Compat change id reported: 273564678; UID 1068; state: DISABLED
05-19 12:41:10.548  1245  1269 D CompatibilityChangeReporter: Compat change id reported: 135634846; UID 1000; state: DISABLED
05-19 12:41:10.549  1245  1269 D CompatibilityChangeReporter: Compat change id reported: 177438394; UID 1000; state: DISABLED
05-19 12:41:10.549  1245  1269 D CompatibilityChangeReporter: Compat change id reported: 135772972; UID 1000; state: DISABLED
05-19 12:41:10.549  1245  1269 D CompatibilityChangeReporter: Compat change id reported: 135754954; UID 1000; state: ENABLED
05-19 12:41:10.550  1245  1362 I ActivityManager: Process WebViewLoader-armeabi-v7a (pid 1572) has died: psvc PER 
05-19 12:41:10.551  1245  1280 W ActivityManager: Slow operation: 168ms so far, now at startProcess: returned from zygote!
05-19 12:41:10.558  1245  1262 D CompatibilityChangeReporter: Compat change id reported: 181136395; UID 1000; state: DISABLED
05-19 12:41:10.558  1245  1454 I ActivityManager: Process WebViewLoader-arm64-v8a (pid 1578) has died: psvc PER 
05-19 12:41:10.559  1245  1262 D CompatibilityChangeReporter: Compat change id reported: 174042936; UID 1000; state: DISABLED
05-19 12:41:10.575  1245  1280 W ActivityManager: Slow operation: 192ms so far, now at startProcess: done updating battery stats
05-19 12:41:10.575  1245  1280 I Watchdog: Interesting Java process com.android.phone started. Pid 1707
05-19 12:41:10.575  1245  1280 W ActivityManager: Slow operation: 192ms so far, now at startProcess: building log message
05-19 12:41:10.575  1245  1280 I ActivityManager: Start proc 1707:com.android.phone/1001 for added application com.android.phone
05-19 12:41:10.575  1245  1280 W ActivityManager: Slow operation: 192ms so far, now at startProcess: starting to update pids map
05-19 12:41:10.576  1245  1280 W ActivityManager: Slow operation: 193ms so far, now at startProcess: done updating pids map
05-19 12:41:10.578  1245  1245 D SystemServerTiming: startApexServices
05-19 12:41:10.578  1245  1245 D SystemServerTiming: starting com.android.server.scheduling.RebootReadinessManagerService$Lifecycle
05-19 12:41:10.579  1245  1245 I SystemServiceManager: Starting com.android.server.scheduling.RebootReadinessManagerService$Lifecycle
05-19 12:41:10.579  1245  1245 I SystemServiceManager: Not starting an already started service com.android.server.scheduling.RebootReadinessManagerService$Lifecycle
05-19 12:41:10.580  1245  1245 W Looper  : Slow delivery took 6213ms main h=android.app.PropertyInvalidatedCache$AutoCorker$1 c=null m=0
05-19 12:41:10.580  1245  1448 D CompatibilityChangeReporter: Compat change id reported: 168419799; UID 1001; state: DISABLED
05-19 12:41:10.581  1245  1448 D CompatibilityChangeReporter: Compat change id reported: 273564678; UID 1001; state: DISABLED
05-19 12:41:10.585  1245  1280 I ActivityManager: Start proc 1722:com.android.settings/1000 for top-activity {com.android.settings/com.android.settings.FallbackHome}
05-19 12:41:10.596  1245  1449 D CompatibilityChangeReporter: Compat change id reported: 194532703; UID 1073; state: ENABLED
05-19 12:41:10.598  1245  1245 D CompatibilityChangeReporter: Compat change id reported: 161145287; UID 1000; state: DISABLED
05-19 12:41:10.599  1245  1245 D ConditionProviders.SCP: onConnected
05-19 12:41:10.599  1245  1245 D ConditionProviders: Subscribing to condition://android/event?userId=-10000&calendar=&reply=1 with ComponentInfo{android/com.android.server.notification.EventConditionProvider}
05-19 12:41:10.600  1245  1245 D ConditionProviders: Subscribing to condition://android/schedule?days=1.2.3.4.5.6.7&start=22.0&end=7.0&exitAtAlarm=true with ComponentInfo{android/com.android.server.notification.ScheduleConditionProvider}
05-19 12:41:10.607  1245  1245 D CompatibilityChangeReporter: Compat change id reported: 135634846; UID 10512; state: DISABLED
05-19 12:41:10.608  1245  1245 D CompatibilityChangeReporter: Compat change id reported: 177438394; UID 10512; state: DISABLED
05-19 12:41:10.608  1245  1245 D CompatibilityChangeReporter: Compat change id reported: 135772972; UID 10512; state: DISABLED
05-19 12:41:10.608  1245  1245 D CompatibilityChangeReporter: Compat change id reported: 135754954; UID 10512; state: ENABLED
05-19 12:41:10.609  1245  1280 D CompatibilityChangeReporter: Compat change id reported: 143937733; UID 10512; state: ENABLED
05-19 12:41:10.620  1245  1280 I ActivityManager: Start proc 1740:android.ext.services/u0a512 for service {android.ext.services/android.ext.services.autofill.InlineSuggestionRenderServiceImpl}
05-19 12:41:10.623  1245  1447 D CompatibilityChangeReporter: Compat change id reported: 168419799; UID 1000; state: DISABLED
05-19 12:41:10.624  1245  1447 D CompatibilityChangeReporter: Compat change id reported: 273564678; UID 1000; state: DISABLED
05-19 12:41:10.650  1245  1447 D CompatibilityChangeReporter: Compat change id reported: 161145287; UID 1068; state: DISABLED
05-19 12:41:10.651  1245  1262 D CompatibilityChangeReporter: Compat change id reported: 168419799; UID 10512; state: DISABLED
05-19 12:41:10.652  1245  1262 D CompatibilityChangeReporter: Compat change id reported: 273564678; UID 10512; state: DISABLED
