05-20 13:43:04.926  1247  1353 D CoreBackPreview: Window{df91cb2 u0 com.android.chrome/org.chromium.chrome.browser.ChromeTabbedActivity}: Setting back callback OnBackInvokedCallbackInfo{mCallback=android.window.IOnBackInvokedCallback$Stub$Proxy@85c8cc1, mPriority=0}
05-20 13:43:04.967  1247  7355 D CompatibilityChangeReporter: Compat change id reported: 135634846; UID 90002; state: DISABLED
05-20 13:43:04.967  1247  1281 D CompatibilityChangeReporter: Compat change id reported: 143937733; UID 10468; state: ENABLED
05-20 13:43:04.995  1247  1281 I ActivityManager: Start proc 8662:com.android.chrome:sandboxed_process0:org.chromium.content.app.SandboxedProcessService0:2/u0ai2 for  {com.android.chrome/org.chromium.content.app.SandboxedProcessService0:2}
05-20 13:43:05.024  1247  1353 D CoreBackPreview: Window{df91cb2 u0 com.android.chrome/org.chromium.chrome.browser.ChromeTabbedActivity}: Setting back callback OnBackInvokedCallbackInfo{mCallback=android.window.IOnBackInvokedCallback$Stub$Proxy@b13ac69, mPriority=-1}
05-20 13:43:05.033  1247  7357 D CoreBackPreview: Window{df91cb2 u0 com.android.chrome/org.chromium.chrome.browser.ChromeTabbedActivity}: Setting back callback OnBackInvokedCallbackInfo{mCallback=android.window.IOnBackInvokedCallback$Stub$Proxy@dcf2a1c, mPriority=0}
05-20 13:43:05.086  1247  1353 D CompatibilityChangeReporter: Compat change id reported: 161145287; UID 10468; state: DISABLED
05-20 13:43:05.377  1247  1353 D CompatibilityChangeReporter: Compat change id reported: 214016041; UID 10468; state: ENABLED
05-20 13:43:05.869  1247  3155 D CoreBackPreview: Window{542e0b9 u0 FloatingRotationButton}: Setting back callback OnBackInvokedCallbackInfo{mCallback=android.window.IOnBackInvokedCallback$Stub$Proxy@e8b8c5f, mPriority=0}
05-20 13:43:06.081  1247  1353 D OomAdjuster: Not killing cached processes
05-20 13:43:06.311  1247  1353 I Telecom : : isInEmergencyCall: false: TSI.iIEC@BMg
05-20 13:43:09.320  1247  7965 I Telecom : : isInEmergencyCall: false: TSI.iIEC@BMk
05-20 13:43:09.646  1247  3155 D CoreBackPreview: Window{7cc2174 u0 VolumeDialogImpl}: Setting back callback OnBackInvokedCallbackInfo{mCallback=android.window.IOnBackInvokedCallback$Stub$Proxy@61d9712, mPriority=0}
05-20 13:43:09.914  1247  3155 D CompatibilityChangeReporter: Compat change id reported: 194532703; UID 10468; state: ENABLED
05-20 13:43:10.991  1247  1353 D CoreBackPreview: Window{542e0b9 u0 FloatingRotationButton}: Setting back callback null
05-20 13:43:12.332  1247  7965 I Telecom : : isInEmergencyCall: false: TSI.iIEC@BM4
05-20 13:43:13.077  1247  3155 D OomAdjuster: Not killing cached processes
05-20 13:43:13.252  1247  7965 D CoreBackPreview: Window{7cc2174 u0 VolumeDialogImpl}: Setting back callback null
05-20 13:43:15.347  1247  3155 I Telecom : : isInEmergencyCall: false: TSI.iIEC@BM8
05-20 13:43:17.699  1247  1353 W ContextImpl: Calling a method in the system process without a qualified user: android.app.ContextImpl.sendBroadcastMultiplePermissions:1278 android.content.Context.sendBroadcastMultiplePermissions:2282 com.android.server.TelephonyRegistry.broadcastDataConnectionStateChanged:3281 com.android.server.TelephonyRegistry.notifyDataConnectionForSubscriber:2036 com.android.internal.telephony.ITelephonyRegistry$Stub.onTransact:571 
05-20 13:43:17.731  1247  3155 W ContextImpl: Calling a method in the system process without a qualified user: android.app.ContextImpl.sendBroadcastMultiplePermissions:1278 android.content.Context.sendBroadcastMultiplePermissions:2282 com.android.server.TelephonyRegistry.broadcastDataConnectionStateChanged:3281 com.android.server.TelephonyRegistry.notifyDataConnectionForSubscriber:2036 com.android.internal.telephony.ITelephonyRegistry$Stub.onTransact:571 
05-20 13:43:18.360  1247  1353 I Telecom : : isInEmergencyCall: false: TSI.iIEC@BNA
05-20 13:43:18.826  1446  1522 D ShellBackPreview: initAnimation mMotionStarted=false
05-20 13:43:18.827  1247  1353 D CoreBackPreview: Focused window found using getFocusedWindowToken
05-20 13:43:18.827  1247  1353 D CoreBackPreview: startBackNavigation currentTask=Task{b5b0f6d #539 type=standard A=10468:com.android.chrome}, topRunningActivity=ActivityRecord{76fc33 u0 com.android.chrome/org.chromium.chrome.browser.ChromeTabbedActivity} t539}, callbackInfo=OnBackInvokedCallbackInfo{mCallback=android.window.IOnBackInvokedCallback$Stub$Proxy@dcf2a1c, mPriority=0}, currentFocus=Window{df91cb2 u0 com.android.chrome/org.chromium.chrome.browser.ChromeTabbedActivity}
05-20 13:43:18.828  1446  1522 D ShellBackPreview: Received backNavigationInfo:BackNavigationInfo{mType=TYPE_CALLBACK (4), mDepartingAnimationTarget=null, mScreenshotSurface=null, mTaskWindowConfiguration= null, mScreenshotBuffer=null, mOnBackNavigationDone=android.os.RemoteCallback@ab80276, mOnBackInvokedCallback=android.window.IOnBackInvokedCallback$Stub$Proxy@e5d3077}
05-20 13:43:18.870  1446  1522 D ShellBackPreview: Finishing gesture with event action: 1
05-20 13:43:18.870  1446  1522 D ShellBackPreview: onGestureFinished() mTriggerBack == true
05-20 13:43:18.870  1446  1522 D ShellBackPreview: BackAnimationController: finishAnimation()
05-20 13:43:18.871  1247  7357 D CoreBackPreview: onBackNavigationDone backType=4, task=null, prevActivity=null
05-20 13:43:18.889  1247  4832 D OomAdjuster: Not killing cached processes
05-20 13:43:19.668  1446  1522 D ShellBackPreview: initAnimation mMotionStarted=false
05-20 13:43:19.670  1247  1353 D CoreBackPreview: Focused window found using getFocusedWindowToken
05-20 13:43:19.671  1247  1353 D CoreBackPreview: startBackNavigation currentTask=Task{b5b0f6d #539 type=standard A=10468:com.android.chrome}, topRunningActivity=ActivityRecord{76fc33 u0 com.android.chrome/org.chromium.chrome.browser.ChromeTabbedActivity} t539}, callbackInfo=OnBackInvokedCallbackInfo{mCallback=android.window.IOnBackInvokedCallback$Stub$Proxy@dcf2a1c, mPriority=0}, currentFocus=Window{df91cb2 u0 com.android.chrome/org.chromium.chrome.browser.ChromeTabbedActivity}
05-20 13:43:19.672  1446  1522 D ShellBackPreview: Received backNavigationInfo:BackNavigationInfo{mType=TYPE_CALLBACK (4), mDepartingAnimationTarget=null, mScreenshotSurface=null, mTaskWindowConfiguration= null, mScreenshotBuffer=null, mOnBackNavigationDone=android.os.RemoteCallback@e891905, mOnBackInvokedCallback=android.window.IOnBackInvokedCallback$Stub$Proxy@4dd5d5a}
05-20 13:43:19.711  1446  1522 D ShellBackPreview: Finishing gesture with event action: 1
05-20 13:43:19.711  1446  1522 D ShellBackPreview: onGestureFinished() mTriggerBack == true
05-20 13:43:19.711  1446  1522 D ShellBackPreview: BackAnimationController: finishAnimation()
05-20 13:43:19.711  1247  1353 D CoreBackPreview: onBackNavigationDone backType=4, task=null, prevActivity=null
05-20 13:43:21.377  1247  7357 I Telecom : : isInEmergencyCall: false: TSI.iIEC@BNE
05-20 13:43:21.853  1247  3155 W ActivityManager: Unable to start service Intent { cmp=com.google.android.turboadapter/.GoogleBatteryService } U=0: not found
05-20 13:43:21.861  1247  7965 W ActivityManager: Unable to start service Intent { cmp=com.google.android.turboadapter/.GoogleBatteryService } U=0: not found
05-20 13:43:21.871  2799  2799 E ActivityThread: Service com.google.android.apps.turbo.deadline.library.BatteryFlagService has leaked ServiceConnection aut@665a01a that was originally bound here
05-20 13:43:21.871  2799  2799 E ActivityThread: android.app.ServiceConnectionLeaked: Service com.google.android.apps.turbo.deadline.library.BatteryFlagService has leaked ServiceConnection aut@665a01a that was originally bound here
05-20 13:43:21.871  2799  2799 E ActivityThread: 	at android.app.LoadedApk$ServiceDispatcher.<init>(LoadedApk.java:2045)
05-20 13:43:21.871  2799  2799 E ActivityThread: 	at android.app.LoadedApk.getServiceDispatcherCommon(LoadedApk.java:1917)
05-20 13:43:21.871  2799  2799 E ActivityThread: 	at android.app.LoadedApk.getServiceDispatcher(LoadedApk.java:1896)
05-20 13:43:21.871  2799  2799 E ActivityThread: 	at android.app.ContextImpl.bindServiceCommon(ContextImpl.java:2027)
05-20 13:43:21.871  2799  2799 E ActivityThread: 	at android.app.ContextImpl.bindService(ContextImpl.java:1957)
05-20 13:43:21.871  2799  2799 E ActivityThread: 	at android.content.ContextWrapper.bindService(ContextWrapper.java:853)
05-20 13:43:21.871  2799  2799 E ActivityThread: 	at aup.a(PG:9)
05-20 13:43:21.871  2799  2799 E ActivityThread: 	at hu.b(PG:3)
05-20 13:43:21.871  2799  2799 E ActivityThread: 	at com.google.android.apps.turbo.deadline.library.BatteryFlagService.c(PG:1)
05-20 13:43:21.871  2799  2799 E ActivityThread: 	at atm.run(PG:85)
05-20 13:43:21.871  2799  2799 E ActivityThread: 	at java.util.concurrent.Executors$RunnableAdapter.call(Executors.java:463)
05-20 13:43:21.871  2799  2799 E ActivityThread: 	at dpi.a(PG:1)
05-20 13:43:21.871  2799  2799 E ActivityThread: 	at dor.run(PG:4)
05-20 13:43:21.871  2799  2799 E ActivityThread: 	at dpj.run(PG:1)
05-20 13:43:21.871  2799  2799 E ActivityThread: 	at java.util.concurrent.ThreadPoolExecutor.runWorker(ThreadPoolExecutor.java:1137)
05-20 13:43:21.871  2799  2799 E ActivityThread: 	at java.util.concurrent.ThreadPoolExecutor$Worker.run(ThreadPoolExecutor.java:637)
05-20 13:43:21.871  2799  2799 E ActivityThread: 	at java.lang.Thread.run(Thread.java:1012)
05-20 13:43:21.871  1247  3155 W ActivityManager: Unbind failed: could not find connection for android.os.BinderProxy@1518b18
05-20 13:43:21.876  2799  2799 E ActivityThread: Service com.google.android.apps.turbo.deadline.library.DeadlineUpdateJobService has leaked ServiceConnection aut@3201872 that was originally bound here
05-20 13:43:21.876  2799  2799 E ActivityThread: android.app.ServiceConnectionLeaked: Service com.google.android.apps.turbo.deadline.library.DeadlineUpdateJobService has leaked ServiceConnection aut@3201872 that was originally bound here
05-20 13:43:21.876  2799  2799 E ActivityThread: 	at android.app.LoadedApk$ServiceDispatcher.<init>(LoadedApk.java:2045)
05-20 13:43:21.876  2799  2799 E ActivityThread: 	at android.app.LoadedApk.getServiceDispatcherCommon(LoadedApk.java:1917)
05-20 13:43:21.876  2799  2799 E ActivityThread: 	at android.app.LoadedApk.getServiceDispatcher(LoadedApk.java:1896)
05-20 13:43:21.876  2799  2799 E ActivityThread: 	at android.app.ContextImpl.bindServiceCommon(ContextImpl.java:2027)
05-20 13:43:21.876  2799  2799 E ActivityThread: 	at android.app.ContextImpl.bindService(ContextImpl.java:1957)
05-20 13:43:21.876  2799  2799 E ActivityThread: 	at android.content.ContextWrapper.bindService(ContextWrapper.java:853)
05-20 13:43:21.876  2799  2799 E ActivityThread: 	at aup.a(PG:16)
05-20 13:43:21.876  2799  2799 E ActivityThread: 	at hu.b(PG:3)
05-20 13:43:21.876  2799  2799 E ActivityThread: 	at com.google.android.apps.turbo.deadline.library.DeadlineUpdateJobService.c(PG:2)
05-20 13:43:21.876  2799  2799 E ActivityThread: 	at atm.run(PG:68)
05-20 13:43:21.876  2799  2799 E ActivityThread: 	at java.util.concurrent.Executors$RunnableAdapter.call(Executors.java:463)
05-20 13:43:21.876  2799  2799 E ActivityThread: 	at dpi.a(PG:1)
05-20 13:43:21.876  2799  2799 E ActivityThread: 	at dor.run(PG:4)
05-20 13:43:21.876  2799  2799 E ActivityThread: 	at dpj.run(PG:1)
05-20 13:43:21.876  2799  2799 E ActivityThread: 	at java.util.concurrent.ThreadPoolExecutor.runWorker(ThreadPoolExecutor.java:1137)
05-20 13:43:21.876  2799  2799 E ActivityThread: 	at java.util.concurrent.ThreadPoolExecutor$Worker.run(ThreadPoolExecutor.java:637)
05-20 13:43:21.876  2799  2799 E ActivityThread: 	at java.lang.Thread.run(Thread.java:1012)
05-20 13:43:21.878  1247  4832 W ActivityManager: Unbind failed: could not find connection for android.os.BinderProxy@895183a
05-20 13:43:24.388  1247  1353 I Telecom : : isInEmergencyCall: false: TSI.iIEC@BNI
05-20 13:43:24.525  1446  1522 D ShellBackPreview: initAnimation mMotionStarted=false
05-20 13:43:24.530  1247  1353 D CoreBackPreview: Focused window found using getFocusedWindowToken
05-20 13:43:24.530  1247  1353 D CoreBackPreview: startBackNavigation currentTask=Task{b5b0f6d #539 type=standard A=10468:com.android.chrome}, topRunningActivity=ActivityRecord{76fc33 u0 com.android.chrome/org.chromium.chrome.browser.ChromeTabbedActivity} t539}, callbackInfo=OnBackInvokedCallbackInfo{mCallback=android.window.IOnBackInvokedCallback$Stub$Proxy@dcf2a1c, mPriority=0}, currentFocus=Window{df91cb2 u0 com.android.chrome/org.chromium.chrome.browser.ChromeTabbedActivity}
05-20 13:43:24.531  1446  1522 D ShellBackPreview: Received backNavigationInfo:BackNavigationInfo{mType=TYPE_CALLBACK (4), mDepartingAnimationTarget=null, mScreenshotSurface=null, mTaskWindowConfiguration= null, mScreenshotBuffer=null, mOnBackNavigationDone=android.os.RemoteCallback@6ae96d1, mOnBackInvokedCallback=android.window.IOnBackInvokedCallback$Stub$Proxy@f01536}
05-20 13:43:24.566  1446  1522 D ShellBackPreview: Finishing gesture with event action: 1
05-20 13:43:24.566  1446  1522 D ShellBackPreview: onGestureFinished() mTriggerBack == true
05-20 13:43:24.567  1446  1522 D ShellBackPreview: BackAnimationController: finishAnimation()
05-20 13:43:24.567  1247  1353 D CoreBackPreview: onBackNavigationDone backType=4, task=null, prevActivity=null
05-20 13:43:24.580  1247  1353 D OomAdjuster: Not killing cached processes
05-20 13:43:25.404  1247  7965 W ContextImpl: Calling a method in the system process without a qualified user: android.app.ContextImpl.sendBroadcastMultiplePermissions:1278 android.content.Context.sendBroadcastMultiplePermissions:2282 com.android.server.TelephonyRegistry.broadcastDataConnectionStateChanged:3281 com.android.server.TelephonyRegistry.notifyDataConnectionForSubscriber:2036 com.android.internal.telephony.ITelephonyRegistry$Stub.onTransact:571 
05-20 13:43:25.427  1247  4832 I Telecom : : isInEmergencyCall: false: TSI.iIEC@BNM
05-20 13:43:25.485  1247  7357 W ContextImpl: Calling a method in the system process without a qualified user: android.app.ContextImpl.sendBroadcastMultiplePermissions:1278 android.content.Context.sendBroadcastMultiplePermissions:2282 com.android.server.TelephonyRegistry.broadcastDataConnectionStateChanged:3281 com.android.server.TelephonyRegistry.notifyDataConnectionForSubscriber:2036 com.android.internal.telephony.ITelephonyRegistry$Stub.onTransact:571 
05-20 13:43:26.736  1446  1522 D ShellBackPreview: initAnimation mMotionStarted=false
05-20 13:43:26.737  1247  4832 D CoreBackPreview: Focused window found using getFocusedWindowToken
05-20 13:43:26.738  1247  4832 D CoreBackPreview: startBackNavigation currentTask=Task{b5b0f6d #539 type=standard A=10468:com.android.chrome}, topRunningActivity=ActivityRecord{76fc33 u0 com.android.chrome/org.chromium.chrome.browser.ChromeTabbedActivity} t539}, callbackInfo=OnBackInvokedCallbackInfo{mCallback=android.window.IOnBackInvokedCallback$Stub$Proxy@dcf2a1c, mPriority=0}, currentFocus=Window{df91cb2 u0 com.android.chrome/org.chromium.chrome.browser.ChromeTabbedActivity}
05-20 13:43:26.738  1446  1522 D ShellBackPreview: Received backNavigationInfo:BackNavigationInfo{mType=TYPE_CALLBACK (4), mDepartingAnimationTarget=null, mScreenshotSurface=null, mTaskWindowConfiguration= null, mScreenshotBuffer=null, mOnBackNavigationDone=android.os.RemoteCallback@34637e6, mOnBackInvokedCallback=android.window.IOnBackInvokedCallback$Stub$Proxy@bd21127}
05-20 13:43:26.778  1446  1522 D ShellBackPreview: Finishing gesture with event action: 1
05-20 13:43:26.778  1446  1522 D ShellBackPreview: onGestureFinished() mTriggerBack == true
05-20 13:43:26.778  1446  1522 D ShellBackPreview: BackAnimationController: finishAnimation()
05-20 13:43:26.779  1247  7965 D CoreBackPreview: onBackNavigationDone backType=4, task=null, prevActivity=null
05-20 13:43:28.450  1247  7965 I Telecom : : isInEmergencyCall: false: TSI.iIEC@BNQ
05-20 13:43:29.372  1446  1522 D ShellBackPreview: initAnimation mMotionStarted=false
05-20 13:43:29.373  1247  7965 D CoreBackPreview: Focused window found using getFocusedWindowToken
05-20 13:43:29.373  1247  7965 D CoreBackPreview: startBackNavigation currentTask=Task{b5b0f6d #539 type=standard A=10468:com.android.chrome}, topRunningActivity=ActivityRecord{76fc33 u0 com.android.chrome/org.chromium.chrome.browser.ChromeTabbedActivity} t539}, callbackInfo=OnBackInvokedCallbackInfo{mCallback=android.window.IOnBackInvokedCallback$Stub$Proxy@dcf2a1c, mPriority=0}, currentFocus=Window{df91cb2 u0 com.android.chrome/org.chromium.chrome.browser.ChromeTabbedActivity}
05-20 13:43:29.374  1446  1522 D ShellBackPreview: Received backNavigationInfo:BackNavigationInfo{mType=TYPE_CALLBACK (4), mDepartingAnimationTarget=null, mScreenshotSurface=null, mTaskWindowConfiguration= null, mScreenshotBuffer=null, mOnBackNavigationDone=android.os.RemoteCallback@2338921, mOnBackInvokedCallback=android.window.IOnBackInvokedCallback$Stub$Proxy@43fa146}
05-20 13:43:29.440  1446  1522 D ShellBackPreview: Finishing gesture with event action: 1
05-20 13:43:29.440  1446  1522 D ShellBackPreview: onGestureFinished() mTriggerBack == true
05-20 13:43:29.440  1446  1522 D ShellBackPreview: BackAnimationController: finishAnimation()
05-20 13:43:29.441  1247  7965 D CoreBackPreview: onBackNavigationDone backType=4, task=null, prevActivity=null
05-20 13:43:30.257  1247  7965 D OomAdjuster: Not killing cached processes
05-20 13:43:31.465  1247  7357 I Telecom : : isInEmergencyCall: false: TSI.iIEC@BNU
05-20 13:43:31.905  1247  7965 D CoreBackPreview: Window{cd45a38 u0 FloatingRotationButton}: Setting back callback OnBackInvokedCallbackInfo{mCallback=android.window.IOnBackInvokedCallback$Stub$Proxy@caac776, mPriority=0}
05-20 13:43:33.389  1247  7965 I ActivityTaskManager: START u0 {act=android.intent.action.VIEW cat=[android.intent.category.BROWSABLE] dat=market://details/... flg=0x14000000 cmp=com.android.vending/com.google.android.finsky.activities.MarketDeepLinkHandlerActivity (has extras)} from uid 10468
05-20 13:43:33.396  1247  7965 D CompatibilityChangeReporter: Compat change id reported: 265464455; UID 10463; state: DISABLED
05-20 13:43:33.397  1247  7965 D CompatibilityChangeReporter: Compat change id reported: 265452344; UID 10463; state: DISABLED
05-20 13:43:33.398  1247  7965 D CompatibilityChangeReporter: Compat change id reported: 266124927; UID 10463; state: DISABLED
05-20 13:43:33.398  1247  7965 D CompatibilityChangeReporter: Compat change id reported: 265451093; UID 10463; state: DISABLED
05-20 13:43:33.399  1247  7965 D CompatibilityChangeReporter: Compat change id reported: 265456536; UID 10463; state: DISABLED
05-20 13:43:33.399  1247  7965 D CompatibilityChangeReporter: Compat change id reported: 255940284; UID 10463; state: DISABLED
05-20 13:43:33.399  1247  7965 D CompatibilityChangeReporter: Compat change id reported: 236283604; UID 10463; state: DISABLED
05-20 13:43:33.400  1247  7965 D CompatibilityChangeReporter: Compat change id reported: 263959004; UID 10463; state: DISABLED
05-20 13:43:33.400  1247  7965 D CompatibilityChangeReporter: Compat change id reported: 264304459; UID 10463; state: DISABLED
05-20 13:43:33.400  1247  7965 D CompatibilityChangeReporter: Compat change id reported: 264301586; UID 10463; state: DISABLED
05-20 13:43:33.400  1247  7965 D CompatibilityChangeReporter: Compat change id reported: 254631730; UID 10463; state: DISABLED
05-20 13:43:33.400  1247  7965 D CompatibilityChangeReporter: Compat change id reported: 273509367; UID 10463; state: DISABLED
05-20 13:43:33.400  1247  7965 D CompatibilityChangeReporter: Compat change id reported: 263259275; UID 10463; state: DISABLED
05-20 13:43:33.444  1247  7965 D CompatibilityChangeReporter: Compat change id reported: 194480991; UID 10463; state: ENABLED
05-20 13:43:33.446  1247  7965 D CompatibilityChangeReporter: Compat change id reported: 174042980; UID 10463; state: DISABLED
05-20 13:43:33.450  1247  7965 D CompatibilityChangeReporter: Compat change id reported: 184838306; UID 10463; state: DISABLED
05-20 13:43:33.450  1247  7965 D CompatibilityChangeReporter: Compat change id reported: 185004937; UID 10463; state: DISABLED
05-20 13:43:33.451  1247  7965 D CompatibilityChangeReporter: Compat change id reported: 181136395; UID 10463; state: DISABLED
05-20 13:43:33.451  1247  7965 D CompatibilityChangeReporter: Compat change id reported: 174042936; UID 10463; state: DISABLED
05-20 13:43:33.454  1247  7965 D CompatibilityChangeReporter: Compat change id reported: 197654537; UID 10463; state: ENABLED
05-20 13:43:33.456  1247  7965 D CompatibilityChangeReporter: Compat change id reported: 205907456; UID 10463; state: ENABLED
05-20 13:43:33.555  1247  7965 I ActivityTaskManager: The Process com.android.vending Already Exists in BG. So sending its PID: 3496
05-20 13:43:33.560  1247  7965 D CompatibilityChangeReporter: Compat change id reported: 181136395; UID 10468; state: DISABLED
05-20 13:43:33.560  1247  7965 D CompatibilityChangeReporter: Compat change id reported: 174042936; UID 10468; state: DISABLED
05-20 13:43:33.562  1247  7965 D CompatibilityChangeReporter: Compat change id reported: 197654537; UID 10468; state: ENABLED
05-20 13:43:33.589  1247  7965 D CoreBackPreview: Window{cd45a38 u0 FloatingRotationButton}: Setting back callback null
05-20 13:43:33.862  1247  7965 I ActivityTaskManager: START u0 {act=android.intent.action.VIEW dat=http://market.android.com/... cmp=com.android.vending/com.google.android.finsky.activities.MainActivity (has extras)} from uid 10463
05-20 13:43:33.922  1247  7357 I ActivityTaskManager: The Process com.android.vending Already Exists in BG. So sending its PID: 3496
05-20 13:43:33.922  1247  7357 W ActivityTaskManager: Tried to set launchTime (0) < mLastActivityLaunchTime (272650)
05-20 13:43:34.219  1247  8358 D CoreBackPreview: Window{5d51a4f u0 com.android.vending/com.google.android.finsky.activities.MainActivity}: Setting back callback OnBackInvokedCallbackInfo{mCallback=android.window.IOnBackInvokedCallback$Stub$Proxy@33a8c61, mPriority=-1}
05-20 13:43:34.475  1247  7357 I Telecom : : isInEmergencyCall: false: TSI.iIEC@BNY
05-20 13:43:34.564  1247  7357 D CompatibilityChangeReporter: Compat change id reported: 214016041; UID 10463; state: ENABLED
05-20 13:43:34.577  1247  7357 D CoreBackPreview: Window{df91cb2 u0 com.android.chrome/org.chromium.chrome.browser.ChromeTabbedActivity}: Setting back callback OnBackInvokedCallbackInfo{mCallback=android.window.IOnBackInvokedCallback$Stub$Proxy@571c4b, mPriority=-1}
05-20 13:43:36.764  1446  1522 D ShellBackPreview: initAnimation mMotionStarted=false
05-20 13:43:36.765  1247  4832 D CoreBackPreview: Focused window found using getFocusedWindowToken
05-20 13:43:36.765  1247  4832 D CoreBackPreview: startBackNavigation currentTask=Task{f463981 #541 type=standard A=10463:com.android.vending}, topRunningActivity=ActivityRecord{be34667 u0 com.android.vending/com.google.android.finsky.activities.MainActivity} t541}, callbackInfo=OnBackInvokedCallbackInfo{mCallback=android.window.IOnBackInvokedCallback$Stub$Proxy@33a8c61, mPriority=-1}, currentFocus=Window{5d51a4f u0 com.android.vending/com.google.android.finsky.activities.MainActivity}
05-20 13:43:36.765  1247  4832 D CoreBackPreview: Previous Destination is Activity:ComponentInfo{com.android.chrome/org.chromium.chrome.browser.ChromeTabbedActivity} Task:Task=539 removedContainer:Task{f463981 #541 type=standard A=10463:com.android.vending}, backType=TYPE_CROSS_TASK
05-20 13:43:36.767  1446  1522 D ShellBackPreview: Received backNavigationInfo:BackNavigationInfo{mType=TYPE_CROSS_TASK (3), mDepartingAnimationTarget=null, mScreenshotSurface=null, mTaskWindowConfiguration= null, mScreenshotBuffer=null, mOnBackNavigationDone=android.os.RemoteCallback@14c154e, mOnBackInvokedCallback=android.window.IOnBackInvokedCallback$Stub$Proxy@437066f}
05-20 13:43:36.814  1446  1522 D ShellBackPreview: Finishing gesture with event action: 1
05-20 13:43:36.814  1446  1522 D ShellBackPreview: onGestureFinished() mTriggerBack == true
05-20 13:43:36.814  1446  1522 D ShellBackPreview: BackAnimationController: finishAnimation()
05-20 13:43:36.815  1247  7357 D CoreBackPreview: onBackNavigationDone backType=3, task=Task{f463981 #541 type=standard A=10463:com.android.vending}, prevActivity=ActivityRecord{76fc33 u0 com.android.chrome/org.chromium.chrome.browser.ChromeTabbedActivity} t539}
05-20 13:43:36.839  1247  1273 D OomAdjuster: Not killing cached processes
05-20 13:43:36.903  1247  8358 D CoreBackPreview: Window{df91cb2 u0 com.android.chrome/org.chromium.chrome.browser.ChromeTabbedActivity}: Setting back callback OnBackInvokedCallbackInfo{mCallback=android.window.IOnBackInvokedCallback$Stub$Proxy@4d701a9, mPriority=0}
05-20 13:43:37.430  1247  7965 D CoreBackPreview: Window{5d51a4f u0 com.android.vending/com.google.android.finsky.activities.MainActivity}: Setting back callback null
05-20 13:43:37.483  1247  4832 I Telecom : : isInEmergencyCall: false: TSI.iIEC@BNc
05-20 13:43:38.104  1446  1522 D ShellBackPreview: initAnimation mMotionStarted=false
05-20 13:43:38.105  1247  8358 D CoreBackPreview: Focused window found using getFocusedWindowToken
05-20 13:43:38.105  1247  8358 D CoreBackPreview: startBackNavigation currentTask=Task{b5b0f6d #539 type=standard A=10468:com.android.chrome}, topRunningActivity=ActivityRecord{76fc33 u0 com.android.chrome/org.chromium.chrome.browser.ChromeTabbedActivity} t539}, callbackInfo=OnBackInvokedCallbackInfo{mCallback=android.window.IOnBackInvokedCallback$Stub$Proxy@4d701a9, mPriority=0}, currentFocus=Window{df91cb2 u0 com.android.chrome/org.chromium.chrome.browser.ChromeTabbedActivity}
05-20 13:43:38.106  1446  1522 D ShellBackPreview: Received backNavigationInfo:BackNavigationInfo{mType=TYPE_CALLBACK (4), mDepartingAnimationTarget=null, mScreenshotSurface=null, mTaskWindowConfiguration= null, mScreenshotBuffer=null, mOnBackNavigationDone=android.os.RemoteCallback@39c695f, mOnBackInvokedCallback=android.window.IOnBackInvokedCallback$Stub$Proxy@2dffac}
05-20 13:43:38.145  1446  1522 D ShellBackPreview: Finishing gesture with event action: 1
05-20 13:43:38.145  1446  1522 D ShellBackPreview: onGestureFinished() mTriggerBack == true
05-20 13:43:38.145  1446  1522 D ShellBackPreview: BackAnimationController: finishAnimation()
05-20 13:43:38.147  1247  8358 D CoreBackPreview: onBackNavigationDone backType=4, task=null, prevActivity=null
05-20 13:43:39.267  1446  1522 D ShellBackPreview: initAnimation mMotionStarted=false
05-20 13:43:39.268  1247  7965 D CoreBackPreview: Focused window found using getFocusedWindowToken
05-20 13:43:39.268  1247  7965 D CoreBackPreview: startBackNavigation currentTask=Task{b5b0f6d #539 type=standard A=10468:com.android.chrome}, topRunningActivity=ActivityRecord{76fc33 u0 com.android.chrome/org.chromium.chrome.browser.ChromeTabbedActivity} t539}, callbackInfo=OnBackInvokedCallbackInfo{mCallback=android.window.IOnBackInvokedCallback$Stub$Proxy@4d701a9, mPriority=0}, currentFocus=Window{df91cb2 u0 com.android.chrome/org.chromium.chrome.browser.ChromeTabbedActivity}
05-20 13:43:39.269  1446  1522 D ShellBackPreview: Received backNavigationInfo:BackNavigationInfo{mType=TYPE_CALLBACK (4), mDepartingAnimationTarget=null, mScreenshotSurface=null, mTaskWindowConfiguration= null, mScreenshotBuffer=null, mOnBackNavigationDone=android.os.RemoteCallback@8297262, mOnBackInvokedCallback=android.window.IOnBackInvokedCallback$Stub$Proxy@44bbff3}
05-20 13:43:39.308  1446  1522 D ShellBackPreview: Finishing gesture with event action: 1
05-20 13:43:39.308  1446  1522 D ShellBackPreview: onGestureFinished() mTriggerBack == true
05-20 13:43:39.308  1446  1522 D ShellBackPreview: BackAnimationController: finishAnimation()
05-20 13:43:39.310  1247  8358 D CoreBackPreview: onBackNavigationDone backType=4, task=null, prevActivity=null
05-20 13:43:40.339  1446  1522 D ShellBackPreview: initAnimation mMotionStarted=false
05-20 13:43:40.340  1247  7965 D CoreBackPreview: Focused window found using getFocusedWindowToken
05-20 13:43:40.341  1247  7965 D CoreBackPreview: startBackNavigation currentTask=Task{b5b0f6d #539 type=standard A=10468:com.android.chrome}, topRunningActivity=ActivityRecord{76fc33 u0 com.android.chrome/org.chromium.chrome.browser.ChromeTabbedActivity} t539}, callbackInfo=OnBackInvokedCallbackInfo{mCallback=android.window.IOnBackInvokedCallback$Stub$Proxy@4d701a9, mPriority=0}, currentFocus=Window{df91cb2 u0 com.android.chrome/org.chromium.chrome.browser.ChromeTabbedActivity}
05-20 13:43:40.342  1446  1522 D ShellBackPreview: Received backNavigationInfo:BackNavigationInfo{mType=TYPE_CALLBACK (4), mDepartingAnimationTarget=null, mScreenshotSurface=null, mTaskWindowConfiguration= null, mScreenshotBuffer=null, mOnBackNavigationDone=android.os.RemoteCallback@8dd3a6b, mOnBackInvokedCallback=android.window.IOnBackInvokedCallback$Stub$Proxy@7c0a9c8}
05-20 13:43:40.495  1247  7965 I Telecom : : isInEmergencyCall: false: TSI.iIEC@BNg
05-20 13:43:40.888  1446  1522 D ShellBackPreview: Finishing gesture with event action: 1
05-20 13:43:40.888  1446  1522 D ShellBackPreview: onGestureFinished() mTriggerBack == false
05-20 13:43:40.907  1446  1522 D ShellBackPreview: BackAnimationController: finishAnimation()
05-20 13:43:40.908  1247  7965 D CoreBackPreview: onBackNavigationDone backType=4, task=null, prevActivity=null
05-20 13:43:41.986  1247  8358 D OomAdjuster: Not killing cached processes
05-20 13:43:42.061  1446  1522 D ShellBackPreview: initAnimation mMotionStarted=false
05-20 13:43:42.062  1247  8358 D CoreBackPreview: Focused window found using getFocusedWindowToken
05-20 13:43:42.062  1247  8358 D CoreBackPreview: startBackNavigation currentTask=Task{b5b0f6d #539 type=standard A=10468:com.android.chrome}, topRunningActivity=ActivityRecord{76fc33 u0 com.android.chrome/org.chromium.chrome.browser.ChromeTabbedActivity} t539}, callbackInfo=OnBackInvokedCallbackInfo{mCallback=android.window.IOnBackInvokedCallback$Stub$Proxy@4d701a9, mPriority=0}, currentFocus=Window{df91cb2 u0 com.android.chrome/org.chromium.chrome.browser.ChromeTabbedActivity}
05-20 13:43:42.063  1446  1522 D ShellBackPreview: Received backNavigationInfo:BackNavigationInfo{mType=TYPE_CALLBACK (4), mDepartingAnimationTarget=null, mScreenshotSurface=null, mTaskWindowConfiguration= null, mScreenshotBuffer=null, mOnBackNavigationDone=android.os.RemoteCallback@a37e036, mOnBackInvokedCallback=android.window.IOnBackInvokedCallback$Stub$Proxy@fdf1b37}
05-20 13:43:42.111  1446  1522 D ShellBackPreview: Finishing gesture with event action: 1
05-20 13:43:42.111  1446  1522 D ShellBackPreview: onGestureFinished() mTriggerBack == true
05-20 13:43:42.111  1446  1522 D ShellBackPreview: BackAnimationController: finishAnimation()
05-20 13:43:42.112  1247  8358 D CoreBackPreview: onBackNavigationDone backType=4, task=null, prevActivity=null
05-20 13:43:42.834  1247  8358 D CoreBackPreview: Window{c5b68e6 u0 FloatingRotationButton}: Setting back callback OnBackInvokedCallbackInfo{mCallback=android.window.IOnBackInvokedCallback$Stub$Proxy@78d4, mPriority=0}
05-20 13:43:42.963  1446  1522 D ShellBackPreview: initAnimation mMotionStarted=false
05-20 13:43:42.964  1247  8358 D CoreBackPreview: Focused window found using getFocusedWindowToken
05-20 13:43:42.964  1247  8358 D CoreBackPreview: startBackNavigation currentTask=Task{b5b0f6d #539 type=standard A=10468:com.android.chrome}, topRunningActivity=ActivityRecord{76fc33 u0 com.android.chrome/org.chromium.chrome.browser.ChromeTabbedActivity} t539}, callbackInfo=OnBackInvokedCallbackInfo{mCallback=android.window.IOnBackInvokedCallback$Stub$Proxy@4d701a9, mPriority=0}, currentFocus=Window{df91cb2 u0 com.android.chrome/org.chromium.chrome.browser.ChromeTabbedActivity}
05-20 13:43:42.965  1446  1522 D ShellBackPreview: Received backNavigationInfo:BackNavigationInfo{mType=TYPE_CALLBACK (4), mDepartingAnimationTarget=null, mScreenshotSurface=null, mTaskWindowConfiguration= null, mScreenshotBuffer=null, mOnBackNavigationDone=android.os.RemoteCallback@873fea5, mOnBackInvokedCallback=android.window.IOnBackInvokedCallback$Stub$Proxy@997e27a}
05-20 13:43:43.033  1446  1522 D ShellBackPreview: Finishing gesture with event action: 1
05-20 13:43:43.033  1446  1522 D ShellBackPreview: onGestureFinished() mTriggerBack == true
05-20 13:43:43.033  1446  1522 D ShellBackPreview: BackAnimationController: finishAnimation()
05-20 13:43:43.034  1247  7965 D CoreBackPreview: onBackNavigationDone backType=4, task=null, prevActivity=null
05-20 13:43:43.511  1247  7965 I Telecom : : isInEmergencyCall: false: TSI.iIEC@BNk
05-20 13:43:44.480  1446  1522 D ShellBackPreview: initAnimation mMotionStarted=false
05-20 13:43:44.481  1247  1353 D CoreBackPreview: Focused window found using getFocusedWindowToken
05-20 13:43:44.481  1247  1353 D CoreBackPreview: startBackNavigation currentTask=Task{b5b0f6d #539 type=standard A=10468:com.android.chrome}, topRunningActivity=ActivityRecord{76fc33 u0 com.android.chrome/org.chromium.chrome.browser.ChromeTabbedActivity} t539}, callbackInfo=OnBackInvokedCallbackInfo{mCallback=android.window.IOnBackInvokedCallback$Stub$Proxy@4d701a9, mPriority=0}, currentFocus=Window{df91cb2 u0 com.android.chrome/org.chromium.chrome.browser.ChromeTabbedActivity}
05-20 13:43:44.482  1446  1522 D ShellBackPreview: Received backNavigationInfo:BackNavigationInfo{mType=TYPE_CALLBACK (4), mDepartingAnimationTarget=null, mScreenshotSurface=null, mTaskWindowConfiguration= null, mScreenshotBuffer=null, mOnBackNavigationDone=android.os.RemoteCallback@aedde2a, mOnBackInvokedCallback=android.window.IOnBackInvokedCallback$Stub$Proxy@f74941b}
05-20 13:43:44.530  1446  1522 D ShellBackPreview: Finishing gesture with event action: 1
05-20 13:43:44.530  1446  1522 D ShellBackPreview: onGestureFinished() mTriggerBack == true
05-20 13:43:44.530  1446  1522 D ShellBackPreview: BackAnimationController: finishAnimation()
05-20 13:43:44.531  1247  3155 D CoreBackPreview: onBackNavigationDone backType=4, task=null, prevActivity=null
05-20 13:43:45.029  1446  1522 D ShellBackPreview: initAnimation mMotionStarted=false
05-20 13:43:45.029  1247  3155 D CoreBackPreview: Focused window found using getFocusedWindowToken
05-20 13:43:45.030  1247  3155 D CoreBackPreview: startBackNavigation currentTask=Task{b5b0f6d #539 type=standard A=10468:com.android.chrome}, topRunningActivity=ActivityRecord{76fc33 u0 com.android.chrome/org.chromium.chrome.browser.ChromeTabbedActivity} t539}, callbackInfo=OnBackInvokedCallbackInfo{mCallback=android.window.IOnBackInvokedCallback$Stub$Proxy@4d701a9, mPriority=0}, currentFocus=Window{df91cb2 u0 com.android.chrome/org.chromium.chrome.browser.ChromeTabbedActivity}
05-20 13:43:45.030  1446  1522 D ShellBackPreview: Received backNavigationInfo:BackNavigationInfo{mType=TYPE_CALLBACK (4), mDepartingAnimationTarget=null, mScreenshotSurface=null, mTaskWindowConfiguration= null, mScreenshotBuffer=null, mOnBackNavigationDone=android.os.RemoteCallback@adb1391, mOnBackInvokedCallback=android.window.IOnBackInvokedCallback$Stub$Proxy@263b2f6}
05-20 13:43:45.081  1446  1522 D ShellBackPreview: Finishing gesture with event action: 1
05-20 13:43:45.081  1446  1522 D ShellBackPreview: onGestureFinished() mTriggerBack == true
05-20 13:43:45.082  1446  1522 D ShellBackPreview: BackAnimationController: finishAnimation()
05-20 13:43:45.082  1247  1353 D CoreBackPreview: onBackNavigationDone backType=4, task=null, prevActivity=null
05-20 13:43:45.834  1247  3155 I Telecom : : isInEmergencyCall: false: TSI.iIEC@BNo
05-20 13:43:45.910  1446  1522 D ShellBackPreview: initAnimation mMotionStarted=false
05-20 13:43:45.911  1247  3155 D CoreBackPreview: Focused window found using getFocusedWindowToken
05-20 13:43:45.912  1247  3155 D CoreBackPreview: startBackNavigation currentTask=Task{b5b0f6d #539 type=standard A=10468:com.android.chrome}, topRunningActivity=ActivityRecord{76fc33 u0 com.android.chrome/org.chromium.chrome.browser.ChromeTabbedActivity} t539}, callbackInfo=OnBackInvokedCallbackInfo{mCallback=android.window.IOnBackInvokedCallback$Stub$Proxy@4d701a9, mPriority=0}, currentFocus=Window{df91cb2 u0 com.android.chrome/org.chromium.chrome.browser.ChromeTabbedActivity}
05-20 13:43:45.913  1446  1522 D ShellBackPreview: Received backNavigationInfo:BackNavigationInfo{mType=TYPE_CALLBACK (4), mDepartingAnimationTarget=null, mScreenshotSurface=null, mTaskWindowConfiguration= null, mScreenshotBuffer=null, mOnBackNavigationDone=android.os.RemoteCallback@2bcc5a6, mOnBackInvokedCallback=android.window.IOnBackInvokedCallback$Stub$Proxy@2fcebe7}
05-20 13:43:45.953  1446  1522 D ShellBackPreview: Finishing gesture with event action: 1
05-20 13:43:45.953  1446  1522 D ShellBackPreview: onGestureFinished() mTriggerBack == true
05-20 13:43:45.953  1446  1522 D ShellBackPreview: BackAnimationController: finishAnimation()
05-20 13:43:45.954  1247  1353 D CoreBackPreview: onBackNavigationDone backType=4, task=null, prevActivity=null
05-20 13:43:46.684  1446  1522 D ShellBackPreview: initAnimation mMotionStarted=false
05-20 13:43:46.685  1247  1353 D CoreBackPreview: Focused window found using getFocusedWindowToken
05-20 13:43:46.685  1247  1353 D CoreBackPreview: startBackNavigation currentTask=Task{b5b0f6d #539 type=standard A=10468:com.android.chrome}, topRunningActivity=ActivityRecord{76fc33 u0 com.android.chrome/org.chromium.chrome.browser.ChromeTabbedActivity} t539}, callbackInfo=OnBackInvokedCallbackInfo{mCallback=android.window.IOnBackInvokedCallback$Stub$Proxy@4d701a9, mPriority=0}, currentFocus=Window{df91cb2 u0 com.android.chrome/org.chromium.chrome.browser.ChromeTabbedActivity}
05-20 13:43:46.686  1446  1522 D ShellBackPreview: Received backNavigationInfo:BackNavigationInfo{mType=TYPE_CALLBACK (4), mDepartingAnimationTarget=null, mScreenshotSurface=null, mTaskWindowConfiguration= null, mScreenshotBuffer=null, mOnBackNavigationDone=android.os.RemoteCallback@f1787f5, mOnBackInvokedCallback=android.window.IOnBackInvokedCallback$Stub$Proxy@4efb98a}
05-20 13:43:46.751  1446  1522 D ShellBackPreview: Finishing gesture with event action: 1
05-20 13:43:46.751  1446  1522 D ShellBackPreview: onGestureFinished() mTriggerBack == true
05-20 13:43:46.751  1446  1522 D ShellBackPreview: BackAnimationController: finishAnimation()
05-20 13:43:46.752  1247  1353 D CoreBackPreview: onBackNavigationDone backType=4, task=null, prevActivity=null
05-20 13:43:46.753  1247  1353 I ActivityTaskManager: moveTaskToBack: Task{b5b0f6d #539 type=standard A=10468:com.android.chrome}
05-20 13:43:46.942  1247  3155 D CoreBackPreview: Window{c5b68e6 u0 FloatingRotationButton}: Setting back callback null
05-20 13:43:47.040  1247  1273 D OomAdjuster: Not killing cached processes
05-20 13:43:47.403  1247  1353 I ActivityManager: Killing 8662:com.android.chrome:sandboxed_process0:org.chromium.content.app.SandboxedProcessService0:2/u0a468i-8998 (adj 0): isolated not needed
05-20 13:43:47.440  1247  1353 D CoreBackPreview: Window{df91cb2 u0 com.android.chrome/org.chromium.chrome.browser.ChromeTabbedActivity}: Setting back callback OnBackInvokedCallbackInfo{mCallback=android.window.IOnBackInvokedCallback$Stub$Proxy@eebf665, mPriority=-1}
05-20 13:43:48.846  1247  1353 I Telecom : : isInEmergencyCall: false: TSI.iIEC@BNs
05-20 13:43:50.087  1247  1353 D AutofillSession: createPendingIntent for request 2
05-20 13:43:50.088  1247  1353 D ContentCapturePerUserService: Notified activity assist data for activity: Token{d461d33 ActivityRecord{c3228f0 u0 app.netmirror.netmirror/.MainActivity} t538}} without a session Id
05-20 13:43:50.901  1247  1247 D AutofillSession: clearPendingIntentLocked
05-20 13:43:51.862  1247  7357 I Telecom : : isInEmergencyCall: false: TSI.iIEC@BNw
05-20 13:43:52.156  1247  1353 D CoreBackPreview: Window{5474620 u0 FloatingRotationButton}: Setting back callback OnBackInvokedCallbackInfo{mCallback=android.window.IOnBackInvokedCallback$Stub$Proxy@e87199e, mPriority=0}
05-20 13:43:52.462  1247  1388 D CompatibilityChangeReporter: Compat change id reported: 171306433; UID 1000; state: ENABLED
05-20 13:43:52.467  1247  1388 D CompatibilityChangeReporter: Compat change id reported: 218533173; UID 1000; state: ENABLED
05-20 13:43:52.479  1247  7355 I ActivityTaskManager: Config changes=20000480 {1.0 405mcc856mnc [en_IN] ldltr sw400dp w852dp h372dp 432dpi nrml long land night finger -keyb/v/h -nav/h winConfig={ mBounds=Rect(0, 0 - 2400, 1080) mAppBounds=Rect(100, 0 - 2400, 1080) mMaxBounds=Rect(0, 0 - 2400, 1080) mDisplayRotation=ROTATION_90 mWindowingMode=fullscreen mDisplayWindowingMode=fullscreen mActivityType=undefined mAlwaysOnTop=undefined mRotation=ROTATION_90} as.5 s.80 fontWeightAdjustment=300}
05-20 13:43:52.485  1247  7355 I WindowManager: Override config changes=20000480 {1.0 405mcc856mnc [en_IN] ldltr sw400dp w852dp h372dp 432dpi nrml long land night finger -keyb/v/h -nav/h winConfig={ mBounds=Rect(0, 0 - 2400, 1080) mAppBounds=Rect(100, 0 - 2400, 1080) mMaxBounds=Rect(0, 0 - 2400, 1080) mDisplayRotation=ROTATION_90 mWindowingMode=fullscreen mDisplayWindowingMode=fullscreen mActivityType=undefined mAlwaysOnTop=undefined mRotation=ROTATION_90} as.5 s.80 fontWeightAdjustment=300} for displayId=0
05-20 13:43:52.493  1247  7355 D CompatibilityChangeReporter: Compat change id reported: 184838306; UID 10526; state: DISABLED
05-20 13:43:52.493  1247  7355 D CompatibilityChangeReporter: Compat change id reported: 185004937; UID 10526; state: DISABLED
05-20 13:43:52.495  1247  7355 D CompatibilityChangeReporter: Compat change id reported: 174042980; UID 10468; state: DISABLED
05-20 13:43:52.495  1247  7355 D CompatibilityChangeReporter: Compat change id reported: 184838306; UID 10468; state: DISABLED
05-20 13:43:52.495  1247  7355 D CompatibilityChangeReporter: Compat change id reported: 185004937; UID 10468; state: DISABLED
05-20 13:43:52.541  1247  7355 D OomAdjuster: Not killing cached processes
05-20 13:43:52.628  1446  1522 V WindowManagerShell: Display changed: 0
05-20 13:43:52.770  1247  7965 I WindowManager: finishDrawing of orientation change: Window{7a841be u0 app.netmirror.netmirror/app.netmirror.netmirror.MainActivity} 258ms
05-20 13:43:52.785  1247  1274 I WindowManager: Screen frozen for +394ms due to Window{7a841be u0 app.netmirror.netmirror/app.netmirror.netmirror.MainActivity}
05-20 13:43:53.042  1247  1353 D CoreBackPreview: Window{5474620 u0 FloatingRotationButton}: Setting back callback null
05-20 13:43:53.289  1247  7355 I WindowManager: finishDrawing of orientation change: Window{36914fb u0 StatusBar} 777ms
05-20 13:43:53.295  1247  7355 I WindowManager: finishDrawing of orientation change: Window{58befed u0 NavigationBar0} 779ms
05-20 13:43:54.459  1247  1273 I AsyncRotation: Async rotation timeout: {WindowToken{c15b123 type=2024 android.os.BinderProxy@6ecaa52}=com.android.server.wm.AsyncRotationController$Operation@405b837}
05-20 13:43:54.898  1247  1353 I Telecom : : isInEmergencyCall: false: TSI.iIEC@BN4
05-20 13:43:55.902  1247  7357 D CoreBackPreview: Window{66df410 u0 VolumeDialogImpl}: Setting back callback OnBackInvokedCallbackInfo{mCallback=android.window.IOnBackInvokedCallback$Stub$Proxy@de6d10e, mPriority=0}
05-20 13:43:57.909  1247  7357 I Telecom : : isInEmergencyCall: false: TSI.iIEC@BOc
05-20 13:43:59.380  1247  1279 D OomAdjuster: Not killing cached processes
05-20 13:43:59.517  1247  7357 D CoreBackPreview: Window{66df410 u0 VolumeDialogImpl}: Setting back callback null
05-20 13:44:00.926  1247  7357 I Telecom : : isInEmergencyCall: false: TSI.iIEC@BOg
05-20 13:44:03.937  1247  7357 I Telecom : : isInEmergencyCall: false: TSI.iIEC@BOk
05-20 13:44:05.321  1247  7965 D OomAdjuster: Not killing cached processes
05-20 13:44:06.217  1247  1353 I Telecom : : isInEmergencyCall: false: TSI.iIEC@BOo
05-20 13:44:08.110  1247  1353 D CoreBackPreview: Window{df33858 u0 VolumeDialogImpl}: Setting back callback OnBackInvokedCallbackInfo{mCallback=android.window.IOnBackInvokedCallback$Stub$Proxy@4332296, mPriority=0}
05-20 13:44:09.233  1247  3155 I Telecom : : isInEmergencyCall: false: TSI.iIEC@BO8
05-20 13:44:12.247  1247  7965 I Telecom : : isInEmergencyCall: false: TSI.iIEC@BPQ
05-20 13:44:13.386  1247  7965 D CoreBackPreview: Window{df33858 u0 VolumeDialogImpl}: Setting back callback null
05-20 13:44:15.265  1247  1353 I Telecom : : isInEmergencyCall: false: TSI.iIEC@BPU
05-20 13:44:18.278  1247  7965 I Telecom : : isInEmergencyCall: false: TSI.iIEC@BPY
05-20 13:44:21.290  1247  7965 I Telecom : : isInEmergencyCall: false: TSI.iIEC@BPc
05-20 13:44:24.307  1247  7965 I Telecom : : isInEmergencyCall: false: TSI.iIEC@BPg
05-20 13:44:26.615  1247  3155 I Telecom : : isInEmergencyCall: false: TSI.iIEC@BPk
05-20 13:44:29.635  1247  7965 I Telecom : : isInEmergencyCall: false: TSI.iIEC@BPo
05-20 13:44:32.647  1247  7965 I Telecom : : isInEmergencyCall: false: TSI.iIEC@BPs
05-20 13:44:35.660  1247  3155 I Telecom : : isInEmergencyCall: false: TSI.iIEC@BPw
05-20 13:44:38.676  1247  3155 I Telecom : : isInEmergencyCall: false: TSI.iIEC@BP0
05-20 13:44:40.029  1247  3155 D OomAdjuster: Not killing cached processes
05-20 13:44:40.859  1247  7965 D CoreBackPreview: Window{3f1c2b8 u0 VolumeDialogImpl}: Setting back callback OnBackInvokedCallbackInfo{mCallback=android.window.IOnBackInvokedCallback$Stub$Proxy@997a3f6, mPriority=0}
05-20 13:44:41.690  1247  7965 I Telecom : : isInEmergencyCall: false: TSI.iIEC@BQI
05-20 13:44:44.200  1247  7965 D CoreBackPreview: Window{3f1c2b8 u0 VolumeDialogImpl}: Setting back callback null
05-20 13:44:44.704  1247  7965 I Telecom : : isInEmergencyCall: false: TSI.iIEC@BQM
05-20 13:44:47.092  1247  3155 W ContextImpl: Calling a method in the system process without a qualified user: android.app.ContextImpl.sendBroadcastMultiplePermissions:1278 android.content.Context.sendBroadcastMultiplePermissions:2282 com.android.server.TelephonyRegistry.broadcastDataConnectionStateChanged:3281 com.android.server.TelephonyRegistry.notifyDataConnectionForSubscriber:2036 com.android.internal.telephony.ITelephonyRegistry$Stub.onTransact:571 
05-20 13:44:47.123  1247  7357 W ContextImpl: Calling a method in the system process without a qualified user: android.app.ContextImpl.sendBroadcastMultiplePermissions:1278 android.content.Context.sendBroadcastMultiplePermissions:2282 com.android.server.TelephonyRegistry.broadcastDataConnectionStateChanged:3281 com.android.server.TelephonyRegistry.notifyDataConnectionForSubscriber:2036 com.android.internal.telephony.ITelephonyRegistry$Stub.onTransact:571 
05-20 13:44:47.273  1247  1247 D OomAdjuster: Not killing cached processes
05-20 13:44:47.717  1247  8358 I Telecom : : isInEmergencyCall: false: TSI.iIEC@BQQ
05-20 13:44:48.302  1247  8358 I ActivityManager: com.android.vending is exempt from freezer
05-20 13:44:48.302  1247  8358 D CompatibilityChangeReporter: Compat change id reported: 135634846; UID 10463; state: DISABLED
05-20 13:44:48.302  1247  8358 D CompatibilityChangeReporter: Compat change id reported: 177438394; UID 10463; state: DISABLED
05-20 13:44:48.303  1247  8358 D CompatibilityChangeReporter: Compat change id reported: 135772972; UID 10463; state: DISABLED
05-20 13:44:48.303  1247  8358 D CompatibilityChangeReporter: Compat change id reported: 135754954; UID 10463; state: ENABLED
05-20 13:44:48.306  1247  1281 D CompatibilityChangeReporter: Compat change id reported: 143937733; UID 10463; state: ENABLED
05-20 13:44:48.324  1247  1281 I ActivityManager: Start proc 9215:com.android.vending:quick_launch/u0a463 for service {com.android.vending/com.google.frameworks.client.data.android.server.play.QuickLaunchProcessEndpointService}
05-20 13:44:49.427  1247  8358 D CompatibilityChangeReporter: Compat change id reported: 194532703; UID 10463; state: ENABLED
05-20 13:44:50.730  1247  3712 I Telecom : : isInEmergencyCall: false: TSI.iIEC@BQU
05-20 13:44:52.464  1247  1280 D OomAdjuster: Not killing cached processes
05-20 13:44:53.743  1247  7357 I Telecom : : isInEmergencyCall: false: TSI.iIEC@BQY
05-20 13:44:53.852  1247  8358 W ContextImpl: Calling a method in the system process without a qualified user: android.app.ContextImpl.sendBroadcastMultiplePermissions:1278 android.content.Context.sendBroadcastMultiplePermissions:2282 com.android.server.TelephonyRegistry.broadcastDataConnectionStateChanged:3281 com.android.server.TelephonyRegistry.notifyDataConnectionForSubscriber:2036 com.android.internal.telephony.ITelephonyRegistry$Stub.onTransact:571 
05-20 13:44:53.875  1247  7965 I Telecom : : isInEmergencyCall: false: TSI.iIEC@BQc
05-20 13:44:53.915  1247  8358 W ContextImpl: Calling a method in the system process without a qualified user: android.app.ContextImpl.sendBroadcastMultiplePermissions:1278 android.content.Context.sendBroadcastMultiplePermissions:2282 com.android.server.TelephonyRegistry.broadcastDataConnectionStateChanged:3281 com.android.server.TelephonyRegistry.notifyDataConnectionForSubscriber:2036 com.android.internal.telephony.ITelephonyRegistry$Stub.onTransact:571 
05-20 13:44:55.977  1247  3712 D CompatibilityChangeReporter: Compat change id reported: 161145287; UID 10463; state: DISABLED
05-20 13:44:56.891  1247  3712 I Telecom : : isInEmergencyCall: false: TSI.iIEC@BQg
05-20 13:44:59.907  1247  3712 I Telecom : : isInEmergencyCall: false: TSI.iIEC@BQk
05-20 13:45:01.936  1247  7965 D OomAdjuster: Not killing cached processes
05-20 13:45:02.112  1247  7965 D CompatibilityChangeReporter: Compat change id reported: 161252188; UID 10461; state: DISABLED
05-20 13:45:02.918  1247  7965 I Telecom : : isInEmergencyCall: false: TSI.iIEC@BQo
05-20 13:45:03.186  1247  8358 D CompatibilityChangeReporter: Compat change id reported: 218533173; UID 10461; state: ENABLED
05-20 13:45:03.328  1247  3712 D CompatibilityChangeReporter: Compat change id reported: 143231523; UID 10461; state: DISABLED
05-20 13:45:03.531  1247  3712 D CompatibilityChangeReporter: Compat change id reported: 161252188; UID 10526; state: DISABLED
