05-20 13:41:37.069  1446  1522 D ShellBackPreview: onGestureFinished() mTriggerBack == false
05-20 13:41:37.069  1446  1522 D ShellBackPreview: BackAnimationController: finishAnimation()
05-20 13:41:37.916  1247  2652 D CoreBackPreview: Window{6094523 u0 PopupWindow:5994ebc}: Setting back callback OnBackInvokedCallbackInfo{mCallback=android.window.IOnBackInvokedCallback$Stub$Proxy@f21107f, mPriority=0}
05-20 13:41:38.818  1247  2652 D CoreBackPreview: Window{3c0359b u0 com.android.phone/com.android.phone.settings.RadioInfo}: Setting back callback OnBackInvokedCallbackInfo{mCallback=android.window.IOnBackInvokedCallback$Stub$Proxy@c629077, mPriority=0}
05-20 13:41:39.177  1247  2594 D CoreBackPreview: Window{6094523 u0 PopupWindow:5994ebc}: Setting back callback null
05-20 13:41:40.131  1247  2594 D CoreBackPreview: Window{3c0359b u0 com.android.phone/com.android.phone.settings.RadioInfo}: Setting back callback null
05-20 13:41:40.145  1247  1273 V WindowManager: Unknown focus tokens, dropping reportFocusChanged
05-20 13:41:40.555  1446  1522 D ShellBackPreview: initAnimation mMotionStarted=false
05-20 13:41:40.556  1247  1436 D CoreBackPreview: Focused window found using getFocusedWindowToken
05-20 13:41:40.557  1247  1436 D CoreBackPreview: startBackNavigation currentTask=Task{1e3c9b4 #533 type=standard A=1000:com.android.settings}, topRunningActivity=ActivityRecord{f9b669a u0 com.android.phone/.settings.RadioInfo} t533}, callbackInfo=OnBackInvokedCallbackInfo{mCallback=android.window.IOnBackInvokedCallback$Stub$Proxy@a56483e, mPriority=0}, currentFocus=Window{988ebc0 u0 com.android.phone/com.android.phone.settings.RadioInfo}
05-20 13:41:40.557  1446  1522 D ShellBackPreview: Received backNavigationInfo:BackNavigationInfo{mType=TYPE_CALLBACK (4), mDepartingAnimationTarget=null, mScreenshotSurface=null, mTaskWindowConfiguration= null, mScreenshotBuffer=null, mOnBackNavigationDone=android.os.RemoteCallback@ff06100, mOnBackInvokedCallback=android.window.IOnBackInvokedCallback$Stub$Proxy@ce77d39}
05-20 13:41:40.613  1446  1522 D ShellBackPreview: Finishing gesture with event action: 1
05-20 13:41:40.614  1446  1522 D ShellBackPreview: onGestureFinished() mTriggerBack == true
05-20 13:41:40.614  1446  1522 D ShellBackPreview: BackAnimationController: finishAnimation()
05-20 13:41:40.614  1247  1436 D CoreBackPreview: onBackNavigationDone backType=4, task=null, prevActivity=null
05-20 13:41:40.961  1247  1273 D OomAdjuster: Not killing cached processes
05-20 13:41:41.005  1247  2594 D CoreBackPreview: Window{988ebc0 u0 com.android.phone/com.android.phone.settings.RadioInfo}: Setting back callback null
05-20 13:41:41.270  1446  1522 D ShellBackPreview: initAnimation mMotionStarted=false
05-20 13:41:41.271  1247  2594 D CoreBackPreview: Focused window found using getFocusedWindowToken
05-20 13:41:41.271  1247  2594 D CoreBackPreview: startBackNavigation currentTask=Task{1e3c9b4 #533 type=standard A=1000:com.android.settings}, topRunningActivity=ActivityRecord{502ee18 u0 com.android.settings/.Settings$TestingSettingsActivity} t533}, callbackInfo=OnBackInvokedCallbackInfo{mCallback=android.window.IOnBackInvokedCallback$Stub$Proxy@29a0d48, mPriority=-1}, currentFocus=Window{4e1c33a u0 com.android.settings/com.android.settings.Settings$TestingSettingsActivity}
05-20 13:41:41.271  1247  2594 D CoreBackPreview: Previous Destination is Activity:ComponentInfo{com.android.launcher3/com.android.launcher3.DerpLauncher} Task:Task=527 removedContainer:Task{1e3c9b4 #533 type=standard A=1000:com.android.settings}, backType=TYPE_RETURN_TO_HOME
05-20 13:41:41.272  1446  1522 D ShellBackPreview: Received backNavigationInfo:BackNavigationInfo{mType=TYPE_RETURN_TO_HOME (1), mDepartingAnimationTarget=null, mScreenshotSurface=null, mTaskWindowConfiguration= null, mScreenshotBuffer=null, mOnBackNavigationDone=android.os.RemoteCallback@f9bbb73, mOnBackInvokedCallback=android.window.IOnBackInvokedCallback$Stub$Proxy@65e0a30}
05-20 13:41:41.312  1446  1522 D ShellBackPreview: Finishing gesture with event action: 1
05-20 13:41:41.312  1446  1522 D ShellBackPreview: onGestureFinished() mTriggerBack == true
05-20 13:41:41.313  1446  1522 D ShellBackPreview: BackAnimationController: finishAnimation()
05-20 13:41:41.313  1247  2594 D CoreBackPreview: onBackNavigationDone backType=1, task=Task{1e3c9b4 #533 type=standard A=1000:com.android.settings}, prevActivity=ActivityRecord{6a51a6e u0 com.android.launcher3/.DerpLauncher} t527}
05-20 13:41:42.005  1247  3158 D CoreBackPreview: Window{4e1c33a u0 com.android.settings/com.android.settings.Settings$TestingSettingsActivity}: Setting back callback null
05-20 13:41:43.713  1247  1436 D CoreBackPreview: Window{ac38510 u0 com.google.android.dialer/com.android.dialer.incall.activity.ui.InCallActivity}: Setting back callback OnBackInvokedCallbackInfo{mCallback=android.window.IOnBackInvokedCallback$Stub$Proxy@4975e1f, mPriority=-1}
05-20 13:41:43.774  1247  2594 D CoreBackPreview: Window{ac38510 u0 com.google.android.dialer/com.android.dialer.incall.activity.ui.InCallActivity}: Setting back callback OnBackInvokedCallbackInfo{mCallback=android.window.IOnBackInvokedCallback$Stub$Proxy@2ddbd3b, mPriority=0}
05-20 13:41:43.872  1247  2594 D CoreBackPreview: Window{ac38510 u0 com.google.android.dialer/com.android.dialer.incall.activity.ui.InCallActivity}: Setting back callback OnBackInvokedCallbackInfo{mCallback=android.window.IOnBackInvokedCallback$Stub$Proxy@c7465e9, mPriority=-1}
05-20 13:41:44.518  1247  1436 I Telecom : Event: RecordEntry TC@3: REQUEST_DISCONNECT, internal: ICA.dC(cgad)@AuQ
05-20 13:41:44.518  1247  1436 I Telecom : Call: Send disconnect to connection service for call: [Call id=TC@3, state=DISCONNECTING, tpac=ComponentInfo{com.android.phone/com.android.services.telephony.TelephonyConnectionService}, 2, UserHandle{0}, cmgr=ComponentInfo{com.android.phone/com.android.services.telephony.TelephonyConnectionService}, 2, UserHandle{0}, handle=tel:**********, vidst=A, childs(0), has_parent(false), cap=[ sup_hld mut], prop=[]], voip=false: ICA.dC(cgad)@AuQ
05-20 13:41:44.519  1247  1436 I Telecom : TelecomWakeLock: WakeLock already released with id: 26: ICA.dC(cgad)@AuQ
05-20 13:41:44.519  1247  1436 I Telecom : InCallWakeLockController: Releasing full wake lock: ICA.dC(cgad)@AuQ
05-20 13:41:44.520  1247  1436 I Telecom : InCallController: Sending updateCall [Call id=TC@3, state=DISCONNECTING, tpac=ComponentInfo{com.android.phone/com.android.services.telephony.TelephonyConnectionService}, 2, UserHandle{0}, cmgr=ComponentInfo{com.android.phone/com.android.services.telephony.TelephonyConnectionService}, 2, UserHandle{0}, handle=tel:**********, vidst=A, childs(0), has_parent(false), cap=[ sup_hld mut], prop=[]], voip=false: ICA.dC(cgad)@AuQ
05-20 13:41:44.520  1686  1686 I TelecomFramework: TelephonyConnectionService: disconnect TC@3_1: (ICA.dC)->CS.d->H.CS.d(cgad/cast)@E-AuQ
05-20 13:41:44.521  1247  1436 I Telecom : InCallController: Components updated: [ComponentInfo{com.google.android.googlequicksearchbox/com.google.android.libraries.search.assistant.incallservice.IncomingCallInCallService}, ComponentInfo{com.google.android.as/com.google.android.apps.miphone.aiai.captions.tulip.audiosource.impl.CIS}, ComponentInfo{com.google.android.dialer/com.android.incallui.InCallServiceImpl}, ComponentInfo{com.google.android.gms/com.google.android.gms.bankscamwarning.services.BankScamCallDetectionService}]: ICA.dC(cgad)@AuQ
05-20 13:41:44.521  1247  1436 I Telecom : IncomingCallNotifier: updateIncomingCall: foundIncomingcall = null: ICA.dC(cgad)@AuQ
05-20 13:41:44.531  1247  1436 I Telecom : InCallController: Sending updateCall [Call id=TC@3, state=DISCONNECTING, tpac=ComponentInfo{com.android.phone/com.android.services.telephony.TelephonyConnectionService}, 2, UserHandle{0}, cmgr=ComponentInfo{com.android.phone/com.android.services.telephony.TelephonyConnectionService}, 2, UserHandle{0}, handle=tel:**********, vidst=A, childs(0), has_parent(false), cap=[ sup_hld mut], prop=[]], voip=false: CSW.sSH(cap)@AuU
05-20 13:41:44.532  1247  1436 I Telecom : InCallController: Components updated: [ComponentInfo{com.google.android.googlequicksearchbox/com.google.android.libraries.search.assistant.incallservice.IncomingCallInCallService}, ComponentInfo{com.google.android.as/com.google.android.apps.miphone.aiai.captions.tulip.audiosource.impl.CIS}, ComponentInfo{com.google.android.dialer/com.android.incallui.InCallServiceImpl}, ComponentInfo{com.google.android.gms/com.google.android.gms.bankscamwarning.services.BankScamCallDetectionService}]: CSW.sSH(cap)@AuU
05-20 13:41:44.544  1247  1436 I Telecom : InCallController: Sending updateCall [Call id=TC@3, state=DISCONNECTING, tpac=ComponentInfo{com.android.phone/com.android.services.telephony.TelephonyConnectionService}, 2, UserHandle{0}, cmgr=ComponentInfo{com.android.phone/com.android.services.telephony.TelephonyConnectionService}, 2, UserHandle{0}, handle=tel:**********, vidst=A, childs(0), has_parent(false), cap=[ sup_hld mut], prop=[]], voip=false: CSW.rE(cap)@AuY
05-20 13:41:44.545  1247  1436 I Telecom : InCallController: Components updated: [ComponentInfo{com.google.android.googlequicksearchbox/com.google.android.libraries.search.assistant.incallservice.IncomingCallInCallService}, ComponentInfo{com.google.android.as/com.google.android.apps.miphone.aiai.captions.tulip.audiosource.impl.CIS}, ComponentInfo{com.google.android.dialer/com.android.incallui.InCallServiceImpl}, ComponentInfo{com.google.android.gms/com.google.android.gms.bankscamwarning.services.BankScamCallDetectionService}]: CSW.rE(cap)@AuY
05-20 13:41:44.556  1247  2593 I Telecom : InCallController: Sending updateCall [Call id=TC@3, state=DISCONNECTING, tpac=ComponentInfo{com.android.phone/com.android.services.telephony.TelephonyConnectionService}, 2, UserHandle{0}, cmgr=ComponentInfo{com.android.phone/com.android.services.telephony.TelephonyConnectionService}, 2, UserHandle{0}, handle=tel:**********, vidst=A, childs(0), has_parent(false), cap=[ sup_hld mut], prop=[]], voip=false: CSW.pE(cap)@Auc
05-20 13:41:44.558  1247  2593 I Telecom : InCallController: Components updated: [ComponentInfo{com.google.android.googlequicksearchbox/com.google.android.libraries.search.assistant.incallservice.IncomingCallInCallService}, ComponentInfo{com.google.android.as/com.google.android.apps.miphone.aiai.captions.tulip.audiosource.impl.CIS}, ComponentInfo{com.google.android.dialer/com.android.incallui.InCallServiceImpl}, ComponentInfo{com.google.android.gms/com.google.android.gms.bankscamwarning.services.BankScamCallDetectionService}]: CSW.pE(cap)@Auc
05-20 13:41:44.559  1247  2593 I Telecom : InCallController: Sending updateCall [Call id=TC@3, state=DISCONNECTING, tpac=ComponentInfo{com.android.phone/com.android.services.telephony.TelephonyConnectionService}, 2, UserHandle{0}, cmgr=ComponentInfo{com.android.phone/com.android.services.telephony.TelephonyConnectionService}, 2, UserHandle{0}, handle=tel:**********, vidst=A, childs(0), has_parent(false), cap=[ sup_hld mut], prop=[ wifi]], voip=false: CSW.sCP(cap)@Aug
05-20 13:41:44.561  1247  2593 I Telecom : InCallController: Components updated: [ComponentInfo{com.google.android.googlequicksearchbox/com.google.android.libraries.search.assistant.incallservice.IncomingCallInCallService}, ComponentInfo{com.google.android.as/com.google.android.apps.miphone.aiai.captions.tulip.audiosource.impl.CIS}, ComponentInfo{com.google.android.dialer/com.android.incallui.InCallServiceImpl}, ComponentInfo{com.google.android.gms/com.google.android.gms.bankscamwarning.services.BankScamCallDetectionService}]: CSW.sCP(cap)@Aug
05-20 13:41:44.562  1247  2593 I Telecom : Event: RecordEntry TC@3: PROPERTY_CHANGE, Current: [[ wifi]], Removed [[]], Added [[ wifi]]: CSW.sCP(cap)@Aug
05-20 13:41:44.563  1247  2593 I Telecom : InCallController: Sending updateCall [Call id=TC@3, state=DISCONNECTING, tpac=ComponentInfo{com.android.phone/com.android.services.telephony.TelephonyConnectionService}, 2, UserHandle{0}, cmgr=ComponentInfo{com.android.phone/com.android.services.telephony.TelephonyConnectionService}, 2, UserHandle{0}, handle=tel:**********, vidst=A, childs(0), has_parent(false), cap=[ sup_hld mut], prop=[ wifi]], voip=false: CSW.sSH(cap)@Auk
05-20 13:41:44.565  1247  2593 I Telecom : InCallController: Components updated: [ComponentInfo{com.google.android.googlequicksearchbox/com.google.android.libraries.search.assistant.incallservice.IncomingCallInCallService}, ComponentInfo{com.google.android.as/com.google.android.apps.miphone.aiai.captions.tulip.audiosource.impl.CIS}, ComponentInfo{com.google.android.dialer/com.android.incallui.InCallServiceImpl}, ComponentInfo{com.google.android.gms/com.google.android.gms.bankscamwarning.services.BankScamCallDetectionService}]: CSW.sSH(cap)@Auk
05-20 13:41:44.566  1247  2593 I Telecom : InCallController: Sending updateCall [Call id=TC@3, state=DISCONNECTING, tpac=ComponentInfo{com.android.phone/com.android.services.telephony.TelephonyConnectionService}, 2, UserHandle{0}, cmgr=ComponentInfo{com.android.phone/com.android.services.telephony.TelephonyConnectionService}, 2, UserHandle{0}, handle=tel:**********, vidst=A, childs(0), has_parent(false), cap=[ sup_hld mut], prop=[ wifi]], voip=false: CSW.rE(cap)@Auo
05-20 13:41:44.568  1247  2593 I Telecom : InCallController: Components updated: [ComponentInfo{com.google.android.googlequicksearchbox/com.google.android.libraries.search.assistant.incallservice.IncomingCallInCallService}, ComponentInfo{com.google.android.as/com.google.android.apps.miphone.aiai.captions.tulip.audiosource.impl.CIS}, ComponentInfo{com.google.android.dialer/com.android.incallui.InCallServiceImpl}, ComponentInfo{com.google.android.gms/com.google.android.gms.bankscamwarning.services.BankScamCallDetectionService}]: CSW.rE(cap)@Auo
05-20 13:41:44.573  1247  2594 I Telecom : InCallController: Sending updateCall [Call id=TC@3, state=DISCONNECTING, tpac=ComponentInfo{com.android.phone/com.android.services.telephony.TelephonyConnectionService}, 2, UserHandle{0}, cmgr=ComponentInfo{com.android.phone/com.android.services.telephony.TelephonyConnectionService}, 2, UserHandle{0}, handle=tel:**********, vidst=A, childs(0), has_parent(false), cap=[ sup_hld mut], prop=[ wifi]], voip=false: CSW.pE(cap)@Aus
05-20 13:41:44.575  1247  2594 I Telecom : InCallController: Components updated: [ComponentInfo{com.google.android.googlequicksearchbox/com.google.android.libraries.search.assistant.incallservice.IncomingCallInCallService}, ComponentInfo{com.google.android.as/com.google.android.apps.miphone.aiai.captions.tulip.audiosource.impl.CIS}, ComponentInfo{com.google.android.dialer/com.android.incallui.InCallServiceImpl}, ComponentInfo{com.google.android.gms/com.google.android.gms.bankscamwarning.services.BankScamCallDetectionService}]: CSW.pE(cap)@Aus
05-20 13:41:45.994  1247  1436 D OomAdjuster: Not killing cached processes
05-20 13:41:46.612  1247  1273 V WindowManager: Unknown focus tokens, dropping reportFocusChanged
05-20 13:41:47.001  1247  1436 D CoreBackPreview: Window{ac38510 u0 com.google.android.dialer/com.android.dialer.incall.activity.ui.InCallActivity}: Setting back callback OnBackInvokedCallbackInfo{mCallback=android.window.IOnBackInvokedCallback$Stub$Proxy@acf7200, mPriority=0}
05-20 13:41:47.603  1247  2594 I Telecom : InCallController: Sending updateCall [Call id=TC@3, state=DISCONNECTING, tpac=ComponentInfo{com.android.phone/com.android.services.telephony.TelephonyConnectionService}, 2, UserHandle{0}, cmgr=ComponentInfo{com.android.phone/com.android.services.telephony.TelephonyConnectionService}, 2, UserHandle{0}, handle=tel:**********, vidst=A, childs(0), has_parent(false), cap=[ sup_hld mut], prop=[ wifi]], voip=false: CSW.sSH(cap)@Au4
05-20 13:41:47.604  1247  2594 I Telecom : InCallController: Components updated: [ComponentInfo{com.google.android.googlequicksearchbox/com.google.android.libraries.search.assistant.incallservice.IncomingCallInCallService}, ComponentInfo{com.google.android.as/com.google.android.apps.miphone.aiai.captions.tulip.audiosource.impl.CIS}, ComponentInfo{com.google.android.dialer/com.android.incallui.InCallServiceImpl}, ComponentInfo{com.google.android.gms/com.google.android.gms.bankscamwarning.services.BankScamCallDetectionService}]: CSW.sSH(cap)@Au4
05-20 13:41:47.604  1247  2594 I Telecom : CallsManager: setCallState DISCONNECTING -> DISCONNECTED, call: [Call id=TC@3, state=DISCONNECTING, tpac=ComponentInfo{com.android.phone/com.android.services.telephony.TelephonyConnectionService}, 2, UserHandle{0}, cmgr=ComponentInfo{com.android.phone/com.android.services.telephony.TelephonyConnectionService}, 2, UserHandle{0}, handle=tel:**********, vidst=A, childs(0), has_parent(false), cap=[ sup_hld mut], prop=[ wifi]], voip=false: CSW.sDc(cap)@Au8
05-20 13:41:47.605  1247  2594 I Telecom : Event: RecordEntry TC@3: SET_DISCONNECTED, disconnected set explicitly> DisconnectCause [ Code: (LOCAL) Label: () Description: () Reason: (LOCAL) Tone: (27)  TelephonyCause: 3/-1 ImsReasonInfo: null]: CSW.sDc(cap)@Au8
05-20 13:41:47.605  1247  2594 I Telecom : InCallController: onCanAddCallChanged : true: CSW.sDc(cap)@Au8
05-20 13:41:47.605  1247  2594 I Telecom : TelecomWakeLock: WakeLock already released with id: 26: CSW.sDc(cap)@Au8
05-20 13:41:47.605  1247  2594 I Telecom : InCallWakeLockController: Releasing full wake lock: CSW.sDc(cap)@Au8
05-20 13:41:47.613  1247  2594 I Telecom : InCallController: Sending updateCall [Call id=TC@3, state=DISCONNECTED, tpac=ComponentInfo{com.android.phone/com.android.services.telephony.TelephonyConnectionService}, 2, UserHandle{0}, cmgr=ComponentInfo{com.android.phone/com.android.services.telephony.TelephonyConnectionService}, 2, UserHandle{0}, handle=tel:**********, vidst=A, childs(0), has_parent(false), cap=[ sup_hld mut], prop=[ wifi]], voip=false: CSW.sDc(cap)@Au8
05-20 13:41:47.615  1247  2594 I Telecom : InCallController: Components updated: [ComponentInfo{com.google.android.googlequicksearchbox/com.google.android.libraries.search.assistant.incallservice.IncomingCallInCallService}, ComponentInfo{com.google.android.as/com.google.android.apps.miphone.aiai.captions.tulip.audiosource.impl.CIS}, ComponentInfo{com.google.android.dialer/com.android.incallui.InCallServiceImpl}, ComponentInfo{com.google.android.gms/com.google.android.gms.bankscamwarning.services.BankScamCallDetectionService}]: CSW.sDc(cap)@Au8
05-20 13:41:47.617  1247  1839 I Telecom : CallAudioRouteStateMachine: Message received: UPDATE_SYSTEM_AUDIO_ROUTE=1201, arg1=0: CSW.sDc->CARSM.pM_UPDATE_SYSTEM_AUDIO_ROUTE(cap)@Au8
05-20 13:41:47.617  1247  1839 I Telecom : ActiveSpeakerRoute: Processing message UPDATE_SYSTEM_AUDIO_ROUTE: CSW.sDc->CARSM.pM_UPDATE_SYSTEM_AUDIO_ROUTE(cap)@Au8
05-20 13:41:47.617  1247  1839 I Telecom : BluetoothRouteManager: getBluetoothAudioConnectedDevice: no service available.: CSW.sDc->CARSM.pM_UPDATE_SYSTEM_AUDIO_ROUTE(cap)@Au8
05-20 13:41:47.618  1247  2594 I Telecom : InCallTonePlayer: startTone: skip end-call tone as device is silenced.: CSW.sDc(cap)@Au8
05-20 13:41:47.622  1247  1844 I Telecom : CallAudioModeStateMachine: Message received: NO_MORE_ACTIVE_OR_DIALING_CALLS.: CSW.sDc->CAMSM.pM_1001(cap)@Au8
05-20 13:41:47.623  1247  1844 I Telecom : CallAudioModeStateMachine: Audio focus entering UNFOCUSED state: CSW.sDc->CAMSM.pM_1001(cap)@Au8
05-20 13:41:47.627  1247  2593 D SystemServerTiming: getUserSwitchability-0
05-20 13:41:47.627  1247  2593 D SystemServerTiming: TM.isInCall
05-20 13:41:47.629  1247  1280 W BroadcastQueue: Permission Denial: receiving Intent { act=android.intent.action.PHONE_STATE flg=0x1000010 (has extras) } to tw.nekomimi.nekogram/org.telegram.messenger.CallReceiver requires android.permission.READ_PRIVILEGED_PHONE_STATE due to sender android (uid 1000)
05-20 13:41:47.631  1247  2594 I Telecom : PhoneStateBroadcaster: Broadcasted state change: 0: CSW.sDc(cap)@Au8
05-20 13:41:47.631  1247  2594 I Telecom : IncomingCallNotifier: updateIncomingCall: foundIncomingcall = null: CSW.sDc(cap)@Au8
05-20 13:41:47.632  1247  2594 I Telecom : Event: RecordEntry TC@3: CONF_CALLS_CHANGED, : CSW.sCC(cap)@AvE
05-20 13:41:47.632  1247  2594 I Telecom : InCallController: Sending updateCall [Call id=TC@3, state=DISCONNECTED, tpac=ComponentInfo{com.android.phone/com.android.services.telephony.TelephonyConnectionService}, 2, UserHandle{0}, cmgr=ComponentInfo{com.android.phone/com.android.services.telephony.TelephonyConnectionService}, 2, UserHandle{0}, handle=tel:**********, vidst=A, childs(0), has_parent(false), cap=[ sup_hld mut], prop=[ wifi]], voip=false: CSW.sCC(cap)@AvE
05-20 13:41:47.634  1247  2594 I Telecom : InCallController: Components updated: [ComponentInfo{com.google.android.googlequicksearchbox/com.google.android.libraries.search.assistant.incallservice.IncomingCallInCallService}, ComponentInfo{com.google.android.as/com.google.android.apps.miphone.aiai.captions.tulip.audiosource.impl.CIS}, ComponentInfo{com.google.android.dialer/com.android.incallui.InCallServiceImpl}, ComponentInfo{com.google.android.gms/com.google.android.gms.bankscamwarning.services.BankScamCallDetectionService}]: CSW.sCC(cap)@AvE
05-20 13:41:47.634  1247  1839 I Telecom : CallAudioRouteStateMachine: setSystemAudioState: changing from [AudioState isMuted: false, route: SPEAKER, supportedRouteMask: EARPIECE, SPEAKER, activeBluetoothDevice: [null], supportedBluetoothDevices: []] to [AudioState isMuted: false, route: SPEAKER, supportedRouteMask: EARPIECE, SPEAKER, activeBluetoothDevice: [null], supportedBluetoothDevices: []]: CSW.sDc->CARSM.pM_UPDATE_SYSTEM_AUDIO_ROUTE(cap)@Au8
05-20 13:41:47.634  1247  1839 I Telecom : InCallController: Calling onAudioStateChanged, audioState: [AudioState isMuted: false, route: SPEAKER, supportedRouteMask: EARPIECE, SPEAKER, activeBluetoothDevice: [null], supportedBluetoothDevices: []] -> [AudioState isMuted: false, route: SPEAKER, supportedRouteMask: EARPIECE, SPEAKER, activeBluetoothDevice: [null], supportedBluetoothDevices: []]: CSW.sDc->CARSM.pM_UPDATE_SYSTEM_AUDIO_ROUTE(cap)@Au8
05-20 13:41:47.634  1247  1280 W BroadcastQueue: Permission Denial: receiving Intent { act=android.intent.action.PHONE_STATE flg=0x1000010 (has extras) } to ProcessRecord{5583808 1446:com.android.systemui/u0a499} (pid=1446, uid=10499) requires android.permission.READ_CALL_LOG due to sender android (uid 1000)
05-20 13:41:47.635  1247  1280 W BroadcastQueue: Permission Denial: receiving Intent { act=android.intent.action.PHONE_STATE flg=0x1000010 (has extras) } to ProcessRecord{5583808 1446:com.android.systemui/u0a499} (pid=1446, uid=10499) requires android.permission.READ_CALL_LOG due to sender android (uid 1000)
05-20 13:41:47.635  1247  1280 W BroadcastQueue: Permission Denial: receiving Intent { act=android.intent.action.PHONE_STATE flg=0x1000010 (has extras) } to tw.nekomimi.nekogram/org.telegram.messenger.CallReceiver requires android.permission.READ_PHONE_STATE due to sender android (uid 1000)
05-20 13:41:47.636  1247  2593 D SystemServerTiming: hasUserRestriction-DISALLOW_USER_SWITCH
05-20 13:41:47.636  1247  2593 D SystemServerTiming: getInt-ALLOW_USER_SWITCHING_WHEN_SYSTEM_USER_LOCKED
05-20 13:41:47.636  1247  2593 D SystemServerTiming: isUserUnlocked-USER_SYSTEM
05-20 13:41:47.636  1247  1280 W BroadcastQueue: Permission Denial: receiving Intent { act=android.intent.action.PHONE_STATE flg=0x1000010 (has extras) } to tw.nekomimi.nekogram/org.telegram.messenger.CallReceiver requires android.permission.READ_PHONE_STATE due to sender android (uid 1000)
05-20 13:41:47.639  1247  1839 I Telecom : CallAudioRouteStateMachine: Message received: SWITCH_FOCUS=4001, arg1=1: CSW.sDc->CAMSM.pM_1001->CARSM.pM_SWITCH_FOCUS(cap)@Au8
05-20 13:41:47.639  1247  1839 I Telecom : ActiveSpeakerRoute: Processing message SWITCH_FOCUS: CSW.sDc->CAMSM.pM_1001->CARSM.pM_SWITCH_FOCUS(cap)@Au8
05-20 13:41:47.639  1247  1839 I Telecom : CallAudioRouteStateMachine: turning speaker phone false: CSW.sDc->CAMSM.pM_1001->CARSM.pM_SWITCH_FOCUS(cap)@Au8
05-20 13:41:47.640  1247  1839 I Telecom : Logging.Events: Non-call EVENT: UNMUTE, null: CSW.sDc->CAMSM.pM_1001->CARSM.pM_SWITCH_FOCUS(cap)@Au8
05-20 13:41:47.641  1247  1839 I Telecom : Logging.Events: Non-call EVENT: AUDIO_ROUTE, Leaving state ActiveSpeakerRoute: CSW.sDc->CAMSM.pM_1001->CARSM.pM_SWITCH_FOCUS(cap)@Au8
05-20 13:41:47.641  1247  2652 D SystemServerTiming: getUserSwitchability-0
05-20 13:41:47.641  1247  2652 D SystemServerTiming: TM.isInCall
05-20 13:41:47.642  1247  1844 I Telecom : CallAudioModeStateMachine: Message received: AUDIO_OPERATIONS_COMPLETE.: CSW.sDc->CAMSM.pM_1001->CARSM.pM_SWITCH_FOCUS->CAMSM.pM_6001(cap)@Au8
05-20 13:41:47.643  1247  1839 I Telecom : Logging.Events: Non-call EVENT: AUDIO_ROUTE, Entering state QuiescentEarpieceRoute: CSW.sDc->CAMSM.pM_1001->CARSM.pM_SWITCH_FOCUS(cap)@Au8
05-20 13:41:47.643  1247  1844 I Telecom : CallAudioModeStateMachine: Abandoning audio focus: now UNFOCUSED: CSW.sDc->CAMSM.pM_1001->CARSM.pM_SWITCH_FOCUS->CAMSM.pM_6001(cap)@Au8
05-20 13:41:47.643  1247  1839 I Telecom : BluetoothRouteManager: getBluetoothAudioConnectedDevice: no service available.: CSW.sDc->CAMSM.pM_1001->CARSM.pM_SWITCH_FOCUS(cap)@Au8
05-20 13:41:47.650  1247  6390 I Telecom : PhoneAccountRegistrar: getSimCallManager: SimCallManager for subId 2 queried, returning: null
05-20 13:41:47.653  1247  2594 I Telecom : Event: RecordEntry TC@3: CONF_CALLS_CHANGED, : CSW.sCC(cap)@AvI
05-20 13:41:47.655  1247  2594 I Telecom : InCallController: Sending updateCall [Call id=TC@3, state=DISCONNECTED, tpac=ComponentInfo{com.android.phone/com.android.services.telephony.TelephonyConnectionService}, 2, UserHandle{0}, cmgr=ComponentInfo{com.android.phone/com.android.services.telephony.TelephonyConnectionService}, 2, UserHandle{0}, handle=tel:**********, vidst=A, childs(0), has_parent(false), cap=[ sup_hld mut], prop=[ wifi]], voip=false: CSW.sCC(cap)@AvI
05-20 13:41:47.671  1247  2594 I Telecom : InCallController: Components updated: [ComponentInfo{com.google.android.googlequicksearchbox/com.google.android.libraries.search.assistant.incallservice.IncomingCallInCallService}, ComponentInfo{com.google.android.as/com.google.android.apps.miphone.aiai.captions.tulip.audiosource.impl.CIS}, ComponentInfo{com.google.android.dialer/com.android.incallui.InCallServiceImpl}, ComponentInfo{com.google.android.gms/com.google.android.gms.bankscamwarning.services.BankScamCallDetectionService}]: CSW.sCC(cap)@AvI
05-20 13:41:47.672  1247  2594 I Telecom : CallsManager: markCallAsRemoved; callid=TC@3, immediate.: CSW.rC(cap)@AvY
05-20 13:41:47.672  1247  1247 I Telecom : ConnectionServiceWrapper: Service unbound ComponentInfo{com.android.phone/com.android.services.telephony.TelephonyConnectionService}, from unbind.: CSW.rC->CM.pR(cap)@AvY
05-20 13:41:47.674  1247  1247 I Telecom : CallsManager: handleConnectionServiceDeath: service [ConnectionServiceWrapper componentName=ComponentInfo{com.android.phone/com.android.services.telephony.TelephonyConnectionService}] died: CSW.rC->CM.pR(cap)@AvY
05-20 13:41:47.674  1247  1247 I Telecom : Event: RecordEntry TC@3: DESTROYED, null: CSW.rC->CM.pR(cap)@AvY
05-20 13:41:47.674  1247  1247 I Telecom : TelecomWakeLock: WakeLock already released with id: 26: CSW.rC->CM.pR(cap)@AvY
05-20 13:41:47.675  1247  1247 I Telecom : InCallWakeLockController: Releasing full wake lock: CSW.rC->CM.pR(cap)@AvY
05-20 13:41:47.675  1247  1247 I Telecom : InCallController: onCallRemoved: [Call id=TC@3, state=DISCONNECTED, tpac=ComponentInfo{com.android.phone/com.android.services.telephony.TelephonyConnectionService}, 2, UserHandle{0}, cmgr=ComponentInfo{com.android.phone/com.android.services.telephony.TelephonyConnectionService}, 2, UserHandle{0}, handle=tel:**********, vidst=A, childs(0), has_parent(false), cap=[ sup_hld mut], prop=[ wifi]], voip=false: CSW.rC->CM.pR(cap)@AvY
05-20 13:41:47.675  1247  1247 I Telecom : InCallController: onSetCamera callId=TC@3, cameraId=null: CSW.rC->CM.pR(cap)@AvY
05-20 13:41:47.675  1247  1247 W Telecom : CallDiagnosticServiceController: maybeUnbindCallScreeningService - already unbound: CSW.rC->CM.pR(cap)@AvY
05-20 13:41:47.675  1247  1247 I Telecom : ProximitySensorManager: All calls removed, resetting proximity sensor to default state: CSW.rC->CM.pR(cap)@AvY
05-20 13:41:47.675  1247  1247 I Telecom : TelecomWakeLock: WakeLock already released with id: 32: CSW.rC->CM.pR(cap)@AvY
05-20 13:41:47.675  1247  1247 I Telecom : IncomingCallNotifier: updateIncomingCall: foundIncomingcall = null: CSW.rC->CM.pR(cap)@AvY
05-20 13:41:47.676  1247  2593 I Telecom : VideoProviderProxy: VP->IC (callId=TC@3): handleCallSessionEvent: UNKNOWN 1008
05-20 13:41:47.677  1247  2652 D SystemServerTiming: hasUserRestriction-DISALLOW_USER_SWITCH
05-20 13:41:47.677  1247  2652 D SystemServerTiming: getInt-ALLOW_USER_SWITCHING_WHEN_SYSTEM_USER_LOCKED
05-20 13:41:47.677  1247  2652 D SystemServerTiming: isUserUnlocked-USER_SYSTEM
05-20 13:41:47.872  1247  3038 D CoreBackPreview: Window{ac38510 u0 com.google.android.dialer/com.android.dialer.incall.activity.ui.InCallActivity}: Setting back callback null
05-20 13:41:47.877  1247  1279 W UsageStatsService: Unexpected activity event reported! (com.google.android.dialer/com.android.dialer.incall.activity.ui.InCallActivity event : 23 instanceId : 251578931)
05-20 13:41:48.083  1247  1839 I Telecom : CallAudioRouteStateMachine: Message received: SPEAKER_OFF=1007, arg1=0: CARSM.mSPCR->CARSM.pM_SPEAKER_OFF@Aw0
05-20 13:41:48.083  1247  1839 I Telecom : QuiescentEarpieceRoute: Processing message SPEAKER_OFF: CARSM.mSPCR->CARSM.pM_SPEAKER_OFF@Aw0
05-20 13:41:48.993  1247  1431 D CoreBackPreview: Window{5cd9d7c u0 com.google.android.dialer/com.google.android.dialer.extensions.GoogleDialtactsActivity}: Setting back callback null
05-20 13:41:49.028  1247  1279 W UsageStatsService: Unexpected activity event reported! (com.google.android.dialer/com.android.dialer.main.impl.MainActivity event : 23 instanceId : 23575617)
05-20 13:41:49.649  1247  2652 I Telecom : PhoneAccountRegistrar: getSimCallManager: SimCallManager for subId 2 queried, returning: null: TSI.gSCM@AxI
05-20 13:41:49.675  1247  1247 I Telecom : InCallController: CSICSC: disconnect com.android.server.telecom.InCallController$EmergencyInCallServiceConnection@f245ea5: CSW.rC->CM.pR->ICC.oCR(cap)@AvY
05-20 13:41:49.675  1247  1247 I Telecom : EmergencyInCallServiceConnection: Disconnecting from InCallService: CSW.rC->CM.pR->ICC.oCR(cap)@AvY
05-20 13:41:49.676  1247  1247 I Telecom : InCallController: ICSBC#disconnect: unbinding after 22330 ms;[ComponentInfo{com.google.android.dialer/com.android.incallui.InCallServiceImpl} supportsExternal? false supportsSelfMg?false]. isCrashed: false: CSW.rC->CM.pR->ICC.oCR(cap)@AvY
05-20 13:41:49.677  1247  1247 I ActivityManager: Killing 6842:com.google.android.dialer/u0a447 (adj 0): remove task
05-20 13:41:49.678  1247  1247 W Telecom : Call: maybeOnInCallServiceTrackingChanged() request on a call without a connection service.: CSW.rC->CM.pR->ICC.oCR(cap)@AvY
05-20 13:41:49.678  1247  1247 I Telecom : InCallController: onDisconnected from ComponentInfo{com.google.android.dialer/com.android.incallui.InCallServiceImpl}: CSW.rC->CM.pR->ICC.oCR(cap)@AvY
05-20 13:41:49.678  1247  1247 I Telecom : InCallController: trackCallingUserInterfaceStopped: com.google.android.dialer is no longer calling UX: CSW.rC->CM.pR->ICC.oCR(cap)@AvY
05-20 13:41:49.678  1247  1247 I Telecom : InCallController: ICSBC#disconnect: unbinding after 22325 ms;[ComponentInfo{com.google.android.as/com.google.android.apps.miphone.aiai.captions.tulip.audiosource.impl.CIS} supportsExternal? false supportsSelfMg?false]. isCrashed: false: CSW.rC->CM.pR->ICC.oCR(cap)@AvY
05-20 13:41:49.679  1247  1247 W Telecom : Call: maybeOnInCallServiceTrackingChanged() request on a call without a connection service.: CSW.rC->CM.pR->ICC.oCR(cap)@AvY
05-20 13:41:49.679  1247  1247 I Telecom : InCallController: onDisconnected from ComponentInfo{com.google.android.as/com.google.android.apps.miphone.aiai.captions.tulip.audiosource.impl.CIS}: CSW.rC->CM.pR->ICC.oCR(cap)@AvY
05-20 13:41:49.680  1247  1247 I Telecom : InCallController: ICSBC#disconnect: unbinding after 22322 ms;[ComponentInfo{com.google.android.gms/com.google.android.gms.bankscamwarning.services.BankScamCallDetectionService} supportsExternal? false supportsSelfMg?false]. isCrashed: false: CSW.rC->CM.pR->ICC.oCR(cap)@AvY
05-20 13:41:49.681  1247  1247 W Telecom : Call: maybeOnInCallServiceTrackingChanged() request on a call without a connection service.: CSW.rC->CM.pR->ICC.oCR(cap)@AvY
05-20 13:41:49.681  1247  1247 I Telecom : InCallController: onDisconnected from ComponentInfo{com.google.android.gms/com.google.android.gms.bankscamwarning.services.BankScamCallDetectionService}: CSW.rC->CM.pR->ICC.oCR(cap)@AvY
05-20 13:41:49.681  1247  1247 I Telecom : InCallController: ICSBC#disconnect: unbinding after 22318 ms;[ComponentInfo{com.google.android.googlequicksearchbox/com.google.android.libraries.search.assistant.incallservice.IncomingCallInCallService} supportsExternal? false supportsSelfMg?false]. isCrashed: false: CSW.rC->CM.pR->ICC.oCR(cap)@AvY
05-20 13:41:49.682  1247  1247 W Telecom : Call: maybeOnInCallServiceTrackingChanged() request on a call without a connection service.: CSW.rC->CM.pR->ICC.oCR(cap)@AvY
05-20 13:41:49.682  1247  1247 I Telecom : InCallController: onDisconnected from ComponentInfo{com.google.android.googlequicksearchbox/com.google.android.libraries.search.assistant.incallservice.IncomingCallInCallService}: CSW.rC->CM.pR->ICC.oCR(cap)@AvY
05-20 13:41:49.715  1247  1353 D TextToSpeechManagerPerUserService: Unbinding TTS engine: com.google.android.tts. Reason: client process death is reported
05-20 13:41:49.723  1247  1431 I Telecom : PhoneAccountRegistrar: getSimCallManager: SimCallManager for subId 2 queried, returning: null: TSI.gSCM@AxY
05-20 13:41:49.725  1247  1273 W ActivityManager: setHasOverlayUi called on unknown pid: 6842
05-20 13:41:49.725  1247  1247 W TextToSpeechManagerPerUserService: Disconnected from TTS engine
05-20 13:41:49.725  1247  1247 I TextToSpeechManagerPerUserService: Failed running callback method: android.os.DeadObjectException
05-20 13:41:50.030  1247  1280 W ActivityManager: Stopping service due to app idle: u0a525 -1m53s181ms com.whatsapp/.messaging.MessageService
05-20 13:41:50.819  1247  6529 I Telecom : PhoneAccountRegistrar: Modify account: [ComponentInfo{com.android.phone/com.android.services.telephony.TelephonyConnectionService}, 2, UserHandle{0}]: TSI.rPA@AyE
05-20 13:41:50.821  1247  6529 I Telecom : CallsManager: handlePhoneAccountChanged: phoneAccount=[[X] PhoneAccount: ComponentInfo{com.android.phone/com.android.services.telephony.TelephonyConnectionService}, 2, UserHandle{0} Capabilities: SuppVideo Video CallProvider MultiUser PlaceEmerg SimSub  Audio Routes: BESW Schemes: tel voicemail  Extras: Bundle[{android.telecom.extra.SUPPORTS_VIDEO_CALLING_FALLBACK=true}] GroupId: ***]: TSI.rPA@AyE
05-20 13:41:50.826  1247  6529 I Telecom : PhoneAccountRegistrar: getSimCallManager: SimCallManager for subId 2 queried, returning: null: TSI.rPA@AyE
05-20 13:41:50.826  1247  6529 I Telecom : PhoneAccountRegistrar: Notifying telephony of voice service override change for 1 SIMs, hasService = false: TSI.rPA@AyE
05-20 13:41:50.851  1247  1430 I Telecom : PhoneAccountRegistrar: Modify account: [ComponentInfo{com.android.phone/com.android.services.telephony.TelephonyConnectionService}, 2, UserHandle{0}(cap: SuppVideo CallProvider MultiUser PlaceEmerg SimSub  -> SuppVideo Video CallProvider MultiUser PlaceEmerg SimSub )]: TSI.rPA@AyI
05-20 13:41:50.853  1247  1430 I Telecom : CallsManager: handlePhoneAccountChanged: phoneAccount=[[X] PhoneAccount: ComponentInfo{com.android.phone/com.android.services.telephony.TelephonyConnectionService}, 2, UserHandle{0} Capabilities: SuppVideo CallProvider MultiUser PlaceEmerg SimSub  Audio Routes: BESW Schemes: tel voicemail  Extras: Bundle[{android.telecom.extra.SUPPORTS_VIDEO_CALLING_FALLBACK=true}] GroupId: ***]: TSI.rPA@AyI
05-20 13:41:50.857  1247  1430 I Telecom : PhoneAccountRegistrar: getSimCallManager: SimCallManager for subId 2 queried, returning: null: TSI.rPA@AyI
05-20 13:41:50.857  1247  1430 I Telecom : PhoneAccountRegistrar: Notifying telephony of voice service override change for 1 SIMs, hasService = false: TSI.rPA@AyI
05-20 13:41:53.937  1247  1279 D OomAdjuster: Not killing cached processes
05-20 13:41:55.915  1247  1430 I Telecom : : isInEmergencyCall: false: TSI.iIEC@AyM
05-20 13:41:58.927  1247  6529 I Telecom : : isInEmergencyCall: false: TSI.iIEC@AyQ
05-20 13:42:00.419  1247  7355 D OomAdjuster: Not killing cached processes
05-20 13:42:01.417  1247  7355 D CoreBackPreview: Window{627f35a u0 com.android.settings/com.android.settings.SubSettings}: Setting back callback OnBackInvokedCallbackInfo{mCallback=android.window.IOnBackInvokedCallback$Stub$Proxy@2066514, mPriority=-1}
05-20 13:42:01.943  1247  2594 I Telecom : : isInEmergencyCall: false: TSI.iIEC@AyY
05-20 13:42:02.350  1247  2594 D CoreBackPreview: Window{627f35a u0 com.android.settings/com.android.settings.SubSettings}: Setting back callback null
05-20 13:42:02.377  1247  1273 V WindowManager: Unknown focus tokens, dropping reportFocusChanged
05-20 13:42:03.992  1247  1247 D CompatibilityChangeReporter: Compat change id reported: 168419799; UID 10524; state: DISABLED
05-20 13:42:03.992  1247  1247 D CompatibilityChangeReporter: Compat change id reported: 273564678; UID 10524; state: DISABLED
05-20 13:42:04.012  1247  2594 W JobScheduler: Job didn't exist in JobStore: 3cfa450 #u0a524/13494 com.google.android.youtube/androidx.work.impl.background.systemjob.SystemJobService
05-20 13:42:04.163  1247  1280 D CompatibilityChangeReporter: Compat change id reported: 135634846; UID 10447; state: DISABLED
05-20 13:42:04.163  1247  1280 D CompatibilityChangeReporter: Compat change id reported: 177438394; UID 10447; state: DISABLED
05-20 13:42:04.163  1247  1280 D CompatibilityChangeReporter: Compat change id reported: 135772972; UID 10447; state: DISABLED
05-20 13:42:04.163  1247  1280 D CompatibilityChangeReporter: Compat change id reported: 135754954; UID 10447; state: ENABLED
05-20 13:42:04.164  1247  1281 D CompatibilityChangeReporter: Compat change id reported: 143937733; UID 10447; state: ENABLED
05-20 13:42:04.191  1247  1431 I Telecom : PhoneAccountRegistrar: Modify account: [ComponentInfo{com.android.phone/com.android.services.telephony.TelephonyConnectionService}, 2, UserHandle{0}]: TSI.rPA@Ayk
05-20 13:42:04.194  1247  1431 I Telecom : CallsManager: handlePhoneAccountChanged: phoneAccount=[[X] PhoneAccount: ComponentInfo{com.android.phone/com.android.services.telephony.TelephonyConnectionService}, 2, UserHandle{0} Capabilities: SuppVideo CallProvider MultiUser PlaceEmerg SimSub  Audio Routes: BESW Schemes: tel voicemail  Extras: Bundle[{android.telecom.extra.SUPPORTS_VIDEO_CALLING_FALLBACK=true}] GroupId: ***]: TSI.rPA@Ayk
05-20 13:42:04.194  1247  1281 I ActivityManager: Start proc 8028:com.google.android.dialer/u0a447 for broadcast {com.google.android.dialer/com.android.dialer.app.calllog.LegacyVoicemailNotificationReceiver_Receiver}
05-20 13:42:04.198  1247  1431 I Telecom : PhoneAccountRegistrar: getSimCallManager: SimCallManager for subId 2 queried, returning: null: TSI.rPA@Ayk
05-20 13:42:04.198  1247  1431 I Telecom : PhoneAccountRegistrar: Notifying telephony of voice service override change for 1 SIMs, hasService = false: TSI.rPA@Ayk
05-20 13:42:04.221  1247  6529 I Telecom : PhoneAccountRegistrar: getSimCallManager: SimCallManager for subId 2 queried, returning: null: TSI.gSCM@Ays
05-20 13:42:04.238  1247  2594 I Telecom : PhoneAccountRegistrar: Modify account: [ComponentInfo{com.android.phone/com.android.services.telephony.TelephonyConnectionService}, 2, UserHandle{0}]: TSI.rPA@Ay0
05-20 13:42:04.240  1247  2594 I Telecom : CallsManager: handlePhoneAccountChanged: phoneAccount=[[X] PhoneAccount: ComponentInfo{com.android.phone/com.android.services.telephony.TelephonyConnectionService}, 2, UserHandle{0} Capabilities: SuppVideo CallProvider MultiUser PlaceEmerg SimSub  Audio Routes: BESW Schemes: tel voicemail  Extras: Bundle[{android.telecom.extra.SUPPORTS_VIDEO_CALLING_FALLBACK=true}] GroupId: ***]: TSI.rPA@Ay0
05-20 13:42:04.246  1247  2594 I Telecom : PhoneAccountRegistrar: getSimCallManager: SimCallManager for subId 2 queried, returning: null: TSI.rPA@Ay0
05-20 13:42:04.247  1247  2594 I Telecom : PhoneAccountRegistrar: Notifying telephony of voice service override change for 1 SIMs, hasService = false: TSI.rPA@Ay0
05-20 13:42:04.469  1247  2594 D CompatibilityChangeReporter: Compat change id reported: 218533173; UID 10524; state: ENABLED
05-20 13:42:04.469  1247  2594 D CompatibilityChangeReporter: Compat change id reported: 171306433; UID 10528; state: ENABLED
05-20 13:42:04.470  1247  2594 D CompatibilityChangeReporter: Compat change id reported: 226439802; UID 10528; state: DISABLED
05-20 13:42:04.470  1247  2594 D CompatibilityChangeReporter: Compat change id reported: 171306433; UID 10461; state: ENABLED
05-20 13:42:04.470  1247  2594 D CompatibilityChangeReporter: Compat change id reported: 226439802; UID 10461; state: DISABLED
05-20 13:42:04.471  1247  2594 D CompatibilityChangeReporter: Compat change id reported: 218533173; UID 10553; state: ENABLED
05-20 13:42:04.471  1247  2594 D CompatibilityChangeReporter: Compat change id reported: 218533173; UID 10481; state: ENABLED
05-20 13:42:04.471  1247  2594 D CompatibilityChangeReporter: Compat change id reported: 218533173; UID 10523; state: ENABLED
05-20 13:42:04.471  1247  2594 D CompatibilityChangeReporter: Compat change id reported: 218533173; UID 10532; state: ENABLED
05-20 13:42:04.471  1247  2594 D CompatibilityChangeReporter: Compat change id reported: 218533173; UID 10447; state: ENABLED
05-20 13:42:04.473  1247  2594 D CompatibilityChangeReporter: Compat change id reported: 218533173; UID 10477; state: ENABLED
05-20 13:42:04.473  1247  2594 D CompatibilityChangeReporter: Compat change id reported: 218533173; UID 10468; state: ENABLED
05-20 13:42:04.474  1247  2594 D CompatibilityChangeReporter: Compat change id reported: 218533173; UID 10487; state: ENABLED
05-20 13:42:04.475  1247  2594 D CompatibilityChangeReporter: Compat change id reported: 218533173; UID 10527; state: ENABLED
05-20 13:42:04.698  1247  2594 D TextToSpeechManagerPerUserService: Trying to start connection to TTS engine: com.google.android.tts
05-20 13:42:04.784  1247  2594 D CompatibilityChangeReporter: Compat change id reported: 168419799; UID 10447; state: DISABLED
05-20 13:42:04.784  1247  2594 D CompatibilityChangeReporter: Compat change id reported: 273564678; UID 10447; state: DISABLED
05-20 13:42:04.788  1247  2594 D CompatibilityChangeReporter: Compat change id reported: 161145287; UID 10447; state: DISABLED
05-20 13:42:04.864  1247  1430 D CompatibilityChangeReporter: Compat change id reported: 183407956; UID 10447; state: ENABLED
05-20 13:42:04.953  1247  2594 I Telecom : : isInEmergencyCall: false: TSI.iIEC@Azg
05-20 13:42:05.189  1247  1430 D CompatibilityChangeReporter: Compat change id reported: 194532703; UID 10447; state: ENABLED
05-20 13:42:05.428  1247  1430 D OomAdjuster: Not killing cached processes
05-20 13:42:05.843  1247  6529 I Telecom : PhoneAccountRegistrar: Modify account: [ComponentInfo{com.android.phone/com.android.services.telephony.TelephonyConnectionService}, 2, UserHandle{0}]: TSI.rPA@Azk
05-20 13:42:05.846  1247  6529 I Telecom : CallsManager: handlePhoneAccountChanged: phoneAccount=[[X] PhoneAccount: ComponentInfo{com.android.phone/com.android.services.telephony.TelephonyConnectionService}, 2, UserHandle{0} Capabilities: SuppVideo CallProvider MultiUser PlaceEmerg SimSub  Audio Routes: BESW Schemes: tel voicemail  Extras: Bundle[{android.telecom.extra.SUPPORTS_VIDEO_CALLING_FALLBACK=true}] GroupId: ***]: TSI.rPA@Azk
05-20 13:42:05.852  1247  6529 I Telecom : PhoneAccountRegistrar: getSimCallManager: SimCallManager for subId 2 queried, returning: null: TSI.rPA@Azk
05-20 13:42:05.852  1247  6529 I Telecom : PhoneAccountRegistrar: Notifying telephony of voice service override change for 1 SIMs, hasService = false: TSI.rPA@Azk
05-20 13:42:05.879  1247  6529 I Telecom : PhoneAccountRegistrar: getSimCallManager: SimCallManager for subId 2 queried, returning: null: TSI.gSCM@Az0
05-20 13:42:05.891  1247  1431 I Telecom : PhoneAccountRegistrar: Modify account: [ComponentInfo{com.android.phone/com.android.services.telephony.TelephonyConnectionService}, 2, UserHandle{0}]: TSI.rPA@Az8
05-20 13:42:05.893  1247  1431 I Telecom : CallsManager: handlePhoneAccountChanged: phoneAccount=[[X] PhoneAccount: ComponentInfo{com.android.phone/com.android.services.telephony.TelephonyConnectionService}, 2, UserHandle{0} Capabilities: SuppVideo CallProvider MultiUser PlaceEmerg SimSub  Audio Routes: BESW Schemes: tel voicemail  Extras: Bundle[{android.telecom.extra.SUPPORTS_VIDEO_CALLING_FALLBACK=true}] GroupId: ***]: TSI.rPA@Az8
05-20 13:42:05.896  1247  1431 I Telecom : PhoneAccountRegistrar: getSimCallManager: SimCallManager for subId 2 queried, returning: null: TSI.rPA@Az8
05-20 13:42:05.896  1247  1431 I Telecom : PhoneAccountRegistrar: Notifying telephony of voice service override change for 1 SIMs, hasService = false: TSI.rPA@Az8
05-20 13:42:06.557  1247  1247 D TextToSpeechManagerPerUserService: Connected successfully to TTS engine: com.google.android.tts
05-20 13:42:07.135  1247  1430 I Telecom : PhoneAccountRegistrar: Modify account: [ComponentInfo{com.android.phone/com.android.services.telephony.TelephonyConnectionService}, 2, UserHandle{0}]: TSI.rPA@A0Y
05-20 13:42:07.138  1247  1430 I Telecom : CallsManager: handlePhoneAccountChanged: phoneAccount=[[X] PhoneAccount: ComponentInfo{com.android.phone/com.android.services.telephony.TelephonyConnectionService}, 2, UserHandle{0} Capabilities: SuppVideo CallProvider MultiUser PlaceEmerg SimSub  Audio Routes: BESW Schemes: tel voicemail  Extras: Bundle[{android.telecom.extra.SUPPORTS_VIDEO_CALLING_FALLBACK=true}] GroupId: ***]: TSI.rPA@A0Y
05-20 13:42:07.142  1247  1430 I Telecom : PhoneAccountRegistrar: getSimCallManager: SimCallManager for subId 2 queried, returning: null: TSI.rPA@A0Y
05-20 13:42:07.142  1247  1430 I Telecom : PhoneAccountRegistrar: Notifying telephony of voice service override change for 1 SIMs, hasService = false: TSI.rPA@A0Y
05-20 13:42:07.171  1247  3145 I Telecom : PhoneAccountRegistrar: getSimCallManager: SimCallManager for subId 2 queried, returning: null: TSI.gSCM@A0o
05-20 13:42:07.180  1247  7357 I Telecom : PhoneAccountRegistrar: Modify account: [ComponentInfo{com.android.phone/com.android.services.telephony.TelephonyConnectionService}, 2, UserHandle{0}]: TSI.rPA@A0s
05-20 13:42:07.183  1247  7357 I Telecom : CallsManager: handlePhoneAccountChanged: phoneAccount=[[X] PhoneAccount: ComponentInfo{com.android.phone/com.android.services.telephony.TelephonyConnectionService}, 2, UserHandle{0} Capabilities: SuppVideo CallProvider MultiUser PlaceEmerg SimSub  Audio Routes: BESW Schemes: tel voicemail  Extras: Bundle[{android.telecom.extra.SUPPORTS_VIDEO_CALLING_FALLBACK=true}] GroupId: ***]: TSI.rPA@A0s
05-20 13:42:07.186  1247  7357 I Telecom : PhoneAccountRegistrar: getSimCallManager: SimCallManager for subId 2 queried, returning: null: TSI.rPA@A0s
05-20 13:42:07.186  1247  7357 I Telecom : PhoneAccountRegistrar: Notifying telephony of voice service override change for 1 SIMs, hasService = false: TSI.rPA@A0s
05-20 13:42:07.954  1446  1522 D ShellBackPreview: Finishing gesture with event action: 1
05-20 13:42:07.954  1446  1522 D ShellBackPreview: onGestureFinished() mTriggerBack == false
05-20 13:42:07.954  1446  1522 D ShellBackPreview: BackAnimationController: finishAnimation()
05-20 13:42:07.963  1247  2594 I Telecom : : isInEmergencyCall: false: TSI.iIEC@A1M
05-20 13:42:08.100  1247  7355 I Telecom : PhoneAccountRegistrar: Modify account: [ComponentInfo{com.android.phone/com.android.services.telephony.TelephonyConnectionService}, 2, UserHandle{0}]: TSI.rPA@A1Y
05-20 13:42:08.103  1247  7355 I Telecom : CallsManager: handlePhoneAccountChanged: phoneAccount=[[X] PhoneAccount: ComponentInfo{com.android.phone/com.android.services.telephony.TelephonyConnectionService}, 2, UserHandle{0} Capabilities: SuppVideo CallProvider MultiUser PlaceEmerg SimSub  Audio Routes: BESW Schemes: tel voicemail  Extras: Bundle[{android.telecom.extra.SUPPORTS_VIDEO_CALLING_FALLBACK=true}] GroupId: ***]: TSI.rPA@A1Y
05-20 13:42:08.110  1247  7355 I Telecom : PhoneAccountRegistrar: getSimCallManager: SimCallManager for subId 2 queried, returning: null: TSI.rPA@A1Y
05-20 13:42:08.110  1247  7355 I Telecom : PhoneAccountRegistrar: Notifying telephony of voice service override change for 1 SIMs, hasService = false: TSI.rPA@A1Y
05-20 13:42:08.123  1247  7355 I Telecom : PhoneAccountRegistrar: getSimCallManager: SimCallManager for subId 2 queried, returning: null: TSI.gSCM@A1o
05-20 13:42:08.140  1247  2594 I Telecom : PhoneAccountRegistrar: Modify account: [ComponentInfo{com.android.phone/com.android.services.telephony.TelephonyConnectionService}, 2, UserHandle{0}]: TSI.rPA@A10
05-20 13:42:08.141  1247  2594 I Telecom : CallsManager: handlePhoneAccountChanged: phoneAccount=[[X] PhoneAccount: ComponentInfo{com.android.phone/com.android.services.telephony.TelephonyConnectionService}, 2, UserHandle{0} Capabilities: SuppVideo CallProvider MultiUser PlaceEmerg SimSub  Audio Routes: BESW Schemes: tel voicemail  Extras: Bundle[{android.telecom.extra.SUPPORTS_VIDEO_CALLING_FALLBACK=true}] GroupId: ***]: TSI.rPA@A10
05-20 13:42:08.143  1247  2594 I Telecom : PhoneAccountRegistrar: getSimCallManager: SimCallManager for subId 2 queried, returning: null: TSI.rPA@A10
