05-26 20:26:47.413     1     1 I         : (7)[1:swapper/0][msdc]DT probe msdc1!
05-26 20:26:47.413     1     1 I (7)[1:swapper/0]mtk-msdc 11240000.msdc: Got CD GPIO
05-26 20:26:47.413     1     1 I         : (7)[1:swapper/0][msdc][msdc1] get irq # 300
05-26 20:26:47.413     1     1 I         : (7)[1:swapper/0][msdc][msdc1] device renamed to externdevice.
05-26 20:26:47.413     1     1 I         : (7)[1:swapper/0][pmic_register_interrupt_callback] intNo=40, callback=msdc_sd_power_off
05-26 20:26:47.413     1     1 I         : (7)[1:swapper/0]gpt1, base=0xffffff800af65010
05-26 20:26:47.413     1     1 I         : (7)[1:swapper/0]gpt2, base=0xffffff800af65020
05-26 20:26:47.413     1     1 I         : (7)[1:swapper/0]gpt3, base=0xffffff800af65030
05-26 20:26:47.413     1     1 I         : (7)[1:swapper/0]gpt4, base=0xffffff800af65040
05-26 20:26:47.413     1     1 I         : (7)[1:swapper/0]gpt5, base=0xffffff800af65050
05-26 20:26:47.413     1     1 I         : (7)[1:swapper/0]gpt6, base=0xffffff800af65060
05-26 20:26:47.413     1     1 I         : (7)[1:swapper/0]base=0xffffff800af65000, disabled
05-26 20:26:47.414     1     1 I (7)[1:swapper/0]hidraw: raw HID events driver (C) Jiri Kosina
05-26 20:26:47.414     1     1 I (7)[1:swapper/0]usbcore: registered new interface driver usbhid
05-26 20:26:47.414     1     1 I (7)[1:swapper/0]usbhid: USB HID core driver
05-26 20:26:47.414     1     1 I (7)[1:swapper/0]ashmem: initialized
05-26 20:26:47.414     1     1 I (6)[1:swapper/0]nanohub: loaded; ret=0
05-26 20:26:47.415     1     1 I (6)[1:swapper/0]usbcore: registered new interface driver snd-usb-audio
05-26 20:26:47.415     0     0 I         : -(7)[0:swapper/7][Thermal/TZ/CPU]Driver is ready to report valid temperatures
05-26 20:26:47.415   222   222 I         : (7)[222:krtatm][Thermal/TZ/CPU]krtatm_thread c 44200 p 0 cl 2147483647 gl 2147483647 s 0
05-26 20:26:47.415     1     1 I (6)[1:swapper/0]mt6358-sound mt6358_snd: mt6358_platform_driver_probe(), dev name mt6358_snd
05-26 20:26:47.415     1     1 I (6)[1:swapper/0]aw881xx_i2c_init: aw881xx driver version v0.1.12
05-26 20:26:47.416     1     1 I (6)[1:swapper/0]speaker_amp 7-0034: mtk_spk_i2c_probe()
05-26 20:26:47.416     1     1 I (6)[1:swapper/0]speaker_amp 7-0034: aw881xx_i2c_probe: enter
05-26 20:26:47.416     1     1 I (6)[1:swapper/0]speaker_amp 7-0034: aw881xx_parse_gpio_dt: reset gpio provided ok
05-26 20:26:47.416     1     1 I (6)[1:swapper/0]speaker_amp 7-0034: aw881xx_parse_gpio_dt: irq gpio provided ok.
05-26 20:26:47.416     1     1 I (6)[1:swapper/0]speaker_amp 7-0034: aw881xx_parse_channel_dt:read sound-channel failed,use default
05-26 20:26:47.416     1     1 E (6)[1:swapper/0]speaker_amp 7-0034: aw881xx_parse_monitor_dt: find no monitor-flag, use default config
05-26 20:26:47.416     1     1 E (6)[1:swapper/0]speaker_amp 7-0034: aw881xx_parse_monitor_dt: find no monitor-timer-val, use default config
05-26 20:26:47.416     1     1 I (6)[1:swapper/0]speaker_amp 7-0034: aw881xx_hw_reset: enter
05-26 20:26:47.432     5     5 I         : (6)[5:kworker/u16:0][msdc]msdc0 -> !!! Set<400KHz> Source<400000KHz> -> sclk<400KHz> timing<0> mode<0> div<250> hs400_div_dis<0>
05-26 20:26:47.439     1     1 I (6)[1:swapper/0]speaker_amp 7-0034: aw881xx_read_chipid: chipid=0x1806, product_id=0x01
05-26 20:26:47.439     1     1 I         : (6)[1:swapper/0][aw881xx_smartpa]aw881xx_i2c_probe skipping IRQ registration
05-26 20:26:47.439     1     1 I (6)[1:swapper/0][aw881xx_smartpa]aw881xx_monitor_init: enter
05-26 20:26:47.439     1     1 I (6)[1:swapper/0][aw881xx_smartpa]aw88194a aw881xx_i2c_probe: probe completed successfully!
05-26 20:26:47.439     1     1 I (6)[1:swapper/0][ccci1/shm]phy address: 0x76000000,
05-26 20:26:47.439     1     1 I         : (6)[1:swapper/0][ccci1/shm]0x1400000
05-26 20:26:47.442     1     1 I         : (6)[1:swapper/0]Power/swap [mt_idle_ntf] <00>ffffff83166f5c90 (mt6768_afe_idle_notify_call)
05-26 20:26:47.442     1     1 I (6)[1:swapper/0]mt6768-audio 11220000.mt6768-afe-pcm: mt6768_afe_runtime_resume()
05-26 20:26:47.442     1     1 I (6)[1:swapper/0]mt6768-audio 11220000.mt6768-afe-pcm: mt6768_afe_enable_clock()
05-26 20:26:47.442     1     1 W (6)[1:swapper/0]mt6768-audio 11220000.mt6768-afe-pcm: No cache defaults, reading back from HW
05-26 20:26:47.443     1     1 I (6)[1:swapper/0]mt6768-audio 11220000.mt6768-afe-pcm: mt6768_afe_runtime_suspend()
05-26 20:26:47.443     1     1 I (6)[1:swapper/0]mt6768-audio 11220000.mt6768-afe-pcm: mt6768_afe_disable_clock()
05-26 20:26:47.444     1     1 E (6)[1:swapper/0]mt6768-audio 11220000.mt6768-afe-pcm: mt6768_afe_gpio_init(), pinctrl_lookup_state aud_gpio_i2s1_off fail, ret -19
05-26 20:26:47.444     1     1 E (6)[1:swapper/0]mt6768-audio 11220000.mt6768-afe-pcm: mt6768_afe_gpio_init(), pinctrl_lookup_state aud_gpio_i2s1_on fail, ret -19
05-26 20:26:47.444     1     1 E (6)[1:swapper/0]mt6768-audio 11220000.mt6768-afe-pcm: mt6768_afe_gpio_init(), pinctrl_lookup_state aud_gpio_i2s2_off fail, ret -19
05-26 20:26:47.444     1     1 E (6)[1:swapper/0]mt6768-audio 11220000.mt6768-afe-pcm: mt6768_afe_gpio_init(), pinctrl_lookup_state aud_gpio_i2s2_on fail, ret -19
05-26 20:26:47.444     1     1 I (6)[1:swapper/0]mt6768-audio 11220000.mt6768-afe-pcm: mtk_audio_sram_init(), size 36864, block_size 4096, block_num 9, virt_addr 00000000f2ee1c7b, phys_addr 0x0000000011221000
05-26 20:26:47.444     1     1 I (6)[1:swapper/0]mt6768-audio 11220000.mt6768-afe-pcm: mtk_audio_sram_init(), prefer_mode 1, mode_size[0] 0x6c00, mode_size[1] 0x9000
05-26 20:26:47.444     1     1 I (6)[1:swapper/0]mt6768-audio 11220000.mt6768-afe-pcm: mt6768_dai_adda_register()
05-26 20:26:47.444     1     1 I (6)[1:swapper/0]mt6768-audio 11220000.mt6768-afe-pcm: mt6768_dai_i2s_register()
05-26 20:26:47.444     1     1 I (6)[1:swapper/0]mt6768-audio 11220000.mt6768-afe-pcm: mt6768_dai_hw_gain_register()
05-26 20:26:47.444     1     1 I (6)[1:swapper/0]mt6768-audio 11220000.mt6768-afe-pcm: mt6768_dai_pcm_register()
05-26 20:26:47.444     1     1 I (6)[1:swapper/0]mt6768-audio 11220000.mt6768-afe-pcm: mt6768_dai_hostless_register()
05-26 20:26:47.444     1     1 I (6)[1:swapper/0]mt6768-audio 11220000.mt6768-afe-pcm: mtk_afe_combine_sub_dai(), num of dai 30
05-26 20:26:47.444     1     1 I (6)[1:swapper/0]mt6768-audio 11220000.mt6768-afe-pcm: mt6768_afe_pcm_dev_probe(), return 0
05-26 20:26:47.444     1     1 I (6)[1:swapper/0]mt6768-mt6358 sound: mtk_spk_update_dai_link(), mtk_spk_type 5
05-26 20:26:47.444     1     1 W (6)[1:swapper/0]mt6768-mt6358 sound: mtk_spk_update_dai_link(), mtk_spk_i2s_mck no use
05-26 20:26:47.444     1     1 I (6)[1:swapper/0]mt6768-mt6358 sound: mtk_spk_update_dai_link(), Speaker Codec, codec dai name = aw881xx-aif, codec name = aw881xx_smartpa, cpu dai name: I2S3
05-26 20:26:47.444     1     1 I (6)[1:swapper/0]mt6768-mt6358 sound: mtk_spk_update_dai_link(), Speaker Codec Ref, codec dai name = aw881xx-aif, codec name = aw881xx_smartpa, cpu dai name: I2S0
05-26 20:26:47.445     1     1 W (6)[1:swapper/0]mt6768-audio 11220000.mt6768-afe-pcm: ASoC: no dapm match for Hostless_UL2 UL --> DL4_CH1 --> UL2_CH1
05-26 20:26:47.445     1     1 E (6)[1:swapper/0]mt6768-audio 11220000.mt6768-afe-pcm: ASoC: Failed to add route Hostless_UL2 UL -> DL4_CH1 -> UL2_CH1
05-26 20:26:47.445     1     1 W (6)[1:swapper/0]mt6768-audio 11220000.mt6768-afe-pcm: ASoC: no dapm match for Hostless_UL2 UL --> DL4_CH2 --> UL2_CH2
05-26 20:26:47.445     1     1 E (6)[1:swapper/0]mt6768-audio 11220000.mt6768-afe-pcm: ASoC: Failed to add route Hostless_UL2 UL -> DL4_CH2 -> UL2_CH2
05-26 20:26:47.445     1     1 E (6)[1:swapper/0]mt6768-audio 11220000.mt6768-afe-pcm: ASoC: no source widget found for PCM 1 Capture
05-26 20:26:47.445     1     1 E (6)[1:swapper/0]mt6768-audio 11220000.mt6768-afe-pcm: ASoC: Failed to add route PCM 1 Capture -> PCM_1_CAP_CH1 -> UL2_CH1
05-26 20:26:47.445     1     1 E (6)[1:swapper/0]mt6768-audio 11220000.mt6768-afe-pcm: ASoC: no source widget found for PCM 1 Capture
05-26 20:26:47.445     1     1 E (6)[1:swapper/0]mt6768-audio 11220000.mt6768-afe-pcm: ASoC: Failed to add route PCM 1 Capture -> PCM_1_CAP_CH1 -> UL2_CH2
05-26 20:26:47.445     1     1 E (6)[1:swapper/0]mt6768-audio 11220000.mt6768-afe-pcm: ASoC: no source widget found for PCM 1 Capture
05-26 20:26:47.445     1     1 E (6)[1:swapper/0]mt6768-audio 11220000.mt6768-afe-pcm: ASoC: Failed to add route PCM 1 Capture -> PCM_1_CAP_CH1 -> UL_MONO_1_CH1
05-26 20:26:47.445     1     1 W (6)[1:swapper/0]mt6768-audio 11220000.mt6768-afe-pcm: ASoC: no dapm match for Hostless_UL4 UL --> DL4_CH1 --> UL4_CH1
05-26 20:26:47.445     1     1 E (6)[1:swapper/0]mt6768-audio 11220000.mt6768-afe-pcm: ASoC: Failed to add route Hostless_UL4 UL -> DL4_CH1 -> UL4_CH1
05-26 20:26:47.445     1     1 W (6)[1:swapper/0]mt6768-audio 11220000.mt6768-afe-pcm: ASoC: no dapm match for Hostless_UL4 UL --> DL4_CH2 --> UL4_CH2
05-26 20:26:47.445     1     1 E (6)[1:swapper/0]mt6768-audio 11220000.mt6768-afe-pcm: ASoC: Failed to add route Hostless_UL4 UL -> DL4_CH2 -> UL4_CH2
05-26 20:26:47.445     1     1 E (6)[1:swapper/0]mt6768-audio 11220000.mt6768-afe-pcm: ASoC: no source widget found for DL4
05-26 20:26:47.445     1     1 E (6)[1:swapper/0]mt6768-audio 11220000.mt6768-afe-pcm: ASoC: Failed to add route DL4 -> DSP_DL4 -> DSP_DL
05-26 20:26:47.447     1     1 I (7)[1:swapper/0]mt6768-audio 11220000.mt6768-afe-pcm: mt6768_add_misc_control()
05-26 20:26:47.449     1     1 I (7)[1:swapper/0][aw881xx_smartpa]aw881xx_probe: enter
05-26 20:26:47.449     1     1 I (7)[1:swapper/0][aw881xx_smartpa]aw881xx_add_codec_controls: enter
05-26 20:26:47.449     1     1 I (7)[1:swapper/0][aw881xx_smartpa]aw881xx_probe: exit
05-26 20:26:47.449     1     1 E (7)[1:swapper/0]speaker_amp aw881xx_smartpa: ASoC: no source widget found for AIF_RX_r
05-26 20:26:47.449     1     1 E (7)[1:swapper/0]speaker_amp aw881xx_smartpa: ASoC: Failed to add route AIF_RX_r -> direct -> audio_out_r
05-26 20:26:47.449     1     1 I (7)[1:swapper/0]mt6768-audio 11220000.mt6768-afe-pcm: mtk_afe_pcm_new(), dai_link_name : Playback_1, memif_id : 0, size : 393216, ret : 0
05-26 20:26:47.449     1     1 I (7)[1:swapper/0]mt6768-mt6358 sound: snd-soc-dummy-dai <-> DL1 mapping ok
05-26 20:26:47.449     1     1 I (7)[1:swapper/0]mt6768-audio 11220000.mt6768-afe-pcm: mtk_afe_pcm_new(), dai_link_name : Playback_12, memif_id : 1, size : 393216, ret : 0
05-26 20:26:47.449     1     1 I (7)[1:swapper/0]mt6768-mt6358 sound: snd-soc-dummy-dai <-> DL12 mapping ok
05-26 20:26:47.449     1     1 I (7)[1:swapper/0]mt6768-audio 11220000.mt6768-afe-pcm: mtk_afe_pcm_new(), dai_link_name : Playback_2, memif_id : 2, size : 393216, ret : 0
05-26 20:26:47.449     1     1 I (7)[1:swapper/0]mt6768-mt6358 sound: snd-soc-dummy-dai <-> DL2 mapping ok
05-26 20:26:47.450     1     1 I (7)[1:swapper/0]mt6768-audio 11220000.mt6768-afe-pcm: mtk_afe_pcm_new(), dai_link_name : Playback_5, memif_id : 3, size : 393216, ret : 0
05-26 20:26:47.450     1     1 I (7)[1:swapper/0]mt6768-mt6358 sound: snd-soc-dummy-dai <-> DL3 mapping ok
05-26 20:26:47.450     1     1 I (7)[1:swapper/0]mt6768-audio 11220000.mt6768-afe-pcm: mtk_afe_pcm_new(), dai_link_name : Capture_1, memif_id : 6, size : 393216, ret : 0
05-26 20:26:47.450     1     1 I (7)[1:swapper/0]mt6768-mt6358 sound: snd-soc-dummy-dai <-> UL1 mapping ok
05-26 20:26:47.450     1     1 I (7)[1:swapper/0]mt6768-audio 11220000.mt6768-afe-pcm: mtk_afe_pcm_new(), dai_link_name : Capture_2, memif_id : 8, size : 393216, ret : 0
05-26 20:26:47.450     1     1 I (7)[1:swapper/0]mt6768-mt6358 sound: snd-soc-dummy-dai <-> UL2 mapping ok
05-26 20:26:47.450     1     1 I (7)[1:swapper/0]mt6768-audio 11220000.mt6768-afe-pcm: mtk_afe_pcm_new(), dai_link_name : Capture_3, memif_id : 7, size : 393216, ret : 0
05-26 20:26:47.450     1     1 I (7)[1:swapper/0]mt6768-mt6358 sound: snd-soc-dummy-dai <-> UL3 mapping ok
05-26 20:26:47.450     1     1 I (7)[1:swapper/0]mt6768-audio 11220000.mt6768-afe-pcm: mtk_afe_pcm_new(), dai_link_name : Capture_4, memif_id : 9, size : 393216, ret : 0
05-26 20:26:47.450     1     1 I (7)[1:swapper/0]mt6768-mt6358 sound: snd-soc-dummy-dai <-> UL4 mapping ok
05-26 20:26:47.450     1     1 I (7)[1:swapper/0]mt6768-audio 11220000.mt6768-afe-pcm: mtk_afe_pcm_new(), dai_link_name : Capture_7, memif_id : 5, size : 393216, ret : 0
05-26 20:26:47.450     1     1 I (7)[1:swapper/0]mt6768-mt6358 sound: snd-soc-dummy-dai <-> UL7 mapping ok
05-26 20:26:47.450     1     1 I (7)[1:swapper/0]mt6768-audio 11220000.mt6768-afe-pcm: mtk_afe_pcm_new(), dai_link_name : Capture_Mono_1, memif_id : 4, size : 393216, ret : 0
05-26 20:26:47.450     1     1 I (7)[1:swapper/0]mt6768-mt6358 sound: snd-soc-dummy-dai <-> UL_MONO_1 mapping ok
05-26 20:26:47.450     1     1 I (7)[1:swapper/0]mt6768-audio 11220000.mt6768-afe-pcm: mtk_afe_pcm_new(), dai_link_name : Hostless_LPBK, memif_id : 20, size : 0, ret : 0
05-26 20:26:47.450     1     1 I (7)[1:swapper/0]mt6768-mt6358 sound: snd-soc-dummy-dai <-> Hostless LPBK DAI mapping ok
05-26 20:26:47.450     1     1 I (7)[1:swapper/0]mt6768-audio 11220000.mt6768-afe-pcm: mtk_afe_pcm_new(), dai_link_name : Hostless_FM, memif_id : 21, size : 0, ret : 0
05-26 20:26:47.450     1     1 I (7)[1:swapper/0]mt6768-mt6358 sound: snd-soc-dummy-dai <-> Hostless FM DAI mapping ok
05-26 20:26:47.451     1     1 I (7)[1:swapper/0]mt6768-audio 11220000.mt6768-afe-pcm: mtk_afe_pcm_new(), dai_link_name : Hostless_Speech, memif_id : 22, size : 0, ret : 0
05-26 20:26:47.451     1     1 I (7)[1:swapper/0]mt6768-mt6358 sound: snd-soc-dummy-dai <-> Hostless Speech DAI mapping ok
05-26 20:26:47.451     1     1 I (7)[1:swapper/0]mt6768-audio 11220000.mt6768-afe-pcm: mtk_afe_pcm_new(), dai_link_name : Hostless_Sph_Echo_Ref, memif_id : 23, size : 0, ret : 0
05-26 20:26:47.451     1     1 I (7)[1:swapper/0]mt6768-mt6358 sound: snd-soc-dummy-dai <-> Hostless_Sph_Echo_Ref_DAI mapping ok
05-26 20:26:47.451     1     1 I (7)[1:swapper/0]mt6768-audio 11220000.mt6768-afe-pcm: mtk_afe_pcm_new(), dai_link_name : Hostless_Spk_Init, memif_id : 24, size : 0, ret : 0
05-26 20:26:47.451     1     1 I (7)[1:swapper/0]mt6768-mt6358 sound: snd-soc-dummy-dai <-> Hostless_Spk_Init_DAI mapping ok
05-26 20:26:47.451     1     1 I (7)[1:swapper/0]mt6768-audio 11220000.mt6768-afe-pcm: mtk_afe_pcm_new(), dai_link_name : Hostless_ADDA_DL_I2S_OUT, memif_id : 25, size : 0, ret : 0
05-26 20:26:47.451     1     1 I (7)[1:swapper/0]mt6768-mt6358 sound: snd-soc-dummy-dai <-> Hostless_ADDA_DL_I2S_OUT DAI mapping ok
05-26 20:26:47.451     1     1 I (7)[1:swapper/0]mt6768-mt6358 sound: mt6358-snd-codec-aif1 <-> ADDA mapping ok
05-26 20:26:47.451     1     1 I (7)[1:swapper/0]mt6768-mt6358 sound: aw881xx-aif <-> I2S3 mapping ok
05-26 20:26:47.451     1     1 I (7)[1:swapper/0]mt6768-mt6358 sound: aw881xx-aif <-> I2S0 mapping ok
05-26 20:26:47.451     1     1 I (7)[1:swapper/0]mt6768-mt6358 sound: snd-soc-dummy-dai <-> I2S1 mapping ok
05-26 20:26:47.451     1     1 I (7)[1:swapper/0]mt6768-mt6358 sound: snd-soc-dummy-dai <-> I2S2 mapping ok
05-26 20:26:47.451     1     1 I (7)[1:swapper/0]mt6768-mt6358 sound: snd-soc-dummy-dai <-> HW Gain 1 mapping ok
05-26 20:26:47.451     1     1 I (7)[1:swapper/0]mt6768-mt6358 sound: snd-soc-dummy-dai <-> HW Gain 2 mapping ok
05-26 20:26:47.451     1     1 I (7)[1:swapper/0]mt6768-mt6358 sound: snd-soc-dummy-dai <-> CONNSYS_I2S mapping ok
05-26 20:26:47.451     1     1 I (7)[1:swapper/0]mt6768-mt6358 sound: snd-soc-dummy-dai <-> PCM 2 mapping ok
05-26 20:26:47.451     1     1 I (7)[1:swapper/0]mt6768-mt6358 sound: snd-soc-dummy-dai <-> Hostless_UL1 DAI mapping ok
05-26 20:26:47.451     1     1 I (7)[1:swapper/0]mt6768-mt6358 sound: snd-soc-dummy-dai <-> Hostless_UL2 DAI mapping ok
05-26 20:26:47.451     1     1 I (7)[1:swapper/0]mt6768-mt6358 sound: snd-soc-dummy-dai <-> Hostless_UL3 DAI mapping ok
05-26 20:26:47.451     1     1 I (7)[1:swapper/0]mt6768-mt6358 sound: snd-soc-dummy-dai <-> Hostless_UL4 DAI mapping ok
05-26 20:26:47.451     1     1 I (7)[1:swapper/0]mt6768-mt6358 sound: snd-soc-dummy-dai <-> Hostless_DSP_DL DAI mapping ok
05-26 20:26:47.451     1     1 I (7)[1:swapper/0]mt6768-mt6358 sound: snd-soc-dummy-dai <-> snd-soc-dummy-dai mapping ok
05-26 20:26:47.453   260   260 I (7)[260:dc_trim_thread]mt6358-sound mt6358_snd: get_hp_trim_offset(), Start DCtrim Calibrating
05-26 20:26:47.453   260   260 I (7)[260:dc_trim_thread]mt6358-sound mt6358_snd: set_lr_trim_code(), Start DCtrim Calibrating, AUDDEC_ELR_0 = 0x1f10
05-26 20:26:47.453   260   260 I (7)[260:dc_trim_thread]mt6358-sound mt6358_snd: set_lr_trim_code(), AUDDEC_ELR_0 = 0x1000
05-26 20:26:47.453   260   260 I (7)[260:dc_trim_thread]mt6358-sound mt6358_snd: start_trim_hardware(), ++
05-26 20:26:47.454     1     1 I         : (0)[1:swapper/0]u32 classifier
05-26 20:26:47.454     1     1 I         : (0)[1:swapper/0]    Performance counters on
05-26 20:26:47.454     1     1 I         : (0)[1:swapper/0]    Actions configured
05-26 20:26:47.454     1     1 I         : (0)[1:swapper/0]Netfilter messages via NETLINK v0.30.
05-26 20:26:47.454     1     1 I         : (0)[1:swapper/0]nf_conntrack version 0.5.0 (16384 buckets, 65536 max)
05-26 20:26:47.454     1     1 I (0)[1:swapper/0]ctnetlink v0.93: registering with nfnetlink.
05-26 20:26:47.455     1     1 I (0)[1:swapper/0]xt_time: kernel timezone is -0000
05-26 20:26:47.455     1     1 I (0)[1:swapper/0]gre: GRE over IPv4 demultiplexor driver
05-26 20:26:47.455     1     1 I         : (0)[1:swapper/0]IPv4 over IPsec tunneling driver
05-26 20:26:47.455     1     1 I (0)[1:swapper/0]ip_tables: (C) 2000-2006 Netfilter Core Team
05-26 20:26:47.463     1     1 I (6)[1:swapper/0]arp_tables: arp_tables: (C) 2002 David S. Miller
05-26 20:26:47.463     1     1 I         : (6)[1:swapper/0]Initializing XFRM netlink socket
05-26 20:26:47.463     1     1 I         : (6)[1:swapper/0]IPsec XFRM device driver
05-26 20:26:47.463     1     1 I (6)[1:swapper/0]NET: Registered protocol family 10
05-26 20:26:47.465     1     1 I         : (6)[1:swapper/0]Segment Routing with IPv6
05-26 20:26:47.465     1     1 I (6)[1:swapper/0]mip6: Mobile IPv6
05-26 20:26:47.465     1     1 I (6)[1:swapper/0]ip6_tables: (C) 2000-2006 Netfilter Core Team
05-26 20:26:47.466     1     1 I (1)[1:swapper/0]sit: IPv6, IPv4 and MPLS over IPv4 tunneling driver
05-26 20:26:47.466     1     1 I (1)[1:swapper/0]NET: Registered protocol family 17
05-26 20:26:47.466     1     1 I (1)[1:swapper/0]NET: Registered protocol family 15
05-26 20:26:47.467     1     1 I (1)[1:swapper/0]bridge: filtering via arp/ip/ip6tables is no longer available by default. Update your scripts to load br_netfilter if you need this.
05-26 20:26:47.467     1     1 I (1)[1:swapper/0]l2tp_core: L2TP core driver, V2.0
05-26 20:26:47.467     1     1 I (1)[1:swapper/0]l2tp_ppp: PPPoL2TP kernel driver, V2.0
05-26 20:26:47.467     1     1 I (1)[1:swapper/0]8021q: 802.1Q VLAN Support v1.8
05-26 20:26:47.468     1     1 I         : (1)[1:swapper/0]registered taskstats version 1
05-26 20:26:47.472   260   260 I (7)[260:dc_trim_thread]mt6358-sound mt6358_snd: headset_volume_ramp(), from 18, to 8
05-26 20:26:47.475    41    41 I         : (6)[41:kworker/6:0]mt_charger_probe
05-26 20:26:47.475    41    41 I         : (6)[41:kworker/6:0]mt_charger_probe KPOC(0)
05-26 20:26:47.476   265   265 I (6)[265:chgdet_thread]chgdet_task_threadfn: ++
05-26 20:26:47.481   260   260 I (7)[260:dc_trim_thread]mt6358-sound mt6358_snd: start_trim_hardware(), --
05-26 20:26:47.482    41    41 I         : (6)[41:kworker/6:0]mt_charger_probe done
05-26 20:26:47.483     1     1 W (7)[1:swapper/0][name:spm&][SPM] PWAKE_EN: 1, PCMWDT_EN:1, BYPASS_SYSPWREQ:1
05-26 20:26:47.483     1     1 I (7)[1:swapper/0][SLP] SLEEP_DPIDLE_EN: 1, REPLACE_DEF_WAKESRC:0
05-26 20:26:47.483     1     1 I (7)[1:swapper/0], SUSPEND_LOG_EN: 1
05-26 20:26:47.483     1     1 I         : (7)[1:swapper/0][SPM] spm_base = 00000000b7b66fa1, sleep_reg_md_base = 00000000149f9b6c, spm_irq_0 = 237
05-26 20:26:47.483     1     1 I         : (7)[1:swapper/0][SPM] edge trigger irqs:
05-26 20:26:47.483     1     1 I         : (7)[1:swapper/0][SPM] 'mediatek,infracfg_ao', irq=22, type=1
05-26 20:26:47.483     1     1 I         : (7)[1:swapper/0][SPM] 'mediatek,kp', irq=242, type=2
05-26 20:26:47.484     1     1 I         : (7)[1:swapper/0][SPM] 'mediatek,mdcldma', irq=256, type=2
05-26 20:26:47.484     1     1 I         : (7)[1:swapper/0]#@# spm_dram_type_check(177) __spmfw_idx 0x1, ddr=[3][3600]
05-26 20:26:47.485     1     1 I         : (7)[1:swapper/0][Power/cpufreq] @@~ _mt_cpufreq_pdrv_init DVFS state = 1
05-26 20:26:47.485     1     1 I         : (7)[1:swapper/0][Power/cpufreq] cluster_id = 0, cluster_cpuid = 0
05-26 20:26:47.485     1     1 I         : (7)[1:swapper/0][Power/cpufreq] cluster_id = 1, cluster_cpuid = 6
05-26 20:26:47.485     1     1 I         : (6)[1:swapper/0][Power/cpufreq] 9 6, 0, (1000, 750)
05-26 20:26:47.485     1     1 I         : (6)[1:swapper/0][Power/cpufreq] 9 6, 0, (1000, 750)
05-26 20:26:47.486     1     1 I         : (6)[1:swapper/0][Power/cpufreq] @@~srate_doe DVFS little rise time = 1000
05-26 20:26:47.486     1     1 I         : (6)[1:swapper/0][Power/cpufreq] @@~srate_doe DVFS little down time = 750
05-26 20:26:47.486     1     1 I         : (6)[1:swapper/0][Power/cpufreq] @@~srate_doe DVFS big raise time = 1000
05-26 20:26:47.486     1     1 I         : (6)[1:swapper/0][Power/cpufreq] @@~srate_doe DVFS big down time = 750
05-26 20:26:47.487     1     1 I         : (7)[1:swapper/0][Power/cpufreq] 9 6, 0, (1000, 750)
05-26 20:26:47.488     1     1 I         : (7)[1:swapper/0][Power/cpufreq] @@~srate_doe DVFS little rise time = 1000
05-26 20:26:47.488     1     1 I         : (7)[1:swapper/0][Power/cpufreq] @@~srate_doe DVFS little down time = 750
05-26 20:26:47.488     1     1 I         : (7)[1:swapper/0][Power/cpufreq] @@~srate_doe DVFS big raise time = 1000
05-26 20:26:47.488     1     1 I         : (7)[1:swapper/0][Power/cpufreq] @@~srate_doe DVFS big down time = 750
05-26 20:26:47.488     1     1 I         : (6)[1:swapper/0][Power/PPM] DVFS table type = 6
05-26 20:26:47.488     1     1 I         : (6)[1:swapper/0][Power/PPM] DVFS table of cluster 0:
05-26 20:26:47.488     1     1 I (6)[1:swapper/0][Power/PPM] 0: 1800000 KHz
05-26 20:26:47.488     1     1 I (6)[1:swapper/0][Power/PPM] 1: 1625000 KHz
05-26 20:26:47.488     1     1 I (6)[1:swapper/0][Power/PPM] 2: 1500000 KHz
05-26 20:26:47.488     1     1 I (6)[1:swapper/0][Power/PPM] 3: 1450000 KHz
05-26 20:26:47.488     1     1 I (6)[1:swapper/0][Power/PPM] 4: 1375000 KHz
05-26 20:26:47.488     1     1 I (6)[1:swapper/0][Power/PPM] 5: 1325000 KHz
05-26 20:26:47.488     1     1 I (6)[1:swapper/0][Power/PPM] 6: 1275000 KHz
05-26 20:26:47.488     1     1 I (6)[1:swapper/0][Power/PPM] 7: 1175000 KHz
05-26 20:26:47.488     1     1 I (6)[1:swapper/0][Power/PPM] 8: 1100000 KHz
05-26 20:26:47.488     1     1 I (6)[1:swapper/0][Power/PPM] 9: 1050000 KHz
05-26 20:26:47.488     1     1 I (6)[1:swapper/0][Power/PPM] 10: 999000 KHz
05-26 20:26:47.488     1     1 I (6)[1:swapper/0][Power/PPM] 11: 950000 KHz
05-26 20:26:47.488     1     1 I (6)[1:swapper/0][Power/PPM] 12: 900000 KHz
05-26 20:26:47.488     1     1 I (6)[1:swapper/0][Power/PPM] 13: 850000 KHz
05-26 20:26:47.488     1     1 I (6)[1:swapper/0][Power/PPM] 14: 774000 KHz
05-26 20:26:47.488     1     1 I (6)[1:swapper/0][Power/PPM] 15: 500000 KHz
05-26 20:26:47.488     1     1 I         : (6)[1:swapper/0][Power/PPM] DVFS table type = 6
05-26 20:26:47.488     1     1 I         : (6)[1:swapper/0][Power/PPM] DVFS table of cluster 1:
05-26 20:26:47.488     1     1 I (6)[1:swapper/0][Power/PPM] 0: 2000000 KHz
05-26 20:26:47.488     1     1 I (6)[1:swapper/0][Power/PPM] 1: 1950000 KHz
05-26 20:26:47.488     1     1 I (6)[1:swapper/0][Power/PPM] 2: 1900000 KHz
05-26 20:26:47.488     1     1 I (6)[1:swapper/0][Power/PPM] 3: 1850000 KHz
05-26 20:26:47.488     1     1 I (6)[1:swapper/0][Power/PPM] 4: 1800000 KHz
05-26 20:26:47.488     1     1 I (6)[1:swapper/0][Power/PPM] 5: 1710000 KHz
05-26 20:26:47.488     1     1 I (6)[1:swapper/0][Power/PPM] 6: 1621000 KHz
05-26 20:26:47.488     1     1 I (6)[1:swapper/0][Power/PPM] 7: 1532000 KHz
05-26 20:26:47.488     1     1 I (6)[1:swapper/0][Power/PPM] 8: 1443000 KHz
05-26 20:26:47.488     1     1 I (6)[1:swapper/0][Power/PPM] 9: 1354000 KHz
05-26 20:26:47.488     1     1 I (6)[1:swapper/0][Power/PPM] 10: 1295000 KHz
05-26 20:26:47.488     1     1 I (6)[1:swapper/0][Power/PPM] 11: 1176000 KHz
05-26 20:26:47.488     1     1 I (6)[1:swapper/0][Power/PPM] 12: 1087000 KHz
05-26 20:26:47.488     1     1 I (6)[1:swapper/0][Power/PPM] 13: 998000 KHz
05-26 20:26:47.488     1     1 I (6)[1:swapper/0][Power/PPM] 14: 909000 KHz
05-26 20:26:47.488     1     1 I (6)[1:swapper/0][Power/PPM] 15: 850000 KHz
05-26 20:26:47.488     1     1 I         : (6)[1:swapper/0][Power/dcm] weak function of dcm_pre_init
05-26 20:26:47.488     1     1 I (6)[1:swapper/0][Power/dcm] [dcm_set_default]type: 0x00000087, init_dcm_type=0x87, INIT_DCM_TYPE_BY_K=0x0
05-26 20:26:47.488     1     1 I         : (6)[1:swapper/0][Power/dcm] [     ARMCORE_DCM 0x00000001] current state:1 (0)
05-26 20:26:47.488     1     1 I         : (6)[1:swapper/0][Power/dcm] [      MCUSYS_DCM 0x00000002] current state:1 (0)
05-26 20:26:47.488     1     1 I         : (6)[1:swapper/0][Power/dcm] [       INFRA_DCM 0x00000004] current state:1 (0)
05-26 20:26:47.488     1     1 I         : (6)[1:swapper/0][Power/dcm] [       STALL_DCM 0x00000080] current state:1 (0)
05-26 20:26:47.488     1     1 I         : (6)[1:swapper/0][Power/dcm] weak function of dcm_smc_msg_send: msg=135
05-26 20:26:47.488     1     1 I         : (6)[1:swapper/0][Power/dcm]
05-26 20:26:47.488     0     0 I         : ******** dcm dump register *********
05-26 20:26:47.488     1     1 I         : (6)[1:swapper/0][Power/dcm] CPU_PLLDIV_CFG0               (0xffffff800bfea2a0): 0x03010a00
05-26 20:26:47.488     1     1 I         : (6)[1:swapper/0][Power/dcm] CPU_PLLDIV_CFG1               (0xffffff800bfea2a4): 0x03000aff
05-26 20:26:47.488     1     1 I         : (6)[1:swapper/0][Power/dcm] CPU_PLLDIV_CFG2               (0xffffff800bfea2a8): 0x00000000
05-26 20:26:47.488     1     1 I         : (6)[1:swapper/0][Power/dcm] BUS_PLLDIV_CFG                (0xffffff800bfea2e0): 0x83000a00
05-26 20:26:47.488     1     1 I         : (6)[1:swapper/0][Power/dcm] MCSI_CFG2                     (0xffffff800bfea418): 0x00000000
05-26 20:26:47.488     1     1 I         : (6)[1:swapper/0][Power/dcm] MCSI_DCM0                     (0xffffff800bfea440): 0x0000ffff
05-26 20:26:47.488     1     1 I         : (6)[1:swapper/0][Power/dcm] MP_ADB_DCM_CFG4               (0xffffff800bfea510): 0x00270000
05-26 20:26:47.488     1     1 I         : (6)[1:swapper/0][Power/dcm] MP_MISC_DCM_CFG0              (0xffffff800bfea518): 0x0000003f
05-26 20:26:47.488     1     1 I         : (6)[1:swapper/0][Power/dcm] MCUSYS_DCM_CFG0               (0xffffff800bfea5c0): 0x00070100
05-26 20:26:47.488     1     1 I         : (6)[1:swapper/0][Power/dcm] EMI_WFIFO                     (0xffffff800bfea900): 0x00000005
05-26 20:26:47.488     1     1 I         : (6)[1:swapper/0][Power/dcm] MP0_DCM_CFG0                  (0xffffff800bfec880): 0x0001000f
05-26 20:26:47.488     1     1 I         : (6)[1:swapper/0][Power/dcm] MP0_DCM_CFG7                  (0xffffff800bfec89c): 0x00001011
05-26 20:26:47.488     1     1 I         : (6)[1:swapper/0][Power/dcm] INFRA_BUS_DCM_CTRL            (0xffffff800afdc070): 0x40ff0603
05-26 20:26:47.488     1     1 I         : (6)[1:swapper/0][Power/dcm] PERI_BUS_DCM_CTRL             (0xffffff800afdc074): 0xb07f83e3
05-26 20:26:47.488     1     1 I         : (6)[1:swapper/0][Power/dcm] MEM_DCM_CTRL                  (0xffffff800afdc078): 0x11a007c0
05-26 20:26:47.488     1     1 I         : (6)[1:swapper/0][Power/dcm] DFS_MEM_DCM_CTRL              (0xffffff800afdc07c): 0x00000000
05-26 20:26:47.488     1     1 I         : (6)[1:swapper/0][Power/dcm] EMI_CONM                      (0xffffff800afde060): 0x007815ff
05-26 20:26:47.488     1     1 I         : (6)[1:swapper/0][Power/dcm] EMI_CONN                      (0xffffff800afde068): 0x00000000
05-26 20:26:47.488     1     1 I         : (6)[1:swapper/0][Power/dcm] DRAMC_CH0_TOP0_MISC_CG_CTRL0  (0xffffff800bfc2284): 0x00000110
05-26 20:26:47.488     1     1 I         : (6)[1:swapper/0][Power/dcm] DRAMC_CH0_TOP0_MISC_CG_CTRL2  (0xffffff800bfc228c): 0x006003ae
05-26 20:26:47.488     1     1 I         : (6)[1:swapper/0][Power/dcm] DRAMC_CH0_TOP0_MISC_CTRL3     (0xffffff800bfc22a8): 0x11351135
05-26 20:26:47.488     1     1 I         : (6)[1:swapper/0][Power/dcm] DRAMC_CH0_TOP1_DRAMC_PD_CTRL  (0xffffff800bff6038): 0xc0000107
05-26 20:26:47.488     1     1 I         : (6)[1:swapper/0][Power/dcm] DRAMC_CH0_TOP1_CLKAR          (0xffffff800bff603c): 0x02240000
05-26 20:26:47.488     1     1 I         : (6)[1:swapper/0][Power/dcm] CHN0_EMI_CHN_EMI_CONB         (0xffffff800afe5008): 0x00ff5048
05-26 20:26:47.488     1     1 I         : (6)[1:swapper/0][Power/dcm] DRAMC_CH1_TOP0_MISC_CG_CTRL0  (0xffffff800bff2284): 0x00000110
05-26 20:26:47.488     1     1 I         : (6)[1:swapper/0][Power/dcm] DRAMC_CH1_TOP0_MISC_CG_CTRL2  (0xffffff800bff228c): 0x006003ae
05-26 20:26:47.488     1     1 I         : (0)[1:swapper/0][Power/dcm] DRAMC_CH1_TOP0_MISC_CTRL3     (0xffffff800bff22a8): 0x11351135
05-26 20:26:47.488     1     1 I         : (0)[1:swapper/0][Power/dcm] DRAMC_CH1_TOP1_DRAMC_PD_CTRL  (0xffffff800bffa038): 0xc0000107
05-26 20:26:47.488     1     1 I         : (0)[1:swapper/0][Power/dcm] DRAMC_CH1_TOP1_CLKAR          (0xffffff800bffa03c): 0x02240000
05-26 20:26:47.488     1     1 I         : (0)[1:swapper/0][Power/dcm] CHN1_EMI_CHN_EMI_CONB         (0xffffff800afed008): 0x00ff5048
05-26 20:26:47.488     1     1 I         : (0)[1:swapper/0][xxxxEEM] EEM (val[1], set B-2line:0
05-26 20:26:47.488     1     1 I         : (0)[1:swapper/0][xxxxEEM] EEM (val[2], set B-2line:0
05-26 20:26:47.488     1     1 I         : (0)[1:swapper/0][xxxxEEM] EEM (val[8], set B-2line:0
05-26 20:26:47.490     1     1 I         : (1)[1:swapper/0][Power/PPM] (0x1)(-1)(0)(0-7)(7)(7)(6)(6) [(1)(7)(0)(-1)] (11)(11)(2)(2) [(1)(11)(0)(-1)]
05-26 20:26:47.492     1     1 I (6)[1:swapper/0]regulator regulator.6: mt6358 buck set_mode 0x1828, 0x4, 0x2, 0x1
05-26 20:26:47.492     1     1 I (6)[1:swapper/0]regulator regulator.4: mt6358 buck set_mode 0x180c, 0x2, 0x1, 0x1
05-26 20:26:47.492     1     1 I (6)[1:swapper/0]regulator regulator.5: mt6358 buck set_mode 0x180c, 0x4, 0x2, 0x1
05-26 20:26:47.493     1     1 I (6)[1:swapper/0]regulator regulator.4: mt6358 buck set_mode 0x180c, 0x2, 0x1, 0x0
05-26 20:26:47.493     1     1 I (6)[1:swapper/0]regulator regulator.5: mt6358 buck set_mode 0x180c, 0x4, 0x2, 0x0
05-26 20:26:47.493     1     1 I (6)[1:swapper/0]regulator regulator.6: mt6358 buck set_mode 0x1828, 0x4, 0x2, 0x0
05-26 20:26:47.493     1     1 I (6)[1:swapper/0][GPU/DVFS][INFO]@mt_gpufreq_enable_by_ptpod: flavor name: mediatek/k69v1_64
05-26 20:26:47.493     1     1 I         : (6)[1:swapper/0][Power/PPM] (0x0)(-1)(0)(0-7)(15)(0)(6)(6) (15)(0)(2)(2)
05-26 20:26:47.494     1     1 I         : (7)[1:swapper/0]mcdi_init
05-26 20:26:47.494     1     1 I (7)[1:swapper/0]set_mcdi_s_state: 5
05-26 20:26:47.494     1     1 I (7)[1:swapper/0][Power/PPM] @ppm_lcmoff_policy_init: register PPM_POLICY_LCM_OFF done!
05-26 20:26:47.494     1     1 I (7)[1:swapper/0][Power/PPM] cobra_tbl: 00000000d15eeaa9
05-26 20:26:47.494     1     1 I         : (7)[1:swapper/0][Power/PPM] COBRA init done!
05-26 20:26:47.494     1     1 I         : (7)[1:swapper/0][Power/PPM] power data init done!
05-26 20:26:47.495     1     1 I         : (0)[1:swapper/0][SWPM] phy_addr = 0x9f4f3b00, virt_addr=0xffffff8009103b00, size = 3072
05-26 20:26:47.495     1     1 I         : (0)[1:swapper/0][SWPM] copy pwr data (size: aphy/dram = 672/84) done!
05-26 20:26:47.495     1     1 I         : (0)[1:swapper/0][SWPM] SWPM init done!
05-26 20:26:47.495     1     1 I         : (7)[1:swapper/0]#@# cm_mgr_check_dram_type(307) ddr_type 0x3, ddr_hz 3600, cm_mgr_idx 0x0
05-26 20:26:47.496     1     1 I         : (7)[1:swapper/0][mmdvfs]force flip step0 when late_init
05-26 20:26:47.496     1     1 E (0)[1:swapper/0]sys_timer 10017000.sys_timer: invalid resource
05-26 20:26:47.496     1     1 I         : (0)[1:swapper/0]unable to ioremap sysram base, might be disabled
05-26 20:26:47.496     1     1 I         : (0)[1:swapper/0]mult=161319385, shift=21, maxsec=5000
05-26 20:26:47.496     1     1 I (0)[1:swapper/0]enabled: 1, support_sysram: 0
05-26 20:26:47.498     1     1 E         : (0)[1:swapper/0][GYRO] Cannot find gyro device!
05-26 20:26:47.499     1     1 E (0)[1:swapper/0]memory-ssmr: [INIT FAIL]: cma is not inited
05-26 20:26:47.499     1     1 E (0)[1:swapper/0]memory-ssmr: SSMR sanity fail
05-26 20:26:47.499     1     1 I         : (0)[1:swapper/0][LED] get_cust_led_dtsi pled_dtsi is null, load dts file
05-26 20:26:47.500     1     1 W         : (0)[1:swapper/0]create_proc_entry screen_state SUCCESS.
05-26 20:26:47.500     1     1 I         : (0)[1:swapper/0][CMDQ]mdp_late_init begin
05-26 20:26:47.500     1     1 I         : (0)[1:swapper/0][CMDQ]mdp_late_init end
05-26 20:26:47.500     1     1 I         : (0)[1:swapper/0][CMDQ]CMDQ driver late init begin
05-26 20:26:47.500     1     1 I (0)[1:swapper/0]MMP: mmprofile_enable(): enable: 1
05-26 20:26:47.500     1     1 I (0)[1:swapper/0]MMP: mmprofile_force_start(): start: 1
05-26 20:26:47.501     1     1 I         : (0)[1:swapper/0]rt_pd_manager_probe (1.0.5_MTK)
05-26 20:26:47.501     1     1 I         : (0)[1:swapper/0]rt_pd_manager_probe KPOC(0)
05-26 20:26:47.501     1     1 I         : (0)[1:swapper/0]rt_pd_manager_probe OK!!
05-26 20:26:47.501     1     1 I (0)[1:swapper/0]log store: sram_dram_buff addr 0x7ffc0000, size 0x40000.
05-26 20:26:47.502     1     1 I (0)[1:swapper/0][PHY layout]log_store_mem: 0x7ffc0000 - 0x7fffffff (0x40000)
05-26 20:26:47.502     1     1 I         : (0)[1:swapper/0]buff 000000008b506d3f, sig cdab3412 size 40000 pl 20, sz 748e lk 74ae, sz 27855 p c, l c
05-26 20:26:47.502     1     1 I         : (7)[1:swapper/0][Thermal/TC/bcct]mtkcooler_bcct_late_init
05-26 20:26:47.502     1     1 I         : (7)[1:swapper/0][Thermal/TC/bcct]mtkcooler_bcct_pdrv_probe
05-26 20:26:47.502     1     1 I         : (7)[1:swapper/0][Thermal/TC/bcct_2nd]mtkcooler_bcct_2nd_late_init
05-26 20:26:47.502     1     1 I         : (7)[1:swapper/0][Thermal/TC/bcct_2nd]mtkcooler_bcct_2nd_pdrv_probe
05-26 20:26:47.503   258   258 I (1)[258:kworker/u16:3]mtk-tpd: [tpd_init_work_callback:739] MediaTek touch panel driver init
05-26 20:26:47.503     1     1 I (0)[1:swapper/0]mt-rtc mt6358-rtc: setting system clock to 2025-05-26 14:56:47 UTC (1748271407)
05-26 20:26:47.503   258   258 I (1)[258:kworker/u16:3]mtk-tpd: [tpd_probe:559] enter tpd_probe, 559
05-26 20:26:47.503   258   258 I (1)[258:kworker/u16:3]mtk-tpd: [tpd_get_gpio_info:188] [tpd -1] mt_tpd_pinctrl+++++++++++++++++
05-26 20:26:47.503   258   258 I (1)[258:kworker/u16:3]mtk-tpd: [tpd_get_gpio_info:198] Cannot find pinctrl default -19!
05-26 20:26:47.503   258   258 I (1)[258:kworker/u16:3]mtk-tpd: [tpd_get_gpio_info:234] [tpd-1] mt_tpd_pinctrl----------
05-26 20:26:47.503   258   258 I (1)[258:kworker/u16:3][FTS_TS/I]fts_ts_probe: Touch Screen(SPI BUS) driver prboe...
05-26 20:26:47.504   258   258 I (1)[258:kworker/u16:3][FTS_TS/I]fts_ts_probe_entry: Focaltech V3.1 20190807
05-26 20:26:47.504   258   258 I (1)[258:kworker/u16:3][FTS_TS/I]fts_platform_data_init: max touch number:10, irq gpio:1, reset gpio:0resolution:(0,0)~(1080,2400)
05-26 20:26:47.504   258   258 I (7)[258:kworker/u16:3]input: fts_ts as /devices/platform/1100a000.spi0/spi_master/spi1/spi1.0/input/input3
05-26 20:26:47.504   258   258 I (7)[258:kworker/u16:3]mtk-tpd: [tpd_gpio_output:161] tpd_gpio_output pin = 0, level = 1
05-26 20:26:47.504   258   258 I (7)[258:kworker/u16:3]mtk-tpd: [tpd_gpio_output:161] tpd_gpio_output pin = 0, level = 0
05-26 20:26:47.506   252   252 I         : (6)[252:kworker/6:2][msdc]msdc0 -> !!! Set<200000KHz> Source<400000KHz> -> sclk<200000KHz> timing<9> mode<0> div<0> hs400_div_dis<0>
05-26 20:26:47.507   252   252 I         : (6)[252:kworker/6:2][AUTOK]eMMC HS200 Tune
05-26 20:26:47.512   252   252 I         : (6)[252:kworker/6:2][AUTOK]CMD 0 	 38 	 OOOOOOOOOOOOOOOOOOOOOOOOOOOOOOOOOOOOOOXXXOOOOOOOOOOOOOOOOOOOOOOO
05-26 20:26:47.512   258   258 I (0)[258:kworker/u16:3]mtk-tpd: [tpd_gpio_output:161] tpd_gpio_output pin = 0, level = 1
05-26 20:26:47.514   252   252 I         : (6)[252:kworker/6:2][AUTOK]CMD 1 	 47 	 OOOOOOOOOOOOOOOXXOOOOOOOOOOOOOOOOOOOOOOOOOOOOOOOOOOOOOOOOOOOOOOO
05-26 20:26:47.514   252   252 I (6)[252:kworker/6:2][AUTOK]Analysis Result: 1T = 48
05-26 20:26:47.514   252   252 I         : (6)[252:kworker/6:2][AUTOK]dev status 0x00000900
05-26 20:26:47.519   252   252 I         : (6)[252:kworker/6:2][AUTOK]DAT 0 	 37 	 OOOOOOOOOOOOOOOOOOOOOOOOOOOOOOOOOOOOOXXXXOOOOOOOOOOOOOOOOOOOOOOO
05-26 20:26:47.522   252   252 I         : (6)[252:kworker/6:2][AUTOK]DAT 1 	 44 	 OOOOOOOOOOOOOXXXXOOOOOOOOOOOOOOOOOOOOOOOOOOOOOOOOOOOOOOOOOOOOXXX
05-26 20:26:47.522   252   252 I (6)[252:kworker/6:2][AUTOK]Analysis Result: 1T = 48
05-26 20:26:47.522   252   252 I (6)[252:kworker/6:2][AUTOK]CMD [EDGE: 0 CMD_FIFO_EDGE:0 DLY1:15 DLY2:0]
05-26 20:26:47.522   252   252 I (6)[252:kworker/6:2][AUTOK]DAT [RDAT_EDGE: 0 RD_FIFO_EDGE:0 WD_FIFO_EDGE:0]
05-26 20:26:47.522   252   252 I (6)[252:kworker/6:2][AUTOK]DAT [LATCH_CK: 0 DLY1:14 DLY2:0]
05-26 20:26:47.522   252   252 I (6)[252:kworker/6:2][AUTOK]DS  [DLY1: 0 DLY2:0 DLY3:0]
05-26 20:26:47.522   252   252 I         : (6)[252:kworker/6:2][AUTOK]CLK TX  [0]
05-26 20:26:47.522   252   252 I         : (6)[252:kworker/6:2][AUTOK]CMD TX  [0]
05-26 20:26:47.522   252   252 I         : (6)[252:kworker/6:2][AUTOK]DAT TX  [D0:0 D1:0 D2:0 D3:0]
05-26 20:26:47.522   252   252 I         : (6)[252:kworker/6:2][AUTOK]DAT TX  [D4:0 D5:0 D6:0 D7:0]
05-26 20:26:47.522   252   252 I (6)[252:kworker/6:2][AUTOK][HS200]======Cost: 15 ms======
05-26 20:26:47.529   252   252 I         : (6)[252:kworker/6:2][msdc]msdc0 -> !!! Set<52000KHz> Source<400000KHz> -> sclk<50000KHz> timing<1> mode<0> div<2> hs400_div_dis<0>
05-26 20:26:47.529   252   252 I         : (6)[252:kworker/6:2][msdc]msdc0 -> !!! Set<200000KHz> Source<400000KHz> -> sclk<200000KHz> timing<10> mode<3> div<0> hs400_div_dis<1>
05-26 20:26:47.530   252   252 I         : (6)[252:kworker/6:2][AUTOK]eMMC HS400 Tune
05-26 20:26:47.533   252   252 I         : (6)[252:kworker/6:2][AUTOK]CMD 0 	 39 	 OOOOOOOOOOOOOOOOOOOOOOOOOOOOOOOOOOOOOOOXXOOOOOOOOOOOOOOOOOOOOOOO
05-26 20:26:47.534   252   252 I         : (6)[252:kworker/6:2][AUTOK]CMD 1 	 47 	 OOOOOOOOOOOOOOOXXOOOOOOOOOOOOOOOOOOOOOOOOOOOOOOOOOOOOOOOOOOOOOOO
05-26 20:26:47.534   252   252 I (6)[252:kworker/6:2][AUTOK]Analysis Result: 1T = 48
05-26 20:26:47.534   252   252 I         : (6)[252:kworker/6:2][AUTOK]device status 0x00000900
05-26 20:26:47.537   252   252 I         : (6)[252:kworker/6:2][AUTOK]DLY1/2 0 	 21 	 XXOOOOOOOOOOOOOOOOOOOOOXXXXXXXXXXXXXXXXXXXXXXXXXXXXXXXXXXXXXXXXX
05-26 20:26:47.537   252   252 I (6)[252:kworker/6:2][AUTOK]CMD [EDGE: 0 CMD_FIFO_EDGE:0 DLY1:15 DLY2:0]
05-26 20:26:47.537   252   252 I (6)[252:kworker/6:2][AUTOK]DAT [RDAT_EDGE: 0 RD_FIFO_EDGE:0 WD_FIFO_EDGE:0]
05-26 20:26:47.537   252   252 I (6)[252:kworker/6:2][AUTOK]DAT [LATCH_CK: 0 DLY1:0 DLY2:0]
05-26 20:26:47.537   252   252 I (6)[252:kworker/6:2][AUTOK]DS  [DLY1: 12 DLY2:0 DLY3:20]
05-26 20:26:47.537   252   252 I         : (6)[252:kworker/6:2][AUTOK]CLK TX  [0]
05-26 20:26:47.537   252   252 I         : (6)[252:kworker/6:2][AUTOK]CMD TX  [0]
05-26 20:26:47.537   252   252 I         : (6)[252:kworker/6:2][AUTOK]DAT TX  [D0:0 D1:0 D2:0 D3:0]
05-26 20:26:47.537   252   252 I         : (6)[252:kworker/6:2][AUTOK]DAT TX  [D4:0 D5:0 D6:0 D7:0]
05-26 20:26:47.537   252   252 I (6)[252:kworker/6:2][AUTOK][HS400]======Cost: 7 ms======
05-26 20:26:47.537   252   252 I (6)[252:kworker/6:2]mmc0: CMDQ enable done
05-26 20:26:47.537   252   252 I (6)[252:kworker/6:2]mmc0: new HS400 MMC card at address 0001
05-26 20:26:47.537   252   252 I (6)[252:kworker/6:2]mmc0: init cqhci
05-26 20:26:47.538   252   252 I (6)[252:kworker/6:2]mmcblk0: mmc0:0001 hC9aP3 58.2 GiB
05-26 20:26:47.538   252   252 I (6)[252:kworker/6:2]mmcblk0boot0: mmc0:0001 hC9aP3 partition 1 4.00 MiB
05-26 20:26:47.538   252   252 I (6)[252:kworker/6:2]mmcblk0boot1: mmc0:0001 hC9aP3 partition 2 4.00 MiB
05-26 20:26:47.538   252   252 I (6)[252:kworker/6:2]mmcblk0rpmb: mmc0:0001 hC9aP3 partition 3 16.0 MiB
05-26 20:26:47.540   252   252 I (6)[252:kworker/6:2] mmcblk0: p1 p2 p3 p4 p5 p6 p7 p8 p9 p10 p11 p12 p13 p14 p15 p16 p17 p18 p19 p20 p21 p22 p23 p24 p25 p26 p27 p28 p29 p30 p31 p32 p33 p34 p35 p36 p37 p38 p39 p40
05-26 20:26:47.540   252   252 I         : (6)[252:kworker/6:2]Start 0x40 of disk mmcblk0 not write group aligned
05-26 20:26:47.540   252   252 I         : (6)[252:kworker/6:2]End 0x40 of disk mmcblk0 not write group aligned
05-26 20:26:47.540   252   252 I (6)[252:kworker/6:2]mmc0: device cq off
05-26 20:26:47.540   252   252 I (6)[252:kworker/6:2]mmc0: device cq on
05-26 20:26:47.540   252   252 I         : (6)[252:kworker/6:2]Start 0x1840 of disk mmcblk0 not write group aligned
05-26 20:26:47.540   252   252 I         : (6)[252:kworker/6:2]End 0x1840 of disk mmcblk0 not write group aligned
05-26 20:26:47.540   252   252 I (6)[252:kworker/6:2]mmc0: device cq off
05-26 20:26:47.540   252   252 I (6)[252:kworker/6:2]mmc0: device cq on
05-26 20:26:47.540   252   252 I         : (6)[252:kworker/6:2]Start 0x11840 of disk mmcblk0 not write group aligned
05-26 20:26:47.540   252   252 I         : (6)[252:kworker/6:2]End 0x11840 of disk mmcblk0 not write group aligned
05-26 20:26:47.540   252   252 I (6)[252:kworker/6:2]mmc0: device cq off
05-26 20:26:47.540   252   252 I (6)[252:kworker/6:2]mmc0: device cq on
05-26 20:26:47.540   252   252 I         : (6)[252:kworker/6:2]Start 0x11c40 of disk mmcblk0 not write group aligned
05-26 20:26:47.540   252   252 I         : (6)[252:kworker/6:2]End 0x11c40 of disk mmcblk0 not write group aligned
05-26 20:26:47.540   252   252 I (6)[252:kworker/6:2]mmc0: device cq off
05-26 20:26:47.540   252   252 I (6)[252:kworker/6:2]mmc0: device cq on
05-26 20:26:47.540   252   252 I         : (6)[252:kworker/6:2]Start 0x12040 of disk mmcblk0 not write group aligned
05-26 20:26:47.540   252   252 I         : (6)[252:kworker/6:2]End 0x12040 of disk mmcblk0 not write group aligned
05-26 20:26:47.540   252   252 I (6)[252:kworker/6:2]mmc0: device cq off
05-26 20:26:47.540   252   252 I (6)[252:kworker/6:2]mmc0: device cq on
05-26 20:26:47.540   252   252 I         : (6)[252:kworker/6:2]Start 0x1c040 of disk mmcblk0 not write group aligned
05-26 20:26:47.540   252   252 I         : (6)[252:kworker/6:2]End 0x1c040 of disk mmcblk0 not write group aligned
05-26 20:26:47.540   252   252 I (6)[252:kworker/6:2]mmc0: device cq off
05-26 20:26:47.540   252   252 I (6)[252:kworker/6:2]mmc0: device cq on
05-26 20:26:47.540   252   252 I         : (6)[252:kworker/6:2]Start 0x1c840 of disk mmcblk0 not write group aligned
05-26 20:26:47.540   252   252 I         : (6)[252:kworker/6:2]End 0x1c840 of disk mmcblk0 not write group aligned
05-26 20:26:47.540   252   252 I (6)[252:kworker/6:2]mmc0: device cq off
05-26 20:26:47.540   252   252 I (6)[252:kworker/6:2]mmc0: device cq on
05-26 20:26:47.541   252   252 I         : (6)[252:kworker/6:2]Start 0x20840 of disk mmcblk0 not write group aligned
05-26 20:26:47.541   252   252 I         : (6)[252:kworker/6:2]End 0x20840 of disk mmcblk0 not write group aligned
05-26 20:26:47.541   252   252 I (6)[252:kworker/6:2]mmc0: device cq off
05-26 20:26:47.541   252   252 I (6)[252:kworker/6:2]mmc0: device cq on
05-26 20:26:47.541   252   252 I         : (6)[252:kworker/6:2]Start 0x24840 of disk mmcblk0 not write group aligned
05-26 20:26:47.541   252   252 I         : (6)[252:kworker/6:2]End 0x24840 of disk mmcblk0 not write group aligned
05-26 20:26:47.541   252   252 I (6)[252:kworker/6:2]mmc0: device cq off
05-26 20:26:47.541   252   252 I (6)[252:kworker/6:2]mmc0: device cq on
05-26 20:26:47.541   252   252 I         : (6)[252:kworker/6:2]Start 0x28840 of disk mmcblk0 not write group aligned
05-26 20:26:47.541   252   252 I         : (6)[252:kworker/6:2]End 0x28840 of disk mmcblk0 not write group aligned
05-26 20:26:47.541   252   252 I (6)[252:kworker/6:2]mmc0: device cq off
05-26 20:26:47.541   252   252 I (6)[252:kworker/6:2]mmc0: device cq on
05-26 20:26:47.541   252   252 I         : (6)[252:kworker/6:2]Start 0x33d10 of disk mmcblk0 not write group aligned
05-26 20:26:47.541   252   252 I         : (6)[252:kworker/6:2]End 0x33d10 of disk mmcblk0 not write group aligned
05-26 20:26:47.541   252   252 I (6)[252:kworker/6:2]mmc0: device cq off
05-26 20:26:47.541   252   252 I (6)[252:kworker/6:2]mmc0: device cq on
05-26 20:26:47.541   252   252 I         : (6)[252:kworker/6:2]Start 0x43d10 of disk mmcblk0 not write group aligned
05-26 20:26:47.541   252   252 I         : (6)[252:kworker/6:2]End 0x43d10 of disk mmcblk0 not write group aligned
05-26 20:26:47.541   252   252 I (6)[252:kworker/6:2]mmc0: device cq off
05-26 20:26:47.541   252   252 I (6)[252:kworker/6:2]mmc0: device cq on
05-26 20:26:47.541   252   252 I         : (6)[252:kworker/6:2]Start 0x53d10 of disk mmcblk0 not write group aligned
05-26 20:26:47.541   252   252 I         : (6)[252:kworker/6:2]End 0x53d10 of disk mmcblk0 not write group aligned
05-26 20:26:47.541   252   252 I (6)[252:kworker/6:2]mmc0: device cq off
05-26 20:26:47.541   252   252 I (6)[252:kworker/6:2]mmc0: device cq on
05-26 20:26:47.541   252   252 I         : (6)[252:kworker/6:2]Start 0x73d10 of disk mmcblk0 not write group aligned
05-26 20:26:47.541   252   252 I         : (6)[252:kworker/6:2]End 0x73d10 of disk mmcblk0 not write group aligned
05-26 20:26:47.541   252   252 I (6)[252:kworker/6:2]mmc0: device cq off
05-26 20:26:47.541   252   252 I (6)[252:kworker/6:2]mmc0: device cq on
05-26 20:26:47.541   252   252 I         : (6)[252:kworker/6:2]Start 0x8bd10 of disk mmcblk0 not write group aligned
05-26 20:26:47.541   252   252 I         : (6)[252:kworker/6:2]End 0x8bd10 of disk mmcblk0 not write group aligned
05-26 20:26:47.541   252   252 I (6)[252:kworker/6:2]mmc0: device cq off
05-26 20:26:47.542   252   252 I (6)[252:kworker/6:2]mmc0: device cq on
05-26 20:26:47.542   252   252 I         : (6)[252:kworker/6:2]Start 0x8fd10 of disk mmcblk0 not write group aligned
05-26 20:26:47.542   252   252 I (6)[252:kworker/6:2]mmc0: device cq off
05-26 20:26:47.542   252   252 I (6)[252:kworker/6:2]mmc0: device cq on
05-26 20:26:47.542   252   252 I (6)[252:kworker/6:2]mmc0: device cq off
05-26 20:26:47.542   252   252 I (6)[252:kworker/6:2]mmc0: device cq on
05-26 20:26:47.542   252   252 I         : (6)[252:kworker/6:2]0x94000 ~ 0x98000 of mmcblk0 is fully write protected
05-26 20:26:47.542   252   252 I         : (6)[252:kworker/6:2]End 0x98000 of disk mmcblk0 not write group aligned
05-26 20:26:47.542   252   252 I (6)[252:kworker/6:2]mmc0: device cq off
05-26 20:26:47.542   258   258 I (7)[258:kworker/u16:3][FTS_TS/I]fts_get_ic_information: get ic information, chip id = 0x8756
05-26 20:26:47.542   258   258 I (7)[258:kworker/u16:3][FTS_TS/I]fts_create_apk_debug_channel: Create proc entry success!
05-26 20:26:47.542   258   258 I (7)[258:kworker/u16:3][FTS_TS/I]fts_create_sysfs: [EX]: sysfs_create_group() succeeded!!
05-26 20:26:47.542   252   252 I (6)[252:kworker/6:2]mmc0: device cq on
05-26 20:26:47.542   252   252 I         : (6)[252:kworker/6:2]0x98000 ~ 0x99000 of mmcblk0 is fully write protected
05-26 20:26:47.542   252   252 I         : (6)[252:kworker/6:2]Start 0x99000 of disk mmcblk0 not write group aligned
05-26 20:26:47.542   252   252 I         : (6)[252:kworker/6:2]End 0x99000 of disk mmcblk0 not write group aligned
05-26 20:26:47.542   252   252 I (6)[252:kworker/6:2]mmc0: device cq off
05-26 20:26:47.542   258   258 I (7)[258:kworker/u16:3]mtk-tpd: [tpd_gpio_as_int:152] [tpd] tpd_gpio_as_int
05-26 20:26:47.542   252   252 I (6)[252:kworker/6:2]mmc0: device cq on
05-26 20:26:47.542   252   252 I         : (6)[252:kworker/6:2]0x99000 ~ 0xa6000 of mmcblk0 is fully write protected
05-26 20:26:47.542   258   258 I (7)[258:kworker/u16:3][FTS_TS/I]fts_irq_registration: irq:26, flag:2
05-26 20:26:47.542   252   252 I         : (6)[252:kworker/6:2]Start 0xa6000 of disk mmcblk0 not write group aligned
05-26 20:26:47.542   252   252 I         : (6)[252:kworker/6:2]End 0xa6000 of disk mmcblk0 not write group aligned
05-26 20:26:47.542   258   258 I (7)[258:kworker/u16:3][FTS_TS/I]fts_fwupg_init: fw upgrade init function
05-26 20:26:47.542   258   258 I (7)[258:kworker/u16:3][FTS_TS/I]fts_fwupg_init: match upgrade setting,type(ID):0x8756
05-26 20:26:47.542   258   258 I (7)[258:kworker/u16:3][FTS_TS/I]fts_ts_probe: Touch Screen(SPI BUS) driver prboe successfully
05-26 20:26:47.542   259   259 I (6)[259:kworker/u16:4][FTS_TS/I]fts_fwupg_work: fw upgrade work function
05-26 20:26:47.543   252   252 I (6)[252:kworker/6:2]mmc0: device cq off
05-26 20:26:47.543   258   258 I (7)[258:kworker/u16:3]mtk-tpd: [tpd_probe:656] tpd_probe, tpd_driver_name=fts_ts
05-26 20:26:47.543   252   252 I (6)[252:kworker/6:2]mmc0: device cq on
05-26 20:26:47.543   252   252 I         : (6)[252:kworker/6:2]0xa6000 ~ 0xc6000 of mmcblk0 is fully write protected
05-26 20:26:47.543   252   252 I         : (6)[252:kworker/6:2]Start 0xc6000 of disk mmcblk0 not write group aligned
