05-19 12:41:08.993  1432  1432 F DEBUG   :       #03 pc 000000000000efb4  /apex/com.android.vndk.v33/lib64/libutils.so (android::RefBase::decStrong(void const*) const+108) (BuildId: e15da9cb0a03c10940c3d40ef2b5dbaa)
05-19 12:41:08.993  1432  1432 F DEBUG   :       #04 pc 00000000000673a8  /vendor/lib64/hw/fingerprint.default.so (BuildId: c5e613c15325555b1ec17dfb770f5e2c3cb347e1)
05-19 12:41:08.993  1432  1432 F DEBUG   :       #05 pc 00000000000faf9c  /apex/com.android.runtime/lib64/bionic/libc.so (__pthread_start(void*)+208) (BuildId: 6e75f65a4c116d6f37b8361b4f491f36)
05-19 12:41:08.993  1432  1432 F DEBUG   :       #06 pc 000000000008e0cc  /apex/com.android.runtime/lib64/bionic/libc.so (__start_thread+64) (BuildId: 6e75f65a4c116d6f37b8361b4f491f36)
05-19 12:41:08.993  1245  1245 D SystemServerTiming: OnBootPhase_500_com.android.server.systemcaptions.SystemCaptionsManagerService
05-19 12:41:08.993  1245  1245 D SystemServerTiming: OnBootPhase_500_com.android.server.texttospeech.TextToSpeechManagerService
05-19 12:41:08.993  1245  1245 D SystemServerTiming: OnBootPhase_500_com.android.server.ambientcontext.AmbientContextManagerService
05-19 12:41:08.995  1245  1245 D SystemServerTiming: OnBootPhase_500_com.android.server.speech.SpeechRecognitionManagerService
05-19 12:41:08.995  1245  1245 D SystemServerTiming: OnBootPhase_500_com.android.server.appprediction.AppPredictionManagerService
05-19 12:41:08.995  1245  1245 D SystemServerTiming: OnBootPhase_500_com.android.server.contentsuggestions.ContentSuggestionsManagerService
05-19 12:41:08.995  1245  1245 D SystemServerTiming: OnBootPhase_500_com.android.server.searchui.SearchUiManagerService
05-19 12:41:08.995  1245  1245 D SystemServerTiming: OnBootPhase_500_com.android.server.smartspace.SmartspaceManagerService
05-19 12:41:08.995  1245  1245 D SystemServerTiming: OnBootPhase_500_com.android.server.graphics.fonts.FontManagerService$Lifecycle
05-19 12:41:08.995  1245  1245 D SystemServerTiming: OnBootPhase_500_com.android.server.textservices.TextServicesManagerService$Lifecycle
05-19 12:41:08.996  1245  1245 D SystemServerTiming: OnBootPhase_500_com.android.server.textclassifier.TextClassificationManagerService$Lifecycle
05-19 12:41:08.996  1245  1245 D SystemServerTiming: OnBootPhase_500_com.android.server.NetworkScoreService$Lifecycle
05-19 12:41:08.996  1245  1245 D SystemServerTiming: OnBootPhase_500_com.android.server.NetworkStatsServiceInitializer
05-19 12:41:08.996  1245  1245 D SystemServerTiming: OnBootPhase_500_com.android.server.wifi.WifiService
05-19 12:41:08.996  1245  1245 D SystemServerTiming: OnBootPhase_500_com.android.server.wifi.scanner.WifiScanningService
05-19 12:41:08.997  1245  1245 D SystemServerTiming: OnBootPhase_500_com.android.server.wifi.p2p.WifiP2pService
05-19 12:41:08.998  1245  1336 W NativeTombstoneManager: failed to open /data/tombstones/tombstone_30.pb
05-19 12:41:08.998  1245  1336 W NativeTombstoneManager: java.io.FileNotFoundException: open failed: ENOENT (No such file or directory)
05-19 12:41:08.998  1245  1336 W NativeTombstoneManager: 	at android.os.ParcelFileDescriptor.openInternal(ParcelFileDescriptor.java:346)
05-19 12:41:08.998  1245  1336 W NativeTombstoneManager: 	at android.os.ParcelFileDescriptor.open(ParcelFileDescriptor.java:233)
05-19 12:41:08.998  1245  1336 W NativeTombstoneManager: 	at com.android.server.os.NativeTombstoneManager.handleProtoTombstone(NativeTombstoneManager.java:151)
05-19 12:41:08.998  1245  1336 W NativeTombstoneManager: 	at com.android.server.os.NativeTombstoneManager.handleTombstone(NativeTombstoneManager.java:120)
05-19 12:41:08.998  1245  1336 W NativeTombstoneManager: 	at com.android.server.os.NativeTombstoneManager.-$$Nest$mhandleTombstone(Unknown Source:0)
05-19 12:41:08.998  1245  1336 W NativeTombstoneManager: 	at com.android.server.os.NativeTombstoneManager$TombstoneWatcher.lambda$onEvent$0(NativeTombstoneManager.java:564)
05-19 12:41:08.998  1245  1336 W NativeTombstoneManager: 	at com.android.server.os.NativeTombstoneManager$TombstoneWatcher.$r8$lambda$brzM_6e7cyhhJeR_ISUCuvFg3_s(Unknown Source:0)
05-19 12:41:08.998  1245  1336 W NativeTombstoneManager: 	at com.android.server.os.NativeTombstoneManager$TombstoneWatcher$$ExternalSyntheticLambda0.run(Unknown Source:4)
05-19 12:41:08.998  1245  1336 W NativeTombstoneManager: 	at android.os.Handler.handleCallback(Handler.java:942)
05-19 12:41:08.998  1245  1336 W NativeTombstoneManager: 	at android.os.Handler.dispatchMessage(Handler.java:99)
05-19 12:41:08.998  1245  1336 W NativeTombstoneManager: 	at android.os.Looper.loopOnce(Looper.java:201)
05-19 12:41:08.998  1245  1336 W NativeTombstoneManager: 	at android.os.Looper.loop(Looper.java:288)
05-19 12:41:08.998  1245  1336 W NativeTombstoneManager: 	at android.os.HandlerThread.run(HandlerThread.java:67)
05-19 12:41:08.998  1245  1336 W NativeTombstoneManager: 	at com.android.server.ServiceThread.run(ServiceThread.java:44)
05-19 12:41:08.999  1245  1245 D SystemServerTiming: OnBootPhase_500_com.android.server.ConnectivityServiceInitializer
05-19 12:41:09.001  1245  1245 D SystemServerTiming: OnBootPhase_500_com.android.server.notification.NotificationManagerService
05-19 12:41:09.004  1245  1245 D SystemServerTiming: OnBootPhase_500_com.android.server.storage.DeviceStorageMonitorService
05-19 12:41:09.004  1245  1245 D SystemServerTiming: OnBootPhase_500_com.android.server.location.LocationManagerService$Lifecycle
05-19 12:41:09.005  1245  1336 I BootReceiver: Copying /data/tombstones/tombstone_30 to DropBox (SYSTEM_TOMBSTONE)
05-19 12:41:09.005  1245  1336 I DropBoxManagerService: add tag=SYSTEM_TOMBSTONE isTagEnabled=true flags=0x6
05-19 12:41:09.005  1245  1245 V HistoricalRegistry: Interaction before persistence initialized
05-19 12:41:09.006  1245  1245 D SystemServerTiming: OnBootPhase_500_com.android.server.timedetector.TimeDetectorService$Lifecycle
05-19 12:41:09.006  1245  1245 D SystemServerTiming: OnBootPhase_500_com.android.server.timezonedetector.TimeZoneDetectorService$Lifecycle
05-19 12:41:09.006  1245  1245 D SystemServerTiming: OnBootPhase_500_com.android.server.timezonedetector.location.LocationTimeZoneManagerService$Lifecycle
05-19 12:41:09.006  1245  1245 D SystemServerTiming: OnBootPhase_500_com.android.server.search.SearchManagerService$Lifecycle
05-19 12:41:09.006  1245  1245 D SystemServerTiming: OnBootPhase_500_com.android.server.wallpaper.WallpaperManagerService$Lifecycle
05-19 12:41:09.006  1245  1245 D SystemServerTiming: OnBootPhase_500_com.android.server.wallpapereffectsgeneration.WallpaperEffectsGenerationManagerService
05-19 12:41:09.006  1245  1245 D SystemServerTiming: OnBootPhase_500_com.android.server.audio.AudioService$Lifecycle
05-19 12:41:09.006  1245  1245 D SystemServerTiming: OnBootPhase_500_com.android.server.soundtrigger_middleware.SoundTriggerMiddlewareService$Lifecycle
05-19 12:41:09.006  1245  1245 D SystemServerTiming: OnBootPhase_500_com.android.server.DockObserver
05-19 12:41:09.006  1245  1245 D SystemServerTiming: OnBootPhase_500_com.android.server.midi.MidiService$Lifecycle
05-19 12:41:09.006  1245  1245 D SystemServerTiming: OnBootPhase_500_com.android.server.adb.AdbService$Lifecycle
05-19 12:41:09.006  1245  1245 D SystemServerTiming: OnBootPhase_500_com.android.server.usb.UsbService$Lifecycle
05-19 12:41:09.006  1245  1245 D SystemServerTiming: OnBootPhase_500_com.android.server.twilight.TwilightService
05-19 12:41:09.006  1245  1245 D SystemServerTiming: OnBootPhase_500_com.android.server.display.color.ColorDisplayService
05-19 12:41:09.006  1245  1245 D SystemServerTiming: OnBootPhase_500_com.android.server.job.JobSchedulerService
05-19 12:41:09.018  1245  1245 V HistoricalRegistry: Interaction before persistence initialized
05-19 12:41:09.018  1245  1245 D SystemServerTiming: OnBootPhase_500_com.android.server.soundtrigger.SoundTriggerService
05-19 12:41:09.018  1245  1245 D SoundTriggerService: onBootPhase: 500 : false
05-19 12:41:09.018  1245  1245 D SystemServerTiming: OnBootPhase_500_com.android.server.trust.TrustManagerService
05-19 12:41:09.020  1245  1245 D SystemServerTiming: OnBootPhase_500_com.android.server.backup.BackupManagerService$Lifecycle
05-19 12:41:09.020  1245  1245 D SystemServerTiming: OnBootPhase_500_com.android.server.appwidget.AppWidgetService
05-19 12:41:09.020  1245  1245 D SystemServerTiming: OnBootPhase_500_com.android.server.voiceinteraction.VoiceInteractionManagerService
05-19 12:41:09.020  1245  1245 D SystemServerTiming: OnBootPhase_500_com.android.server.apphibernation.AppHibernationService
05-19 12:41:09.021  1245  1245 D SystemServerTiming: OnBootPhase_500_com.android.server.GestureLauncherService
05-19 12:41:09.021  1245  1245 D SystemServerTiming: OnBootPhase_500_com.android.server.SensorNotificationService
05-19 12:41:09.021  1245  1245 D SystemServerTiming: OnBootPhase_500_com.android.server.emergency.EmergencyAffordanceService
05-19 12:41:09.021  1245  1245 D SystemServerTiming: OnBootPhase_500_com.android.server.blob.BlobStoreManagerService
05-19 12:41:09.021  1245  1245 D SystemServerTiming: OnBootPhase_500_com.android.server.dreams.DreamManagerService
05-19 12:41:09.021  1245  1245 D SystemServerTiming: OnBootPhase_500_com.android.server.print.PrintManagerService
05-19 12:41:09.021  1245  1245 D SystemServerTiming: OnBootPhase_500_com.android.server.security.AttestationVerificationManagerService
05-19 12:41:09.021  1245  1245 D SystemServerTiming: OnBootPhase_500_com.android.server.companion.CompanionDeviceManagerService
05-19 12:41:09.023  1245  1245 D SystemServerTiming: OnBootPhase_500_com.android.server.companion.virtual.VirtualDeviceManagerService
05-19 12:41:09.023  1245  1245 D SystemServerTiming: OnBootPhase_500_com.android.server.restrictions.RestrictionsManagerService
05-19 12:41:09.023  1245  1245 D SystemServerTiming: OnBootPhase_500_com.android.server.media.MediaSessionService
05-19 12:41:09.023  1245  1245 D SystemServerTiming: OnBootPhase_500_com.android.server.media.MediaResourceMonitorService
05-19 12:41:09.023  1245  1245 D SystemServerTiming: OnBootPhase_500_com.android.server.biometrics.sensors.face.FaceService
05-19 12:41:09.023  1245  1245 D SystemServerTiming: OnBootPhase_500_com.android.server.biometrics.sensors.fingerprint.FingerprintService
05-19 12:41:09.023  1245  1245 D SystemServerTiming: OnBootPhase_500_com.android.server.biometrics.BiometricService
05-19 12:41:09.023  1245  1245 D SystemServerTiming: OnBootPhase_500_com.android.server.biometrics.AuthService
05-19 12:41:09.023  1245  1245 D SystemServerTiming: OnBootPhase_500_com.android.server.app.AppLockManagerService$Lifecycle
05-19 12:41:09.023  1245  1245 D SystemServerTiming: OnBootPhase_500_com.android.server.pm.ShortcutService$Lifecycle
05-19 12:41:09.023  1245  1245 D SystemServerTiming: OnBootPhase_500_com.android.server.pm.LauncherAppsService
05-19 12:41:09.023  1245  1245 D SystemServerTiming: OnBootPhase_500_com.android.server.pm.CrossProfileAppsService
05-19 12:41:09.023  1245  1245 D SystemServerTiming: OnBootPhase_500_com.android.server.pocket.PocketService
05-19 12:41:09.023  1245  1245 D SystemServerTiming: OnBootPhase_500_com.android.server.people.PeopleService
05-19 12:41:09.024  1245  1245 D SystemServerTiming: OnBootPhase_500_com.android.server.media.metrics.MediaMetricsManagerService
05-19 12:41:09.024  1245  1245 D SystemServerTiming: OnBootPhase_500_com.android.server.derp.CustomDeviceConfigService
05-19 12:41:09.024  1245  1245 D SystemServerTiming: OnBootPhase_500_com.android.server.vibrator.LinearmotorVibratorService
05-19 12:41:09.024  1245  1245 D SystemServerTiming: OnBootPhase_500_com.android.server.derp.LineageHardwareService
05-19 12:41:09.024  1245  1245 D SystemServerTiming: OnBootPhase_500_com.android.server.derp.display.LiveDisplayService
05-19 12:41:09.024  1245  1245 D SystemServerTiming: OnBootPhase_500_com.android.server.derp.health.HealthInterfaceService
05-19 12:41:09.024  1245  1245 D SystemServerTiming: OnBootPhase_500_com.android.server.media.projection.MediaProjectionManagerService
05-19 12:41:09.024  1245  1245 D SystemServerTiming: OnBootPhase_500_com.android.server.slice.SliceManagerService$Lifecycle
05-19 12:41:09.024  1245  1245 D SystemServerTiming: OnBootPhase_500_com.android.server.stats.StatsCompanion$Lifecycle
05-19 12:41:09.024  1245  1245 D SystemServerTiming: OnBootPhase_500_com.android.server.scheduling.RebootReadinessManagerService$Lifecycle
05-19 12:41:09.024  1245  1245 D SystemServerTiming: OnBootPhase_500_com.android.server.stats.pull.StatsPullAtomService
05-19 12:41:09.024  1245  1245 D SystemServerTiming: OnBootPhase_500_com.android.server.stats.bootstrap.StatsBootstrapAtomService$Lifecycle
05-19 12:41:09.024  1245  1245 D SystemServerTiming: OnBootPhase_500_com.android.server.incident.IncidentCompanionService
05-19 12:41:09.024  1245  1245 D SystemServerTiming: OnBootPhase_500_com.android.server.sdksandbox.SdkSandboxManagerService$Lifecycle
05-19 12:41:09.024  1245  1245 D SystemServerTiming: OnBootPhase_500_com.android.server.adservices.AdServicesManagerService$Lifecycle
05-19 12:41:09.024  1245  1245 D SystemServerTiming: OnBootPhase_500_com.android.server.MmsServiceBroker
05-19 12:41:09.024  1245  1245 D SystemServerTiming: OnBootPhase_500_com.android.server.autofill.AutofillManagerService
05-19 12:41:09.024  1245  1245 D SystemServerTiming: OnBootPhase_500_com.android.server.translation.TranslationManagerService
05-19 12:41:09.024  1245  1245 D SystemServerTiming: OnBootPhase_500_com.android.server.clipboard.ClipboardService
05-19 12:41:09.024  1245  1245 D SystemServerTiming: OnBootPhase_500_com.android.server.appbinding.AppBindingService$Lifecycle
05-19 12:41:09.024  1245  1245 D SystemServerTiming: OnBootPhase_500_com.android.server.tracing.TracingServiceProxy
05-19 12:41:09.024  1245  1245 D SystemServerTiming: MakeWindowManagerServiceReady
05-19 12:41:09.033  1245  1278 I HealthServiceWrapperHidl: health: HealthServiceWrapper listening to instance default
05-19 12:41:09.035  1245  1278 D StatsPullAtomService: Registering pullers with statsd
05-19 12:41:09.038  1245  1278 I StatsPullAtomService: register thermal listener successfully
05-19 12:41:09.042  1245  1245 I ActivityTaskManager: Config changes=20 {1.0 ?mcc?mnc [en_IN] ldltr sw400dp w400dp h852dp 432dpi nrml long port night finger -keyb/v/h -nav/h winConfig={ mBounds=Rect(0, 0 - 1080, 2400) mAppBounds=Rect(0, 100 - 1080, 2400) mMaxBounds=Rect(0, 0 - 1080, 2400) mDisplayRotation=ROTATION_0 mWindowingMode=fullscreen mDisplayWindowingMode=fullscreen mActivityType=undefined mAlwaysOnTop=undefined mRotation=ROTATION_0} s.8 ?fontWeightAdjustment}
05-19 12:41:09.044  1245  1245 I WindowManager: Override config changes=20 {1.0 ?mcc?mnc [en_IN] ldltr sw400dp w400dp h852dp 432dpi nrml long port night finger -keyb/v/h -nav/h winConfig={ mBounds=Rect(0, 0 - 1080, 2400) mAppBounds=Rect(0, 100 - 1080, 2400) mMaxBounds=Rect(0, 0 - 1080, 2400) mDisplayRotation=ROTATION_0 mWindowingMode=fullscreen mDisplayWindowingMode=fullscreen mActivityType=undefined mAlwaysOnTop=undefined mRotation=ROTATION_0} s.8 ?fontWeightAdjustment} for displayId=0
05-19 12:41:09.055  1245  1245 D SystemServerTiming: StartPermissionPolicyService
05-19 12:41:09.055  1245  1245 I SystemServiceManager: Starting com.android.server.policy.PermissionPolicyService
05-19 12:41:09.059  1245  1245 D SystemServerTiming: MakePackageManagerServiceReady
05-19 12:41:09.068  1245  1336 E NativeTombstoneManager: Tombstone's UID (1000) not an app, ignoring
05-19 12:41:09.069  1245  1336 I DropBoxManagerService: add tag=SYSTEM_TOMBSTONE_PROTO isTagEnabled=true flags=0x4
05-19 12:41:09.073  1245  1245 V UserDataPreparer: Found /data/user_de/0 with serial number 0
05-19 12:41:09.073  1245  1245 V UserDataPreparer: Found /data/user/0 with serial number 0
05-19 12:41:09.073  1245  1245 W UserDataPreparer: Invalid user directory /data/system_de/usagestats
05-19 12:41:09.074  1245  1245 V UserDataPreparer: Found /data/system_de/0 with serial number 0
05-19 12:41:09.074  1245  1245 V UserDataPreparer: Found /data/system_ce/0 with serial number 0
05-19 12:41:09.074  1245  1245 V UserDataPreparer: Found /data/misc_ce/0 with serial number 0
05-19 12:41:09.075  1245  1245 I PackageManager: Permission ownership changed. Updating all permissions.
05-19 12:41:09.088  1440  1440 I android.hardware.wifi@1.0-service-lazy-mediatek: Wifi Hal is booting up...
05-19 12:41:09.089  1440  1440 I HidlLazyUtils: Registering HAL: android.hardware.wifi@1.3::IWifi with name: default
05-19 12:41:09.092  1440  1440 I HidlServiceManagement: Registered android.hardware.wifi@1.3::IWifi/default
05-19 12:41:09.098  1245  1245 W PackageManager: Package android.ext.services is an APK in APEX, but has permission allowlist on the system image. Please bundle the allowlist in the com.android.extservices APEX instead.
05-19 12:41:09.098  1245  1245 W PackageManager: Package android.ext.services is an APK in APEX, but has permission allowlist on the system image. Please bundle the allowlist in the com.android.extservices APEX instead.
05-19 12:41:09.098  1245  1245 W PackageManager: Package android.ext.services is an APK in APEX, but has permission allowlist on the system image. Please bundle the allowlist in the com.android.extservices APEX instead.
05-19 12:41:09.098  1245  1245 W PackageManager: Package android.ext.services is an APK in APEX, but has permission allowlist on the system image. Please bundle the allowlist in the com.android.extservices APEX instead.
05-19 12:41:09.120  1245  1245 W PackageManager: Package com.android.providers.media.module is an APK in APEX, but has permission allowlist on the system image. Please bundle the allowlist in the com.android.mediaprovider APEX instead.
05-19 12:41:09.120  1245  1245 W PackageManager: Package com.android.providers.media.module is an APK in APEX, but has permission allowlist on the system image. Please bundle the allowlist in the com.android.mediaprovider APEX instead.
05-19 12:41:09.120  1245  1245 W PackageManager: Package com.android.providers.media.module is an APK in APEX, but has permission allowlist on the system image. Please bundle the allowlist in the com.android.mediaprovider APEX instead.
05-19 12:41:09.120  1245  1245 W PackageManager: Package com.android.providers.media.module is an APK in APEX, but has permission allowlist on the system image. Please bundle the allowlist in the com.android.mediaprovider APEX instead.
05-19 12:41:09.120  1245  1245 W PackageManager: Package com.android.providers.media.module is an APK in APEX, but has permission allowlist on the system image. Please bundle the allowlist in the com.android.mediaprovider APEX instead.
05-19 12:41:09.120  1245  1245 W PackageManager: Package com.android.providers.media.module is an APK in APEX, but has permission allowlist on the system image. Please bundle the allowlist in the com.android.mediaprovider APEX instead.
05-19 12:41:09.121  1245  1245 W PackageManager: Package com.android.providers.media.module is an APK in APEX, but has permission allowlist on the system image. Please bundle the allowlist in the com.android.mediaprovider APEX instead.
05-19 12:41:09.121  1245  1245 W PackageManager: Package com.android.providers.media.module is an APK in APEX, but has permission allowlist on the system image. Please bundle the allowlist in the com.android.mediaprovider APEX instead.
05-19 12:41:09.121  1245  1245 W PackageManager: Package com.android.providers.media.module is an APK in APEX, but has permission allowlist on the system image. Please bundle the allowlist in the com.android.mediaprovider APEX instead.
05-19 12:41:09.121  1245  1245 W PackageManager: Package com.android.providers.media.module is an APK in APEX, but has permission allowlist on the system image. Please bundle the allowlist in the com.android.mediaprovider APEX instead.
05-19 12:41:09.121  1245  1245 W PackageManager: Package com.android.providers.media.module is an APK in APEX, but has permission allowlist on the system image. Please bundle the allowlist in the com.android.mediaprovider APEX instead.
05-19 12:41:09.121  1245  1245 W PackageManager: Package com.android.providers.media.module is an APK in APEX, but has permission allowlist on the system image. Please bundle the allowlist in the com.android.mediaprovider APEX instead.
05-19 12:41:09.121  1245  1245 W PackageManager: Package com.android.providers.media.module is an APK in APEX, but has permission allowlist on the system image. Please bundle the allowlist in the com.android.mediaprovider APEX instead.
05-19 12:41:09.141  1245  1245 D SystemServerTiming: MakeDisplayManagerServiceReady
05-19 12:41:09.156  1245  1313 W PackageManager: Not removing package com.google.android.trichromelibrary hosting lib com.google.android.trichromelibrary version 710306033 used by [VersionedPackage[com.google.android.webview/710306033]] for user 0
05-19 12:41:09.157  1245  1313 W PackageManager: Not removing package com.google.android.trichromelibrary hosting lib com.google.android.trichromelibrary version 710308733 used by [VersionedPackage[com.android.chrome/710308733]] for user 0
05-19 12:41:09.157  1245  1269 E DisplayModeDirector: Asked about unknown display, returning empty display mode specs!(id=0)
05-19 12:41:09.158  1245  1269 E DisplayModeDirector: Asked about unknown display, returning empty display mode specs!(id=0)
05-19 12:41:09.161  1245  1245 I BrightnessSynchronizer: Initial brightness readings: 23(int), 0.08661418(float)
05-19 12:41:09.163  1245  1245 D SystemServerTiming: StartDeviceSpecificServices
05-19 12:41:09.163  1245  1245 D SystemServerTiming: GameManagerService
05-19 12:41:09.163  1245  1245 I SystemServiceManager: Starting com.android.server.app.GameManagerService$Lifecycle
05-19 12:41:09.166  1245  1245 V HistoricalRegistry: Interaction before persistence initialized
05-19 12:41:09.170  1245  1245 D SystemServerTiming: ArtManagerLocal
05-19 12:41:09.189  1440  1440 I android.hardware.wifi@1.0-service-lazy-mediatek: Wifi HAL started
05-19 12:41:09.219  1245  1245 D SystemServerTiming: StartBootPhaseDeviceSpecificServicesReady
05-19 12:41:09.219  1245  1245 I SystemServiceManager: Starting phase 520
05-19 12:41:09.220  1245  1245 D SystemServerTiming: OnBootPhase_520
05-19 12:41:09.220  1245  1245 D SystemServerTiming: OnBootPhase_520_com.android.server.security.FileIntegrityService
05-19 12:41:09.220  1245  1245 D SystemServerTiming: OnBootPhase_520_com.android.server.pm.Installer
05-19 12:41:09.220  1245  1245 D SystemServerTiming: OnBootPhase_520_com.android.server.os.DeviceIdentifiersPolicyService
05-19 12:41:09.220  1245  1245 D SystemServerTiming: OnBootPhase_520_com.android.server.uri.UriGrantsManagerService$Lifecycle
05-19 12:41:09.220  1245  1245 D SystemServerTiming: OnBootPhase_520_com.android.server.powerstats.PowerStatsService
05-19 12:41:09.220  1245  1245 D SystemServerTiming: OnBootPhase_520_com.android.server.wm.ActivityTaskManagerService$Lifecycle
05-19 12:41:09.220  1245  1245 D SystemServerTiming: OnBootPhase_520_com.android.server.am.ActivityManagerService$Lifecycle
05-19 12:41:09.220  1245  1245 D SystemServerTiming: OnBootPhase_520_com.android.server.pm.DataLoaderManagerService
05-19 12:41:09.220  1245  1245 D SystemServerTiming: OnBootPhase_520_com.android.server.power.PowerManagerService
05-19 12:41:09.220  1245  1245 D SystemServerTiming: OnBootPhase_520_com.android.server.power.ThermalManagerService
05-19 12:41:09.220  1245  1245 D SystemServerTiming: OnBootPhase_520_com.android.server.power.hint.HintManagerService
05-19 12:41:09.220  1245  1245 D SystemServerTiming: OnBootPhase_520_com.android.server.recoverysystem.RecoverySystemService$Lifecycle
05-19 12:41:09.220  1245  1245 D SystemServerTiming: OnBootPhase_520_com.android.server.lights.LightsService
05-19 12:41:09.220  1245  1245 D SystemServerTiming: OnBootPhase_520_com.android.server.display.DisplayManagerService
05-19 12:41:09.220  1245  1245 D SystemServerTiming: OnBootPhase_520_com.android.server.pm.verify.domain.DomainVerificationService
05-19 12:41:09.220  1245  1245 D SystemServerTiming: OnBootPhase_520_com.android.server.pm.PackageInstallerService$Lifecycle
05-19 12:41:09.220  1245  1245 D SystemServerTiming: OnBootPhase_520_com.android.server.pm.UserManagerService$LifeCycle
05-19 12:41:09.220  1245  1245 D SystemServerTiming: OnBootPhase_520_com.android.server.om.OverlayManagerService
05-19 12:41:09.220  1245  1245 D SystemServerTiming: OnBootPhase_520_com.android.server.resources.ResourcesManagerService
05-19 12:41:09.220  1245  1245 D SystemServerTiming: OnBootPhase_520_com.android.server.sensorprivacy.SensorPrivacyService
05-19 12:41:09.220  1245  1245 D SystemServerTiming: OnBootPhase_520_com.android.server.sensors.SensorService
05-19 12:41:09.220  1245  1245 D SystemServerTiming: OnBootPhase_520_com.android.server.SystemConfigService
05-19 12:41:09.220  1245  1245 D SystemServerTiming: OnBootPhase_520_com.android.server.BatteryService
05-19 12:41:09.220  1245  1245 D SystemServerTiming: OnBootPhase_520_com.android.server.usage.UsageStatsService
05-19 12:41:09.220  1245  1245 D SystemServerTiming: OnBootPhase_520_com.android.server.webkit.WebViewUpdateService
05-19 12:41:09.220  1245  1245 D SystemServerTiming: OnBootPhase_520_com.android.server.CachedDeviceStateService
05-19 12:41:09.220  1245  1245 D SystemServerTiming: OnBootPhase_520_com.android.server.BinderCallsStatsService$LifeCycle
05-19 12:41:09.220  1245  1245 D SystemServerTiming: OnBootPhase_520_com.android.server.LooperStatsService$Lifecycle
05-19 12:41:09.220  1245  1245 D SystemServerTiming: OnBootPhase_520_com.android.server.rollback.RollbackManagerService
05-19 12:41:09.220  1245  1245 D SystemServerTiming: OnBootPhase_520_com.android.server.os.NativeTombstoneManagerService
05-19 12:41:09.220  1245  1245 D SystemServerTiming: OnBootPhase_520_com.android.server.os.BugreportManagerService
05-19 12:41:09.220  1245  1245 D SystemServerTiming: OnBootPhase_520_com.android.server.gpu.GpuService
05-19 12:41:09.220  1245  1245 D SystemServerTiming: OnBootPhase_520_com.android.server.security.KeyChainSystemService
05-19 12:41:09.220  1245  1245 D SystemServerTiming: OnBootPhase_520_com.android.server.BinaryTransparencyService
05-19 12:41:09.220  1245  1245 D SystemServerTiming: OnBootPhase_520_com.android.server.telecom.TelecomLoaderService
05-19 12:41:09.220  1245  1245 D SystemServerTiming: OnBootPhase_520_com.android.server.accounts.AccountManagerService$Lifecycle
05-19 12:41:09.220  1245  1245 D SystemServerTiming: OnBootPhase_520_com.android.server.content.ContentService$Lifecycle
05-19 12:41:09.220  1245  1245 D SystemServerTiming: OnBootPhase_520_com.android.server.DropBoxManagerService
05-19 12:41:09.220  1245  1245 D SystemServerTiming: OnBootPhase_520_com.android.role.RoleService
05-19 12:41:09.220  1245  1245 D SystemServerTiming: OnBootPhase_520_com.android.server.vibrator.VibratorManagerService$Lifecycle
05-19 12:41:09.221  1245  1245 D SystemServerTiming: OnBootPhase_520_com.android.server.tare.InternalResourceService
05-19 12:41:09.221  1245  1245 D SystemServerTiming: OnBootPhase_520_com.android.server.alarm.AlarmManagerService
05-19 12:41:09.221  1245  1245 D SystemServerTiming: OnBootPhase_520_com.android.server.devicestate.DeviceStateManagerService
05-19 12:41:09.221  1245  1245 D SystemServerTiming: OnBootPhase_520_com.android.server.camera.CameraServiceProxy
05-19 12:41:09.221  1245  1245 D SystemServerTiming: OnBootPhase_520_com.android.server.bluetooth.BluetoothService
05-19 12:41:09.221  1245  1245 D SystemServerTiming: OnBootPhase_520_com.android.server.connectivity.IpConnectivityMetrics
05-19 12:41:09.221  1245  1245 D SystemServerTiming: OnBootPhase_520_com.android.server.net.watchlist.NetworkWatchlistService$Lifecycle
05-19 12:41:09.221  1245  1245 D SystemServerTiming: OnBootPhase_520_com.android.server.PinnerService
05-19 12:41:09.221  1245  1245 D SystemServerTiming: OnBootPhase_520_com.android.server.integrity.AppIntegrityManagerService
05-19 12:41:09.221  1245  1245 D SystemServerTiming: OnBootPhase_520_com.android.server.logcat.LogcatManagerService
05-19 12:41:09.221  1245  1245 D SystemServerTiming: OnBootPhase_520_com.android.server.derp.LineageGlobalActionsService
05-19 12:41:09.221  1245  1245 D SystemServerTiming: OnBootPhase_520_com.android.server.inputmethod.InputMethodManagerService$Lifecycle
05-19 12:41:09.221  1245  1245 D SystemServerTiming: OnBootPhase_520_com.android.server.accessibility.AccessibilityManagerService$Lifecycle
05-19 12:41:09.221  1245  1245 D SystemServerTiming: OnBootPhase_520_com.android.server.StorageManagerService$Lifecycle
05-19 12:41:09.221  1245  1245 D SystemServerTiming: OnBootPhase_520_com.android.server.usage.StorageStatsService$Lifecycle
05-19 12:41:09.221  1245  1245 D SystemServerTiming: OnBootPhase_520_com.android.server.UiModeManagerService
05-19 12:41:09.221  1245  1245 D SystemServerTiming: OnBootPhase_520_com.android.server.locales.LocaleManagerService
05-19 12:41:09.221  1245  1245 D SystemServerTiming: OnBootPhase_520_com.android.server.locksettings.LockSettingsService$Lifecycle
05-19 12:41:09.221  1245  1245 D SystemServerTiming: OnBootPhase_520_com.android.server.PersistentDataBlockService
05-19 12:41:09.221  1245  1245 D SystemServerTiming: OnBootPhase_520_com.android.server.testharness.TestHarnessModeService
05-19 12:41:09.221  1245  1245 D SystemServerTiming: OnBootPhase_520_com.android.server.oemlock.OemLockService
05-19 12:41:09.221  1245  1245 D SystemServerTiming: OnBootPhase_520_com.android.server.DeviceIdleController
05-19 12:41:09.221  1245  1245 D SystemServerTiming: OnBootPhase_520_com.android.server.devicepolicy.DevicePolicyManagerService$Lifecycle
05-19 12:41:09.221  1245  1245 D SystemServerTiming: OnBootPhase_520_com.android.server.musicrecognition.MusicRecognitionManagerService
05-19 12:41:09.221  1245  1245 D SystemServerTiming: OnBootPhase_520_com.android.server.contentcapture.ContentCaptureManagerService
05-19 12:41:09.221  1245  1245 D SystemServerTiming: OnBootPhase_520_com.android.server.attention.AttentionManagerService
05-19 12:41:09.221  1245  1245 D SystemServerTiming: OnBootPhase_520_com.android.server.rotationresolver.RotationResolverManagerService
05-19 12:41:09.221  1245  1245 D SystemServerTiming: OnBootPhase_520_com.android.server.systemcaptions.SystemCaptionsManagerService
05-19 12:41:09.221  1245  1245 D SystemServerTiming: OnBootPhase_520_com.android.server.texttospeech.TextToSpeechManagerService
05-19 12:41:09.221  1245  1245 D SystemServerTiming: OnBootPhase_520_com.android.server.ambientcontext.AmbientContextManagerService
05-19 12:41:09.221  1245  1245 D SystemServerTiming: OnBootPhase_520_com.android.server.speech.SpeechRecognitionManagerService
05-19 12:41:09.221  1245  1245 D SystemServerTiming: OnBootPhase_520_com.android.server.appprediction.AppPredictionManagerService
05-19 12:41:09.221  1245  1245 D SystemServerTiming: OnBootPhase_520_com.android.server.contentsuggestions.ContentSuggestionsManagerService
05-19 12:41:09.221  1245  1245 D SystemServerTiming: OnBootPhase_520_com.android.server.searchui.SearchUiManagerService
05-19 12:41:09.221  1245  1245 D SystemServerTiming: OnBootPhase_520_com.android.server.smartspace.SmartspaceManagerService
05-19 12:41:09.221  1245  1245 D SystemServerTiming: OnBootPhase_520_com.android.server.graphics.fonts.FontManagerService$Lifecycle
05-19 12:41:09.221  1245  1245 D SystemServerTiming: OnBootPhase_520_com.android.server.textservices.TextServicesManagerService$Lifecycle
05-19 12:41:09.221  1245  1245 D SystemServerTiming: OnBootPhase_520_com.android.server.textclassifier.TextClassificationManagerService$Lifecycle
05-19 12:41:09.221  1245  1245 D SystemServerTiming: OnBootPhase_520_com.android.server.NetworkScoreService$Lifecycle
05-19 12:41:09.221  1245  1245 D SystemServerTiming: OnBootPhase_520_com.android.server.NetworkStatsServiceInitializer
05-19 12:41:09.221  1245  1245 D SystemServerTiming: OnBootPhase_520_com.android.server.wifi.WifiService
05-19 12:41:09.221  1245  1245 D SystemServerTiming: OnBootPhase_520_com.android.server.wifi.scanner.WifiScanningService
05-19 12:41:09.221  1245  1245 D SystemServerTiming: OnBootPhase_520_com.android.server.wifi.p2p.WifiP2pService
05-19 12:41:09.221  1245  1245 D SystemServerTiming: OnBootPhase_520_com.android.server.ConnectivityServiceInitializer
05-19 12:41:09.221  1245  1245 D SystemServerTiming: OnBootPhase_520_com.android.server.notification.NotificationManagerService
05-19 12:41:09.237  1440  1440 I android.hardware.wifi@1.0-service-lazy-mediatek: Adding interface handle for ap0
05-19 12:41:09.237  1440  1440 I android.hardware.wifi@1.0-service-lazy-mediatek: Adding interface handle for wlan1
05-19 12:41:09.237  1440  1440 I android.hardware.wifi@1.0-service-lazy-mediatek: Adding interface handle for p2p0
05-19 12:41:09.237  1440  1440 I android.hardware.wifi@1.0-service-lazy-mediatek: Adding interface handle for wlan0
05-19 12:41:09.237  1440  1440 W android.hardware.wifi@1.0-service-lazy-mediatek: No active wlan interfaces in use! Using default
05-19 12:41:09.237  1440  1440 E android.hardware.wifi@1.0-service-lazy-mediatek: Failed to register radio mode change callback
05-19 12:41:09.237  1440  1440 W android.hardware.wifi@1.0-service-lazy-mediatek: No active wlan interfaces in use! Using default
05-19 12:41:09.240  1440  1440 I android.hardware.wifi@1.0-service-lazy-mediatek: Configured chip in mode 3
05-19 12:41:09.240  1440  1440 W android.hardware.wifi@1.0-service-lazy-mediatek: No active wlan interfaces in use! Using default
05-19 12:41:09.241  1440  1440 I HidlLazyUtils: Process has 1 (of 1 available) client(s) in use after notification android.hardware.wifi@1.3::IWifi/default has clients: 1
05-19 12:41:09.244  1245  1245 D SystemServerTiming: OnBootPhase_520_com.android.server.storage.DeviceStorageMonitorService
05-19 12:41:09.244  1245  1245 D SystemServerTiming: OnBootPhase_520_com.android.server.location.LocationManagerService$Lifecycle
05-19 12:41:09.244  1245  1245 D SystemServerTiming: OnBootPhase_520_com.android.server.timedetector.TimeDetectorService$Lifecycle
05-19 12:41:09.244  1245  1245 D SystemServerTiming: OnBootPhase_520_com.android.server.timezonedetector.TimeZoneDetectorService$Lifecycle
05-19 12:41:09.244  1245  1245 D SystemServerTiming: OnBootPhase_520_com.android.server.timezonedetector.location.LocationTimeZoneManagerService$Lifecycle
05-19 12:41:09.244  1245  1245 D SystemServerTiming: OnBootPhase_520_com.android.server.search.SearchManagerService$Lifecycle
05-19 12:41:09.244  1245  1245 D SystemServerTiming: OnBootPhase_520_com.android.server.wallpaper.WallpaperManagerService$Lifecycle
05-19 12:41:09.245  1245  1245 D SystemServerTiming: OnBootPhase_520_com.android.server.wallpapereffectsgeneration.WallpaperEffectsGenerationManagerService
05-19 12:41:09.245  1245  1245 D SystemServerTiming: OnBootPhase_520_com.android.server.audio.AudioService$Lifecycle
05-19 12:41:09.245  1245  1245 D SystemServerTiming: OnBootPhase_520_com.android.server.soundtrigger_middleware.SoundTriggerMiddlewareService$Lifecycle
05-19 12:41:09.245  1245  1245 D SystemServerTiming: OnBootPhase_520_com.android.server.DockObserver
05-19 12:41:09.245  1245  1245 D SystemServerTiming: OnBootPhase_520_com.android.server.midi.MidiService$Lifecycle
05-19 12:41:09.245  1245  1245 D SystemServerTiming: OnBootPhase_520_com.android.server.adb.AdbService$Lifecycle
05-19 12:41:09.245  1245  1245 D SystemServerTiming: OnBootPhase_520_com.android.server.usb.UsbService$Lifecycle
05-19 12:41:09.245  1245  1245 D SystemServerTiming: OnBootPhase_520_com.android.server.twilight.TwilightService
05-19 12:41:09.245  1245  1245 D SystemServerTiming: OnBootPhase_520_com.android.server.display.color.ColorDisplayService
05-19 12:41:09.245  1245  1245 D SystemServerTiming: OnBootPhase_520_com.android.server.job.JobSchedulerService
05-19 12:41:09.245  1245  1245 D SystemServerTiming: OnBootPhase_520_com.android.server.soundtrigger.SoundTriggerService
05-19 12:41:09.245  1245  1245 D SoundTriggerService: onBootPhase: 520 : false
05-19 12:41:09.245  1245  1245 D SystemServerTiming: OnBootPhase_520_com.android.server.trust.TrustManagerService
05-19 12:41:09.245  1245  1245 D SystemServerTiming: OnBootPhase_520_com.android.server.backup.BackupManagerService$Lifecycle
05-19 12:41:09.245  1245  1245 D SystemServerTiming: OnBootPhase_520_com.android.server.appwidget.AppWidgetService
05-19 12:41:09.245  1245  1245 D SystemServerTiming: OnBootPhase_520_com.android.server.voiceinteraction.VoiceInteractionManagerService
05-19 12:41:09.245  1245  1245 D SystemServerTiming: OnBootPhase_520_com.android.server.apphibernation.AppHibernationService
05-19 12:41:09.245  1245  1245 D SystemServerTiming: OnBootPhase_520_com.android.server.GestureLauncherService
05-19 12:41:09.245  1245  1245 D SystemServerTiming: OnBootPhase_520_com.android.server.SensorNotificationService
05-19 12:41:09.245  1245  1245 D SystemServerTiming: OnBootPhase_520_com.android.server.emergency.EmergencyAffordanceService
05-19 12:41:09.245  1245  1245 D SystemServerTiming: OnBootPhase_520_com.android.server.blob.BlobStoreManagerService
05-19 12:41:09.245  1245  1245 D SystemServerTiming: OnBootPhase_520_com.android.server.dreams.DreamManagerService
05-19 12:41:09.245  1245  1245 D SystemServerTiming: OnBootPhase_520_com.android.server.print.PrintManagerService
05-19 12:41:09.245  1245  1245 D SystemServerTiming: OnBootPhase_520_com.android.server.security.AttestationVerificationManagerService
05-19 12:41:09.245  1245  1245 D SystemServerTiming: OnBootPhase_520_com.android.server.companion.CompanionDeviceManagerService
05-19 12:41:09.245  1245  1245 D SystemServerTiming: OnBootPhase_520_com.android.server.companion.virtual.VirtualDeviceManagerService
05-19 12:41:09.245  1245  1245 D SystemServerTiming: OnBootPhase_520_com.android.server.restrictions.RestrictionsManagerService
05-19 12:41:09.245  1245  1245 D SystemServerTiming: OnBootPhase_520_com.android.server.media.MediaSessionService
05-19 12:41:09.245  1245  1245 D SystemServerTiming: OnBootPhase_520_com.android.server.media.MediaResourceMonitorService
05-19 12:41:09.245  1245  1245 D SystemServerTiming: OnBootPhase_520_com.android.server.biometrics.sensors.face.FaceService
05-19 12:41:09.245  1245  1245 D SystemServerTiming: OnBootPhase_520_com.android.server.biometrics.sensors.fingerprint.FingerprintService
05-19 12:41:09.245  1245  1245 D SystemServerTiming: OnBootPhase_520_com.android.server.biometrics.BiometricService
05-19 12:41:09.245  1245  1245 D SystemServerTiming: OnBootPhase_520_com.android.server.biometrics.AuthService
05-19 12:41:09.245  1245  1245 D SystemServerTiming: OnBootPhase_520_com.android.server.app.AppLockManagerService$Lifecycle
05-19 12:41:09.245  1245  1245 D SystemServerTiming: OnBootPhase_520_com.android.server.pm.ShortcutService$Lifecycle
05-19 12:41:09.245  1245  1245 D SystemServerTiming: OnBootPhase_520_com.android.server.pm.LauncherAppsService
05-19 12:41:09.245  1245  1245 D SystemServerTiming: OnBootPhase_520_com.android.server.pm.CrossProfileAppsService
05-19 12:41:09.245  1245  1245 D SystemServerTiming: OnBootPhase_520_com.android.server.pocket.PocketService
05-19 12:41:09.245  1245  1245 W PocketService: Un-handled boot phase:520
05-19 12:41:09.245  1245  1245 D SystemServerTiming: OnBootPhase_520_com.android.server.people.PeopleService
05-19 12:41:09.245  1245  1245 D SystemServerTiming: OnBootPhase_520_com.android.server.media.metrics.MediaMetricsManagerService
05-19 12:41:09.245  1245  1245 D SystemServerTiming: OnBootPhase_520_com.android.server.derp.CustomDeviceConfigService
05-19 12:41:09.245  1245  1245 D SystemServerTiming: OnBootPhase_520_com.android.server.vibrator.LinearmotorVibratorService
05-19 12:41:09.246  1245  1245 D SystemServerTiming: OnBootPhase_520_com.android.server.derp.LineageHardwareService
05-19 12:41:09.246  1245  1245 D SystemServerTiming: OnBootPhase_520_com.android.server.derp.display.LiveDisplayService
05-19 12:41:09.246  1245  1245 D SystemServerTiming: OnBootPhase_520_com.android.server.derp.health.HealthInterfaceService
05-19 12:41:09.246  1245  1245 D SystemServerTiming: OnBootPhase_520_com.android.server.media.projection.MediaProjectionManagerService
05-19 12:41:09.246  1245  1245 D SystemServerTiming: OnBootPhase_520_com.android.server.slice.SliceManagerService$Lifecycle
05-19 12:41:09.246  1245  1245 D SystemServerTiming: OnBootPhase_520_com.android.server.stats.StatsCompanion$Lifecycle
05-19 12:41:09.246  1245  1245 D SystemServerTiming: OnBootPhase_520_com.android.server.scheduling.RebootReadinessManagerService$Lifecycle
05-19 12:41:09.246  1245  1245 D SystemServerTiming: OnBootPhase_520_com.android.server.stats.pull.StatsPullAtomService
05-19 12:41:09.246  1245  1245 D SystemServerTiming: OnBootPhase_520_com.android.server.stats.bootstrap.StatsBootstrapAtomService$Lifecycle
05-19 12:41:09.246  1245  1245 D SystemServerTiming: OnBootPhase_520_com.android.server.incident.IncidentCompanionService
05-19 12:41:09.246  1245  1245 D SystemServerTiming: OnBootPhase_520_com.android.server.sdksandbox.SdkSandboxManagerService$Lifecycle
05-19 12:41:09.246  1245  1245 D SystemServerTiming: OnBootPhase_520_com.android.server.adservices.AdServicesManagerService$Lifecycle
05-19 12:41:09.246  1245  1245 D SystemServerTiming: OnBootPhase_520_com.android.server.MmsServiceBroker
05-19 12:41:09.246  1245  1245 D SystemServerTiming: OnBootPhase_520_com.android.server.autofill.AutofillManagerService
05-19 12:41:09.246  1245  1245 D SystemServerTiming: OnBootPhase_520_com.android.server.translation.TranslationManagerService
05-19 12:41:09.246  1245  1245 D SystemServerTiming: OnBootPhase_520_com.android.server.clipboard.ClipboardService
05-19 12:41:09.246  1245  1245 D SystemServerTiming: OnBootPhase_520_com.android.server.appbinding.AppBindingService$Lifecycle
05-19 12:41:09.246  1245  1245 D SystemServerTiming: OnBootPhase_520_com.android.server.tracing.TracingServiceProxy
05-19 12:41:09.246  1245  1245 D SystemServerTiming: OnBootPhase_520_com.android.server.policy.PermissionPolicyService
05-19 12:41:09.246  1245  1245 D SystemServerTiming: OnBootPhase_520_com.android.server.pm.StagingManager$Lifecycle
05-19 12:41:09.246  1245  1245 D SystemServerTiming: OnBootPhase_520_com.android.server.app.GameManagerService$Lifecycle
05-19 12:41:09.246  1245  1245 D SystemServerTiming: StartSafetyCenterService
05-19 12:41:09.247  1245  1245 I SystemServiceManager: Starting com.android.safetycenter.SafetyCenterService
05-19 12:41:09.248   820   820 I wificond: createClientInterface: wiphy_index 0 iface_name wlan0
05-19 12:41:09.249   820   820 I wificond: create scanner for interface with index: 31
05-19 12:41:09.250   820   820 I wificond: subscribe scan result for interface with index: 31
05-19 12:41:09.252   820   820 I wificond: add channel type 0 support at wiphy index: 0
05-19 12:41:09.252   820   820 I wificond: add channel type 1 support at wiphy index: 0
05-19 12:41:09.255  1245  1245 D SystemServerTiming: AppSearchModule
05-19 12:41:09.259  1245  1245 I SystemServiceManager: Starting com.android.server.appsearch.AppSearchModule$Lifecycle
05-19 12:41:09.269  1245  1245 D SystemServerTiming: StartMediaCommunicationService
05-19 12:41:09.269  1245  1245 I SystemServiceManager: Starting com.android.server.media.MediaCommunicationService
05-19 12:41:09.272  1245  1245 D SystemServerTiming: AppCompatOverridesService
05-19 12:41:09.272  1245  1245 I SystemServiceManager: Starting com.android.server.compat.overrides.AppCompatOverridesService$Lifecycle
05-19 12:41:09.275  1245  1245 D SystemServerTiming: StartParallelSpaceManagerService
05-19 12:41:09.275  1245  1245 I SystemServiceManager: Starting com.android.server.derp.ParallelSpaceManagerService
05-19 12:41:09.280  1245  1245 D SystemServerTiming: PhaseActivityManagerReady
05-19 12:41:09.280  1245  1245 D SystemServerTiming: controllersReady
05-19 12:41:09.283  1245  1338 D SystemServerTimingAsync: InitThreadPoolExec:Update app-ops uidState in case package com.golgappa.studyrays changed
05-19 12:41:09.284  1245  1321 D SystemServerTimingAsync: InitThreadPoolExec:Update app-ops uidState in case package com.google.android.apps.youtube.music changed
05-19 12:41:09.284  1245  1337 D SystemServerTimingAsync: InitThreadPoolExec:Update app-ops uidState in case package idm.internet.download.manager.plus changed
05-19 12:41:09.284  1245  1353 D SystemServerTimingAsync: InitThreadPoolExec:Update app-ops uidState in case package oss.krtirtho.spotube changed
05-19 12:41:09.284  1245  1273 D SystemServerTimingAsync: InitThreadPoolExec:Update app-ops uidState in case package com.microsoft.office.word changed
05-19 12:41:09.284  1245  1363 D SystemServerTimingAsync: InitThreadPoolExec:Update app-ops uidState in case package com.google.android.videos changed
05-19 12:41:09.284  1245  1366 D SystemServerTimingAsync: InitThreadPoolExec:Update app-ops uidState in case package com.github.android changed
05-19 12:41:09.284  1245  1325 D SystemServerTimingAsync: InitThreadPoolExec:Update app-ops uidState in case package com.google.android.apps.docs changed
05-19 12:41:09.287  1245  1321 D SystemServerTimingAsync: InitThreadPoolExec:Update app-ops uidState in case package com.bittorrent.client changed
05-19 12:41:09.287  1245  1353 D SystemServerTimingAsync: InitThreadPoolExec:Update app-ops uidState in case package com.google.android.apps.bard changed
05-19 12:41:09.287  1245  1273 D SystemServerTimingAsync: InitThreadPoolExec:Update app-ops uidState in case package com.tempmail changed
05-19 12:41:09.287  1245  1338 D SystemServerTimingAsync: InitThreadPoolExec:Update app-ops uidState in case package com.openai.chatgpt changed
05-19 12:41:09.287  1245  1366 D SystemServerTimingAsync: InitThreadPoolExec:Update app-ops uidState in case package xyz.penpencil.physicswala changed
05-19 12:41:09.287  1245  1321 D SystemServerTimingAsync: InitThreadPoolExec:Update app-ops uidState in case package com.f0x1d.logfox changed
05-19 12:41:09.287  1245  1366 D SystemServerTimingAsync: InitThreadPoolExec:Update app-ops uidState in case package com.whatsapp changed
05-19 12:41:09.287  1245  1321 D SystemServerTimingAsync: InitThreadPoolExec:Update app-ops uidState in case package com.google.android.youtube changed
05-19 12:41:09.287  1245  1366 D SystemServerTimingAsync: InitThreadPoolExec:Update app-ops uidState in case package com.google.android.gm changed
05-19 12:41:09.287  1245  1321 D SystemServerTimingAsync: InitThreadPoolExec:Update app-ops uidState in case package com.supercell.brawlstars changed
05-19 12:41:09.287  1245  1325 D SystemServerTimingAsync: InitThreadPoolExec:Update app-ops uidState in case package tw.nekomimi.nekogram changed
05-19 12:41:09.287  1245  1366 D SystemServerTimingAsync: InitThreadPoolExec:Update app-ops uidState in case package ru.zdevs.zarchiver changed
05-19 12:41:09.287  1245  1338 D SystemServerTimingAsync: InitThreadPoolExec:Update app-ops uidState in case package app.netmirror.netmirror changed
05-19 12:41:09.287  1245  1366 D SystemServerTimingAsync: InitThreadPoolExec:Update app-ops uidState in case package com.android.cellbroadcastreceiver.module changed
05-19 12:41:09.287  1245  1338 D SystemServerTimingAsync: InitThreadPoolExec:Update app-ops uidState in case package android.ext.services changed
05-19 12:41:09.287  1245  1366 D SystemServerTimingAsync: InitThreadPoolExec:Update app-ops uidState in case package com.android.systemui changed
05-19 12:41:09.287  1245  1338 D SystemServerTimingAsync: InitThreadPoolExec:Update app-ops uidState in case package org.derpfest.prospect changed
05-19 12:41:09.287  1245  1366 D SystemServerTimingAsync: InitThreadPoolExec:Update app-ops uidState in case package com.android.launcher3 changed
05-19 12:41:09.287  1245  1353 D SystemServerTimingAsync: InitThreadPoolExec:Update app-ops uidState in case package com.discord changed
05-19 12:41:09.287  1245  1366 D SystemServerTimingAsync: InitThreadPoolExec:Update app-ops uidState in case package com.google.android.pixel.setupwizard changed
05-19 12:41:09.287  1245  1363 D SystemServerTimingAsync: InitThreadPoolExec:Update app-ops uidState in case package com.medium.reader changed
05-19 12:41:09.287  1245  1366 D SystemServerTimingAsync: InitThreadPoolExec:Update app-ops uidState in case package com.android.wallpaper changed
05-19 12:41:09.287  1245  1337 D SystemServerTimingAsync: InitThreadPoolExec:Update app-ops uidState in case package com.termux changed
05-19 12:41:09.288  1245  1363 D SystemServerTimingAsync: InitThreadPoolExec:Update app-ops uidState in case package com.google.android.gms.location.history changed
05-19 12:41:09.288  1245  1325 D SystemServerTimingAsync: InitThreadPoolExec:Update app-ops uidState in case package com.android.permissioncontroller changed
05-19 12:41:09.288  1245  1363 D SystemServerTimingAsync: InitThreadPoolExec:Update app-ops uidState in case package org.derpfest.flash changed
05-19 12:41:09.288  1245  1325 D SystemServerTimingAsync: InitThreadPoolExec:Update app-ops uidState in case package com.google.android.deskclock changed
05-19 12:41:09.288  1245  1321 D SystemServerTimingAsync: InitThreadPoolExec:Update app-ops uidState in case package com.android.providers.media.module changed
05-19 12:41:09.288  1245  1273 D SystemServerTimingAsync: InitThreadPoolExec:Update app-ops uidState in case package com.oyeah.alpha changed
05-19 12:41:09.288  1245  1321 D SystemServerTimingAsync: InitThreadPoolExec:Update app-ops uidState in case package com.google.android.tts changed
05-19 12:41:09.288  1245  1337 D SystemServerTimingAsync: InitThreadPoolExec:Update app-ops uidState in case package com.google.android.calendar changed
