--------- beginning of system
05-15 15:49:58.278   400   400 I vold    : Vold 3.0 (the awakening) firing up
05-15 15:49:58.279   400   400 D vold    : Detected support for: ext4 f2fs ntfs vfat
05-15 15:49:58.283   400   400 W vold    : [libfs_mgr]Warning: unknown flag: resize
05-15 15:49:58.285   400   400 D vold    : VoldNativeService::start() completed OK
05-15 15:49:58.743   443   443 I keystore2: keystore2_main: Keystore2 is starting.
05-15 15:49:58.744   443   443 I keystore2: keystore2_main: Setting up sqlite logging for keystore2
05-15 15:49:58.746   443   443 W keystore2: keystore2::metrics_store: In update_keystore_crash_sysprop: Failed to read the existing system property due to: In read_keystore_crash_count: Property not set..Therefore, keystore crashes will not be logged.
05-15 15:49:58.748   443   443 I keystore2: keystore2_main: Starting thread pool now.
05-15 15:49:58.771   400   400 I Checkpoint: cp_prepareCheckpoint called
05-15 15:49:58.783   400   400 I vold    : fscrypt_initialize_systemwide_keys
05-15 15:49:58.784   400   400 D vold    : Key exists, using: /data/unencrypted/key
05-15 15:49:58.819   443   455 I keystore2: keystore2::shared_secret_negotiation: Shared secret negotiation concluded successfully.
05-15 15:49:58.819   443   443 I keystore2: keystore2::globals: Add emulation wrapper around Keymaster device for security level: SecurityLevel(1)
05-15 15:49:58.819   443   455 I keystore2: keystore2::shared_secret_negotiation: No StrongBox Keymint available, so no RoT transfer
05-15 15:49:58.823   443   443 I keystore2: keystore2_main: Not publishing IRemotelyProvisionedKeyPool service: In new_native_binder: Failed to get TEE Remote Provisioner instance.
05-15 15:49:58.823   443   443 I keystore2: 
05-15 15:49:58.823   443   443 I keystore2: Caused by:
05-15 15:49:58.823   443   443 I keystore2:     0: In get_remotely_provisioned_component.
05-15 15:49:58.823   443   443 I keystore2:     1: In connect_remotely_provisioned_component.
05-15 15:49:58.823   443   443 I keystore2:     2: Error::Km(ErrorCode(-68))
05-15 15:49:58.823   443   443 I keystore2: keystore2_main: Successfully registered Keystore 2.0 service.
05-15 15:49:58.823   443   443 I keystore2: keystore2_main: Joining thread pool now.
05-15 15:49:58.827   400   400 I vold    : Kernel doesn't support FS_IOC_ADD_ENCRYPTION_KEY.  Falling back to session keyring
05-15 15:49:58.827   400   400 D vold    : Added key 603349333 (ext4:278fd1575a85ef9b) to keyring 951612303 in process 400
05-15 15:49:58.827   400   400 D vold    : Added key 280129308 (f2fs:278fd1575a85ef9b) to keyring 951612303 in process 400
05-15 15:49:58.827   400   400 D vold    : Added key 705323763 (fscrypt:278fd1575a85ef9b) to keyring 951612303 in process 400
05-15 15:49:58.832   400   400 I vold    : Wrote system DE key reference to:/data/unencrypted/ref
05-15 15:49:58.832   400   400 D vold    : Generating standard storage key
05-15 15:49:58.832   400   400 D vold    : Added key 198240175 (ext4:d3492f97772b7d90) to keyring 951612303 in process 400
05-15 15:49:58.832   400   400 D vold    : Added key 790362317 (f2fs:d3492f97772b7d90) to keyring 951612303 in process 400
05-15 15:49:58.832   400   400 D vold    : Added key 778819438 (fscrypt:d3492f97772b7d90) to keyring 951612303 in process 400
05-15 15:49:58.833   400   400 I vold    : Wrote per boot key reference to:/data/unencrypted/per_boot_ref
05-15 15:49:58.866   400   400 I incfs   : Initial API level of the device: 29
05-15 15:49:58.867   400   400 I incfs   : ro.incremental.enable: 
05-15 15:49:58.867   400   400 E incfs   : IncFs_Features: failed to open features dir, assuming v1/none.: No such file or directory
05-15 15:49:58.868   443   457 I keystore2: keystore2::maintenance: In early_boot_ended.
05-15 15:49:58.879   443   457 I keystore2: keystore2::globals: Touching Keystore 2.0 database for this first time since boot.
05-15 15:49:58.879   443   457 I keystore2: keystore2::globals: Calling cleanup leftovers.
05-15 15:49:58.886   443   457 I keystore2: keystore2::super_key: Starting boot level watcher.
05-15 15:49:58.886   443   457 I keystore2: keystore2::maintenance: Call to earlyBootEnded succeeded for security level TRUSTED_ENVIRONMENT.
05-15 15:49:58.886   443   475 I keystore2: keystore2::super_key: Read keystore.boot_level value 30
05-15 15:49:58.886   443   457 E keystore2: keystore2::maintenance: Call to earlyBootEnded failed for security level STRONGBOX: In call_with_watchdog: getting keymint device.
05-15 15:49:58.886   443   457 E keystore2: keystore2::error: In call_with_watchdog: getting keymint device
05-15 15:49:58.886   443   457 E keystore2: 
05-15 15:49:58.886   443   457 E keystore2: Caused by:
05-15 15:49:58.886   443   457 E keystore2:     0: In get_keymint_device.
05-15 15:49:58.886   443   457 E keystore2:     1: In connect_keymint: Trying to get Legacy wrapper.
05-15 15:49:58.886   443   457 E keystore2:     2: Error::Km(ErrorCode(-68))
05-15 15:49:58.886   443   475 I keystore2: keystore2::super_key: Read keystore.boot_level value 30
05-15 15:49:58.886   400   400 E vold    : keystore2 Keystore earlyBootEnded returned service specific error: -68
05-15 15:50:01.054   400   400 D vold    : fscrypt_init_user0
05-15 15:50:01.054   400   400 D vold    : Preparing: /data/misc/vold/user_keys
05-15 15:50:01.055   400   400 D vold    : Preparing: /data/misc/vold/user_keys/ce
05-15 15:50:01.055   400   400 D vold    : Preparing: /data/misc/vold/user_keys/de
05-15 15:50:01.060   400   400 D vold    : Added key 186970236 (ext4:b80eb78d50d66ba3) to keyring 951612303 in process 400
05-15 15:50:01.060   400   400 D vold    : Added key 750403749 (f2fs:b80eb78d50d66ba3) to keyring 951612303 in process 400
05-15 15:50:01.060   400   400 D vold    : Added key 747776773 (fscrypt:b80eb78d50d66ba3) to keyring 951612303 in process 400
05-15 15:50:01.060   400   400 D vold    : Installed de key for user 0
05-15 15:50:01.060   400   400 D vold    : fscrypt_prepare_user_storage for volume null, user 0, serial 0, flags 1
05-15 15:50:01.060   400   400 D vold    : Preparing: /data/system/users/0
05-15 15:50:01.060   400   400 D vold    : Preparing: /data/misc/profiles/cur/0
05-15 15:50:01.061   400   400 D vold    : Preparing: /data/system_de/0
05-15 15:50:01.061   400   400 D vold    : Preparing: /data/vendor_de/0
05-15 15:50:01.061   400   400 D vold    : Preparing: /data/misc_de/0
05-15 15:50:01.061   400   400 D vold    : Preparing: /data/user_de/0
05-15 15:50:01.062   400   400 I vold    : Verified that /data/system_de/0 has the encryption policy b80eb78d50d66ba3 v1 modes 1/4 flags 0x0
05-15 15:50:01.062   400   400 I vold    : Verified that /data/vendor_de/0 has the encryption policy b80eb78d50d66ba3 v1 modes 1/4 flags 0x0
05-15 15:50:01.063   400   400 I vold    : Verified that /data/misc_de/0 has the encryption policy b80eb78d50d66ba3 v1 modes 1/4 flags 0x0
05-15 15:50:01.063   400   400 I vold    : Verified that /data/user_de/0 has the encryption policy b80eb78d50d66ba3 v1 modes 1/4 flags 0x0
05-15 15:50:01.063   400   400 D vold    : /system/bin/vold_prepare_subdirs
05-15 15:50:01.063   400   400 D vold    :     prepare
05-15 15:50:01.063   400   400 D vold    :     
05-15 15:50:01.063   400   400 D vold    :     0
05-15 15:50:01.063   400   400 D vold    :     1
05-15 15:50:01.145   594   594 I odsign  : Trying to retrieve existing HMAC key...
05-15 15:50:01.146   594   594 I odsign  : Trying to retrieve existing keystore key...
05-15 15:50:01.152   594   594 I odsign  : Verified public key signature.
05-15 15:50:01.152   594   594 I odsign  : Initialized Keystore key.
05-15 15:50:01.152   594   594 I odsign  : Device doesn't support fsverity. Falling back to full verification.
05-15 15:50:01.219   595   595 I odrefresh: ART APEX version 330400000
05-15 15:50:01.219   595   595 I odrefresh: Factory ART APEX mounted.
05-15 15:50:01.220   595   595 I odrefresh: System properties are set to default values.
05-15 15:50:01.220   595   595 I odrefresh: Factory ART APEX mounted.
05-15 15:50:01.220   595   595 I odrefresh: System properties are set to default values.
05-15 15:50:01.220   595   595 I odrefresh: Factory APEXes mounted.
05-15 15:50:01.220   595   595 I odrefresh: System properties are set to default values.
05-15 15:50:01.224   594   594 I odsign  : Metrics report is empty
05-15 15:50:01.225   594   594 I odsign  : /data/misc/odsign/odsign.info not found.
05-15 15:50:01.226   594   594 I odsign  : odrefresh said artifacts are VALID
05-15 15:50:01.226   594   594 I odsign  : On-device signing done.
05-15 15:50:01.235   443   475 I keystore2: keystore2::super_key: keystore.boot_level 1000000000 hits maximum 1000000000, finishing.
05-15 15:50:01.729   400   410 I vold    : Found disk at /devices/platform/externdevice/mmc_host/mmc1/mmc1:59b4/block/mmcblk1 but delaying scan due to secure keyguard
05-15 15:50:01.990   710   710 I gsid    : no DSU: No such file or directory
05-15 15:50:02.433   773   773 I installd: installd firing up
05-15 15:50:02.498   777   777 I storaged: Unable to get AIDL health service, trying HIDL...
05-15 15:50:02.525   778   778 I wificond: wificond is starting up...
05-15 15:50:02.542   778   778 I HidlServiceManagement: Registered android.system.wifi.keystore@1.0::IKeystore/default
--------- beginning of crash
05-15 15:50:02.898   944   951 F libc    : Fatal signal 11 (SIGSEGV), code 1 (SEGV_MAPERR), fault addr 0x0 in tid 951 (android.hardwar), pid 944 (android.hardwar)
05-15 15:50:03.016   963   963 F DEBUG   : *** *** *** *** *** *** *** *** *** *** *** *** *** *** *** ***
05-15 15:50:03.017   963   963 F DEBUG   : Build fingerprint: 'Micromax/derp_yogurt/yogurt:13/TQ3A.230901.001/1747236957:userdebug/release-keys'
05-15 15:50:03.017   963   963 F DEBUG   : Revision: '0'
05-15 15:50:03.017   963   963 F DEBUG   : ABI: 'arm64'
05-15 15:50:03.017   963   963 F DEBUG   : Timestamp: 2025-05-15 15:50:02.959617338+0530
05-15 15:50:03.017   963   963 F DEBUG   : Process uptime: 2s
05-15 15:50:03.017   963   963 F DEBUG   : Cmdline: /vendor/bin/hw/android.hardware.biometrics.fingerprint@2.1-service.yogurt
05-15 15:50:03.018   963   963 F DEBUG   : pid: 944, tid: 951, name: android.hardwar  >>> /vendor/bin/hw/android.hardware.biometrics.fingerprint@2.1-service.yogurt <<<
05-15 15:50:03.018   963   963 F DEBUG   : uid: 1000
05-15 15:50:03.018   963   963 F DEBUG   : signal 11 (SIGSEGV), code 1 (SEGV_MAPERR), fault addr 0x0000000000000000
05-15 15:50:03.018   963   963 F DEBUG   : Cause: null pointer dereference
05-15 15:50:03.018   963   963 F DEBUG   :     x0  0000007b5d005808  x1  0000000000000000  x2  0000000000000000  x3  0000000000000000
05-15 15:50:03.018   963   963 F DEBUG   :     x4  0000000000000001  x5  0000000000000000  x6  0000007b638f3000  x7  000000000000105e
05-15 15:50:03.018   963   963 F DEBUG   :     x8  e859f6c094c3dc00  x9  0000007b5eb7b000  x10 0000000000000001  x11 0000007ac0000000
05-15 15:50:03.018   963   963 F DEBUG   :     x12 0000007b5d0058e0  x13 0000000000000000  x14 0000000000000228  x15 00000c406b284024
05-15 15:50:03.018   963   963 F DEBUG   :     x16 0000007b5eb7ba88  x17 0000007b5eb6ac38  x18 0000007ad9ed0000  x19 0000007b5d005808
05-15 15:50:03.018   963   963 F DEBUG   :     x20 0000007adcbac178  x21 0000000000000000  x22 0000007adc980000  x23 0000007ac0000000
05-15 15:50:03.018   963   963 F DEBUG   :     x24 000000000000000b  x25 0000007adc97fcb0  x26 0000007adc97fff8  x27 00000000000fc000
05-15 15:50:03.018   963   963 F DEBUG   :     x28 00000000000fe000  x29 0000007adc97f790
05-15 15:50:03.018   963   963 F DEBUG   :     lr  0000007b5eac26c8  sp  0000007adc97f780  pc  0000007b5eae1b94  pst 0000000080001000
05-15 15:50:03.018   963   963 F DEBUG   : backtrace:
05-15 15:50:03.018   963   963 F DEBUG   :       #00 pc 0000000000072b94  /apex/com.android.runtime/lib64/bionic/libc.so (je_large_dalloc+52) (BuildId: 6e75f65a4c116d6f37b8361b4f491f36)
05-15 15:50:03.018   963   963 F DEBUG   :       #01 pc 00000000000536c4  /apex/com.android.runtime/lib64/bionic/libc.so (arena_dalloc_no_tcache+636) (BuildId: 6e75f65a4c116d6f37b8361b4f491f36)
05-15 15:50:03.018   963   963 F DEBUG   :       #02 pc 000000000004f8b8  /apex/com.android.runtime/lib64/bionic/libc.so (je_free+744) (BuildId: 6e75f65a4c116d6f37b8361b4f491f36)
05-15 15:50:03.018   963   963 F DEBUG   :       #03 pc 000000000000efb4  /apex/com.android.vndk.v33/lib64/libutils.so (android::RefBase::decStrong(void const*) const+108) (BuildId: e15da9cb0a03c10940c3d40ef2b5dbaa)
05-15 15:50:03.018   963   963 F DEBUG   :       #04 pc 00000000000673a8  /vendor/lib64/hw/fingerprint.default.so (BuildId: c5e613c15325555b1ec17dfb770f5e2c3cb347e1)
05-15 15:50:03.018   963   963 F DEBUG   :       #05 pc 00000000000faf9c  /apex/com.android.runtime/lib64/bionic/libc.so (__pthread_start(void*)+208) (BuildId: 6e75f65a4c116d6f37b8361b4f491f36)
05-15 15:50:03.019   963   963 F DEBUG   :       #06 pc 000000000008e0cc  /apex/com.android.runtime/lib64/bionic/libc.so (__start_thread+64) (BuildId: 6e75f65a4c116d6f37b8361b4f491f36)
05-15 15:50:04.432  1226  1229 D BootAnimation: BootAnimationShownTiming start time: 8558ms
05-15 15:50:06.659  1248  1248 D SystemServerTiming: InitBeforeStartServices
05-15 15:50:06.661  1248  1248 I SystemServer: Entered the Android system server!
05-15 15:50:06.661  1248  1248 I DerpFest: Welcome to DerpFest! We believe that you'll love it. Ready to... uh... Tango!
05-15 15:50:06.823  1248  1248 I SystemServerInitThreadPool: Creating instance with 8 threads
05-15 15:50:07.575   777   777 E storaged: getService package_native failed
05-15 15:50:07.578   777  1271 I storaged: storaged: Start
05-15 15:50:07.795  1248  1248 D SystemServerTiming: StartServices
05-15 15:50:07.795  1248  1248 D SystemServerTiming: startBootstrapServices
05-15 15:50:07.795  1248  1248 D SystemServerTiming: StartWatchdog
05-15 15:50:07.803  1248  1248 I SystemServer: Reading configuration...
05-15 15:50:07.803  1248  1248 D SystemServerTiming: ReadingSystemConfig
05-15 15:50:07.804  1248  1248 D SystemServerTiming: PlatformCompat
05-15 15:50:07.804  1248  1282 D SystemServerTimingAsync: InitThreadPoolExec:ReadingSystemConfig
05-15 15:50:07.804  1248  1248 D CompatConfig: Found a config file: /system/etc/compatconfig/services-platform-compat-config.xml
05-15 15:50:07.805  1248  1282 I SystemConfig: Reading permissions from /system/etc/sysconfig/preinstalled-packages-com.android.providers.media.module.xml
05-15 15:50:07.806  1248  1248 D CompatConfig: Adding: com.android.server.compat.config.Change@c42b554
05-15 15:50:07.806  1248  1248 D CompatConfig: Adding: com.android.server.compat.config.Change@e9efcfd
05-15 15:50:07.806  1248  1248 D CompatConfig: Adding: com.android.server.compat.config.Change@374fdf2
05-15 15:50:07.806  1248  1248 D CompatConfig: Adding: com.android.server.compat.config.Change@95c0c43
05-15 15:50:07.806  1248  1248 D CompatConfig: Adding: com.android.server.compat.config.Change@6bfd2c0
05-15 15:50:07.806  1248  1248 D CompatConfig: Adding: com.android.server.compat.config.Change@2636bf9
05-15 15:50:07.806  1248  1248 D CompatConfig: Adding: com.android.server.compat.config.Change@ad1073e
05-15 15:50:07.806  1248  1248 D CompatConfig: Adding: com.android.server.compat.config.Change@329299f
05-15 15:50:07.806  1248  1248 D CompatConfig: Adding: com.android.server.compat.config.Change@32f5aec
05-15 15:50:07.806  1248  1248 D CompatConfig: Adding: com.android.server.compat.config.Change@765ceb5
05-15 15:50:07.806  1248  1248 D CompatConfig: Adding: com.android.server.compat.config.Change@52594a
05-15 15:50:07.806  1248  1248 D CompatConfig: Adding: com.android.server.compat.config.Change@380c0bb
05-15 15:50:07.806  1248  1248 D CompatConfig: Adding: com.android.server.compat.config.Change@42d39d8
05-15 15:50:07.806  1248  1248 D CompatConfig: Adding: com.android.server.compat.config.Change@3f1a131
05-15 15:50:07.806  1248  1248 D CompatConfig: Adding: com.android.server.compat.config.Change@9e4c016
05-15 15:50:07.806  1248  1248 D CompatConfig: Adding: com.android.server.compat.config.Change@ff0ad97
05-15 15:50:07.806  1248  1248 D CompatConfig: Adding: com.android.server.compat.config.Change@8281b84
05-15 15:50:07.806  1248  1248 D CompatConfig: Adding: com.android.server.compat.config.Change@d8e1f6d
05-15 15:50:07.807  1248  1248 D CompatConfig: Adding: com.android.server.compat.config.Change@e64c7a2
05-15 15:50:07.807  1248  1248 D CompatConfig: Adding: com.android.server.compat.config.Change@f088c33
05-15 15:50:07.807  1248  1248 D CompatConfig: Adding: com.android.server.compat.config.Change@3cd6bf0
05-15 15:50:07.807  1248  1248 D CompatConfig: Adding: com.android.server.compat.config.Change@fa4569
05-15 15:50:07.807  1248  1248 D CompatConfig: Adding: com.android.server.compat.config.Change@3ebbbee
05-15 15:50:07.807  1248  1248 D CompatConfig: Adding: com.android.server.compat.config.Change@6b5b88f
05-15 15:50:07.807  1248  1248 D CompatConfig: Adding: com.android.server.compat.config.Change@735571c
05-15 15:50:07.807  1248  1248 D CompatConfig: Adding: com.android.server.compat.config.Change@de8cf25
05-15 15:50:07.807  1248  1248 D CompatConfig: Adding: com.android.server.compat.config.Change@6dba8fa
05-15 15:50:07.807  1248  1248 D CompatConfig: Adding: com.android.server.compat.config.Change@45f4eab
05-15 15:50:07.807  1248  1248 D CompatConfig: Adding: com.android.server.compat.config.Change@9cec908
05-15 15:50:07.807  1248  1248 D CompatConfig: Adding: com.android.server.compat.config.Change@27c38a1
05-15 15:50:07.807  1248  1248 D CompatConfig: Adding: com.android.server.compat.config.Change@ac22a87
05-15 15:50:07.807  1248  1248 D CompatConfig: Adding: com.android.server.compat.config.Change@90b6db4
05-15 15:50:07.807  1248  1248 D CompatConfig: Adding: com.android.server.compat.config.Change@282bddd
05-15 15:50:07.807  1248  1248 D CompatConfig: Adding: com.android.server.compat.config.Change@d725d52
05-15 15:50:07.807  1248  1282 I SystemConfig: Reading permissions from /system/etc/sysconfig/framework-sysconfig.xml
05-15 15:50:07.807  1248  1248 D CompatConfig: Adding: com.android.server.compat.config.Change@18ce823
05-15 15:50:07.807  1248  1248 D CompatConfig: Adding: com.android.server.compat.config.Change@5cbb120
05-15 15:50:07.807  1248  1248 D CompatConfig: Adding: com.android.server.compat.config.Change@6725ad9
05-15 15:50:07.807  1248  1248 D CompatConfig: Adding: com.android.server.compat.config.Change@334fc9e
05-15 15:50:07.807  1248  1248 D CompatConfig: Adding: com.android.server.compat.config.Change@2bbe37f
05-15 15:50:07.807  1248  1248 D CompatConfig: Adding: com.android.server.compat.config.Change@c8abf4c
05-15 15:50:07.807  1248  1248 D CompatConfig: Adding: com.android.server.compat.config.Change@e24cb95
05-15 15:50:07.807  1248  1248 D CompatConfig: Adding: com.android.server.compat.config.Change@5f044aa
05-15 15:50:07.807  1248  1248 D CompatConfig: Adding: com.android.server.compat.config.Change@1b5389b
05-15 15:50:07.807  1248  1248 D CompatConfig: Adding: com.android.server.compat.config.Change@44a8438
05-15 15:50:07.807  1248  1248 D CompatConfig: Adding: com.android.server.compat.config.Change@3538c11
05-15 15:50:07.807  1248  1248 D CompatConfig: Adding: com.android.server.compat.config.Change@5660176
05-15 15:50:07.807  1248  1248 D CompatConfig: Adding: com.android.server.compat.config.Change@824c377
05-15 15:50:07.807  1248  1248 D CompatConfig: Adding: com.android.server.compat.config.Change@3fabe4
05-15 15:50:07.807  1248  1248 D CompatConfig: Adding: com.android.server.compat.config.Change@7d3d84d
05-15 15:50:07.807  1248  1248 D CompatConfig: Adding: com.android.server.compat.config.Change@9a8bf02
05-15 15:50:07.807  1248  1248 D CompatConfig: Adding: com.android.server.compat.config.Change@4982013
05-15 15:50:07.807  1248  1248 D CompatConfig: Adding: com.android.server.compat.config.Change@3da250
05-15 15:50:07.807  1248  1248 D CompatConfig: Adding: com.android.server.compat.config.Change@b92ac49
05-15 15:50:07.807  1248  1248 D CompatConfig: Adding: com.android.server.compat.config.Change@767c94e
05-15 15:50:07.807  1248  1248 D CompatConfig: Adding: com.android.server.compat.config.Change@6daaa6f
05-15 15:50:07.807  1248  1248 D CompatConfig: Adding: com.android.server.compat.config.Change@be2937c
05-15 15:50:07.807  1248  1248 D CompatConfig: Adding: com.android.server.compat.config.Change@650c405
05-15 15:50:07.808  1248  1248 D CompatConfig: Adding: com.android.server.compat.config.Change@cfb2c5a
05-15 15:50:07.808  1248  1248 D CompatConfig: Adding: com.android.server.compat.config.Change@6117e8b
05-15 15:50:07.808  1248  1248 D CompatConfig: Adding: com.android.server.compat.config.Change@4836b68
05-15 15:50:07.808  1248  1248 D CompatConfig: Adding: com.android.server.compat.config.Change@11e9b81
05-15 15:50:07.808  1248  1248 D CompatConfig: Adding: com.android.server.compat.config.Change@42fb426
05-15 15:50:07.808  1248  1248 D CompatConfig: Adding: com.android.server.compat.config.Change@c977867
05-15 15:50:07.808  1248  1248 D CompatConfig: Adding: com.android.server.compat.config.Change@9d7d614
05-15 15:50:07.808  1248  1248 D CompatConfig: Adding: com.android.server.compat.config.Change@b986ebd
05-15 15:50:07.808  1248  1282 I SystemConfig: Reading permissions from /system/etc/sysconfig/hiddenapi-package-whitelist.xml
05-15 15:50:07.809  1248  1248 D CompatConfig: Found a config file: /system/etc/compatconfig/framework-platform-compat-config.xml
05-15 15:50:07.809  1248  1282 I SystemConfig: Reading permissions from /system/etc/sysconfig/preinstalled-packages-platform-full-base.xml
05-15 15:50:07.810  1248  1282 I SystemConfig: Reading permissions from /system/etc/sysconfig/hiddenapi-whitelist-org.pixelexperience.faceunlock.xml
05-15 15:50:07.811  1248  1282 I SystemConfig: Reading permissions from /system/etc/sysconfig/preinstalled-packages-platform.xml
05-15 15:50:07.812  1248  1248 D CompatConfig: Adding: com.android.server.compat.config.Change@8710d5f
05-15 15:50:07.812  1248  1248 D CompatConfig: Adding: com.android.server.compat.config.Change@afd3ac
05-15 15:50:07.812  1248  1248 D CompatConfig: Adding: com.android.server.compat.config.Change@63b875
05-15 15:50:07.812  1248  1248 D CompatConfig: Adding: com.android.server.compat.config.Change@c27600a
05-15 15:50:07.812  1248  1248 D CompatConfig: Adding: com.android.server.compat.config.Change@dc3207b
05-15 15:50:07.812  1248  1248 D CompatConfig: Adding: com.android.server.compat.config.Change@a1c7e98
05-15 15:50:07.812  1248  1248 D CompatConfig: Adding: com.android.server.compat.config.Change@e4466f1
05-15 15:50:07.812  1248  1248 D CompatConfig: Adding: com.android.server.compat.config.Change@9e372d6
05-15 15:50:07.812  1248  1248 D CompatConfig: Adding: com.android.server.compat.config.Change@a594957
05-15 15:50:07.812  1248  1248 D CompatConfig: Adding: com.android.server.compat.config.Change@ca6ec44
05-15 15:50:07.812  1248  1248 D CompatConfig: Adding: com.android.server.compat.config.Change@fa7812d
05-15 15:50:07.812  1248  1248 D CompatConfig: Adding: com.android.server.compat.config.Change@97be662
05-15 15:50:07.812  1248  1248 D CompatConfig: Adding: com.android.server.compat.config.Change@bbf23f3
05-15 15:50:07.812  1248  1248 D CompatConfig: Adding: com.android.server.compat.config.Change@e4888b0
05-15 15:50:07.812  1248  1248 D CompatConfig: Adding: com.android.server.compat.config.Change@6a80329
05-15 15:50:07.812  1248  1248 D CompatConfig: Adding: com.android.server.compat.config.Change@29e0c4f
05-15 15:50:07.812  1248  1248 D CompatConfig: Adding: com.android.server.compat.config.Change@9257fdc
05-15 15:50:07.812  1248  1248 D CompatConfig: Adding: com.android.server.compat.config.Change@214a8e5
05-15 15:50:07.812  1248  1282 I SystemConfig: Reading permissions from /system/etc/permissions/com.android.intentresolver.xml
05-15 15:50:07.813  1248  1248 D CompatConfig: Adding: com.android.server.compat.config.Change@45fdfba
05-15 15:50:07.813  1248  1248 D CompatConfig: Adding: com.android.server.compat.config.Change@6d91e6b
05-15 15:50:07.813  1248  1248 D CompatConfig: Adding: com.android.server.compat.config.Change@378bdc8
05-15 15:50:07.813  1248  1248 D CompatConfig: Adding: com.android.server.compat.config.Change@4ebee61
05-15 15:50:07.813  1248  1248 D CompatConfig: Adding: com.android.server.compat.config.Change@b1c3d86
05-15 15:50:07.813  1248  1248 D CompatConfig: Adding: com.android.server.compat.config.Change@1693647
05-15 15:50:07.813  1248  1248 D CompatConfig: Adding: com.android.server.compat.config.Change@a3fee74
05-15 15:50:07.813  1248  1248 D CompatConfig: Adding: com.android.server.compat.config.Change@9980f9d
05-15 15:50:07.813  1248  1248 D CompatConfig: Adding: com.android.server.compat.config.Change@aeeac12
05-15 15:50:07.813  1248  1248 D CompatConfig: Adding: com.android.server.compat.config.Change@7f8efe3
05-15 15:50:07.813  1248  1248 D CompatConfig: Adding: com.android.server.compat.config.Change@aa77de0
05-15 15:50:07.813  1248  1248 D CompatConfig: Adding: com.android.server.compat.config.Change@ceb0899
05-15 15:50:07.813  1248  1248 D CompatConfig: Adding: com.android.server.compat.config.Change@c07775e
05-15 15:50:07.813  1248  1248 D CompatConfig: Adding: com.android.server.compat.config.Change@640a73f
05-15 15:50:07.814  1248  1248 D CompatConfig: Adding: com.android.server.compat.config.Change@636980c
05-15 15:50:07.814  1248  1248 D CompatConfig: Adding: com.android.server.compat.config.Change@cda9555
05-15 15:50:07.814  1248  1248 D CompatConfig: Adding: com.android.server.compat.config.Change@74fab6a
05-15 15:50:07.814  1248  1248 D CompatConfig: Adding: com.android.server.compat.config.Change@122785b
05-15 15:50:07.814  1248  1248 D CompatConfig: Adding: com.android.server.compat.config.Change@dbb28f8
05-15 15:50:07.814  1248  1248 D CompatConfig: Adding: com.android.server.compat.config.Change@6fc31d1
05-15 15:50:07.814  1248  1248 D CompatConfig: Adding: com.android.server.compat.config.Change@9351436
05-15 15:50:07.814  1248  1248 D CompatConfig: Adding: com.android.server.compat.config.Change@f863f37
05-15 15:50:07.814  1248  1248 D CompatConfig: Adding: com.android.server.compat.config.Change@ef5dca4
05-15 15:50:07.814  1248  1248 D CompatConfig: Adding: com.android.server.compat.config.Change@2c11a0d
05-15 15:50:07.814  1248  1248 D CompatConfig: Adding: com.android.server.compat.config.Change@5363dc2
05-15 15:50:07.814  1248  1248 D CompatConfig: Adding: com.android.server.compat.config.Change@4f597d3
05-15 15:50:07.814  1248  1248 D CompatConfig: Adding: com.android.server.compat.config.Change@1061f10
05-15 15:50:07.814  1248  1248 D CompatConfig: Adding: com.android.server.compat.config.Change@3724a09
05-15 15:50:07.814  1248  1248 D CompatConfig: Adding: com.android.server.compat.config.Change@9f7de2f
05-15 15:50:07.814  1248  1248 D CompatConfig: Adding: com.android.server.compat.config.Change@b961c3c
05-15 15:50:07.814  1248  1248 D CompatConfig: Adding: com.android.server.compat.config.Change@dec7dc5
05-15 15:50:07.814  1248  1282 I SystemConfig: Reading permissions from /system/etc/permissions/privapp-permissions-google.xml
05-15 15:50:07.814  1248  1248 D CompatConfig: Adding: com.android.server.compat.config.Change@761c31a
05-15 15:50:07.814  1248  1248 D CompatConfig: Adding: com.android.server.compat.config.Change@e2e2e4b
05-15 15:50:07.814  1248  1248 D CompatConfig: Adding: com.android.server.compat.config.Change@4c6c028
05-15 15:50:07.814  1248  1248 D CompatConfig: Adding: com.android.server.compat.config.Change@e1c3141
05-15 15:50:07.814  1248  1248 D CompatConfig: Adding: com.android.server.compat.config.Change@248f6e6
05-15 15:50:07.814  1248  1248 D CompatConfig: Adding: com.android.server.compat.config.Change@2f6427
05-15 15:50:07.814  1248  1248 D CompatConfig: Adding: com.android.server.compat.config.Change@1dbb6d4
05-15 15:50:07.814  1248  1248 D CompatConfig: Adding: com.android.server.compat.config.Change@839a07d
05-15 15:50:07.814  1248  1248 D CompatConfig: Adding: com.android.server.compat.config.Change@d1d9b72
05-15 15:50:07.814  1248  1248 D CompatConfig: Adding: com.android.server.compat.config.Change@7241bc3
05-15 15:50:07.815  1248  1248 D CompatConfig: Adding: com.android.server.compat.config.Change@6a76c40
05-15 15:50:07.815  1248  1248 D CompatConfig: Adding: com.android.server.compat.config.Change@1c4c779
05-15 15:50:07.815  1248  1248 D CompatConfig: Adding: com.android.server.compat.config.Change@625fcbe
05-15 15:50:07.815  1248  1248 D CompatConfig: Adding: com.android.server.compat.config.Change@a22b11f
05-15 15:50:07.815  1248  1248 D CompatConfig: Adding: com.android.server.compat.config.Change@fb70c6c
05-15 15:50:07.815  1248  1248 D CompatConfig: Adding: com.android.server.compat.config.Change@e416235
05-15 15:50:07.815  1248  1248 D CompatConfig: Adding: com.android.server.compat.config.Change@7c126ca
05-15 15:50:07.815  1248  1248 D CompatConfig: Adding: com.android.server.compat.config.Change@14b403b
05-15 15:50:07.815  1248  1248 D CompatConfig: Adding: com.android.server.compat.config.Change@33e8358
05-15 15:50:07.815  1248  1248 D CompatConfig: Adding: com.android.server.compat.config.Change@bb2ecb1
05-15 15:50:07.815  1248  1248 D CompatConfig: Adding: com.android.server.compat.config.Change@132e596
05-15 15:50:07.815  1248  1248 D CompatConfig: Adding: com.android.server.compat.config.Change@ca3a517
05-15 15:50:07.815  1248  1248 D CompatConfig: Adding: com.android.server.compat.config.Change@4c47d04
05-15 15:50:07.815  1248  1248 D CompatConfig: Adding: com.android.server.compat.config.Change@ad8a2ed
05-15 15:50:07.815  1248  1248 D CompatConfig: Adding: com.android.server.compat.config.Change@2fc522
05-15 15:50:07.815  1248  1248 D CompatConfig: Adding: com.android.server.compat.config.Change@cb37bb3
05-15 15:50:07.816  1248  1248 D CompatConfig: Adding: com.android.server.compat.config.Change@78e6570
05-15 15:50:07.816  1248  1248 D CompatConfig: Adding: com.android.server.compat.config.Change@729116e
05-15 15:50:07.816  1248  1248 D CompatConfig: Adding: com.android.server.compat.config.Change@8e0200f
05-15 15:50:07.816  1248  1282 I SystemConfig: Reading permissions from /system/etc/permissions/org.apache.http.legacy.xml
05-15 15:50:07.816  1248  1248 D CompatConfig: Adding: com.android.server.compat.config.Change@bcc689c
05-15 15:50:07.816  1248  1248 D CompatConfig: Adding: com.android.server.compat.config.Change@29042a5
05-15 15:50:07.816  1248  1248 D CompatConfig: Adding: com.android.server.compat.config.Change@c58d67a
05-15 15:50:07.816  1248  1248 D CompatConfig: Adding: com.android.server.compat.config.Change@f88ae2b
05-15 15:50:07.816  1248  1248 D CompatConfig: Adding: com.android.server.compat.config.Change@2857288
05-15 15:50:07.816  1248  1248 D CompatConfig: Adding: com.android.server.compat.config.Change@8e76421
05-15 15:50:07.816  1248  1248 D CompatConfig: Adding: com.android.server.compat.config.Change@d8de046
05-15 15:50:07.816  1248  1248 D CompatConfig: Adding: com.android.server.compat.config.Change@be20207
05-15 15:50:07.816  1248  1248 D CompatConfig: Adding: com.android.server.compat.config.Change@4432f34
05-15 15:50:07.816  1248  1248 D CompatConfig: Adding: com.android.server.compat.config.Change@f35215d
05-15 15:50:07.816  1248  1248 D CompatConfig: Adding: com.android.server.compat.config.Change@4b7bad2
05-15 15:50:07.816  1248  1248 D CompatConfig: Adding: com.android.server.compat.config.Change@d92b7a3
05-15 15:50:07.816  1248  1248 D CompatConfig: Adding: com.android.server.compat.config.Change@67e0aa0
05-15 15:50:07.816  1248  1248 D CompatConfig: Adding: com.android.server.compat.config.Change@2a77659
05-15 15:50:07.816  1248  1248 D CompatConfig: Adding: com.android.server.compat.config.Change@932b21e
05-15 15:50:07.817  1248  1248 D CompatConfig: Adding: com.android.server.compat.config.Change@e0f2aff
05-15 15:50:07.817  1248  1248 D CompatConfig: Adding: com.android.server.compat.config.Change@bc930cc
05-15 15:50:07.817  1248  1248 D CompatConfig: Adding: com.android.server.compat.config.Change@b501f15
05-15 15:50:07.817  1248  1248 D CompatConfig: Adding: com.android.server.compat.config.Change@fb5781b
05-15 15:50:07.817  1248  1248 D CompatConfig: Adding: com.android.server.compat.config.Change@abe8db8
05-15 15:50:07.817  1248  1248 D CompatConfig: Adding: com.android.server.compat.config.Change@6a09791
05-15 15:50:07.817  1248  1248 D CompatConfig: Adding: com.android.server.compat.config.Change@bb4e6f6
05-15 15:50:07.817  1248  1282 I SystemConfig: Reading permissions from /system/etc/permissions/android.test.mock.xml
05-15 15:50:07.818  1248  1248 D CompatConfig: Found a config file: /system/etc/compatconfig/icu4j-platform-compat-config.xml
05-15 15:50:07.819  1248  1282 I SystemConfig: Reading permissions from /system/etc/permissions/privapp-permissions-platform.xml
05-15 15:50:07.819  1248  1248 D CompatConfig: Adding: com.android.server.compat.config.Change@da61bcd
05-15 15:50:07.820  1248  1248 D CompatConfig: Found a config file: /system/etc/compatconfig/calendar-provider-compat-config.xml
05-15 15:50:07.820  1248  1248 D CompatConfig: Adding: com.android.server.compat.config.Change@b70cf93
05-15 15:50:07.821  1248  1248 D CompatConfig: Found a config file: /system/etc/compatconfig/contacts-provider-platform-compat-config.xml
05-15 15:50:07.822  1248  1282 I SystemConfig: Reading permissions from /system/etc/permissions/android.test.runner.xml
05-15 15:50:07.822  1248  1248 D CompatConfig: Found a config file: /system/etc/compatconfig/documents-ui-compat-config.xml
05-15 15:50:07.823  1248  1282 I SystemConfig: Reading permissions from /system/etc/permissions/javax.obex.xml
05-15 15:50:07.823  1248  1248 D CompatConfig: Adding: com.android.server.compat.config.Change@e6064fc
05-15 15:50:07.823  1248  1248 D CompatConfig: Found a config file: /system/etc/compatconfig/TeleService-platform-compat-config.xml
05-15 15:50:07.824  1248  1282 I SystemConfig: Reading permissions from /system/etc/permissions/com.android.media.remotedisplay.xml
05-15 15:50:07.824  1248  1248 D CompatConfig: Adding: com.android.server.compat.config.Change@a609e0b
05-15 15:50:07.824  1248  1248 D CompatConfig: Adding: com.android.server.compat.config.Change@d858701
05-15 15:50:07.824  1248  1282 I SystemConfig: Reading permissions from /system/etc/permissions/android.software.nfc.beam.xml
05-15 15:50:07.824  1248  1248 D CompatConfig: Adding: com.android.server.compat.config.Change@cc2f9a6
05-15 15:50:07.824  1248  1248 D CompatConfig: Adding: com.android.server.compat.config.Change@3790fe7
05-15 15:50:07.824  1248  1248 D CompatConfig: Adding: com.android.server.compat.config.Change@10e5794
05-15 15:50:07.825  1248  1248 D CompatConfig: Adding: com.android.server.compat.config.Change@242923d
05-15 15:50:07.825  1248  1282 I SystemConfig: Reading permissions from /system/etc/permissions/com.android.future.usb.accessory.xml
05-15 15:50:07.825  1248  1248 D CompatConfig: Found a config file: /system/system_ext/etc/compatconfig/settings-platform-compat-config.xml
05-15 15:50:07.826  1248  1282 I SystemConfig: Reading permissions from /system/etc/permissions/android.test.base.xml
05-15 15:50:07.826  1248  1248 D CompatConfig: Adding: com.android.server.compat.config.Change@6cb1539
05-15 15:50:07.827  1248  1282 I SystemConfig: Reading permissions from /system/etc/permissions/android.software.webview.xml
05-15 15:50:07.827  1248  1248 D ApexManagerTiming: getActiveApexInfos_noCache
05-15 15:50:07.827  1248  1282 I SystemConfig: Reading permissions from /system/etc/permissions/com.android.mediadrm.signer.xml
05-15 15:50:07.828  1248  1282 I SystemConfig: Reading permissions from /system/etc/permissions/android.hardware.fingerprint.xml
05-15 15:50:07.829  1248  1282 I SystemConfig: Reading permissions from /system/etc/permissions/com.android.networkstack.xml
05-15 15:50:07.829  1248  1282 I SystemConfig: Reading permissions from /system/etc/permissions/com.android.location.provider.xml
05-15 15:50:07.830  1248  1282 I SystemConfig: Reading permissions from /system/etc/permissions/privapp_allowlist_com.android.adservices.api.xml
05-15 15:50:07.831  1248  1282 I SystemConfig: Reading permissions from /system/etc/permissions/android.hardware.biometrics.face.xml
05-15 15:50:07.832  1248  1282 I SystemConfig: Reading permissions from /system/etc/permissions/privapp_allowlist_com.android.providers.media.module.xml
05-15 15:50:07.832  1248  1282 I SystemConfig: Reading permissions from /system/etc/permissions/android.software.live_wallpaper.xml
05-15 15:50:07.833  1248  1282 I SystemConfig: Reading permissions from /system/etc/permissions/privapp-permissions-mediatek.xml
05-15 15:50:07.839  1248  1282 I SystemConfig: Reading permissions from /system/etc/permissions/privapp-permissions-org.pixelexperience.faceunlock.xml
05-15 15:50:07.840  1248  1248 D CompatConfig: Found a config file: /apex/com.android.mediaprovider/etc/compatconfig/media-provider-platform-compat-config.xml
05-15 15:50:07.840  1248  1282 I SystemConfig: Reading permissions from /system/etc/permissions/platform.xml
05-15 15:50:07.840  1248  1248 D CompatConfig: Adding: com.android.server.compat.config.Change@ba579b6
05-15 15:50:07.841  1248  1248 D CompatConfig: Adding: com.android.server.compat.config.Change@94e76b7
05-15 15:50:07.841  1248  1248 D CompatConfig: Adding: com.android.server.compat.config.Change@71e7e24
05-15 15:50:07.841  1248  1248 D CompatConfig: Adding: com.android.server.compat.config.Change@642dd8d
05-15 15:50:07.841  1248  1248 D CompatConfig: Adding: com.android.server.compat.config.Change@2077b42
05-15 15:50:07.841  1248  1248 D CompatConfig: Adding: com.android.server.compat.config.Change@bc9c753
05-15 15:50:07.841  1248  1248 D CompatConfig: Adding: com.android.server.compat.config.Change@cd75890
05-15 15:50:07.842  1248  1248 D CompatConfig: Found a config file: /apex/com.android.wifi/etc/compatconfig/wifi-compat-config.xml
05-15 15:50:07.843  1248  1282 I SystemConfig: Reading permissions from /vendor/etc/permissions/android.hardware.sensor.accelerometer.xml
05-15 15:50:07.843  1248  1248 D CompatConfig: Adding: com.android.server.compat.config.Change@e9f85af
05-15 15:50:07.843  1248  1248 D CompatConfig: Adding: com.android.server.compat.config.Change@9016dbc
05-15 15:50:07.844  1248  1282 I SystemConfig: Reading permissions from /vendor/etc/permissions/android.hardware.camera.full.xml
05-15 15:50:07.845  1248  1248 D CompatConfig: No directory /apex/com.android.permission/etc/compatconfig, skipping
05-15 15:50:07.845  1248  1282 I SystemConfig: Reading permissions from /vendor/etc/permissions/android.hardware.wifi.direct.xml
05-15 15:50:07.845  1248  1248 D CompatConfig: No directory /apex/com.android.sdkext/etc/compatconfig, skipping
05-15 15:50:07.845  1248  1282 I SystemConfig: Reading permissions from /vendor/etc/permissions/android.hardware.vulkan.version.xml
05-15 15:50:07.846  1248  1248 D CompatConfig: Found a config file: /apex/com.android.tethering/etc/compatconfig/connectivity-platform-compat-config.xml
05-15 15:50:07.846  1248  1282 I SystemConfig: Reading permissions from /vendor/etc/permissions/android.software.ipsec_tunnels.xml
05-15 15:50:07.846  1248  1248 D CompatConfig: Adding: com.android.server.compat.config.Change@25dbc66
05-15 15:50:07.847  1248  1282 I SystemConfig: Reading permissions from /vendor/etc/permissions/android.hardware.touchscreen.multitouch.xml
05-15 15:50:07.847  1248  1248 D CompatConfig: No directory /apex/com.android.ipsec/etc/compatconfig, skipping
05-15 15:50:07.847  1248  1248 D CompatConfig: No directory /apex/com.android.ondevicepersonalization/etc/compatconfig, skipping
05-15 15:50:07.847  1248  1248 D CompatConfig: No directory /apex/com.android.uwb/etc/compatconfig, skipping
05-15 15:50:07.847  1248  1248 D CompatConfig: No directory /apex/com.android.scheduling/etc/compatconfig, skipping
05-15 15:50:07.847  1248  1248 D CompatConfig: No directory /apex/com.android.os.statsd/etc/compatconfig, skipping
05-15 15:50:07.848  1248  1248 D CompatConfig: No directory /apex/com.android.extservices/etc/compatconfig, skipping
05-15 15:50:07.848  1248  1282 I SystemConfig: Reading permissions from /vendor/etc/permissions/android.hardware.telephony.gsm.xml
05-15 15:50:07.848  1248  1248 D CompatConfig: Found a config file: /apex/com.android.btservices/etc/compatconfig/bluetooth-compat-config.xml
05-15 15:50:07.849  1248  1248 D CompatConfig: Adding: com.android.server.compat.config.Change@d7938f2
05-15 15:50:07.849  1248  1282 I SystemConfig: Reading permissions from /vendor/etc/permissions/android.hardware.usb.host.xml
05-15 15:50:07.849  1248  1248 D CompatConfig: No directory /apex/com.android.i18n/etc/compatconfig, skipping
05-15 15:50:07.849  1248  1248 D CompatConfig: No directory /apex/com.android.resolv/etc/compatconfig, skipping
05-15 15:50:07.849  1248  1248 D CompatConfig: No directory /apex/com.android.appsearch/etc/compatconfig, skipping
05-15 15:50:07.850  1248  1248 D CompatConfig: No directory /apex/com.android.runtime/etc/compatconfig, skipping
05-15 15:50:07.850  1248  1248 D CompatConfig: No directory /apex/com.android.media.swcodec/etc/compatconfig, skipping
05-15 15:50:07.850  1248  1282 I SystemConfig: Reading permissions from /vendor/etc/permissions/android.software.vulkan.deqp.level.xml
05-15 15:50:07.850  1248  1248 D CompatConfig: Found a config file: /apex/com.android.art/etc/compatconfig/libcore-platform-compat-config.xml
05-15 15:50:07.851  1248  1282 I SystemConfig: Reading permissions from /vendor/etc/permissions/android.hardware.sensor.compass.xml
05-15 15:50:07.851  1248  1248 D CompatConfig: Adding: com.android.server.compat.config.Change@1c3389f
05-15 15:50:07.851  1248  1248 D CompatConfig: Adding: com.android.server.compat.config.Change@559bdec
05-15 15:50:07.851  1248  1248 D CompatConfig: Adding: com.android.server.compat.config.Change@f9bf5b5
05-15 15:50:07.851  1248  1248 D CompatConfig: Adding: com.android.server.compat.config.Change@942f44a
05-15 15:50:07.851  1248  1248 D CompatConfig: Adding: com.android.server.compat.config.Change@21accd8
05-15 15:50:07.852  1248  1282 I SystemConfig: Reading permissions from /vendor/etc/permissions/android.hardware.bluetooth.xml
05-15 15:50:07.852  1248  1248 D CompatConfig: Adding: com.android.server.compat.config.Change@6e33831
05-15 15:50:07.852  1248  1282 I SystemConfig: Reading permissions from /vendor/etc/permissions/handheld_core_hardware.xml
05-15 15:50:07.853  1248  1248 D CompatConfig: No directory /apex/com.android.conscrypt/etc/compatconfig, skipping
05-15 15:50:07.854  1248  1282 I SystemConfig: Reading permissions from /vendor/etc/permissions/android.hardware.faketouch.xml
05-15 15:50:07.854  1248  1248 D CompatConfig: No directory /apex/com.android.tzdata/etc/compatconfig, skipping
05-15 15:50:07.854  1248  1248 D CompatConfig: No directory /apex/com.android.media/etc/compatconfig, skipping
05-15 15:50:07.854  1248  1248 D CompatConfig: No directory /apex/com.android.neuralnetworks/etc/compatconfig, skipping
05-15 15:50:07.854  1248  1248 D CompatConfig: No directory /apex/com.android.cellbroadcast/etc/compatconfig, skipping
05-15 15:50:07.854  1248  1248 D CompatConfig: No directory /apex/com.android.adservices/etc/compatconfig, skipping
05-15 15:50:07.854  1248  1282 I SystemConfig: Reading permissions from /vendor/etc/permissions/android.hardware.sensor.stepdetector.xml
05-15 15:50:07.854  1248  1248 D CompatConfig: No directory /apex/com.android.apex.cts.shim/etc/compatconfig, skipping
05-15 15:50:07.854  1248  1248 D CompatConfig: No directory /apex/com.android.adbd/etc/compatconfig, skipping
05-15 15:50:07.855  1248  1248 D CompatConfig: No directory /apex/com.android.vndk.v33/etc/compatconfig, skipping
05-15 15:50:07.856  1248  1282 I SystemConfig: Reading permissions from /vendor/etc/permissions/android.hardware.camera.front.xml
05-15 15:50:07.858  1248  1282 I SystemConfig: Reading permissions from /vendor/etc/permissions/android.hardware.bluetooth_le.xml
05-15 15:50:07.859  1248  1282 I SystemConfig: Reading permissions from /vendor/etc/permissions/android.hardware.opengles.aep.xml
05-15 15:50:07.860  1248  1282 I SystemConfig: Reading permissions from /vendor/etc/permissions/android.hardware.telephony.ims.xml
05-15 15:50:07.861  1248  1248 D SystemServerTiming: StartFileIntegrityService
05-15 15:50:07.861  1248  1248 I SystemServiceManager: Starting com.android.server.security.FileIntegrityService
05-15 15:50:07.861  1248  1282 I SystemConfig: Reading permissions from /vendor/etc/permissions/android.hardware.vulkan.level.xml
05-15 15:50:07.862  1248  1282 I SystemConfig: Reading permissions from /vendor/etc/permissions/android.hardware.sensor.light.xml
05-15 15:50:07.863  1248  1282 I SystemConfig: Reading permissions from /vendor/etc/permissions/android.hardware.sensor.gyroscope.xml
05-15 15:50:07.864  1248  1282 I SystemConfig: Reading permissions from /vendor/etc/permissions/android.software.opengles.deqp.level.xml
05-15 15:50:07.865  1248  1282 I SystemConfig: Reading permissions from /vendor/etc/permissions/android.hardware.vulkan.compute.xml
05-15 15:50:07.865  1248  1282 I SystemConfig: Reading permissions from /vendor/etc/permissions/android.hardware.touchscreen.multitouch.jazzhand.xml
05-15 15:50:07.866  1248  1282 I SystemConfig: Reading permissions from /vendor/etc/permissions/android.software.midi.xml
05-15 15:50:07.866  1248  1248 D SystemServerTiming: StartInstaller
05-15 15:50:07.866  1248  1248 I SystemServiceManager: Starting com.android.server.pm.Installer
05-15 15:50:07.867  1248  1282 I SystemConfig: Reading permissions from /vendor/etc/permissions/android.hardware.touchscreen.xml
05-15 15:50:07.868  1248  1282 I SystemConfig: Reading permissions from /vendor/etc/permissions/android.hardware.camera.flash-autofocus.xml
05-15 15:50:07.869  1248  1282 I SystemConfig: Reading permissions from /vendor/etc/permissions/android.software.verified_boot.xml
05-15 15:50:07.869  1248  1282 I SystemConfig: Reading permissions from /vendor/etc/permissions/android.hardware.wifi.passpoint.xml
05-15 15:50:07.870  1248  1282 I SystemConfig: Reading permissions from /vendor/etc/permissions/android.hardware.wifi.xml
05-15 15:50:07.870  1248  1248 D SystemServerTiming: DeviceIdentifiersPolicyService
05-15 15:50:07.870  1248  1248 I SystemServiceManager: Starting com.android.server.os.DeviceIdentifiersPolicyService
05-15 15:50:07.871  1248  1282 I SystemConfig: Reading permissions from /vendor/etc/permissions/android.hardware.usb.accessory.xml
05-15 15:50:07.872  1248  1248 D SystemServerTiming: UriGrantsManagerService
05-15 15:50:07.872  1248  1248 I SystemServiceManager: Starting com.android.server.uri.UriGrantsManagerService$Lifecycle
05-15 15:50:07.872  1248  1282 I SystemConfig: Reading permissions from /vendor/etc/permissions/android.hardware.sensor.proximity.xml
05-15 15:50:07.873  1248  1282 I SystemConfig: Reading permissions from /vendor/etc/permissions/android.hardware.camera.raw.xml
05-15 15:50:07.873  1248  1282 I SystemConfig: Reading permissions from /vendor/etc/permissions/android.hardware.camera.xml
05-15 15:50:07.873  1248  1248 D SystemServerTiming: StartPowerStatsService
05-15 15:50:07.874  1248  1248 I SystemServiceManager: Starting com.android.server.powerstats.PowerStatsService
05-15 15:50:07.874  1248  1282 I SystemConfig: Reading permissions from /vendor/etc/permissions/android.hardware.audio.low_latency.xml
05-15 15:50:07.875  1248  1282 I SystemConfig: Reading permissions from /vendor/etc/permissions/android.hardware.touchscreen.multitouch.distinct.xml
05-15 15:50:07.875  1248  1282 I SystemConfig: Reading permissions from /vendor/etc/permissions/android.hardware.sensor.stepcounter.xml
05-15 15:50:07.876  1248  1282 I SystemConfig: Reading permissions from /vendor/etc/permissions/android.hardware.location.gps.xml
05-15 15:50:07.878  1248  1282 I SystemConfig: Reading permissions from /product/etc/sysconfig/pixel_experience_2018.xml
05-15 15:50:07.878  1248  1282 I SystemConfig: Adding association: com.google.android.as.oss <- com.google.android.odad
05-15 15:50:07.878  1248  1282 I SystemConfig: Adding association: com.google.android.odad <- com.google.android.as.oss
05-15 15:50:07.878  1248  1248 D SystemServerTiming: StartIStatsService
05-15 15:50:07.879  1248  1282 I SystemConfig: Reading permissions from /product/etc/sysconfig/preinstalled-packages-platform-overlays.xml
05-15 15:50:07.880  1248  1282 I SystemConfig: Reading permissions from /product/etc/sysconfig/pixel_2016_exclusive.xml
05-15 15:50:07.881  1248  1282 I SystemConfig: Reading permissions from /product/etc/sysconfig/google-hiddenapi-package-whitelist.xml
05-15 15:50:07.882  1248  1282 I SystemConfig: Reading permissions from /product/etc/sysconfig/google.xml
05-15 15:50:07.882  1248  1248 D SystemServerTiming: MemtrackProxyService
05-15 15:50:07.882  1248  1282 I SystemConfig: Adding association: com.google.android.as <- com.android.bluetooth
05-15 15:50:07.882  1248  1282 I SystemConfig: Adding association: com.google.android.as <- com.android.bluetooth.services
05-15 15:50:07.882  1248  1282 I SystemConfig: Adding association: com.google.android.as <- com.android.providers.contacts
05-15 15:50:07.882  1248  1282 I SystemConfig: Adding association: com.google.android.as <- com.android.providers.media
05-15 15:50:07.882  1248  1282 I SystemConfig: Adding association: com.google.android.as <- com.android.providers.telephony
05-15 15:50:07.882  1248  1282 I SystemConfig: Adding association: com.google.android.as <- com.android.systemui
05-15 15:50:07.882  1248  1282 I SystemConfig: Adding association: com.google.android.as <- com.google.android.bluetooth
