--------- beginning of crash
05-20 13:39:08.097   895   929 F libc    : Fatal signal 11 (SIGSEGV), code 1 (SEGV_MAPERR), fault addr 0x0 in tid 929 (android.hardwar), pid 895 (android.hardwar)
05-20 13:39:18.271   948   948 F DEBUG   : *** *** *** *** *** *** *** *** *** *** *** *** *** *** *** ***
05-20 13:39:18.272   948   948 F DEBUG   : Build fingerprint: 'Micromax/derp_yogurt/yogurt:13/TQ3A.230901.001/1747472037:userdebug/release-keys'
05-20 13:39:18.272   948   948 F DEBUG   : Revision: '0'
05-20 13:39:18.272   948   948 F DEBUG   : ABI: 'arm64'
05-20 13:39:18.272   948   948 F DEBUG   : Timestamp: 2025-05-20 13:39:18.246886983+0530
05-20 13:39:18.272   948   948 F DEBUG   : Process uptime: 11s
05-20 13:39:18.272   948   948 F DEBUG   : Cmdline: /vendor/bin/hw/android.hardware.biometrics.fingerprint@2.1-service.yogurt
05-20 13:39:18.272   948   948 F DEBUG   : pid: 895, tid: 929, name: android.hardwar  >>> /vendor/bin/hw/android.hardware.biometrics.fingerprint@2.1-service.yogurt <<<
05-20 13:39:18.272   948   948 F DEBUG   : uid: 1000
05-20 13:39:18.272   948   948 F DEBUG   : signal 11 (SIGSEGV), code 1 (SEGV_MAPERR), fault addr 0x0000000000000000
05-20 13:39:18.272   948   948 F DEBUG   : Cause: null pointer dereference
05-20 13:39:18.272   948   948 F DEBUG   :     x0  00000076bcc04408  x1  0000000000000000  x2  0000000000000000  x3  0000000000000000
05-20 13:39:18.272   948   948 F DEBUG   :     x4  0000000000000001  x5  0000000000000000  x6  00000076c11a6000  x7  00000000000010d6
05-20 13:39:18.272   948   948 F DEBUG   :     x8  7132e343a5401600  x9  00000076bd526000  x10 0000000000000001  x11 0000007600000000
05-20 13:39:18.272   948   948 F DEBUG   :     x12 00000076bcc044b0  x13 0000000000000000  x14 0000000000000228  x15 0000314e4c03f74a
05-20 13:39:18.272   948   948 F DEBUG   :     x16 00000076bd526a88  x17 00000076bd515c38  x18 000000763beae000  x19 00000076bcc04408
05-20 13:39:18.272   948   948 F DEBUG   :     x20 000000763c7ec178  x21 0000000000000000  x22 000000763c637000  x23 0000007600000000
05-20 13:39:18.273   948   948 F DEBUG   :     x24 0000000000000008  x25 000000763c636cb0  x26 000000763c636ff8  x27 00000000000fc000
05-20 13:39:18.273   948   948 F DEBUG   :     x28 00000000000fe000  x29 000000763c636790
05-20 13:39:18.273   948   948 F DEBUG   :     lr  00000076bd46d6c8  sp  000000763c636780  pc  00000076bd48cb94  pst 0000000080001000
05-20 13:39:18.273   948   948 F DEBUG   : backtrace:
05-20 13:39:18.273   948   948 F DEBUG   :       #00 pc 0000000000072b94  /apex/com.android.runtime/lib64/bionic/libc.so (je_large_dalloc+52) (BuildId: 6e75f65a4c116d6f37b8361b4f491f36)
05-20 13:39:18.273   948   948 F DEBUG   :       #01 pc 00000000000536c4  /apex/com.android.runtime/lib64/bionic/libc.so (arena_dalloc_no_tcache+636) (BuildId: 6e75f65a4c116d6f37b8361b4f491f36)
05-20 13:39:18.273   948   948 F DEBUG   :       #02 pc 000000000004f8b8  /apex/com.android.runtime/lib64/bionic/libc.so (je_free+744) (BuildId: 6e75f65a4c116d6f37b8361b4f491f36)
05-20 13:39:18.273   948   948 F DEBUG   :       #03 pc 000000000000efb4  /apex/com.android.vndk.v33/lib64/libutils.so (android::RefBase::decStrong(void const*) const+108) (BuildId: e15da9cb0a03c10940c3d40ef2b5dbaa)
05-20 13:39:18.274   948   948 F DEBUG   :       #04 pc 00000000000673a8  /vendor/lib64/hw/fingerprint.default.so (BuildId: c5e613c15325555b1ec17dfb770f5e2c3cb347e1)
05-20 13:39:18.274   948   948 F DEBUG   :       #05 pc 00000000000faf9c  /apex/com.android.runtime/lib64/bionic/libc.so (__pthread_start(void*)+208) (BuildId: 6e75f65a4c116d6f37b8361b4f491f36)
05-20 13:39:18.274   948   948 F DEBUG   :       #06 pc 000000000008e0cc  /apex/com.android.runtime/lib64/bionic/libc.so (__start_thread+64) (BuildId: 6e75f65a4c116d6f37b8361b4f491f36)
05-20 13:39:28.299  2226  2227 F libc    : Fatal signal 11 (SIGSEGV), code 1 (SEGV_MAPERR), fault addr 0x0 in tid 2227 (android.hardwar), pid 2226 (android.hardwar)
05-20 13:39:28.346  2234  2234 F DEBUG   : *** *** *** *** *** *** *** *** *** *** *** *** *** *** *** ***
05-20 13:39:28.346  2234  2234 F DEBUG   : Build fingerprint: 'Micromax/derp_yogurt/yogurt:13/TQ3A.230901.001/1747472037:userdebug/release-keys'
05-20 13:39:28.346  2234  2234 F DEBUG   : Revision: '0'
05-20 13:39:28.346  2234  2234 F DEBUG   : ABI: 'arm64'
05-20 13:39:28.346  2234  2234 F DEBUG   : Timestamp: 2025-05-20 13:39:28.323695376+0530
05-20 13:39:28.346  2234  2234 F DEBUG   : Process uptime: 1s
05-20 13:39:28.346  2234  2234 F DEBUG   : Cmdline: /vendor/bin/hw/android.hardware.biometrics.fingerprint@2.1-service.yogurt
05-20 13:39:28.346  2234  2234 F DEBUG   : pid: 2226, tid: 2227, name: android.hardwar  >>> /vendor/bin/hw/android.hardware.biometrics.fingerprint@2.1-service.yogurt <<<
05-20 13:39:28.347  2234  2234 F DEBUG   : uid: 1000
05-20 13:39:28.347  2234  2234 F DEBUG   : signal 11 (SIGSEGV), code 1 (SEGV_MAPERR), fault addr 0x0000000000000000
05-20 13:39:28.347  2234  2234 F DEBUG   : Cause: null pointer dereference
05-20 13:39:28.347  2234  2234 F DEBUG   :     x0  0000007e4ae04408  x1  0000000000000000  x2  0000000000000000  x3  0000000000000000
05-20 13:39:28.347  2234  2234 F DEBUG   :     x4  0000000000000001  x5  0000000000000000  x6  0000007e51d25000  x7  0000000000004030
05-20 13:39:28.347  2234  2234 F DEBUG   :     x8  6c9ec45af1325e00  x9  0000007e4b533000  x10 0000000000000001  x11 0000007dc0000000
05-20 13:39:28.347  2234  2234 F DEBUG   :     x12 0000007e4ae044a0  x13 0000000000000000  x14 0000000000000228  x15 00002c94dc9993b4
05-20 13:39:28.347  2234  2234 F DEBUG   :     x16 0000007e4b533a88  x17 0000007e4b522c38  x18 0000007dc736a000  x19 0000007e4ae04408
05-20 13:39:28.347  2234  2234 F DEBUG   :     x20 0000007dc80eb178  x21 0000000000000000  x22 0000007dc81fc000  x23 0000007dc0000000
05-20 13:39:28.347  2234  2234 F DEBUG   :     x24 0000000000000007  x25 0000007dc81fbcb0  x26 0000007dc81fbff8  x27 00000000000fc000
05-20 13:39:28.347  2234  2234 F DEBUG   :     x28 00000000000fe000  x29 0000007dc81fb790
05-20 13:39:28.347  2234  2234 F DEBUG   :     lr  0000007e4b47a6c8  sp  0000007dc81fb780  pc  0000007e4b499b94  pst 0000000080001000
05-20 13:39:28.347  2234  2234 F DEBUG   : backtrace:
05-20 13:39:28.347  2234  2234 F DEBUG   :       #00 pc 0000000000072b94  /apex/com.android.runtime/lib64/bionic/libc.so (je_large_dalloc+52) (BuildId: 6e75f65a4c116d6f37b8361b4f491f36)
05-20 13:39:28.347  2234  2234 F DEBUG   :       #01 pc 00000000000536c4  /apex/com.android.runtime/lib64/bionic/libc.so (arena_dalloc_no_tcache+636) (BuildId: 6e75f65a4c116d6f37b8361b4f491f36)
05-20 13:39:28.347  2234  2234 F DEBUG   :       #02 pc 000000000004f8b8  /apex/com.android.runtime/lib64/bionic/libc.so (je_free+744) (BuildId: 6e75f65a4c116d6f37b8361b4f491f36)
05-20 13:39:28.347  2234  2234 F DEBUG   :       #03 pc 000000000000efb4  /apex/com.android.vndk.v33/lib64/libutils.so (android::RefBase::decStrong(void const*) const+108) (BuildId: e15da9cb0a03c10940c3d40ef2b5dbaa)
05-20 13:39:28.347  2234  2234 F DEBUG   :       #04 pc 00000000000673a8  /vendor/lib64/hw/fingerprint.default.so (BuildId: c5e613c15325555b1ec17dfb770f5e2c3cb347e1)
05-20 13:39:28.347  2234  2234 F DEBUG   :       #05 pc 00000000000faf9c  /apex/com.android.runtime/lib64/bionic/libc.so (__pthread_start(void*)+208) (BuildId: 6e75f65a4c116d6f37b8361b4f491f36)
05-20 13:39:28.347  2234  2234 F DEBUG   :       #06 pc 000000000008e0cc  /apex/com.android.runtime/lib64/bionic/libc.so (__start_thread+64) (BuildId: 6e75f65a4c116d6f37b8361b4f491f36)
--------- beginning of system
05-20 13:40:33.638  1686  1686 I TelecomFramework: TelephonyConnectionService: createConnection, callManagerAccount: ComponentInfo{com.android.phone/com.android.services.telephony.TelephonyConnectionService}, 2, UserHandle{0}, callId: TC@2_1, request: ConnectionRequest xxxxxxxxxxxxxx Bundle[android.telecom.extra.START_CALL_WITH_VIDEO_STATE=0, com.android.dialer.calleeid.CALLEE_ID_DATA=[B@7b69679, android.telecom.extra.CALL_TELECOM_ROUTING_END_TIME_MILLIS=92523, android.telecom.extra.CALL_CREATED_TIME_MILLIS=92446, android.telecom.extra.CALL_TELECOM_ROUTING_START_TIME_MILLIS=92523, com.android.dialer.callintent.CALL_SPECIFIC_APP_DATA=[B@52d1fbe, ] isAdhocConf: N, isIncoming: false, isUnknown: false, isLegacyHandover: false, isHandover: false,  addSelfManaged: true: (SBC.oSC)->CS.crCo->H.CS.crCo->H.CS.crCo.pICR(cap/cast)@E-AW0
05-20 13:40:33.675  1247  1839 I Telecom : CallAudioRouteStateMachine: setSystemAudioState: changing from [AudioState isMuted: false, route: EARPIECE, supportedRouteMask: EARPIECE, SPEAKER, activeBluetoothDevice: [null], supportedBluetoothDevices: []] to [AudioState isMuted: false, route: EARPIECE, supportedRouteMask: EARPIECE, SPEAKER, activeBluetoothDevice: [null], supportedBluetoothDevices: []]: TSI.pC->CM.fOCP->CM.sOCPA->CM.dSMCP->CM.dSPA->CM.pASP->CAMSM.pM_2001->CARSM.pM_SWITCH_FOCUS(cgad)@AWc
05-20 13:40:33.675  1247  1839 I Telecom : InCallController: Calling onAudioStateChanged, audioState: [AudioState isMuted: false, route: EARPIECE, supportedRouteMask: EARPIECE, SPEAKER, activeBluetoothDevice: [null], supportedBluetoothDevices: []] -> [AudioState isMuted: false, route: EARPIECE, supportedRouteMask: EARPIECE, SPEAKER, activeBluetoothDevice: [null], supportedBluetoothDevices: []]: TSI.pC->CM.fOCP->CM.sOCPA->CM.dSMCP->CM.dSPA->CM.pASP->CAMSM.pM_2001->CARSM.pM_SWITCH_FOCUS(cgad)@AWc
05-20 13:40:33.683  1247  1839 I Telecom : BluetoothRouteManager: getBluetoothAudioConnectedDevice: no service available.: TSI.pC->CM.fOCP->CM.sOCPA->CM.dSMCP->CM.dSPA->CM.pASP->CAMSM.pM_2001->CARSM.pM_SWITCH_FOCUS(cgad)@AWc
05-20 13:40:33.724  1247  2593 E AppOps  : Bad call made by uid 10446. Package "com.google.android.gms" does not belong to uid 10523.
05-20 13:40:34.047  1686  1686 I TelecomFramework: TelephonyConnectionService: onAudioStateChanged TC@2_1 [AudioState isMuted: false, route: EARPIECE, supportedRouteMask: EARPIECE, SPEAKER, activeBluetoothDevice: [null], supportedBluetoothDevices: []]: (TSI.pC->CM.fOCP->CM.sOCPA->CM.dSMCP->CM.dSPA->CM.pASP->CAMSM.pM_2001->CARSM.pM_SWITCH_FOCUS)->CS.cASC->H.CS.cASC(cgad/cast)@E-AWc
05-20 13:40:34.048  1247  2652 I Telecom : InCallController: Sending updateCall [Call id=TC@2, state=CONNECTING, tpac=ComponentInfo{com.android.phone/com.android.services.telephony.TelephonyConnectionService}, 2, UserHandle{0}, cmgr=ComponentInfo{com.android.phone/com.android.services.telephony.TelephonyConnectionService}, 2, UserHandle{0}, handle=tel:**********, vidst=A, childs(0), has_parent(false), cap=[], prop=[]], voip=false: (...->CS.crCo->H.CS.crCo->H.CS.crCo.pICR)->CSW.hCCC(cap/cast)@E-E-AW0
05-20 13:40:34.051  1247  2652 I Telecom : InCallController: Components updated: [ComponentInfo{com.google.android.googlequicksearchbox/com.google.android.libraries.search.assistant.incallservice.IncomingCallInCallService}, ComponentInfo{com.google.android.as/com.google.android.apps.miphone.aiai.captions.tulip.audiosource.impl.CIS}, ComponentInfo{com.google.android.dialer/com.android.incallui.InCallServiceImpl}, ComponentInfo{com.google.android.gms/com.google.android.gms.bankscamwarning.services.BankScamCallDetectionService}]: (...->CS.crCo->H.CS.crCo->H.CS.crCo.pICR)->CSW.hCCC(cap/cast)@E-E-AW0
05-20 13:40:34.051  1247  2652 I Telecom : InCallController: Sending updateCall [Call id=TC@2, state=CONNECTING, tpac=ComponentInfo{com.android.phone/com.android.services.telephony.TelephonyConnectionService}, 2, UserHandle{0}, cmgr=ComponentInfo{com.android.phone/com.android.services.telephony.TelephonyConnectionService}, 2, UserHandle{0}, handle=tel:**********, vidst=A, childs(0), has_parent(false), cap=[ sup_hld mut !v2a], prop=[]], voip=false: (...->CS.crCo->H.CS.crCo->H.CS.crCo.pICR)->CSW.hCCC(cap/cast)@E-E-AW0
05-20 13:40:34.055  1247  2652 I Telecom : InCallController: Components updated: [ComponentInfo{com.google.android.googlequicksearchbox/com.google.android.libraries.search.assistant.incallservice.IncomingCallInCallService}, ComponentInfo{com.google.android.as/com.google.android.apps.miphone.aiai.captions.tulip.audiosource.impl.CIS}, ComponentInfo{com.google.android.dialer/com.android.incallui.InCallServiceImpl}, ComponentInfo{com.google.android.gms/com.google.android.gms.bankscamwarning.services.BankScamCallDetectionService}]: (...->CS.crCo->H.CS.crCo->H.CS.crCo.pICR)->CSW.hCCC(cap/cast)@E-E-AW0
05-20 13:40:34.057  1247  2652 I Telecom : Event: RecordEntry TC@2: CAPABILITY_CHANGE, Current: [[ sup_hld mut !v2a]], Removed [[]], Added [[ sup_hld mut !v2a]]: (...->CS.crCo->H.CS.crCo->H.CS.crCo.pICR)->CSW.hCCC(cap/cast)@E-E-AW0
05-20 13:40:34.057  1247  2652 I Telecom : InCallController: Sending updateCall [Call id=TC@2, state=CONNECTING, tpac=ComponentInfo{com.android.phone/com.android.services.telephony.TelephonyConnectionService}, 2, UserHandle{0}, cmgr=ComponentInfo{com.android.phone/com.android.services.telephony.TelephonyConnectionService}, 2, UserHandle{0}, handle=tel:**********, vidst=A, childs(0), has_parent(false), cap=[ sup_hld mut !v2a], prop=[]], voip=false: (...->CS.crCo->H.CS.crCo->H.CS.crCo.pICR)->CSW.hCCC(cap/cast)@E-E-AW0
05-20 13:40:34.058  1247  2652 I Telecom : InCallController: Components updated: [ComponentInfo{com.google.android.googlequicksearchbox/com.google.android.libraries.search.assistant.incallservice.IncomingCallInCallService}, ComponentInfo{com.google.android.as/com.google.android.apps.miphone.aiai.captions.tulip.audiosource.impl.CIS}, ComponentInfo{com.google.android.dialer/com.android.incallui.InCallServiceImpl}, ComponentInfo{com.google.android.gms/com.google.android.gms.bankscamwarning.services.BankScamCallDetectionService}]: (...->CS.crCo->H.CS.crCo->H.CS.crCo.pICR)->CSW.hCCC(cap/cast)@E-E-AW0
05-20 13:40:34.059  1247  1844 I Telecom : CallAudioModeStateMachine: Message received: FOREGROUND_VOIP_MODE_CHANGE.: (...->CS.crCo->H.CS.crCo->H.CS.crCo.pICR)->CSW.hCCC->CAMSM.pM_4001(cap/cast)@E-E-AW0
05-20 13:40:34.059  1247  2652 I Telecom : InCallController: Sending updateCall [Call id=TC@2, state=CONNECTING, tpac=ComponentInfo{com.android.phone/com.android.services.telephony.TelephonyConnectionService}, 2, UserHandle{0}, cmgr=ComponentInfo{com.android.phone/com.android.services.telephony.TelephonyConnectionService}, 2, UserHandle{0}, handle=tel:**********, vidst=A, childs(0), has_parent(false), cap=[ sup_hld mut !v2a], prop=[]], voip=false: (...->CS.crCo->H.CS.crCo->H.CS.crCo.pICR)->CSW.hCCC(cap/cast)@E-E-AW0
05-20 13:40:34.066  1247  2652 I Telecom : InCallController: Components updated: [ComponentInfo{com.google.android.googlequicksearchbox/com.google.android.libraries.search.assistant.incallservice.IncomingCallInCallService}, ComponentInfo{com.google.android.as/com.google.android.apps.miphone.aiai.captions.tulip.audiosource.impl.CIS}, ComponentInfo{com.google.android.dialer/com.android.incallui.InCallServiceImpl}, ComponentInfo{com.google.android.gms/com.google.android.gms.bankscamwarning.services.BankScamCallDetectionService}]: (...->CS.crCo->H.CS.crCo->H.CS.crCo.pICR)->CSW.hCCC(cap/cast)@E-E-AW0
05-20 13:40:34.066  1247  2652 I Telecom : InCallController: Sending updateCall [Call id=TC@2, state=CONNECTING, tpac=ComponentInfo{com.android.phone/com.android.services.telephony.TelephonyConnectionService}, 2, UserHandle{0}, cmgr=ComponentInfo{com.android.phone/com.android.services.telephony.TelephonyConnectionService}, 2, UserHandle{0}, handle=tel:**********, vidst=A, childs(0), has_parent(false), cap=[ sup_hld mut !v2a], prop=[]], voip=false: (...->CS.crCo->H.CS.crCo->H.CS.crCo.pICR)->CSW.hCCC(cap/cast)@E-E-AW0
05-20 13:40:34.067  1247  2652 I Telecom : InCallController: Components updated: [ComponentInfo{com.google.android.googlequicksearchbox/com.google.android.libraries.search.assistant.incallservice.IncomingCallInCallService}, ComponentInfo{com.google.android.as/com.google.android.apps.miphone.aiai.captions.tulip.audiosource.impl.CIS}, ComponentInfo{com.google.android.dialer/com.android.incallui.InCallServiceImpl}, ComponentInfo{com.google.android.gms/com.google.android.gms.bankscamwarning.services.BankScamCallDetectionService}]: (...->CS.crCo->H.CS.crCo->H.CS.crCo.pICR)->CSW.hCCC(cap/cast)@E-E-AW0
05-20 13:40:34.068  1247  2652 I Telecom : InCallController: Sending updateCall [Call id=TC@2, state=CONNECTING, tpac=ComponentInfo{com.android.phone/com.android.services.telephony.TelephonyConnectionService}, 2, UserHandle{0}, cmgr=ComponentInfo{com.android.phone/com.android.services.telephony.TelephonyConnectionService}, 2, UserHandle{0}, handle=tel:**********, vidst=A, childs(0), has_parent(false), cap=[ sup_hld mut !v2a], prop=[]], voip=false: (...->CS.crCo->H.CS.crCo->H.CS.crCo.pICR)->CSW.hCCC(cap/cast)@E-E-AW0
05-20 13:40:34.085  1247  2652 I Telecom : InCallController: Components updated: [ComponentInfo{com.google.android.googlequicksearchbox/com.google.android.libraries.search.assistant.incallservice.IncomingCallInCallService}, ComponentInfo{com.google.android.as/com.google.android.apps.miphone.aiai.captions.tulip.audiosource.impl.CIS}, ComponentInfo{com.google.android.dialer/com.android.incallui.InCallServiceImpl}, ComponentInfo{com.google.android.gms/com.google.android.gms.bankscamwarning.services.BankScamCallDetectionService}]: (...->CS.crCo->H.CS.crCo->H.CS.crCo.pICR)->CSW.hCCC(cap/cast)@E-E-AW0
05-20 13:40:34.086  1247  2652 I Telecom : CallsManager: setCallState CONNECTING -> DIALING, call: [Call id=TC@2, state=CONNECTING, tpac=ComponentInfo{com.android.phone/com.android.services.telephony.TelephonyConnectionService}, 2, UserHandle{0}, cmgr=ComponentInfo{com.android.phone/com.android.services.telephony.TelephonyConnectionService}, 2, UserHandle{0}, handle=tel:**********, vidst=A, childs(0), has_parent(false), cap=[ sup_hld mut !v2a], prop=[]], voip=false: (...->CS.crCo->H.CS.crCo->H.CS.crCo.pICR)->CSW.hCCC(cap/cast)@E-E-AW0
05-20 13:40:34.086  1247  2652 I Telecom : Event: RecordEntry TC@2: SET_DIALING, successful outgoing call: (...->CS.crCo->H.CS.crCo->H.CS.crCo.pICR)->CSW.hCCC(cap/cast)@E-E-AW0
05-20 13:40:34.086  1247  2652 I Telecom : TelecomWakeLock: WakeLock already released with id: 26: (...->CS.crCo->H.CS.crCo->H.CS.crCo.pICR)->CSW.hCCC(cap/cast)@E-E-AW0
05-20 13:40:34.087  1247  2652 I Telecom : InCallWakeLockController: Releasing full wake lock: (...->CS.crCo->H.CS.crCo->H.CS.crCo.pICR)->CSW.hCCC(cap/cast)@E-E-AW0
05-20 13:40:34.087  1247  2652 I Telecom : InCallController: Sending updateCall [Call id=TC@2, state=DIALING, tpac=ComponentInfo{com.android.phone/com.android.services.telephony.TelephonyConnectionService}, 2, UserHandle{0}, cmgr=ComponentInfo{com.android.phone/com.android.services.telephony.TelephonyConnectionService}, 2, UserHandle{0}, handle=tel:**********, vidst=A, childs(0), has_parent(false), cap=[ sup_hld mut !v2a], prop=[]], voip=false: (...->CS.crCo->H.CS.crCo->H.CS.crCo.pICR)->CSW.hCCC(cap/cast)@E-E-AW0
05-20 13:40:34.088  1247  2652 I Telecom : InCallController: Components updated: [ComponentInfo{com.google.android.googlequicksearchbox/com.google.android.libraries.search.assistant.incallservice.IncomingCallInCallService}, ComponentInfo{com.google.android.as/com.google.android.apps.miphone.aiai.captions.tulip.audiosource.impl.CIS}, ComponentInfo{com.google.android.dialer/com.android.incallui.InCallServiceImpl}, ComponentInfo{com.google.android.gms/com.google.android.gms.bankscamwarning.services.BankScamCallDetectionService}]: (...->CS.crCo->H.CS.crCo->H.CS.crCo.pICR)->CSW.hCCC(cap/cast)@E-E-AW0
05-20 13:40:34.089  1247  1844 I Telecom : CallAudioModeStateMachine: Message received: NEW_ACTIVE_OR_DIALING_CALL.: (...->CS.crCo->H.CS.crCo->H.CS.crCo.pICR)->CSW.hCCC->CAMSM.pM_2001(cap/cast)@E-E-AW0
05-20 13:40:34.112  1247  1280 W BroadcastQueue: Permission Denial: receiving Intent { act=android.intent.action.PHONE_STATE flg=0x1000010 (has extras) } to tw.nekomimi.nekogram/org.telegram.messenger.CallReceiver requires android.permission.READ_PRIVILEGED_PHONE_STATE due to sender android (uid 1000)
05-20 13:40:34.113  1247  2652 I Telecom : PhoneStateBroadcaster: Broadcasted state change: 2: (...->CS.crCo->H.CS.crCo->H.CS.crCo.pICR)->CSW.hCCC(cap/cast)@E-E-AW0
05-20 13:40:34.113  1247  2652 I Telecom : IncomingCallNotifier: updateIncomingCall: foundIncomingcall = null: (...->CS.crCo->H.CS.crCo->H.CS.crCo.pICR)->CSW.hCCC(cap/cast)@E-E-AW0
05-20 13:40:34.113  1247  2652 I Telecom : InCallController: Sending updateCall [Call id=TC@2, state=DIALING, tpac=ComponentInfo{com.android.phone/com.android.services.telephony.TelephonyConnectionService}, 2, UserHandle{0}, cmgr=ComponentInfo{com.android.phone/com.android.services.telephony.TelephonyConnectionService}, 2, UserHandle{0}, handle=tel:**********, vidst=A, childs(0), has_parent(false), cap=[ sup_hld mut !v2a], prop=[]], voip=false: (...->CS.crCo->H.CS.crCo->H.CS.crCo.pICR)->CSW.hCCC(cap/cast)@E-E-AW0
05-20 13:40:34.114  1247  2652 I Telecom : InCallController: Components updated: [ComponentInfo{com.google.android.googlequicksearchbox/com.google.android.libraries.search.assistant.incallservice.IncomingCallInCallService}, ComponentInfo{com.google.android.as/com.google.android.apps.miphone.aiai.captions.tulip.audiosource.impl.CIS}, ComponentInfo{com.google.android.dialer/com.android.incallui.InCallServiceImpl}, ComponentInfo{com.google.android.gms/com.google.android.gms.bankscamwarning.services.BankScamCallDetectionService}]: (...->CS.crCo->H.CS.crCo->H.CS.crCo.pICR)->CSW.hCCC(cap/cast)@E-E-AW0
05-20 13:40:34.114  1247  2652 I Telecom : CallsManager: setCallState DIALING -> DIALING, call: [Call id=TC@2, state=DIALING, tpac=ComponentInfo{com.android.phone/com.android.services.telephony.TelephonyConnectionService}, 2, UserHandle{0}, cmgr=ComponentInfo{com.android.phone/com.android.services.telephony.TelephonyConnectionService}, 2, UserHandle{0}, handle=tel:**********, vidst=A, childs(0), has_parent(false), cap=[ sup_hld mut !v2a], prop=[]], voip=false: (...->CS.crCo->H.CS.crCo->H.CS.crCo.pICR)->CSW.hCCC(cap/cast)@E-E-AW0
05-20 13:40:34.114  1247  1839 I Telecom : CallAudioRouteStateMachine: Message received: UPDATE_SYSTEM_AUDIO_ROUTE=1201, arg1=0: (...->CS.crCo->H.CS.crCo->H.CS.crCo.pICR)->CSW.hCCC->CARSM.pM_UPDATE_SYSTEM_AUDIO_ROUTE(cap/cast)@E-E-AW0
05-20 13:40:34.114  1247  1839 I Telecom : ActiveEarpieceRoute: Processing message UPDATE_SYSTEM_AUDIO_ROUTE: (...->CS.crCo->H.CS.crCo->H.CS.crCo.pICR)->CSW.hCCC->CARSM.pM_UPDATE_SYSTEM_AUDIO_ROUTE(cap/cast)@E-E-AW0
05-20 13:40:34.115  1247  1839 I Telecom : BluetoothRouteManager: getBluetoothAudioConnectedDevice: no service available.: (...->CS.crCo->H.CS.crCo->H.CS.crCo.pICR)->CSW.hCCC->CARSM.pM_UPDATE_SYSTEM_AUDIO_ROUTE(cap/cast)@E-E-AW0
05-20 13:40:34.116  1686  1686 I TelecomFramework: TelephonyConnectionService: notifyCreateConnectionComplete TC@2_1: (...->CSW.hCCC)->CS.crCoC->H.CS.crCoC(cap/cast)@E-E-E-AW0
05-20 13:40:34.118  1247  1280 W BroadcastQueue: Permission Denial: receiving Intent { act=android.intent.action.PHONE_STATE flg=0x1000010 (has extras) } to ProcessRecord{5583808 1446:com.android.systemui/u0a499} (pid=1446, uid=10499) requires android.permission.READ_CALL_LOG due to sender android (uid 1000)
05-20 13:40:34.118  1247  1280 W BroadcastQueue: Permission Denial: receiving Intent { act=android.intent.action.PHONE_STATE flg=0x1000010 (has extras) } to ProcessRecord{5583808 1446:com.android.systemui/u0a499} (pid=1446, uid=10499) requires android.permission.READ_CALL_LOG due to sender android (uid 1000)
05-20 13:40:34.123  1247  2652 D SystemServerTiming: getUserSwitchability-0
05-20 13:40:34.123  1247  2652 D SystemServerTiming: TM.isInCall
05-20 13:40:34.126  1247  1280 W BroadcastQueue: Permission Denial: receiving Intent { act=android.intent.action.PHONE_STATE flg=0x1000010 (has extras) } to tw.nekomimi.nekogram/org.telegram.messenger.CallReceiver requires android.permission.READ_PHONE_STATE due to sender android (uid 1000)
05-20 13:40:34.182  1247  1280 W BroadcastQueue: Permission Denial: receiving Intent { act=android.intent.action.PHONE_STATE flg=0x1000010 (has extras) } to tw.nekomimi.nekogram/org.telegram.messenger.CallReceiver requires android.permission.READ_PHONE_STATE due to sender android (uid 1000)
05-20 13:40:34.187  1247  2052 I Telecom : : isInEmergencyCall: false: TSI.iIEC@AXI
05-20 13:40:34.191  1247  3712 I Telecom : InCallController: Sending updateCall [Call id=TC@2, state=DIALING, tpac=ComponentInfo{com.android.phone/com.android.services.telephony.TelephonyConnectionService}, 2, UserHandle{0}, cmgr=ComponentInfo{com.android.phone/com.android.services.telephony.TelephonyConnectionService}, 2, UserHandle{0}, handle=tel:**********, vidst=A, childs(0), has_parent(false), cap=[ sup_hld mut !v2a], prop=[]], voip=false: CSW.sSH(cap)@AXQ
05-20 13:40:34.193  1247  3712 I Telecom : InCallController: Components updated: [ComponentInfo{com.google.android.googlequicksearchbox/com.google.android.libraries.search.assistant.incallservice.IncomingCallInCallService}, ComponentInfo{com.google.android.as/com.google.android.apps.miphone.aiai.captions.tulip.audiosource.impl.CIS}, ComponentInfo{com.google.android.dialer/com.android.incallui.InCallServiceImpl}, ComponentInfo{com.google.android.gms/com.google.android.gms.bankscamwarning.services.BankScamCallDetectionService}]: CSW.sSH(cap)@AXQ
05-20 13:40:34.193  1247  3712 I Telecom : InCallController: Sending updateCall [Call id=TC@2, state=DIALING, tpac=ComponentInfo{com.android.phone/com.android.services.telephony.TelephonyConnectionService}, 2, UserHandle{0}, cmgr=ComponentInfo{com.android.phone/com.android.services.telephony.TelephonyConnectionService}, 2, UserHandle{0}, handle=tel:**********, vidst=A, childs(0), has_parent(false), cap=[ sup_hld mut !v2a], prop=[]], voip=false: CSW.rE(cap)@AXk
05-20 13:40:34.201  1247  3712 I Telecom : InCallController: Components updated: [ComponentInfo{com.google.android.googlequicksearchbox/com.google.android.libraries.search.assistant.incallservice.IncomingCallInCallService}, ComponentInfo{com.google.android.as/com.google.android.apps.miphone.aiai.captions.tulip.audiosource.impl.CIS}, ComponentInfo{com.google.android.dialer/com.android.incallui.InCallServiceImpl}, ComponentInfo{com.google.android.gms/com.google.android.gms.bankscamwarning.services.BankScamCallDetectionService}]: CSW.rE(cap)@AXk
05-20 13:40:34.202  1247  3712 I Telecom : InCallController: Sending updateCall [Call id=TC@2, state=DIALING, tpac=ComponentInfo{com.android.phone/com.android.services.telephony.TelephonyConnectionService}, 2, UserHandle{0}, cmgr=ComponentInfo{com.android.phone/com.android.services.telephony.TelephonyConnectionService}, 2, UserHandle{0}, handle=tel:**********, vidst=A, childs(0), has_parent(false), cap=[ sup_hld mut !v2a], prop=[]], voip=false: CSW.sSH(cap)@AXo
05-20 13:40:34.203  1247  3712 I Telecom : InCallController: Components updated: [ComponentInfo{com.google.android.googlequicksearchbox/com.google.android.libraries.search.assistant.incallservice.IncomingCallInCallService}, ComponentInfo{com.google.android.as/com.google.android.apps.miphone.aiai.captions.tulip.audiosource.impl.CIS}, ComponentInfo{com.google.android.dialer/com.android.incallui.InCallServiceImpl}, ComponentInfo{com.google.android.gms/com.google.android.gms.bankscamwarning.services.BankScamCallDetectionService}]: CSW.sSH(cap)@AXo
05-20 13:40:34.203  1247  1839 I Telecom : CallAudioRouteStateMachine: setSystemAudioState: changing from [AudioState isMuted: false, route: EARPIECE, supportedRouteMask: EARPIECE, SPEAKER, activeBluetoothDevice: [null], supportedBluetoothDevices: []] to [AudioState isMuted: false, route: EARPIECE, supportedRouteMask: EARPIECE, SPEAKER, activeBluetoothDevice: [null], supportedBluetoothDevices: []]: (...->CS.crCo->H.CS.crCo->H.CS.crCo.pICR)->CSW.hCCC->CARSM.pM_UPDATE_SYSTEM_AUDIO_ROUTE(cap/cast)@E-E-AW0
05-20 13:40:34.203  1247  1839 I Telecom : InCallController: Calling onAudioStateChanged, audioState: [AudioState isMuted: false, route: EARPIECE, supportedRouteMask: EARPIECE, SPEAKER, activeBluetoothDevice: [null], supportedBluetoothDevices: []] -> [AudioState isMuted: false, route: EARPIECE, supportedRouteMask: EARPIECE, SPEAKER, activeBluetoothDevice: [null], supportedBluetoothDevices: []]: (...->CS.crCo->H.CS.crCo->H.CS.crCo.pICR)->CSW.hCCC->CARSM.pM_UPDATE_SYSTEM_AUDIO_ROUTE(cap/cast)@E-E-AW0
05-20 13:40:34.210  1247  2652 D SystemServerTiming: hasUserRestriction-DISALLOW_USER_SWITCH
05-20 13:40:34.210  1247  2652 D SystemServerTiming: getInt-ALLOW_USER_SWITCHING_WHEN_SYSTEM_USER_LOCKED
05-20 13:40:34.210  1247  2652 D SystemServerTiming: isUserUnlocked-USER_SYSTEM
05-20 13:40:34.210  1686  1686 I TelecomFramework: TelephonyConnectionService: onAudioStateChanged TC@2_1 [AudioState isMuted: false, route: EARPIECE, supportedRouteMask: EARPIECE, SPEAKER, activeBluetoothDevice: [null], supportedBluetoothDevices: []]: (...->CSW.hCCC->CARSM.pM_UPDATE_SYSTEM_AUDIO_ROUTE)->CS.cASC->H.CS.cASC(cap/cast/cast)@E-E-E-AW0
05-20 13:40:34.212  1247  3712 I Telecom : InCallController: Sending updateCall [Call id=TC@2, state=DIALING, tpac=ComponentInfo{com.android.phone/com.android.services.telephony.TelephonyConnectionService}, 2, UserHandle{0}, cmgr=ComponentInfo{com.android.phone/com.android.services.telephony.TelephonyConnectionService}, 2, UserHandle{0}, handle=tel:**********, vidst=A, childs(0), has_parent(false), cap=[ sup_hld mut !v2a], prop=[]], voip=false: CSW.rE(cap)@AXs
05-20 13:40:34.214  1247  3155 D SystemServerTiming: getUserSwitchability-0
05-20 13:40:34.214  1247  3155 D SystemServerTiming: TM.isInCall
05-20 13:40:34.214  1247  3712 I Telecom : InCallController: Components updated: [ComponentInfo{com.google.android.googlequicksearchbox/com.google.android.libraries.search.assistant.incallservice.IncomingCallInCallService}, ComponentInfo{com.google.android.as/com.google.android.apps.miphone.aiai.captions.tulip.audiosource.impl.CIS}, ComponentInfo{com.google.android.dialer/com.android.incallui.InCallServiceImpl}, ComponentInfo{com.google.android.gms/com.google.android.gms.bankscamwarning.services.BankScamCallDetectionService}]: CSW.rE(cap)@AXs
05-20 13:40:34.215  1247  3155 D SystemServerTiming: hasUserRestriction-DISALLOW_USER_SWITCH
05-20 13:40:34.215  1247  3155 D SystemServerTiming: getInt-ALLOW_USER_SWITCHING_WHEN_SYSTEM_USER_LOCKED
05-20 13:40:34.215  1247  3155 D SystemServerTiming: isUserUnlocked-USER_SYSTEM
05-20 13:40:34.215  1247  3155 I Telecom : InCallController: Sending updateCall [Call id=TC@2, state=DIALING, tpac=ComponentInfo{com.android.phone/com.android.services.telephony.TelephonyConnectionService}, 2, UserHandle{0}, cmgr=ComponentInfo{com.android.phone/com.android.services.telephony.TelephonyConnectionService}, 2, UserHandle{0}, handle=tel:**********, vidst=A, childs(0), has_parent(false), cap=[ sup_hld mut], prop=[]], voip=false: CSW.sCC(cap)@AX4
05-20 13:40:34.217  1247  3155 I Telecom : InCallController: Components updated: [ComponentInfo{com.google.android.googlequicksearchbox/com.google.android.libraries.search.assistant.incallservice.IncomingCallInCallService}, ComponentInfo{com.google.android.as/com.google.android.apps.miphone.aiai.captions.tulip.audiosource.impl.CIS}, ComponentInfo{com.google.android.dialer/com.android.incallui.InCallServiceImpl}, ComponentInfo{com.google.android.gms/com.google.android.gms.bankscamwarning.services.BankScamCallDetectionService}]: CSW.sCC(cap)@AX4
05-20 13:40:34.217  1247  3155 I Telecom : Event: RecordEntry TC@2: CAPABILITY_CHANGE, Current: [[ sup_hld mut]], Removed [[ !v2a]], Added [[]]: CSW.sCC(cap)@AX4
05-20 13:40:34.218  1247  3155 I Telecom : InCallController: Sending updateCall [Call id=TC@2, state=DIALING, tpac=ComponentInfo{com.android.phone/com.android.services.telephony.TelephonyConnectionService}, 2, UserHandle{0}, cmgr=ComponentInfo{com.android.phone/com.android.services.telephony.TelephonyConnectionService}, 2, UserHandle{0}, handle=tel:**********, vidst=A, childs(0), has_parent(false), cap=[ sup_hld mut], prop=[]], voip=false: CSW.pE(cap)@AX8
05-20 13:40:34.219  1247  3155 I Telecom : InCallController: Components updated: [ComponentInfo{com.google.android.googlequicksearchbox/com.google.android.libraries.search.assistant.incallservice.IncomingCallInCallService}, ComponentInfo{com.google.android.as/com.google.android.apps.miphone.aiai.captions.tulip.audiosource.impl.CIS}, ComponentInfo{com.google.android.dialer/com.android.incallui.InCallServiceImpl}, ComponentInfo{com.google.android.gms/com.google.android.gms.bankscamwarning.services.BankScamCallDetectionService}]: CSW.pE(cap)@AX8
05-20 13:40:34.577  1247  3712 D CoreBackPreview: Window{a0690e9 u0 com.google.android.dialer/com.android.dialer.incall.activity.ui.InCallActivity}: Setting back callback OnBackInvokedCallbackInfo{mCallback=android.window.IOnBackInvokedCallback$Stub$Proxy@5897f34, mPriority=-1}
05-20 13:40:34.776  1247  3712 D CompatibilityChangeReporter: Compat change id reported: 168419799; UID 10528; state: DISABLED
05-20 13:40:34.777  1247  3712 D CompatibilityChangeReporter: Compat change id reported: 273564678; UID 10528; state: DISABLED
05-20 13:40:35.461  1247  3155 I Telecom : PhoneAccountRegistrar: getSimCallManager: SimCallManager for subId 2 queried, returning: null
05-20 13:40:35.473  1247  1293 I DisplayPowerController[0]: BrightnessEvent: disp=0, physDisp=local:0, brt=0.09448819, initBrt=0.09448819, rcmdBrt=NaN, preBrt=NaN, lux=0.0, preLux=0.0, hbmMax=1.0, hbmMode=off, rbcStrength=50, powerFactor=1.0, thrmMax=1.0, wasShortTermModelActive=false, flags=, reason=manual, autoBrightness=false
05-20 13:40:35.653  1247  3155 D CompatibilityChangeReporter: Compat change id reported: 194532703; UID 10528; state: ENABLED
05-20 13:40:35.688  1247  3155 I ActivityManager: Finished processing BOOT_COMPLETED for u0
05-20 13:40:35.689  1247  3155 I BroadcastQueue: BOOT_COMPLETED_BROADCAST_COMPLETION_LATENCY_REPORTED action:android.intent.action.BOOT_COMPLETED dispatchLatency:4 completeLatency:52827 dispatchRealLatency:4 completeRealLatency:52827 receiversSize:162 userId:0 userType:android.os.usertype.full.SYSTEM
05-20 13:40:35.700  1247  3155 D CompatibilityChangeReporter: Compat change id reported: 168419799; UID 10451; state: DISABLED
05-20 13:40:35.701  1247  3155 D CompatibilityChangeReporter: Compat change id reported: 273564678; UID 10451; state: DISABLED
05-20 13:40:35.890  1247  3038 D CompatibilityChangeReporter: Compat change id reported: 177438394; UID 10451; state: DISABLED
05-20 13:40:35.890  1247  3038 D CompatibilityChangeReporter: Compat change id reported: 135772972; UID 10451; state: DISABLED
05-20 13:40:35.891  1247  3038 D CompatibilityChangeReporter: Compat change id reported: 135754954; UID 10451; state: ENABLED
05-20 13:40:35.891  1247  1281 D CompatibilityChangeReporter: Compat change id reported: 143937733; UID 10451; state: ENABLED
05-20 13:40:35.902  1247  1281 I ActivityManager: Start proc 7223:com.google.android.projection.gearhead:car/u0a451 for broadcast {com.google.android.projection.gearhead/com.google.android.apps.auto.carservice.frx.FrxReceiver}
05-20 13:40:35.971  1247  1293 I DisplayPowerController[0]: No longer ignoring proximity [0]
05-20 13:40:35.972  1247  1293 I DisplayPowerController[0]: BrightnessEvent: disp=0, physDisp=local:0, brt=0.09448819, initBrt=0.09448819, rcmdBrt=NaN, preBrt=NaN, lux=0.0, preLux=0.0, hbmMax=1.0, hbmMode=off, rbcStrength=50, powerFactor=1.0, thrmMax=1.0, wasShortTermModelActive=false, flags=, reason=manual, autoBrightness=false
05-20 13:40:36.165  1247  1839 I Telecom : CallAudioRouteStateMachine: Message received: USER_SWITCH_SPEAKER=1104, arg1=0: ICA.sAR->CARSM.pM_USER_SWITCH_SPEAKER(cgad)@AYc
05-20 13:40:36.166  1247  1839 I Telecom : ActiveEarpieceRoute: Processing message USER_SWITCH_SPEAKER: ICA.sAR->CARSM.pM_USER_SWITCH_SPEAKER(cgad)@AYc
05-20 13:40:36.166  1247  1839 I Telecom : CallAudioRouteStateMachine: turning speaker phone true: ICA.sAR->CARSM.pM_USER_SWITCH_SPEAKER(cgad)@AYc
05-20 13:40:36.172  1247  1839 I Telecom : Event: RecordEntry TC@2: AUDIO_ROUTE, Leaving state ActiveEarpieceRoute: ICA.sAR->CARSM.pM_USER_SWITCH_SPEAKER(cgad)@AYc
05-20 13:40:36.172  1247  1839 I Telecom : Event: RecordEntry TC@2: AUDIO_ROUTE, Entering state ActiveSpeakerRoute: ICA.sAR->CARSM.pM_USER_SWITCH_SPEAKER(cgad)@AYc
05-20 13:40:36.172  1247  1839 I Telecom : Event: RecordEntry TC@2: AUDIO_ROUTE_SPEAKER, null: ICA.sAR->CARSM.pM_USER_SWITCH_SPEAKER(cgad)@AYc
05-20 13:40:36.172  1247  1839 I Telecom : CallAudioRouteStateMachine: setSystemAudioState: changing from [AudioState isMuted: false, route: EARPIECE, supportedRouteMask: EARPIECE, SPEAKER, activeBluetoothDevice: [null], supportedBluetoothDevices: []] to [AudioState isMuted: false, route: SPEAKER, supportedRouteMask: EARPIECE, SPEAKER, activeBluetoothDevice: [null], supportedBluetoothDevices: []]: ICA.sAR->CARSM.pM_USER_SWITCH_SPEAKER(cgad)@AYc
05-20 13:40:36.173  1247  1839 I Telecom : InCallController: Calling onAudioStateChanged, audioState: [AudioState isMuted: false, route: EARPIECE, supportedRouteMask: EARPIECE, SPEAKER, activeBluetoothDevice: [null], supportedBluetoothDevices: []] -> [AudioState isMuted: false, route: SPEAKER, supportedRouteMask: EARPIECE, SPEAKER, activeBluetoothDevice: [null], supportedBluetoothDevices: []]: ICA.sAR->CARSM.pM_USER_SWITCH_SPEAKER(cgad)@AYc
05-20 13:40:36.174  1247  1839 I Telecom : BluetoothRouteManager: getBluetoothAudioConnectedDevice: no service available.: ICA.sAR->CARSM.pM_USER_SWITCH_SPEAKER(cgad)@AYc
05-20 13:40:36.174  1686  1686 I TelecomFramework: TelephonyConnectionService: onAudioStateChanged TC@2_1 [AudioState isMuted: false, route: SPEAKER, supportedRouteMask: EARPIECE, SPEAKER, activeBluetoothDevice: [null], supportedBluetoothDevices: []]: (ICA.sAR->CARSM.pM_USER_SWITCH_SPEAKER)->CS.cASC->H.CS.cASC(cgad/cast)@E-AYc
05-20 13:40:36.189  1247  3038 D CompatibilityChangeReporter: Compat change id reported: 161145287; UID 10451; state: DISABLED
05-20 13:40:36.245  1247  1293 I DisplayPowerController[0]: BrightnessEvent: disp=0, physDisp=local:0, brt=0.09448819, initBrt=0.09448819, rcmdBrt=NaN, preBrt=NaN, lux=0.0, preLux=0.0, hbmMax=1.0, hbmMode=off, rbcStrength=50, powerFactor=1.0, thrmMax=1.0, wasShortTermModelActive=false, flags=, reason=manual, autoBrightness=false
05-20 13:40:36.530  1247  1839 I Telecom : CallAudioRouteStateMachine: Message received: SPEAKER_ON=1006, arg1=0: CARSM.mSPCR->CARSM.pM_SPEAKER_ON@AYk
05-20 13:40:36.530  1247  1839 I Telecom : ActiveSpeakerRoute: Processing message SPEAKER_ON: CARSM.mSPCR->CARSM.pM_SPEAKER_ON@AYk
05-20 13:40:37.210  1247  2652 D CoreBackPreview: Window{a0690e9 u0 com.google.android.dialer/com.android.dialer.incall.activity.ui.InCallActivity}: Setting back callback OnBackInvokedCallbackInfo{mCallback=android.window.IOnBackInvokedCallback$Stub$Proxy@ef67a36, mPriority=0}
05-20 13:40:37.841  1247  1247 D OomAdjuster: Not killing cached processes
05-20 13:40:38.046  1247  3155 W JobScheduler: Job didn't exist in JobStore: f3d3f43 #u0a461/-47 com.google.android.googlequicksearchbox/com.google.android.apps.gsa.tasks.BackgroundTasksJobService
05-20 13:40:38.304  1247  1287 W BatteryExternalStatsWorker: error reading Bluetooth stats: 9
05-20 13:40:38.421  1247  2652 D CoreBackPreview: Window{a0690e9 u0 com.google.android.dialer/com.android.dialer.incall.activity.ui.InCallActivity}: Setting back callback OnBackInvokedCallbackInfo{mCallback=android.window.IOnBackInvokedCallback$Stub$Proxy@9623e7d, mPriority=-1}
05-20 13:40:39.541  1247  1323 D CompatibilityChangeReporter: Compat change id reported: 218533173; UID 10564; state: ENABLED
05-20 13:40:40.882  1446  1522 D ShellBackPreview: initAnimation mMotionStarted=false
05-20 13:40:40.885  1247  2652 D CoreBackPreview: Focused window found using getFocusedWindowToken
05-20 13:40:40.886  1247  2652 D CoreBackPreview: startBackNavigation currentTask=Task{c46db95 #532 type=standard A=10447:com.google.android.dialer}, topRunningActivity=ActivityRecord{b4dc89b u0 com.google.android.dialer/com.android.dialer.incall.activity.ui.InCallActivity} t532}, callbackInfo=OnBackInvokedCallbackInfo{mCallback=android.window.IOnBackInvokedCallback$Stub$Proxy@9623e7d, mPriority=-1}, currentFocus=Window{a0690e9 u0 com.google.android.dialer/com.android.dialer.incall.activity.ui.InCallActivity}
05-20 13:40:40.887  1247  2652 D CoreBackPreview: Previous Destination is Activity:ComponentInfo{com.google.android.dialer/com.android.dialer.main.impl.MainActivity} Task:Task=531 removedContainer:Task{c46db95 #532 type=standard A=10447:com.google.android.dialer}, backType=TYPE_CROSS_TASK
05-20 13:40:40.889  1446  1522 D ShellBackPreview: Received backNavigationInfo:BackNavigationInfo{mType=TYPE_CROSS_TASK (3), mDepartingAnimationTarget=null, mScreenshotSurface=null, mTaskWindowConfiguration= null, mScreenshotBuffer=null, mOnBackNavigationDone=android.os.RemoteCallback@2d4a94f, mOnBackInvokedCallback=android.window.IOnBackInvokedCallback$Stub$Proxy@23c58dc}
05-20 13:40:40.954  1446  1522 D ShellBackPreview: Finishing gesture with event action: 1
05-20 13:40:40.955  1446  1522 D ShellBackPreview: onGestureFinished() mTriggerBack == true
05-20 13:40:40.955  1446  1522 D ShellBackPreview: BackAnimationController: finishAnimation()
05-20 13:40:40.957  1247  2652 D CoreBackPreview: onBackNavigationDone backType=3, task=Task{c46db95 #532 type=standard A=10447:com.google.android.dialer}, prevActivity=ActivityRecord{fcd25e6 u0 com.google.android.dialer/.extensions.GoogleDialtactsActivity} t531}
05-20 13:40:41.011  1247  3038 W ActivityManager: Unable to start service Intent { act=com.google.android.apps.tachyon.services.CLIENT_API pkg=com.google.android.apps.tachyon } U=0: not found
05-20 13:40:41.359   444  4291 I keystore2: keystore2::watchdog: Watchdog thread idle -> terminating. Have a great day.
05-20 13:40:41.386  1247  3155 D CoreBackPreview: Window{a0690e9 u0 com.google.android.dialer/com.android.dialer.incall.activity.ui.InCallActivity}: Setting back callback OnBackInvokedCallbackInfo{mCallback=android.window.IOnBackInvokedCallback$Stub$Proxy@f5c133a, mPriority=0}
05-20 13:40:41.416  1247  3155 D CoreBackPreview: Window{a0690e9 u0 com.google.android.dialer/com.android.dialer.incall.activity.ui.InCallActivity}: Setting back callback null
05-20 13:40:42.164  1247  3155 D CoreBackPreview: Window{5cd9d7c u0 com.google.android.dialer/com.google.android.dialer.extensions.GoogleDialtactsActivity}: Setting back callback OnBackInvokedCallbackInfo{mCallback=android.window.IOnBackInvokedCallback$Stub$Proxy@141c389, mPriority=0}
05-20 13:40:43.042  1247  1685 D OomAdjuster: Not killing cached processes
05-20 13:40:43.639  1247  3712 W JobScheduler: Job didn't exist in JobStore: 9ebd0a3 #u0a487/1034 com.google.android.apps.photos/com.google.android.libraries.social.mediamonitor.MediaMonitorJobSchedulerService
05-20 13:40:43.726  1247  1685 W UriGrantsManagerService: No permission grants found for com.google.android.apps.photos
05-20 13:40:43.727  1247  1685 W UriGrantsManagerService: No permission grants found for com.google.android.apps.photos
05-20 13:40:44.437  1247  3712 I Telecom : PhoneAccountRegistrar: getSimCallManager: SimCallManager for subId 2 queried, returning: null
05-20 13:40:44.678  1247  2652 I Telecom : PhoneAccountRegistrar: getSimCallManager: SimCallManager for subId 2 queried, returning: null
05-20 13:40:44.820  1247  2052 W UriGrantsManagerService: No permission grants found for com.google.android.apps.photos
05-20 13:40:44.821  1247  2052 W UriGrantsManagerService: No permission grants found for com.google.android.apps.photos
05-20 13:40:44.857  1247  2052 W JobScheduler: Job didn't exist in JobStore: 935c9bd #u0a462/1034 com.google.android.apps.nbu.files/androidx.work.impl.background.systemjob.SystemJobService
05-20 13:40:44.889  1247  3712 W UriGrantsManagerService: No permission grants found for com.google.android.apps.photos
05-20 13:40:44.889  1247  3712 W UriGrantsManagerService: No permission grants found for com.google.android.apps.photos
05-20 13:40:45.220  1247  1685 I Telecom : PhoneAccountRegistrar: getSimCallManager: SimCallManager for subId 2 queried, returning: null
05-20 13:40:45.285  1247  1323 D CompatibilityChangeReporter: Compat change id reported: 218533173; UID 10556; state: ENABLED
05-20 13:40:45.458  1247  2052 I Telecom : PhoneAccountRegistrar: getSimCallManager: SimCallManager for subId 2 queried, returning: null
05-20 13:40:45.984  1247  2052 I Telecom : PhoneAccountRegistrar: getSimCallManager: SimCallManager for subId 2 queried, returning: null
05-20 13:40:46.261  1247  3712 I Telecom : PhoneAccountRegistrar: getSimCallManager: SimCallManager for subId 2 queried, returning: null
05-20 13:40:47.075  1446  1522 D ShellBackPreview: Finishing gesture with event action: 1
05-20 13:40:47.075  1446  1522 D ShellBackPreview: onGestureFinished() mTriggerBack == false
05-20 13:40:47.075  1446  1522 D ShellBackPreview: BackAnimationController: finishAnimation()
05-20 13:40:47.130  1247  3712 I Telecom : PhoneAccountRegistrar: getSimCallManager: SimCallManager for subId 2 queried, returning: null
05-20 13:40:47.465  1247  2052 I Telecom : PhoneAccountRegistrar: getSimCallManager: SimCallManager for subId 2 queried, returning: null
05-20 13:40:47.501  1247  1323 D CompatibilityChangeReporter: Compat change id reported: 218533173; UID 10550; state: ENABLED
05-20 13:40:47.716  1247  2052 I Telecom : PhoneAccountRegistrar: getSimCallManager: SimCallManager for subId 2 queried, returning: null
05-20 13:40:47.965  1247  3712 I Telecom : PhoneAccountRegistrar: getSimCallManager: SimCallManager for subId 2 queried, returning: null
05-20 13:40:48.026  1690  1690 W ContextImpl: Calling a method in the system process without a qualified user: android.app.ContextImpl.startActivity:1077 android.content.ContextWrapper.startActivity:432 android.content.ContextWrapper.startActivity:432 com.android.settings.TestingSettingsBroadcastReceiver.onReceive:39 android.app.ActivityThread.handleReceiver:4320 
05-20 13:40:48.027  1690  1690 W ContextImpl: Calling a method in the system process without a qualified user: android.app.ContextImpl.startActivity:1089 android.app.ContextImpl.startActivity:1078 android.content.ContextWrapper.startActivity:432 android.content.ContextWrapper.startActivity:432 com.android.settings.TestingSettingsBroadcastReceiver.onReceive:39 
05-20 13:40:48.033  1247  2593 I ActivityTaskManager: START u0 {act=android.intent.action.MAIN flg=0x10000000 cmp=com.android.settings/.Settings$TestingSettingsActivity} from uid 1000
05-20 13:40:48.034  1247  2593 D CompatibilityChangeReporter: Compat change id reported: 265464455; UID 1000; state: DISABLED
05-20 13:40:48.035  1247  2593 D CompatibilityChangeReporter: Compat change id reported: 265452344; UID 1000; state: DISABLED
05-20 13:40:48.035  1247  2593 D CompatibilityChangeReporter: Compat change id reported: 266124927; UID 1000; state: DISABLED
05-20 13:40:48.035  1247  2593 D CompatibilityChangeReporter: Compat change id reported: 265451093; UID 1000; state: DISABLED
05-20 13:40:48.035  1247  2593 D CompatibilityChangeReporter: Compat change id reported: 265456536; UID 1000; state: DISABLED
05-20 13:40:48.035  1247  2593 D CompatibilityChangeReporter: Compat change id reported: 255940284; UID 1000; state: DISABLED
05-20 13:40:48.035  1247  2593 D CompatibilityChangeReporter: Compat change id reported: 236283604; UID 1000; state: DISABLED
05-20 13:40:48.035  1247  2593 D CompatibilityChangeReporter: Compat change id reported: 263959004; UID 1000; state: DISABLED
05-20 13:40:48.036  1247  2593 D CompatibilityChangeReporter: Compat change id reported: 264304459; UID 1000; state: DISABLED
05-20 13:40:48.036  1247  2593 D CompatibilityChangeReporter: Compat change id reported: 264301586; UID 1000; state: DISABLED
05-20 13:40:48.036  1247  2593 D CompatibilityChangeReporter: Compat change id reported: 254631730; UID 1000; state: DISABLED
05-20 13:40:48.036  1247  2593 D CompatibilityChangeReporter: Compat change id reported: 273509367; UID 1000; state: DISABLED
05-20 13:40:48.037  1247  2593 D CompatibilityChangeReporter: Compat change id reported: 263259275; UID 1000; state: DISABLED
05-20 13:40:48.067  1247  1335 D OomAdjuster: Not killing cached processes
05-20 13:40:48.183  1247  2593 D CompatibilityChangeReporter: Compat change id reported: 194480991; UID 1000; state: ENABLED
05-20 13:40:48.185  1247  2593 D CompatibilityChangeReporter: Compat change id reported: 174042980; UID 1000; state: DISABLED
05-20 13:40:48.191  1247  2593 D CompatibilityChangeReporter: Compat change id reported: 197654537; UID 1000; state: ENABLED
05-20 13:40:48.193  1247  1323 D CompatibilityChangeReporter: Compat change id reported: 218533173; UID 10531; state: ENABLED
05-20 13:40:48.194  1247  2593 D CompatibilityChangeReporter: Compat change id reported: 205907456; UID 1000; state: ENABLED
05-20 13:40:48.211  1247  1263 I ActivityTaskManager: The Process com.android.settings Already Exists in BG. So sending its PID: 1690
05-20 13:40:48.211  1247  1263 W ActivityTaskManager: Tried to set launchTime (0) < mLastActivityLaunchTime (19445)
05-20 13:40:48.215  1247  1263 D CompatibilityChangeReporter: Compat change id reported: 181136395; UID 1000; state: DISABLED
05-20 13:40:48.215  1247  1263 D CompatibilityChangeReporter: Compat change id reported: 174042936; UID 1000; state: DISABLED
05-20 13:40:48.508  1247  3712 D CoreBackPreview: Window{6229dfe u0 com.android.settings/com.android.settings.Settings$TestingSettingsActivity}: Setting back callback OnBackInvokedCallbackInfo{mCallback=android.window.IOnBackInvokedCallback$Stub$Proxy@1d5afac, mPriority=-1}
05-20 13:40:48.660  1247  3712 D CompatibilityChangeReporter: Compat change id reported: 214016041; UID 1000; state: ENABLED
05-20 13:40:48.661  1247  3712 D CompatibilityChangeReporter: Compat change id reported: 214016041; UID 1000; state: DISABLED
