05-19 12:41:08.592  1245  1273 I UsbDeviceManager: 	at java.util.concurrent.ThreadPoolExecutor$Worker.run(ThreadPoolExecutor.java:637)
05-19 12:41:08.592  1245  1273 I UsbDeviceManager: 	at com.android.internal.util.ConcurrentUtils$1$1.run(ConcurrentUtils.java:65)
05-19 12:41:08.592  1245  1273 E UsbDeviceManager: Failed to open control for mtp
05-19 12:41:08.593  1245  1273 E UsbDeviceManager: Failed to open control for ptp
05-19 12:41:08.594  1245  1273 W StorageManagerService: No primary storage defined yet; hacking together a stub
05-19 12:41:08.596  1245  1245 D SystemServerTiming: StartTwilightService
05-19 12:41:08.596  1245  1245 I SystemServiceManager: Starting com.android.server.twilight.TwilightService
05-19 12:41:08.596  1245  1245 D SystemServerTiming: StartColorDisplay
05-19 12:41:08.596  1245  1245 I SystemServiceManager: Starting com.android.server.display.color.ColorDisplayService
05-19 12:41:08.598  1245  1245 D SystemServerTiming: StartJobScheduler
05-19 12:41:08.599  1245  1245 I SystemServiceManager: Starting com.android.server.job.JobSchedulerService
05-19 12:41:08.599  1245  1273 D UsbPortManager: Querying USB HAL version
05-19 12:41:08.603  1245  1245 D JobStore: Start tag: job-info
05-19 12:41:08.604  1245  1273 I UsbPortManager: USB HAL HIDL present
05-19 12:41:08.608  1245  1277 I UsbPortManager: Usb hal service started android.hardware.usb@1.0::IUsb default
05-19 12:41:08.611  1245  1273 D UsbPortManager: getInstance done
05-19 12:41:08.617  1245  1245 I JobStore: Read 116 jobs
05-19 12:41:08.620  1245  1245 V HistoricalRegistry: Interaction before persistence initialized
05-19 12:41:08.620  1245  1245 V HistoricalRegistry: Interaction before persistence initialized
05-19 12:41:08.622  1245  1245 D SystemServerTiming: StartSoundTrigger
05-19 12:41:08.622  1245  1245 I SystemServiceManager: Starting com.android.server.soundtrigger.SoundTriggerService
05-19 12:41:08.623  1245  1245 D SystemServerTiming: StartTrustManager
05-19 12:41:08.623  1245  1245 I SystemServiceManager: Starting com.android.server.trust.TrustManagerService
05-19 12:41:08.625  1245  1245 D SystemServerTiming: StartBackupManager
05-19 12:41:08.625  1245  1245 I SystemServiceManager: Starting com.android.server.backup.BackupManagerService$Lifecycle
05-19 12:41:08.628  1245  1245 D SystemServerTiming: StartAppWidgetService
05-19 12:41:08.628  1245  1245 I SystemServiceManager: Starting com.android.server.appwidget.AppWidgetService
05-19 12:41:08.633  1245  1245 D SystemServerTiming: StartVoiceRecognitionManager
05-19 12:41:08.633  1245  1245 I SystemServiceManager: Starting com.android.server.voiceinteraction.VoiceInteractionManagerService
05-19 12:41:08.775  1245  1245 D SystemServerTiming: StartAppHibernationService
05-19 12:41:08.776  1245  1245 I SystemServiceManager: Starting com.android.server.apphibernation.AppHibernationService
05-19 12:41:08.778  1245  1245 D SystemServerTiming: StartGestureLauncher
05-19 12:41:08.778  1245  1245 I SystemServiceManager: Starting com.android.server.GestureLauncherService
05-19 12:41:08.778  1245  1245 D SystemServerTiming: StartSensorNotification
05-19 12:41:08.778  1245  1245 I SystemServiceManager: Starting com.android.server.SensorNotificationService
05-19 12:41:08.778  1245  1245 D SystemServerTiming: StartDiskStatsService
05-19 12:41:08.779  1245  1245 D CompatibilityChangeReporter: Compat change id reported: 194532703; UID 1000; state: ENABLED
05-19 12:41:08.779  1245  1245 D CompatibilityChangeReporter: Compat change id reported: 194532703; UID 1000; state: DISABLED
05-19 12:41:08.782  1245  1245 D SystemServerTiming: RuntimeService
05-19 12:41:08.783  1245  1245 D SystemServerTiming: StartNetworkTimeUpdateService
05-19 12:41:08.785  1245  1245 D SystemServerTiming: CertBlacklister
05-19 12:41:08.785  1245  1245 D SystemServerTiming: StartEmergencyAffordanceService
05-19 12:41:08.785  1245  1245 I SystemServiceManager: Starting com.android.server.emergency.EmergencyAffordanceService
05-19 12:41:08.787  1245  1245 D SystemServerTiming: startBlobStoreManagerService
05-19 12:41:08.787  1245  1245 I SystemServiceManager: Starting com.android.server.blob.BlobStoreManagerService
05-19 12:41:08.789  1245  1245 D SystemServerTiming: StartDreamManager
05-19 12:41:08.789  1245  1245 I SystemServiceManager: Starting com.android.server.dreams.DreamManagerService
05-19 12:41:08.791  1245  1245 D SystemServerTiming: AddGraphicsStatsService
05-19 12:41:08.794  1245  1245 D SystemServerTiming: StartPrintManager
05-19 12:41:08.794  1245  1245 I SystemServiceManager: Starting com.android.server.print.PrintManagerService
05-19 12:41:08.796  1245  1245 D SystemServerTiming: StartAttestationVerificationService
05-19 12:41:08.796  1245  1245 I SystemServiceManager: Starting com.android.server.security.AttestationVerificationManagerService
05-19 12:41:08.796  1245  1245 D AVF     : Started
05-19 12:41:08.798  1245  1245 D SystemServerTiming: StartCompanionDeviceManager
05-19 12:41:08.798  1245  1245 I SystemServiceManager: Starting com.android.server.companion.CompanionDeviceManagerService
05-19 12:41:08.799  1245  1245 I CompanionDevice_PersistentDataStore: Reading associations for user 0 from disk
05-19 12:41:08.801  1245  1245 D SystemServerTiming: StartVirtualDeviceManager
05-19 12:41:08.801  1245  1245 I SystemServiceManager: Starting com.android.server.companion.virtual.VirtualDeviceManagerService
05-19 12:41:08.803  1245  1245 D SystemServerTiming: StartRestrictionManager
05-19 12:41:08.803  1245  1245 I SystemServiceManager: Starting com.android.server.restrictions.RestrictionsManagerService
05-19 12:41:08.805  1245  1245 D SystemServerTiming: StartMediaSessionService
05-19 12:41:08.805  1245  1245 I SystemServiceManager: Starting com.android.server.media.MediaSessionService
05-19 12:41:08.808  1245  1245 D SystemServerTiming: StartMediaResourceMonitor
05-19 12:41:08.808  1245  1245 I SystemServiceManager: Starting com.android.server.media.MediaResourceMonitorService
05-19 12:41:08.808  1245  1245 D SystemServerTiming: StartMediaRouterService
05-19 12:41:08.808  1245  1245 V HistoricalRegistry: Interaction before persistence initialized
05-19 12:41:08.810  1245  1245 D SystemServerTiming: StartFaceSensor
05-19 12:41:08.811  1245  1245 I SystemServiceManager: Starting com.android.server.biometrics.sensors.face.FaceService
05-19 12:41:08.812  1245  1245 D SystemServerTiming: StartFingerprintSensor
05-19 12:41:08.812  1245  1245 I SystemServiceManager: Starting com.android.server.biometrics.sensors.fingerprint.FingerprintService
05-19 12:41:08.813  1245  1245 D SystemServerTiming: StartBiometricService
05-19 12:41:08.813  1245  1245 I SystemServiceManager: Starting com.android.server.biometrics.BiometricService
05-19 12:41:08.816  1245  1245 D SystemServerTiming: StartAuthService
05-19 12:41:08.816  1245  1245 I SystemServiceManager: Starting com.android.server.biometrics.AuthService
05-19 12:41:08.817  1245  1245 D AuthService: Registering HIDL ID: 0 Modality: 2 Strength: 15
05-19 12:41:08.821  1245  1411 D BiometricService: Registering ID: 0 Modality: 2 Strength: 15
05-19 12:41:08.822  1245  1411 D BiometricStrengthController: updateStrengths: revert sensorId=0 to oemStrength=15
05-19 12:41:08.822  1245  1411 D BiometricService/Sensor: updateStrength: Before(ID(0), oemStrength: 15, updatedStrength: 15, modality 2, state: 0, cookie: 0) After(ID(0), oemStrength: 15, updatedStrength: 15, modality 2, state: 0, cookie: 0)
05-19 12:41:08.823  1245  1245 D SystemServerTiming: AppLockManagerService
05-19 12:41:08.823  1245  1245 I SystemServiceManager: Starting com.android.server.app.AppLockManagerService$Lifecycle
05-19 12:41:08.824  1245  1412 D BiometricService: Registering ID: 1008 Modality: 8 Strength: 255
05-19 12:41:08.824  1245  1412 D BiometricStrengthController: updateStrengths: revert sensorId=0 to oemStrength=15
05-19 12:41:08.824  1245  1412 D BiometricService/Sensor: updateStrength: Before(ID(0), oemStrength: 15, updatedStrength: 15, modality 2, state: 0, cookie: 0) After(ID(0), oemStrength: 15, updatedStrength: 15, modality 2, state: 0, cookie: 0)
05-19 12:41:08.824  1245  1412 D BiometricStrengthController: updateStrengths: revert sensorId=1008 to oemStrength=255
05-19 12:41:08.825  1245  1412 D BiometricService/Sensor: updateStrength: Before(ID(1008), oemStrength: 255, updatedStrength: 255, modality 8, state: 0, cookie: 0) After(ID(1008), oemStrength: 255, updatedStrength: 255, modality 8, state: 0, cookie: 0)
05-19 12:41:08.829  1245  1245 D SystemServerTiming: StartDynamicCodeLoggingService
05-19 12:41:08.830  1245  1245 D SystemServerTiming: StartPruneInstantAppsJobService
05-19 12:41:08.830  1245  1245 D SystemServerTiming: StartShortcutServiceLifecycle
05-19 12:41:08.830  1245  1245 I SystemServiceManager: Starting com.android.server.pm.ShortcutService$Lifecycle
05-19 12:41:08.831  1245  1245 V HistoricalRegistry: Interaction before persistence initialized
05-19 12:41:08.833  1245  1245 D SystemServerTiming: StartLauncherAppsService
05-19 12:41:08.833  1245  1245 I SystemServiceManager: Starting com.android.server.pm.LauncherAppsService
05-19 12:41:08.836  1245  1245 D SystemServerTiming: StartCrossProfileAppsService
05-19 12:41:08.836  1245  1245 I SystemServiceManager: Starting com.android.server.pm.CrossProfileAppsService
05-19 12:41:08.838  1245  1245 D SystemServerTiming: StartPocketService
05-19 12:41:08.838  1245  1245 I SystemServiceManager: Starting com.android.server.pocket.PocketService
05-19 12:41:08.841  1245  1245 D SystemServerTiming: StartPeopleService
05-19 12:41:08.841  1245  1245 I SystemServiceManager: Starting com.android.server.people.PeopleService
05-19 12:41:08.842  1245  1245 D SystemServerTiming: StartMediaMetricsManager
05-19 12:41:08.843  1245  1245 I SystemServiceManager: Starting com.android.server.media.metrics.MediaMetricsManagerService
05-19 12:41:08.844  1245  1245 D SystemServerTiming: StartCustomDeviceConfigService
05-19 12:41:08.844  1245  1245 I SystemServiceManager: Starting com.android.server.derp.CustomDeviceConfigService
05-19 12:41:08.844  1245  1245 D SystemServerTiming: StartLinearmotorVibratorService
05-19 12:41:08.844  1245  1245 I SystemServiceManager: Starting com.android.server.vibrator.LinearmotorVibratorService
05-19 12:41:08.846  1245  1245 D SystemServerTiming: StartLineageHardwareService
05-19 12:41:08.846  1245  1245 I SystemServiceManager: Starting com.android.server.derp.LineageHardwareService
05-19 12:41:08.848  1245  1245 D SystemServerTiming: StartLiveDisplayService
05-19 12:41:08.848  1245  1245 I SystemServiceManager: Starting com.android.server.derp.display.LiveDisplayService
05-19 12:41:08.852  1245  1245 D SystemServerTiming: StartHealthService
05-19 12:41:08.852  1245  1245 I SystemServiceManager: Starting com.android.server.derp.health.HealthInterfaceService
05-19 12:41:08.855  1245  1245 D SystemServerTiming: StartMediaProjectionManager
05-19 12:41:08.855  1245  1245 I SystemServiceManager: Starting com.android.server.media.projection.MediaProjectionManagerService
05-19 12:41:08.859  1245  1245 D SystemServerTiming: StartSliceManagerService
05-19 12:41:08.859  1245  1245 I SystemServiceManager: Starting com.android.server.slice.SliceManagerService$Lifecycle
05-19 12:41:08.861  1245  1245 D SystemServerTiming: StartStatsCompanion
05-19 12:41:08.862  1245  1245 I SystemServiceManager: Starting com.android.server.stats.StatsCompanion$Lifecycle
05-19 12:41:08.865  1245  1245 D SystemServerTiming: StartRebootReadinessManagerService
05-19 12:41:08.865  1245  1245 I SystemServiceManager: Starting com.android.server.scheduling.RebootReadinessManagerService$Lifecycle
05-19 12:41:08.871  1245  1245 D SystemServerTiming: StartStatsPullAtomService
05-19 12:41:08.871  1245  1245 I SystemServiceManager: Starting com.android.server.stats.pull.StatsPullAtomService
05-19 12:41:08.871  1245  1245 D SystemServerTiming: StatsBootstrapAtomService
05-19 12:41:08.871  1245  1245 I SystemServiceManager: Starting com.android.server.stats.bootstrap.StatsBootstrapAtomService$Lifecycle
05-19 12:41:08.873  1245  1245 D SystemServerTiming: StartIncidentCompanionService
05-19 12:41:08.873  1245  1245 I SystemServiceManager: Starting com.android.server.incident.IncidentCompanionService
05-19 12:41:08.875  1245  1245 D SystemServerTiming: StarSdkSandboxManagerService
05-19 12:41:08.875  1245  1245 I SystemServiceManager: Starting com.android.server.sdksandbox.SdkSandboxManagerService$Lifecycle
05-19 12:41:08.878  1245  1245 D SystemServerTiming: StartAdServicesManagerService
05-19 12:41:08.879  1245  1245 I SystemServiceManager: Starting com.android.server.adservices.AdServicesManagerService$Lifecycle
05-19 12:41:08.879  1245  1245 D SystemServerTiming: StartMmsService
05-19 12:41:08.879  1245  1245 I SystemServiceManager: Starting com.android.server.MmsServiceBroker
05-19 12:41:08.880  1245  1245 D SystemServerTiming: StartAutoFillService
05-19 12:41:08.880  1245  1245 I SystemServiceManager: Starting com.android.server.autofill.AutofillManagerService
05-19 12:41:08.883  1245  1245 E AutofillManagerServiceImpl: Bad service name: com.google.android.gms/.autofill.service.AutofillService
05-19 12:41:08.883  1245  1245 E RemoteAugmentedAutofillService: Bad service name for flags 1048704: com.google.android.as/com.google.android.apps.miphone.aiai.app.AiAiAugmentedAutofillService
05-19 12:41:08.885  1245  1245 D SystemServerTiming: StartTranslationManagerService
05-19 12:41:08.885  1245  1245 I SystemServiceManager: Starting com.android.server.translation.TranslationManagerService
05-19 12:41:08.887  1245  1245 D SystemServerTiming: StartClipboardService
05-19 12:41:08.888  1245  1245 I SystemServiceManager: Starting com.android.server.clipboard.ClipboardService
05-19 12:41:08.891  1245  1245 D SystemServerTiming: AppServiceManager
05-19 12:41:08.891  1245  1245 I SystemServiceManager: Starting com.android.server.appbinding.AppBindingService$Lifecycle
05-19 12:41:08.893  1245  1245 D SystemServerTiming: startTracingServiceProxy
05-19 12:41:08.893  1245  1245 I SystemServiceManager: Starting com.android.server.tracing.TracingServiceProxy
05-19 12:41:08.894  1245  1245 D SystemServerTiming: MakeLockSettingsServiceReady
05-19 12:41:08.900  1245  1245 I SyntheticPasswordManager: Device does not support weaver
05-19 12:41:08.901  1245  1245 I LockSettingsService: Device doesn't implement AuthSecret HAL
05-19 12:41:08.903  1245  1245 D SystemServerTiming: StartBootPhaseLockSettingsReady
05-19 12:41:08.903  1245  1245 I SystemServiceManager: Starting phase 480
05-19 12:41:08.903  1245  1245 D SystemServerTiming: OnBootPhase_480
05-19 12:41:08.903  1245  1245 D SystemServerTiming: OnBootPhase_480_com.android.server.security.FileIntegrityService
05-19 12:41:08.903  1245  1245 D SystemServerTiming: OnBootPhase_480_com.android.server.pm.Installer
05-19 12:41:08.903  1245  1245 D SystemServerTiming: OnBootPhase_480_com.android.server.os.DeviceIdentifiersPolicyService
05-19 12:41:08.903  1245  1245 D SystemServerTiming: OnBootPhase_480_com.android.server.uri.UriGrantsManagerService$Lifecycle
05-19 12:41:08.903  1245  1245 D SystemServerTiming: OnBootPhase_480_com.android.server.powerstats.PowerStatsService
05-19 12:41:08.903  1245  1245 D SystemServerTiming: OnBootPhase_480_com.android.server.wm.ActivityTaskManagerService$Lifecycle
05-19 12:41:08.903  1245  1245 D SystemServerTiming: OnBootPhase_480_com.android.server.am.ActivityManagerService$Lifecycle
05-19 12:41:08.903  1245  1245 D SystemServerTiming: OnBootPhase_480_com.android.server.pm.DataLoaderManagerService
05-19 12:41:08.903  1245  1245 D SystemServerTiming: OnBootPhase_480_com.android.server.power.PowerManagerService
05-19 12:41:08.903  1245  1245 D SystemServerTiming: OnBootPhase_480_com.android.server.power.ThermalManagerService
05-19 12:41:08.903  1245  1245 D SystemServerTiming: OnBootPhase_480_com.android.server.power.hint.HintManagerService
05-19 12:41:08.903  1245  1245 D SystemServerTiming: OnBootPhase_480_com.android.server.recoverysystem.RecoverySystemService$Lifecycle
05-19 12:41:08.903  1245  1245 D SystemServerTiming: OnBootPhase_480_com.android.server.lights.LightsService
05-19 12:41:08.903  1245  1245 D SystemServerTiming: OnBootPhase_480_com.android.server.display.DisplayManagerService
05-19 12:41:08.903  1245  1245 D SystemServerTiming: OnBootPhase_480_com.android.server.pm.verify.domain.DomainVerificationService
05-19 12:41:08.903  1245  1245 D SystemServerTiming: OnBootPhase_480_com.android.server.pm.PackageInstallerService$Lifecycle
05-19 12:41:08.903  1245  1245 D SystemServerTiming: OnBootPhase_480_com.android.server.pm.UserManagerService$LifeCycle
05-19 12:41:08.903  1245  1245 D SystemServerTiming: OnBootPhase_480_com.android.server.om.OverlayManagerService
05-19 12:41:08.903  1245  1245 D SystemServerTiming: OnBootPhase_480_com.android.server.resources.ResourcesManagerService
05-19 12:41:08.903  1245  1245 D SystemServerTiming: OnBootPhase_480_com.android.server.sensorprivacy.SensorPrivacyService
05-19 12:41:08.903  1245  1245 D SystemServerTiming: OnBootPhase_480_com.android.server.sensors.SensorService
05-19 12:41:08.903  1245  1245 D SystemServerTiming: OnBootPhase_480_com.android.server.SystemConfigService
05-19 12:41:08.903  1245  1245 D SystemServerTiming: OnBootPhase_480_com.android.server.BatteryService
05-19 12:41:08.903  1245  1245 D SystemServerTiming: OnBootPhase_480_com.android.server.usage.UsageStatsService
05-19 12:41:08.903  1245  1245 D SystemServerTiming: OnBootPhase_480_com.android.server.webkit.WebViewUpdateService
05-19 12:41:08.903  1245  1245 D SystemServerTiming: OnBootPhase_480_com.android.server.CachedDeviceStateService
05-19 12:41:08.903  1245  1245 D SystemServerTiming: OnBootPhase_480_com.android.server.BinderCallsStatsService$LifeCycle
05-19 12:41:08.903  1245  1245 D SystemServerTiming: OnBootPhase_480_com.android.server.LooperStatsService$Lifecycle
05-19 12:41:08.903  1245  1245 D SystemServerTiming: OnBootPhase_480_com.android.server.rollback.RollbackManagerService
05-19 12:41:08.903  1245  1245 D SystemServerTiming: OnBootPhase_480_com.android.server.os.NativeTombstoneManagerService
05-19 12:41:08.903  1245  1245 D SystemServerTiming: OnBootPhase_480_com.android.server.os.BugreportManagerService
05-19 12:41:08.903  1245  1245 D SystemServerTiming: OnBootPhase_480_com.android.server.gpu.GpuService
05-19 12:41:08.903  1245  1245 D SystemServerTiming: OnBootPhase_480_com.android.server.security.KeyChainSystemService
05-19 12:41:08.904  1245  1245 D SystemServerTiming: OnBootPhase_480_com.android.server.BinaryTransparencyService
05-19 12:41:08.904  1245  1245 D SystemServerTiming: OnBootPhase_480_com.android.server.telecom.TelecomLoaderService
05-19 12:41:08.904  1245  1245 D SystemServerTiming: OnBootPhase_480_com.android.server.accounts.AccountManagerService$Lifecycle
05-19 12:41:08.904  1245  1245 D SystemServerTiming: OnBootPhase_480_com.android.server.content.ContentService$Lifecycle
05-19 12:41:08.904  1245  1245 D SystemServerTiming: OnBootPhase_480_com.android.server.DropBoxManagerService
05-19 12:41:08.904  1245  1245 D SystemServerTiming: OnBootPhase_480_com.android.role.RoleService
05-19 12:41:08.904  1245  1245 D SystemServerTiming: OnBootPhase_480_com.android.server.vibrator.VibratorManagerService$Lifecycle
05-19 12:41:08.904  1245  1245 D SystemServerTiming: OnBootPhase_480_com.android.server.tare.InternalResourceService
05-19 12:41:08.904  1245  1245 D SystemServerTiming: OnBootPhase_480_com.android.server.alarm.AlarmManagerService
05-19 12:41:08.904  1245  1245 D SystemServerTiming: OnBootPhase_480_com.android.server.devicestate.DeviceStateManagerService
05-19 12:41:08.904  1245  1245 D SystemServerTiming: OnBootPhase_480_com.android.server.camera.CameraServiceProxy
05-19 12:41:08.904  1245  1245 D SystemServerTiming: OnBootPhase_480_com.android.server.bluetooth.BluetoothService
05-19 12:41:08.904  1245  1245 D SystemServerTiming: OnBootPhase_480_com.android.server.connectivity.IpConnectivityMetrics
05-19 12:41:08.904  1245  1245 D SystemServerTiming: OnBootPhase_480_com.android.server.net.watchlist.NetworkWatchlistService$Lifecycle
05-19 12:41:08.904  1245  1245 D SystemServerTiming: OnBootPhase_480_com.android.server.PinnerService
05-19 12:41:08.904  1245  1245 D SystemServerTiming: OnBootPhase_480_com.android.server.integrity.AppIntegrityManagerService
05-19 12:41:08.904  1245  1245 D SystemServerTiming: OnBootPhase_480_com.android.server.logcat.LogcatManagerService
05-19 12:41:08.904  1245  1245 D SystemServerTiming: OnBootPhase_480_com.android.server.derp.LineageGlobalActionsService
05-19 12:41:08.904  1245  1245 D SystemServerTiming: OnBootPhase_480_com.android.server.inputmethod.InputMethodManagerService$Lifecycle
05-19 12:41:08.904  1245  1245 D SystemServerTiming: OnBootPhase_480_com.android.server.accessibility.AccessibilityManagerService$Lifecycle
05-19 12:41:08.904  1245  1245 D SystemServerTiming: OnBootPhase_480_com.android.server.StorageManagerService$Lifecycle
05-19 12:41:08.904  1245  1245 D SystemServerTiming: OnBootPhase_480_com.android.server.usage.StorageStatsService$Lifecycle
05-19 12:41:08.904  1245  1245 D SystemServerTiming: OnBootPhase_480_com.android.server.UiModeManagerService
05-19 12:41:08.904  1245  1245 D SystemServerTiming: OnBootPhase_480_com.android.server.locales.LocaleManagerService
05-19 12:41:08.904  1245  1245 D SystemServerTiming: OnBootPhase_480_com.android.server.locksettings.LockSettingsService$Lifecycle
05-19 12:41:08.904  1245  1245 D SystemServerTiming: OnBootPhase_480_com.android.server.PersistentDataBlockService
05-19 12:41:08.904  1245  1245 D SystemServerTiming: OnBootPhase_480_com.android.server.testharness.TestHarnessModeService
05-19 12:41:08.904  1245  1245 D SystemServerTiming: OnBootPhase_480_com.android.server.oemlock.OemLockService
05-19 12:41:08.904  1245  1245 D SystemServerTiming: OnBootPhase_480_com.android.server.DeviceIdleController
05-19 12:41:08.904  1245  1245 D SystemServerTiming: OnBootPhase_480_com.android.server.devicepolicy.DevicePolicyManagerService$Lifecycle
05-19 12:41:08.909  1245  1245 I UsbPortManager: USB HAL HIDL version: 11
05-19 12:41:08.909  1245  1245 D SystemServerTiming: OnBootPhase_480_com.android.server.musicrecognition.MusicRecognitionManagerService
05-19 12:41:08.909  1245  1325 D SystemServerTimingAsync: InitThreadPoolExec:DevicePolicyManager
05-19 12:41:08.910  1245  1245 D SystemServerTiming: OnBootPhase_480_com.android.server.contentcapture.ContentCaptureManagerService
05-19 12:41:08.910  1245  1245 D SystemServerTiming: OnBootPhase_480_com.android.server.attention.AttentionManagerService
05-19 12:41:08.910  1245  1245 D SystemServerTiming: OnBootPhase_480_com.android.server.rotationresolver.RotationResolverManagerService
05-19 12:41:08.910  1245  1245 D SystemServerTiming: OnBootPhase_480_com.android.server.systemcaptions.SystemCaptionsManagerService
05-19 12:41:08.910  1245  1245 D SystemServerTiming: OnBootPhase_480_com.android.server.texttospeech.TextToSpeechManagerService
05-19 12:41:08.910  1245  1245 D SystemServerTiming: OnBootPhase_480_com.android.server.ambientcontext.AmbientContextManagerService
05-19 12:41:08.910  1245  1245 D SystemServerTiming: OnBootPhase_480_com.android.server.speech.SpeechRecognitionManagerService
05-19 12:41:08.910  1245  1245 D SystemServerTiming: OnBootPhase_480_com.android.server.appprediction.AppPredictionManagerService
05-19 12:41:08.910  1245  1245 D SystemServerTiming: OnBootPhase_480_com.android.server.contentsuggestions.ContentSuggestionsManagerService
05-19 12:41:08.910  1245  1245 D SystemServerTiming: OnBootPhase_480_com.android.server.searchui.SearchUiManagerService
05-19 12:41:08.910  1245  1245 D SystemServerTiming: OnBootPhase_480_com.android.server.smartspace.SmartspaceManagerService
05-19 12:41:08.910  1245  1245 D SystemServerTiming: OnBootPhase_480_com.android.server.graphics.fonts.FontManagerService$Lifecycle
05-19 12:41:08.910  1245  1245 D SystemServerTiming: OnBootPhase_480_com.android.server.textservices.TextServicesManagerService$Lifecycle
05-19 12:41:08.910  1245  1245 D SystemServerTiming: OnBootPhase_480_com.android.server.textclassifier.TextClassificationManagerService$Lifecycle
05-19 12:41:08.910  1245  1245 D SystemServerTiming: OnBootPhase_480_com.android.server.NetworkScoreService$Lifecycle
05-19 12:41:08.910  1245  1245 D SystemServerTiming: OnBootPhase_480_com.android.server.NetworkStatsServiceInitializer
05-19 12:41:08.910  1245  1245 D SystemServerTiming: OnBootPhase_480_com.android.server.wifi.WifiService
05-19 12:41:08.910  1245  1245 D SystemServerTiming: OnBootPhase_480_com.android.server.wifi.scanner.WifiScanningService
05-19 12:41:08.910  1245  1245 D SystemServerTiming: OnBootPhase_480_com.android.server.wifi.p2p.WifiP2pService
05-19 12:41:08.910  1245  1245 D SystemServerTiming: OnBootPhase_480_com.android.server.ConnectivityServiceInitializer
05-19 12:41:08.910  1245  1245 D SystemServerTiming: OnBootPhase_480_com.android.server.notification.NotificationManagerService
05-19 12:41:08.910  1245  1245 D SystemServerTiming: OnBootPhase_480_com.android.server.storage.DeviceStorageMonitorService
05-19 12:41:08.910  1245  1245 D SystemServerTiming: OnBootPhase_480_com.android.server.location.LocationManagerService$Lifecycle
05-19 12:41:08.910  1245  1245 D SystemServerTiming: OnBootPhase_480_com.android.server.timedetector.TimeDetectorService$Lifecycle
05-19 12:41:08.910  1245  1245 D SystemServerTiming: OnBootPhase_480_com.android.server.timezonedetector.TimeZoneDetectorService$Lifecycle
05-19 12:41:08.910  1245  1245 D SystemServerTiming: OnBootPhase_480_com.android.server.timezonedetector.location.LocationTimeZoneManagerService$Lifecycle
05-19 12:41:08.910  1245  1245 D SystemServerTiming: OnBootPhase_480_com.android.server.search.SearchManagerService$Lifecycle
05-19 12:41:08.910  1245  1245 D SystemServerTiming: OnBootPhase_480_com.android.server.wallpaper.WallpaperManagerService$Lifecycle
05-19 12:41:08.910  1245  1245 D SystemServerTiming: OnBootPhase_480_com.android.server.wallpapereffectsgeneration.WallpaperEffectsGenerationManagerService
05-19 12:41:08.911  1245  1245 D SystemServerTiming: OnBootPhase_480_com.android.server.audio.AudioService$Lifecycle
05-19 12:41:08.911  1245  1245 D SystemServerTiming: OnBootPhase_480_com.android.server.soundtrigger_middleware.SoundTriggerMiddlewareService$Lifecycle
05-19 12:41:08.911  1245  1245 D SystemServerTiming: OnBootPhase_480_com.android.server.DockObserver
05-19 12:41:08.911  1245  1245 D SystemServerTiming: OnBootPhase_480_com.android.server.midi.MidiService$Lifecycle
05-19 12:41:08.911  1245  1245 D SystemServerTiming: OnBootPhase_480_com.android.server.adb.AdbService$Lifecycle
05-19 12:41:08.911  1245  1245 D SystemServerTiming: OnBootPhase_480_com.android.server.usb.UsbService$Lifecycle
05-19 12:41:08.911  1245  1245 D SystemServerTiming: OnBootPhase_480_com.android.server.twilight.TwilightService
05-19 12:41:08.911  1245  1245 D SystemServerTiming: OnBootPhase_480_com.android.server.display.color.ColorDisplayService
05-19 12:41:08.911  1245  1245 D SystemServerTiming: OnBootPhase_480_com.android.server.job.JobSchedulerService
05-19 12:41:08.911  1245  1245 D SystemServerTiming: OnBootPhase_480_com.android.server.soundtrigger.SoundTriggerService
05-19 12:41:08.911  1245  1245 D SoundTriggerService: onBootPhase: 480 : false
05-19 12:41:08.911  1245  1245 D SystemServerTiming: OnBootPhase_480_com.android.server.trust.TrustManagerService
05-19 12:41:08.911  1245  1245 D SystemServerTiming: OnBootPhase_480_com.android.server.backup.BackupManagerService$Lifecycle
05-19 12:41:08.911  1245  1245 D SystemServerTiming: OnBootPhase_480_com.android.server.appwidget.AppWidgetService
05-19 12:41:08.911  1245  1245 D SystemServerTiming: OnBootPhase_480_com.android.server.voiceinteraction.VoiceInteractionManagerService
05-19 12:41:08.911  1245  1245 D SystemServerTiming: OnBootPhase_480_com.android.server.apphibernation.AppHibernationService
05-19 12:41:08.911  1245  1245 D SystemServerTiming: OnBootPhase_480_com.android.server.GestureLauncherService
05-19 12:41:08.911  1245  1245 D SystemServerTiming: OnBootPhase_480_com.android.server.SensorNotificationService
05-19 12:41:08.911  1245  1245 D SystemServerTiming: OnBootPhase_480_com.android.server.emergency.EmergencyAffordanceService
05-19 12:41:08.911  1245  1245 D SystemServerTiming: OnBootPhase_480_com.android.server.blob.BlobStoreManagerService
05-19 12:41:08.911  1245  1245 D SystemServerTiming: OnBootPhase_480_com.android.server.dreams.DreamManagerService
05-19 12:41:08.911  1245  1245 D SystemServerTiming: OnBootPhase_480_com.android.server.print.PrintManagerService
05-19 12:41:08.911  1245  1245 D SystemServerTiming: OnBootPhase_480_com.android.server.security.AttestationVerificationManagerService
05-19 12:41:08.911  1245  1245 D SystemServerTiming: OnBootPhase_480_com.android.server.companion.CompanionDeviceManagerService
05-19 12:41:08.911  1245  1245 D SystemServerTiming: OnBootPhase_480_com.android.server.companion.virtual.VirtualDeviceManagerService
05-19 12:41:08.911  1245  1245 D SystemServerTiming: OnBootPhase_480_com.android.server.restrictions.RestrictionsManagerService
05-19 12:41:08.911  1245  1245 D SystemServerTiming: OnBootPhase_480_com.android.server.media.MediaSessionService
05-19 12:41:08.911  1245  1245 D SystemServerTiming: OnBootPhase_480_com.android.server.media.MediaResourceMonitorService
05-19 12:41:08.911  1245  1245 D SystemServerTiming: OnBootPhase_480_com.android.server.biometrics.sensors.face.FaceService
05-19 12:41:08.911  1245  1245 D SystemServerTiming: OnBootPhase_480_com.android.server.biometrics.sensors.fingerprint.FingerprintService
05-19 12:41:08.911  1245  1245 D SystemServerTiming: OnBootPhase_480_com.android.server.biometrics.BiometricService
05-19 12:41:08.911  1245  1245 D SystemServerTiming: OnBootPhase_480_com.android.server.biometrics.AuthService
05-19 12:41:08.911  1245  1245 D SystemServerTiming: OnBootPhase_480_com.android.server.app.AppLockManagerService$Lifecycle
05-19 12:41:08.911  1245  1245 D SystemServerTiming: OnBootPhase_480_com.android.server.pm.ShortcutService$Lifecycle
05-19 12:41:08.912  1245  1245 D SystemServerTiming: OnBootPhase_480_com.android.server.pm.LauncherAppsService
05-19 12:41:08.912  1245  1245 D SystemServerTiming: OnBootPhase_480_com.android.server.pm.CrossProfileAppsService
05-19 12:41:08.912  1245  1245 D SystemServerTiming: OnBootPhase_480_com.android.server.pocket.PocketService
05-19 12:41:08.912  1245  1245 W PocketService: Un-handled boot phase:480
05-19 12:41:08.912  1245  1245 D SystemServerTiming: OnBootPhase_480_com.android.server.people.PeopleService
05-19 12:41:08.912  1245  1245 D SystemServerTiming: OnBootPhase_480_com.android.server.media.metrics.MediaMetricsManagerService
05-19 12:41:08.912  1245  1245 D SystemServerTiming: OnBootPhase_480_com.android.server.derp.CustomDeviceConfigService
05-19 12:41:08.912  1245  1245 D SystemServerTiming: OnBootPhase_480_com.android.server.vibrator.LinearmotorVibratorService
05-19 12:41:08.912  1245  1245 D SystemServerTiming: OnBootPhase_480_com.android.server.derp.LineageHardwareService
05-19 12:41:08.912  1245  1245 D SystemServerTiming: OnBootPhase_480_com.android.server.derp.display.LiveDisplayService
05-19 12:41:08.912  1245  1245 D SystemServerTiming: OnBootPhase_480_com.android.server.derp.health.HealthInterfaceService
05-19 12:41:08.912  1245  1245 D SystemServerTiming: OnBootPhase_480_com.android.server.media.projection.MediaProjectionManagerService
05-19 12:41:08.912  1245  1245 D SystemServerTiming: OnBootPhase_480_com.android.server.slice.SliceManagerService$Lifecycle
05-19 12:41:08.912  1245  1245 D SystemServerTiming: OnBootPhase_480_com.android.server.stats.StatsCompanion$Lifecycle
05-19 12:41:08.912  1245  1245 D SystemServerTiming: OnBootPhase_480_com.android.server.scheduling.RebootReadinessManagerService$Lifecycle
05-19 12:41:08.912  1245  1245 D SystemServerTiming: OnBootPhase_480_com.android.server.stats.pull.StatsPullAtomService
05-19 12:41:08.912  1245  1245 D SystemServerTiming: OnBootPhase_480_com.android.server.stats.bootstrap.StatsBootstrapAtomService$Lifecycle
05-19 12:41:08.912  1245  1245 D SystemServerTiming: OnBootPhase_480_com.android.server.incident.IncidentCompanionService
05-19 12:41:08.912  1245  1245 D SystemServerTiming: OnBootPhase_480_com.android.server.sdksandbox.SdkSandboxManagerService$Lifecycle
05-19 12:41:08.912  1245  1245 D SystemServerTiming: OnBootPhase_480_com.android.server.adservices.AdServicesManagerService$Lifecycle
05-19 12:41:08.912  1245  1245 D SystemServerTiming: OnBootPhase_480_com.android.server.MmsServiceBroker
05-19 12:41:08.912  1245  1245 D SystemServerTiming: OnBootPhase_480_com.android.server.autofill.AutofillManagerService
05-19 12:41:08.912  1245  1245 D SystemServerTiming: OnBootPhase_480_com.android.server.translation.TranslationManagerService
05-19 12:41:08.912  1245  1245 D SystemServerTiming: OnBootPhase_480_com.android.server.clipboard.ClipboardService
05-19 12:41:08.912  1245  1245 D SystemServerTiming: OnBootPhase_480_com.android.server.appbinding.AppBindingService$Lifecycle
05-19 12:41:08.913  1245  1245 D SystemServerTiming: OnBootPhase_480_com.android.server.tracing.TracingServiceProxy
05-19 12:41:08.913  1245  1245 D SystemServerTiming: StartBootPhaseSystemServicesReady
05-19 12:41:08.913  1245  1245 I SystemServiceManager: Starting phase 500
05-19 12:41:08.913  1245  1245 D SystemServerTiming: OnBootPhase_500
05-19 12:41:08.913  1245  1245 D SystemServerTiming: OnBootPhase_500_com.android.server.security.FileIntegrityService
05-19 12:41:08.913  1245  1245 D SystemServerTiming: OnBootPhase_500_com.android.server.pm.Installer
05-19 12:41:08.913  1245  1245 D SystemServerTiming: OnBootPhase_500_com.android.server.os.DeviceIdentifiersPolicyService
05-19 12:41:08.913  1245  1245 D SystemServerTiming: OnBootPhase_500_com.android.server.uri.UriGrantsManagerService$Lifecycle
05-19 12:41:08.913  1245  1245 D SystemServerTiming: OnBootPhase_500_com.android.server.powerstats.PowerStatsService
05-19 12:41:08.914  1245  1245 E StatsPullAtomCallbackImpl: Failed to start PowerStatsService statsd pullers
05-19 12:41:08.914  1245  1245 D SystemServerTiming: OnBootPhase_500_com.android.server.wm.ActivityTaskManagerService$Lifecycle
05-19 12:41:08.914  1245  1245 D SystemServerTiming: OnBootPhase_500_com.android.server.am.ActivityManagerService$Lifecycle
05-19 12:41:08.916  1245  1245 E BatteryStatsService: Could not register PowerStatsInternal
05-19 12:41:08.917  1245  1245 D SystemServerTiming: OnBootPhase_500_com.android.server.pm.DataLoaderManagerService
05-19 12:41:08.917  1245  1245 D SystemServerTiming: OnBootPhase_500_com.android.server.power.PowerManagerService
05-19 12:41:08.919  1245  1245 I AttentionDetector: readValuesFromDeviceConfig():
05-19 12:41:08.919  1245  1245 I AttentionDetector: mMaximumExtensionMillis=330000
05-19 12:41:08.919  1245  1245 I AttentionDetector: mPreDimCheckDurationMillis=2100
05-19 12:41:08.919  1245  1245 I AttentionDetector: mRequestedPostDimTimeoutMillis=0
05-19 12:41:08.922  1245  1245 W BrightnessThrottler: DeviceConfig BrightnessThrottlingData is null
05-19 12:41:08.922  1245  1245 E DisplayPowerController[0]: failed to set up display white-balance: java.lang.IllegalStateException: cannot find sensor com.google.sensor.color
05-19 12:41:08.927  1245  1245 I FaceDownDetector: readValuesFromDeviceConfig():
05-19 12:41:08.927  1245  1245 I FaceDownDetector: mAccelerationThreshold=0.2
05-19 12:41:08.927  1245  1245 I FaceDownDetector: mZAccelerationThreshold=-9.5
05-19 12:41:08.927  1245  1245 I FaceDownDetector: mTimeThreshold=PT1S
05-19 12:41:08.927  1245  1245 I FaceDownDetector: mIsEnabled=true
05-19 12:41:08.928  1245  1305 W KeyguardServiceDelegate: onScreenTurningOn(): no keyguard service!
05-19 12:41:08.929  1245  1305 V DisplayPowerController[0]: Brightness [0.39763778] reason changing to: 'override', previous reason: '0'.
05-19 12:41:08.930  1245  1305 I DisplayPowerController[0]: BrightnessEvent: disp=0, physDisp=local:0, brt=0.39763778, initBrt=NaN, rcmdBrt=NaN, preBrt=NaN, lux=0.0, preLux=0.0, hbmMax=1.0, hbmMode=off, rbcStrength=0, powerFactor=1.0, thrmMax=1.0, wasShortTermModelActive=false, flags=, reason=override, autoBrightness=false
05-19 12:41:08.930  1245  1305 I DisplayPowerController[0]: BrightnessEvent: disp=0, physDisp=local:0, brt=0.39763778, initBrt=0.39763778, rcmdBrt=NaN, preBrt=NaN, lux=0.0, preLux=0.0, hbmMax=1.0, hbmMode=off, rbcStrength=0, powerFactor=1.0, thrmMax=1.0, wasShortTermModelActive=false, flags=, reason=override, autoBrightness=false
05-19 12:41:08.930  1245  1305 I DisplayPowerController[0]: BrightnessEvent: disp=0, physDisp=local:0, brt=0.39763778, initBrt=0.39763778, rcmdBrt=NaN, preBrt=NaN, lux=0.0, preLux=0.0, hbmMax=1.0, hbmMode=off, rbcStrength=0, powerFactor=1.0, thrmMax=1.0, wasShortTermModelActive=false, flags=, reason=override, autoBrightness=false
05-19 12:41:08.933  1245  1245 I ScreenUndimDetector: readValuesFromDeviceConfig():
05-19 12:41:08.933  1245  1245 I ScreenUndimDetector: mKeepScreenOnForMillis=300000
05-19 12:41:08.933  1245  1245 I ScreenUndimDetector: mKeepScreenOnNotificationEnabled=false
05-19 12:41:08.933  1245  1245 I ScreenUndimDetector: mUndimsRequired=2
05-19 12:41:08.933  1245  1305 I DisplayPowerController[0]: BrightnessEvent: disp=0, physDisp=local:0, brt=0.39763778, initBrt=0.39763778, rcmdBrt=NaN, preBrt=NaN, lux=0.0, preLux=0.0, hbmMax=1.0, hbmMode=off, rbcStrength=0, powerFactor=1.0, thrmMax=1.0, wasShortTermModelActive=false, flags=, reason=override, autoBrightness=false
05-19 12:41:08.938  1245  1245 D SystemServerTiming: OnBootPhase_500_com.android.server.power.ThermalManagerService
05-19 12:41:08.938  1245  1245 D SystemServerTiming: OnBootPhase_500_com.android.server.power.hint.HintManagerService
05-19 12:41:08.938  1245  1245 V HintManagerService: Initializing HintManager service...
05-19 12:41:08.938  1245  1245 V HistoricalRegistry: Interaction before persistence initialized
05-19 12:41:08.938  1245  1245 D SystemServerTiming: OnBootPhase_500_com.android.server.recoverysystem.RecoverySystemService$Lifecycle
05-19 12:41:08.938  1245  1245 D SystemServerTiming: OnBootPhase_500_com.android.server.lights.LightsService
05-19 12:41:08.938  1245  1245 D SystemServerTiming: OnBootPhase_500_com.android.server.display.DisplayManagerService
05-19 12:41:08.938  1245  1245 D SystemServerTiming: OnBootPhase_500_com.android.server.pm.verify.domain.DomainVerificationService
05-19 12:41:08.938  1245  1245 D SystemServerTiming: OnBootPhase_500_com.android.server.pm.PackageInstallerService$Lifecycle
05-19 12:41:08.938  1245  1245 D SystemServerTiming: OnBootPhase_500_com.android.server.pm.UserManagerService$LifeCycle
05-19 12:41:08.938  1245  1245 D SystemServerTiming: OnBootPhase_500_com.android.server.om.OverlayManagerService
05-19 12:41:08.938  1245  1245 D SystemServerTiming: OnBootPhase_500_com.android.server.resources.ResourcesManagerService
05-19 12:41:08.938  1245  1245 D SystemServerTiming: OnBootPhase_500_com.android.server.sensorprivacy.SensorPrivacyService
05-19 12:41:08.940  1245  1245 D SystemServerTiming: OnBootPhase_500_com.android.server.sensors.SensorService
05-19 12:41:08.940  1245  1245 D SystemServerTiming: OnBootPhase_500_com.android.server.SystemConfigService
05-19 12:41:08.940  1245  1245 D SystemServerTiming: OnBootPhase_500_com.android.server.BatteryService
05-19 12:41:08.940  1245  1245 D SystemServerTiming: OnBootPhase_500_com.android.server.usage.UsageStatsService
05-19 12:41:08.941  1245  1245 D AppStandbyController: Setting app idle enabled state
05-19 12:41:08.947  1245  1245 V HistoricalRegistry: Interaction before persistence initialized
05-19 12:41:08.948  1245  1245 D SystemServerTiming: OnBootPhase_500_com.android.server.webkit.WebViewUpdateService
05-19 12:41:08.948  1245  1245 D SystemServerTiming: OnBootPhase_500_com.android.server.CachedDeviceStateService
05-19 12:41:08.948  1245  1245 D SystemServerTiming: OnBootPhase_500_com.android.server.BinderCallsStatsService$LifeCycle
05-19 12:41:08.951  1245  1245 D SystemServerTiming: OnBootPhase_500_com.android.server.LooperStatsService$Lifecycle
05-19 12:41:08.952  1245  1245 D SystemServerTiming: OnBootPhase_500_com.android.server.rollback.RollbackManagerService
05-19 12:41:08.952  1245  1245 D SystemServerTiming: OnBootPhase_500_com.android.server.os.NativeTombstoneManagerService
05-19 12:41:08.952  1245  1245 D SystemServerTiming: OnBootPhase_500_com.android.server.os.BugreportManagerService
05-19 12:41:08.952  1245  1245 D SystemServerTiming: OnBootPhase_500_com.android.server.gpu.GpuService
05-19 12:41:08.952  1245  1245 D SystemServerTiming: OnBootPhase_500_com.android.server.security.KeyChainSystemService
05-19 12:41:08.952  1245  1245 D SystemServerTiming: OnBootPhase_500_com.android.server.BinaryTransparencyService
05-19 12:41:08.952  1245  1245 D SystemServerTiming: OnBootPhase_500_com.android.server.telecom.TelecomLoaderService
05-19 12:41:08.952  1245  1245 D SystemServerTiming: OnBootPhase_500_com.android.server.accounts.AccountManagerService$Lifecycle
05-19 12:41:08.952  1245  1245 D SystemServerTiming: OnBootPhase_500_com.android.server.content.ContentService$Lifecycle
05-19 12:41:08.952  1245  1245 D SystemServerTiming: OnBootPhase_500_com.android.server.DropBoxManagerService
05-19 12:41:08.952  1245  1245 D SystemServerTiming: OnBootPhase_500_com.android.role.RoleService
05-19 12:41:08.952  1245  1245 D SystemServerTiming: OnBootPhase_500_com.android.server.vibrator.VibratorManagerService$Lifecycle
05-19 12:41:08.952  1245  1245 V VibratorManagerService: Initializing VibratorManager service...
05-19 12:41:08.952  1245  1245 V HistoricalRegistry: Interaction before persistence initialized
05-19 12:41:08.954  1245  1245 V VibratorManagerService: VibratorManager service initialized
05-19 12:41:08.954  1245  1245 D SystemServerTiming: OnBootPhase_500_com.android.server.tare.InternalResourceService
05-19 12:41:08.955  1245  1245 D SystemServerTiming: OnBootPhase_500_com.android.server.alarm.AlarmManagerService
05-19 12:41:08.960  1245  1245 D SystemServerTiming: OnBootPhase_500_com.android.server.devicestate.DeviceStateManagerService
05-19 12:41:08.961  1245  1245 D SystemServerTiming: OnBootPhase_500_com.android.server.camera.CameraServiceProxy
05-19 12:41:08.961  1245  1245 D SystemServerTiming: OnBootPhase_500_com.android.server.bluetooth.BluetoothService
05-19 12:41:08.961  1245  1245 D SystemServerTiming: OnBootPhase_500_com.android.server.connectivity.IpConnectivityMetrics
05-19 12:41:08.966  1245  1245 D SystemServerTiming: OnBootPhase_500_com.android.server.net.watchlist.NetworkWatchlistService$Lifecycle
05-19 12:41:08.966  1245  1245 D SystemServerTiming: OnBootPhase_500_com.android.server.PinnerService
05-19 12:41:08.966  1422  1425 F libc    : Fatal signal 11 (SIGSEGV), code 1 (SEGV_MAPERR), fault addr 0x0 in tid 1425 (android.hardwar), pid 1422 (android.hardwar)
05-19 12:41:08.966  1245  1245 D SystemServerTiming: OnBootPhase_500_com.android.server.integrity.AppIntegrityManagerService
05-19 12:41:08.966  1245  1245 D SystemServerTiming: OnBootPhase_500_com.android.server.logcat.LogcatManagerService
05-19 12:41:08.967  1245  1245 D SystemServerTiming: OnBootPhase_500_com.android.server.derp.LineageGlobalActionsService
05-19 12:41:08.967  1245  1245 D SystemServerTiming: OnBootPhase_500_com.android.server.inputmethod.InputMethodManagerService$Lifecycle
05-19 12:41:08.967  1245  1245 D SystemServerTiming: OnBootPhase_500_com.android.server.accessibility.AccessibilityManagerService$Lifecycle
05-19 12:41:08.967  1245  1245 D SystemServerTiming: OnBootPhase_500_com.android.server.StorageManagerService$Lifecycle
05-19 12:41:08.968  1245  1245 D SystemServerTiming: OnBootPhase_500_com.android.server.usage.StorageStatsService$Lifecycle
05-19 12:41:08.968  1245  1245 D SystemServerTiming: OnBootPhase_500_com.android.server.UiModeManagerService
05-19 12:41:08.970  1245  1245 I ActivityTaskManager: Config changes=200 {1.0 ?mcc?mnc [en_IN] ldltr sw400dp w400dp h852dp 432dpi nrml long port night finger -keyb/h/h -nav/h winConfig={ mBounds=Rect(0, 0 - 1080, 2400) mAppBounds=Rect(0, 100 - 1080, 2400) mMaxBounds=Rect(0, 0 - 1080, 2400) mDisplayRotation=ROTATION_0 mWindowingMode=fullscreen mDisplayWindowingMode=fullscreen mActivityType=undefined mAlwaysOnTop=undefined mRotation=ROTATION_0} s.6 ?fontWeightAdjustment}
05-19 12:41:08.975  1245  1245 I WindowManager: Override config changes=200 {1.0 ?mcc?mnc [en_IN] ldltr sw400dp w400dp h852dp 432dpi nrml long port night finger -keyb/h/h -nav/h winConfig={ mBounds=Rect(0, 0 - 1080, 2400) mAppBounds=Rect(0, 100 - 1080, 2400) mMaxBounds=Rect(0, 0 - 1080, 2400) mDisplayRotation=ROTATION_0 mWindowingMode=fullscreen mDisplayWindowingMode=fullscreen mActivityType=undefined mAlwaysOnTop=undefined mRotation=ROTATION_0} s.6 ?fontWeightAdjustment} for displayId=0
05-19 12:41:08.977  1245  1245 D SystemServerTiming: OnBootPhase_500_com.android.server.locales.LocaleManagerService
05-19 12:41:08.977  1245  1245 D SystemServerTiming: OnBootPhase_500_com.android.server.locksettings.LockSettingsService$Lifecycle
05-19 12:41:08.977  1245  1245 D SystemServerTiming: OnBootPhase_500_com.android.server.PersistentDataBlockService
05-19 12:41:08.977  1245  1245 D SystemServerTiming: OnBootPhase_500_com.android.server.testharness.TestHarnessModeService
05-19 12:41:08.977  1245  1245 D TestHarnessModeService: Setting up test harness mode
05-19 12:41:08.977  1245  1245 D TestHarnessModeService: Getting PersistentDataBlockManagerInternal from LocalServices
05-19 12:41:08.983  1245  1245 D SystemServerTiming: OnBootPhase_500_com.android.server.oemlock.OemLockService
05-19 12:41:08.983  1245  1245 D SystemServerTiming: OnBootPhase_500_com.android.server.DeviceIdleController
05-19 12:41:08.987  1245  1245 V HistoricalRegistry: Interaction before persistence initialized
05-19 12:41:08.991  1245  1245 D SystemServerTiming: OnBootPhase_500_com.android.server.devicepolicy.DevicePolicyManagerService$Lifecycle
05-19 12:41:08.991  1245  1245 D SystemServerTiming: OnBootPhase_500_com.android.server.musicrecognition.MusicRecognitionManagerService
05-19 12:41:08.991  1245  1245 D SystemServerTiming: OnBootPhase_500_com.android.server.contentcapture.ContentCaptureManagerService
05-19 12:41:08.991  1245  1245 D SystemServerTiming: OnBootPhase_500_com.android.server.attention.AttentionManagerService
05-19 12:41:08.992  1245  1245 I AttentionManagerService: readValuesFromDeviceConfig():
05-19 12:41:08.992  1245  1245 I AttentionManagerService: mIsServiceEnabled=true
05-19 12:41:08.992  1245  1245 I AttentionManagerService: mStaleAfterMillis=1000
05-19 12:41:08.992  1245  1245 D SystemServerTiming: OnBootPhase_500_com.android.server.rotationresolver.RotationResolverManagerService
05-19 12:41:08.992  1432  1432 F DEBUG   : *** *** *** *** *** *** *** *** *** *** *** *** *** *** *** ***
05-19 12:41:08.992  1432  1432 F DEBUG   : Build fingerprint: 'Micromax/derp_yogurt/yogurt:13/TQ3A.230901.001/1747472037:userdebug/release-keys'
05-19 12:41:08.992  1432  1432 F DEBUG   : Revision: '0'
05-19 12:41:08.992  1432  1432 F DEBUG   : ABI: 'arm64'
05-19 12:41:08.992  1432  1432 F DEBUG   : Timestamp: 2025-05-19 12:41:08.983227187+0530
05-19 12:41:08.992  1432  1432 F DEBUG   : Process uptime: 1s
05-19 12:41:08.992  1432  1432 F DEBUG   : Cmdline: /vendor/bin/hw/android.hardware.biometrics.fingerprint@2.1-service.yogurt
05-19 12:41:08.992  1432  1432 F DEBUG   : pid: 1422, tid: 1425, name: android.hardwar  >>> /vendor/bin/hw/android.hardware.biometrics.fingerprint@2.1-service.yogurt <<<
05-19 12:41:08.992  1432  1432 F DEBUG   : uid: 1000
05-19 12:41:08.992  1432  1432 F DEBUG   : signal 11 (SIGSEGV), code 1 (SEGV_MAPERR), fault addr 0x0000000000000000
05-19 12:41:08.992  1432  1432 F DEBUG   : Cause: null pointer dereference
05-19 12:41:08.992  1432  1432 F DEBUG   :     x0  0000007156605808  x1  0000000000000000  x2  0000000000000000  x3  0000000000000000
05-19 12:41:08.992  1432  1432 F DEBUG   :     x4  0000000000000001  x5  0000000000000000  x6  000000716209a000  x7  00000000000027e4
05-19 12:41:08.993  1432  1432 F DEBUG   :     x8  3d73ca561525bd00  x9  0000007156bd3000  x10 0000000000000001  x11 00000070c0000000
05-19 12:41:08.993  1432  1432 F DEBUG   :     x12 0000007156605860  x13 0000000000000000  x14 0000000000000228  x15 00002aed2f0cf428
05-19 12:41:08.993  1432  1432 F DEBUG   :     x16 0000007156bd3a88  x17 0000007156bc2c38  x18 00000070d46f0000  x19 0000007156605808
05-19 12:41:08.993  1432  1432 F DEBUG   :     x20 00000070d61f1178  x21 0000000000000000  x22 00000070d603f000  x23 00000070c0000000
05-19 12:41:08.993  1432  1432 F DEBUG   :     x24 0000000000000003  x25 00000070d603ecb0  x26 00000070d603eff8  x27 00000000000fc000
05-19 12:41:08.993  1432  1432 F DEBUG   :     x28 00000000000fe000  x29 00000070d603e790
05-19 12:41:08.993  1432  1432 F DEBUG   :     lr  0000007156b1a6c8  sp  00000070d603e780  pc  0000007156b39b94  pst 0000000080001000
05-19 12:41:08.993  1432  1432 F DEBUG   : backtrace:
05-19 12:41:08.993  1432  1432 F DEBUG   :       #00 pc 0000000000072b94  /apex/com.android.runtime/lib64/bionic/libc.so (je_large_dalloc+52) (BuildId: 6e75f65a4c116d6f37b8361b4f491f36)
05-19 12:41:08.993  1432  1432 F DEBUG   :       #01 pc 00000000000536c4  /apex/com.android.runtime/lib64/bionic/libc.so (arena_dalloc_no_tcache+636) (BuildId: 6e75f65a4c116d6f37b8361b4f491f36)
05-19 12:41:08.993  1432  1432 F DEBUG   :       #02 pc 000000000004f8b8  /apex/com.android.runtime/lib64/bionic/libc.so (je_free+744) (BuildId: 6e75f65a4c116d6f37b8361b4f491f36)
