--------- beginning of crash
05-19 12:40:58.984   932   949 F libc    : Fatal signal 11 (SIGSEGV), code 1 (SEGV_MAPERR), fault addr 0x0 in tid 949 (android.hardwar), pid 932 (android.hardwar)
05-19 12:40:59.061   958   958 F DEBUG   : *** *** *** *** *** *** *** *** *** *** *** *** *** *** *** ***
05-19 12:40:59.061   958   958 F DEBUG   : Build fingerprint: 'Micromax/derp_yogurt/yogurt:13/TQ3A.230901.001/1747472037:userdebug/release-keys'
05-19 12:40:59.061   958   958 F DEBUG   : Revision: '0'
05-19 12:40:59.061   958   958 F DEBUG   : ABI: 'arm64'
05-19 12:40:59.061   958   958 F DEBUG   : Timestamp: 2025-05-19 12:40:59.030867961+0530
05-19 12:40:59.061   958   958 F DEBUG   : Process uptime: 1s
05-19 12:40:59.061   958   958 F DEBUG   : Cmdline: /vendor/bin/hw/android.hardware.biometrics.fingerprint@2.1-service.yogurt
05-19 12:40:59.061   958   958 F DEBUG   : pid: 932, tid: 949, name: android.hardwar  >>> /vendor/bin/hw/android.hardware.biometrics.fingerprint@2.1-service.yogurt <<<
05-19 12:40:59.061   958   958 F DEBUG   : uid: 1000
05-19 12:40:59.061   958   958 F DEBUG   : signal 11 (SIGSEGV), code 1 (SEGV_MAPERR), fault addr 0x0000000000000000
05-19 12:40:59.061   958   958 F DEBUG   : Cause: null pointer dereference
05-19 12:40:59.061   958   958 F DEBUG   :     x0  0000007c77e04408  x1  0000000000000000  x2  0000000000000000  x3  0000000000000000
05-19 12:40:59.061   958   958 F DEBUG   :     x4  0000000000000001  x5  0000000000000000  x6  0000007c7a749000  x7  0000000000001080
05-19 12:40:59.061   958   958 F DEBUG   :     x8  4d40927cb029cf00  x9  0000007c78d2c000  x10 0000000000000001  x11 0000007bc0000000
05-19 12:40:59.061   958   958 F DEBUG   :     x12 0000007c77e04520  x13 0000000000000000  x14 0000000000000228  x15 0000106e6e42f4da
05-19 12:40:59.061   958   958 F DEBUG   :     x16 0000007c78d2ca88  x17 0000007c78d1bc38  x18 0000007bf6b64000  x19 0000007c77e04408
05-19 12:40:59.061   958   958 F DEBUG   :     x20 0000007bf79b2178  x21 0000000000000000  x22 0000007bf77bc000  x23 0000007bc0000000
05-19 12:40:59.061   958   958 F DEBUG   :     x24 000000000000000f  x25 0000007bf77bbcb0  x26 0000007bf77bbff8  x27 00000000000fc000
05-19 12:40:59.061   958   958 F DEBUG   :     x28 00000000000fe000  x29 0000007bf77bb790
05-19 12:40:59.062   958   958 F DEBUG   :     lr  0000007c78c736c8  sp  0000007bf77bb780  pc  0000007c78c92b94  pst 0000000080001000
05-19 12:40:59.062   958   958 F DEBUG   : backtrace:
05-19 12:40:59.062   958   958 F DEBUG   :       #00 pc 0000000000072b94  /apex/com.android.runtime/lib64/bionic/libc.so (je_large_dalloc+52) (BuildId: 6e75f65a4c116d6f37b8361b4f491f36)
05-19 12:40:59.062   958   958 F DEBUG   :       #01 pc 00000000000536c4  /apex/com.android.runtime/lib64/bionic/libc.so (arena_dalloc_no_tcache+636) (BuildId: 6e75f65a4c116d6f37b8361b4f491f36)
05-19 12:40:59.062   958   958 F DEBUG   :       #02 pc 000000000004f8b8  /apex/com.android.runtime/lib64/bionic/libc.so (je_free+744) (BuildId: 6e75f65a4c116d6f37b8361b4f491f36)
05-19 12:40:59.062   958   958 F DEBUG   :       #03 pc 000000000000efb4  /apex/com.android.vndk.v33/lib64/libutils.so (android::RefBase::decStrong(void const*) const+108) (BuildId: e15da9cb0a03c10940c3d40ef2b5dbaa)
05-19 12:40:59.062   958   958 F DEBUG   :       #04 pc 00000000000673a8  /vendor/lib64/hw/fingerprint.default.so (BuildId: c5e613c15325555b1ec17dfb770f5e2c3cb347e1)
05-19 12:40:59.062   958   958 F DEBUG   :       #05 pc 00000000000faf9c  /apex/com.android.runtime/lib64/bionic/libc.so (__pthread_start(void*)+208) (BuildId: 6e75f65a4c116d6f37b8361b4f491f36)
05-19 12:40:59.062   958   958 F DEBUG   :       #06 pc 000000000008e0cc  /apex/com.android.runtime/lib64/bionic/libc.so (__start_thread+64) (BuildId: 6e75f65a4c116d6f37b8361b4f491f36)
05-19 12:41:03.957  1281  1282 F libc    : Fatal signal 11 (SIGSEGV), code 1 (SEGV_MAPERR), fault addr 0x0 in tid 1282 (android.hardwar), pid 1281 (android.hardwar)
05-19 12:41:03.979  1289  1289 F DEBUG   : *** *** *** *** *** *** *** *** *** *** *** *** *** *** *** ***
05-19 12:41:03.979  1289  1289 F DEBUG   : Build fingerprint: 'Micromax/derp_yogurt/yogurt:13/TQ3A.230901.001/1747472037:userdebug/release-keys'
05-19 12:41:03.979  1289  1289 F DEBUG   : Revision: '0'
05-19 12:41:03.979  1289  1289 F DEBUG   : ABI: 'arm64'
05-19 12:41:03.979  1289  1289 F DEBUG   : Timestamp: 2025-05-19 12:41:03.970553993+0530
05-19 12:41:03.979  1289  1289 F DEBUG   : Process uptime: 1s
05-19 12:41:03.979  1289  1289 F DEBUG   : Cmdline: /vendor/bin/hw/android.hardware.biometrics.fingerprint@2.1-service.yogurt
05-19 12:41:03.979  1289  1289 F DEBUG   : pid: 1281, tid: 1282, name: android.hardwar  >>> /vendor/bin/hw/android.hardware.biometrics.fingerprint@2.1-service.yogurt <<<
05-19 12:41:03.979  1289  1289 F DEBUG   : uid: 1000
05-19 12:41:03.979  1289  1289 F DEBUG   : signal 11 (SIGSEGV), code 1 (SEGV_MAPERR), fault addr 0x0000000000000000
05-19 12:41:03.979  1289  1289 F DEBUG   : Cause: null pointer dereference
05-19 12:41:03.979  1289  1289 F DEBUG   :     x0  0000007c24a04408  x1  0000000000000000  x2  0000000000000000  x3  0000000000000000
05-19 12:41:03.979  1289  1289 F DEBUG   :     x4  0000000000000001  x5  0000000000000000  x6  0000007c2b0d6000  x7  0000000000001c26
05-19 12:41:03.979  1289  1289 F DEBUG   :     x8  ff2cf7bf63747700  x9  0000007c24fd3000  x10 0000000000000001  x11 0000007b80000000
05-19 12:41:03.979  1289  1289 F DEBUG   :     x12 0000007c24a04510  x13 0000000000000000  x14 0000000000000228  x15 00003ab6f376372a
05-19 12:41:03.979  1289  1289 F DEBUG   :     x16 0000007c24fd3a88  x17 0000007c24fc2c38  x18 0000007ba3798000  x19 0000007c24a04408
05-19 12:41:03.979  1289  1289 F DEBUG   :     x20 0000007ba45ac178  x21 0000000000000000  x22 0000007ba43e9000  x23 0000007b80000000
05-19 12:41:03.979  1289  1289 F DEBUG   :     x24 000000000000000e  x25 0000007ba43e8cb0  x26 0000007ba43e8ff8  x27 00000000000fc000
05-19 12:41:03.979  1289  1289 F DEBUG   :     x28 00000000000fe000  x29 0000007ba43e8790
05-19 12:41:03.979  1289  1289 F DEBUG   :     lr  0000007c24f1a6c8  sp  0000007ba43e8780  pc  0000007c24f39b94  pst 0000000080000000
05-19 12:41:03.979  1289  1289 F DEBUG   : backtrace:
05-19 12:41:03.979  1289  1289 F DEBUG   :       #00 pc 0000000000072b94  /apex/com.android.runtime/lib64/bionic/libc.so (je_large_dalloc+52) (BuildId: 6e75f65a4c116d6f37b8361b4f491f36)
05-19 12:41:03.980  1289  1289 F DEBUG   :       #01 pc 00000000000536c4  /apex/com.android.runtime/lib64/bionic/libc.so (arena_dalloc_no_tcache+636) (BuildId: 6e75f65a4c116d6f37b8361b4f491f36)
05-19 12:41:03.980  1289  1289 F DEBUG   :       #02 pc 000000000004f8b8  /apex/com.android.runtime/lib64/bionic/libc.so (je_free+744) (BuildId: 6e75f65a4c116d6f37b8361b4f491f36)
05-19 12:41:03.980  1289  1289 F DEBUG   :       #03 pc 000000000000efb4  /apex/com.android.vndk.v33/lib64/libutils.so (android::RefBase::decStrong(void const*) const+108) (BuildId: e15da9cb0a03c10940c3d40ef2b5dbaa)
05-19 12:41:03.980  1289  1289 F DEBUG   :       #04 pc 00000000000673a8  /vendor/lib64/hw/fingerprint.default.so (BuildId: c5e613c15325555b1ec17dfb770f5e2c3cb347e1)
05-19 12:41:03.980  1289  1289 F DEBUG   :       #05 pc 00000000000faf9c  /apex/com.android.runtime/lib64/bionic/libc.so (__pthread_start(void*)+208) (BuildId: 6e75f65a4c116d6f37b8361b4f491f36)
05-19 12:41:03.980  1289  1289 F DEBUG   :       #06 pc 000000000008e0cc  /apex/com.android.runtime/lib64/bionic/libc.so (__start_thread+64) (BuildId: 6e75f65a4c116d6f37b8361b4f491f36)
05-19 12:41:08.966  1422  1425 F libc    : Fatal signal 11 (SIGSEGV), code 1 (SEGV_MAPERR), fault addr 0x0 in tid 1425 (android.hardwar), pid 1422 (android.hardwar)
05-19 12:41:08.992  1432  1432 F DEBUG   : *** *** *** *** *** *** *** *** *** *** *** *** *** *** *** ***
05-19 12:41:08.992  1432  1432 F DEBUG   : Build fingerprint: 'Micromax/derp_yogurt/yogurt:13/TQ3A.230901.001/1747472037:userdebug/release-keys'
05-19 12:41:08.992  1432  1432 F DEBUG   : Revision: '0'
05-19 12:41:08.992  1432  1432 F DEBUG   : ABI: 'arm64'
05-19 12:41:08.992  1432  1432 F DEBUG   : Timestamp: 2025-05-19 12:41:08.983227187+0530
05-19 12:41:08.992  1432  1432 F DEBUG   : Process uptime: 1s
05-19 12:41:08.992  1432  1432 F DEBUG   : Cmdline: /vendor/bin/hw/android.hardware.biometrics.fingerprint@2.1-service.yogurt
05-19 12:41:08.992  1432  1432 F DEBUG   : pid: 1422, tid: 1425, name: android.hardwar  >>> /vendor/bin/hw/android.hardware.biometrics.fingerprint@2.1-service.yogurt <<<
05-19 12:41:08.992  1432  1432 F DEBUG   : uid: 1000
05-19 12:41:08.992  1432  1432 F DEBUG   : signal 11 (SIGSEGV), code 1 (SEGV_MAPERR), fault addr 0x0000000000000000
05-19 12:41:08.992  1432  1432 F DEBUG   : Cause: null pointer dereference
05-19 12:41:08.992  1432  1432 F DEBUG   :     x0  0000007156605808  x1  0000000000000000  x2  0000000000000000  x3  0000000000000000
05-19 12:41:08.992  1432  1432 F DEBUG   :     x4  0000000000000001  x5  0000000000000000  x6  000000716209a000  x7  00000000000027e4
05-19 12:41:08.993  1432  1432 F DEBUG   :     x8  3d73ca561525bd00  x9  0000007156bd3000  x10 0000000000000001  x11 00000070c0000000
05-19 12:41:08.993  1432  1432 F DEBUG   :     x12 0000007156605860  x13 0000000000000000  x14 0000000000000228  x15 00002aed2f0cf428
05-19 12:41:08.993  1432  1432 F DEBUG   :     x16 0000007156bd3a88  x17 0000007156bc2c38  x18 00000070d46f0000  x19 0000007156605808
05-19 12:41:08.993  1432  1432 F DEBUG   :     x20 00000070d61f1178  x21 0000000000000000  x22 00000070d603f000  x23 00000070c0000000
05-19 12:41:08.993  1432  1432 F DEBUG   :     x24 0000000000000003  x25 00000070d603ecb0  x26 00000070d603eff8  x27 00000000000fc000
05-19 12:41:08.993  1432  1432 F DEBUG   :     x28 00000000000fe000  x29 00000070d603e790
05-19 12:41:08.993  1432  1432 F DEBUG   :     lr  0000007156b1a6c8  sp  00000070d603e780  pc  0000007156b39b94  pst 0000000080001000
05-19 12:41:08.993  1432  1432 F DEBUG   : backtrace:
05-19 12:41:08.993  1432  1432 F DEBUG   :       #00 pc 0000000000072b94  /apex/com.android.runtime/lib64/bionic/libc.so (je_large_dalloc+52) (BuildId: 6e75f65a4c116d6f37b8361b4f491f36)
05-19 12:41:08.993  1432  1432 F DEBUG   :       #01 pc 00000000000536c4  /apex/com.android.runtime/lib64/bionic/libc.so (arena_dalloc_no_tcache+636) (BuildId: 6e75f65a4c116d6f37b8361b4f491f36)
05-19 12:41:08.993  1432  1432 F DEBUG   :       #02 pc 000000000004f8b8  /apex/com.android.runtime/lib64/bionic/libc.so (je_free+744) (BuildId: 6e75f65a4c116d6f37b8361b4f491f36)
05-19 12:41:08.993  1432  1432 F DEBUG   :       #03 pc 000000000000efb4  /apex/com.android.vndk.v33/lib64/libutils.so (android::RefBase::decStrong(void const*) const+108) (BuildId: e15da9cb0a03c10940c3d40ef2b5dbaa)
05-19 12:41:08.993  1432  1432 F DEBUG   :       #04 pc 00000000000673a8  /vendor/lib64/hw/fingerprint.default.so (BuildId: c5e613c15325555b1ec17dfb770f5e2c3cb347e1)
05-19 12:41:08.993  1432  1432 F DEBUG   :       #05 pc 00000000000faf9c  /apex/com.android.runtime/lib64/bionic/libc.so (__pthread_start(void*)+208) (BuildId: 6e75f65a4c116d6f37b8361b4f491f36)
05-19 12:41:08.993  1432  1432 F DEBUG   :       #06 pc 000000000008e0cc  /apex/com.android.runtime/lib64/bionic/libc.so (__start_thread+64) (BuildId: 6e75f65a4c116d6f37b8361b4f491f36)
--------- beginning of system
05-19 12:41:09.098  1245  1245 W PackageManager: Package android.ext.services is an APK in APEX, but has permission allowlist on the system image. Please bundle the allowlist in the com.android.extservices APEX instead.
05-19 12:41:09.098  1245  1245 W PackageManager: Package android.ext.services is an APK in APEX, but has permission allowlist on the system image. Please bundle the allowlist in the com.android.extservices APEX instead.
05-19 12:41:09.098  1245  1245 W PackageManager: Package android.ext.services is an APK in APEX, but has permission allowlist on the system image. Please bundle the allowlist in the com.android.extservices APEX instead.
05-19 12:41:09.120  1245  1245 W PackageManager: Package com.android.providers.media.module is an APK in APEX, but has permission allowlist on the system image. Please bundle the allowlist in the com.android.mediaprovider APEX instead.
05-19 12:41:09.120  1245  1245 W PackageManager: Package com.android.providers.media.module is an APK in APEX, but has permission allowlist on the system image. Please bundle the allowlist in the com.android.mediaprovider APEX instead.
05-19 12:41:09.120  1245  1245 W PackageManager: Package com.android.providers.media.module is an APK in APEX, but has permission allowlist on the system image. Please bundle the allowlist in the com.android.mediaprovider APEX instead.
05-19 12:41:09.120  1245  1245 W PackageManager: Package com.android.providers.media.module is an APK in APEX, but has permission allowlist on the system image. Please bundle the allowlist in the com.android.mediaprovider APEX instead.
05-19 12:41:09.120  1245  1245 W PackageManager: Package com.android.providers.media.module is an APK in APEX, but has permission allowlist on the system image. Please bundle the allowlist in the com.android.mediaprovider APEX instead.
05-19 12:41:09.120  1245  1245 W PackageManager: Package com.android.providers.media.module is an APK in APEX, but has permission allowlist on the system image. Please bundle the allowlist in the com.android.mediaprovider APEX instead.
05-19 12:41:09.121  1245  1245 W PackageManager: Package com.android.providers.media.module is an APK in APEX, but has permission allowlist on the system image. Please bundle the allowlist in the com.android.mediaprovider APEX instead.
05-19 12:41:09.121  1245  1245 W PackageManager: Package com.android.providers.media.module is an APK in APEX, but has permission allowlist on the system image. Please bundle the allowlist in the com.android.mediaprovider APEX instead.
05-19 12:41:09.121  1245  1245 W PackageManager: Package com.android.providers.media.module is an APK in APEX, but has permission allowlist on the system image. Please bundle the allowlist in the com.android.mediaprovider APEX instead.
05-19 12:41:09.121  1245  1245 W PackageManager: Package com.android.providers.media.module is an APK in APEX, but has permission allowlist on the system image. Please bundle the allowlist in the com.android.mediaprovider APEX instead.
05-19 12:41:09.121  1245  1245 W PackageManager: Package com.android.providers.media.module is an APK in APEX, but has permission allowlist on the system image. Please bundle the allowlist in the com.android.mediaprovider APEX instead.
05-19 12:41:09.121  1245  1245 W PackageManager: Package com.android.providers.media.module is an APK in APEX, but has permission allowlist on the system image. Please bundle the allowlist in the com.android.mediaprovider APEX instead.
05-19 12:41:09.121  1245  1245 W PackageManager: Package com.android.providers.media.module is an APK in APEX, but has permission allowlist on the system image. Please bundle the allowlist in the com.android.mediaprovider APEX instead.
05-19 12:41:09.141  1245  1245 D SystemServerTiming: MakeDisplayManagerServiceReady
05-19 12:41:09.156  1245  1313 W PackageManager: Not removing package com.google.android.trichromelibrary hosting lib com.google.android.trichromelibrary version 710306033 used by [VersionedPackage[com.google.android.webview/710306033]] for user 0
05-19 12:41:09.157  1245  1313 W PackageManager: Not removing package com.google.android.trichromelibrary hosting lib com.google.android.trichromelibrary version 710308733 used by [VersionedPackage[com.android.chrome/710308733]] for user 0
05-19 12:41:09.157  1245  1269 E DisplayModeDirector: Asked about unknown display, returning empty display mode specs!(id=0)
05-19 12:41:09.158  1245  1269 E DisplayModeDirector: Asked about unknown display, returning empty display mode specs!(id=0)
05-19 12:41:09.161  1245  1245 I BrightnessSynchronizer: Initial brightness readings: 23(int), 0.08661418(float)
05-19 12:41:09.163  1245  1245 D SystemServerTiming: StartDeviceSpecificServices
05-19 12:41:09.163  1245  1245 D SystemServerTiming: GameManagerService
05-19 12:41:09.163  1245  1245 I SystemServiceManager: Starting com.android.server.app.GameManagerService$Lifecycle
05-19 12:41:09.166  1245  1245 V HistoricalRegistry: Interaction before persistence initialized
05-19 12:41:09.170  1245  1245 D SystemServerTiming: ArtManagerLocal
05-19 12:41:09.189  1440  1440 I android.hardware.wifi@1.0-service-lazy-mediatek: Wifi HAL started
05-19 12:41:09.219  1245  1245 D SystemServerTiming: StartBootPhaseDeviceSpecificServicesReady
05-19 12:41:09.219  1245  1245 I SystemServiceManager: Starting phase 520
05-19 12:41:09.220  1245  1245 D SystemServerTiming: OnBootPhase_520
05-19 12:41:09.220  1245  1245 D SystemServerTiming: OnBootPhase_520_com.android.server.security.FileIntegrityService
05-19 12:41:09.220  1245  1245 D SystemServerTiming: OnBootPhase_520_com.android.server.pm.Installer
05-19 12:41:09.220  1245  1245 D SystemServerTiming: OnBootPhase_520_com.android.server.os.DeviceIdentifiersPolicyService
05-19 12:41:09.220  1245  1245 D SystemServerTiming: OnBootPhase_520_com.android.server.uri.UriGrantsManagerService$Lifecycle
05-19 12:41:09.220  1245  1245 D SystemServerTiming: OnBootPhase_520_com.android.server.powerstats.PowerStatsService
05-19 12:41:09.220  1245  1245 D SystemServerTiming: OnBootPhase_520_com.android.server.wm.ActivityTaskManagerService$Lifecycle
05-19 12:41:09.220  1245  1245 D SystemServerTiming: OnBootPhase_520_com.android.server.am.ActivityManagerService$Lifecycle
05-19 12:41:09.220  1245  1245 D SystemServerTiming: OnBootPhase_520_com.android.server.pm.DataLoaderManagerService
05-19 12:41:09.220  1245  1245 D SystemServerTiming: OnBootPhase_520_com.android.server.power.PowerManagerService
05-19 12:41:09.220  1245  1245 D SystemServerTiming: OnBootPhase_520_com.android.server.power.ThermalManagerService
05-19 12:41:09.220  1245  1245 D SystemServerTiming: OnBootPhase_520_com.android.server.power.hint.HintManagerService
05-19 12:41:09.220  1245  1245 D SystemServerTiming: OnBootPhase_520_com.android.server.recoverysystem.RecoverySystemService$Lifecycle
05-19 12:41:09.220  1245  1245 D SystemServerTiming: OnBootPhase_520_com.android.server.lights.LightsService
05-19 12:41:09.220  1245  1245 D SystemServerTiming: OnBootPhase_520_com.android.server.display.DisplayManagerService
05-19 12:41:09.220  1245  1245 D SystemServerTiming: OnBootPhase_520_com.android.server.pm.verify.domain.DomainVerificationService
05-19 12:41:09.220  1245  1245 D SystemServerTiming: OnBootPhase_520_com.android.server.pm.PackageInstallerService$Lifecycle
05-19 12:41:09.220  1245  1245 D SystemServerTiming: OnBootPhase_520_com.android.server.pm.UserManagerService$LifeCycle
05-19 12:41:09.220  1245  1245 D SystemServerTiming: OnBootPhase_520_com.android.server.om.OverlayManagerService
05-19 12:41:09.220  1245  1245 D SystemServerTiming: OnBootPhase_520_com.android.server.resources.ResourcesManagerService
05-19 12:41:09.220  1245  1245 D SystemServerTiming: OnBootPhase_520_com.android.server.sensorprivacy.SensorPrivacyService
05-19 12:41:09.220  1245  1245 D SystemServerTiming: OnBootPhase_520_com.android.server.sensors.SensorService
05-19 12:41:09.220  1245  1245 D SystemServerTiming: OnBootPhase_520_com.android.server.SystemConfigService
05-19 12:41:09.220  1245  1245 D SystemServerTiming: OnBootPhase_520_com.android.server.BatteryService
05-19 12:41:09.220  1245  1245 D SystemServerTiming: OnBootPhase_520_com.android.server.usage.UsageStatsService
05-19 12:41:09.220  1245  1245 D SystemServerTiming: OnBootPhase_520_com.android.server.webkit.WebViewUpdateService
05-19 12:41:09.220  1245  1245 D SystemServerTiming: OnBootPhase_520_com.android.server.CachedDeviceStateService
05-19 12:41:09.220  1245  1245 D SystemServerTiming: OnBootPhase_520_com.android.server.BinderCallsStatsService$LifeCycle
05-19 12:41:09.220  1245  1245 D SystemServerTiming: OnBootPhase_520_com.android.server.LooperStatsService$Lifecycle
05-19 12:41:09.220  1245  1245 D SystemServerTiming: OnBootPhase_520_com.android.server.rollback.RollbackManagerService
05-19 12:41:09.220  1245  1245 D SystemServerTiming: OnBootPhase_520_com.android.server.os.NativeTombstoneManagerService
05-19 12:41:09.220  1245  1245 D SystemServerTiming: OnBootPhase_520_com.android.server.os.BugreportManagerService
05-19 12:41:09.220  1245  1245 D SystemServerTiming: OnBootPhase_520_com.android.server.gpu.GpuService
05-19 12:41:09.220  1245  1245 D SystemServerTiming: OnBootPhase_520_com.android.server.security.KeyChainSystemService
05-19 12:41:09.220  1245  1245 D SystemServerTiming: OnBootPhase_520_com.android.server.BinaryTransparencyService
05-19 12:41:09.220  1245  1245 D SystemServerTiming: OnBootPhase_520_com.android.server.telecom.TelecomLoaderService
05-19 12:41:09.220  1245  1245 D SystemServerTiming: OnBootPhase_520_com.android.server.accounts.AccountManagerService$Lifecycle
05-19 12:41:09.220  1245  1245 D SystemServerTiming: OnBootPhase_520_com.android.server.content.ContentService$Lifecycle
05-19 12:41:09.220  1245  1245 D SystemServerTiming: OnBootPhase_520_com.android.server.DropBoxManagerService
05-19 12:41:09.220  1245  1245 D SystemServerTiming: OnBootPhase_520_com.android.role.RoleService
05-19 12:41:09.220  1245  1245 D SystemServerTiming: OnBootPhase_520_com.android.server.vibrator.VibratorManagerService$Lifecycle
05-19 12:41:09.221  1245  1245 D SystemServerTiming: OnBootPhase_520_com.android.server.tare.InternalResourceService
05-19 12:41:09.221  1245  1245 D SystemServerTiming: OnBootPhase_520_com.android.server.alarm.AlarmManagerService
05-19 12:41:09.221  1245  1245 D SystemServerTiming: OnBootPhase_520_com.android.server.devicestate.DeviceStateManagerService
05-19 12:41:09.221  1245  1245 D SystemServerTiming: OnBootPhase_520_com.android.server.camera.CameraServiceProxy
05-19 12:41:09.221  1245  1245 D SystemServerTiming: OnBootPhase_520_com.android.server.bluetooth.BluetoothService
05-19 12:41:09.221  1245  1245 D SystemServerTiming: OnBootPhase_520_com.android.server.connectivity.IpConnectivityMetrics
05-19 12:41:09.221  1245  1245 D SystemServerTiming: OnBootPhase_520_com.android.server.net.watchlist.NetworkWatchlistService$Lifecycle
05-19 12:41:09.221  1245  1245 D SystemServerTiming: OnBootPhase_520_com.android.server.PinnerService
05-19 12:41:09.221  1245  1245 D SystemServerTiming: OnBootPhase_520_com.android.server.integrity.AppIntegrityManagerService
05-19 12:41:09.221  1245  1245 D SystemServerTiming: OnBootPhase_520_com.android.server.logcat.LogcatManagerService
05-19 12:41:09.221  1245  1245 D SystemServerTiming: OnBootPhase_520_com.android.server.derp.LineageGlobalActionsService
05-19 12:41:09.221  1245  1245 D SystemServerTiming: OnBootPhase_520_com.android.server.inputmethod.InputMethodManagerService$Lifecycle
05-19 12:41:09.221  1245  1245 D SystemServerTiming: OnBootPhase_520_com.android.server.accessibility.AccessibilityManagerService$Lifecycle
05-19 12:41:09.221  1245  1245 D SystemServerTiming: OnBootPhase_520_com.android.server.StorageManagerService$Lifecycle
05-19 12:41:09.221  1245  1245 D SystemServerTiming: OnBootPhase_520_com.android.server.usage.StorageStatsService$Lifecycle
05-19 12:41:09.221  1245  1245 D SystemServerTiming: OnBootPhase_520_com.android.server.UiModeManagerService
05-19 12:41:09.221  1245  1245 D SystemServerTiming: OnBootPhase_520_com.android.server.locales.LocaleManagerService
05-19 12:41:09.221  1245  1245 D SystemServerTiming: OnBootPhase_520_com.android.server.locksettings.LockSettingsService$Lifecycle
05-19 12:41:09.221  1245  1245 D SystemServerTiming: OnBootPhase_520_com.android.server.PersistentDataBlockService
05-19 12:41:09.221  1245  1245 D SystemServerTiming: OnBootPhase_520_com.android.server.testharness.TestHarnessModeService
05-19 12:41:09.221  1245  1245 D SystemServerTiming: OnBootPhase_520_com.android.server.oemlock.OemLockService
05-19 12:41:09.221  1245  1245 D SystemServerTiming: OnBootPhase_520_com.android.server.DeviceIdleController
05-19 12:41:09.221  1245  1245 D SystemServerTiming: OnBootPhase_520_com.android.server.devicepolicy.DevicePolicyManagerService$Lifecycle
05-19 12:41:09.221  1245  1245 D SystemServerTiming: OnBootPhase_520_com.android.server.musicrecognition.MusicRecognitionManagerService
05-19 12:41:09.221  1245  1245 D SystemServerTiming: OnBootPhase_520_com.android.server.contentcapture.ContentCaptureManagerService
05-19 12:41:09.221  1245  1245 D SystemServerTiming: OnBootPhase_520_com.android.server.attention.AttentionManagerService
05-19 12:41:09.221  1245  1245 D SystemServerTiming: OnBootPhase_520_com.android.server.rotationresolver.RotationResolverManagerService
05-19 12:41:09.221  1245  1245 D SystemServerTiming: OnBootPhase_520_com.android.server.systemcaptions.SystemCaptionsManagerService
05-19 12:41:09.221  1245  1245 D SystemServerTiming: OnBootPhase_520_com.android.server.texttospeech.TextToSpeechManagerService
05-19 12:41:09.221  1245  1245 D SystemServerTiming: OnBootPhase_520_com.android.server.ambientcontext.AmbientContextManagerService
05-19 12:41:09.221  1245  1245 D SystemServerTiming: OnBootPhase_520_com.android.server.speech.SpeechRecognitionManagerService
05-19 12:41:09.221  1245  1245 D SystemServerTiming: OnBootPhase_520_com.android.server.appprediction.AppPredictionManagerService
05-19 12:41:09.221  1245  1245 D SystemServerTiming: OnBootPhase_520_com.android.server.contentsuggestions.ContentSuggestionsManagerService
05-19 12:41:09.221  1245  1245 D SystemServerTiming: OnBootPhase_520_com.android.server.searchui.SearchUiManagerService
05-19 12:41:09.221  1245  1245 D SystemServerTiming: OnBootPhase_520_com.android.server.smartspace.SmartspaceManagerService
05-19 12:41:09.221  1245  1245 D SystemServerTiming: OnBootPhase_520_com.android.server.graphics.fonts.FontManagerService$Lifecycle
05-19 12:41:09.221  1245  1245 D SystemServerTiming: OnBootPhase_520_com.android.server.textservices.TextServicesManagerService$Lifecycle
05-19 12:41:09.221  1245  1245 D SystemServerTiming: OnBootPhase_520_com.android.server.textclassifier.TextClassificationManagerService$Lifecycle
05-19 12:41:09.221  1245  1245 D SystemServerTiming: OnBootPhase_520_com.android.server.NetworkScoreService$Lifecycle
05-19 12:41:09.221  1245  1245 D SystemServerTiming: OnBootPhase_520_com.android.server.NetworkStatsServiceInitializer
05-19 12:41:09.221  1245  1245 D SystemServerTiming: OnBootPhase_520_com.android.server.wifi.WifiService
05-19 12:41:09.221  1245  1245 D SystemServerTiming: OnBootPhase_520_com.android.server.wifi.scanner.WifiScanningService
05-19 12:41:09.221  1245  1245 D SystemServerTiming: OnBootPhase_520_com.android.server.wifi.p2p.WifiP2pService
05-19 12:41:09.221  1245  1245 D SystemServerTiming: OnBootPhase_520_com.android.server.ConnectivityServiceInitializer
05-19 12:41:09.221  1245  1245 D SystemServerTiming: OnBootPhase_520_com.android.server.notification.NotificationManagerService
05-19 12:41:09.237  1440  1440 I android.hardware.wifi@1.0-service-lazy-mediatek: Adding interface handle for ap0
05-19 12:41:09.237  1440  1440 I android.hardware.wifi@1.0-service-lazy-mediatek: Adding interface handle for wlan1
05-19 12:41:09.237  1440  1440 I android.hardware.wifi@1.0-service-lazy-mediatek: Adding interface handle for p2p0
05-19 12:41:09.237  1440  1440 I android.hardware.wifi@1.0-service-lazy-mediatek: Adding interface handle for wlan0
05-19 12:41:09.237  1440  1440 W android.hardware.wifi@1.0-service-lazy-mediatek: No active wlan interfaces in use! Using default
05-19 12:41:09.237  1440  1440 E android.hardware.wifi@1.0-service-lazy-mediatek: Failed to register radio mode change callback
05-19 12:41:09.237  1440  1440 W android.hardware.wifi@1.0-service-lazy-mediatek: No active wlan interfaces in use! Using default
05-19 12:41:09.240  1440  1440 I android.hardware.wifi@1.0-service-lazy-mediatek: Configured chip in mode 3
05-19 12:41:09.240  1440  1440 W android.hardware.wifi@1.0-service-lazy-mediatek: No active wlan interfaces in use! Using default
05-19 12:41:09.241  1440  1440 I HidlLazyUtils: Process has 1 (of 1 available) client(s) in use after notification android.hardware.wifi@1.3::IWifi/default has clients: 1
05-19 12:41:09.244  1245  1245 D SystemServerTiming: OnBootPhase_520_com.android.server.storage.DeviceStorageMonitorService
05-19 12:41:09.244  1245  1245 D SystemServerTiming: OnBootPhase_520_com.android.server.location.LocationManagerService$Lifecycle
05-19 12:41:09.244  1245  1245 D SystemServerTiming: OnBootPhase_520_com.android.server.timedetector.TimeDetectorService$Lifecycle
05-19 12:41:09.244  1245  1245 D SystemServerTiming: OnBootPhase_520_com.android.server.timezonedetector.TimeZoneDetectorService$Lifecycle
05-19 12:41:09.244  1245  1245 D SystemServerTiming: OnBootPhase_520_com.android.server.timezonedetector.location.LocationTimeZoneManagerService$Lifecycle
05-19 12:41:09.244  1245  1245 D SystemServerTiming: OnBootPhase_520_com.android.server.search.SearchManagerService$Lifecycle
05-19 12:41:09.244  1245  1245 D SystemServerTiming: OnBootPhase_520_com.android.server.wallpaper.WallpaperManagerService$Lifecycle
05-19 12:41:09.245  1245  1245 D SystemServerTiming: OnBootPhase_520_com.android.server.wallpapereffectsgeneration.WallpaperEffectsGenerationManagerService
05-19 12:41:09.245  1245  1245 D SystemServerTiming: OnBootPhase_520_com.android.server.audio.AudioService$Lifecycle
05-19 12:41:09.245  1245  1245 D SystemServerTiming: OnBootPhase_520_com.android.server.soundtrigger_middleware.SoundTriggerMiddlewareService$Lifecycle
05-19 12:41:09.245  1245  1245 D SystemServerTiming: OnBootPhase_520_com.android.server.DockObserver
05-19 12:41:09.245  1245  1245 D SystemServerTiming: OnBootPhase_520_com.android.server.midi.MidiService$Lifecycle
05-19 12:41:09.245  1245  1245 D SystemServerTiming: OnBootPhase_520_com.android.server.adb.AdbService$Lifecycle
05-19 12:41:09.245  1245  1245 D SystemServerTiming: OnBootPhase_520_com.android.server.usb.UsbService$Lifecycle
05-19 12:41:09.245  1245  1245 D SystemServerTiming: OnBootPhase_520_com.android.server.twilight.TwilightService
05-19 12:41:09.245  1245  1245 D SystemServerTiming: OnBootPhase_520_com.android.server.display.color.ColorDisplayService
05-19 12:41:09.245  1245  1245 D SystemServerTiming: OnBootPhase_520_com.android.server.job.JobSchedulerService
05-19 12:41:09.245  1245  1245 D SystemServerTiming: OnBootPhase_520_com.android.server.soundtrigger.SoundTriggerService
05-19 12:41:09.245  1245  1245 D SoundTriggerService: onBootPhase: 520 : false
05-19 12:41:09.245  1245  1245 D SystemServerTiming: OnBootPhase_520_com.android.server.trust.TrustManagerService
05-19 12:41:09.245  1245  1245 D SystemServerTiming: OnBootPhase_520_com.android.server.backup.BackupManagerService$Lifecycle
05-19 12:41:09.245  1245  1245 D SystemServerTiming: OnBootPhase_520_com.android.server.appwidget.AppWidgetService
05-19 12:41:09.245  1245  1245 D SystemServerTiming: OnBootPhase_520_com.android.server.voiceinteraction.VoiceInteractionManagerService
05-19 12:41:09.245  1245  1245 D SystemServerTiming: OnBootPhase_520_com.android.server.apphibernation.AppHibernationService
05-19 12:41:09.245  1245  1245 D SystemServerTiming: OnBootPhase_520_com.android.server.GestureLauncherService
05-19 12:41:09.245  1245  1245 D SystemServerTiming: OnBootPhase_520_com.android.server.SensorNotificationService
05-19 12:41:09.245  1245  1245 D SystemServerTiming: OnBootPhase_520_com.android.server.emergency.EmergencyAffordanceService
05-19 12:41:09.245  1245  1245 D SystemServerTiming: OnBootPhase_520_com.android.server.blob.BlobStoreManagerService
05-19 12:41:09.245  1245  1245 D SystemServerTiming: OnBootPhase_520_com.android.server.dreams.DreamManagerService
05-19 12:41:09.245  1245  1245 D SystemServerTiming: OnBootPhase_520_com.android.server.print.PrintManagerService
05-19 12:41:09.245  1245  1245 D SystemServerTiming: OnBootPhase_520_com.android.server.security.AttestationVerificationManagerService
05-19 12:41:09.245  1245  1245 D SystemServerTiming: OnBootPhase_520_com.android.server.companion.CompanionDeviceManagerService
05-19 12:41:09.245  1245  1245 D SystemServerTiming: OnBootPhase_520_com.android.server.companion.virtual.VirtualDeviceManagerService
05-19 12:41:09.245  1245  1245 D SystemServerTiming: OnBootPhase_520_com.android.server.restrictions.RestrictionsManagerService
05-19 12:41:09.245  1245  1245 D SystemServerTiming: OnBootPhase_520_com.android.server.media.MediaSessionService
05-19 12:41:09.245  1245  1245 D SystemServerTiming: OnBootPhase_520_com.android.server.media.MediaResourceMonitorService
05-19 12:41:09.245  1245  1245 D SystemServerTiming: OnBootPhase_520_com.android.server.biometrics.sensors.face.FaceService
05-19 12:41:09.245  1245  1245 D SystemServerTiming: OnBootPhase_520_com.android.server.biometrics.sensors.fingerprint.FingerprintService
05-19 12:41:09.245  1245  1245 D SystemServerTiming: OnBootPhase_520_com.android.server.biometrics.BiometricService
05-19 12:41:09.245  1245  1245 D SystemServerTiming: OnBootPhase_520_com.android.server.biometrics.AuthService
05-19 12:41:09.245  1245  1245 D SystemServerTiming: OnBootPhase_520_com.android.server.app.AppLockManagerService$Lifecycle
05-19 12:41:09.245  1245  1245 D SystemServerTiming: OnBootPhase_520_com.android.server.pm.ShortcutService$Lifecycle
05-19 12:41:09.245  1245  1245 D SystemServerTiming: OnBootPhase_520_com.android.server.pm.LauncherAppsService
05-19 12:41:09.245  1245  1245 D SystemServerTiming: OnBootPhase_520_com.android.server.pm.CrossProfileAppsService
05-19 12:41:09.245  1245  1245 D SystemServerTiming: OnBootPhase_520_com.android.server.pocket.PocketService
05-19 12:41:09.245  1245  1245 W PocketService: Un-handled boot phase:520
05-19 12:41:09.245  1245  1245 D SystemServerTiming: OnBootPhase_520_com.android.server.people.PeopleService
05-19 12:41:09.245  1245  1245 D SystemServerTiming: OnBootPhase_520_com.android.server.media.metrics.MediaMetricsManagerService
05-19 12:41:09.245  1245  1245 D SystemServerTiming: OnBootPhase_520_com.android.server.derp.CustomDeviceConfigService
05-19 12:41:09.245  1245  1245 D SystemServerTiming: OnBootPhase_520_com.android.server.vibrator.LinearmotorVibratorService
05-19 12:41:09.246  1245  1245 D SystemServerTiming: OnBootPhase_520_com.android.server.derp.LineageHardwareService
05-19 12:41:09.246  1245  1245 D SystemServerTiming: OnBootPhase_520_com.android.server.derp.display.LiveDisplayService
05-19 12:41:09.246  1245  1245 D SystemServerTiming: OnBootPhase_520_com.android.server.derp.health.HealthInterfaceService
05-19 12:41:09.246  1245  1245 D SystemServerTiming: OnBootPhase_520_com.android.server.media.projection.MediaProjectionManagerService
05-19 12:41:09.246  1245  1245 D SystemServerTiming: OnBootPhase_520_com.android.server.slice.SliceManagerService$Lifecycle
05-19 12:41:09.246  1245  1245 D SystemServerTiming: OnBootPhase_520_com.android.server.stats.StatsCompanion$Lifecycle
05-19 12:41:09.246  1245  1245 D SystemServerTiming: OnBootPhase_520_com.android.server.scheduling.RebootReadinessManagerService$Lifecycle
05-19 12:41:09.246  1245  1245 D SystemServerTiming: OnBootPhase_520_com.android.server.stats.pull.StatsPullAtomService
05-19 12:41:09.246  1245  1245 D SystemServerTiming: OnBootPhase_520_com.android.server.stats.bootstrap.StatsBootstrapAtomService$Lifecycle
05-19 12:41:09.246  1245  1245 D SystemServerTiming: OnBootPhase_520_com.android.server.incident.IncidentCompanionService
05-19 12:41:09.246  1245  1245 D SystemServerTiming: OnBootPhase_520_com.android.server.sdksandbox.SdkSandboxManagerService$Lifecycle
05-19 12:41:09.246  1245  1245 D SystemServerTiming: OnBootPhase_520_com.android.server.adservices.AdServicesManagerService$Lifecycle
05-19 12:41:09.246  1245  1245 D SystemServerTiming: OnBootPhase_520_com.android.server.MmsServiceBroker
05-19 12:41:09.246  1245  1245 D SystemServerTiming: OnBootPhase_520_com.android.server.autofill.AutofillManagerService
05-19 12:41:09.246  1245  1245 D SystemServerTiming: OnBootPhase_520_com.android.server.translation.TranslationManagerService
05-19 12:41:09.246  1245  1245 D SystemServerTiming: OnBootPhase_520_com.android.server.clipboard.ClipboardService
05-19 12:41:09.246  1245  1245 D SystemServerTiming: OnBootPhase_520_com.android.server.appbinding.AppBindingService$Lifecycle
05-19 12:41:09.246  1245  1245 D SystemServerTiming: OnBootPhase_520_com.android.server.tracing.TracingServiceProxy
05-19 12:41:09.246  1245  1245 D SystemServerTiming: OnBootPhase_520_com.android.server.policy.PermissionPolicyService
05-19 12:41:09.246  1245  1245 D SystemServerTiming: OnBootPhase_520_com.android.server.pm.StagingManager$Lifecycle
05-19 12:41:09.246  1245  1245 D SystemServerTiming: OnBootPhase_520_com.android.server.app.GameManagerService$Lifecycle
05-19 12:41:09.246  1245  1245 D SystemServerTiming: StartSafetyCenterService
05-19 12:41:09.247  1245  1245 I SystemServiceManager: Starting com.android.safetycenter.SafetyCenterService
05-19 12:41:09.248   820   820 I wificond: createClientInterface: wiphy_index 0 iface_name wlan0
05-19 12:41:09.249   820   820 I wificond: create scanner for interface with index: 31
05-19 12:41:09.250   820   820 I wificond: subscribe scan result for interface with index: 31
05-19 12:41:09.252   820   820 I wificond: add channel type 0 support at wiphy index: 0
05-19 12:41:09.252   820   820 I wificond: add channel type 1 support at wiphy index: 0
05-19 12:41:09.255  1245  1245 D SystemServerTiming: AppSearchModule
05-19 12:41:09.259  1245  1245 I SystemServiceManager: Starting com.android.server.appsearch.AppSearchModule$Lifecycle
05-19 12:41:09.269  1245  1245 D SystemServerTiming: StartMediaCommunicationService
05-19 12:41:09.269  1245  1245 I SystemServiceManager: Starting com.android.server.media.MediaCommunicationService
05-19 12:41:09.272  1245  1245 D SystemServerTiming: AppCompatOverridesService
05-19 12:41:09.272  1245  1245 I SystemServiceManager: Starting com.android.server.compat.overrides.AppCompatOverridesService$Lifecycle
05-19 12:41:09.275  1245  1245 D SystemServerTiming: StartParallelSpaceManagerService
05-19 12:41:09.275  1245  1245 I SystemServiceManager: Starting com.android.server.derp.ParallelSpaceManagerService
05-19 12:41:09.280  1245  1245 D SystemServerTiming: PhaseActivityManagerReady
05-19 12:41:09.280  1245  1245 D SystemServerTiming: controllersReady
05-19 12:41:09.283  1245  1338 D SystemServerTimingAsync: InitThreadPoolExec:Update app-ops uidState in case package com.golgappa.studyrays changed
05-19 12:41:09.284  1245  1321 D SystemServerTimingAsync: InitThreadPoolExec:Update app-ops uidState in case package com.google.android.apps.youtube.music changed
05-19 12:41:09.284  1245  1337 D SystemServerTimingAsync: InitThreadPoolExec:Update app-ops uidState in case package idm.internet.download.manager.plus changed
05-19 12:41:09.284  1245  1353 D SystemServerTimingAsync: InitThreadPoolExec:Update app-ops uidState in case package oss.krtirtho.spotube changed
05-19 12:41:09.284  1245  1273 D SystemServerTimingAsync: InitThreadPoolExec:Update app-ops uidState in case package com.microsoft.office.word changed
05-19 12:41:09.284  1245  1363 D SystemServerTimingAsync: InitThreadPoolExec:Update app-ops uidState in case package com.google.android.videos changed
05-19 12:41:09.284  1245  1366 D SystemServerTimingAsync: InitThreadPoolExec:Update app-ops uidState in case package com.github.android changed
05-19 12:41:09.284  1245  1325 D SystemServerTimingAsync: InitThreadPoolExec:Update app-ops uidState in case package com.google.android.apps.docs changed
05-19 12:41:09.287  1245  1321 D SystemServerTimingAsync: InitThreadPoolExec:Update app-ops uidState in case package com.bittorrent.client changed
05-19 12:41:09.287  1245  1353 D SystemServerTimingAsync: InitThreadPoolExec:Update app-ops uidState in case package com.google.android.apps.bard changed
05-19 12:41:09.287  1245  1273 D SystemServerTimingAsync: InitThreadPoolExec:Update app-ops uidState in case package com.tempmail changed
05-19 12:41:09.287  1245  1338 D SystemServerTimingAsync: InitThreadPoolExec:Update app-ops uidState in case package com.openai.chatgpt changed
05-19 12:41:09.287  1245  1366 D SystemServerTimingAsync: InitThreadPoolExec:Update app-ops uidState in case package xyz.penpencil.physicswala changed
05-19 12:41:09.287  1245  1321 D SystemServerTimingAsync: InitThreadPoolExec:Update app-ops uidState in case package com.f0x1d.logfox changed
05-19 12:41:09.287  1245  1366 D SystemServerTimingAsync: InitThreadPoolExec:Update app-ops uidState in case package com.whatsapp changed
05-19 12:41:09.287  1245  1321 D SystemServerTimingAsync: InitThreadPoolExec:Update app-ops uidState in case package com.google.android.youtube changed
05-19 12:41:09.287  1245  1366 D SystemServerTimingAsync: InitThreadPoolExec:Update app-ops uidState in case package com.google.android.gm changed
05-19 12:41:09.287  1245  1321 D SystemServerTimingAsync: InitThreadPoolExec:Update app-ops uidState in case package com.supercell.brawlstars changed
05-19 12:41:09.287  1245  1325 D SystemServerTimingAsync: InitThreadPoolExec:Update app-ops uidState in case package tw.nekomimi.nekogram changed
05-19 12:41:09.287  1245  1366 D SystemServerTimingAsync: InitThreadPoolExec:Update app-ops uidState in case package ru.zdevs.zarchiver changed
05-19 12:41:09.287  1245  1338 D SystemServerTimingAsync: InitThreadPoolExec:Update app-ops uidState in case package app.netmirror.netmirror changed
05-19 12:41:09.287  1245  1366 D SystemServerTimingAsync: InitThreadPoolExec:Update app-ops uidState in case package com.android.cellbroadcastreceiver.module changed
05-19 12:41:09.287  1245  1338 D SystemServerTimingAsync: InitThreadPoolExec:Update app-ops uidState in case package android.ext.services changed
05-19 12:41:09.287  1245  1366 D SystemServerTimingAsync: InitThreadPoolExec:Update app-ops uidState in case package com.android.systemui changed
05-19 12:41:09.287  1245  1338 D SystemServerTimingAsync: InitThreadPoolExec:Update app-ops uidState in case package org.derpfest.prospect changed
05-19 12:41:09.287  1245  1366 D SystemServerTimingAsync: InitThreadPoolExec:Update app-ops uidState in case package com.android.launcher3 changed
05-19 12:41:09.287  1245  1353 D SystemServerTimingAsync: InitThreadPoolExec:Update app-ops uidState in case package com.discord changed
05-19 12:41:09.287  1245  1366 D SystemServerTimingAsync: InitThreadPoolExec:Update app-ops uidState in case package com.google.android.pixel.setupwizard changed
05-19 12:41:09.287  1245  1363 D SystemServerTimingAsync: InitThreadPoolExec:Update app-ops uidState in case package com.medium.reader changed
05-19 12:41:09.287  1245  1366 D SystemServerTimingAsync: InitThreadPoolExec:Update app-ops uidState in case package com.android.wallpaper changed
05-19 12:41:09.287  1245  1337 D SystemServerTimingAsync: InitThreadPoolExec:Update app-ops uidState in case package com.termux changed
05-19 12:41:09.288  1245  1363 D SystemServerTimingAsync: InitThreadPoolExec:Update app-ops uidState in case package com.google.android.gms.location.history changed
05-19 12:41:09.288  1245  1325 D SystemServerTimingAsync: InitThreadPoolExec:Update app-ops uidState in case package com.android.permissioncontroller changed
05-19 12:41:09.288  1245  1363 D SystemServerTimingAsync: InitThreadPoolExec:Update app-ops uidState in case package org.derpfest.flash changed
05-19 12:41:09.288  1245  1325 D SystemServerTimingAsync: InitThreadPoolExec:Update app-ops uidState in case package com.google.android.deskclock changed
05-19 12:41:09.288  1245  1321 D SystemServerTimingAsync: InitThreadPoolExec:Update app-ops uidState in case package com.android.providers.media.module changed
05-19 12:41:09.288  1245  1273 D SystemServerTimingAsync: InitThreadPoolExec:Update app-ops uidState in case package com.oyeah.alpha changed
05-19 12:41:09.288  1245  1321 D SystemServerTimingAsync: InitThreadPoolExec:Update app-ops uidState in case package com.google.android.tts changed
05-19 12:41:09.288  1245  1337 D SystemServerTimingAsync: InitThreadPoolExec:Update app-ops uidState in case package com.google.android.calendar changed
05-19 12:41:09.288  1245  1321 D SystemServerTimingAsync: InitThreadPoolExec:Update app-ops uidState in case package com.google.android.marvin.talkback changed
05-19 12:41:09.288  1245  1337 D SystemServerTimingAsync: InitThreadPoolExec:Update app-ops uidState in case package com.google.android.inputmethod.latin changed
05-19 12:41:09.288  1245  1321 D SystemServerTimingAsync: InitThreadPoolExec:Update app-ops uidState in case package org.akanework.symphonica changed
05-19 12:41:09.288  1245  1337 D SystemServerTimingAsync: InitThreadPoolExec:Update app-ops uidState in case package com.android.chrome changed
05-19 12:41:09.288  1245  1321 D SystemServerTimingAsync: InitThreadPoolExec:Update app-ops uidState in case package com.google.android.webview changed
05-19 12:41:09.288  1245  1337 D SystemServerTimingAsync: InitThreadPoolExec:Update app-ops uidState in case package com.google.android.markup changed
05-19 12:41:09.288  1245  1338 D SystemServerTimingAsync: InitThreadPoolExec:Update app-ops uidState in case package org.calyxos.panic changed
05-19 12:41:09.288  1245  1353 D SystemServerTimingAsync: InitThreadPoolExec:Update app-ops uidState in case package com.google.android.apps.photos changed
05-19 12:41:09.288  1245  1338 D SystemServerTimingAsync: InitThreadPoolExec:Update app-ops uidState in case package com.google.android.googlequicksearchbox changed
05-19 12:41:09.289  1245  1325 D SystemServerTimingAsync: InitThreadPoolExec:Update app-ops uidState in case package com.google.android.contacts changed
05-19 12:41:09.289  1245  1366 D SystemServerTimingAsync: InitThreadPoolExec:Update app-ops uidState in case package com.google.android.calculator changed
05-19 12:41:09.289  1245  1338 D SystemServerTimingAsync: InitThreadPoolExec:Update app-ops uidState in case package com.google.android.apps.restore changed
05-19 12:41:09.289  1245  1321 D SystemServerTimingAsync: InitThreadPoolExec:Update app-ops uidState in case package com.android.vending changed
05-19 12:41:09.289  1245  1273 D SystemServerTimingAsync: InitThreadPoolExec:Update app-ops uidState in case package com.google.android.accessibility.soundamplifier changed
05-19 12:41:09.289  1245  1337 D SystemServerTimingAsync: InitThreadPoolExec:Update app-ops uidState in case package com.google.android.apps.nbu.files changed
05-19 12:41:09.289  1245  1321 D SystemServerTimingAsync: InitThreadPoolExec:Update app-ops uidState in case package com.google.android.apps.safetyhub changed
05-19 12:41:09.289  1245  1353 D SystemServerTimingAsync: InitThreadPoolExec:Update app-ops uidState in case package com.google.android.setupwizard changed
05-19 12:41:09.289  1245  1321 D SystemServerTimingAsync: InitThreadPoolExec:Update app-ops uidState in case package com.google.android.projection.gearhead changed
05-19 12:41:09.289  1245  1366 D SystemServerTimingAsync: InitThreadPoolExec:Update app-ops uidState in case package com.google.audio.hearing.visualization.accessibility.scribe changed
05-19 12:41:09.290  1245  1321 D SystemServerTimingAsync: InitThreadPoolExec:Update app-ops uidState in case package com.google.android.settings.intelligence changed
05-19 12:41:09.290  1245  1363 D SystemServerTimingAsync: InitThreadPoolExec:Update app-ops uidState in case package org.calyxos.ripple changed
05-19 12:41:09.290  1245  1337 D SystemServerTimingAsync: InitThreadPoolExec:Update app-ops uidState in case package com.android.imsserviceentitlement changed
05-19 12:41:09.290  1245  1363 D SystemServerTimingAsync: InitThreadPoolExec:Update app-ops uidState in case package com.google.android.gms changed
05-19 12:41:09.290  1245  1337 D SystemServerTimingAsync: InitThreadPoolExec:Update app-ops uidState in case package com.google.android.gsf changed
05-19 12:41:09.290  1245  1325 D SystemServerTimingAsync: InitThreadPoolExec:Update app-ops uidState in case package com.google.android.partnersetup changed
05-19 12:41:09.290  1245  1337 D SystemServerTimingAsync: InitThreadPoolExec:Update app-ops uidState in case package com.google.android.as changed
05-19 12:41:09.290  1245  1366 D SystemServerTimingAsync: InitThreadPoolExec:Update app-ops uidState in case package com.google.android.apps.security.securityhub changed
05-19 12:41:09.290  1245  1337 D SystemServerTimingAsync: InitThreadPoolExec:Update app-ops uidState in case package com.google.android.as.oss changed
05-19 12:41:09.290  1245  1338 D SystemServerTimingAsync: InitThreadPoolExec:Update app-ops uidState in case package com.google.android.apps.wellbeing changed
05-19 12:41:09.290  1245  1353 D SystemServerTimingAsync: InitThreadPoolExec:Update app-ops uidState in case package com.google.android.apps.messaging changed
05-19 12:41:09.290  1245  1338 D SystemServerTimingAsync: InitThreadPoolExec:Update app-ops uidState in case package com.android.externalstorage changed
05-19 12:41:09.290  1245  1353 D SystemServerTimingAsync: InitThreadPoolExec:Update app-ops uidState in case package org.pixelexperience.faceunlock changed
05-19 12:41:09.290  1245  1338 D SystemServerTimingAsync: InitThreadPoolExec:Update app-ops uidState in case package com.google.android.packageinstaller changed
05-19 12:41:09.290  1245  1363 D SystemServerTimingAsync: InitThreadPoolExec:Update app-ops uidState in case package com.android.providers.media changed
05-19 12:41:09.290  1245  1338 D SystemServerTimingAsync: InitThreadPoolExec:Update app-ops uidState in case package com.android.providers.downloads.ui changed
05-19 12:41:09.290  1245  1363 D SystemServerTimingAsync: InitThreadPoolExec:Update app-ops uidState in case package com.android.mtp changed
