05-20 00:32:36.632    95    95 W .(0)[95:kworker/u16:1]FG_CW2015: cw_bat_work : charger_mod = 1, status = 1, capacity = 58, voltage = 4049
05-20 00:32:36.803    95    95 W -(0)[95:kworker/u16:1]mt635x_auxadc_read_raw: 1 callbacks suppressed
05-20 00:32:36.803    95    95 I .(0)[95:kworker/u16:1]mt635x-auxadc mt635x-auxadc: name:VPROC_TEMP, channel=4, adc_out=0x5cf, adc_result=653
05-20 00:32:36.806   253   253 I .(1)[253:kworker/u16:3]mt635x-auxadc mt635x-auxadc: name:VCORE_TEMP, channel=4, adc_out=0x5ce, adc_result=653
05-20 00:32:37.058    48    48 I         : .(0)[48:kworker/0:1]MTP, <do_monitor_work(), 1802> IN <9871 19739 0 0 9871 9871 19739 0 0 >
05-20 00:32:37.058   253   253 I .(2)[253:kworker/u16:3]mt635x-auxadc mt635x-auxadc: name:VGPU_TEMP, channel=4, adc_out=0x5ce, adc_result=653
05-20 00:32:37.059    48    48 I         : .(0)[48:kworker/0:1]MTP, <do_monitor_work(), 1807> OUT <9870 19739 0 0 9871 9870 19739 0 0 >
05-20 00:32:37.215     0     0 W         : -(1)[0:swapper/1][name:bc&]tick broadcast enter counter cpu: 1207, 812, 457, 76, 19, 78, 78, 39, success counter cpu: 229, 239, 75, 7, 3, 16, 2, 0, fail counter cpu: 0, 0, 0, 0, 0, 0, 0, 0, interrupt counter cpu: 430, 464, 229, 20, 4, 65, 4, 0, o: 0,2-7, p: , f: 1, t:  218076000000, 217465193012, 217471768551, 224184475242, 220201544935, 224186743781, 217642630703, 224185638242,
05-20 00:32:37.701     0     0 I -(1)[0:swapper/1]mtk_charger_alarm_timer_func: not suspend, wake up charger
05-20 00:32:37.702   275   275 I         : .(0)[275:charger_thread][fgauge_read_current] final current=5294 (ratio=1000)
05-20 00:32:37.704   275   275 I .(0)[275:charger_thread]mt635x-auxadc mt635x-auxadc: name:VCDT, channel=2, adc_out=0x466, adc_result=494
05-20 00:32:37.705   275   275 I         : .(0)[275:charger_thread][fgauge_read_current] final current=5271 (ratio=1000)
05-20 00:32:37.707   275   275 I         : .(0)[275:charger_thread][CH3_DBG] bat_cur = 5271
05-20 00:32:37.708   275   275 I .(0)[275:charger_thread]mt635x-auxadc mt635x-auxadc: name:BAT_TEMP, channel=3, adc_out=0x286, adc_result=567
05-20 00:32:37.709   275   275 I         : .(0)[275:charger_thread][fgauge_read_current] final current=5367 (ratio=1000)
05-20 00:32:37.710   275   275 I         : .(0)[275:charger_thread][BattVoltToTemp] 562 24000 2802 -5
05-20 00:32:37.711   275   275 I         : .(0)[275:charger_thread][force_get_tbat] 567,562,1,536,0,391 r:100 0 0
05-20 00:32:37.712   275   275 I .(0)[275:charger_thread][force_get_tbat] t: 39 precise:391
05-20 00:32:37.713   275   275 I .(0)[275:charger_thread]Vbat=4049,Ibat=5294,I=0,VChr=4674,T=39,Soc=58: 58,CT:2:2 hv:1 pd:0:0
05-20 00:32:37.714   275   275 I .(0)[275:charger_thread]mtk_charger_start_timer: alarm timer start:0, 227 964715397
05-20 00:32:37.716   275   275 I         : -(0)[275:charger_thread]alarmtimer_enqueue, 227964715397
05-20 00:32:37.717   275   275 I         : .(0)[275:charger_thread][fgauge_read_current] final current=5180 (ratio=1000)
05-20 00:32:37.718   275   275 I         : .(0)[275:charger_thread][CH3_DBG] bat_cur = 5180
05-20 00:32:37.719   275   275 I         : .(0)[275:charger_thread][fgauge_read_current] final current=5187 (ratio=1000)
05-20 00:32:37.720   275   275 I         : .(0)[275:charger_thread][BattVoltToTemp] 561 24000 2802 -5
05-20 00:32:37.721   275   275 I         : .(0)[275:charger_thread][force_get_tbat] 566,561,1,518,0,392 r:100 0 0
05-20 00:32:37.722   275   275 I .(0)[275:charger_thread][force_get_tbat] t: 39 precise:392
05-20 00:32:37.723   275   275 I         : .(0)[275:charger_thread][fg_is_battery_exist] PMIC_RGS_BATON_UNDET = 1
05-20 00:32:37.724   275   275 I chatty  : uid=1036(auditd) identical 1 line
05-20 00:32:37.725   275   275 I         : .(0)[275:charger_thread][fg_is_battery_exist] PMIC_RGS_BATON_UNDET = 1
05-20 00:32:37.726   275   275 I .(0)[275:charger_thread]rt9467 7-005b: __rt9467_set_mivr: mivr = 4400000(0x05)
05-20 00:32:37.772   275   275 I .(0)[275:charger_thread]rt9467 7-005b: rt9467_get_tchg: temperature = 42
05-20 00:32:37.774   275   275 I .(1)[275:charger_thread]tmp: 39 (jeita:0 sm:0 cv:0 en:0) (sm:1) en:1 c:0 s:0 ov:0 1 1
05-20 00:32:37.775   275   275 I         : .(1)[275:charger_thread]mtk_dual_switch_charging_run [1]
05-20 00:32:37.776   275   275 I .(1)[275:charger_thread]mtk_pe20_check_charger: stop, SOC = (58, 0, 85), to_check_chr_type = 1, chr_type = 2, ret = 0
05-20 00:32:37.777   275   275 I .(1)[275:charger_thread]mtk_pe_check_charger: stop, SOC = 58, to_check_chr_type = 1, chr_type = 2, ret = 0
05-20 00:32:37.779   275   275 I         : .(1)[275:charger_thread][fgauge_read_current] final current=5203 (ratio=1000)
05-20 00:32:37.780   275   275 I         : .(1)[275:charger_thread][CH3_DBG] bat_cur = 5203
05-20 00:32:37.782   275   275 I         : .(1)[275:charger_thread][fgauge_read_current] final current=5222 (ratio=1000)
05-20 00:32:37.783   275   275 I         : .(1)[275:charger_thread][BattVoltToTemp] 561 24000 2802 -5
05-20 00:32:37.784   275   275 I         : .(1)[275:charger_thread][force_get_tbat] 566,561,1,522,0,392 r:100 0 0
05-20 00:32:37.785   275   275 I .(1)[275:charger_thread][force_get_tbat] t: 39 precise:392
05-20 00:32:37.786   275   275 I .(1)[275:charger_thread][mtk_pe40_get_ibus] chg2_watt: 0 ibat2:0 ibat1:0 ibat:0 ibus1:0 ibus2:0 ibus:0
05-20 00:32:37.787   275   275 I .(1)[275:charger_thread]pe40_ready: 0 hv:1 thermal:-1,-1 tmp:39,39,16 pps:0 en:0 ibus:0 80
05-20 00:32:37.789   275   275 I .(1)[275:charger_thread]mtk_pe20_start_algorithm: stop, PE+20 is not connected
05-20 00:32:37.790   275   275 I .(1)[275:charger_thread]mtk_pe_start_algorithm: stop, PE+ is not connected
05-20 00:32:37.791   275   275 I .(1)[275:charger_thread]mtk_pe_start_algorithm: vchr_org = 5000, vchr_after = 4674, delta = -326
05-20 00:32:37.793   275   275 I .(1)[275:charger_thread]rt9467 7-005b: __rt9467_run_aicl: mivr loop is not active
05-20 00:32:37.794   275   275 W         : .(1)[275:charger_thread]PRIZE master  charge current 1000000:1000000
05-20 00:32:37.795   275   275 W         : .(1)[275:charger_thread]PRIZE slave   charge current 0:0
05-20 00:32:37.796   275   275 I .(1)[275:charger_thread]force: 0 0 thermal:(-1 -1,-1 -1)(-1 -1 0)setting:(500 1000)(0 0)
05-20 00:32:37.796   275   275 I .(1)[275:charger_thread]type: 2 usb_unlimited:0 usbif:0 usbsm:2 aicl:1100 atm:0 parallel:1
05-20 00:32:37.799   275   275 I .(1)[275:charger_thread]rt9467 7-005b: __rt9467_set_aicr: aicr = 500000(0x08)
05-20 00:32:37.801   275   275 I .(1)[275:charger_thread]rt9467 7-005b: __rt9467_set_ichg: ichg = 1000000(0x09)
05-20 00:32:37.802   275   275 I .(1)[275:charger_thread]rt9467 7-005b: rt9467_enable_charging: en = 1
05-20 00:32:37.804   275   275 I .(1)[275:charger_thread]rt9467 7-005b: __rt9467_set_cv: cv = 4400000(0x32)
05-20 00:32:37.805   275   275 I .(1)[275:charger_thread]rt9467 7-005b: rt9467_enable_charging: en = 1
05-20 00:32:37.807   275   275 I .(1)[275:charger_thread]rt9467 7-005b: __rt9467_set_ieoc: ieoc = 200000(0x02)
05-20 00:32:37.809   275   275 I .(1)[275:charger_thread]rt9467 7-005b: __rt9467_enable_te: en = 1
05-20 00:32:37.810   275   275 I .(1)[275:charger_thread]rt9467 7-005b: __rt9467_set_aicr: aicr = 1000000(0x12)
05-20 00:32:37.812   275   275 I .(1)[275:charger_thread]chg1: 1 chg2:0 chg2_chip_en:0
05-20 00:32:37.813   253   253 I -(2)[253:kworker/u16:3]safety_check state: 1 en:0 thermal:-1
05-20 00:32:37.826   253   253 W -(2)[253:kworker/u16:3]mt635x_auxadc_read_raw: 5 callbacks suppressed
05-20 00:32:37.826   253   253 I .(2)[253:kworker/u16:3]mt635x-auxadc mt635x-auxadc: name:VPROC_TEMP, channel=4, adc_out=0x5d0, adc_result=653
05-20 00:32:38.045   275   275 I .(1)[275:charger_thread]rt9467 7-005b: rt9467_dump_register: ICHG = 1000mA, AICR = 1000mA, MIVR = 4400mV, IEOC = 200mA, CV = 4400mV
05-20 00:32:38.046   275   275 I .(1)[275:charger_thread]rt9467 7-005b: rt9467_dump_register: VSYS = 4060mV, VBAT = 4060mV, IBAT = 450mA, IBUS = 1100mA, VBUS = 4675mV
05-20 00:32:38.048   275   275 I .(1)[275:charger_thread]rt9467 7-005b: rt9467_dump_register: CHG_EN = 1, CHG_STATUS = progress, CHG_STAT = 0xA0
05-20 00:32:38.049   275   275 I .(1)[275:charger_thread]rt9467 7-005b: rt9467_dump_register: CHG_CTRL1 = 0x10, CHG_CTRL2 = 0x1B
05-20 00:32:38.066     0     0 W .(2)[0:swapper/2][name:spm&]Power/swap IdleBus26m: No enter --- IdleSyspll: No enter --- IdleDram: No enter ---
05-20 00:32:38.069     0     0 W .(5)[0:swapper/5][mcdi]mcdi cpu: 1111, 785, 516, 93, 29, 55, 63, 46, cluster : 0, pause = 0, multi core = 0, latency = 0, residency = 553, last core = 711, avail cpu = 00ff, cluster = 0001, enabled = 1, max_s_state = 5, system_idle_hint = 00000000
05-20 00:32:38.082    48    48 I         : .(0)[48:kworker/0:1]MTP, <do_monitor_work(), 1802> IN <9871 19739 0 0 9871 9871 19739 0 0 >
05-20 00:32:38.083    48    48 I         : .(0)[48:kworker/0:1]MTP, <do_monitor_work(), 1807> OUT <9870 19739 0 0 9871 9870 19739 0 0 >
05-20 00:32:38.269   239   239 I         : .(0)[239:battery_thread][fg_drv_update_hw_status]=>
05-20 00:32:38.269   239   239 I .(0)[239:battery_thread][fg_update_sw_iavg]diff time: 30 iavg:4190
05-20 00:32:38.270   239   239 I         : .(0)[239:battery_thread][read_boot_battery_plug_out_status] rtc_invalid 0 plugout 1 bat_plug_out_time 0 sp3:0xa6 pl:0 0
05-20 00:32:38.272   239   239 I         : .(0)[239:battery_thread][fgauge_read_current] final current=5279 (ratio=1000)
05-20 00:32:38.273   239   239 I         : .(0)[239:battery_thread][fgauge_read_columb_internal] CAR=308 r_fg_value=100 car_tune_value=1000
05-20 00:32:38.277   239   239 I         : .(0)[239:battery_thread]vbat_out_old=40540, vthr=681, T_curr=431, vbat_out=40585
05-20 00:32:38.278   239   239 I .(0)[239:battery_thread]mt635x-auxadc mt635x-auxadc: name:BATADC, channel=0, adc_out=0x601b, adc_result=4059
05-20 00:32:38.280   239   239 I .(0)[239:battery_thread]mt635x-auxadc mt635x-auxadc: name:VCDT, channel=2, adc_out=0x466, adc_result=494
05-20 00:32:38.281   239   239 I         : .(0)[239:battery_thread][fgauge_read_current] final current=5203 (ratio=1000)
05-20 00:32:38.282   239   239 I         : .(0)[239:battery_thread][CH3_DBG] bat_cur = 5203
05-20 00:32:38.283   239   239 I .(0)[239:battery_thread]mt635x-auxadc mt635x-auxadc: name:BAT_TEMP, channel=3, adc_out=0x286, adc_result=567
05-20 00:32:38.285   239   239 I         : .(0)[239:battery_thread][fgauge_read_current] final current=5168 (ratio=1000)
05-20 00:32:38.286   239   239 I         : .(0)[239:battery_thread][BattVoltToTemp] 562 24000 2802 -5
05-20 00:32:38.287   239   239 I         : .(0)[239:battery_thread][force_get_tbat] 567,562,1,516,0,391 r:100 0 0
05-20 00:32:38.288   239   239 I .(0)[239:battery_thread][force_get_tbat] t: 39 precise:391
05-20 00:32:38.289   239   239 I         : .(0)[239:battery_thread]lbat 0 0 0 0
05-20 00:32:38.290   239   239 I .(0)[239:battery_thread]car[308,433,145,578,146, cycle_car:-3,ncar:3] c: 1 5279 vbat:4059 vbus:4674 soc:58 58 gm3:0 0 0 0
05-20 00:32:38.291   239   239 I         : .(0)[239:battery_thread][fgauge_read_columb_internal] CAR=308 r_fg_value=100 car_tune_value=1000
05-20 00:32:38.293   239   239 I         : .(0)[239:battery_thread][fg_get_current_iavg] 4486 1
05-20 00:32:38.294   239   239 I         : .(0)[239:battery_thread][fg_bat_nafg][fgauge_get_nafg_cnt] 0 [25_16 0 15_0 0]
05-20 00:32:38.295   239   239 I .(0)[239:battery_thread][fg_nafg_monitor]time: 218 nafg_cnt:0, now:218, last_t:0
05-20 00:32:38.296   239   239 I .(0)[239:battery_thread]tmp: 39 65535 65535 hcar2:289 lcar2:143 time:218 sw_iavg:4190 4486 1 nafg_m:0 0 0
05-20 00:32:38.298   239   239 I .(0)[239:battery_thread]mt635x-auxadc mt635x-auxadc: name:VBIF, channel=11, adc_out=0xc7c, adc_result=2808
05-20 00:32:38.299   239   239 I         : .(0)[239:battery_thread][fg_bat_plugout_int_handler]Dig 0 1 1 0x0 0x2
05-20 00:32:38.300   239   239 I         : .(0)[239:battery_thread][fg_bat_plugout_int_handler]Ana 0 0 1 1 1 1 1 bif:2808
05-20 00:32:38.301   239   239 I .(0)[239:battery_thread]1st chr_zcv: 0 pmic_zcv:0 0 pmic_in_zcv:0 swocv:0 zcv_from:0 tmp:0
05-20 00:32:38.303   239   239 I .(0)[239:battery_thread]chr_zcv: 0 pmic_zcv:0 0 pmic_in_zcv:0 swocv:0 zcv_from:0 tmp:0
05-20 00:32:38.304   239   239 I .(0)[239:battery_thread][iavg_check] iavg: 4486 cic2:5249 offset:-514 0x584 0x0 1 0
05-20 00:32:38.306   239   239 I         : .(0)[239:battery_thread][fgauge_read_columb_internal] CAR=308 r_fg_value=100 car_tune_value=1000
05-20 00:32:38.307   239   239 I         : .(0)[239:battery_thread][fgauge_read_current] final current=5382 (ratio=1000)
05-20 00:32:38.308   239   239 I         : .(0)[239:battery_thread][fg_get_current_iavg] 4486 1
05-20 00:32:38.309   239   239 I         : .(0)[239:battery_thread][fgauge_read_current] final current=5241 (ratio=1000)
05-20 00:32:38.311   239   239 I         : .(0)[239:battery_thread][CH3_DBG] bat_cur = 5241
05-20 00:32:38.312   239   239 I         : .(0)[239:battery_thread][fgauge_read_current] final current=5199 (ratio=1000)
05-20 00:32:38.313   239   239 I         : .(0)[239:battery_thread][BattVoltToTemp] 561 24000 2802 -5
05-20 00:32:38.314   239   239 I         : .(0)[239:battery_thread][force_get_tbat] 566,561,1,519,0,392 r:100 0 0
05-20 00:32:38.315   239   239 I .(0)[239:battery_thread][force_get_tbat] t: 39 precise:392
05-20 00:32:38.316   239   239 I         : .(0)[239:battery_thread][fg_is_battery_exist] PMIC_RGS_BATON_UNDET = 1
05-20 00:32:38.317   239   239 I         : .(0)[239:battery_thread]GM3log1 218 218 4049 5382 4486 52090 310 39 1 1 161 0 0
05-20 00:32:38.318   239   239 I         : .(0)[239:battery_thread]GM3log2 218 0 0 0 0 40511 5058 1 4674
05-20 00:32:38.319   239   239 I         : .(0)[239:battery_thread]GM3log3 218 0 39329 -1407 0
05-20 00:32:38.320   239   239 I         : .(0)[239:battery_thread]GM3log4 0 38 0 1 0 0 1 1 1 0 0
05-20 00:32:38.321   239   239 I         : .(0)[239:battery_thread]GM3log int 218 218 0 0 0 0
05-20 00:32:38.322   239   239 I         : .(0)[239:battery_thread]GM3log phone_state 0 0
05-20 00:32:38.323   239   239 I .(0)[239:battery_thread]GM3 car: 308 car_diff:2
05-20 00:32:38.338   344   344 I         : .(2)[344:kworker/2:2]usb_state<CONFIGURED>
05-20 00:32:38.562   239   239 I .(5)[239:battery_thread][fg_bat_nafg][fgauge_get_nafg_dltv] mV: Reg [0:0]
05-20 00:32:38.563   323   323 I         : .(6)[323:recovery][fgauge_read_current] final current=5279 (ratio=1000)
05-20 00:32:38.564   323   323 I         : .(6)[323:recovery][CH3_DBG] bat_cur = 5279
05-20 00:32:38.564   239   239 I         : .(5)[239:battery_thread][fg_bat_nafg][fgauge_get_nafg_cnt] 0 [25_16 0 15_0 0]
05-20 00:32:38.566   239   239 I .(5)[239:battery_thread][fg_bat_nafg][fgauge_get_nafg_c_dltv] mV: Reg[0:0] [b10:0][26_16(0x0000) 15_00(0x0000)]
05-20 00:32:38.568   239   239 I         : .(5)[239:battery_thread]GM3log-nint-nafg 218 218 0 0 0 0 0
05-20 00:32:38.568   323   323 I         : .(6)[323:recovery][fgauge_read_current] final current=5207 (ratio=1000)
05-20 00:32:38.569   239   239 I         : .(5)[239:battery_thread]mtk_battery boot mode =2
05-20 00:32:38.570   323   323 I         : .(6)[323:recovery][BattVoltToTemp] 561 24000 2802 -5
05-20 00:32:38.570   239   239 I         : .(5)[239:battery_thread][wakeup_fg_algo_recovery] intr_num=0x2000000
05-20 00:32:38.571   323   323 I         : .(6)[323:recovery][force_get_tbat] 566,561,1,520,0,392 r:100 0 0
05-20 00:32:38.571   323   323 I .(6)[323:recovery][force_get_tbat] t: 39 precise:392
05-20 00:32:38.594    95    95 I         : .(0)[95:kworker/u16:1][fgauge_read_current] final current=5249 (ratio=1000)
05-20 00:32:38.595    95    95 I         : .(0)[95:kworker/u16:1][CH3_DBG] bat_cur = 5249
05-20 00:32:38.597    95    95 I         : .(0)[95:kworker/u16:1][fgauge_read_current] final current=5249 (ratio=1000)
05-20 00:32:38.598    95    95 I         : .(0)[95:kworker/u16:1][BattVoltToTemp] 561 24000 2802 -5
05-20 00:32:38.599    95    95 I         : .(0)[95:kworker/u16:1][force_get_tbat] 566,561,1,524,0,392 r:100 0 0
05-20 00:32:38.600    95    95 I .(0)[95:kworker/u16:1][force_get_tbat] t: 39 precise:392
05-20 00:32:38.850    95    95 W -(1)[95:kworker/u16:1]mt635x_auxadc_read_raw: 4 callbacks suppressed
05-20 00:32:38.851    95    95 I .(1)[95:kworker/u16:1]mt635x-auxadc mt635x-auxadc: name:VPROC_TEMP, channel=4, adc_out=0x5d1, adc_result=654
05-20 00:32:39.106    48    48 I         : .(0)[48:kworker/0:1]MTP, <do_monitor_work(), 1802> IN <9871 19739 0 0 9871 9871 19739 0 0 >
05-20 00:32:39.107    48    48 I         : .(0)[48:kworker/0:1]MTP, <do_monitor_work(), 1807> OUT <9870 19739 0 0 9871 9870 19739 0 0 >
05-20 00:32:39.874    95    95 I .(0)[95:kworker/u16:1][SCP] scp_ipi_send: SCP A not ready
05-20 00:32:39.875    95    95 E         : .(0)[95:kworker/u16:1][sensorHub] scp_ipi_send fail
05-20 00:32:39.876    41    41 E         : .(6)[41:kworker/6:0][sensorHub] scp_sensorHub_req_send fail!
05-20 00:32:40.046     0     0 W -(1)[0:swapper/1][name:spm&]Power/swap CNT(IdleBus26m): [0] = (0), [1] = (0), [2] = (0), [3] = (0), [4] = (0), [5] = (0), [6] = (0), [7] = (0),
05-20 00:32:40.046     0     0 W -(1)[0:swapper/1][name:spm&]Power/swap IdleBus26m_block_cnt: [BY_FRM] = 1105,
05-20 00:32:40.046     0     0 W -(1)[0:swapper/1][name:spm&]Power/swap IdleBus26m_block_mask: 0x00000000, 0x00000000, 0x00000000, 0x00000000, 0x00000000, 0x00000000, idle_pll_block_mask: 0x00000000
05-20 00:32:40.046     0     0 W -(1)[0:swapper/1][name:spm&][resource_req_block] user: 0x4, 0x0
05-20 00:32:40.130    48    48 I         : .(0)[48:kworker/0:1]MTP, <do_monitor_work(), 1802> IN <9871 19739 0 0 9871 9871 19739 0 0 >
05-20 00:32:40.131    48    48 I         : .(0)[48:kworker/0:1]MTP, <do_monitor_work(), 1807> OUT <9870 19739 0 0 9871 9870 19739 0 0 >
05-20 00:32:41.154    48    48 I         : .(0)[48:kworker/0:1]MTP, <do_monitor_work(), 1802> IN <9871 19739 0 0 9871 9871 19739 0 0 >
05-20 00:32:41.155    48    48 I         : .(0)[48:kworker/0:1]MTP, <do_monitor_work(), 1807> OUT <9870 19739 0 0 9871 9870 19739 0 0 >
05-20 00:32:41.922    95    95 I .(2)[95:kworker/u16:1]mt635x-auxadc mt635x-auxadc: name:VCORE_TEMP, channel=4, adc_out=0x5d1, adc_result=654
05-20 00:32:42.178    48    48 I         : .(0)[48:kworker/0:1]MTP, <do_monitor_work(), 1802> IN <9871 19739 0 0 9871 9871 19739 0 0 >
05-20 00:32:42.178    95    95 I .(1)[95:kworker/u16:1]mt635x-auxadc mt635x-auxadc: name:VGPU_TEMP, channel=4, adc_out=0x5d0, adc_result=653
05-20 00:32:42.179    48    48 I         : .(0)[48:kworker/0:1]MTP, <do_monitor_work(), 1807> OUT <9870 19739 0 0 9871 9870 19739 0 0 >
05-20 00:32:42.220     0     0 W         : -(2)[0:swapper/2][name:bc&]tick broadcast enter counter cpu: 721, 627, 481, 179, 80, 91, 89, 59, success counter cpu: 109, 133, 101, 4, 0, 2, 7, 0, fail counter cpu: 0, 0, 0, 0, 0, 0, 0, 0, interrupt counter cpu: 386, 409, 308, 90, 3, 20, 19, 0, o: 0-1,3-7, p: , f: 2, t:  222504000000, 222475277628, 222470424397, 222475685320, 224184476242, 224186743781, 222748000000, 224185638242,
05-20 00:32:43.071     0     0 W .(0)[0:swapper/0][name:spm&]Power/swap IdleBus26m: No enter --- IdleSyspll: No enter --- IdleDram: No enter ---
05-20 00:32:43.073     0     0 W .(0)[0:swapper/0][mcdi]mcdi cpu: 594, 528, 408, 200, 77, 87, 86, 59, cluster : 0, pause = 0, multi core = 0, latency = 0, residency = 1298, last core = 1670, avail cpu = 00ff, cluster = 0001, enabled = 1, max_s_state = 5, system_idle_hint = 00000000
05-20 00:32:43.202    48    48 I         : .(0)[48:kworker/0:1]MTP, <do_monitor_work(), 1802> IN <9871 19739 0 0 9871 9871 19739 0 0 >
05-20 00:32:43.203    48    48 I         : .(0)[48:kworker/0:1]MTP, <do_monitor_work(), 1807> OUT <9870 19739 0 0 9871 9870 19739 0 0 >
05-20 00:32:43.714    95    95 I         : .(1)[95:kworker/u16:1][fgauge_read_current] final current=5409 (ratio=1000)
05-20 00:32:43.715    95    95 I         : .(1)[95:kworker/u16:1][CH3_DBG] bat_cur = 5409
05-20 00:32:43.716    95    95 I .(1)[95:kworker/u16:1]mt635x-auxadc mt635x-auxadc: name:BAT_TEMP, channel=3, adc_out=0x286, adc_result=567
05-20 00:32:43.718    95    95 I         : .(1)[95:kworker/u16:1][fgauge_read_current] final current=5290 (ratio=1000)
05-20 00:32:43.719    95    95 I         : .(1)[95:kworker/u16:1][BattVoltToTemp] 562 24000 2802 -5
05-20 00:32:43.720    95    95 I         : .(1)[95:kworker/u16:1][force_get_tbat] 567,562,1,529,0,391 r:100 0 0
05-20 00:32:43.721    95    95 I .(1)[95:kworker/u16:1][force_get_tbat] t: 39 precise:391
05-20 00:32:43.722   344   344 I         : .(2)[344:kworker/2:2]usb_state<CONFIGURED>
05-20 00:32:43.722   253   253 I         : .(0)[253:kworker/u16:3][pmic_enable_interrupt] intNo=44, en=1, depth=0
05-20 00:32:43.799   253   253 I         : .(2)[253:kworker/u16:3][pmic_enable_interrupt] intNo=44, en=0, depth=1
05-20 00:32:43.838     0     0 I         : .(2)[280:wdtk-2][wdk-c] cpu=2,lbit=0x4,cbit=0xff,0,1,3809484854,[224093023841,20000000]
05-20 00:32:43.839     0     0 I         : .(2)[280:wdtk-2][thread:280][RT:224094247841] 2025-05-20 05:32:43.834856 UTC;android time 2025-05-20 05:32:43.834856
05-20 00:32:43.840     0     0 I         : .(3)[281:wdtk-3][wdk-c] cpu=3,lbit=0xc,cbit=0xff,0,1,3809484854,[224094959841,19998064]
05-20 00:32:43.840     0     0 I         : .(1)[279:wdtk-1][wdk-c] cpu=1,lbit=0xe,cbit=0xff,0,1,3809484854,[224095334918,19997689]
05-20 00:32:43.856   323   323 I .(4)[323:recovery]mtk-tpd: [tpd_fb_notifier_callback:434] tpd_fb_notifier_callback
05-20 00:32:43.934     0     0 I         : .(0)[278:wdtk-0][wdk-c] cpu=0,lbit=0xf,cbit=0xff,0,1,3809484854,[224188886303,19904138]
05-20 00:32:43.934     0     0 I         : .(4)[282:wdtk-4][wdk-c] cpu=4,lbit=0x1f,cbit=0xff,0,1,3809484854,[224189391841,19903632]
05-20 00:32:43.935     0     0 I         : .(7)[285:wdtk-7][wdk-c] cpu=7,lbit=0x9f,cbit=0xff,0,1,3809484854,[224190567918,19902456]
05-20 00:32:43.937     0     0 I         : .(5)[283:wdtk-5][wdk-c] cpu=5,lbit=0xbf,cbit=0xff,0,1,3809484854,[224191657380,19901367]
05-20 00:32:43.937     0     0 W         : .(6)[284:wdtk-6][wdk-k] cpu=6,lbit=0xff,cbit=0xff,0,1,3809484854,[224192015533,19901009]
05-20 00:32:43.974   253   253 I .(1)[253:kworker/u16:3]mt635x-auxadc mt635x-auxadc: name:VPROC_TEMP, channel=4, adc_out=0x5d2, adc_result=654
05-20 00:32:43.989   323   323 I .(0)[323:recovery]mtk-tpd: [tpd_fb_notifier_callback:434] tpd_fb_notifier_callback
05-20 00:32:44.024   323   323 I         : .(0)[323:recovery][fgauge_read_current] final current=4997 (ratio=1000)
05-20 00:32:44.025   323   323 I         : .(0)[323:recovery][CH3_DBG] bat_cur = 4997
05-20 00:32:44.026   323   323 I .(0)[323:recovery]BAT_TEMP_PREV: 567,BAT_TEMP:564,VBIF28:2808
05-20 00:32:44.027   323   323 I .(0)[323:recovery]mt635x-auxadc mt635x-auxadc: name:BAT_TEMP, channel=3, adc_out=0x282, adc_result=564
05-20 00:32:44.029   323   323 I         : .(0)[323:recovery][fgauge_read_current] final current=5226 (ratio=1000)
05-20 00:32:44.030   323   323 I         : .(0)[323:recovery][BattVoltToTemp] 559 24000 2802 -5
05-20 00:32:44.031   323   323 I         : .(0)[323:recovery][force_get_tbat] 564,559,1,522,0,393 r:100 0 0
05-20 00:32:44.032   323   323 I .(0)[323:recovery][force_get_tbat] t: 39 precise:393
05-20 00:32:44.226    48    48 I         : .(0)[48:kworker/0:1]MTP, <do_monitor_work(), 1802> IN <9871 19739 0 0 9871 9871 19739 0 0 >
05-20 00:32:44.227    48    48 I         : .(0)[48:kworker/0:1]MTP, <do_monitor_work(), 1807> OUT <9870 19739 0 0 9871 9870 19739 0 0 >
05-20 00:32:44.759   253   253 I         : .(1)[253:kworker/u16:3][fgauge_read_current] final current=5363 (ratio=1000)
05-20 00:32:44.760   253   253 I         : .(1)[253:kworker/u16:3][CH3_DBG] bat_cur = 5363
05-20 00:32:44.761   253   253 I .(1)[253:kworker/u16:3]mt635x-auxadc mt635x-auxadc: name:BAT_TEMP, channel=3, adc_out=0x286, adc_result=567
05-20 00:32:44.763   253   253 I         : .(1)[253:kworker/u16:3][fgauge_read_current] final current=5260 (ratio=1000)
05-20 00:32:44.764   253   253 I         : .(1)[253:kworker/u16:3][BattVoltToTemp] 562 24000 2802 -5
05-20 00:32:44.764   253   253 I         : .(1)[253:kworker/u16:3][force_get_tbat] 567,562,1,526,0,391 r:100 0 0
05-20 00:32:44.765   253   253 I .(1)[253:kworker/u16:3][force_get_tbat] t: 39 precise:391
05-20 00:32:44.826   253   253 W .(0)[253:kworker/u16:3]FG_CW2015: get_charge_state : ac_online = 0    usb_online = 1
05-20 00:32:44.828   253   253 W .(0)[253:kworker/u16:3]FG_CW2015: cw_bat_work : charger_mod = 1, status = 1, capacity = 59, voltage = 4051
05-20 00:32:45.084   253   253 I         : .(0)[253:kworker/u16:3][pmic_enable_interrupt] intNo=44, en=1, depth=0
05-20 00:32:45.153   323   323 I .(6)[323:recovery]mtk-tpd: [tpd_fb_notifier_callback:434] tpd_fb_notifier_callback
05-20 00:32:45.161   253   253 I         : .(1)[253:kworker/u16:3][pmic_enable_interrupt] intNo=44, en=0, depth=1
05-20 00:32:45.180   323   323 I recovery: type=1400 audit(0.0:3884): avc: denied { getattr } for path="/linkerconfig" dev="tmpfs" ino=16569 scontext=u:r:recovery:s0 tcontext=u:object_r:linkerconfig_file:s0 tclass=dir permissive=1
05-20 00:32:45.180   323   323 I recovery: type=1400 audit(0.0:3885): avc: denied { getattr } for path="/system/bin/init" dev="rootfs" ino=8905 scontext=u:r:recovery:s0 tcontext=u:object_r:init_exec:s0 tclass=file permissive=1
05-20 00:32:45.180   323   323 I recovery: type=1400 audit(0.0:3886): avc: denied { search } for name="0" dev="mmcblk0p38" ino=784899 scontext=u:r:recovery:s0 tcontext=u:object_r:system_data_file:s0:c512,c768 tclass=dir permissive=1
05-20 00:32:45.186   323   323 I .(6)[323:recovery]mtk-tpd: [tpd_fb_notifier_callback:434] tpd_fb_notifier_callback
05-20 00:32:45.236   323   323 I .(6)[323:recovery]mtk-tpd: [tpd_fb_notifier_callback:434] tpd_fb_notifier_callback
05-20 00:32:45.250    48    48 I         : .(0)[48:kworker/0:1]MTP, <do_monitor_work(), 1802> IN <9871 19739 0 0 9871 9871 19739 0 0 >
05-20 00:32:45.251    48    48 I         : .(0)[48:kworker/0:1]MTP, <do_monitor_work(), 1807> OUT <9870 19739 0 0 9871 9870 19739 0 0 >
05-20 00:32:45.668   323   323 I .(6)[323:recovery]mtk-tpd: [tpd_fb_notifier_callback:434] tpd_fb_notifier_callback
05-20 00:32:45.968   323   323 I chatty  : uid=0(root) identical 9 lines
05-20 00:32:46.001   323   323 I .(6)[323:recovery]mtk-tpd: [tpd_fb_notifier_callback:434] tpd_fb_notifier_callback
05-20 00:32:46.019   102   102 I         : .(0)[102:dlpt_notify_thr][MDRT_ADC] OLD = 0x2b51, NOW = 0x2b67, CNT = 0
05-20 00:32:46.021   102   102 I         : .(0)[102:dlpt_notify_thr]vbat_out_old=40160, vthr=681, T_curr=431, vbat_out=40205
05-20 00:32:46.022   102   102 I .(0)[102:dlpt_notify_thr]mt635x-auxadc mt635x-auxadc: name:BATADC, channel=0, adc_out=0x5f34, adc_result=4021
05-20 00:32:46.025   102   102 I         : .(0)[102:dlpt_notify_thr]vbat_out_old=40150, vthr=681, T_curr=431, vbat_out=40195
05-20 00:32:46.026   102   102 I .(0)[102:dlpt_notify_thr]mt635x-auxadc mt635x-auxadc: name:BATADC, channel=0, adc_out=0x5f2d, adc_result=4020
05-20 00:32:46.028   102   102 I         : .(0)[102:dlpt_notify_thr][PBM] [ma_to_mw] 4020(mV) * 5148(mA) = 20694(mW)
05-20 00:32:46.029   102   102 I         : .(0)[102:dlpt_notify_thr][DLPT_final] 5148,59,59,1,5500
05-20 00:32:46.034   323   323 I .(6)[323:recovery]mtk-tpd: [tpd_fb_notifier_callback:434] tpd_fb_notifier_callback
05-20 00:32:46.217   323   323 I chatty  : uid=0(root) identical 5 lines
05-20 00:32:46.250   323   323 I .(6)[323:recovery]mtk-tpd: [tpd_fb_notifier_callback:434] tpd_fb_notifier_callback
05-20 00:32:46.274    48    48 I         : .(0)[48:kworker/0:1]MTP, <do_monitor_work(), 1802> IN <9871 19739 0 0 9871 9871 19739 0 0 >
05-20 00:32:46.275    48    48 I         : .(0)[48:kworker/0:1]MTP, <do_monitor_work(), 1807> OUT <9870 19739 0 0 9871 9870 19739 0 0 >
05-20 00:32:46.284   323   323 I .(6)[323:recovery]mtk-tpd: [tpd_fb_notifier_callback:434] tpd_fb_notifier_callback
05-20 00:32:46.317   323   323 I .(6)[323:recovery]mtk-tpd: [tpd_fb_notifier_callback:434] tpd_fb_notifier_callback
05-20 00:32:47.043   253   253 I .(0)[253:kworker/u16:3]mt635x-auxadc mt635x-auxadc: name:VCORE_TEMP, channel=4, adc_out=0x5cf, adc_result=653
05-20 00:32:47.224     0     0 W         : -(1)[0:swapper/1][name:bc&]tick broadcast enter counter cpu: 987, 795, 493, 174, 43, 34, 82, 53, success counter cpu: 253, 207, 90, 6, 0, 0, 4, 4, fail counter cpu: 0, 0, 0, 0, 0, 0, 0, 0, interrupt counter cpu: 480, 455, 163, 85, 2, 1, 9, 7, o: 0,2-7, p: , f: , t:  227477917321, 227486876090, 227580000000, 244191466474, 230201730089, 228822322166, 227580000000, 244190079397,
05-20 00:32:47.278     0     0 W -(1)[0:swapper/1][name:spm&]Power/swap CNT(IdleSyspll): [0] = (0), [1] = (0), [2] = (0), [3] = (0), [4] = (0), [5] = (0), [6] = (0), [7] = (0),
05-20 00:32:47.278     0     0 W -(1)[0:swapper/1][name:spm&]Power/swap IdleSyspll_block_cnt: [BY_FRM] = 1211,
05-20 00:32:47.278     0     0 W -(1)[0:swapper/1][name:spm&]Power/swap IdleSyspll_block_mask: 0x00000000, 0x00000000, 0x00000000, 0x00000000, 0x00000000, 0x00000000, idle_pll_block_mask: 0x00000000
05-20 00:32:47.278     0     0 W -(1)[0:swapper/1][name:spm&][resource_req_block] user: 0x4, 0x0
05-20 00:32:47.298    48    48 I         : .(0)[48:kworker/0:1]MTP, <do_monitor_work(), 1802> IN <9871 19739 0 0 9871 9871 19739 0 0 >
05-20 00:32:47.298   253   253 I .(1)[253:kworker/u16:3]mt635x-auxadc mt635x-auxadc: name:VGPU_TEMP, channel=4, adc_out=0x5cf, adc_result=653
05-20 00:32:47.299    48    48 I         : .(0)[48:kworker/0:1]MTP, <do_monitor_work(), 1807> OUT <9870 19739 0 0 9871 9870 19739 0 0 >
05-20 00:32:47.715     0     0 I -(0)[0:swapper/0]mtk_charger_alarm_timer_func: not suspend, wake up charger
05-20 00:32:47.716   275   275 I         : .(1)[275:charger_thread][fgauge_read_current] final current=5306 (ratio=1000)
05-20 00:32:47.717   275   275 I .(1)[275:charger_thread]mt635x-auxadc mt635x-auxadc: name:VCDT, channel=2, adc_out=0x467, adc_result=495
05-20 00:32:47.719   275   275 I         : .(1)[275:charger_thread][fgauge_read_current] final current=5432 (ratio=1000)
05-20 00:32:47.720   275   275 I         : .(1)[275:charger_thread][CH3_DBG] bat_cur = 5432
05-20 00:32:47.721   275   275 I .(1)[275:charger_thread]mt635x-auxadc mt635x-auxadc: name:BAT_TEMP, channel=3, adc_out=0x286, adc_result=567
05-20 00:32:47.723   275   275 I         : .(1)[275:charger_thread][fgauge_read_current] final current=5161 (ratio=1000)
05-20 00:32:47.724   275   275 I         : .(1)[275:charger_thread][BattVoltToTemp] 562 24000 2802 -5
05-20 00:32:47.725   275   275 I         : .(1)[275:charger_thread][force_get_tbat] 567,562,1,516,0,391 r:100 0 0
05-20 00:32:47.726   275   275 I .(1)[275:charger_thread][force_get_tbat] t: 39 precise:391
05-20 00:32:47.727   275   275 I .(1)[275:charger_thread]Vbat=4051,Ibat=5306,I=0,VChr=4683,T=39,Soc=59: 59,CT:2:2 hv:1 pd:0:0
05-20 00:32:47.728   275   275 I .(1)[275:charger_thread]mtk_charger_start_timer: alarm timer start:0, 237 978409782
05-20 00:32:47.729   275   275 I         : -(1)[275:charger_thread]alarmtimer_enqueue, 237978409782
05-20 00:32:47.730   275   275 I         : .(1)[275:charger_thread][fgauge_read_current] final current=5199 (ratio=1000)
05-20 00:32:47.732   275   275 I         : .(1)[275:charger_thread][CH3_DBG] bat_cur = 5199
05-20 00:32:47.733   275   275 I .(1)[275:charger_thread]mt635x-auxadc mt635x-auxadc: name:BAT_TEMP, channel=3, adc_out=0x284, adc_result=566
05-20 00:32:47.734   275   275 I         : .(1)[275:charger_thread][fgauge_read_current] final current=5256 (ratio=1000)
05-20 00:32:47.735   275   275 I         : .(1)[275:charger_thread][BattVoltToTemp] 561 24000 2802 -5
05-20 00:32:47.736   275   275 I         : .(1)[275:charger_thread][force_get_tbat] 566,561,1,525,0,392 r:100 0 0
05-20 00:32:47.737   275   275 I .(1)[275:charger_thread][force_get_tbat] t: 39 precise:392
05-20 00:32:47.738   275   275 I         : .(1)[275:charger_thread][fg_is_battery_exist] PMIC_RGS_BATON_UNDET = 1
05-20 00:32:47.739   275   275 I chatty  : uid=1036(auditd) identical 1 line
05-20 00:32:47.740   275   275 I         : .(1)[275:charger_thread][fg_is_battery_exist] PMIC_RGS_BATON_UNDET = 1
05-20 00:32:47.742   275   275 I .(1)[275:charger_thread]rt9467 7-005b: __rt9467_set_mivr: mivr = 4400000(0x05)
05-20 00:32:47.788   275   275 I .(0)[275:charger_thread]rt9467 7-005b: rt9467_get_tchg: temperature = 42
05-20 00:32:47.790   275   275 I .(1)[275:charger_thread]tmp: 39 (jeita:0 sm:0 cv:0 en:0) (sm:1) en:1 c:0 s:0 ov:0 1 1
05-20 00:32:47.791   275   275 I         : .(1)[275:charger_thread]mtk_dual_switch_charging_run [1]
05-20 00:32:47.792   275   275 I .(1)[275:charger_thread]mtk_pe20_check_charger: stop, SOC = (59, 0, 85), to_check_chr_type = 1, chr_type = 2, ret = 0
05-20 00:32:47.794   275   275 I .(1)[275:charger_thread]mtk_pe_check_charger: stop, SOC = 59, to_check_chr_type = 1, chr_type = 2, ret = 0
05-20 00:32:47.795   275   275 I         : .(1)[275:charger_thread][fgauge_read_current] final current=5180 (ratio=1000)
05-20 00:32:47.796   275   275 I         : .(1)[275:charger_thread][CH3_DBG] bat_cur = 5180
05-20 00:32:47.798   275   275 I         : .(1)[275:charger_thread][fgauge_read_current] final current=5199 (ratio=1000)
05-20 00:32:47.799   275   275 I         : .(1)[275:charger_thread][BattVoltToTemp] 563 24000 2802 -5
05-20 00:32:47.800   275   275 I         : .(1)[275:charger_thread][force_get_tbat] 568,563,1,519,0,391 r:100 0 0
05-20 00:32:47.801   275   275 I .(1)[275:charger_thread][force_get_tbat] t: 39 precise:391
05-20 00:32:47.802   275   275 I .(1)[275:charger_thread][mtk_pe40_get_ibus] chg2_watt: 0 ibat2:0 ibat1:0 ibat:0 ibus1:0 ibus2:0 ibus:0
05-20 00:32:47.803   275   275 I .(1)[275:charger_thread]pe40_ready: 0 hv:1 thermal:-1,-1 tmp:39,39,16 pps:0 en:0 ibus:0 80
05-20 00:32:47.805   275   275 I .(1)[275:charger_thread]mtk_pe20_start_algorithm: stop, PE+20 is not connected
05-20 00:32:47.806   275   275 I .(1)[275:charger_thread]mtk_pe_start_algorithm: stop, PE+ is not connected
05-20 00:32:47.807   275   275 I .(1)[275:charger_thread]mtk_pe_start_algorithm: vchr_org = 5000, vchr_after = 4674, delta = -326
05-20 00:32:47.809   275   275 I .(1)[275:charger_thread]rt9467 7-005b: __rt9467_run_aicl: mivr loop is not active
05-20 00:32:47.810   275   275 W         : .(1)[275:charger_thread]PRIZE master  charge current 1000000:1000000
05-20 00:32:47.811   275   275 W         : .(1)[275:charger_thread]PRIZE slave   charge current 0:0
05-20 00:32:47.812   275   275 I .(1)[275:charger_thread]force: 0 0 thermal:(-1 -1,-1 -1)(-1 -1 0)setting:(500 1000)(0 0)
05-20 00:32:47.812   275   275 I .(1)[275:charger_thread]type: 2 usb_unlimited:0 usbif:0 usbsm:2 aicl:1100 atm:0 parallel:1
05-20 00:32:47.815   275   275 I .(1)[275:charger_thread]rt9467 7-005b: __rt9467_set_aicr: aicr = 500000(0x08)
05-20 00:32:47.817   275   275 I .(1)[275:charger_thread]rt9467 7-005b: __rt9467_set_ichg: ichg = 1000000(0x09)
05-20 00:32:47.818   275   275 I .(1)[275:charger_thread]rt9467 7-005b: rt9467_enable_charging: en = 1
05-20 00:32:47.820   275   275 I .(1)[275:charger_thread]rt9467 7-005b: __rt9467_set_cv: cv = 4400000(0x32)
05-20 00:32:47.821   275   275 I .(1)[275:charger_thread]rt9467 7-005b: rt9467_enable_charging: en = 1
05-20 00:32:47.823   275   275 I .(1)[275:charger_thread]rt9467 7-005b: __rt9467_set_ieoc: ieoc = 200000(0x02)
05-20 00:32:47.825   275   275 I .(1)[275:charger_thread]rt9467 7-005b: __rt9467_enable_te: en = 1
05-20 00:32:47.826   275   275 I .(2)[275:charger_thread]rt9467 7-005b: __rt9467_set_aicr: aicr = 1000000(0x12)
05-20 00:32:47.828   275   275 I .(2)[275:charger_thread]chg1: 1 chg2:0 chg2_chip_en:0
05-20 00:32:47.829   275   275 I .(2)[275:charger_thread]safety_check state: 1 en:0 thermal:-1
05-20 00:32:48.053   275   275 I .(2)[275:charger_thread]rt9467 7-005b: rt9467_dump_register: ICHG = 1000mA, AICR = 1000mA, MIVR = 4400mV, IEOC = 200mA, CV = 4400mV
05-20 00:32:48.055   275   275 I .(2)[275:charger_thread]rt9467 7-005b: rt9467_dump_register: VSYS = 4060mV, VBAT = 4060mV, IBAT = 450mA, IBUS = 1100mA, VBUS = 4675mV
05-20 00:32:48.057   275   275 I .(2)[275:charger_thread]rt9467 7-005b: rt9467_dump_register: CHG_EN = 1, CHG_STATUS = progress, CHG_STAT = 0xA0
05-20 00:32:48.059   275   275 I .(2)[275:charger_thread]rt9467 7-005b: rt9467_dump_register: CHG_CTRL1 = 0x10, CHG_CTRL2 = 0x1B
05-20 00:32:48.073     0     0 W .(0)[0:swapper/0][name:spm&]Power/swap IdleBus26m: No enter --- IdleSyspll: No enter --- IdleDram: No enter ---
05-20 00:32:48.074     0     0 W .(2)[0:swapper/2][mcdi]mcdi cpu: 975, 746, 562, 146, 45, 33, 64, 50, cluster : 0, pause = 0, multi core = 0, latency = 0, residency = 635, last core = 859, avail cpu = 00ff, cluster = 0001, enabled = 1, max_s_state = 5, system_idle_hint = 00000000
05-20 00:32:48.322    48    48 I         : .(0)[48:kworker/0:1]MTP, <do_monitor_work(), 1802> IN <9871 19739 0 0 9871 9871 19739 0 0 >
05-20 00:32:48.323    48    48 I         : .(0)[48:kworker/0:1]MTP, <do_monitor_work(), 1807> OUT <9870 19739 0 0 9871 9870 19739 0 0 >
05-20 00:32:48.572   239   239 I         : .(5)[239:battery_thread][fg_drv_update_hw_status]=>
05-20 00:32:48.573   239   239 I .(5)[239:battery_thread][fg_update_sw_iavg]diff time: 41 iavg:4190
05-20 00:32:48.574   239   239 I         : .(5)[239:battery_thread][read_boot_battery_plug_out_status] rtc_invalid 0 plugout 1 bat_plug_out_time 0 sp3:0xa6 pl:0 0
05-20 00:32:48.576   239   239 I         : .(5)[239:battery_thread][fgauge_read_current] final current=4970 (ratio=1000)
05-20 00:32:48.577   239   239 I         : .(5)[239:battery_thread][fgauge_read_columb_internal] CAR=322 r_fg_value=100 car_tune_value=1000
05-20 00:32:48.580   239   239 I         : .(5)[239:battery_thread]vbat_out_old=40550, vthr=682, T_curr=425, vbat_out=40594
05-20 00:32:48.581   239   239 W -(5)[239:battery_thread]mt635x_auxadc_read_raw: 4 callbacks suppressed
05-20 00:32:48.581   239   239 I .(5)[239:battery_thread]mt635x-auxadc mt635x-auxadc: name:BATADC, channel=0, adc_out=0x601f, adc_result=4059
05-20 00:32:48.584   239   239 I .(5)[239:battery_thread]mt635x-auxadc mt635x-auxadc: name:VCDT, channel=2, adc_out=0x467, adc_result=495
05-20 00:32:48.586   239   239 I         : .(5)[239:battery_thread][fgauge_read_current] final current=4524 (ratio=1000)
05-20 00:32:48.587   239   239 I         : .(5)[239:battery_thread][CH3_DBG] bat_cur = 4524
05-20 00:32:48.588   239   239 I .(5)[239:battery_thread]mt635x-auxadc mt635x-auxadc: name:BAT_TEMP, channel=3, adc_out=0x281, adc_result=563
05-20 00:32:48.590   239   239 I         : .(5)[239:battery_thread][fgauge_read_current] final current=4501 (ratio=1000)
05-20 00:32:48.591   239   239 I         : .(5)[239:battery_thread][BattVoltToTemp] 559 24000 2803 -4
05-20 00:32:48.592   239   239 I         : .(5)[239:battery_thread][force_get_tbat] 563,559,1,450,0,393 r:100 0 0
05-20 00:32:48.593   239   239 I .(5)[239:battery_thread][force_get_tbat] t: 39 precise:393
05-20 00:32:48.594   239   239 I         : .(5)[239:battery_thread]lbat 0 0 0 0
05-20 00:32:48.594   239   239 I .(5)[239:battery_thread]car[322,433,145,578,146, cycle_car:-3,ncar:3] c: 1 4970 vbat:4059 vbus:4683 soc:59 59 gm3:0 0 0 0
05-20 00:32:48.596   239   239 I         : .(5)[239:battery_thread][fgauge_read_columb_internal] CAR=322 r_fg_value=100 car_tune_value=1000
05-20 00:32:48.598   239   239 I         : .(5)[239:battery_thread][fg_get_current_iavg] 4554 1
05-20 00:32:48.599   239   239 I         : .(5)[239:battery_thread][fg_bat_nafg][fgauge_get_nafg_cnt] 0 [25_16 0 15_0 0]
05-20 00:32:48.600   239   239 I .(5)[239:battery_thread][fg_nafg_monitor]time: 228 nafg_cnt:0, now:228, last_t:0
05-20 00:32:48.601   239   239 I .(5)[239:battery_thread]tmp: 39 65535 65535 hcar2:289 lcar2:143 time:228 sw_iavg:4190 4554 1 nafg_m:0 0 0
05-20 00:32:48.602   239   239 I         : .(5)[239:battery_thread][fgauge_read_columb_internal] CAR=322 r_fg_value=100 car_tune_value=1000
05-20 00:32:48.604   239   239 I         : .(5)[239:battery_thread][fgauge_read_current] final current=4482 (ratio=1000)
05-20 00:32:48.605   239   239 I         : .(5)[239:battery_thread][fg_get_current_iavg] 4554 1
05-20 00:32:48.606   239   239 I         : .(5)[239:battery_thread][fgauge_read_current] final current=4535 (ratio=1000)
05-20 00:32:48.607   239   239 I         : .(5)[239:battery_thread][CH3_DBG] bat_cur = 4535
05-20 00:32:48.609   239   239 I .(5)[239:battery_thread]mt635x-auxadc mt635x-auxadc: name:BAT_TEMP, channel=3, adc_out=0x283, adc_result=565
05-20 00:32:48.610   239   239 I         : .(5)[239:battery_thread][fgauge_read_current] final current=4409 (ratio=1000)
05-20 00:32:48.611   239   239 I         : .(5)[239:battery_thread][BattVoltToTemp] 561 24000 2803 -4
05-20 00:32:48.612   239   239 I         : .(5)[239:battery_thread][force_get_tbat] 565,561,1,440,0,392 r:100 0 0
05-20 00:32:48.613   239   239 I .(5)[239:battery_thread][force_get_tbat] t: 39 precise:392
05-20 00:32:48.614   239   239 I         : .(5)[239:battery_thread][fg_is_battery_exist] PMIC_RGS_BATON_UNDET = 1
05-20 00:32:48.615   239   239 I         : .(5)[239:battery_thread]GM3log1 228 228 4051 4482 4554 51480 324 39 1 1 161 0 0
05-20 00:32:48.617   239   239 I .(5)[239:battery_thread]mt635x-auxadc mt635x-auxadc: name:VCDT, channel=2, adc_out=0x466, adc_result=494
05-20 00:32:48.618   239   239 I         : .(5)[239:battery_thread]GM3log2 228 0 0 0 0 40511 5058 1 4674
05-20 00:32:48.619   239   239 I         : .(5)[239:battery_thread]GM3log3 228 0 39329 -1407 0
05-20 00:32:48.620   239   239 I         : .(5)[239:battery_thread]GM3log4 0 38 0 1 0 0 1 1 1 0 0
05-20 00:32:48.621   239   239 I         : .(5)[239:battery_thread]GM3log int 228 228 0 0 0 0
05-20 00:32:48.621   239   239 I         : .(5)[239:battery_thread]GM3log phone_state 0 0
05-20 00:32:48.622   239   239 I .(5)[239:battery_thread]GM3 car: 322 car_diff:2
05-20 00:32:48.645   323   323 I .(6)[323:recovery]mtk-tpd: [tpd_fb_notifier_callback:434] tpd_fb_notifier_callback
05-20 00:32:48.650   253   253 I         : .(0)[253:kworker/u16:3][pmic_enable_interrupt] intNo=44, en=1, depth=0
05-20 00:32:48.695   323   323 I .(6)[323:recovery]mtk-tpd: [tpd_fb_notifier_callback:434] tpd_fb_notifier_callback
05-20 00:32:48.727   253   253 I         : .(0)[253:kworker/u16:3][pmic_enable_interrupt] intNo=44, en=0, depth=1
05-20 00:32:48.862   239   239 I .(5)[239:battery_thread][fg_bat_nafg][fgauge_get_nafg_dltv] mV: Reg [0:0]
05-20 00:32:48.863   253   253 I         : .(0)[253:kworker/u16:3][fgauge_read_current] final current=4222 (ratio=1000)
05-20 00:32:48.864   253   253 I         : .(0)[253:kworker/u16:3][CH3_DBG] bat_cur = 4222
05-20 00:32:48.864   239   239 I         : .(5)[239:battery_thread][fg_bat_nafg][fgauge_get_nafg_cnt] 0 [25_16 0 15_0 0]
05-20 00:32:48.866   239   239 I .(5)[239:battery_thread][fg_bat_nafg][fgauge_get_nafg_c_dltv] mV: Reg[0:0] [b10:0][26_16(0x0000) 15_00(0x0000)]
05-20 00:32:48.868   239   239 I         : .(5)[239:battery_thread]GM3log-nint-nafg 228 228 0 0 0 0 0
05-20 00:32:48.868   253   253 I         : .(0)[253:kworker/u16:3][fgauge_read_current] final current=4257 (ratio=1000)
05-20 00:32:48.868   239   239 I         : .(5)[239:battery_thread]mtk_battery boot mode =2
05-20 00:32:48.869   253   253 I         : .(0)[253:kworker/u16:3][BattVoltToTemp] 561 24000 2803 -4
05-20 00:32:48.870   239   239 I         : .(5)[239:battery_thread][wakeup_fg_algo_recovery] intr_num=0x2000000
05-20 00:32:48.871   253   253 I         : .(0)[253:kworker/u16:3][force_get_tbat] 565,561,1,425,0,392 r:100 0 0
05-20 00:32:48.873   253   253 I .(0)[253:kworker/u16:3][force_get_tbat] t: 39 precise:392
05-20 00:32:48.906   344   344 I         : .(2)[344:kworker/2:2]usb_state<CONFIGURED>
05-20 00:32:49.261   323   323 I .(6)[323:recovery]mtk-tpd: [tpd_fb_notifier_callback:434] tpd_fb_notifier_callback
05-20 00:32:49.274   253   253 I         : .(0)[253:kworker/u16:3][pmic_enable_interrupt] intNo=44, en=1, depth=0
05-20 00:32:49.344   323   323 I .(6)[323:recovery]mtk-tpd: [tpd_fb_notifier_callback:434] tpd_fb_notifier_callback
05-20 00:32:49.346    48    48 I         : .(0)[48:kworker/0:1]MTP, <do_monitor_work(), 1802> IN <9871 19739 0 0 9871 9871 19739 0 0 >
05-20 00:32:49.347    48    48 I         : .(0)[48:kworker/0:1]MTP, <do_monitor_work(), 1807> OUT <9870 19739 0 0 9871 9870 19739 0 0 >
05-20 00:32:49.351   253   253 I         : .(2)[253:kworker/u16:3][pmic_enable_interrupt] intNo=44, en=0, depth=1
05-20 00:32:50.114   253   253 I .(0)[253:kworker/u16:3][SCP] scp_ipi_send: SCP A not ready
05-20 00:32:50.115   253   253 E         : .(0)[253:kworker/u16:3][sensorHub] scp_ipi_send fail
05-20 00:32:50.116    41    41 E         : .(6)[41:kworker/6:0][sensorHub] scp_sensorHub_req_send fail!
05-20 00:32:50.237   323   323 I         : .(6)[323:recovery][fgauge_read_current] final current=5344 (ratio=1000)
05-20 00:32:50.238   323   323 I         : .(6)[323:recovery][CH3_DBG] bat_cur = 5344
05-20 00:32:50.239   323   323 W -(6)[323:recovery]mt635x_auxadc_read_raw: 2 callbacks suppressed
05-20 00:32:50.239   323   323 I .(6)[323:recovery]mt635x-auxadc mt635x-auxadc: name:BAT_TEMP, channel=3, adc_out=0x286, adc_result=567
05-20 00:32:50.241   323   323 I         : .(6)[323:recovery][fgauge_read_current] final current=5176 (ratio=1000)
05-20 00:32:50.242   323   323 I         : .(6)[323:recovery][BattVoltToTemp] 562 24000 2802 -5
05-20 00:32:50.243   323   323 I         : .(6)[323:recovery][force_get_tbat] 567,562,1,517,0,391 r:100 0 0
05-20 00:32:50.244   323   323 I .(6)[323:recovery][force_get_tbat] t: 39 precise:391
05-20 00:32:50.291   323   323 I .(6)[323:recovery]mtk-tpd: [tpd_fb_notifier_callback:434] tpd_fb_notifier_callback
05-20 00:32:50.341   323   323 I .(6)[323:recovery]mtk-tpd: [tpd_fb_notifier_callback:434] tpd_fb_notifier_callback
05-20 00:32:50.370    48    48 I         : .(0)[48:kworker/0:1]MTP, <do_monitor_work(), 1802> IN <9871 19739 0 0 9871 9871 19739 0 0 >
05-20 00:32:50.371    48    48 I         : .(0)[48:kworker/0:1]MTP, <do_monitor_work(), 1807> OUT <9870 19739 0 0 9871 9870 19739 0 0 >
05-20 00:32:50.391   323   323 I .(6)[323:recovery]mtk-tpd: [tpd_fb_notifier_callback:434] tpd_fb_notifier_callback
05-20 00:32:51.323   323   323 I chatty  : uid=0(root) identical 18 lines
05-20 00:32:51.372   323   323 I .(6)[323:recovery]mtk-tpd: [tpd_fb_notifier_callback:434] tpd_fb_notifier_callback
05-20 00:32:51.394    48    48 I         : .(0)[48:kworker/0:1]MTP, <do_monitor_work(), 1802> IN <9871 19739 0 0 9871 9871 19739 0 0 >
05-20 00:32:51.395    48    48 I         : .(0)[48:kworker/0:1]MTP, <do_monitor_work(), 1807> OUT <9870 19739 0 0 9871 9870 19739 0 0 >
05-20 00:32:51.422   323   323 I .(6)[323:recovery]mtk-tpd: [tpd_fb_notifier_callback:434] tpd_fb_notifier_callback
05-20 00:32:52.071   323   323 I chatty  : uid=0(root) identical 13 lines
05-20 00:32:52.121   323   323 I .(6)[323:recovery]mtk-tpd: [tpd_fb_notifier_callback:434] tpd_fb_notifier_callback
05-20 00:32:52.162   253   253 I .(1)[253:kworker/u16:3]mt635x-auxadc mt635x-auxadc: name:VCORE_TEMP, channel=4, adc_out=0x5ce, adc_result=653
05-20 00:32:52.171   323   323 I .(6)[323:recovery]mtk-tpd: [tpd_fb_notifier_callback:434] tpd_fb_notifier_callback
05-20 00:32:52.221   323   323 I .(6)[323:recovery]mtk-tpd: [tpd_fb_notifier_callback:434] tpd_fb_notifier_callback
05-20 00:32:52.226     0     0 W         : -(0)[0:swapper/0][name:bc&]tick broadcast enter counter cpu: 990, 767, 907, 61, 31, 32, 115, 58, success counter cpu: 238, 202, 150, 0, 0, 0, 2, 0, fail counter cpu: 0, 0, 0, 0, 0, 0, 0, 0, interrupt counter cpu: 469, 415, 326, 6, 1, 6, 24, 0, o: 1-5,7, p: , f: 0, t:  232475797013, 232479914244, 232476000000, 244191466474, 240201920551, 239122340013, 232476000000, 244190079397,
05-20 00:32:52.270   323   323 I .(6)[323:recovery]mtk-tpd: [tpd_fb_notifier_callback:434] tpd_fb_notifier_callback
05-20 00:32:52.320   323   323 I chatty  : uid=0(root) identical 1 line
05-20 00:32:52.370   323   323 I .(6)[323:recovery]mtk-tpd: [tpd_fb_notifier_callback:434] tpd_fb_notifier_callback
05-20 00:32:52.411     0     0 W -(6)[0:swapper/6][name:spm&]Power/swap CNT(IdleDram): [0] = (0), [1] = (0), [2] = (0), [3] = (0), [4] = (0), [5] = (0), [6] = (0), [7] = (0),
05-20 00:32:52.411     0     0 W -(6)[0:swapper/6][name:spm&]Power/swap IdleDram_block_cnt: [BY_FRM] = 1211,
05-20 00:32:52.411     0     0 W -(6)[0:swapper/6][name:spm&]Power/swap IdleDram_block_mask: 0x00000000, 0x00000000, 0x00000000, 0x00000000, 0x00000000, 0x00000000, idle_pll_block_mask: 0x00000000
05-20 00:32:52.411     0     0 W -(6)[0:swapper/6][name:spm&][resource_req_block] user: 0x4, 0x0
05-20 00:32:52.418    48    48 I         : .(0)[48:kworker/0:1]MTP, <do_monitor_work(), 1802> IN <9871 19739 0 0 9871 9871 19739 0 0 >
05-20 00:32:52.418    48    48 I         : .(0)[48:kworker/0:1]MTP, <do_monitor_work(), 1807> OUT <9870 19739 0 0 9871 9870 19739 0 0 >
05-20 00:32:52.418   253   253 I .(0)[253:kworker/u16:3]mt635x-auxadc mt635x-auxadc: name:VGPU_TEMP, channel=4, adc_out=0x5ce, adc_result=653
05-20 00:32:52.420   323   323 I .(6)[323:recovery]mtk-tpd: [tpd_fb_notifier_callback:434] tpd_fb_notifier_callback
05-20 00:32:52.869   323   323 I chatty  : uid=0(root) identical 9 lines
05-20 00:32:52.919   323   323 I .(6)[323:recovery]mtk-tpd: [tpd_fb_notifier_callback:434] tpd_fb_notifier_callback
05-20 00:32:52.950   253   253 I         : .(0)[253:kworker/u16:3][fgauge_read_current] final current=3852 (ratio=1000)
05-20 00:32:52.952   253   253 I         : .(0)[253:kworker/u16:3][CH3_DBG] bat_cur = 3852
05-20 00:32:52.953   253   253 I .(0)[253:kworker/u16:3]mt635x-auxadc mt635x-auxadc: name:BAT_TEMP, channel=3, adc_out=0x282, adc_result=564
05-20 00:32:52.955   253   253 I         : .(0)[253:kworker/u16:3][fgauge_read_current] final current=3677 (ratio=1000)
