05-26 20:26:47.543   252   252 I         : (6)[252:kworker/6:2]End 0xc6000 of disk mmcblk0 not write group aligned
05-26 20:26:47.543   252   252 I (6)[252:kworker/6:2]mmc0: device cq off
05-26 20:26:47.543   252   252 I (6)[252:kworker/6:2]mmc0: device cq on
05-26 20:26:47.543   252   252 I         : (6)[252:kworker/6:2]0xc6000 ~ 0xca000 of mmcblk0 is fully write protected
05-26 20:26:47.543   252   252 I         : (6)[252:kworker/6:2]Start 0xca000 of disk mmcblk0 not write group aligned
05-26 20:26:47.543   252   252 I         : (6)[252:kworker/6:2]End 0xca000 of disk mmcblk0 not write group aligned
05-26 20:26:47.543   258   258 I (6)[258:kworker/u16:3]mtk-tpd: [tpd_probe:709] Cap touch panel driver
05-26 20:26:47.543   252   252 I (6)[252:kworker/6:2]mmc0: device cq off
05-26 20:26:47.543   252   252 I (6)[252:kworker/6:2]mmc0: device cq on
05-26 20:26:47.543   252   252 I         : (6)[252:kworker/6:2]0xca000 ~ 0x10a000 of mmcblk0 is fully write protected
05-26 20:26:47.543   252   252 I         : (6)[252:kworker/6:2]Start 0x10a000 of disk mmcblk0 not write group aligned
05-26 20:26:47.543   252   252 I         : (6)[252:kworker/6:2]End 0x10a000 of disk mmcblk0 not write group aligned
05-26 20:26:47.543   258   258 I (6)[258:kworker/u16:3]input: mtk-tpd as /devices/virtual/input/input2
05-26 20:26:47.543   252   252 I (6)[252:kworker/6:2]mmc0: device cq off
05-26 20:26:47.543   252   252 I (6)[252:kworker/6:2]mmc0: device cq on
05-26 20:26:47.543   252   252 I         : (6)[252:kworker/6:2]0x10a000 ~ 0x10a800 of mmcblk0 is fully write protected
05-26 20:26:47.543   252   252 I         : (6)[252:kworker/6:2]Start 0x10a800 of disk mmcblk0 not write group aligned
05-26 20:26:47.543   252   252 I         : (6)[252:kworker/6:2]End 0x10a800 of disk mmcblk0 not write group aligned
05-26 20:26:47.543   252   252 I (6)[252:kworker/6:2]mmc0: device cq off
05-26 20:26:47.543   252   252 I (6)[252:kworker/6:2]mmc0: device cq on
05-26 20:26:47.543   252   252 I         : (6)[252:kworker/6:2]0x10a800 ~ 0x10d800 of mmcblk0 is fully write protected
05-26 20:26:47.543   252   252 I         : (6)[252:kworker/6:2]Start 0x10d800 of disk mmcblk0 not write group aligned
05-26 20:26:47.543   252   252 I         : (6)[252:kworker/6:2]End 0x10d800 of disk mmcblk0 not write group aligned
05-26 20:26:47.544     1     1 I (7)[1:swapper/0]mtk_charger_probe: starts
05-26 20:26:47.544   252   252 I (6)[252:kworker/6:2]mmc0: device cq off
05-26 20:26:47.544     1     1 I (7)[1:swapper/0]mtk_charger_parse_dt: starts
05-26 20:26:47.544     1     1 I         : (7)[1:swapper/0]Found primary charger [(null)]
05-26 20:26:47.544     1     1 I         : (7)[1:swapper/0]Found secondary charger [rt9471_chg]
05-26 20:26:47.544   252   252 I (6)[252:kworker/6:2]mmc0: device cq on
05-26 20:26:47.544   252   252 I         : (6)[252:kworker/6:2]0x10d800 ~ 0x110800 of mmcblk0 is fully write protected
05-26 20:26:47.544     1     1 I         : (7)[1:swapper/0]use default TA_AC_12V_INPUT_CURRENT:3200000
05-26 20:26:47.544   252   252 I         : (6)[252:kworker/6:2]Start 0x110800 of disk mmcblk0 not write group aligned
05-26 20:26:47.544     1     1 I         : (7)[1:swapper/0]use default pe40_max_vbus:11000
05-26 20:26:47.544     1     1 I         : (7)[1:swapper/0]use default pe40_max_ibus:3000
05-26 20:26:47.544   252   252 I         : (6)[252:kworker/6:2]End 0x110800 of disk mmcblk0 not write group aligned
05-26 20:26:47.544     1     1 I         : (7)[1:swapper/0]use default CHG2_EFF:90
05-26 20:26:47.544     1     1 I         : (7)[1:swapper/0]use default MAX_CHARGING_TIME:43200
05-26 20:26:47.544     1     1 I         : (7)[1:swapper/0]use default BC12_CHARGER:0
05-26 20:26:47.544     1     1 I (7)[1:swapper/0]algorithm name: DualSwitchCharging
05-26 20:26:47.544     1     1 I (7)[1:swapper/0]mtk_charger_start_timer: alarm timer start:0, 10 642157369
05-26 20:26:47.544     1     1 I         : (7)[1:swapper/0]alarmtimer_enqueue, 10642157369
05-26 20:26:47.544   252   252 I (6)[252:kworker/6:2]mmc0: device cq off
05-26 20:26:47.544   252   252 I (6)[252:kworker/6:2]mmc0: device cq on
05-26 20:26:47.544   252   252 I         : (6)[252:kworker/6:2]0x110800 ~ 0x111000 of mmcblk0 is fully write protected
05-26 20:26:47.544   252   252 I         : (6)[252:kworker/6:2]Start 0x111000 of disk mmcblk0 not write group aligned
05-26 20:26:47.544   252   252 I         : (6)[252:kworker/6:2]End 0x111000 of disk mmcblk0 not write group aligned
05-26 20:26:47.544   252   252 I (6)[252:kworker/6:2]mmc0: device cq off
05-26 20:26:47.544   252   252 I (6)[252:kworker/6:2]mmc0: device cq on
05-26 20:26:47.544   252   252 I         : (6)[252:kworker/6:2]0x111000 ~ 0x111800 of mmcblk0 is fully write protected
05-26 20:26:47.544   252   252 I         : (6)[252:kworker/6:2]Start 0x111800 of disk mmcblk0 not write group aligned
05-26 20:26:47.544   252   252 I         : (6)[252:kworker/6:2]End 0x111800 of disk mmcblk0 not write group aligned
05-26 20:26:47.544   252   252 I (6)[252:kworker/6:2]mmc0: device cq off
05-26 20:26:47.544     1     1 W         : (6)[1:swapper/0]------------[ cut here ]------------
05-26 20:26:47.544     1     1 W (6)[1:swapper/0]WARNING: CPU: 6 PID: 1 at ../../../../../../kernel/micromax/yogurt/drivers/base/core.c:1307 device_create_file+0x7c/0xa4
05-26 20:26:47.544     1     1 W (6)[1:swapper/0]Attribute chg2_exist: write permission without 'store'
05-26 20:26:47.544   252   252 I (6)[252:kworker/6:2]mmc0: device cq on
05-26 20:26:47.544   252   252 I         : (6)[252:kworker/6:2]0x111800 ~ 0x119800 of mmcblk0 is fully write protected
05-26 20:26:47.544   252   252 I         : (6)[252:kworker/6:2]Start 0x119800 of disk mmcblk0 not write group aligned
05-26 20:26:47.544   252   252 I         : (6)[252:kworker/6:2]End 0x119800 of disk mmcblk0 not write group aligned
05-26 20:26:47.544     1     1 W         : (6)[1:swapper/0]Modules linked in:
05-26 20:26:47.544     1     1 W -(6)[1:swapper/0]CPU: 6 PID: 1 Comm: swapper/0 Tainted: G S      W       4.14.141-yogurt-v1.x #1
05-26 20:26:47.544     1     1 W -(6)[1:swapper/0]Hardware name: MT6769V/CT (DT)
05-26 20:26:47.544     1     1 W -(6)[1:swapper/0]Call trace:  
05-26 20:26:47.544     1     1 W         : -(6)[1:swapper/0][<ffffff8315a8c9e8>] dump_backtrace+0x0/0x508
05-26 20:26:47.544     1     1 W         : -(6)[1:swapper/0][<ffffff8315a8cf04>] show_stack+0x14/0x1c
05-26 20:26:47.544     1     1 W         : -(6)[1:swapper/0][<ffffff83168f2f7c>] dump_stack+0xc4/0xfc
05-26 20:26:47.544     1     1 W         : -(6)[1:swapper/0][<ffffff8315aadf04>] __warn+0xdc/0x168
05-26 20:26:47.544     1     1 W         : -(6)[1:swapper/0][<ffffff8315aae000>] warn_slowpath_fmt+0x70/0x94
05-26 20:26:47.544     1     1 W         : -(6)[1:swapper/0][<ffffff8315f1e754>] device_create_file+0x7c/0xa4
05-26 20:26:47.544     1     1 W         : -(6)[1:swapper/0][<ffffff8316574f0c>] mtk_charger_probe+0x2240/0x22d0
05-26 20:26:47.544     1     1 W         : -(6)[1:swapper/0][<ffffff8315f26e50>] platform_drv_probe+0x80/0xb8
05-26 20:26:47.544     1     1 W         : -(6)[1:swapper/0][<ffffff8315f243b8>] driver_probe_device+0x478/0x5f8
05-26 20:26:47.544     1     1 W         : -(6)[1:swapper/0][<ffffff8315f24808>] __driver_attach+0xe0/0x180
05-26 20:26:47.544     1     1 W         : -(6)[1:swapper/0][<ffffff8315f21f40>] bus_for_each_dev+0x80/0xc8
05-26 20:26:47.544     1     1 W         : -(6)[1:swapper/0][<ffffff8315f24720>] driver_attach+0x20/0x28
05-26 20:26:47.544     1     1 W         : -(6)[1:swapper/0][<ffffff8315f22724>] bus_add_driver+0x134/0x23c
05-26 20:26:47.544     1     1 W         : -(6)[1:swapper/0][<ffffff8315f25858>] driver_register+0xa4/0xf0
05-26 20:26:47.544     1     1 W         : -(6)[1:swapper/0][<ffffff8315f26dc8>] __platform_driver_register+0x40/0x48
05-26 20:26:47.544     1     1 W         : -(6)[1:swapper/0][<ffffff8316e29698>] mtk_charger_init+0x18/0x20
05-26 20:26:47.544     1     1 W         : -(6)[1:swapper/0][<ffffff8315a84150>] do_one_initcall+0x118/0x1dc
05-26 20:26:47.544     1     1 W         : -(6)[1:swapper/0][<ffffff8316dd0fd8>] kernel_init_freeable+0x198/0x234
05-26 20:26:47.544     1     1 W         : -(6)[1:swapper/0][<ffffff8316907448>] kernel_init+0x10/0x208
05-26 20:26:47.544     1     1 W         : -(6)[1:swapper/0][<ffffff8315a8561c>] ret_from_fork+0x10/0x18
05-26 20:26:47.545     1     1 W         : (6)[1:swapper/0]---[ end trace 2a6855c6a909618a ]---
05-26 20:26:47.545     1     1 I         : (6)[1:swapper/0]Found PD adapter [(null)]
05-26 20:26:47.545   252   252 I (6)[252:kworker/6:2]mmc0: device cq off
05-26 20:26:47.545   252   252 I (6)[252:kworker/6:2]mmc0: device cq on
05-26 20:26:47.545   252   252 I         : (6)[252:kworker/6:2]0x119800 ~ 0x121800 of mmcblk0 is fully write protected
05-26 20:26:47.545   252   252 I         : (6)[252:kworker/6:2]Start 0x121800 of disk mmcblk0 not write group aligned
05-26 20:26:47.545   252   252 I         : (6)[252:kworker/6:2]End 0x121800 of disk mmcblk0 not write group aligned
05-26 20:26:47.545     1     1 I (6)[1:swapper/0]mtk_charger_get_atm_mode: atm_enabled = 0
05-26 20:26:47.545   252   252 I (6)[252:kworker/6:2]mmc0: device cq off
05-26 20:26:47.545   252   252 I (6)[252:kworker/6:2]mmc0: device cq on
05-26 20:26:47.545   252   252 I         : (6)[252:kworker/6:2]0x121800 ~ 0x122800 of mmcblk0 is fully write protected
05-26 20:26:47.545   252   252 I         : (6)[252:kworker/6:2]Start 0x122800 of disk mmcblk0 not write group aligned
05-26 20:26:47.545   252   252 I         : (6)[252:kworker/6:2]End 0x122800 of disk mmcblk0 not write group aligned
05-26 20:26:47.545   252   252 I (6)[252:kworker/6:2]mmc0: device cq off
05-26 20:26:47.545   252   252 I (6)[252:kworker/6:2]mmc0: device cq on
05-26 20:26:47.545   252   252 I         : (6)[252:kworker/6:2]0x122800 ~ 0x123800 of mmcblk0 is fully write protected
05-26 20:26:47.545   252   252 I         : (6)[252:kworker/6:2]Start 0x123800 of disk mmcblk0 not write group aligned
05-26 20:26:47.545   252   252 I         : (6)[252:kworker/6:2]End 0x123800 of disk mmcblk0 not write group aligned
05-26 20:26:47.545   252   252 I (6)[252:kworker/6:2]mmc0: device cq off
05-26 20:26:47.545   252   252 I (6)[252:kworker/6:2]mmc0: device cq on
05-26 20:26:47.545   252   252 I         : (6)[252:kworker/6:2]0x123800 ~ 0x133800 of mmcblk0 is fully write protected
05-26 20:26:47.545   252   252 I         : (6)[252:kworker/6:2]Start 0x133800 of disk mmcblk0 not write group aligned
05-26 20:26:47.545   252   252 I         : (6)[252:kworker/6:2]End 0x133800 of disk mmcblk0 not write group aligned
05-26 20:26:47.545   252   252 I (6)[252:kworker/6:2]mmc0: device cq off
05-26 20:26:47.545   258   258 I         : (1)[258:kworker/u16:3][wdk] bind thread 293 to cpu 0
05-26 20:26:47.546   252   252 I (6)[252:kworker/6:2]mmc0: device cq on
05-26 20:26:47.546   252   252 I         : (6)[252:kworker/6:2]0x133800 ~ 0x137800 of mmcblk0 is fully write protected
05-26 20:26:47.546   252   252 I         : (6)[252:kworker/6:2]Start 0x137800 of disk mmcblk0 not write group aligned
05-26 20:26:47.546   252   252 I         : (6)[252:kworker/6:2]End 0x137800 of disk mmcblk0 not write group aligned
05-26 20:26:47.546   291   291 I         : (6)[291:charger_thread][CH3_DBG] bat_cur = -10791
05-26 20:26:47.546     1     1 I (7)[1:swapper/0]vdram1: disabling
05-26 20:26:47.546   252   252 I (6)[252:kworker/6:2]mmc0: device cq off
05-26 20:26:47.546     1     1 I (7)[1:swapper/0]regulator regulator.1: mt6358_regulator_disable:VDRAM1 should not be disable.(use_count=0)
05-26 20:26:47.546     1     1 E (7)[1:swapper/0]vdram1: couldn't disable: -1
05-26 20:26:47.546     1     1 I (7)[1:swapper/0]vcore: disabling
05-26 20:26:47.546     1     1 I (7)[1:swapper/0]regulator regulator.2: mt6358_regulator_disable:VCORE should not be disable.(use_count=0)
05-26 20:26:47.546     1     1 E (7)[1:swapper/0]vcore: couldn't disable: -1
05-26 20:26:47.546     1     1 I (7)[1:swapper/0]vproc11: disabling
05-26 20:26:47.546     1     1 I (7)[1:swapper/0]regulator regulator.4: mt6358_regulator_disable:VPROC11 should not be disable.(use_count=0)
05-26 20:26:47.546   252   252 I (6)[252:kworker/6:2]mmc0: device cq on
05-26 20:26:47.546     1     1 E (7)[1:swapper/0]vproc11: couldn't disable: -1
05-26 20:26:47.546   252   252 I         : (6)[252:kworker/6:2]0x137800 ~ 0x13a000 of mmcblk0 is fully write protected
05-26 20:26:47.546   258   258 I         : (1)[258:kworker/u16:3][wdk] bind thread 294 to cpu 1
05-26 20:26:47.546     1     1 I (7)[1:swapper/0]vproc12: disabling
05-26 20:26:47.546     1     1 I (7)[1:swapper/0]regulator regulator.5: mt6358_regulator_disable:VPROC12 should not be disable.(use_count=0)
05-26 20:26:47.546   252   252 I         : (6)[252:kworker/6:2]Start 0x13a000 of disk mmcblk0 not write group aligned
05-26 20:26:47.546     1     1 E (7)[1:swapper/0]vproc12: couldn't disable: -1
05-26 20:26:47.546     1     1 I (7)[1:swapper/0]vs2: disabling
05-26 20:26:47.546     1     1 I (7)[1:swapper/0]regulator regulator.7: mt6358_regulator_disable:VS2 should not be disable.(use_count=0)
05-26 20:26:47.546     1     1 E (7)[1:swapper/0]vs2: couldn't disable: -1
05-26 20:26:47.546     1     1 I (7)[1:swapper/0]vmodem: disabling
05-26 20:26:47.546     1     1 I (7)[1:swapper/0]regulator regulator.8: mt6358_regulator_disable:VMODEM should not be disable.(use_count=0)
05-26 20:26:47.546     1     1 E (7)[1:swapper/0]vmodem: couldn't disable: -1
05-26 20:26:47.546   252   252 I (6)[252:kworker/6:2]mmc0: device cq off
05-26 20:26:47.546     1     1 I (7)[1:swapper/0]vs1: disabling
05-26 20:26:47.546     1     1 I (7)[1:swapper/0]regulator regulator.9: mt6358_regulator_disable:VS1 should not be disable.(use_count=0)
05-26 20:26:47.546     1     1 E (7)[1:swapper/0]vs1: couldn't disable: -1
05-26 20:26:47.546     1     1 I (7)[1:swapper/0]vdram2: disabling
05-26 20:26:47.546     1     1 I (7)[1:swapper/0]regulator regulator.10: mt6358_regulator_disable:VDRAM2 should not be disable.(use_count=0)
05-26 20:26:47.546     1     1 E (7)[1:swapper/0]vdram2: couldn't disable: -1
05-26 20:26:47.546     1     1 I (7)[1:swapper/0]vsram_proc11: disabling
05-26 20:26:47.546     1     1 I (7)[1:swapper/0]regulator regulator.20: mt6358_regulator_disable:VSRAM_PROC11 should not be disable.(use_count=0)
05-26 20:26:47.546     1     1 E (7)[1:swapper/0]vsram_proc11: couldn't disable: -1
05-26 20:26:47.546     1     1 I (7)[1:swapper/0]vsram_others: disabling
05-26 20:26:47.546   252   252 I (6)[252:kworker/6:2]mmc0: device cq on
05-26 20:26:47.546     1     1 I (7)[1:swapper/0]regulator regulator.22: mt6358_regulator_disable:VSRAM_OTHERS should not be disable.(use_count=0)
05-26 20:26:47.546   252   252 I         : (6)[252:kworker/6:2]0x13a000 ~ 0x140000 of mmcblk0 is fully write protected
05-26 20:26:47.546     1     1 E (7)[1:swapper/0]vsram_others: couldn't disable: -1
05-26 20:26:47.546     1     1 I (7)[1:swapper/0]vxo22: disabling
05-26 20:26:47.546     1     1 I (7)[1:swapper/0]regulator regulator.24: mt6358_regulator_disable:VXO22 should not be disable.(use_count=0)
05-26 20:26:47.546     1     1 E (7)[1:swapper/0]vxo22: couldn't disable: -1
05-26 20:26:47.546     1     1 I (7)[1:swapper/0]vaux18: disabling
05-26 20:26:47.546     1     1 I (7)[1:swapper/0]regulator regulator.26: mt6358_regulator_disable:VAUX18 should not be disable.(use_count=0)
05-26 20:26:47.546     1     1 E (7)[1:swapper/0]vaux18: couldn't disable: -1
05-26 20:26:47.546     1     1 I (7)[1:swapper/0]vbif28: disabling
05-26 20:26:47.546     1     1 I (7)[1:swapper/0]regulator regulator.28: mt6358_regulator_disable:VBIF28 should not be disable.(use_count=0)
05-26 20:26:47.546     1     1 E (7)[1:swapper/0]vbif28: couldn't disable: -1
05-26 20:26:47.546   252   252 I (6)[252:kworker/6:2]mmc0: device cq off
05-26 20:26:47.546     1     1 I (7)[1:swapper/0]vsram_proc12: disabling
05-26 20:26:47.546     1     1 I (7)[1:swapper/0]regulator regulator.29: mt6358_regulator_disable:VSRAM_PROC12 should not be disable.(use_count=0)
05-26 20:26:47.546     1     1 E (7)[1:swapper/0]vsram_proc12: couldn't disable: -1
05-26 20:26:47.546     1     1 I (7)[1:swapper/0]vio28: disabling
05-26 20:26:47.546     1     1 I (7)[1:swapper/0]regulator regulator.32: mt6358_regulator_disable:VIO28 should not be disable.(use_count=0)
05-26 20:26:47.546     1     1 E (7)[1:swapper/0]vio28: couldn't disable: -1
05-26 20:26:47.546     1     1 I (7)[1:swapper/0]vaud28: disabling
05-26 20:26:47.546     1     1 I (7)[1:swapper/0]regulator regulator.40: mt6358_regulator_disable:VAUD28 should not be disable.(use_count=0)
05-26 20:26:47.546     1     1 E (7)[1:swapper/0]vaud28: couldn't disable: -1
05-26 20:26:47.546     1     1 I (7)[1:swapper/0]va09: disabling
05-26 20:26:47.546     1     1 I (7)[1:swapper/0]regulator regulator.42: regulator ext_pmic2 disable
05-26 20:26:47.546     1     1 I (7)[1:swapper/0]regulator regulator.42: pmic_regulator_ext2_disable:VA09 should not be disable.(use_count=0)
05-26 20:26:47.546     1     1 E (7)[1:swapper/0]va09: couldn't disable: -1
05-26 20:26:47.547   252   252 I (6)[252:kworker/6:2]mmc0: device cq on
05-26 20:26:47.547   252   252 I         : (6)[252:kworker/6:2]0x140000 ~ 0x940000 of mmcblk0 is fully write protected
05-26 20:26:47.547   252   252 I (6)[252:kworker/6:2]mmc0: device cq off
05-26 20:26:47.547   252   252 I (6)[252:kworker/6:2]mmc0: device cq on
05-26 20:26:47.547     1     1 I         : (7)[1:swapper/0]__tcpc_class_complete_work = type_c_port0
05-26 20:26:47.547   252   252 I         : (6)[252:kworker/6:2]End 0xa18000 of disk mmcblk0 not write group aligned
05-26 20:26:47.547   291   291 I (6)[291:charger_thread]Vbat=0,Ibat=-10791,I=0,VChr=0,T=41,Soc=0: 0,CT:0:0 hv:1 pd:0:0
05-26 20:26:47.547   252   252 I (6)[252:kworker/6:2]mmc0: device cq off
05-26 20:26:47.549   291   291 I         : (0)[291:charger_thread][CH3_DBG] bat_cur = -10807
05-26 20:26:47.549   258   258 I         : (1)[258:kworker/u16:3][wdk] bind thread 295 to cpu 2
05-26 20:26:47.550     0     0 I         : (2)[295:wdtk-2][thread:295][RT:650969616] 2025-05-26 14:56:47.546958 UTC;android time 2025-05-26 14:56:47.546958
05-26 20:26:47.550   258   258 I         : (2)[258:kworker/u16:3][wdk] bind thread 296 to cpu 3
05-26 20:26:47.550   258   258 I         : (2)[258:kworker/u16:3][wdk] bind thread 297 to cpu 4
05-26 20:26:47.550   258   258 I         : (1)[258:kworker/u16:3][wdk] bind thread 298 to cpu 5
05-26 20:26:47.550   258   258 I         : (2)[258:kworker/u16:3][wdk] bind thread 299 to cpu 6
05-26 20:26:47.550   258   258 I         : (1)[258:kworker/u16:3][wdk] bind thread 300 to cpu 7
05-26 20:26:47.550   258   258 I         : (1)[258:kworker/u16:3][wdk] WDT start kicker done CPU_NR=8
05-26 20:26:47.550   258   258 I         : (1)[258:kworker/u16:3][wdk]init_wk done late_initcall cpus_kick_bit=0xff -----
05-26 20:26:47.551   252   252 I (6)[252:kworker/6:2]mmc0: device cq on
05-26 20:26:47.551   252   252 I         : (6)[252:kworker/6:2]Start 0x745e7c0 of disk mmcblk0 not write group aligned
05-26 20:26:47.551   252   252 I         : (6)[252:kworker/6:2]End 0x745e7c0 of disk mmcblk0 not write group aligned
05-26 20:26:47.551   252   252 I (6)[252:kworker/6:2]mmc0: device cq off
05-26 20:26:47.551   252   252 I (6)[252:kworker/6:2]mmc0: device cq on
05-26 20:26:47.551   252   252 I         : (6)[252:kworker/6:2]Start 0x7473fc0 of disk mmcblk0 not write group aligned
05-26 20:26:47.551   252   252 I         : (6)[252:kworker/6:2]End 0x7473fc0 of disk mmcblk0 not write group aligned
05-26 20:26:47.551   252   252 I (6)[252:kworker/6:2]mmc0: device cq off
05-26 20:26:47.551   252   252 I (6)[252:kworker/6:2]mmc0: device cq on
05-26 20:26:47.551    94    94 I         : (1)[94:pd_dbg_info]///PD dbg info 42d
05-26 20:26:47.551    94    94 W (1)[94:pd_dbg_info]<    0.652>TCPC-TYPEC: typec_init: TrySNK
05-26 20:26:47.553     1     1 I         : (7)[1:swapper/0]pd_tcp_notifier_call sink vbus 0mv 0ma type(0)
05-26 20:26:47.553     1     1 I         : (7)[1:swapper/0]pd_tcp_notifier_call ext discharge = 1
05-26 20:26:47.553     1     1 I (7)[1:swapper/0]rt9467 7-005b: rt9467_enable_discharge: en = 1
05-26 20:26:47.553     1     1 I (7)[1:swapper/0]tcpc_device_irq_enable: tcpc irq enable OK!
05-26 20:26:47.554     1     1 I         : (7)[1:swapper/0][VcoreFS] flavor name: mediatek/k69v1_64
05-26 20:26:47.554     1     1 I (7)[1:swapper/0]flavor check: k69v1_64, is_vcore_ct: 0, is_mini_sqc: 0
05-26 20:26:47.554     1     1 I (7)[1:swapper/0]get_vb_volt: ptpod64: 0x3
05-26 20:26:47.554     1     1 I (7)[1:swapper/0]flavor check: k69v1_64, is_vcore_ct: 0, is_mini_sqc: 0 dvfs_v_mode: 0
05-26 20:26:47.554     1     1 I (7)[1:swapper/0]dvfsrc_opp_level_mapping: FINAL vcore_opp_uv: 800000, 700000, 650000, 650000
05-26 20:26:47.554     1     1 I         : (7)[1:swapper/0]dvfsrc_flag = 0
05-26 20:26:47.554     1     1 I (7)[1:swapper/0]mtk_rgu_cfg_dvfsrc: MTK_WDT_DEBUG_CTL2(0x2ff)
05-26 20:26:47.554     1     1 I (7)[1:swapper/0]mtk_rgu_cfg_dvfsrc: MTK_WDT_LATCH_CTL(0x23e71)
05-26 20:26:47.554     1     1 I (7)[1:swapper/0]flavor check: mediatek/k69v1_64, is_bypass: 0
05-26 20:26:47.554     1     1 I         : (7)[1:swapper/0]VCORE DVFS enable default
05-26 20:26:47.555    48    48 I (6)[48:kworker/6:1]rt9467 7-005b: rt9467_enable_ilim: en = 0
05-26 20:26:47.556     1     1 I         : (7)[1:swapper/0]dvfsrc init config index 0
05-26 20:26:47.556     1     1 I (7)[1:swapper/0][mmdvfs]mmdvfs_autok_qos_enable: step_size=3 current_max_step=0
05-26 20:26:47.556     1     1 I         : (7)[1:swapper/0][mmdvfs]mmdvfs_autok enabled? 0
05-26 20:26:47.556     1     1 I         : (7)[1:swapper/0][mmdvfs]mmdvfs service is disabled for calibration
05-26 20:26:47.556     1     1 I         : (7)[1:swapper/0]emmc autok
05-26 20:26:47.556     1     1 I         : (7)[1:swapper/0]msdc fix vcore, PMIC_RG_BUCK_VCORE_VOSEL: 48
05-26 20:26:47.556     1     1 I         : (7)[1:swapper/0][AUTOK]eMMC HS400 Tune
05-26 20:26:47.558   291   291 I (6)[291:charger_thread]rt9467 7-005b: __rt9467_set_mivr: mivr = 4200000(0x03)
05-26 20:26:47.559     1     1 I         : (7)[1:swapper/0][AUTOK]CMD 0 	 39 	 OOOOOOOOOOOOOOOOOOOOOOOOOOOOOOOOOOOOOOOXXOOOOOOOOOOOOOOOOOOOOOOO
05-26 20:26:47.561     1     1 I         : (7)[1:swapper/0][AUTOK]CMD 1 	 47 	 OOOOOOOOOOOOOOOXXOOOOOOOOOOOOOOOOOOOOOOOOOOOOOOOOOOOOOOOOOOOOOOO
05-26 20:26:47.561     1     1 I (7)[1:swapper/0][AUTOK]Analysis Result: 1T = 48
05-26 20:26:47.561     1     1 I         : (7)[1:swapper/0][AUTOK]device status 0x00000900
05-26 20:26:47.564     1     1 I         : (7)[1:swapper/0][AUTOK]DLY1/2 0 	 21 	 XXOOOOOOOOOOOOOOOOOOOOOXXXXXXXXXXXXXXXXXXXXXXXXXXXXXXXXXXXXXXXXX
05-26 20:26:47.564     1     1 I (7)[1:swapper/0][AUTOK]CMD [EDGE: 0 CMD_FIFO_EDGE:0 DLY1:15 DLY2:0]
05-26 20:26:47.564     1     1 I (7)[1:swapper/0][AUTOK]DAT [RDAT_EDGE: 0 RD_FIFO_EDGE:0 WD_FIFO_EDGE:0]
05-26 20:26:47.564     1     1 I (7)[1:swapper/0][AUTOK]DAT [LATCH_CK: 0 DLY1:0 DLY2:0]
05-26 20:26:47.564     1     1 I (7)[1:swapper/0][AUTOK]DS  [DLY1: 12 DLY2:0 DLY3:20]
05-26 20:26:47.564     1     1 I         : (7)[1:swapper/0][AUTOK]CLK TX  [0]
05-26 20:26:47.564     1     1 I         : (7)[1:swapper/0][AUTOK]CMD TX  [0]
05-26 20:26:47.564     1     1 I         : (7)[1:swapper/0][AUTOK]DAT TX  [D0:0 D1:0 D2:0 D3:0]
05-26 20:26:47.564     1     1 I         : (7)[1:swapper/0][AUTOK]DAT TX  [D4:0 D5:0 D6:0 D7:0]
05-26 20:26:47.564     1     1 I (7)[1:swapper/0][AUTOK][HS400]======Cost: 7 ms======
05-26 20:26:47.564     1     1 I         : (7)[1:swapper/0]msdc fix vcore, PMIC_RG_BUCK_VCORE_VOSEL: 32
05-26 20:26:47.564     1     1 I         : (7)[1:swapper/0][AUTOK]eMMC HS400 Tune
05-26 20:26:47.566     1     1 I         : (7)[1:swapper/0][AUTOK]CMD 0 	 31 	 OOOOOOOOOOOOOOOOOOOOOOOOOOOOOOOXXXOOOOOOOOOOOOOOOOOOOOOOOOOOOOOO
05-26 20:26:47.568     1     1 I         : (7)[1:swapper/0][AUTOK]CMD 1 	 39 	 OOOOOOOOOOOXXOOOOOOOOOOOOOOOOOOOOOOOOOOOOOOOOOOOOOOOXXXOOOOOOOOO
05-26 20:26:47.568     1     1 I (7)[1:swapper/0][AUTOK]Analysis Result: 1T = 42
05-26 20:26:47.568     1     1 I         : (7)[1:swapper/0][AUTOK]device status 0x00000900
05-26 20:26:47.571     1     1 I         : (7)[1:swapper/0][AUTOK]DLY1/2 0 	 18 	 XXOOOOOOOOOOOOOOOOOOXXXXXXXXXXXXXXXXXXXXXXXXXXXXXXXXXXXXXXXXXXXX
05-26 20:26:47.571     1     1 I (7)[1:swapper/0][AUTOK]CMD [EDGE: 0 CMD_FIFO_EDGE:0 DLY1:11 DLY2:0]
05-26 20:26:47.571     1     1 I (7)[1:swapper/0][AUTOK]DAT [RDAT_EDGE: 0 RD_FIFO_EDGE:0 WD_FIFO_EDGE:0]
05-26 20:26:47.571     1     1 I (7)[1:swapper/0][AUTOK]DAT [LATCH_CK: 0 DLY1:0 DLY2:0]
05-26 20:26:47.571     1     1 I (7)[1:swapper/0][AUTOK]DS  [DLY1: 10 DLY2:0 DLY3:20]
05-26 20:26:47.571     1     1 I         : (7)[1:swapper/0][AUTOK]CLK TX  [0]
05-26 20:26:47.571     1     1 I         : (7)[1:swapper/0][AUTOK]CMD TX  [0]
05-26 20:26:47.571     1     1 I         : (7)[1:swapper/0][AUTOK]DAT TX  [D0:0 D1:0 D2:0 D3:0]
05-26 20:26:47.571     1     1 I         : (7)[1:swapper/0][AUTOK]DAT TX  [D4:0 D5:0 D6:0 D7:0]
05-26 20:26:47.571     1     1 I (7)[1:swapper/0][AUTOK][HS400]======Cost: 6 ms======
05-26 20:26:47.571     1     1 I         : (7)[1:swapper/0]msdc fix vcore, PMIC_RG_BUCK_VCORE_VOSEL: 24
05-26 20:26:47.571     1     1 I         : (7)[1:swapper/0][AUTOK]eMMC HS400 Tune
05-26 20:26:47.573     1     1 I         : (7)[1:swapper/0][AUTOK]CMD 0 	 33 	 OOOOOOOOOOOOOOOOOOOOOOOOOOXXXOOOOOOOOOOOOOOOOOOOOOOOOOOOOOOOOOXX
05-26 20:26:47.575     1     1 I         : (7)[1:swapper/0][AUTOK]CMD 1 	 34 	 OOOOOOOOOXXOOOOOOOOOOOOOOOOOOOOOOOOOOOOOOOOOOXXXXXOOOOOOOOOOOOOO
05-26 20:26:47.575     1     1 I (7)[1:swapper/0][AUTOK]Analysis Result: 1T = 36
05-26 20:26:47.575     1     1 I         : (7)[1:swapper/0][AUTOK]device status 0x00000900
05-26 20:26:47.575    94    94 I         : (1)[94:pd_dbg_info]///PD dbg info 41d
05-26 20:26:47.575    94    94 W (1)[94:pd_dbg_info]<    0.653>TCPC-TYPEC: ** Unattached.SNK
05-26 20:26:47.577     1     1 I         : (7)[1:swapper/0][AUTOK]DLY1/2 0 	 16 	 XOOOOOOOOOOOOOOOOXXXXXXXXXXXXXXXXXXXXXXXXXXXXXXXXXXXXXXXXXXXXXXX
05-26 20:26:47.577     1     1 I (7)[1:swapper/0][AUTOK]CMD [EDGE: 0 CMD_FIFO_EDGE:0 DLY1:9 DLY2:0]
05-26 20:26:47.577     1     1 I (7)[1:swapper/0][AUTOK]DAT [RDAT_EDGE: 0 RD_FIFO_EDGE:0 WD_FIFO_EDGE:0]
05-26 20:26:47.577     1     1 I (7)[1:swapper/0][AUTOK]DAT [LATCH_CK: 0 DLY1:0 DLY2:0]
05-26 20:26:47.577     1     1 I (7)[1:swapper/0][AUTOK]DS  [DLY1: 8 DLY2:0 DLY3:20]
05-26 20:26:47.577     1     1 I         : (7)[1:swapper/0][AUTOK]CLK TX  [0]
05-26 20:26:47.577     1     1 I         : (7)[1:swapper/0][AUTOK]CMD TX  [0]
05-26 20:26:47.577     1     1 I         : (7)[1:swapper/0][AUTOK]DAT TX  [D0:0 D1:0 D2:0 D3:0]
05-26 20:26:47.577     1     1 I         : (7)[1:swapper/0][AUTOK]DAT TX  [D4:0 D5:0 D6:0 D7:0]
05-26 20:26:47.577     1     1 I (7)[1:swapper/0][AUTOK][HS400]======Cost: 6 ms======
05-26 20:26:47.577     1     1 I         : (7)[1:swapper/0]msdc fix vcore, PMIC_RG_BUCK_VCORE_VOSEL: 24
05-26 20:26:47.577     1     1 I         : (7)[1:swapper/0]skip duplicated vcore autok
05-26 20:26:47.577     1     1 I         : (7)[1:swapper/0][AUTOK]CMD 0 	 26 	 OOOOOOOOOOOOOOOOOOOOOOOOOOXXXOOXXXOOOOOXXOOOOOOOOOOOOOOOOOOOOOXX merge
05-26 20:26:47.577     1     1 I         : (7)[1:swapper/0][AUTOK]CMD 1 	 28 	 OOOOOOOOOXXXXOOXXOOOOOOOOOOOOOOOOOOOOOOOOOOOOXXXXXOOXXXOOOOOOOOO merge
05-26 20:26:47.577     1     1 I         : (7)[1:swapper/0][AUTOK]cmd edge = 1 cmd dly = 30 max win = 27
05-26 20:26:47.578     1     1 I         : (7)[1:swapper/0][AUTOK]dat dly = 0
05-26 20:26:47.578     1     1 I         : (7)[1:swapper/0][AUTOK]DLY1/2 	 15 	 XXOOOOOOOOOOOOOOOXXXXXXXXXXXXXXXXXXXXXXXXXXXXXXXXXXXXXXXXXXXXXXX merge
05-26 20:26:47.578     1     1 I         : (7)[1:swapper/0][AUTOK]DS dly = 9
05-26 20:26:47.578     1     1 I (7)[1:swapper/0][AUTOK][merge]======Time Cost: 0 ms======
05-26 20:26:47.578     1     1 I         : (7)[1:swapper/0][AUTOK]merge_value = 27
05-26 20:26:47.578     1     1 I         : (7)[1:swapper/0][AUTOK]merge_value = 14
05-26 20:26:47.578     1     1 I         : (7)[1:swapper/0][AUTOK]No need change para when dvfs
05-26 20:26:47.578     1     1 I         : (7)[1:swapper/0]EMMC autok done: Yes
05-26 20:26:47.578     1     1 I         : (7)[1:swapper/0]sd autok
05-26 20:26:47.578     1     1 I         : (7)[1:swapper/0]SD autok done: Yes
05-26 20:26:47.578     1     1 I         : (7)[1:swapper/0]SDIO autok done: Yes
05-26 20:26:47.578     1     1 I (7)[1:swapper/0][mmdvfs]mmdvfs_autok_qos_enable: step_size=3 current_max_step=2
05-26 20:26:47.578     1     1 I         : (7)[1:swapper/0][mmdvfs]mmdvfs_autok enabled? 1
05-26 20:26:47.578     1     1 I         : (7)[1:swapper/0][mmdvfs]mmdvfs service is enabled after calibration
05-26 20:26:47.578     1     1 I (7)[1:swapper/0]helio_dvfsrc_probe: init done
05-26 20:26:47.578     1     1 I         : (7)[1:swapper/0]ALSA device list:
05-26 20:26:47.578     1     1 I (7)[1:swapper/0]  #0: mt6768-mt6358
05-26 20:26:47.579     1     1 I         : (7)[1:swapper/0]Freeing unused kernel memory: 5248K
05-26 20:26:47.582     1     1 I (7)[1:init]: init first stage started!
05-26 20:26:47.582     1     1 I (7)[1:init]: Unable to open /lib/modules, skipping module loading.
05-26 20:26:47.582     1     1 I (7)[1:init]: Copied ramdisk prop to /second_stage_resources/system/etc/ramdisk/build.prop
05-26 20:26:47.583     1     1 I (7)[1:init]: [libfs_mgr]ReadFstabFromDt(): failed to read fstab from dt
05-26 20:26:47.583     1     1 W (7)[1:init]: [libfs_mgr]Warning: unknown flag: resize
05-26 20:26:47.583     1     1 I (7)[1:init]: Using Android DT directory /proc/device-tree/firmware/android/
05-26 20:26:47.594   260   260 I (6)[260:dc_trim_thread]mt6358-sound mt6358_snd: stop_trim_hardware(), ++
05-26 20:26:47.598   260   260 I (6)[260:dc_trim_thread]mt6358-sound mt6358_snd: headset_volume_ramp(), from 8, to 18
05-26 20:26:47.602     1     1 I (7)[1:init]: AVB is not enabled, skip verity setup for '/metadata'
05-26 20:26:47.603     1     1 I (7)[1:init]: [libfs_mgr]superblock s_max_mnt_count:65535,/dev/block/platform/bootdevice/by-name/md_udc
05-26 20:26:47.603   239   239 I         : (3)[239:tcpc_timer_type]pd_tcp_notifier_call ext discharge = 0
05-26 20:26:47.603   239   239 I (3)[239:tcpc_timer_type]rt9467 7-005b: rt9467_enable_discharge: en = 0
05-26 20:26:47.605     1     1 I (7)[1:init]EXT4-fs (mmcblk0p10): mounted filesystem with ordered data mode. Opts: discard
05-26 20:26:47.605     1     1 I (7)[1:init]: [libfs_mgr]__mount(source=/dev/block/platform/bootdevice/by-name/md_udc,target=/metadata,type=ext4)=0: Success
05-26 20:26:47.609     1     1 I (7)[1:init]: [libfs_mgr]Created logical partition system on device /dev/block/dm-0
05-26 20:26:47.615     1     1 I (7)[1:init]EXT4-fs (dm-0): mounted filesystem without journal. Opts:
05-26 20:26:47.619     1     1 I (7)[1:init]EXT4-fs (dm-1): mounted filesystem without journal. Opts:
05-26 20:26:47.621     1     1 I (7)[1:init]EXT4-fs (dm-2): mounted filesystem without journal. Opts:
05-26 20:26:47.622   260   260 I (6)[260:dc_trim_thread]mt6358-sound mt6358_snd: stop_trim_hardware(), --
05-26 20:26:47.622   260   260 I (6)[260:dc_trim_thread]mt6358-sound mt6358_snd: calculate_trim_result(), offset diff = 35, on = 27794, off = 27759
05-26 20:26:47.622   260   260 I (6)[260:dc_trim_thread]mt6358-sound mt6358_snd: calculate_trim_result(), offset diff = 37, on = 27797, off = 27760
05-26 20:26:47.622   260   260 I (6)[260:dc_trim_thread]mt6358-sound mt6358_snd: calculate_trim_result(), offset diff = 38, on = 27798, off = 27760
05-26 20:26:47.622   260   260 I (6)[260:dc_trim_thread]mt6358-sound mt6358_snd: calculate_trim_result(), offset diff = 39, on = 27800, off = 27761
05-26 20:26:47.622   260   260 I (6)[260:dc_trim_thread]mt6358-sound mt6358_snd: calculate_trim_result(), offset diff = 35, on = 27800, off = 27765
05-26 20:26:47.622   260   260 I (6)[260:dc_trim_thread]mt6358-sound mt6358_snd: calculate_trim_result(), offset diff = 64, on = 27822, off = 27758
05-26 20:26:47.622   260   260 I (6)[260:dc_trim_thread]mt6358-sound mt6358_snd: calculate_trim_result(), offset diff = 65, on = 27824, off = 27759
05-26 20:26:47.622   260   260 I (6)[260:dc_trim_thread]mt6358-sound mt6358_snd: calculate_trim_result(), offset diff = 65, on = 27825, off = 27760
05-26 20:26:47.622   260   260 I (6)[260:dc_trim_thread]mt6358-sound mt6358_snd: calculate_trim_result(), offset diff = 67, on = 27827, off = 27760
05-26 20:26:47.622   260   260 I (6)[260:dc_trim_thread]mt6358-sound mt6358_snd: calculate_trim_result(), offset diff = 73, on = 27834, off = 27761
05-26 20:26:47.622   260   260 I (6)[260:dc_trim_thread]mt6358-sound mt6358_snd: hp_trim_offset(), trim offset L = 37, trim offset R = 67
05-26 20:26:47.627     1     1 W (7)[1:init]: 21 output lines suppressed due to ratelimiting
05-26 20:26:47.632   260   260 I (6)[260:dc_trim_thread]mt6358-sound mt6358_snd: set_lr_trim_code(), step1 > 0 set 4 level AUDDEC_ELR_0 = 0x1022, trimcode(L/R) = 0 / 0
05-26 20:26:47.632   260   260 I (6)[260:dc_trim_thread]mt6358-sound mt6358_snd: start_trim_hardware(), ++
05-26 20:26:47.653   260   260 I (6)[260:dc_trim_thread]mt6358-sound mt6358_snd: headset_volume_ramp(), from 18, to 8
05-26 20:26:47.661   260   260 I (6)[260:dc_trim_thread]mt6358-sound mt6358_snd: start_trim_hardware(), --
05-26 20:26:47.698     1     1 W (7)[1:init]: [libfs_mgr]Warning: unknown flag: resize
05-26 20:26:47.698     1     1 W (7)[1:init]: DM_DEV_STATUS failed for system_ext: No such device or address
05-26 20:26:47.698     1     1 E (7)[1:init]: Could not update logical partition
05-26 20:26:47.699     1     1 I (7)[1:init]: Opening SELinux policy
05-26 20:26:47.699     1     1 I (7)[1:init]: Error: Apex SEPolicy failed signature check
05-26 20:26:47.699     1     1 I (7)[1:init]: Loading APEX Sepolicy from /system/etc/selinux/apex/SEPolicy.zip
05-26 20:26:47.699     1     1 E (7)[1:init]: Failed to open package /system/etc/selinux/apex/SEPolicy.zip: No such file or directory
05-26 20:26:47.706     1     1 I (7)[1:init]: Loading SELinux policy
05-26 20:26:47.708     1     1 D (7)[1:init]SELinux: 16384 avtab hash slots, 59661 rules.
05-26 20:26:47.724     1     1 D (7)[1:init]SELinux: 16384 avtab hash slots, 59661 rules.
05-26 20:26:47.724     1     1 D (7)[1:init]SELinux: 1 users, 4 roles, 3620 types, 0 bools, 1 sens, 1024 cats
05-26 20:26:47.724     1     1 D (7)[1:init]SELinux: 103 classes, 59661 rules
05-26 20:26:47.738     1     1 I (7)[1:init]SELinux: policy capability network_peer_controls=1
05-26 20:26:47.738     1     1 I (7)[1:init]SELinux: policy capability open_perms=1
05-26 20:26:47.738     1     1 I (7)[1:init]SELinux: policy capability extended_socket_class=1
05-26 20:26:47.738     1     1 I (7)[1:init]SELinux: policy capability always_check_network=0
05-26 20:26:47.738     1     1 I (7)[1:init]SELinux: policy capability cgroup_seclabel=0
05-26 20:26:47.738     1     1 I (7)[1:init]SELinux: policy capability nnp_nosuid_transition=1
05-26 20:26:47.738     1     1 D (7)[1:init]SELinux: Completing initialization.
05-26 20:26:47.738     1     1 D (7)[1:init]SELinux: Setting up existing superblocks.
05-26 20:26:47.767   260   260 I (6)[260:dc_trim_thread]mt6358-sound mt6358_snd: stop_trim_hardware(), ++
05-26 20:26:47.771   260   260 I (6)[260:dc_trim_thread]mt6358-sound mt6358_snd: headset_volume_ramp(), from 8, to 18
05-26 20:26:47.777    48    48 I (6)[48:kworker/6:1]rt9467 7-005b: rt9467_dump_register: ICHG = 2000mA, AICR = 500mA, MIVR = 4400mV, IEOC = 250mA, CV = 4400mV
05-26 20:26:47.777    48    48 I (6)[48:kworker/6:1]rt9467 7-005b: rt9467_dump_register: VSYS = 3595mV, VBAT = 3620mV, IBAT = 0mA, IBUS = 0mA, VBUS = 0mV
05-26 20:26:47.777    48    48 I (6)[48:kworker/6:1]rt9467 7-005b: rt9467_dump_register: CHG_EN = 1, CHG_STATUS = ready, CHG_STAT = 0x00
05-26 20:26:47.777    48    48 I (6)[48:kworker/6:1]rt9467 7-005b: rt9467_dump_register: CHG_CTRL1 = 0x10, CHG_CTRL2 = 0x1B
05-26 20:26:47.779   258   258 I (0)[258:kworker/u16:3][MUSB]do_register_otg_work 65: register OTG <00000000f91bee4a> ok
05-26 20:26:47.794   260   260 I (6)[260:dc_trim_thread]mt6358-sound mt6358_snd: stop_trim_hardware(), --
05-26 20:26:47.794   260   260 I (6)[260:dc_trim_thread]mt6358-sound mt6358_snd: calculate_trim_result(), offset diff = -142, on = 27621, off = 27763
05-26 20:26:47.794   260   260 I (6)[260:dc_trim_thread]mt6358-sound mt6358_snd: calculate_trim_result(), offset diff = -140, on = 27624, off = 27764
05-26 20:26:47.794   260   260 I (6)[260:dc_trim_thread]mt6358-sound mt6358_snd: calculate_trim_result(), offset diff = -142, on = 27624, off = 27766
05-26 20:26:47.794   260   260 I (6)[260:dc_trim_thread]mt6358-sound mt6358_snd: calculate_trim_result(), offset diff = -141, on = 27626, off = 27767
05-26 20:26:47.794   260   260 I (6)[260:dc_trim_thread]mt6358-sound mt6358_snd: calculate_trim_result(), offset diff = -144, on = 27627, off = 27771
05-26 20:26:47.794   260   260 I (6)[260:dc_trim_thread]mt6358-sound mt6358_snd: calculate_trim_result(), offset diff = -113, on = 27650, off = 27763
05-26 20:26:47.794   260   260 I (6)[260:dc_trim_thread]mt6358-sound mt6358_snd: calculate_trim_result(), offset diff = -110, on = 27654, off = 27764
05-26 20:26:47.794   260   260 I (6)[260:dc_trim_thread]mt6358-sound mt6358_snd: calculate_trim_result(), offset diff = -110, on = 27655, off = 27765
05-26 20:26:47.794   260   260 I (6)[260:dc_trim_thread]mt6358-sound mt6358_snd: calculate_trim_result(), offset diff = -108, on = 27657, off = 27765
05-26 20:26:47.794   260   260 I (6)[260:dc_trim_thread]mt6358-sound mt6358_snd: calculate_trim_result(), offset diff = -110, on = 27657, off = 27767
05-26 20:26:47.794   260   260 I (6)[260:dc_trim_thread]mt6358-sound mt6358_snd: hp_trim_offset(), trim offset L = -142, trim offset R = -110
05-26 20:26:47.804   260   260 I (6)[260:dc_trim_thread]mt6358-sound mt6358_snd: set_lr_trim_code(), step1 floor AUDDEC_ELR_0 = 0x1010, trimcode(L/R) = 0 / 1
05-26 20:26:47.804   260   260 I (6)[260:dc_trim_thread]mt6358-sound mt6358_snd: start_trim_hardware(), ++
05-26 20:26:47.824   260   260 I (6)[260:dc_trim_thread]mt6358-sound mt6358_snd: headset_volume_ramp(), from 18, to 8
05-26 20:26:47.832   260   260 I (6)[260:dc_trim_thread]mt6358-sound mt6358_snd: start_trim_hardware(), --
05-26 20:26:47.846    48    48 I         : (6)[48:kworker/6:1][Power/PPM] (0x0)(-1)(0)(0-7)(15)(0)(6)(6) (15)(0)(2)(2)
05-26 20:26:47.897     1     1 I (6)[1:init]: init second stage started!
05-26 20:26:47.907   260   260 I         : -(7)[260:dc_trim_thread]nano_ipi_start notify
05-26 20:26:47.908    46    46 I         : (7)[46:kworker/7:0][ALS/PS] alspshub_init_done_work first_ready_after_boot = 0 +
05-26 20:26:47.908   317   317 I         : (7)[317:kworker/7:2][Gsensor] scp_init_work_done first_ready_after_boot = 0 +
05-26 20:26:47.909   318   318 I         : (7)[318:kworker/7:3][Msensor] scp_init_work_done first_ready_after_boot = 0 +
05-26 20:26:47.910   195   195 I         : (1)[195:scp_power_reset][sensorHub] [sensorHub] sensor_send_dram_info_to_hub success
05-26 20:26:47.911    46    46 E (7)[46:kworker/7:0][sensorHub] sensor: 7 chip:stk3a5x id:0-0046  more:alsps vendor:Sensortek
05-26 20:26:47.911    46    46 I         : (7)[46:kworker/7:0][ALS/PS] sensorHub_get_hardware_info ID_PROXIMITY ok
05-26 20:26:47.911    46    46 I         : (7)[46:kworker/7:0][ALS/PS] alspshub_init_done_work first_ready_after_boot = 1 -
05-26 20:26:47.911   249   249 E (0)[249:kworker/u16:2][SCP] scp_ipi_send: SCP A 8 mutex busy, owner=8
05-26 20:26:47.911   249   249 E (0)[249:kworker/u16:2][SCP] scp_ipi_send: SCP A 8 mutex busy, owner=24
05-26 20:26:47.913   317   317 E (7)[317:kworker/7:2][sensorHub] sensor: 0 chip:icm4x6xx id:spi1 more:accelerometer vendor:TDK
05-26 20:26:47.913   317   317 I         : (7)[317:kworker/7:2][Gsensor] sensorHub_get_hardware_info ID_ACCELEROMETER ok
05-26 20:26:47.913   317   317 I         : (7)[317:kworker/7:2][Gsensor] scp_init_work_done first_ready_after_boot = 1 -
05-26 20:26:47.914   318   318 E (7)[318:kworker/7:3][sensorHub] sensor: 1 chip:qmc6308 id:0-002c  more:magnetometer vendor:qmc
05-26 20:26:47.914   318   318 I         : (7)[318:kworker/7:3][Msensor] sensorHub_get_hardware_info ID_MAGNETIC ok
05-26 20:26:47.914   318   318 I         : (7)[318:kworker/7:3][Msensor] scp_init_work_done first_ready_after_boot = 1 -
05-26 20:26:47.914    54    54 E         : (7)[54:kworker/7:1][sensorHub] scp_sensorHub_req_send fail!
05-26 20:26:47.914    54    54 E         : (7)[54:kworker/7:1]<SEN_LIST> sensor(5) not register
05-26 20:26:47.914    54    54 E         : (7)[54:kworker/7:1][sensorHub] scp_sensorHub_req_send fail!
05-26 20:26:47.914    54    54 E         : (7)[54:kworker/7:1]<SEN_LIST> sensor(71) not register
05-26 20:26:47.939     1     1 I (6)[1:init]: Using Android DT directory /proc/device-tree/firmware/android/
05-26 20:26:47.940   260   260 I (7)[260:dc_trim_thread]mt6358-sound mt6358_snd: stop_trim_hardware(), ++
05-26 20:26:47.940     1     1 E (6)[1:init]: Init cannot set 'ro.boot.serialno' to '4P7XORXCGAY5LNLB': Read-only property was already set
05-26 20:26:47.943     1     1 W (6)[1:init]: Couldn't load property file '/system_dlkm/etc/build.prop': open() failed: No such file or directory: No such file or directory
05-26 20:26:47.943     1     1 W (6)[1:init]: Couldn't load property file '/vendor/default.prop': open() failed: No such file or directory: No such file or directory
05-26 20:26:47.944     1     1 E (6)[1:init]: Do not have permissions to set 'ro.audio.silent' to '0' in property file '/vendor/build.prop': SELinux permission check failed
05-26 20:26:47.944     1     1 E (6)[1:init]: Do not have permissions to set 'bluetooth.enable_timeout_ms' to '8000' in property file '/vendor/build.prop': SELinux permission check failed
05-26 20:26:47.944   260   260 I (7)[260:dc_trim_thread]mt6358-sound mt6358_snd: headset_volume_ramp(), from 8, to 18
05-26 20:26:47.944     1     1 E (6)[1:init]: Do not have permissions to set 'ro.camera.sound.forced' to '0' in property file '/vendor/build.prop': SELinux permission check failed
05-26 20:26:47.944     1     1 E (6)[1:init]: Do not have permissions to set 'ro.mtk_cam_stereo_camera_support' to '1' in property file '/vendor/build.prop': SELinux permission check failed
05-26 20:26:47.945     1     1 E (6)[1:init]: Do not have permissions to set 'mediatek.wlan.ctia' to '0' in property file '/vendor/build.prop': SELinux permission check failed
05-26 20:26:47.966   260   260 I (7)[260:dc_trim_thread]mt6358-sound mt6358_snd: stop_trim_hardware(), --
05-26 20:26:47.966   260   260 I (7)[260:dc_trim_thread]mt6358-sound mt6358_snd: calculate_trim_result(), offset diff = 40, on = 27812, off = 27772
05-26 20:26:47.966   260   260 I (7)[260:dc_trim_thread]mt6358-sound mt6358_snd: calculate_trim_result(), offset diff = 40, on = 27813, off = 27773
05-26 20:26:47.966   260   260 I (7)[260:dc_trim_thread]mt6358-sound mt6358_snd: calculate_trim_result(), offset diff = 37, on = 27813, off = 27776
05-26 20:26:47.966   260   260 I (7)[260:dc_trim_thread]mt6358-sound mt6358_snd: calculate_trim_result(), offset diff = 36, on = 27814, off = 27778
05-26 20:26:47.966   260   260 I (7)[260:dc_trim_thread]mt6358-sound mt6358_snd: calculate_trim_result(), offset diff = 40, on = 27818, off = 27778
05-26 20:26:47.966   260   260 I (7)[260:dc_trim_thread]mt6358-sound mt6358_snd: calculate_trim_result(), offset diff = 16, on = 27783, off = 27767
05-26 20:26:47.966   260   260 I (7)[260:dc_trim_thread]mt6358-sound mt6358_snd: calculate_trim_result(), offset diff = 14, on = 27783, off = 27769
05-26 20:26:47.966   260   260 I (7)[260:dc_trim_thread]mt6358-sound mt6358_snd: calculate_trim_result(), offset diff = 16, on = 27785, off = 27769
05-26 20:26:47.966   260   260 I (7)[260:dc_trim_thread]mt6358-sound mt6358_snd: calculate_trim_result(), offset diff = 15, on = 27785, off = 27770
05-26 20:26:47.966   260   260 I (7)[260:dc_trim_thread]mt6358-sound mt6358_snd: calculate_trim_result(), offset diff = 17, on = 27789, off = 27772
05-26 20:26:47.966   260   260 I (7)[260:dc_trim_thread]mt6358-sound mt6358_snd: hp_trim_offset(), trim offset L = 39, trim offset R = 16
05-26 20:26:47.976   260   260 I (7)[260:dc_trim_thread]mt6358-sound mt6358_snd: set_lr_trim_code(), step1 ceiling AUDDEC_ELR_0 = 0x1021, trimcode(L/R) = 1 / 2
05-26 20:26:47.976   260   260 I (7)[260:dc_trim_thread]mt6358-sound mt6358_snd: start_trim_hardware(), ++
05-26 20:26:47.996   260   260 I (7)[260:dc_trim_thread]mt6358-sound mt6358_snd: headset_volume_ramp(), from 18, to 8
05-26 20:26:48.007   260   260 I (7)[260:dc_trim_thread]mt6358-sound mt6358_snd: start_trim_hardware(), --
05-26 20:26:48.049     1     1 E (6)[1:init]cgroup: cgroup2: unknown option "memory_recursiveprot"
05-26 20:26:48.072    54    54 I         : (7)[54:kworker/7:1][msdc]cache(0x940000~0xA18000, usrdata(0xA18000~0x745E7C0)
05-26 20:26:48.072   259   259 W (0)[259:kworker/u16:4]fts_ts spi1.0: Direct firmware load for focaltech_ts_fw_.bin failed with error -2
05-26 20:26:48.072   259   259 W (0)[259:kworker/u16:4]fts_ts spi1.0: Falling back to user helper
05-26 20:26:48.113   260   260 I (7)[260:dc_trim_thread]mt6358-sound mt6358_snd: stop_trim_hardware(), ++
05-26 20:26:48.118   260   260 I (0)[260:dc_trim_thread]mt6358-sound mt6358_snd: headset_volume_ramp(), from 8, to 18
05-26 20:26:48.140   260   260 I (7)[260:dc_trim_thread]mt6358-sound mt6358_snd: stop_trim_hardware(), --
05-26 20:26:48.140   260   260 I (7)[260:dc_trim_thread]mt6358-sound mt6358_snd: calculate_trim_result(), offset diff = -23, on = 27748, off = 27771
05-26 20:26:48.140   260   260 I (7)[260:dc_trim_thread]mt6358-sound mt6358_snd: calculate_trim_result(), offset diff = -25, on = 27749, off = 27774
05-26 20:26:48.140   260   260 I (7)[260:dc_trim_thread]mt6358-sound mt6358_snd: calculate_trim_result(), offset diff = -24, on = 27751, off = 27775
05-26 20:26:48.140   260   260 I (7)[260:dc_trim_thread]mt6358-sound mt6358_snd: calculate_trim_result(), offset diff = -24, on = 27751, off = 27775
05-26 20:26:48.140   260   260 I (7)[260:dc_trim_thread]mt6358-sound mt6358_snd: calculate_trim_result(), offset diff = -22, on = 27754, off = 27776
05-26 20:26:48.140   260   260 I (7)[260:dc_trim_thread]mt6358-sound mt6358_snd: calculate_trim_result(), offset diff = -109, on = 27661, off = 27770
05-26 20:26:48.140   260   260 I (7)[260:dc_trim_thread]mt6358-sound mt6358_snd: calculate_trim_result(), offset diff = -107, on = 27663, off = 27770
05-26 20:26:48.140   260   260 I (7)[260:dc_trim_thread]mt6358-sound mt6358_snd: calculate_trim_result(), offset diff = -108, on = 27663, off = 27771
05-26 20:26:48.140   260   260 I (7)[260:dc_trim_thread]mt6358-sound mt6358_snd: calculate_trim_result(), offset diff = -105, on = 27666, off = 27771
05-26 20:26:48.140   260   260 I (7)[260:dc_trim_thread]mt6358-sound mt6358_snd: calculate_trim_result(), offset diff = -106, on = 27667, off = 27773
05-26 20:26:48.140   260   260 I (7)[260:dc_trim_thread]mt6358-sound mt6358_snd: hp_trim_offset(), trim offset L = -24, trim offset R = -107
05-26 20:26:48.150   260   260 I (7)[260:dc_trim_thread]mt6358-sound mt6358_snd: set_lr_trim_code(), step1 result: AUDDEC_ELR_0 = 0x1011, hp_base(L/R) = -24 / 16, trimcode(L/R) = 1 / 1
05-26 20:26:48.160   260   260 I (7)[260:dc_trim_thread]mt6358-sound mt6358_snd: set_lr_trim_code(), step2 > 0, AUDDEC_ELR_0 = 0x1021, trimcode_tmp = 2
05-26 20:26:48.160   260   260 I (7)[260:dc_trim_thread]mt6358-sound mt6358_snd: start_trim_hardware(), ++
05-26 20:26:48.180   260   260 I (7)[260:dc_trim_thread]mt6358-sound mt6358_snd: headset_volume_ramp(), from 18, to 8
05-26 20:26:48.189   260   260 I (7)[260:dc_trim_thread]mt6358-sound mt6358_snd: start_trim_hardware(), --
05-26 20:26:48.201   260   260 W -(7)[260:dc_trim_thread]mt635x_auxadc_read_raw: 116 callbacks suppressed
05-26 20:26:48.201   260   260 I (7)[260:dc_trim_thread]mt635x-auxadc mt635x-auxadc: name:HPOFS_CAL, channel=9, adc_out=0x6c6a, adc_result=27754
05-26 20:26:48.203   260   260 I (7)[260:dc_trim_thread]mt635x-auxadc mt635x-auxadc: name:HPOFS_CAL, channel=9, adc_out=0x6c6e, adc_result=27758
05-26 20:26:48.206   260   260 I (7)[260:dc_trim_thread]mt635x-auxadc mt635x-auxadc: name:HPOFS_CAL, channel=9, adc_out=0x6c6a, adc_result=27754
05-26 20:26:48.209   260   260 I (7)[260:dc_trim_thread]mt635x-auxadc mt635x-auxadc: name:HPOFS_CAL, channel=9, adc_out=0x6c69, adc_result=27753
05-26 20:26:48.211   260   260 I (7)[260:dc_trim_thread]mt635x-auxadc mt635x-auxadc: name:HPOFS_CAL, channel=9, adc_out=0x6c70, adc_result=27760
05-26 20:26:48.222   249   249 I         : (7)[249:kworker/u16:2][CH3_DBG] bat_cur = -11390
05-26 20:26:48.272   249   249 W (1)[249:kworker/u16:2]FG_CW2015: get_charge_state : ac_online = 0    usb_online = 0
05-26 20:26:48.272   249   249 W (1)[249:kworker/u16:2]FG_CW2015: cw_bat_work : charger_mod = 0, status = 2, capacity = 37, voltage = 3631
05-26 20:26:48.370   260   260 I (6)[260:dc_trim_thread]mt6358-sound mt6358_snd: stop_trim_hardware(), ++
05-26 20:26:48.375   260   260 I (6)[260:dc_trim_thread]mt6358-sound mt6358_snd: headset_volume_ramp(), from 8, to 18
05-26 20:26:48.397   260   260 I (5)[260:dc_trim_thread]mt6358-sound mt6358_snd: stop_trim_hardware(), --
05-26 20:26:48.397   260   260 I (5)[260:dc_trim_thread]mt6358-sound mt6358_snd: calculate_trim_result(), offset diff = -20, on = 27753, off = 27773
05-26 20:26:48.397   260   260 I (5)[260:dc_trim_thread]mt6358-sound mt6358_snd: calculate_trim_result(), offset diff = -23, on = 27754, off = 27777
05-26 20:26:48.397   260   260 I (5)[260:dc_trim_thread]mt6358-sound mt6358_snd: calculate_trim_result(), offset diff = -23, on = 27754, off = 27777
