05-20 00:32:21.904    94    94 I         : .(6)[94:pd_dbg_info]///PD dbg info 125d
05-20 00:32:21.905   238   238 I -(0)[238:gauge_coulomb_t]mt6358_misc: mtk_rtc_set_spare_register: cmd[0], set rg[0x2a, 0xff , 8] = 0xbe
05-20 00:32:21.905    94    94 W .(6)[94:pd_dbg_info]<  202.158>TCPC-TCPC: bat_update_work_func battery update soc = 58
05-20 00:32:21.905     0     0 W <  202.158>TCPC-TCPC: bat_update_work_func Battery Charging
05-20 00:32:21.909   238   238 I         : .(6)[238:gauge_coulomb_t][fg_set_rtc_ui_soc] rtc_ui_soc 62 spare3_reg 0xbd new_spare3_reg 0xbe
05-20 00:32:21.910   238   238 I         : .(6)[238:gauge_coulomb_t][fr] BATTERY_METER_CMD_SET_RTC_UI_SOC=62
05-20 00:32:21.911   238   238 I         : .(6)[238:gauge_coulomb_t]send_to_kernel=FG_DAEMON_CMD_SET_RTC_UI_SOC 62 62
05-20 00:32:21.912   238   238 I         : .(6)[238:gauge_coulomb_t][fg_res] FG_DAEMON_CMD_SET_CON0_SOC = 6114
05-20 00:32:21.913   238   238 I         : .(6)[238:gauge_coulomb_t]send_to_kernel=FG_DAEMON_CMD_SET_CON0_SOC 6114 6114
05-20 00:32:21.914   238   238 I .(6)[238:gauge_coulomb_t]get_shutdown_cond ret: 0 0 0 0 vbat:4033
05-20 00:32:21.915   238   238 I .(6)[238:gauge_coulomb_t][FGADC_intr_end][FG_INTR_COULOMB_HT]soc: 6114, c_soc:6114 ui_soc:6173 VBAT 40330 T:[39 C:39] car:289
05-20 00:32:21.917   238   238 I         : .(6)[238:gauge_coulomb_t][wakeup_fg_algo_recovery] intr_num=0x20
05-20 00:32:21.918   238   238 I .(6)[238:gauge_coulomb_t]gauge_set_coulomb_interrupt1_ht: 144
05-20 00:32:21.919   238   238 I         : .(6)[238:gauge_coulomb_t][pmic_enable_interrupt] intNo=85, en=0, depth=1
05-20 00:32:21.920   238   238 I .(6)[238:gauge_coulomb_t][gauge_enable_interrupt]intr_number: 85 359 en = 0, depth b[0],a[1]
05-20 00:32:21.922   238   238 I         : .(6)[238:gauge_coulomb_t][pmic_enable_interrupt] intNo=85, en=1, depth=0
05-20 00:32:21.923   238   238 I .(6)[238:gauge_coulomb_t][gauge_enable_interrupt]intr_number: 85 359 en = 1, depth b[1],a[0]
05-20 00:32:21.924   238   238 I .(6)[238:gauge_coulomb_t][fgauge_set_coulomb_interrupt1_ht] high: 0x7b2e 0xc car_value:144 car:546181
05-20 00:32:21.925   238   238 I .(6)[238:gauge_coulomb_t]gauge_set_coulomb_interrupt1_lt: 143
05-20 00:32:21.927   238   238 I         : .(6)[238:gauge_coulomb_t][pmic_enable_interrupt] intNo=86, en=0, depth=1
05-20 00:32:21.928   238   238 I .(6)[238:gauge_coulomb_t][gauge_enable_interrupt]intr_number: 86 360 en = 0, depth b[0],a[1]
05-20 00:32:21.930   238   238 I         : .(6)[238:gauge_coulomb_t][pmic_enable_interrupt] intNo=86, en=1, depth=0
05-20 00:32:21.931   238   238 I .(6)[238:gauge_coulomb_t][gauge_enable_interrupt]intr_number: 86 360 en = 1, depth b[1],a[0]
05-20 00:32:21.932   238   238 I .(6)[238:gauge_coulomb_t][fgauge_set_coulomb_interrupt1_lt] low: 0x373b 0x4 car_value:143 car:546181
05-20 00:32:22.202     0     0 W         : -(0)[0:swapper/0][name:bc&]tick broadcast enter counter cpu: 958, 818, 345, 173, 150, 26, 96, 48, success counter cpu: 188, 295, 80, 12, 9, 0, 1, 0, fail counter cpu: 0, 0, 0, 0, 0, 0, 0, 0, interrupt counter cpu: 428, 534, 165, 41, 22, 0, 12, 0, o: 1-7, p: , f: 0, t:  202452256781, 202465175781, 202454330319, 204176138241, 204181902164, 204176136164, 202748000000, 202460749165,
05-20 00:32:22.320     0     0 W -(0)[0:swapper/0][name:spm&]Power/swap CNT(IdleDram): [0] = (0), [1] = (0), [2] = (0), [3] = (0), [4] = (0), [5] = (0), [6] = (0), [7] = (0),
05-20 00:32:22.320     0     0 W -(0)[0:swapper/0][name:spm&]Power/swap IdleDram_block_cnt: [BY_FRM] = 1463,
05-20 00:32:22.320     0     0 W -(0)[0:swapper/0][name:spm&]Power/swap IdleDram_block_mask: 0x00000000, 0x00000000, 0x00000000, 0x00000000, 0x00000000, 0x00000000, idle_pll_block_mask: 0x00000000
05-20 00:32:22.320     0     0 W -(0)[0:swapper/0][name:spm&][resource_req_block] user: 0x4, 0x0
05-20 00:32:22.722    48    48 I         : .(0)[48:kworker/0:1]MTP, <do_monitor_work(), 1802> IN <9871 19739 0 0 9871 9871 19739 0 0 >
05-20 00:32:22.723    48    48 I         : .(0)[48:kworker/0:1]MTP, <do_monitor_work(), 1807> OUT <9870 19739 0 0 9871 9870 19739 0 0 >
05-20 00:32:22.886   323   323 I .(7)[323:recovery]mtk-tpd: [tpd_fb_notifier_callback:434] tpd_fb_notifier_callback
05-20 00:32:22.919   323   323 I .(7)[323:recovery]mtk-tpd: [tpd_fb_notifier_callback:434] tpd_fb_notifier_callback
05-20 00:32:22.924    95    95 I         : .(0)[95:kworker/u16:1][pmic_enable_interrupt] intNo=44, en=1, depth=0
05-20 00:32:22.952   323   323 I .(7)[323:recovery]mtk-tpd: [tpd_fb_notifier_callback:434] tpd_fb_notifier_callback
05-20 00:32:22.961    95    95 I         : .(0)[95:kworker/u16:1][pmic_enable_interrupt] intNo=44, en=0, depth=1
05-20 00:32:22.978   344   344 I         : .(2)[344:kworker/2:2]usb_state<CONFIGURED>
05-20 00:32:22.986   323   323 I .(7)[323:recovery]mtk-tpd: [tpd_fb_notifier_callback:434] tpd_fb_notifier_callback
05-20 00:32:23.019   323   323 I .(7)[323:recovery]mtk-tpd: [tpd_fb_notifier_callback:434] tpd_fb_notifier_callback
05-20 00:32:23.059     0     0 W .(2)[0:swapper/2][name:spm&]Power/swap IdleBus26m: No enter --- IdleSyspll: No enter --- IdleDram: No enter ---
05-20 00:32:23.061     0     0 W .(2)[0:swapper/2][mcdi]mcdi cpu: 951, 751, 406, 150, 105, 24, 71, 56, cluster : 0, pause = 0, multi core = 0, latency = 0, residency = 575, last core = 735, avail cpu = 00ff, cluster = 0001, enabled = 1, max_s_state = 5, system_idle_hint = 00000000
05-20 00:32:23.234    95    95 I         : .(0)[95:kworker/u16:1][fgauge_read_current] final current=3860 (ratio=1000)
05-20 00:32:23.235    95    95 I         : .(0)[95:kworker/u16:1][CH3_DBG] bat_cur = 3860
05-20 00:32:23.237    95    95 W -(0)[95:kworker/u16:1]mt635x_auxadc_read_raw: 1 callbacks suppressed
05-20 00:32:23.237    95    95 I .(0)[95:kworker/u16:1]mt635x-auxadc mt635x-auxadc: name:BAT_TEMP, channel=3, adc_out=0x27e, adc_result=560
05-20 00:32:23.240    95    95 I         : .(0)[95:kworker/u16:1][fgauge_read_current] final current=3841 (ratio=1000)
05-20 00:32:23.241    95    95 I         : .(0)[95:kworker/u16:1][BattVoltToTemp] 557 24000 2804 -3
05-20 00:32:23.242    95    95 I         : .(0)[95:kworker/u16:1][force_get_tbat] 560,557,1,384,0,394 r:100 0 0
05-20 00:32:23.243    95    95 I .(0)[95:kworker/u16:1][force_get_tbat] t: 39 precise:394
05-20 00:32:23.490    95    95 I .(0)[95:kworker/u16:1]mt635x-auxadc mt635x-auxadc: name:VPROC_TEMP, channel=4, adc_out=0x5d0, adc_result=653
05-20 00:32:23.746    48    48 I         : .(0)[48:kworker/0:1]MTP, <do_monitor_work(), 1802> IN <9871 19739 0 0 9871 9871 19739 0 0 >
05-20 00:32:23.746    95    95 I .(1)[95:kworker/u16:1]mt635x-auxadc mt635x-auxadc: name:VGPU_TEMP, channel=4, adc_out=0x5cf, adc_result=653
05-20 00:32:23.747    48    48 I         : .(0)[48:kworker/0:1]MTP, <do_monitor_work(), 1807> OUT <9870 19739 0 0 9871 9870 19739 0 0 >
05-20 00:32:23.834     0     0 I         : .(2)[280:wdtk-2][wdk-c] cpu=2,lbit=0x4,cbit=0xff,0,1,3809484854,[204089266639,20000000]
05-20 00:32:23.835     0     0 I         : .(2)[280:wdtk-2][thread:280][RT:204090465409] 2025-05-20 05:32:23.831073 UTC;android time 2025-05-20 05:32:23.831073
05-20 00:32:23.842     0     0 I         : .(0)[278:wdtk-0][wdk-c] cpu=0,lbit=0x5,cbit=0xff,0,1,3809484854,[204097021947,19992244]
05-20 00:32:23.921     0     0 I         : .(1)[279:wdtk-1][wdk-c] cpu=1,lbit=0x7,cbit=0xff,0,1,3809484854,[204176359870,19912906]
05-20 00:32:23.926     0     0 I         : .(7)[285:wdtk-7][wdk-c] cpu=7,lbit=0x87,cbit=0xff,0,1,3809484854,[204181103870,19908162]
05-20 00:32:23.926     0     0 I         : .(5)[283:wdtk-5][wdk-c] cpu=5,lbit=0xa7,cbit=0xff,0,1,3809484854,[204181184101,19908082]
05-20 00:32:23.926     0     0 I         : .(3)[281:wdtk-3][wdk-c] cpu=3,lbit=0xaf,cbit=0xff,0,1,3809484854,[204181195793,19908070]
05-20 00:32:23.928     0     0 I         : .(6)[284:wdtk-6][wdk-c] cpu=6,lbit=0xef,cbit=0xff,0,1,3809484854,[204183206255,19906060]
05-20 00:32:23.932     0     0 W         : .(4)[282:wdtk-4][wdk-k] cpu=4,lbit=0xff,cbit=0xff,0,1,3809484854,[204186850332,19902416]
05-20 00:32:24.000   323   323 I .(6)[323:recovery]mtk-tpd: [tpd_fb_notifier_callback:434] tpd_fb_notifier_callback
05-20 00:32:24.050   323   323 I .(6)[323:recovery]mtk-tpd: [tpd_fb_notifier_callback:434] tpd_fb_notifier_callback
05-20 00:32:24.055    95    95 I         : .(1)[95:kworker/u16:1][pmic_enable_interrupt] intNo=44, en=1, depth=0
05-20 00:32:24.091    95    95 I         : .(0)[95:kworker/u16:1][pmic_enable_interrupt] intNo=44, en=0, depth=1
05-20 00:32:24.100   323   323 I .(6)[323:recovery]mtk-tpd: [tpd_fb_notifier_callback:434] tpd_fb_notifier_callback
05-20 00:32:24.150   323   323 I chatty  : uid=0(root) identical 1 line
05-20 00:32:24.200   323   323 I .(6)[323:recovery]mtk-tpd: [tpd_fb_notifier_callback:434] tpd_fb_notifier_callback
05-20 00:32:24.515    95    95 I .(0)[95:kworker/u16:1]mt635x-auxadc mt635x-auxadc: name:VPROC_TEMP, channel=4, adc_out=0x5d0, adc_result=653
05-20 00:32:24.532   323   323 I .(6)[323:recovery]mtk-tpd: [tpd_fb_notifier_callback:434] tpd_fb_notifier_callback
05-20 00:32:24.565   323   323 I .(6)[323:recovery]mtk-tpd: [tpd_fb_notifier_callback:434] tpd_fb_notifier_callback
05-20 00:32:24.570    95    95 I         : .(3)[95:kworker/u16:1][pmic_enable_interrupt] intNo=44, en=1, depth=0
05-20 00:32:24.599   323   323 I .(6)[323:recovery]mtk-tpd: [tpd_fb_notifier_callback:434] tpd_fb_notifier_callback
05-20 00:32:24.607    95    95 I         : .(3)[95:kworker/u16:1][pmic_enable_interrupt] intNo=44, en=0, depth=1
05-20 00:32:24.632   323   323 I .(6)[323:recovery]mtk-tpd: [tpd_fb_notifier_callback:434] tpd_fb_notifier_callback
05-20 00:32:24.665   323   323 I .(6)[323:recovery]mtk-tpd: [tpd_fb_notifier_callback:434] tpd_fb_notifier_callback
05-20 00:32:24.770    48    48 I         : .(0)[48:kworker/0:1]MTP, <do_monitor_work(), 1802> IN <9871 19739 0 0 9871 9871 19739 0 0 >
05-20 00:32:24.771    48    48 I         : .(0)[48:kworker/0:1]MTP, <do_monitor_work(), 1807> OUT <9870 19739 0 0 9871 9870 19739 0 0 >
05-20 00:32:24.998   323   323 I .(6)[323:recovery]mtk-tpd: [tpd_fb_notifier_callback:434] tpd_fb_notifier_callback
05-20 00:32:25.031   323   323 I .(6)[323:recovery]mtk-tpd: [tpd_fb_notifier_callback:434] tpd_fb_notifier_callback
05-20 00:32:25.036    95    95 I         : .(4)[95:kworker/u16:1][pmic_enable_interrupt] intNo=44, en=1, depth=0
05-20 00:32:25.064   323   323 I .(6)[323:recovery]mtk-tpd: [tpd_fb_notifier_callback:434] tpd_fb_notifier_callback
05-20 00:32:25.073    95    95 I         : .(4)[95:kworker/u16:1][pmic_enable_interrupt] intNo=44, en=0, depth=1
05-20 00:32:25.097   323   323 I .(6)[323:recovery]mtk-tpd: [tpd_fb_notifier_callback:434] tpd_fb_notifier_callback
05-20 00:32:25.430   323   323 I chatty  : uid=0(root) identical 3 lines
05-20 00:32:25.463   323   323 I .(6)[323:recovery]mtk-tpd: [tpd_fb_notifier_callback:434] tpd_fb_notifier_callback
05-20 00:32:25.468    95    95 I         : .(1)[95:kworker/u16:1][pmic_enable_interrupt] intNo=44, en=1, depth=0
05-20 00:32:25.497   323   323 I .(6)[323:recovery]mtk-tpd: [tpd_fb_notifier_callback:434] tpd_fb_notifier_callback
05-20 00:32:25.505    95    95 I         : .(1)[95:kworker/u16:1][pmic_enable_interrupt] intNo=44, en=0, depth=1
05-20 00:32:25.530   323   323 I .(6)[323:recovery]mtk-tpd: [tpd_fb_notifier_callback:434] tpd_fb_notifier_callback
05-20 00:32:25.538    95    95 I .(0)[95:kworker/u16:1]mt635x-auxadc mt635x-auxadc: name:VCORE_TEMP, channel=4, adc_out=0x5ce, adc_result=653
05-20 00:32:25.540   237   237 I .(1)[237:kworker/u16:2]mt635x-auxadc mt635x-auxadc: name:VPROC_TEMP, channel=4, adc_out=0x5cf, adc_result=653
05-20 00:32:25.563   323   323 I .(6)[323:recovery]mtk-tpd: [tpd_fb_notifier_callback:434] tpd_fb_notifier_callback
05-20 00:32:25.663   323   323 I chatty  : uid=0(root) identical 2 lines
05-20 00:32:25.696   323   323 I .(6)[323:recovery]mtk-tpd: [tpd_fb_notifier_callback:434] tpd_fb_notifier_callback
05-20 00:32:25.701   237   237 I         : .(0)[237:kworker/u16:2][pmic_enable_interrupt] intNo=44, en=1, depth=0
05-20 00:32:25.707   102   102 I         : .(0)[102:dlpt_notify_thr][MDRT_ADC] OLD = 0x2b7b, NOW = 0x2b6b, CNT = 0
05-20 00:32:25.709   102   102 I         : .(0)[102:dlpt_notify_thr]vbat_out_old=40090, vthr=680, T_curr=437, vbat_out=40136
05-20 00:32:25.710   102   102 I .(0)[102:dlpt_notify_thr]mt635x-auxadc mt635x-auxadc: name:BATADC, channel=0, adc_out=0x5f0a, adc_result=4014
05-20 00:32:25.713   102   102 I         : .(0)[102:dlpt_notify_thr]vbat_out_old=40000, vthr=681, T_curr=431, vbat_out=40045
05-20 00:32:25.714   102   102 I .(0)[102:dlpt_notify_thr]mt635x-auxadc mt635x-auxadc: name:BATADC, channel=0, adc_out=0x5ed4, adc_result=4005
05-20 00:32:25.716   102   102 I         : .(0)[102:dlpt_notify_thr][PBM] [ma_to_mw] 4005(mV) * 5109(mA) = 20461(mW)
05-20 00:32:25.717   102   102 I         : .(0)[102:dlpt_notify_thr][DLPT_final] 5109,58,58,1,5500
05-20 00:32:25.729   323   323 I .(6)[323:recovery]mtk-tpd: [tpd_fb_notifier_callback:434] tpd_fb_notifier_callback
05-20 00:32:25.738   237   237 I         : .(1)[237:kworker/u16:2][pmic_enable_interrupt] intNo=44, en=0, depth=1
05-20 00:32:25.763   323   323 I .(6)[323:recovery]mtk-tpd: [tpd_fb_notifier_callback:434] tpd_fb_notifier_callback
05-20 00:32:25.794    48    48 I         : .(0)[48:kworker/0:1]MTP, <do_monitor_work(), 1802> IN <9871 19739 0 0 9871 9871 19739 0 0 >
05-20 00:32:25.794    48    48 I         : .(0)[48:kworker/0:1]MTP, <do_monitor_work(), 1807> OUT <9870 19739 0 0 9871 9870 19739 0 0 >
05-20 00:32:25.796   323   323 I .(6)[323:recovery]mtk-tpd: [tpd_fb_notifier_callback:434] tpd_fb_notifier_callback
05-20 00:32:25.896   323   323 I chatty  : uid=0(root) identical 1 line
05-20 00:32:25.929   323   323 I .(6)[323:recovery]mtk-tpd: [tpd_fb_notifier_callback:434] tpd_fb_notifier_callback
05-20 00:32:25.934   237   237 I         : .(1)[237:kworker/u16:2][pmic_enable_interrupt] intNo=44, en=1, depth=0
05-20 00:32:25.962   323   323 I .(6)[323:recovery]mtk-tpd: [tpd_fb_notifier_callback:434] tpd_fb_notifier_callback
05-20 00:32:25.971   237   237 I         : .(0)[237:kworker/u16:2][pmic_enable_interrupt] intNo=44, en=0, depth=1
05-20 00:32:25.995   323   323 I .(6)[323:recovery]mtk-tpd: [tpd_fb_notifier_callback:434] tpd_fb_notifier_callback
05-20 00:32:26.005   323   323 I         : .(6)[323:recovery][fgauge_read_current] final current=5172 (ratio=1000)
05-20 00:32:26.006   323   323 I         : .(6)[323:recovery][CH3_DBG] bat_cur = 5172
05-20 00:32:26.007   323   323 I .(6)[323:recovery]mt635x-auxadc mt635x-auxadc: name:BAT_TEMP, channel=3, adc_out=0x284, adc_result=566
05-20 00:32:26.009   323   323 I         : .(6)[323:recovery][fgauge_read_current] final current=5172 (ratio=1000)
05-20 00:32:26.010   323   323 I         : .(6)[323:recovery][BattVoltToTemp] 561 24000 2802 -5
05-20 00:32:26.010   323   323 I         : .(6)[323:recovery][force_get_tbat] 566,561,1,517,0,392 r:100 0 0
05-20 00:32:26.011   323   323 I .(6)[323:recovery][force_get_tbat] t: 39 precise:392
05-20 00:32:26.045   323   323 I .(6)[323:recovery]mtk-tpd: [tpd_fb_notifier_callback:434] tpd_fb_notifier_callback
05-20 00:32:26.112   323   323 I chatty  : uid=0(root) identical 1 line
05-20 00:32:26.145   323   323 I .(6)[323:recovery]mtk-tpd: [tpd_fb_notifier_callback:434] tpd_fb_notifier_callback
05-20 00:32:26.150   237   237 I         : .(1)[237:kworker/u16:2][pmic_enable_interrupt] intNo=44, en=1, depth=0
05-20 00:32:26.179   323   323 I .(6)[323:recovery]mtk-tpd: [tpd_fb_notifier_callback:434] tpd_fb_notifier_callback
05-20 00:32:26.187   237   237 I         : .(1)[237:kworker/u16:2][pmic_enable_interrupt] intNo=44, en=0, depth=1
05-20 00:32:26.212   323   323 I .(6)[323:recovery]mtk-tpd: [tpd_fb_notifier_callback:434] tpd_fb_notifier_callback
05-20 00:32:26.245   323   323 I .(6)[323:recovery]mtk-tpd: [tpd_fb_notifier_callback:434] tpd_fb_notifier_callback
05-20 00:32:26.562   237   237 I .(1)[237:kworker/u16:2]mt635x-auxadc mt635x-auxadc: name:VPROC_TEMP, channel=4, adc_out=0x5ce, adc_result=653
05-20 00:32:26.818    48    48 I         : .(0)[48:kworker/0:1]MTP, <do_monitor_work(), 1802> IN <9871 19739 0 0 9871 9871 19739 0 0 >
05-20 00:32:26.819    48    48 I         : .(0)[48:kworker/0:1]MTP, <do_monitor_work(), 1807> OUT <9870 19739 0 0 9871 9870 19739 0 0 >
05-20 00:32:27.206     0     0 W         : -(1)[0:swapper/1][name:bc&]tick broadcast enter counter cpu: 1010, 744, 693, 113, 111, 21, 96, 60, success counter cpu: 122, 113, 173, 5, 14, 0, 1, 0, fail counter cpu: 0, 0, 0, 0, 0, 0, 0, 0, interrupt counter cpu: 349, 357, 499, 37, 65, 0, 12, 4, o: 0,2-7, p: , f: 1, t:  207484000000, 207456268473, 207456636473, 224184475242, 210201392627, 224186743781, 207516000000, 224185638242,
05-20 00:32:27.586   237   237 I .(1)[237:kworker/u16:2]mt635x-auxadc mt635x-auxadc: name:VPROC_TEMP, channel=4, adc_out=0x5d0, adc_result=653
05-20 00:32:27.687     0     0 I -(1)[0:swapper/1]mtk_charger_alarm_timer_func: not suspend, wake up charger
05-20 00:32:27.689   275   275 I         : .(1)[275:charger_thread][fgauge_read_current] final current=5290 (ratio=1000)
05-20 00:32:27.690   275   275 I .(1)[275:charger_thread]mt635x-auxadc mt635x-auxadc: name:VCDT, channel=2, adc_out=0x465, adc_result=494
05-20 00:32:27.692   275   275 I         : .(1)[275:charger_thread][fgauge_read_current] final current=5256 (ratio=1000)
05-20 00:32:27.693   275   275 I         : .(1)[275:charger_thread][CH3_DBG] bat_cur = 5256
05-20 00:32:27.694   275   275 I .(1)[275:charger_thread]mt635x-auxadc mt635x-auxadc: name:BAT_TEMP, channel=3, adc_out=0x286, adc_result=567
05-20 00:32:27.696   275   275 I         : .(1)[275:charger_thread][fgauge_read_current] final current=5210 (ratio=1000)
05-20 00:32:27.697   275   275 I         : .(1)[275:charger_thread][BattVoltToTemp] 562 24000 2802 -5
05-20 00:32:27.697   275   275 I         : .(1)[275:charger_thread][force_get_tbat] 567,562,1,521,0,391 r:100 0 0
05-20 00:32:27.699   275   275 I .(1)[275:charger_thread][force_get_tbat] t: 39 precise:391
05-20 00:32:27.699   275   275 I .(1)[275:charger_thread]Vbat=4033,Ibat=5290,I=0,VChr=4674,T=39,Soc=58: 58,CT:2:2 hv:1 pd:0:0
05-20 00:32:27.701   275   275 I .(1)[275:charger_thread]mtk_charger_start_timer: alarm timer start:0, 217 950874089
05-20 00:32:27.702   275   275 I         : -(1)[275:charger_thread]alarmtimer_enqueue, 217950874089
05-20 00:32:27.703   275   275 I         : .(1)[275:charger_thread][fgauge_read_current] final current=5187 (ratio=1000)
05-20 00:32:27.704   275   275 I         : .(1)[275:charger_thread][CH3_DBG] bat_cur = 5187
05-20 00:32:27.705   275   275 I .(1)[275:charger_thread]mt635x-auxadc mt635x-auxadc: name:BAT_TEMP, channel=3, adc_out=0x284, adc_result=566
05-20 00:32:27.707   275   275 I         : .(1)[275:charger_thread][fgauge_read_current] final current=5161 (ratio=1000)
05-20 00:32:27.708   275   275 I         : .(1)[275:charger_thread][BattVoltToTemp] 561 24000 2802 -5
05-20 00:32:27.709   275   275 I         : .(1)[275:charger_thread][force_get_tbat] 566,561,1,516,0,392 r:100 0 0
05-20 00:32:27.710   275   275 I .(1)[275:charger_thread][force_get_tbat] t: 39 precise:392
05-20 00:32:27.711   275   275 I         : .(1)[275:charger_thread][fg_is_battery_exist] PMIC_RGS_BATON_UNDET = 1
05-20 00:32:27.712   275   275 I chatty  : uid=1036(auditd) identical 1 line
05-20 00:32:27.713   275   275 I         : .(1)[275:charger_thread][fg_is_battery_exist] PMIC_RGS_BATON_UNDET = 1
05-20 00:32:27.714   275   275 I .(1)[275:charger_thread]rt9467 7-005b: __rt9467_set_mivr: mivr = 4400000(0x05)
05-20 00:32:27.760   275   275 I .(0)[275:charger_thread]rt9467 7-005b: rt9467_get_tchg: temperature = 42
05-20 00:32:27.761   275   275 I .(1)[275:charger_thread]mt635x-auxadc mt635x-auxadc: name:VCDT, channel=2, adc_out=0x465, adc_result=494
05-20 00:32:27.763   275   275 I .(1)[275:charger_thread]tmp: 39 (jeita:0 sm:0 cv:0 en:0) (sm:1) en:1 c:0 s:0 ov:0 1 1
05-20 00:32:27.764   275   275 I         : .(1)[275:charger_thread]mtk_dual_switch_charging_run [1]
05-20 00:32:27.765   275   275 I .(1)[275:charger_thread]mtk_pe20_check_charger: stop, SOC = (58, 0, 85), to_check_chr_type = 1, chr_type = 2, ret = 0
05-20 00:32:27.767   275   275 I .(1)[275:charger_thread]mtk_pe_check_charger: stop, SOC = 58, to_check_chr_type = 1, chr_type = 2, ret = 0
05-20 00:32:27.768   275   275 I         : .(1)[275:charger_thread][fgauge_read_current] final current=4997 (ratio=1000)
05-20 00:32:27.769   275   275 I         : .(1)[275:charger_thread][CH3_DBG] bat_cur = 4997
05-20 00:32:27.771   275   275 I         : .(1)[275:charger_thread][fgauge_read_current] final current=5046 (ratio=1000)
05-20 00:32:27.772   275   275 I         : .(1)[275:charger_thread][BattVoltToTemp] 561 24000 2802 -5
05-20 00:32:27.773   275   275 I         : .(1)[275:charger_thread][force_get_tbat] 566,561,1,504,0,392 r:100 0 0
05-20 00:32:27.774   275   275 I .(1)[275:charger_thread][force_get_tbat] t: 39 precise:392
05-20 00:32:27.775   275   275 I .(1)[275:charger_thread][mtk_pe40_get_ibus] chg2_watt: 0 ibat2:0 ibat1:0 ibat:0 ibus1:0 ibus2:0 ibus:0
05-20 00:32:27.776   275   275 I .(1)[275:charger_thread]pe40_ready: 0 hv:1 thermal:-1,-1 tmp:39,39,16 pps:0 en:0 ibus:0 80
05-20 00:32:27.778   275   275 I .(1)[275:charger_thread]mtk_pe20_start_algorithm: stop, PE+20 is not connected
05-20 00:32:27.779   275   275 I .(1)[275:charger_thread]mtk_pe_start_algorithm: stop, PE+ is not connected
05-20 00:32:27.780   275   275 I .(1)[275:charger_thread]mtk_pe_start_algorithm: vchr_org = 5000, vchr_after = 4674, delta = -326
05-20 00:32:27.782   275   275 I .(1)[275:charger_thread]rt9467 7-005b: __rt9467_run_aicl: mivr loop is not active
05-20 00:32:27.784   275   275 W         : .(1)[275:charger_thread]PRIZE master  charge current 1000000:1000000
05-20 00:32:27.784   275   275 W         : .(1)[275:charger_thread]PRIZE slave   charge current 0:0
05-20 00:32:27.785   275   275 I .(1)[275:charger_thread]force: 0 0 thermal:(-1 -1,-1 -1)(-1 -1 0)setting:(500 1000)(0 0)
05-20 00:32:27.785   275   275 I .(1)[275:charger_thread]type: 2 usb_unlimited:0 usbif:0 usbsm:2 aicl:1100 atm:0 parallel:1
05-20 00:32:27.788   275   275 I .(1)[275:charger_thread]rt9467 7-005b: __rt9467_set_aicr: aicr = 500000(0x08)
05-20 00:32:27.790   275   275 I .(1)[275:charger_thread]rt9467 7-005b: __rt9467_set_ichg: ichg = 1000000(0x09)
05-20 00:32:27.792   275   275 I .(0)[275:charger_thread]rt9467 7-005b: rt9467_enable_charging: en = 1
05-20 00:32:27.793   275   275 I .(0)[275:charger_thread]rt9467 7-005b: __rt9467_set_cv: cv = 4400000(0x32)
05-20 00:32:27.795   275   275 I .(0)[275:charger_thread]rt9467 7-005b: rt9467_enable_charging: en = 1
05-20 00:32:27.796   275   275 I .(0)[275:charger_thread]rt9467 7-005b: __rt9467_set_ieoc: ieoc = 200000(0x02)
05-20 00:32:27.798   275   275 I .(0)[275:charger_thread]rt9467 7-005b: __rt9467_enable_te: en = 1
05-20 00:32:27.800   275   275 I .(0)[275:charger_thread]rt9467 7-005b: __rt9467_set_aicr: aicr = 1000000(0x12)
05-20 00:32:27.801   275   275 I .(0)[275:charger_thread]chg1: 1 chg2:0 chg2_chip_en:0
05-20 00:32:27.802    48    48 I .(0)[48:kworker/0:1]safety_check state: 1 en:0 thermal:-1
05-20 00:32:27.842    48    48 I         : .(0)[48:kworker/0:1]MTP, <do_monitor_work(), 1802> IN <9871 19739 0 0 9871 9871 19739 0 0 >
05-20 00:32:27.844    48    48 I         : .(0)[48:kworker/0:1]MTP, <do_monitor_work(), 1807> OUT <9870 19739 0 0 9871 9870 19739 0 0 >
05-20 00:32:27.982   239   239 I         : .(1)[239:battery_thread][fg_drv_update_hw_status]=>
05-20 00:32:27.983   239   239 I .(1)[239:battery_thread][fg_update_sw_iavg]diff time: 20 iavg:4190
05-20 00:32:27.984   239   239 I         : .(1)[239:battery_thread][read_boot_battery_plug_out_status] rtc_invalid 0 plugout 1 bat_plug_out_time 0 sp3:0xa6 pl:0 0
05-20 00:32:27.986   239   239 I         : .(1)[239:battery_thread][fgauge_read_current] final current=5214 (ratio=1000)
05-20 00:32:27.987   239   239 I         : .(1)[239:battery_thread][fgauge_read_columb_internal] CAR=295 r_fg_value=100 car_tune_value=1000
05-20 00:32:27.990   239   239 I         : .(1)[239:battery_thread]vbat_out_old=40530, vthr=681, T_curr=431, vbat_out=40575
05-20 00:32:27.992   239   239 I         : .(1)[239:battery_thread][fgauge_read_current] final current=5165 (ratio=1000)
05-20 00:32:27.993   239   239 I         : .(1)[239:battery_thread][CH3_DBG] bat_cur = 5165
05-20 00:32:27.994   239   239 I         : .(1)[239:battery_thread][fgauge_read_current] final current=5199 (ratio=1000)
05-20 00:32:27.996   239   239 I         : .(1)[239:battery_thread][BattVoltToTemp] 561 24000 2802 -5
05-20 00:32:27.996   239   239 I         : .(1)[239:battery_thread][force_get_tbat] 566,561,1,519,0,392 r:100 0 0
05-20 00:32:27.997   239   239 I .(1)[239:battery_thread][force_get_tbat] t: 39 precise:392
05-20 00:32:27.998   239   239 I         : .(1)[239:battery_thread]lbat 0 0 0 0
05-20 00:32:27.999   239   239 I .(1)[239:battery_thread]car[295,433,145,578,146, cycle_car:-3,ncar:3] c: 1 5214 vbat:4058 vbus:4674 soc:58 58 gm3:0 0 0 0
05-20 00:32:28.001   239   239 I         : .(1)[239:battery_thread][fgauge_read_columb_internal] CAR=295 r_fg_value=100 car_tune_value=1000
05-20 00:32:28.002   239   239 I         : .(1)[239:battery_thread][fg_get_current_iavg] 4642 1
05-20 00:32:28.003   239   239 I         : .(1)[239:battery_thread][fg_bat_nafg][fgauge_get_nafg_cnt] 0 [25_16 0 15_0 0]
05-20 00:32:28.004   239   239 I .(1)[239:battery_thread][fg_nafg_monitor]time: 208 nafg_cnt:0, now:208, last_t:0
05-20 00:32:28.005   239   239 I .(1)[239:battery_thread]tmp: 39 65535 65535 hcar2:289 lcar2:143 time:208 sw_iavg:4190 4642 1 nafg_m:0 0 0
05-20 00:32:28.007   239   239 I         : .(1)[239:battery_thread][fgauge_read_columb_internal] CAR=295 r_fg_value=100 car_tune_value=1000
05-20 00:32:28.009   239   239 I         : .(1)[239:battery_thread][fgauge_read_current] final current=5165 (ratio=1000)
05-20 00:32:28.010   239   239 I         : .(1)[239:battery_thread][fg_get_current_iavg] 4642 1
05-20 00:32:28.011   239   239 I         : .(1)[239:battery_thread][fgauge_read_current] final current=5199 (ratio=1000)
05-20 00:32:28.012   239   239 I         : .(1)[239:battery_thread][CH3_DBG] bat_cur = 5199
05-20 00:32:28.013   239   239 I         : .(1)[239:battery_thread][fgauge_read_current] final current=5352 (ratio=1000)
05-20 00:32:28.015   239   239 I         : .(1)[239:battery_thread][BattVoltToTemp] 561 24000 2802 -5
05-20 00:32:28.015   239   239 I         : .(1)[239:battery_thread][force_get_tbat] 566,561,1,535,0,392 r:100 0 0
05-20 00:32:28.016   239   239 I .(1)[239:battery_thread][force_get_tbat] t: 39 precise:392
05-20 00:32:28.017   239   239 I         : .(1)[239:battery_thread][fg_is_battery_exist] PMIC_RGS_BATON_UNDET = 1
05-20 00:32:28.018   239   239 I         : .(1)[239:battery_thread]GM3log1 208 208 4033 5165 4642 51090 297 39 1 1 161 0 0
05-20 00:32:28.020   239   239 I         : .(1)[239:battery_thread]GM3log2 208 0 0 0 0 40511 5058 1 4674
05-20 00:32:28.021   239   239 I         : .(1)[239:battery_thread]GM3log3 208 0 39329 -1407 0
05-20 00:32:28.022   239   239 I         : .(1)[239:battery_thread]GM3log4 0 38 0 1 0 0 1 1 1 0 0
05-20 00:32:28.023   239   239 I         : .(1)[239:battery_thread]GM3log int 208 208 0 0 0 0
05-20 00:32:28.023   239   239 I         : .(1)[239:battery_thread]GM3log phone_state 0 0
05-20 00:32:28.024   239   239 I .(1)[239:battery_thread]GM3 car: 295 car_diff:2
05-20 00:32:28.028   275   275 I .(0)[275:charger_thread]rt9467 7-005b: rt9467_dump_register: ICHG = 1000mA, AICR = 1000mA, MIVR = 4400mV, IEOC = 200mA, CV = 4400mV
05-20 00:32:28.030   275   275 I .(0)[275:charger_thread]rt9467 7-005b: rt9467_dump_register: VSYS = 4060mV, VBAT = 4060mV, IBAT = 450mA, IBUS = 1100mA, VBUS = 4675mV
05-20 00:32:28.032   275   275 I .(0)[275:charger_thread]rt9467 7-005b: rt9467_dump_register: CHG_EN = 1, CHG_STATUS = progress, CHG_STAT = 0xA0
05-20 00:32:28.033   275   275 I .(0)[275:charger_thread]rt9467 7-005b: rt9467_dump_register: CHG_CTRL1 = 0x10, CHG_CTRL2 = 0x1B
05-20 00:32:28.062     0     0 W .(2)[0:swapper/2][name:spm&]Power/swap IdleBus26m: No enter --- IdleSyspll: No enter --- IdleDram: No enter ---
05-20 00:32:28.062     0     0 W .(1)[0:swapper/1][mcdi]mcdi cpu: 959, 754, 674, 91, 113, 21, 69, 47, cluster : 0, pause = 0, multi core = 0, latency = 0, residency = 551, last core = 680, avail cpu = 00ff, cluster = 0001, enabled = 1, max_s_state = 5, system_idle_hint = 00000000
05-20 00:32:28.142   344   344 I         : .(2)[344:kworker/2:2]usb_state<CONFIGURED>
05-20 00:32:28.191   323   323 I .(6)[323:recovery]mtk-tpd: [tpd_fb_notifier_callback:434] tpd_fb_notifier_callback
05-20 00:32:28.195   237   237 I         : .(0)[237:kworker/u16:2][pmic_enable_interrupt] intNo=44, en=1, depth=0
05-20 00:32:28.232   237   237 I         : .(0)[237:kworker/u16:2][pmic_enable_interrupt] intNo=44, en=0, depth=1
05-20 00:32:28.241   323   323 I .(6)[323:recovery]mtk-tpd: [tpd_fb_notifier_callback:434] tpd_fb_notifier_callback
05-20 00:32:28.262   239   239 I .(0)[239:battery_thread][fg_bat_nafg][fgauge_get_nafg_dltv] mV: Reg [0:0]
05-20 00:32:28.263   239   239 I         : .(0)[239:battery_thread][fg_bat_nafg][fgauge_get_nafg_cnt] 0 [25_16 0 15_0 0]
05-20 00:32:28.264   239   239 I .(0)[239:battery_thread][fg_bat_nafg][fgauge_get_nafg_c_dltv] mV: Reg[0:0] [b10:0][26_16(0x0000) 15_00(0x0000)]
05-20 00:32:28.266   239   239 I         : .(0)[239:battery_thread]GM3log-nint-nafg 208 208 0 0 0 0 0
05-20 00:32:28.267   239   239 I         : .(0)[239:battery_thread]mtk_battery boot mode =2
05-20 00:32:28.267   239   239 I         : .(0)[239:battery_thread][wakeup_fg_algo_recovery] intr_num=0x2000000
05-20 00:32:28.291   323   323 I .(6)[323:recovery]mtk-tpd: [tpd_fb_notifier_callback:434] tpd_fb_notifier_callback
05-20 00:32:28.340   323   323 I .(6)[323:recovery]mtk-tpd: [tpd_fb_notifier_callback:434] tpd_fb_notifier_callback
05-20 00:32:28.354   237   237 I         : .(2)[237:kworker/u16:2][fgauge_read_current] final current=4985 (ratio=1000)
05-20 00:32:28.355   237   237 I         : .(2)[237:kworker/u16:2][CH3_DBG] bat_cur = 4985
05-20 00:32:28.357   237   237 I         : .(2)[237:kworker/u16:2][fgauge_read_current] final current=4985 (ratio=1000)
05-20 00:32:28.358   237   237 I         : .(2)[237:kworker/u16:2][BattVoltToTemp] 562 24000 2803 -4
05-20 00:32:28.359   237   237 I         : .(2)[237:kworker/u16:2][force_get_tbat] 566,562,1,498,0,391 r:100 0 0
05-20 00:32:28.360   237   237 I .(2)[237:kworker/u16:2][force_get_tbat] t: 39 precise:391
05-20 00:32:28.374    95    95 I         : .(1)[95:kworker/u16:1][fgauge_read_current] final current=4840 (ratio=1000)
05-20 00:32:28.375    95    95 I         : .(1)[95:kworker/u16:1][CH3_DBG] bat_cur = 4840
05-20 00:32:28.377    95    95 I         : .(1)[95:kworker/u16:1][fgauge_read_current] final current=4867 (ratio=1000)
05-20 00:32:28.378    95    95 I         : .(1)[95:kworker/u16:1][BattVoltToTemp] 561 24000 2803 -4
05-20 00:32:28.379    95    95 I         : .(1)[95:kworker/u16:1][force_get_tbat] 565,561,1,486,0,392 r:100 0 0
05-20 00:32:28.380    95    95 I .(1)[95:kworker/u16:1][force_get_tbat] t: 39 precise:392
05-20 00:32:28.438    95    95 W .(0)[95:kworker/u16:1]FG_CW2015: get_charge_state : ac_online = 0    usb_online = 1
05-20 00:32:28.440    95    95 W .(0)[95:kworker/u16:1]FG_CW2015: cw_bat_work : charger_mod = 1, status = 1, capacity = 58, voltage = 4035
05-20 00:32:28.611    95    95 W -(2)[95:kworker/u16:1]mt635x_auxadc_read_raw: 10 callbacks suppressed
05-20 00:32:28.611    95    95 I .(2)[95:kworker/u16:1]mt635x-auxadc mt635x-auxadc: name:VPROC_TEMP, channel=4, adc_out=0x5d0, adc_result=653
05-20 00:32:28.706   323   323 I .(6)[323:recovery]mtk-tpd: [tpd_fb_notifier_callback:434] tpd_fb_notifier_callback
05-20 00:32:28.739   323   323 I .(6)[323:recovery]mtk-tpd: [tpd_fb_notifier_callback:434] tpd_fb_notifier_callback
05-20 00:32:28.744    95    95 I         : .(0)[95:kworker/u16:1][pmic_enable_interrupt] intNo=44, en=1, depth=0
05-20 00:32:28.773   323   323 I .(6)[323:recovery]mtk-tpd: [tpd_fb_notifier_callback:434] tpd_fb_notifier_callback
05-20 00:32:28.781    95    95 I         : .(2)[95:kworker/u16:1][pmic_enable_interrupt] intNo=44, en=0, depth=1
05-20 00:32:28.806   323   323 I .(6)[323:recovery]mtk-tpd: [tpd_fb_notifier_callback:434] tpd_fb_notifier_callback
05-20 00:32:28.839   323   323 I .(6)[323:recovery]mtk-tpd: [tpd_fb_notifier_callback:434] tpd_fb_notifier_callback
05-20 00:32:28.866    48    48 I         : .(0)[48:kworker/0:1]MTP, <do_monitor_work(), 1802> IN <9871 19739 0 0 9871 9871 19739 0 0 >
05-20 00:32:28.866    95    95 I .(2)[95:kworker/u16:1]mt635x-auxadc mt635x-auxadc: name:VGPU_TEMP, channel=4, adc_out=0x5ce, adc_result=653
05-20 00:32:28.867    48    48 I         : .(0)[48:kworker/0:1]MTP, <do_monitor_work(), 1807> OUT <9870 19739 0 0 9871 9870 19739 0 0 >
05-20 00:32:29.272   323   323 I .(6)[323:recovery]mtk-tpd: [tpd_fb_notifier_callback:434] tpd_fb_notifier_callback
05-20 00:32:29.305   323   323 I chatty  : uid=0(root) identical 1 line
05-20 00:32:29.338   323   323 I .(6)[323:recovery]mtk-tpd: [tpd_fb_notifier_callback:434] tpd_fb_notifier_callback
05-20 00:32:29.343    95    95 I         : .(0)[95:kworker/u16:1][pmic_enable_interrupt] intNo=44, en=1, depth=0
05-20 00:32:29.371   323   323 I .(6)[323:recovery]mtk-tpd: [tpd_fb_notifier_callback:434] tpd_fb_notifier_callback
05-20 00:32:29.380    95    95 I         : .(0)[95:kworker/u16:1][pmic_enable_interrupt] intNo=44, en=0, depth=1
05-20 00:32:29.405   323   323 I .(6)[323:recovery]mtk-tpd: [tpd_fb_notifier_callback:434] tpd_fb_notifier_callback
05-20 00:32:29.438   323   323 I .(6)[323:recovery]mtk-tpd: [tpd_fb_notifier_callback:434] tpd_fb_notifier_callback
05-20 00:32:29.634    95    95 I .(1)[95:kworker/u16:1][SCP] scp_ipi_send: SCP A not ready
05-20 00:32:29.634    95    95 E         : .(1)[95:kworker/u16:1][sensorHub] scp_ipi_send fail
05-20 00:32:29.634    41    41 E         : .(6)[41:kworker/6:0][sensorHub] scp_sensorHub_req_send fail!
05-20 00:32:29.634    95    95 I .(1)[95:kworker/u16:1]mt635x-auxadc mt635x-auxadc: name:VPROC_TEMP, channel=4, adc_out=0x5cf, adc_result=653
05-20 00:32:29.637   323   323 I .(6)[323:recovery]mtk-tpd: [tpd_fb_notifier_callback:434] tpd_fb_notifier_callback
05-20 00:32:29.646    95    95 I         : .(1)[95:kworker/u16:1][pmic_enable_interrupt] intNo=44, en=1, depth=0
05-20 00:32:29.671   323   323 I .(6)[323:recovery]mtk-tpd: [tpd_fb_notifier_callback:434] tpd_fb_notifier_callback
05-20 00:32:29.683    95    95 I         : .(1)[95:kworker/u16:1][pmic_enable_interrupt] intNo=44, en=0, depth=1
05-20 00:32:29.704   323   323 I .(6)[323:recovery]mtk-tpd: [tpd_fb_notifier_callback:434] tpd_fb_notifier_callback
05-20 00:32:29.737   323   323 I .(6)[323:recovery]mtk-tpd: [tpd_fb_notifier_callback:434] tpd_fb_notifier_callback
05-20 00:32:29.890    48    48 I         : .(0)[48:kworker/0:1]MTP, <do_monitor_work(), 1802> IN <9871 19739 0 0 9871 9871 19739 0 0 >
05-20 00:32:29.891    48    48 I         : .(0)[48:kworker/0:1]MTP, <do_monitor_work(), 1807> OUT <9870 19739 0 0 9871 9870 19739 0 0 >
05-20 00:32:30.658   253   253 I .(2)[253:kworker/u16:3]mt635x-auxadc mt635x-auxadc: name:VCORE_TEMP, channel=4, adc_out=0x5cf, adc_result=653
05-20 00:32:30.660    95    95 I .(3)[95:kworker/u16:1]mt635x-auxadc mt635x-auxadc: name:VPROC_TEMP, channel=4, adc_out=0x5d0, adc_result=653
05-20 00:32:30.914    48    48 I         : .(0)[48:kworker/0:1]MTP, <do_monitor_work(), 1802> IN <9871 19739 0 0 9871 9871 19739 0 0 >
05-20 00:32:30.915    48    48 I         : .(0)[48:kworker/0:1]MTP, <do_monitor_work(), 1807> OUT <9870 19739 0 0 9871 9870 19739 0 0 >
05-20 00:32:31.682    95    95 I .(1)[95:kworker/u16:1]mt635x-auxadc mt635x-auxadc: name:VPROC_TEMP, channel=4, adc_out=0x5d0, adc_result=653
05-20 00:32:31.938    48    48 I         : .(0)[48:kworker/0:1]MTP, <do_monitor_work(), 1802> IN <9871 19739 0 0 9871 9871 19739 0 0 >
05-20 00:32:31.939    48    48 I         : .(0)[48:kworker/0:1]MTP, <do_monitor_work(), 1807> OUT <9870 19739 0 0 9871 9870 19739 0 0 >
05-20 00:32:32.035   323   323 I         : .(6)[323:recovery][fgauge_read_current] final current=4581 (ratio=1000)
05-20 00:32:32.036   323   323 I         : .(6)[323:recovery][CH3_DBG] bat_cur = 4581
05-20 00:32:32.037   323   323 I .(6)[323:recovery]mt635x-auxadc mt635x-auxadc: name:BAT_TEMP, channel=3, adc_out=0x285, adc_result=566
05-20 00:32:32.039   323   323 I         : .(6)[323:recovery][fgauge_read_current] final current=4791 (ratio=1000)
05-20 00:32:32.040   323   323 I         : .(6)[323:recovery][BattVoltToTemp] 562 24000 2803 -4
05-20 00:32:32.040   323   323 I         : .(6)[323:recovery][force_get_tbat] 566,562,1,479,0,391 r:100 0 0
05-20 00:32:32.041   323   323 I .(6)[323:recovery][force_get_tbat] t: 39 precise:391
05-20 00:32:32.082   323   323 I .(6)[323:recovery]mtk-tpd: [tpd_fb_notifier_callback:434] tpd_fb_notifier_callback
05-20 00:32:32.087    95    95 I         : .(0)[95:kworker/u16:1][pmic_enable_interrupt] intNo=44, en=1, depth=0
05-20 00:32:32.124    95    95 I         : .(1)[95:kworker/u16:1][pmic_enable_interrupt] intNo=44, en=0, depth=1
05-20 00:32:32.132   323   323 I .(6)[323:recovery]mtk-tpd: [tpd_fb_notifier_callback:434] tpd_fb_notifier_callback
05-20 00:32:32.182   323   323 I .(6)[323:recovery]mtk-tpd: [tpd_fb_notifier_callback:434] tpd_fb_notifier_callback
05-20 00:32:32.213     0     0 W         : -(1)[0:swapper/1][name:bc&]tick broadcast enter counter cpu: 916, 796, 510, 60, 41, 33, 75, 39, success counter cpu: 149, 226, 99, 0, 0, 0, 1, 0, fail counter cpu: 0, 0, 0, 0, 0, 0, 0, 0, interrupt counter cpu: 395, 496, 316, 3, 1, 0, 11, 0, o: 0,2-5,7, p: , f: 1, t:  212464281320, 212463379781, 213340000000, 224184475242, 220201544935, 224186743781, 212464000000, 224185638242,
05-20 00:32:32.232   323   323 I .(6)[323:recovery]mtk-tpd: [tpd_fb_notifier_callback:434] tpd_fb_notifier_callback
05-20 00:32:32.707    95    95 I .(0)[95:kworker/u16:1]mt635x-auxadc mt635x-auxadc: name:VPROC_TEMP, channel=4, adc_out=0x5d0, adc_result=653
05-20 00:32:32.731   323   323 I .(6)[323:recovery]mtk-tpd: [tpd_fb_notifier_callback:434] tpd_fb_notifier_callback
05-20 00:32:32.764   323   323 I .(6)[323:recovery]mtk-tpd: [tpd_fb_notifier_callback:434] tpd_fb_notifier_callback
05-20 00:32:32.769    95    95 I         : .(0)[95:kworker/u16:1][pmic_enable_interrupt] intNo=44, en=1, depth=0
05-20 00:32:32.797   323   323 I .(6)[323:recovery]mtk-tpd: [tpd_fb_notifier_callback:434] tpd_fb_notifier_callback
05-20 00:32:32.805    95    95 I         : .(0)[95:kworker/u16:1][pmic_enable_interrupt] intNo=44, en=0, depth=1
05-20 00:32:32.830   323   323 I .(6)[323:recovery]mtk-tpd: [tpd_fb_notifier_callback:434] tpd_fb_notifier_callback
05-20 00:32:32.864   323   323 I .(6)[323:recovery]mtk-tpd: [tpd_fb_notifier_callback:434] tpd_fb_notifier_callback
05-20 00:32:32.962    48    48 I         : .(0)[48:kworker/0:1]MTP, <do_monitor_work(), 1802> IN <9871 19739 0 0 9871 9871 19739 0 0 >
05-20 00:32:32.963    48    48 I         : .(0)[48:kworker/0:1]MTP, <do_monitor_work(), 1807> OUT <9870 19739 0 0 9871 9870 19739 0 0 >
05-20 00:32:33.066     0     0 W .(0)[0:swapper/0][name:spm&]Power/swap IdleBus26m: No enter --- IdleSyspll: No enter --- IdleDram: No enter ---
05-20 00:32:33.066     0     0 W .(6)[0:swapper/6][mcdi]mcdi cpu: 972, 807, 404, 45, 36, 64, 60, 40, cluster : 0, pause = 0, multi core = 0, latency = 0, residency = 531, last core = 702, avail cpu = 00ff, cluster = 0001, enabled = 1, max_s_state = 5, system_idle_hint = 00000000
05-20 00:32:33.263   323   323 I .(6)[323:recovery]mtk-tpd: [tpd_fb_notifier_callback:434] tpd_fb_notifier_callback
05-20 00:32:33.274   344   344 I         : .(2)[344:kworker/2:2]usb_state<CONFIGURED>
05-20 00:32:33.296   323   323 I .(6)[323:recovery]mtk-tpd: [tpd_fb_notifier_callback:434] tpd_fb_notifier_callback
05-20 00:32:33.301    95    95 I         : .(5)[95:kworker/u16:1][pmic_enable_interrupt] intNo=44, en=1, depth=0
05-20 00:32:33.329   323   323 I .(6)[323:recovery]mtk-tpd: [tpd_fb_notifier_callback:434] tpd_fb_notifier_callback
05-20 00:32:33.338    95    95 I         : .(0)[95:kworker/u16:1][pmic_enable_interrupt] intNo=44, en=0, depth=1
05-20 00:32:33.362   323   323 I .(6)[323:recovery]mtk-tpd: [tpd_fb_notifier_callback:434] tpd_fb_notifier_callback
05-20 00:32:33.396   323   323 I chatty  : uid=0(root) identical 1 line
05-20 00:32:33.462   323   323 I .(6)[323:recovery]mtk-tpd: [tpd_fb_notifier_callback:434] tpd_fb_notifier_callback
05-20 00:32:33.474    95    95 I         : .(0)[95:kworker/u16:1][fgauge_read_current] final current=2731 (ratio=1000)
05-20 00:32:33.475    95    95 I         : .(0)[95:kworker/u16:1][CH3_DBG] bat_cur = 2731
05-20 00:32:33.476    95    95 I .(0)[95:kworker/u16:1]mt635x-auxadc mt635x-auxadc: name:BAT_TEMP, channel=3, adc_out=0x27e, adc_result=560
05-20 00:32:33.478    95    95 I         : .(0)[95:kworker/u16:1][fgauge_read_current] final current=2819 (ratio=1000)
05-20 00:32:33.479    95    95 I         : .(0)[95:kworker/u16:1][BattVoltToTemp] 558 24000 2805 -2
05-20 00:32:33.480    95    95 I         : .(0)[95:kworker/u16:1][force_get_tbat] 560,558,1,281,0,394 r:100 0 0
05-20 00:32:33.481    95    95 I .(0)[95:kworker/u16:1][force_get_tbat] t: 39 precise:394
05-20 00:32:33.495   323   323 I .(6)[323:recovery]mtk-tpd: [tpd_fb_notifier_callback:434] tpd_fb_notifier_callback
05-20 00:32:33.529   323   323 I .(6)[323:recovery]mtk-tpd: [tpd_fb_notifier_callback:434] tpd_fb_notifier_callback
05-20 00:32:33.533   253   253 I         : .(1)[253:kworker/u16:3][pmic_enable_interrupt] intNo=44, en=1, depth=0
05-20 00:32:33.562   323   323 I .(6)[323:recovery]mtk-tpd: [tpd_fb_notifier_callback:434] tpd_fb_notifier_callback
05-20 00:32:33.570   253   253 I         : .(1)[253:kworker/u16:3][pmic_enable_interrupt] intNo=44, en=0, depth=1
05-20 00:32:33.595   323   323 I .(6)[323:recovery]mtk-tpd: [tpd_fb_notifier_callback:434] tpd_fb_notifier_callback
05-20 00:32:33.628   323   323 I .(6)[323:recovery]mtk-tpd: [tpd_fb_notifier_callback:434] tpd_fb_notifier_callback
05-20 00:32:33.730   253   253 I .(1)[253:kworker/u16:3]mt635x-auxadc mt635x-auxadc: name:VPROC_TEMP, channel=4, adc_out=0x5cf, adc_result=653
05-20 00:32:33.861   323   323 I .(6)[323:recovery]mtk-tpd: [tpd_fb_notifier_callback:434] tpd_fb_notifier_callback
05-20 00:32:33.895   323   323 I .(6)[323:recovery]mtk-tpd: [tpd_fb_notifier_callback:434] tpd_fb_notifier_callback
05-20 00:32:33.899   253   253 I         : .(0)[253:kworker/u16:3][pmic_enable_interrupt] intNo=44, en=1, depth=0
05-20 00:32:33.928   323   323 I .(6)[323:recovery]mtk-tpd: [tpd_fb_notifier_callback:434] tpd_fb_notifier_callback
05-20 00:32:33.936   253   253 I         : .(0)[253:kworker/u16:3][pmic_enable_interrupt] intNo=44, en=0, depth=1
05-20 00:32:33.961   323   323 I .(6)[323:recovery]mtk-tpd: [tpd_fb_notifier_callback:434] tpd_fb_notifier_callback
05-20 00:32:33.986    48    48 I         : .(0)[48:kworker/0:1]MTP, <do_monitor_work(), 1802> IN <9871 19739 0 0 9871 9871 19739 0 0 >
05-20 00:32:33.986   253   253 I .(2)[253:kworker/u16:3]mt635x-auxadc mt635x-auxadc: name:VGPU_TEMP, channel=4, adc_out=0x5cd, adc_result=652
05-20 00:32:33.987    48    48 I         : .(0)[48:kworker/0:1]MTP, <do_monitor_work(), 1807> OUT <9870 19739 0 0 9871 9870 19739 0 0 >
05-20 00:32:33.994   323   323 I .(6)[323:recovery]mtk-tpd: [tpd_fb_notifier_callback:434] tpd_fb_notifier_callback
05-20 00:32:34.610   323   323 I chatty  : uid=0(root) identical 2 lines
05-20 00:32:34.643   323   323 I .(6)[323:recovery]mtk-tpd: [tpd_fb_notifier_callback:434] tpd_fb_notifier_callback
05-20 00:32:34.648   253   253 I         : .(0)[253:kworker/u16:3][pmic_enable_interrupt] intNo=44, en=1, depth=0
05-20 00:32:34.676   323   323 I .(6)[323:recovery]mtk-tpd: [tpd_fb_notifier_callback:434] tpd_fb_notifier_callback
05-20 00:32:34.684   253   253 I         : .(0)[253:kworker/u16:3][pmic_enable_interrupt] intNo=44, en=0, depth=1
05-20 00:32:34.709   323   323 I .(6)[323:recovery]mtk-tpd: [tpd_fb_notifier_callback:434] tpd_fb_notifier_callback
05-20 00:32:34.743   323   323 I .(6)[323:recovery]mtk-tpd: [tpd_fb_notifier_callback:434] tpd_fb_notifier_callback
05-20 00:32:34.754   253   253 I .(0)[253:kworker/u16:3]mt635x-auxadc mt635x-auxadc: name:VPROC_TEMP, channel=4, adc_out=0x5cf, adc_result=653
05-20 00:32:34.976   323   323 I .(6)[323:recovery]mtk-tpd: [tpd_fb_notifier_callback:434] tpd_fb_notifier_callback
05-20 00:32:35.009   323   323 I .(6)[323:recovery]mtk-tpd: [tpd_fb_notifier_callback:434] tpd_fb_notifier_callback
05-20 00:32:35.010    48    48 I         : .(0)[48:kworker/0:1]MTP, <do_monitor_work(), 1802> IN <9871 19739 0 0 9871 9871 19739 0 0 >
05-20 00:32:35.011    48    48 I         : .(0)[48:kworker/0:1]MTP, <do_monitor_work(), 1807> OUT <9870 19739 0 0 9871 9870 19739 0 0 >
05-20 00:32:35.014   253   253 I .(0)[253:kworker/u16:3]mt635x-auxadc mt635x-auxadc: name:VGPU_TEMP, channel=4, adc_out=0x5cd, adc_result=652
05-20 00:32:35.042   323   323 I .(6)[323:recovery]mtk-tpd: [tpd_fb_notifier_callback:434] tpd_fb_notifier_callback
05-20 00:32:35.047   253   253 I         : .(2)[253:kworker/u16:3][pmic_enable_interrupt] intNo=44, en=1, depth=0
05-20 00:32:35.075   323   323 I .(6)[323:recovery]mtk-tpd: [tpd_fb_notifier_callback:434] tpd_fb_notifier_callback
05-20 00:32:35.084   253   253 I         : .(2)[253:kworker/u16:3][pmic_enable_interrupt] intNo=44, en=0, depth=1
05-20 00:32:35.109   323   323 I .(6)[323:recovery]mtk-tpd: [tpd_fb_notifier_callback:434] tpd_fb_notifier_callback
05-20 00:32:35.208   323   323 I chatty  : uid=0(root) identical 2 lines
05-20 00:32:35.242   323   323 I .(6)[323:recovery]mtk-tpd: [tpd_fb_notifier_callback:434] tpd_fb_notifier_callback
05-20 00:32:35.247   253   253 I         : .(2)[253:kworker/u16:3][pmic_enable_interrupt] intNo=44, en=1, depth=0
05-20 00:32:35.275   323   323 I .(6)[323:recovery]mtk-tpd: [tpd_fb_notifier_callback:434] tpd_fb_notifier_callback
05-20 00:32:35.284   253   253 I         : .(2)[253:kworker/u16:3][pmic_enable_interrupt] intNo=44, en=0, depth=1
05-20 00:32:35.308   323   323 I .(6)[323:recovery]mtk-tpd: [tpd_fb_notifier_callback:434] tpd_fb_notifier_callback
05-20 00:32:35.341   323   323 I .(6)[323:recovery]mtk-tpd: [tpd_fb_notifier_callback:434] tpd_fb_notifier_callback
05-20 00:32:35.778   193   193 I         : .(0)[193:hang_detect][Hang_Detect] hang_detect thread counts down 2147483647:2147483647, status 0.
05-20 00:32:35.778   253   253 I .(2)[253:kworker/u16:3]mt635x-auxadc mt635x-auxadc: name:VPROC_TEMP, channel=4, adc_out=0x5cf, adc_result=653
05-20 00:32:35.782   102   102 I         : .(0)[102:dlpt_notify_thr][MDRT_ADC] OLD = 0x2b6b, NOW = 0x2b51, CNT = 0
05-20 00:32:35.783   102   102 I         : .(0)[102:dlpt_notify_thr]vbat_out_old=40270, vthr=681, T_curr=431, vbat_out=40315
05-20 00:32:35.785   102   102 I .(0)[102:dlpt_notify_thr]mt635x-auxadc mt635x-auxadc: name:BATADC, channel=0, adc_out=0x5f77, adc_result=4032
05-20 00:32:35.789   102   102 I         : .(0)[102:dlpt_notify_thr]vbat_out_old=40280, vthr=681, T_curr=431, vbat_out=40325
05-20 00:32:35.790   102   102 I .(0)[102:dlpt_notify_thr]mt635x-auxadc mt635x-auxadc: name:BATADC, channel=0, adc_out=0x5f80, adc_result=4033
05-20 00:32:35.792   102   102 I         : .(0)[102:dlpt_notify_thr][PBM] [ma_to_mw] 4033(mV) * 5209(mA) = 21007(mW)
05-20 00:32:35.792    95    95 I .(1)[95:kworker/u16:1]mt635x-auxadc mt635x-auxadc: name:VCORE_TEMP, channel=4, adc_out=0x5cd, adc_result=652
05-20 00:32:35.793   102   102 I         : .(0)[102:dlpt_notify_thr][DLPT_final] 5209,58,58,1,5500
05-20 00:32:35.828   657   657 I sh      : type=1400 audit(0.0:3881): avc: denied { write } for name="0" dev="mmcblk0p38" ino=1177349 scontext=u:r:recovery:s0 tcontext=u:object_r:media_rw_data_file:s0 tclass=dir permissive=1
05-20 00:32:35.828   657   657 I sh      : type=1400 audit(0.0:3882): avc: denied { add_name } for name="dmesg.txt" scontext=u:r:recovery:s0 tcontext=u:object_r:media_rw_data_file:s0 tclass=dir permissive=1
05-20 00:32:35.828   657   657 I sh      : type=1400 audit(0.0:3883): avc: denied { create } for name="dmesg.txt" scontext=u:r:recovery:s0 tcontext=u:object_r:media_rw_data_file:s0 tclass=file permissive=1
05-20 00:32:35.837    95    95 I         : .(1)[95:kworker/u16:1][pmic_enable_interrupt] intNo=44, en=1, depth=0
05-20 00:32:35.874    95    95 I         : .(1)[95:kworker/u16:1][pmic_enable_interrupt] intNo=44, en=0, depth=1
05-20 00:32:35.890   323   323 I .(6)[323:recovery]mtk-tpd: [tpd_fb_notifier_callback:434] tpd_fb_notifier_callback
05-20 00:32:36.034    48    48 I         : .(0)[48:kworker/0:1]MTP, <do_monitor_work(), 1802> IN <9871 19739 0 0 9871 9871 19739 0 0 >
05-20 00:32:36.034    95    95 I .(1)[95:kworker/u16:1]mt635x-auxadc mt635x-auxadc: name:VGPU_TEMP, channel=4, adc_out=0x5cd, adc_result=652
05-20 00:32:36.035    48    48 I         : .(0)[48:kworker/0:1]MTP, <do_monitor_work(), 1807> OUT <9870 19739 0 0 9871 9870 19739 0 0 >
05-20 00:32:36.567    95    95 I         : .(0)[95:kworker/u16:1][fgauge_read_current] final current=5348 (ratio=1000)
05-20 00:32:36.568    95    95 I         : .(0)[95:kworker/u16:1][CH3_DBG] bat_cur = 5348
05-20 00:32:36.569    95    95 I         : .(0)[95:kworker/u16:1][fgauge_read_current] final current=5340 (ratio=1000)
05-20 00:32:36.570    95    95 I         : .(0)[95:kworker/u16:1][BattVoltToTemp] 562 24000 2802 -5
05-20 00:32:36.571    95    95 I         : .(0)[95:kworker/u16:1][force_get_tbat] 567,562,1,534,0,391 r:100 0 0
05-20 00:32:36.572    95    95 I .(0)[95:kworker/u16:1][force_get_tbat] t: 39 precise:391
05-20 00:32:36.630    95    95 W .(0)[95:kworker/u16:1]FG_CW2015: get_charge_state : ac_online = 0    usb_online = 1
