05-19 12:41:14.255  1245  1706 I Telecom : PhoneAccountRegistrar: getSimCallManager: SimCallManager for subId 2 queried, returning: null: TSI.rPA@AC0
05-19 12:41:14.255  1245  1706 I Telecom : PhoneAccountRegistrar: Notifying telephony of voice service override change for 1 SIMs, hasService = false: TSI.rPA@AC0
05-19 12:41:14.257  1245  1447 D Fingerprint21: Daemon was null, reconnecting, current operation: null
05-19 12:41:14.259  1245  1447 W Fingerprint21: NoSuchElementException
05-19 12:41:14.259  1245  1447 W Fingerprint21: java.util.NoSuchElementException
05-19 12:41:14.259  1245  1447 W Fingerprint21: 	at android.os.HwBinder.getService(Native Method)
05-19 12:41:14.259  1245  1447 W Fingerprint21: 	at android.os.HwBinder.getService(HwBinder.java:81)
05-19 12:41:14.259  1245  1447 W Fingerprint21: 	at android.hardware.biometrics.fingerprint.V2_1.IBiometricsFingerprint.getService(IBiometricsFingerprint.java:74)
05-19 12:41:14.259  1245  1447 W Fingerprint21: 	at android.hardware.biometrics.fingerprint.V2_1.IBiometricsFingerprint.getService(IBiometricsFingerprint.java:84)
05-19 12:41:14.259  1245  1447 W Fingerprint21: 	at com.android.server.biometrics.sensors.fingerprint.hidl.Fingerprint21.getDaemon(Fingerprint21.java:422)
05-19 12:41:14.259  1245  1447 W Fingerprint21: 	at com.android.server.biometrics.sensors.fingerprint.hidl.Fingerprint21.isHardwareDetected(Fingerprint21.java:775)
05-19 12:41:14.259  1245  1447 W Fingerprint21: 	at com.android.server.biometrics.sensors.fingerprint.FingerprintService$FingerprintServiceWrapper.isHardwareDetectedDeprecated(FingerprintService.java:683)
05-19 12:41:14.259  1245  1447 W Fingerprint21: 	at android.hardware.fingerprint.IFingerprintService$Stub.onTransact(IFingerprintService.java:689)
05-19 12:41:14.259  1245  1447 W Fingerprint21: 	at android.os.Binder.execTransactInternal(Binder.java:1285)
05-19 12:41:14.259  1245  1447 W Fingerprint21: 	at android.os.Binder.execTransact(Binder.java:1244)
05-19 12:41:14.259  1245  1447 W Fingerprint21: Fingerprint HAL not available
05-19 12:41:14.259  2064  2064 V ActivityThread: getPackageInfo() caused update to cached ApplicationInfo for package com.google.android.gms
05-19 12:41:14.263  1245  1448 D SystemServerTiming: getUserSwitchability-0
05-19 12:41:14.263  1245  1448 D SystemServerTiming: TM.isInCall
05-19 12:41:14.264  1245  1448 D SystemServerTiming: hasUserRestriction-DISALLOW_USER_SWITCH
05-19 12:41:14.264  1245  1448 D SystemServerTiming: getInt-ALLOW_USER_SWITCHING_WHEN_SYSTEM_USER_LOCKED
05-19 12:41:14.264  1245  1448 D SystemServerTiming: isUserUnlocked-USER_SYSTEM
05-19 12:41:14.319  1245  1299 W BatteryExternalStatsWorker: error reading Bluetooth stats: 9
05-19 12:41:14.322  1245  1268 I EntropyMixer: Updated seed file
05-19 12:41:14.525  1245  2063 I Telecom : PhoneAccountRegistrar: Modify account: [ComponentInfo{com.android.phone/com.android.services.telephony.TelephonyConnectionService}, 2, UserHandle{0}]: TSI.rPA@ADI
05-19 12:41:14.527  1245  2063 I Telecom : CallsManager: handlePhoneAccountChanged: phoneAccount=[[X] PhoneAccount: ComponentInfo{com.android.phone/com.android.services.telephony.TelephonyConnectionService}, 2, UserHandle{0} Capabilities: SuppVideo CallProvider MultiUser PlaceEmerg SimSub  Audio Routes: BESW Schemes: tel voicemail  Extras: Bundle[{android.telecom.extra.SUPPORTS_VIDEO_CALLING_FALLBACK=true}] GroupId: ***]: TSI.rPA@ADI
05-19 12:41:14.530  1245  2063 I Telecom : PhoneAccountRegistrar: getSimCallManager: SimCallManager for subId 2 queried, returning: null: TSI.rPA@ADI
05-19 12:41:14.530  1245  2063 I Telecom : PhoneAccountRegistrar: Notifying telephony of voice service override change for 1 SIMs, hasService = false: TSI.rPA@ADI
05-19 12:41:14.559  1245  2063 W ActivityManager: Unable to start service Intent { act=android.service.smartspace.SmartspaceService cmp=com.google.android.as/com.google.android.apps.miphone.aiai.app.AiAiSmartspaceService } U=0: not found
05-19 12:41:14.559  1245  2063 W RemoteSmartspaceService: could not bind to Intent { act=android.service.smartspace.SmartspaceService cmp=com.google.android.as/com.google.android.apps.miphone.aiai.app.AiAiSmartspaceService } using flags 67112961
05-19 12:41:14.560  1245  1245 W ActivityManager: Unbind failed: could not find connection for android.app.LoadedApk$ServiceDispatcher$InnerConnection@c3e45cb
05-19 12:41:14.560  1245  2063 W ActivityManager: Unable to start service Intent { act=android.service.smartspace.SmartspaceService cmp=com.google.android.as/com.google.android.apps.miphone.aiai.app.AiAiSmartspaceService } U=0: not found
05-19 12:41:14.560  1245  2063 W RemoteSmartspaceService: could not bind to Intent { act=android.service.smartspace.SmartspaceService cmp=com.google.android.as/com.google.android.apps.miphone.aiai.app.AiAiSmartspaceService } using flags 67112961
05-19 12:41:14.561  1245  1245 W ActivityManager: Unbind failed: could not find connection for android.app.LoadedApk$ServiceDispatcher$InnerConnection@fd8d4c1
05-19 12:41:14.561  1245  1448 W ActivityManager: Unable to start service Intent { act=android.service.smartspace.SmartspaceService cmp=com.google.android.as/com.google.android.apps.miphone.aiai.app.AiAiSmartspaceService } U=0: not found
05-19 12:41:14.562  1245  1448 W RemoteSmartspaceService: could not bind to Intent { act=android.service.smartspace.SmartspaceService cmp=com.google.android.as/com.google.android.apps.miphone.aiai.app.AiAiSmartspaceService } using flags 67112961
05-19 12:41:14.562  1245  1245 W ActivityManager: Unbind failed: could not find connection for android.app.LoadedApk$ServiceDispatcher$InnerConnection@7e973a7
05-19 12:41:14.672  1245  1447 W ActivityManager: Unable to start service Intent { act=android.service.smartspace.SmartspaceService cmp=com.google.android.as/com.google.android.apps.miphone.aiai.app.AiAiSmartspaceService } U=0: not found
05-19 12:41:14.672  1245  1447 W RemoteSmartspaceService: could not bind to Intent { act=android.service.smartspace.SmartspaceService cmp=com.google.android.as/com.google.android.apps.miphone.aiai.app.AiAiSmartspaceService } using flags 67112961
05-19 12:41:14.673  1245  1245 W ActivityManager: Unbind failed: could not find connection for android.app.LoadedApk$ServiceDispatcher$InnerConnection@8b138f3
05-19 12:41:14.673  1245  1447 W ActivityManager: Unable to start service Intent { act=android.service.smartspace.SmartspaceService cmp=com.google.android.as/com.google.android.apps.miphone.aiai.app.AiAiSmartspaceService } U=0: not found
05-19 12:41:14.673  1245  1447 W RemoteSmartspaceService: could not bind to Intent { act=android.service.smartspace.SmartspaceService cmp=com.google.android.as/com.google.android.apps.miphone.aiai.app.AiAiSmartspaceService } using flags 67112961
05-19 12:41:14.673  1245  1245 W ActivityManager: Unbind failed: could not find connection for android.app.LoadedApk$ServiceDispatcher$InnerConnection@51c714f
05-19 12:41:14.674  1245  1447 W ActivityManager: Unable to start service Intent { act=android.service.smartspace.SmartspaceService cmp=com.google.android.as/com.google.android.apps.miphone.aiai.app.AiAiSmartspaceService } U=0: not found
05-19 12:41:14.674  1245  1447 W RemoteSmartspaceService: could not bind to Intent { act=android.service.smartspace.SmartspaceService cmp=com.google.android.as/com.google.android.apps.miphone.aiai.app.AiAiSmartspaceService } using flags 67112961
05-19 12:41:14.674  1245  1245 W ActivityManager: Unbind failed: could not find connection for android.app.LoadedApk$ServiceDispatcher$InnerConnection@aae15e5
05-19 12:41:14.674  1245  1447 W ActivityManager: Unable to start service Intent { act=android.service.smartspace.SmartspaceService cmp=com.google.android.as/com.google.android.apps.miphone.aiai.app.AiAiSmartspaceService } U=0: not found
05-19 12:41:14.674  1245  1447 W RemoteSmartspaceService: could not bind to Intent { act=android.service.smartspace.SmartspaceService cmp=com.google.android.as/com.google.android.apps.miphone.aiai.app.AiAiSmartspaceService } using flags 67112961
05-19 12:41:14.674  1245  1245 W ActivityManager: Unbind failed: could not find connection for android.app.LoadedApk$ServiceDispatcher$InnerConnection@358d36b
05-19 12:41:14.675  1245  1447 W ActivityManager: Unable to start service Intent { act=android.service.smartspace.SmartspaceService cmp=com.google.android.as/com.google.android.apps.miphone.aiai.app.AiAiSmartspaceService } U=0: not found
05-19 12:41:14.675  1245  1447 W RemoteSmartspaceService: could not bind to Intent { act=android.service.smartspace.SmartspaceService cmp=com.google.android.as/com.google.android.apps.miphone.aiai.app.AiAiSmartspaceService } using flags 67112961
05-19 12:41:14.675  1245  1245 W ActivityManager: Unbind failed: could not find connection for android.app.LoadedApk$ServiceDispatcher$InnerConnection@eaf3b47
05-19 12:41:14.676  1245  1706 W ActivityManager: Unable to start service Intent { act=android.service.smartspace.SmartspaceService cmp=com.google.android.as/com.google.android.apps.miphone.aiai.app.AiAiSmartspaceService } U=0: not found
05-19 12:41:14.676  1245  1706 W RemoteSmartspaceService: could not bind to Intent { act=android.service.smartspace.SmartspaceService cmp=com.google.android.as/com.google.android.apps.miphone.aiai.app.AiAiSmartspaceService } using flags 67112961
05-19 12:41:14.676  1245  1245 W ActivityManager: Unbind failed: could not find connection for android.app.LoadedApk$ServiceDispatcher$InnerConnection@41a44e3
05-19 12:41:14.677  1245  1706 W ActivityManager: Unable to start service Intent { act=android.service.smartspace.SmartspaceService cmp=com.google.android.as/com.google.android.apps.miphone.aiai.app.AiAiSmartspaceService } U=0: not found
05-19 12:41:14.677  1245  1706 W RemoteSmartspaceService: could not bind to Intent { act=android.service.smartspace.SmartspaceService cmp=com.google.android.as/com.google.android.apps.miphone.aiai.app.AiAiSmartspaceService } using flags 67112961
05-19 12:41:14.677  1245  1245 W ActivityManager: Unbind failed: could not find connection for android.app.LoadedApk$ServiceDispatcher$InnerConnection@db8e599
05-19 12:41:14.691  1245  1706 W ActivityManager: Unable to start service Intent { act=android.service.smartspace.SmartspaceService cmp=com.google.android.as/com.google.android.apps.miphone.aiai.app.AiAiSmartspaceService } U=0: not found
05-19 12:41:14.691  1245  1706 W RemoteSmartspaceService: could not bind to Intent { act=android.service.smartspace.SmartspaceService cmp=com.google.android.as/com.google.android.apps.miphone.aiai.app.AiAiSmartspaceService } using flags 67112961
05-19 12:41:14.692  1245  1245 W ActivityManager: Unbind failed: could not find connection for android.app.LoadedApk$ServiceDispatcher$InnerConnection@ba24c3f
05-19 12:41:14.692  1245  1706 W ActivityManager: Unable to start service Intent { act=android.service.smartspace.SmartspaceService cmp=com.google.android.as/com.google.android.apps.miphone.aiai.app.AiAiSmartspaceService } U=0: not found
05-19 12:41:14.692  1245  1706 W RemoteSmartspaceService: could not bind to Intent { act=android.service.smartspace.SmartspaceService cmp=com.google.android.as/com.google.android.apps.miphone.aiai.app.AiAiSmartspaceService } using flags 67112961
05-19 12:41:14.692  1245  1245 W ActivityManager: Unbind failed: could not find connection for android.app.LoadedApk$ServiceDispatcher$InnerConnection@9294255
05-19 12:41:14.693  1245  1706 W ActivityManager: Unable to start service Intent { act=android.service.smartspace.SmartspaceService cmp=com.google.android.as/com.google.android.apps.miphone.aiai.app.AiAiSmartspaceService } U=0: not found
05-19 12:41:14.693  1245  1706 W RemoteSmartspaceService: could not bind to Intent { act=android.service.smartspace.SmartspaceService cmp=com.google.android.as/com.google.android.apps.miphone.aiai.app.AiAiSmartspaceService } using flags 67112961
05-19 12:41:14.693  1245  1245 W ActivityManager: Unbind failed: could not find connection for android.app.LoadedApk$ServiceDispatcher$InnerConnection@b796d5b
05-19 12:41:14.776  1245  2063 W BroadcastQueue: Permission Denial: receiving Intent { act=android.intent.action.SERVICE_STATE flg=0x1000010 (has extras) } to com.android.cellbroadcastreceiver.module/com.android.cellbroadcastreceiver.CellBroadcastReceiver requires android.permission.ACCESS_FINE_LOCATION due to sender android (uid 1001)
05-19 12:41:14.776  1245  2063 D OomAdjuster: Not killing cached processes
05-19 12:41:14.786  1245  1279 W BroadcastQueue: Permission Denial: receiving Intent { act=android.intent.action.SERVICE_STATE flg=0x1000010 (has extras) } to com.android.cellbroadcastreceiver.module/com.android.cellbroadcastreceiver.CellBroadcastReceiver requires android.permission.ACCESS_FINE_LOCATION due to sender android (uid 1001)
05-19 12:41:14.793  1245  1279 W BroadcastQueue: Background execution not allowed: receiving Intent { act=android.intent.action.ACTION_POWER_CONNECTED flg=0x4000010 (has extras) } to com.google.android.gms/.chimera.GmsIntentOperationService$PersistentTrustedReceiver
05-19 12:41:14.800  1245  1706 W ActivityManager: Unable to start service Intent { act=android.service.smartspace.SmartspaceService cmp=com.google.android.as/com.google.android.apps.miphone.aiai.app.AiAiSmartspaceService } U=0: not found
05-19 12:41:14.800  1245  1706 W RemoteSmartspaceService: could not bind to Intent { act=android.service.smartspace.SmartspaceService cmp=com.google.android.as/com.google.android.apps.miphone.aiai.app.AiAiSmartspaceService } using flags 67112961
05-19 12:41:14.800  1245  1245 W ActivityManager: Unbind failed: could not find connection for android.app.LoadedApk$ServiceDispatcher$InnerConnection@18cc32f
05-19 12:41:14.800  1245  1706 W ActivityManager: Unable to start service Intent { act=android.service.smartspace.SmartspaceService cmp=com.google.android.as/com.google.android.apps.miphone.aiai.app.AiAiSmartspaceService } U=0: not found
05-19 12:41:14.800  1245  1706 W RemoteSmartspaceService: could not bind to Intent { act=android.service.smartspace.SmartspaceService cmp=com.google.android.as/com.google.android.apps.miphone.aiai.app.AiAiSmartspaceService } using flags 67112961
05-19 12:41:14.801  1245  1245 W ActivityManager: Unbind failed: could not find connection for android.app.LoadedApk$ServiceDispatcher$InnerConnection@aac634b
05-19 12:41:14.801  1245  1706 W ActivityManager: Unable to start service Intent { act=android.service.smartspace.SmartspaceService cmp=com.google.android.as/com.google.android.apps.miphone.aiai.app.AiAiSmartspaceService } U=0: not found
05-19 12:41:14.801  1245  1706 W RemoteSmartspaceService: could not bind to Intent { act=android.service.smartspace.SmartspaceService cmp=com.google.android.as/com.google.android.apps.miphone.aiai.app.AiAiSmartspaceService } using flags 67112961
05-19 12:41:14.801  1245  1245 W ActivityManager: Unbind failed: could not find connection for android.app.LoadedApk$ServiceDispatcher$InnerConnection@3c1ee41
05-19 12:41:14.801  1245  1706 W ActivityManager: Unable to start service Intent { act=android.service.smartspace.SmartspaceService cmp=com.google.android.as/com.google.android.apps.miphone.aiai.app.AiAiSmartspaceService } U=0: not found
05-19 12:41:14.801  1245  1706 W RemoteSmartspaceService: could not bind to Intent { act=android.service.smartspace.SmartspaceService cmp=com.google.android.as/com.google.android.apps.miphone.aiai.app.AiAiSmartspaceService } using flags 67112961
05-19 12:41:14.802  1245  1245 W ActivityManager: Unbind failed: could not find connection for android.app.LoadedApk$ServiceDispatcher$InnerConnection@493f0c3
05-19 12:41:14.802  1245  1706 W ActivityManager: Unable to start service Intent { act=android.service.smartspace.SmartspaceService cmp=com.google.android.as/com.google.android.apps.miphone.aiai.app.AiAiSmartspaceService } U=0: not found
05-19 12:41:14.802  1245  1706 W RemoteSmartspaceService: could not bind to Intent { act=android.service.smartspace.SmartspaceService cmp=com.google.android.as/com.google.android.apps.miphone.aiai.app.AiAiSmartspaceService } using flags 67112961
05-19 12:41:14.802  1245  1245 W ActivityManager: Unbind failed: could not find connection for android.app.LoadedApk$ServiceDispatcher$InnerConnection@4c52479
05-19 12:41:14.802  1245  1706 W ActivityManager: Unable to start service Intent { act=android.service.smartspace.SmartspaceService cmp=com.google.android.as/com.google.android.apps.miphone.aiai.app.AiAiSmartspaceService } U=0: not found
05-19 12:41:14.802  1245  1706 W RemoteSmartspaceService: could not bind to Intent { act=android.service.smartspace.SmartspaceService cmp=com.google.android.as/com.google.android.apps.miphone.aiai.app.AiAiSmartspaceService } using flags 67112961
05-19 12:41:14.803  1245  1245 W ActivityManager: Unbind failed: could not find connection for android.app.LoadedApk$ServiceDispatcher$InnerConnection@73ad61f
05-19 12:41:14.803  1245  1706 W ActivityManager: Unable to start service Intent { act=android.service.smartspace.SmartspaceService cmp=com.google.android.as/com.google.android.apps.miphone.aiai.app.AiAiSmartspaceService } U=0: not found
05-19 12:41:14.803  1245  1706 W RemoteSmartspaceService: could not bind to Intent { act=android.service.smartspace.SmartspaceService cmp=com.google.android.as/com.google.android.apps.miphone.aiai.app.AiAiSmartspaceService } using flags 67112961
05-19 12:41:14.803  1245  1245 W ActivityManager: Unbind failed: could not find connection for android.app.LoadedApk$ServiceDispatcher$InnerConnection@d6a8f35
05-19 12:41:14.884  1245  2063 I Telecom : PhoneAccountRegistrar: Modify account: [ComponentInfo{com.android.phone/com.android.services.telephony.TelephonyConnectionService}, 2, UserHandle{0}]: TSI.rPA@ADc
05-19 12:41:14.885  1245  2063 I Telecom : CallsManager: handlePhoneAccountChanged: phoneAccount=[[X] PhoneAccount: ComponentInfo{com.android.phone/com.android.services.telephony.TelephonyConnectionService}, 2, UserHandle{0} Capabilities: SuppVideo CallProvider MultiUser PlaceEmerg SimSub  Audio Routes: BESW Schemes: tel voicemail  Extras: Bundle[{android.telecom.extra.SUPPORTS_VIDEO_CALLING_FALLBACK=true}] GroupId: ***]: TSI.rPA@ADc
05-19 12:41:14.888  1245  2063 I Telecom : PhoneAccountRegistrar: getSimCallManager: SimCallManager for subId 2 queried, returning: null: TSI.rPA@ADc
05-19 12:41:14.888  1245  2063 I Telecom : PhoneAccountRegistrar: Notifying telephony of voice service override change for 1 SIMs, hasService = false: TSI.rPA@ADc
05-19 12:41:14.976  1245  2063 D Fingerprint21: Daemon was null, reconnecting, current operation: null
05-19 12:41:14.978  1245  2063 W Fingerprint21: NoSuchElementException
05-19 12:41:14.978  1245  2063 W Fingerprint21: java.util.NoSuchElementException
05-19 12:41:14.978  1245  2063 W Fingerprint21: 	at android.os.HwBinder.getService(Native Method)
05-19 12:41:14.978  1245  2063 W Fingerprint21: 	at android.os.HwBinder.getService(HwBinder.java:81)
05-19 12:41:14.978  1245  2063 W Fingerprint21: 	at android.hardware.biometrics.fingerprint.V2_1.IBiometricsFingerprint.getService(IBiometricsFingerprint.java:74)
05-19 12:41:14.978  1245  2063 W Fingerprint21: 	at android.hardware.biometrics.fingerprint.V2_1.IBiometricsFingerprint.getService(IBiometricsFingerprint.java:84)
05-19 12:41:14.978  1245  2063 W Fingerprint21: 	at com.android.server.biometrics.sensors.fingerprint.hidl.Fingerprint21.getDaemon(Fingerprint21.java:422)
05-19 12:41:14.978  1245  2063 W Fingerprint21: 	at com.android.server.biometrics.sensors.fingerprint.hidl.Fingerprint21.isHardwareDetected(Fingerprint21.java:775)
05-19 12:41:14.978  1245  2063 W Fingerprint21: 	at com.android.server.biometrics.sensors.fingerprint.FingerprintService$FingerprintServiceWrapper.isHardwareDetectedDeprecated(FingerprintService.java:683)
05-19 12:41:14.978  1245  2063 W Fingerprint21: 	at android.hardware.fingerprint.IFingerprintService$Stub.onTransact(IFingerprintService.java:689)
05-19 12:41:14.978  1245  2063 W Fingerprint21: 	at android.os.Binder.execTransactInternal(Binder.java:1285)
05-19 12:41:14.978  1245  2063 W Fingerprint21: 	at android.os.Binder.execTransact(Binder.java:1244)
05-19 12:41:14.978  1245  2063 W Fingerprint21: Fingerprint HAL not available
05-19 12:41:14.988  1245  1261 D Fingerprint21: Daemon was null, reconnecting, current operation: null
05-19 12:41:14.989  1245  1261 W Fingerprint21: NoSuchElementException
05-19 12:41:14.989  1245  1261 W Fingerprint21: java.util.NoSuchElementException
05-19 12:41:14.989  1245  1261 W Fingerprint21: 	at android.os.HwBinder.getService(Native Method)
05-19 12:41:14.989  1245  1261 W Fingerprint21: 	at android.os.HwBinder.getService(HwBinder.java:81)
05-19 12:41:14.989  1245  1261 W Fingerprint21: 	at android.hardware.biometrics.fingerprint.V2_1.IBiometricsFingerprint.getService(IBiometricsFingerprint.java:74)
05-19 12:41:14.989  1245  1261 W Fingerprint21: 	at android.hardware.biometrics.fingerprint.V2_1.IBiometricsFingerprint.getService(IBiometricsFingerprint.java:84)
05-19 12:41:14.989  1245  1261 W Fingerprint21: 	at com.android.server.biometrics.sensors.fingerprint.hidl.Fingerprint21.getDaemon(Fingerprint21.java:422)
05-19 12:41:14.989  1245  1261 W Fingerprint21: 	at com.android.server.biometrics.sensors.fingerprint.hidl.Fingerprint21.isHardwareDetected(Fingerprint21.java:775)
05-19 12:41:14.989  1245  1261 W Fingerprint21: 	at com.android.server.biometrics.sensors.fingerprint.FingerprintService$FingerprintServiceWrapper.isHardwareDetectedDeprecated(FingerprintService.java:683)
05-19 12:41:14.989  1245  1261 W Fingerprint21: 	at android.hardware.fingerprint.IFingerprintService$Stub.onTransact(IFingerprintService.java:689)
05-19 12:41:14.989  1245  1261 W Fingerprint21: 	at android.os.Binder.execTransactInternal(Binder.java:1285)
05-19 12:41:14.989  1245  1261 W Fingerprint21: 	at android.os.Binder.execTransact(Binder.java:1244)
05-19 12:41:14.989  1245  1261 W Fingerprint21: Fingerprint HAL not available
05-19 12:41:15.000  1245  2063 D CoreBackPreview: Window{db04401 u0 Wired Charging Animation}: Setting back callback OnBackInvokedCallbackInfo{mCallback=android.window.IOnBackInvokedCallback$Stub$Proxy@4b294e7, mPriority=0}
05-19 12:41:15.651  1245  1447 D SystemServerTiming: getUserSwitchability-0
05-19 12:41:15.651  1245  1447 D SystemServerTiming: TM.isInCall
05-19 12:41:15.652  1245  1447 D SystemServerTiming: hasUserRestriction-DISALLOW_USER_SWITCH
05-19 12:41:15.652  1245  1447 D SystemServerTiming: getInt-ALLOW_USER_SWITCHING_WHEN_SYSTEM_USER_LOCKED
05-19 12:41:15.652  1245  1447 D SystemServerTiming: isUserUnlocked-USER_SYSTEM
05-19 12:41:15.883  1245  1279 D CompatibilityChangeReporter: Compat change id reported: 168419799; UID 10447; state: DISABLED
05-19 12:41:15.883  1245  1279 D CompatibilityChangeReporter: Compat change id reported: 273564678; UID 10447; state: DISABLED
05-19 12:41:15.900  1245  2063 D SystemServerTiming: getUserSwitchability-0
05-19 12:41:15.901  1245  2063 D SystemServerTiming: TM.isInCall
05-19 12:41:15.901  1245  1706 D SystemServerTiming: getUserSwitchability-0
05-19 12:41:15.901  1245  1706 D SystemServerTiming: TM.isInCall
05-19 12:41:15.901  1245  2063 D SystemServerTiming: hasUserRestriction-DISALLOW_USER_SWITCH
05-19 12:41:15.901  1245  2063 D SystemServerTiming: getInt-ALLOW_USER_SWITCHING_WHEN_SYSTEM_USER_LOCKED
05-19 12:41:15.901  1245  2063 D SystemServerTiming: isUserUnlocked-USER_SYSTEM
05-19 12:41:15.901  1245  1706 D SystemServerTiming: hasUserRestriction-DISALLOW_USER_SWITCH
05-19 12:41:15.901  1245  1706 D SystemServerTiming: getInt-ALLOW_USER_SWITCHING_WHEN_SYSTEM_USER_LOCKED
05-19 12:41:15.901  1245  1706 D SystemServerTiming: isUserUnlocked-USER_SYSTEM
05-19 12:41:15.906  1245  1706 W ActivityManager: Unable to start service Intent { cmp=com.google.android.dialer/com.google.apps.tiktok.concurrent.AndroidFuturesService (has extras) } U=0: not found
05-19 12:41:15.938  1245  2063 D SystemServerTiming: getUserSwitchability-0
05-19 12:41:15.938  1245  1448 D SystemServerTiming: getUserSwitchability-0
05-19 12:41:15.938  1245  1706 W ActivityManager: Unable to start service Intent { cmp=com.google.android.dialer/com.google.apps.tiktok.concurrent.AndroidFuturesService (has extras) } U=0: not found
05-19 12:41:15.938  1245  2063 D SystemServerTiming: TM.isInCall
05-19 12:41:15.938  1245  1448 D SystemServerTiming: TM.isInCall
05-19 12:41:15.939  1245  2063 D SystemServerTiming: hasUserRestriction-DISALLOW_USER_SWITCH
05-19 12:41:15.939  1245  2063 D SystemServerTiming: getInt-ALLOW_USER_SWITCHING_WHEN_SYSTEM_USER_LOCKED
05-19 12:41:15.939  1245  1448 D SystemServerTiming: hasUserRestriction-DISALLOW_USER_SWITCH
05-19 12:41:15.939  1245  1448 D SystemServerTiming: getInt-ALLOW_USER_SWITCHING_WHEN_SYSTEM_USER_LOCKED
05-19 12:41:15.939  1245  2063 D SystemServerTiming: isUserUnlocked-USER_SYSTEM
05-19 12:41:15.939  1245  1448 D SystemServerTiming: isUserUnlocked-USER_SYSTEM
05-19 12:41:16.055  1245  1447 I Telecom : PhoneAccountRegistrar: Modify account: [ComponentInfo{com.android.phone/com.android.services.telephony.TelephonyConnectionService}, 2, UserHandle{0}]: TSI.rPA@AEM
05-19 12:41:16.056  1245  1447 I Telecom : CallsManager: handlePhoneAccountChanged: phoneAccount=[[X] PhoneAccount: ComponentInfo{com.android.phone/com.android.services.telephony.TelephonyConnectionService}, 2, UserHandle{0} Capabilities: SuppVideo CallProvider MultiUser PlaceEmerg SimSub  Audio Routes: BESW Schemes: tel voicemail  Extras: Bundle[{android.telecom.extra.SUPPORTS_VIDEO_CALLING_FALLBACK=true}] GroupId: ***]: TSI.rPA@AEM
05-19 12:41:16.061  1245  1447 I Telecom : PhoneAccountRegistrar: getSimCallManager: SimCallManager for subId 2 queried, returning: null: TSI.rPA@AEM
05-19 12:41:16.062  1245  1447 I Telecom : PhoneAccountRegistrar: Notifying telephony of voice service override change for 1 SIMs, hasService = false: TSI.rPA@AEM
05-19 12:41:16.169  1245  1447 D CompatibilityChangeReporter: Compat change id reported: 168419799; UID 10446; state: DISABLED
05-19 12:41:16.169  1245  1447 D CompatibilityChangeReporter: Compat change id reported: 273564678; UID 10446; state: DISABLED
05-19 12:41:16.286  1245  1448 I Telecom : PhoneAccountRegistrar: Modify account: [ComponentInfo{com.android.phone/com.android.services.telephony.TelephonyConnectionService}, 2, UserHandle{0}]: TSI.rPA@AEU
05-19 12:41:16.289  1245  1448 I Telecom : CallsManager: handlePhoneAccountChanged: phoneAccount=[[X] PhoneAccount: ComponentInfo{com.android.phone/com.android.services.telephony.TelephonyConnectionService}, 2, UserHandle{0} Capabilities: SuppVideo CallProvider MultiUser PlaceEmerg SimSub  Audio Routes: BESW Schemes: tel voicemail  Extras: Bundle[{android.telecom.extra.SUPPORTS_VIDEO_CALLING_FALLBACK=true}] GroupId: ***]: TSI.rPA@AEU
05-19 12:41:16.292  1245  1448 I Telecom : PhoneAccountRegistrar: getSimCallManager: SimCallManager for subId 2 queried, returning: null: TSI.rPA@AEU
05-19 12:41:16.292  1245  1448 I Telecom : PhoneAccountRegistrar: Notifying telephony of voice service override change for 1 SIMs, hasService = false: TSI.rPA@AEU
05-19 12:41:16.487  1245  1448 I Telecom : PhoneAccountRegistrar: Modify account: [ComponentInfo{com.android.phone/com.android.services.telephony.TelephonyConnectionService}, 2, UserHandle{0}]: TSI.rPA@AEY
05-19 12:41:16.488  1245  1448 I Telecom : CallsManager: handlePhoneAccountChanged: phoneAccount=[[X] PhoneAccount: ComponentInfo{com.android.phone/com.android.services.telephony.TelephonyConnectionService}, 2, UserHandle{0} Capabilities: SuppVideo CallProvider MultiUser PlaceEmerg SimSub  Audio Routes: BESW Schemes: tel voicemail  Extras: Bundle[{android.telecom.extra.SUPPORTS_VIDEO_CALLING_FALLBACK=true}] GroupId: ***]: TSI.rPA@AEY
05-19 12:41:16.491  1245  1448 I Telecom : PhoneAccountRegistrar: getSimCallManager: SimCallManager for subId 2 queried, returning: null: TSI.rPA@AEY
05-19 12:41:16.491  1245  1448 I Telecom : PhoneAccountRegistrar: Notifying telephony of voice service override change for 1 SIMs, hasService = false: TSI.rPA@AEY
05-19 12:41:16.612  1245  1245 I Telecom : PhoneAccountRegistrar: getSimCallManager: SimCallManager for subId 2 queried, returning: null: TSI.gSCMFU@AEo
05-19 12:41:16.623  1245  1245 D CompatibilityChangeReporter: Compat change id reported: 135634846; UID 10407; state: DISABLED
05-19 12:41:16.623  1245  1245 D CompatibilityChangeReporter: Compat change id reported: 177438394; UID 10407; state: DISABLED
05-19 12:41:16.623  1245  1245 D CompatibilityChangeReporter: Compat change id reported: 135772972; UID 10407; state: DISABLED
05-19 12:41:16.624  1245  1245 D CompatibilityChangeReporter: Compat change id reported: 135754954; UID 10407; state: ENABLED
05-19 12:41:16.624  1245  1280 D CompatibilityChangeReporter: Compat change id reported: 143937733; UID 10407; state: ENABLED
05-19 12:41:16.634  1245  1447 W ActivityManager: Unable to start service Intent { cmp=com.google.android.dialer/com.google.apps.tiktok.concurrent.AndroidFuturesService (has extras) } U=0: not found
05-19 12:41:16.636  1245  1280 I ActivityManager: Start proc 2173:android.process.acore/u0a407 for content provider {com.android.providers.blockednumber/com.android.providers.blockednumber.BlockedNumberProvider}
05-19 12:41:16.662  1245  1448 D CompatibilityChangeReporter: Compat change id reported: 168419799; UID 10407; state: DISABLED
05-19 12:41:16.662  1245  1448 D CompatibilityChangeReporter: Compat change id reported: 273564678; UID 10407; state: DISABLED
05-19 12:41:16.664  1245  1371 D CompatibilityChangeReporter: Compat change id reported: 218533173; UID 10407; state: ENABLED
05-19 12:41:16.710  1245  1447 D CompatibilityChangeReporter: Compat change id reported: 161145287; UID 10407; state: DISABLED
05-19 12:41:16.721  1245  1245 W Looper  : Slow dispatch took 107ms main h=android.app.ActivityThread$H c=android.app.LoadedApk$ReceiverDispatcher$Args$$ExternalSyntheticLambda0@4bbf28b m=0
05-19 12:41:16.726  1245  1448 I Telecom : PhoneAccountRegistrar: Modify account: [ComponentInfo{com.android.phone/com.android.services.telephony.TelephonyConnectionService}, 2, UserHandle{0}]: TSI.rPA@AE0
05-19 12:41:16.727  1245  1448 I Telecom : CallsManager: handlePhoneAccountChanged: phoneAccount=[[X] PhoneAccount: ComponentInfo{com.android.phone/com.android.services.telephony.TelephonyConnectionService}, 2, UserHandle{0} Capabilities: SuppVideo CallProvider MultiUser PlaceEmerg SimSub  Audio Routes: BESW Schemes: tel voicemail  Extras: Bundle[{android.telecom.extra.SUPPORTS_VIDEO_CALLING_FALLBACK=true}] GroupId: ***]: TSI.rPA@AE0
05-19 12:41:16.729  1245  1448 I Telecom : PhoneAccountRegistrar: getSimCallManager: SimCallManager for subId 2 queried, returning: null: TSI.rPA@AE0
05-19 12:41:16.729  1245  1448 I Telecom : PhoneAccountRegistrar: Notifying telephony of voice service override change for 1 SIMs, hasService = false: TSI.rPA@AE0
05-19 12:41:16.815  1245  1442 I UsbPortManager: ClientCallback V1_1: dual-role-type_c_port0
05-19 12:41:16.815  1245  1266 I UsbPortManager: USB port changed: port=UsbPort{id=dual-role-type_c_port0, supportedModes=dualsupportedContaminantProtectionModes=0supportsEnableContaminantPresenceProtection=falsesupportsEnableContaminantPresenceDetection=false, status=UsbPortStatus{connected=false, currentMode=none, currentPowerRole=no-power, currentDataRole=no-data, supportedRoleCombinations=[no-power:no-data], contaminantDetectionStatus=0, contaminantProtectionStatus=0, usbDataStatus=unknown, isPowerTransferLimited=false, powerBrickConnectionStatus=unknown}, canChangeMode=false, canChangePowerRole=false, canChangeDataRole=false, connectedAtMillis=0, lastConnectDurationMillis=7096
05-19 12:41:16.819  1245  1299 W BatteryExternalStatsWorker: error reading Bluetooth stats: 9
05-19 12:41:16.821  1245  1279 W BroadcastQueue: Background execution not allowed: receiving Intent { act=android.intent.action.ACTION_POWER_DISCONNECTED flg=0x4000010 (has extras) } to com.google.android.gms/.chimera.GmsIntentOperationService$PersistentTrustedReceiver
05-19 12:41:16.862  1245  2063 I Telecom : PhoneAccountRegistrar: setUserSelectedOutgoingPhoneAccount: ComponentInfo{com.android.phone/com.android.services.telephony.TelephonyConnectionService}, 2, UserHandle{0}: TSI.sUSOPA@AE4
05-19 12:41:16.862  1245  2063 I Telecom : PhoneAccountRegistrar: setUserSelectedOutgoingPhoneAccount: no change in default phoneAccountHandle.  current is same as new.: TSI.sUSOPA@AE4
05-19 12:41:16.867  1245  2063 D CompatibilityChangeReporter: Compat change id reported: 161252188; UID 1000; state: DISABLED
05-19 12:41:16.972  1245  2063 W ActivityManager: Unable to start service Intent { cmp=com.google.android.dialer/com.google.apps.tiktok.concurrent.AndroidFuturesService (has extras) } U=0: not found
05-19 12:41:16.987  1245  2063 D CompatibilityChangeReporter: Compat change id reported: 135634846; UID 1001; state: DISABLED
05-19 12:41:16.987  1245  2063 D CompatibilityChangeReporter: Compat change id reported: 177438394; UID 1001; state: DISABLED
05-19 12:41:16.987  1245  2063 D CompatibilityChangeReporter: Compat change id reported: 135772972; UID 1001; state: DISABLED
05-19 12:41:16.987  1245  2063 D CompatibilityChangeReporter: Compat change id reported: 135754954; UID 1001; state: DISABLED
05-19 12:41:17.002  1245  1280 I ActivityManager: Start proc 2200:com.mediatek.ims/1001 for service {com.mediatek.ims/com.mediatek.ims.MtkDynamicImsService}
05-19 12:41:17.124  1245  2063 D CompatibilityChangeReporter: Compat change id reported: 161145287; UID 1001; state: DISABLED
05-19 12:41:17.276  1245  2063 I Telecom : : isInEmergencyCall: false: TSI.iIEC@AFI
05-19 12:41:17.284  1245  2063 D CompatibilityChangeReporter: Compat change id reported: 157233955; UID 1001; state: DISABLED
05-19 12:41:17.285  1245  1448 I Telecom : : isInEmergencyCall: false: TSI.iIEC@AFM
05-19 12:41:17.426  1245  1448 D CoreBackPreview: Window{db04401 u0 Wired Charging Animation}: Setting back callback null
05-19 12:41:17.537  1245  1261 I Telecom : PhoneAccountRegistrar: Modify account: [ComponentInfo{com.android.phone/com.android.services.telephony.TelephonyConnectionService}, 2, UserHandle{0}]: TSI.rPA@AFQ
05-19 12:41:17.539  1245  1261 I Telecom : CallsManager: handlePhoneAccountChanged: phoneAccount=[[X] PhoneAccount: ComponentInfo{com.android.phone/com.android.services.telephony.TelephonyConnectionService}, 2, UserHandle{0} Capabilities: SuppVideo CallProvider MultiUser PlaceEmerg SimSub  Audio Routes: BESW Schemes: tel voicemail  Extras: Bundle[{android.telecom.extra.SUPPORTS_VIDEO_CALLING_FALLBACK=true}] GroupId: ***]: TSI.rPA@AFQ
05-19 12:41:17.544  1245  1261 I Telecom : PhoneAccountRegistrar: getSimCallManager: SimCallManager for subId 2 queried, returning: null: TSI.rPA@AFQ
05-19 12:41:17.544  1245  1261 I Telecom : PhoneAccountRegistrar: Notifying telephony of voice service override change for 1 SIMs, hasService = false: TSI.rPA@AFQ
05-19 12:41:17.575  1245  1447 I Telecom : PhoneAccountRegistrar: Modify account: [ComponentInfo{com.android.phone/com.android.services.telephony.TelephonyConnectionService}, 2, UserHandle{0}]: TSI.rPA@AFk
05-19 12:41:17.576  1245  1448 W ActivityManager: Unable to start service Intent { cmp=com.google.android.dialer/com.google.apps.tiktok.concurrent.AndroidFuturesService (has extras) } U=0: not found
05-19 12:41:17.576  1245  1447 I Telecom : CallsManager: handlePhoneAccountChanged: phoneAccount=[[X] PhoneAccount: ComponentInfo{com.android.phone/com.android.services.telephony.TelephonyConnectionService}, 2, UserHandle{0} Capabilities: SuppVideo CallProvider MultiUser PlaceEmerg SimSub  Audio Routes: BESW Schemes: tel voicemail  Extras: Bundle[{android.telecom.extra.SUPPORTS_VIDEO_CALLING_FALLBACK=true}] GroupId: ***]: TSI.rPA@AFk
05-19 12:41:17.579  1245  1447 I Telecom : PhoneAccountRegistrar: getSimCallManager: SimCallManager for subId 2 queried, returning: null: TSI.rPA@AFk
05-19 12:41:17.579  1245  1447 I Telecom : PhoneAccountRegistrar: Notifying telephony of voice service override change for 1 SIMs, hasService = false: TSI.rPA@AFk
05-19 12:41:17.818  1245  1266 I UsbPortManager: USB HAL HIDL version: 11
05-19 12:41:18.200  1245  1261 W ContextImpl: Calling a method in the system process without a qualified user: android.app.ContextImpl.sendBroadcastMultiplePermissions:1278 android.content.Context.sendBroadcastMultiplePermissions:2282 com.android.server.TelephonyRegistry.broadcastDataConnectionStateChanged:3281 com.android.server.TelephonyRegistry.notifyDataConnectionForSubscriber:2036 com.android.internal.telephony.ITelephonyRegistry$Stub.onTransact:571 
05-19 12:41:18.239  1245  2063 W ContextImpl: Calling a method in the system process without a qualified user: android.app.ContextImpl.sendBroadcastMultiplePermissions:1278 android.content.Context.sendBroadcastMultiplePermissions:2282 com.android.server.TelephonyRegistry.broadcastDataConnectionStateChanged:3281 com.android.server.TelephonyRegistry.notifyDataConnectionForSubscriber:2036 com.android.internal.telephony.ITelephonyRegistry$Stub.onTransact:571 
05-19 12:41:18.738  1245  2063 I Telecom : PhoneAccountRegistrar: Modify account: [ComponentInfo{com.android.phone/com.android.services.telephony.TelephonyConnectionService}, 2, UserHandle{0}]: TSI.rPA@AFo
05-19 12:41:18.739  1245  2063 I Telecom : CallsManager: handlePhoneAccountChanged: phoneAccount=[[X] PhoneAccount: ComponentInfo{com.android.phone/com.android.services.telephony.TelephonyConnectionService}, 2, UserHandle{0} Capabilities: SuppVideo CallProvider MultiUser PlaceEmerg SimSub  Audio Routes: BESW Schemes: tel voicemail  Extras: Bundle[{android.telecom.extra.SUPPORTS_VIDEO_CALLING_FALLBACK=true}] GroupId: ***]: TSI.rPA@AFo
05-19 12:41:18.743  1245  2063 I Telecom : PhoneAccountRegistrar: getSimCallManager: SimCallManager for subId 2 queried, returning: null: TSI.rPA@AFo
05-19 12:41:18.743  1245  2063 I Telecom : PhoneAccountRegistrar: Notifying telephony of voice service override change for 1 SIMs, hasService = false: TSI.rPA@AFo
05-19 12:41:18.758  1245  2063 I Telecom : PhoneAccountRegistrar: Modify account: [ComponentInfo{com.android.phone/com.android.services.telephony.TelephonyConnectionService}, 2, UserHandle{0}(cap: SuppVideo Video CallProvider MultiUser PlaceEmerg SimSub  -> SuppVideo CallProvider MultiUser PlaceEmerg SimSub )]: TSI.rPA@AFs
05-19 12:41:18.759  1245  2063 I Telecom : CallsManager: handlePhoneAccountChanged: phoneAccount=[[X] PhoneAccount: ComponentInfo{com.android.phone/com.android.services.telephony.TelephonyConnectionService}, 2, UserHandle{0} Capabilities: SuppVideo Video CallProvider MultiUser PlaceEmerg SimSub  Audio Routes: BESW Schemes: tel voicemail  Extras: Bundle[{android.telecom.extra.SUPPORTS_VIDEO_CALLING_FALLBACK=true}] GroupId: ***]: TSI.rPA@AFs
05-19 12:41:18.761  1245  2063 I Telecom : PhoneAccountRegistrar: getSimCallManager: SimCallManager for subId 2 queried, returning: null: TSI.rPA@AFs
05-19 12:41:18.761  1245  2063 I Telecom : PhoneAccountRegistrar: Notifying telephony of voice service override change for 1 SIMs, hasService = false: TSI.rPA@AFs
05-19 12:41:18.967  2268  2269 F libc    : Fatal signal 11 (SIGSEGV), code 1 (SEGV_MAPERR), fault addr 0x0 in tid 2269 (android.hardwar), pid 2268 (android.hardwar)
05-19 12:41:18.991  2276  2276 F DEBUG   : *** *** *** *** *** *** *** *** *** *** *** *** *** *** *** ***
05-19 12:41:18.991  2276  2276 F DEBUG   : Build fingerprint: 'Micromax/derp_yogurt/yogurt:13/TQ3A.230901.001/1747472037:userdebug/release-keys'
05-19 12:41:18.991  2276  2276 F DEBUG   : Revision: '0'
05-19 12:41:18.991  2276  2276 F DEBUG   : ABI: 'arm64'
05-19 12:41:18.991  2276  2276 F DEBUG   : Timestamp: 2025-05-19 12:41:18.982633111+0530
05-19 12:41:18.991  2276  2276 F DEBUG   : Process uptime: 1s
05-19 12:41:18.991  2276  2276 F DEBUG   : Cmdline: /vendor/bin/hw/android.hardware.biometrics.fingerprint@2.1-service.yogurt
05-19 12:41:18.991  2276  2276 F DEBUG   : pid: 2268, tid: 2269, name: android.hardwar  >>> /vendor/bin/hw/android.hardware.biometrics.fingerprint@2.1-service.yogurt <<<
05-19 12:41:18.991  2276  2276 F DEBUG   : uid: 1000
05-19 12:41:18.991  2276  2276 F DEBUG   : signal 11 (SIGSEGV), code 1 (SEGV_MAPERR), fault addr 0x0000000000000000
05-19 12:41:18.991  2276  2276 F DEBUG   : Cause: null pointer dereference
05-19 12:41:18.991  2276  2276 F DEBUG   :     x0  0000007843404408  x1  0000000000000000  x2  0000000000000000  x3  0000000000000000
05-19 12:41:18.991  2276  2276 F DEBUG   :     x4  0000000000000001  x5  0000000000000000  x6  000000784ce3a000  x7  0000000000003f54
05-19 12:41:18.992  2276  2276 F DEBUG   :     x8  a37ccb2f7975f900  x9  0000007847fc6000  x10 0000000000000001  x11 00000077c0000000
05-19 12:41:18.992  2276  2276 F DEBUG   :     x12 0000007843404520  x13 0000000000000000  x14 0000000000000228  x15 0000323bad40994e
05-19 12:41:18.992  2276  2276 F DEBUG   :     x16 0000007847fc6a88  x17 0000007847fb5c38  x18 00000077c1b54000  x19 0000007843404408
05-19 12:41:18.992  2276  2276 F DEBUG   :     x20 00000077c2faa178  x21 0000000000000000  x22 00000077c2dd5000  x23 00000077c0000000
05-19 12:41:18.992  2276  2276 F DEBUG   :     x24 000000000000000f  x25 00000077c2dd4cb0  x26 00000077c2dd4ff8  x27 00000000000fc000
05-19 12:41:18.992  2276  2276 F DEBUG   :     x28 00000000000fe000  x29 00000077c2dd4790
05-19 12:41:18.992  2276  2276 F DEBUG   :     lr  0000007847f0d6c8  sp  00000077c2dd4780  pc  0000007847f2cb94  pst 0000000080001000
05-19 12:41:18.992  2276  2276 F DEBUG   : backtrace:
05-19 12:41:18.992  2276  2276 F DEBUG   :       #00 pc 0000000000072b94  /apex/com.android.runtime/lib64/bionic/libc.so (je_large_dalloc+52) (BuildId: 6e75f65a4c116d6f37b8361b4f491f36)
05-19 12:41:18.992  2276  2276 F DEBUG   :       #01 pc 00000000000536c4  /apex/com.android.runtime/lib64/bionic/libc.so (arena_dalloc_no_tcache+636) (BuildId: 6e75f65a4c116d6f37b8361b4f491f36)
05-19 12:41:18.992  2276  2276 F DEBUG   :       #02 pc 000000000004f8b8  /apex/com.android.runtime/lib64/bionic/libc.so (je_free+744) (BuildId: 6e75f65a4c116d6f37b8361b4f491f36)
05-19 12:41:18.992  2276  2276 F DEBUG   :       #03 pc 000000000000efb4  /apex/com.android.vndk.v33/lib64/libutils.so (android::RefBase::decStrong(void const*) const+108) (BuildId: e15da9cb0a03c10940c3d40ef2b5dbaa)
05-19 12:41:18.992  2276  2276 F DEBUG   :       #04 pc 00000000000673a8  /vendor/lib64/hw/fingerprint.default.so (BuildId: c5e613c15325555b1ec17dfb770f5e2c3cb347e1)
05-19 12:41:18.992  2276  2276 F DEBUG   :       #05 pc 00000000000faf9c  /apex/com.android.runtime/lib64/bionic/libc.so (__pthread_start(void*)+208) (BuildId: 6e75f65a4c116d6f37b8361b4f491f36)
05-19 12:41:18.992  2276  2276 F DEBUG   :       #06 pc 000000000008e0cc  /apex/com.android.runtime/lib64/bionic/libc.so (__start_thread+64) (BuildId: 6e75f65a4c116d6f37b8361b4f491f36)
05-19 12:41:18.996  1245  1502 W NativeCrashListener: Couldn't find ProcessRecord for pid 2268
05-19 12:41:18.998  1245  1336 E NativeTombstoneManager: Tombstone's UID (1000) not an app, ignoring
05-19 12:41:18.998  1245  1336 E NativeTombstoneManager: Tombstone's UID (1000) not an app, ignoring
05-19 12:41:19.098  1245  1442 I UsbPortManager: ClientCallback V1_1: dual-role-type_c_port0
05-19 12:41:19.098  1245  1266 I UsbPortManager: USB port changed: port=UsbPort{id=dual-role-type_c_port0, supportedModes=dualsupportedContaminantProtectionModes=0supportsEnableContaminantPresenceProtection=falsesupportsEnableContaminantPresenceDetection=false, status=UsbPortStatus{connected=true, currentMode=ufp, currentPowerRole=sink, currentDataRole=device, supportedRoleCombinations=[sink:device], contaminantDetectionStatus=0, contaminantProtectionStatus=0, usbDataStatus=unknown, isPowerTransferLimited=false, powerBrickConnectionStatus=unknown}, canChangeMode=false, canChangePowerRole=false, canChangeDataRole=false, connectedAtMillis=27194, lastConnectDurationMillis=0
05-19 12:41:20.103  1245  1266 I UsbPortManager: USB HAL HIDL version: 11
05-19 12:41:20.495  1245  1442 I UsbPortManager: ClientCallback V1_1: dual-role-type_c_port0
05-19 12:41:21.073   444  1517 I keystore2: keystore2::watchdog: Watchdog thread idle -> terminating. Have a great day.
05-19 12:41:22.722  1245  1278 D OomAdjuster: Not killing cached processes
05-19 12:41:22.921  1245  1447 W OverlayManager: service 'idmap' died
05-19 12:41:23.971  2281  2282 F libc    : Fatal signal 11 (SIGSEGV), code 1 (SEGV_MAPERR), fault addr 0x0 in tid 2282 (android.hardwar), pid 2281 (android.hardwar)
05-19 12:41:23.993  2289  2289 F DEBUG   : *** *** *** *** *** *** *** *** *** *** *** *** *** *** *** ***
05-19 12:41:23.993  2289  2289 F DEBUG   : Build fingerprint: 'Micromax/derp_yogurt/yogurt:13/TQ3A.230901.001/1747472037:userdebug/release-keys'
05-19 12:41:23.993  2289  2289 F DEBUG   : Revision: '0'
05-19 12:41:23.993  2289  2289 F DEBUG   : ABI: 'arm64'
05-19 12:41:23.993  2289  2289 F DEBUG   : Timestamp: 2025-05-19 12:41:23.984460688+0530
05-19 12:41:23.993  2289  2289 F DEBUG   : Process uptime: 1s
05-19 12:41:23.993  2289  2289 F DEBUG   : Cmdline: /vendor/bin/hw/android.hardware.biometrics.fingerprint@2.1-service.yogurt
05-19 12:41:23.993  2289  2289 F DEBUG   : pid: 2281, tid: 2282, name: android.hardwar  >>> /vendor/bin/hw/android.hardware.biometrics.fingerprint@2.1-service.yogurt <<<
05-19 12:41:23.993  2289  2289 F DEBUG   : uid: 1000
05-19 12:41:23.993  2289  2289 F DEBUG   : signal 11 (SIGSEGV), code 1 (SEGV_MAPERR), fault addr 0x0000000000000000
05-19 12:41:23.993  2289  2289 F DEBUG   : Cause: null pointer dereference
05-19 12:41:23.993  2289  2289 F DEBUG   :     x0  000000746ec06c08  x1  0000000000000000  x2  0000000000000000  x3  0000000000000000
05-19 12:41:23.993  2289  2289 F DEBUG   :     x4  0000000000000001  x5  0000000000000000  x6  0000007471d94000  x7  0000000000004b10
05-19 12:41:23.993  2289  2289 F DEBUG   :     x8  42ce4da8a90e2400  x9  000000746f778000  x10 0000000000000001  x11 00000073c0000000
05-19 12:41:23.993  2289  2289 F DEBUG   :     x12 000000746ec06d20  x13 0000000000000000  x14 0000000000000228  x15 000012b8ab331b54
05-19 12:41:23.993  2289  2289 F DEBUG   :     x16 000000746f778a88  x17 000000746f767c38  x18 00000073ebfbe000  x19 000000746ec06c08
05-19 12:41:23.993  2289  2289 F DEBUG   :     x20 00000073ee7f3178  x21 0000000000000000  x22 00000073ee5e0000  x23 00000073c0000000
05-19 12:41:23.993  2289  2289 F DEBUG   :     x24 000000000000000f  x25 00000073ee5dfcb0  x26 00000073ee5dfff8  x27 00000000000fc000
05-19 12:41:23.993  2289  2289 F DEBUG   :     x28 00000000000fe000  x29 00000073ee5df790
05-19 12:41:23.993  2289  2289 F DEBUG   :     lr  000000746f6bf6c8  sp  00000073ee5df780  pc  000000746f6deb94  pst 0000000080001000
05-19 12:41:23.993  2289  2289 F DEBUG   : backtrace:
05-19 12:41:23.993  2289  2289 F DEBUG   :       #00 pc 0000000000072b94  /apex/com.android.runtime/lib64/bionic/libc.so (je_large_dalloc+52) (BuildId: 6e75f65a4c116d6f37b8361b4f491f36)
05-19 12:41:23.993  2289  2289 F DEBUG   :       #01 pc 00000000000536c4  /apex/com.android.runtime/lib64/bionic/libc.so (arena_dalloc_no_tcache+636) (BuildId: 6e75f65a4c116d6f37b8361b4f491f36)
05-19 12:41:23.993  2289  2289 F DEBUG   :       #02 pc 000000000004f8b8  /apex/com.android.runtime/lib64/bionic/libc.so (je_free+744) (BuildId: 6e75f65a4c116d6f37b8361b4f491f36)
05-19 12:41:23.993  2289  2289 F DEBUG   :       #03 pc 000000000000efb4  /apex/com.android.vndk.v33/lib64/libutils.so (android::RefBase::decStrong(void const*) const+108) (BuildId: e15da9cb0a03c10940c3d40ef2b5dbaa)
05-19 12:41:23.993  2289  2289 F DEBUG   :       #04 pc 00000000000673a8  /vendor/lib64/hw/fingerprint.default.so (BuildId: c5e613c15325555b1ec17dfb770f5e2c3cb347e1)
05-19 12:41:23.993  2289  2289 F DEBUG   :       #05 pc 00000000000faf9c  /apex/com.android.runtime/lib64/bionic/libc.so (__pthread_start(void*)+208) (BuildId: 6e75f65a4c116d6f37b8361b4f491f36)
05-19 12:41:23.993  2289  2289 F DEBUG   :       #06 pc 000000000008e0cc  /apex/com.android.runtime/lib64/bionic/libc.so (__start_thread+64) (BuildId: 6e75f65a4c116d6f37b8361b4f491f36)
05-19 12:41:23.997  1245  1502 W NativeCrashListener: Couldn't find ProcessRecord for pid 2281
05-19 12:41:23.999  1245  1336 W NativeTombstoneManager: failed to open /data/tombstones/tombstone_33.pb
05-19 12:41:23.999  1245  1336 W NativeTombstoneManager: java.io.FileNotFoundException: open failed: ENOENT (No such file or directory)
05-19 12:41:23.999  1245  1336 W NativeTombstoneManager: 	at android.os.ParcelFileDescriptor.openInternal(ParcelFileDescriptor.java:346)
05-19 12:41:23.999  1245  1336 W NativeTombstoneManager: 	at android.os.ParcelFileDescriptor.open(ParcelFileDescriptor.java:233)
05-19 12:41:23.999  1245  1336 W NativeTombstoneManager: 	at com.android.server.os.NativeTombstoneManager.handleProtoTombstone(NativeTombstoneManager.java:151)
05-19 12:41:23.999  1245  1336 W NativeTombstoneManager: 	at com.android.server.os.NativeTombstoneManager.handleTombstone(NativeTombstoneManager.java:120)
05-19 12:41:23.999  1245  1336 W NativeTombstoneManager: 	at com.android.server.os.NativeTombstoneManager.-$$Nest$mhandleTombstone(Unknown Source:0)
05-19 12:41:23.999  1245  1336 W NativeTombstoneManager: 	at com.android.server.os.NativeTombstoneManager$TombstoneWatcher.lambda$onEvent$0(NativeTombstoneManager.java:564)
05-19 12:41:23.999  1245  1336 W NativeTombstoneManager: 	at com.android.server.os.NativeTombstoneManager$TombstoneWatcher.$r8$lambda$brzM_6e7cyhhJeR_ISUCuvFg3_s(Unknown Source:0)
05-19 12:41:23.999  1245  1336 W NativeTombstoneManager: 	at com.android.server.os.NativeTombstoneManager$TombstoneWatcher$$ExternalSyntheticLambda0.run(Unknown Source:4)
05-19 12:41:23.999  1245  1336 W NativeTombstoneManager: 	at android.os.Handler.handleCallback(Handler.java:942)
