05-19 12:41:11.038  1245  1330 D CompatibilityChangeReporter: Compat change id reported: 218533173; UID 10241; state: ENABLED
05-19 12:41:11.038  1245  1330 D CompatibilityChangeReporter: Compat change id reported: 218533173; UID 10411; state: ENABLED
05-19 12:41:11.038  1245  1330 D CompatibilityChangeReporter: Compat change id reported: 218533173; UID 10023; state: ENABLED
05-19 12:41:11.039  1245  1330 D CompatibilityChangeReporter: Compat change id reported: 218533173; UID 10187; state: ENABLED
05-19 12:41:11.039  1245  1330 D CompatibilityChangeReporter: Compat change id reported: 218533173; UID 10142; state: ENABLED
05-19 12:41:11.040  1245  1330 D CompatibilityChangeReporter: Compat change id reported: 218533173; UID 10425; state: ENABLED
05-19 12:41:11.040  1245  1330 D CompatibilityChangeReporter: Compat change id reported: 218533173; UID 10198; state: ENABLED
05-19 12:41:11.040  1245  1330 D CompatibilityChangeReporter: Compat change id reported: 218533173; UID 10511; state: ENABLED
05-19 12:41:11.041  1245  1330 D CompatibilityChangeReporter: Compat change id reported: 218533173; UID 10082; state: ENABLED
05-19 12:41:11.042  1245  1330 D CompatibilityChangeReporter: Compat change id reported: 218533173; UID 10240; state: ENABLED
05-19 12:41:11.042  1245  1447 D CoreBackPreview: Window{54db8e5 u0 com.android.settings/com.android.settings.FallbackHome}: Setting back callback OnBackInvokedCallbackInfo{mCallback=android.window.IOnBackInvokedCallback$Stub$Proxy@859c647, mPriority=-1}
05-19 12:41:11.042  1245  1330 D CompatibilityChangeReporter: Compat change id reported: 218533173; UID 10124; state: ENABLED
05-19 12:41:11.043  1245  1330 D CompatibilityChangeReporter: Compat change id reported: 218533173; UID 10207; state: ENABLED
05-19 12:41:11.043  1245  1330 D CompatibilityChangeReporter: Compat change id reported: 218533173; UID 10306; state: ENABLED
05-19 12:41:11.043  1245  1330 D CompatibilityChangeReporter: Compat change id reported: 218533173; UID 10217; state: ENABLED
05-19 12:41:11.044  1245  1330 D CompatibilityChangeReporter: Compat change id reported: 218533173; UID 10152; state: ENABLED
05-19 12:41:11.045  1245  1330 D CompatibilityChangeReporter: Compat change id reported: 218533173; UID 10209; state: ENABLED
05-19 12:41:11.045  1245  1330 D CompatibilityChangeReporter: Compat change id reported: 218533173; UID 10261; state: ENABLED
05-19 12:41:11.045  1245  1330 D CompatibilityChangeReporter: Compat change id reported: 218533173; UID 10053; state: ENABLED
05-19 12:41:11.046  1245  1330 D CompatibilityChangeReporter: Compat change id reported: 218533173; UID 10435; state: ENABLED
05-19 12:41:11.046  1245  1330 D CompatibilityChangeReporter: Compat change id reported: 218533173; UID 10386; state: ENABLED
05-19 12:41:11.047  1245  1330 D CompatibilityChangeReporter: Compat change id reported: 218533173; UID 10483; state: ENABLED
05-19 12:41:11.047  1245  1330 D CompatibilityChangeReporter: Compat change id reported: 218533173; UID 10247; state: ENABLED
05-19 12:41:11.047  1245  1330 D CompatibilityChangeReporter: Compat change id reported: 218533173; UID 10423; state: ENABLED
05-19 12:41:11.048  1245  1330 D CompatibilityChangeReporter: Compat change id reported: 218533173; UID 10479; state: ENABLED
05-19 12:41:11.048  1245  1330 D CompatibilityChangeReporter: Compat change id reported: 218533173; UID 10068; state: ENABLED
05-19 12:41:11.049  1245  1330 D CompatibilityChangeReporter: Compat change id reported: 218533173; UID 10171; state: ENABLED
05-19 12:41:11.051  1245  1330 D CompatibilityChangeReporter: Compat change id reported: 218533173; UID 10419; state: ENABLED
05-19 12:41:11.051  1245  1330 D CompatibilityChangeReporter: Compat change id reported: 218533173; UID 10249; state: ENABLED
05-19 12:41:11.053  1245  1330 D CompatibilityChangeReporter: Compat change id reported: 218533173; UID 10465; state: DISABLED
05-19 12:41:11.053  1245  1330 D CompatibilityChangeReporter: Compat change id reported: 218533173; UID 10065; state: ENABLED
05-19 12:41:11.054  1245  1330 D CompatibilityChangeReporter: Compat change id reported: 218533173; UID 10039; state: ENABLED
05-19 12:41:11.054  1245  1330 D CompatibilityChangeReporter: Compat change id reported: 218533173; UID 10332; state: ENABLED
05-19 12:41:11.055  1245  1330 D CompatibilityChangeReporter: Compat change id reported: 218533173; UID 10373; state: ENABLED
05-19 12:41:11.055  1245  1330 D CompatibilityChangeReporter: Compat change id reported: 218533173; UID 10084; state: ENABLED
05-19 12:41:11.056  1245  1330 D CompatibilityChangeReporter: Compat change id reported: 218533173; UID 10029; state: ENABLED
05-19 12:41:11.056  1245  1330 D CompatibilityChangeReporter: Compat change id reported: 218533173; UID 10248; state: ENABLED
05-19 12:41:11.057  1245  1330 D CompatibilityChangeReporter: Compat change id reported: 218533173; UID 10370; state: ENABLED
05-19 12:41:11.057  1245  1330 D CompatibilityChangeReporter: Compat change id reported: 218533173; UID 10013; state: ENABLED
05-19 12:41:11.058  1245  1447 D CompatibilityChangeReporter: Compat change id reported: 161145287; UID 10512; state: DISABLED
05-19 12:41:11.058  1245  1330 D CompatibilityChangeReporter: Compat change id reported: 218533173; UID 10365; state: ENABLED
05-19 12:41:11.059  1245  1330 D CompatibilityChangeReporter: Compat change id reported: 218533173; UID 10352; state: ENABLED
05-19 12:41:11.059  1245  1330 D CompatibilityChangeReporter: Compat change id reported: 218533173; UID 10500; state: ENABLED
05-19 12:41:11.060  1245  1330 D CompatibilityChangeReporter: Compat change id reported: 218533173; UID 10353; state: ENABLED
05-19 12:41:11.060  1245  1330 D CompatibilityChangeReporter: Compat change id reported: 218533173; UID 10154; state: ENABLED
05-19 12:41:11.061  1245  1330 D CompatibilityChangeReporter: Compat change id reported: 218533173; UID 10108; state: ENABLED
05-19 12:41:11.062  1245  1330 D CompatibilityChangeReporter: Compat change id reported: 218533173; UID 10420; state: ENABLED
05-19 12:41:11.063  1245  1449 D CompatibilityChangeReporter: Compat change id reported: 161145287; UID 1001; state: DISABLED
05-19 12:41:11.064  1245  1330 D CompatibilityChangeReporter: Compat change id reported: 218533173; UID 10117; state: ENABLED
05-19 12:41:11.066  1245  1330 D CompatibilityChangeReporter: Compat change id reported: 218533173; UID 10113; state: ENABLED
05-19 12:41:11.067  1245  1330 D CompatibilityChangeReporter: Compat change id reported: 218533173; UID 10038; state: ENABLED
05-19 12:41:11.068  1245  1330 D CompatibilityChangeReporter: Compat change id reported: 218533173; UID 10286; state: ENABLED
05-19 12:41:11.069  1245  1330 D CompatibilityChangeReporter: Compat change id reported: 218533173; UID 10513; state: ENABLED
05-19 12:41:11.070  1245  1330 D CompatibilityChangeReporter: Compat change id reported: 218533173; UID 10522; state: ENABLED
05-19 12:41:11.070  1245  1330 D CompatibilityChangeReporter: Compat change id reported: 218533173; UID 10287; state: ENABLED
05-19 12:41:11.071  1245  1330 D CompatibilityChangeReporter: Compat change id reported: 218533173; UID 10006; state: ENABLED
05-19 12:41:11.071  1245  1330 D CompatibilityChangeReporter: Compat change id reported: 218533173; UID 10391; state: ENABLED
05-19 12:41:11.072  1245  1330 D CompatibilityChangeReporter: Compat change id reported: 218533173; UID 10526; state: ENABLED
05-19 12:41:11.072  1245  1330 D CompatibilityChangeReporter: Compat change id reported: 218533173; UID 10354; state: ENABLED
05-19 12:41:11.072  1245  1330 D CompatibilityChangeReporter: Compat change id reported: 218533173; UID 10527; state: ENABLED
05-19 12:41:11.073  1245  1330 D CompatibilityChangeReporter: Compat change id reported: 218533173; UID 10452; state: ENABLED
05-19 12:41:11.073  1245  1330 D CompatibilityChangeReporter: Compat change id reported: 218533173; UID 10103; state: ENABLED
05-19 12:41:11.074  1245  1330 D CompatibilityChangeReporter: Compat change id reported: 218533173; UID 10362; state: ENABLED
05-19 12:41:11.074  1245  1330 D CompatibilityChangeReporter: Compat change id reported: 218533173; UID 10057; state: ENABLED
05-19 12:41:11.074  1245  1330 D CompatibilityChangeReporter: Compat change id reported: 218533173; UID 10272; state: ENABLED
05-19 12:41:11.075  1245  1330 D CompatibilityChangeReporter: Compat change id reported: 218533173; UID 10361; state: ENABLED
05-19 12:41:11.075  1245  1330 D CompatibilityChangeReporter: Compat change id reported: 218533173; UID 10215; state: ENABLED
05-19 12:41:11.076  1245  1330 D CompatibilityChangeReporter: Compat change id reported: 218533173; UID 10034; state: ENABLED
05-19 12:41:11.076  1245  1330 D CompatibilityChangeReporter: Compat change id reported: 218533173; UID 10494; state: ENABLED
05-19 12:41:11.077  1245  1330 D CompatibilityChangeReporter: Compat change id reported: 218533173; UID 10318; state: ENABLED
05-19 12:41:11.077  1245  1330 D CompatibilityChangeReporter: Compat change id reported: 218533173; UID 10078; state: ENABLED
05-19 12:41:11.078  1245  1330 D CompatibilityChangeReporter: Compat change id reported: 218533173; UID 10073; state: ENABLED
05-19 12:41:11.080  1245  1330 D CompatibilityChangeReporter: Compat change id reported: 218533173; UID 10441; state: DISABLED
05-19 12:41:11.081  1245  1330 D CompatibilityChangeReporter: Compat change id reported: 218533173; UID 10086; state: ENABLED
05-19 12:41:11.081  1245  1330 D CompatibilityChangeReporter: Compat change id reported: 218533173; UID 10135; state: ENABLED
05-19 12:41:11.082  1245  1330 D CompatibilityChangeReporter: Compat change id reported: 218533173; UID 10329; state: ENABLED
05-19 12:41:11.082  1245  1330 D CompatibilityChangeReporter: Compat change id reported: 171306433; UID 10551; state: ENABLED
05-19 12:41:11.082  1245  1330 D CompatibilityChangeReporter: Compat change id reported: 226439802; UID 10551; state: DISABLED
05-19 12:41:11.083  1245  1330 D CompatibilityChangeReporter: Compat change id reported: 218533173; UID 10265; state: ENABLED
05-19 12:41:11.083  1245  1330 D CompatibilityChangeReporter: Compat change id reported: 218533173; UID 10295; state: ENABLED
05-19 12:41:11.084  1245  1330 D CompatibilityChangeReporter: Compat change id reported: 218533173; UID 10381; state: ENABLED
05-19 12:41:11.086  1245  1330 D CompatibilityChangeReporter: Compat change id reported: 218533173; UID 10067; state: ENABLED
05-19 12:41:11.088  1245  1330 D CompatibilityChangeReporter: Compat change id reported: 218533173; UID 10172; state: ENABLED
05-19 12:41:11.090  1245  1330 D CompatibilityChangeReporter: Compat change id reported: 218533173; UID 10405; state: ENABLED
05-19 12:41:11.091  1245  1330 D CompatibilityChangeReporter: Compat change id reported: 218533173; UID 10160; state: ENABLED
05-19 12:41:11.092  1245  1330 D CompatibilityChangeReporter: Compat change id reported: 218533173; UID 10024; state: ENABLED
05-19 12:41:11.093  1245  1330 D CompatibilityChangeReporter: Compat change id reported: 218533173; UID 10355; state: ENABLED
05-19 12:41:11.095  1245  1330 D CompatibilityChangeReporter: Compat change id reported: 218533173; UID 10375; state: ENABLED
05-19 12:41:11.096  1245  1330 D CompatibilityChangeReporter: Compat change id reported: 218533173; UID 10119; state: ENABLED
05-19 12:41:11.097  1245  1330 D CompatibilityChangeReporter: Compat change id reported: 218533173; UID 10275; state: ENABLED
05-19 12:41:11.098  1245  1269 D ActivityManagerTiming: FinishBooting
05-19 12:41:11.098  1245  1330 D CompatibilityChangeReporter: Compat change id reported: 218533173; UID 10166; state: ENABLED
05-19 12:41:11.099  1245  1449 D CompatibilityChangeReporter: Compat change id reported: 181136395; UID 1000; state: DISABLED
05-19 12:41:11.099  1245  1330 D CompatibilityChangeReporter: Compat change id reported: 218533173; UID 10106; state: ENABLED
05-19 12:41:11.099  1245  1449 D CompatibilityChangeReporter: Compat change id reported: 174042936; UID 1000; state: DISABLED
05-19 12:41:11.099  1245  1330 D CompatibilityChangeReporter: Compat change id reported: 218533173; UID 10008; state: ENABLED
05-19 12:41:11.100  1245  1449 D CompatibilityChangeReporter: Compat change id reported: 174042980; UID 1000; state: DISABLED
05-19 12:41:11.100  1245  1330 D CompatibilityChangeReporter: Compat change id reported: 218533173; UID 10144; state: ENABLED
05-19 12:41:11.101  1245  1330 D CompatibilityChangeReporter: Compat change id reported: 218533173; UID 10309; state: ENABLED
05-19 12:41:11.103  1245  1330 D CompatibilityChangeReporter: Compat change id reported: 218533173; UID 10433; state: ENABLED
05-19 12:41:11.104  1245  1330 D CompatibilityChangeReporter: Compat change id reported: 218533173; UID 10343; state: ENABLED
05-19 12:41:11.105  1245  1330 D CompatibilityChangeReporter: Compat change id reported: 218533173; UID 10236; state: ENABLED
05-19 12:41:11.105  1245  1330 D CompatibilityChangeReporter: Compat change id reported: 218533173; UID 10245; state: ENABLED
05-19 12:41:11.106  1245  1330 D CompatibilityChangeReporter: Compat change id reported: 218533173; UID 10348; state: ENABLED
05-19 12:41:11.106  1245  1330 D CompatibilityChangeReporter: Compat change id reported: 218533173; UID 10469; state: ENABLED
05-19 12:41:11.106  1245  1330 D CompatibilityChangeReporter: Compat change id reported: 218533173; UID 10374; state: ENABLED
05-19 12:41:11.107  1245  1330 D CompatibilityChangeReporter: Compat change id reported: 218533173; UID 10538; state: ENABLED
05-19 12:41:11.107  1245  1330 D CompatibilityChangeReporter: Compat change id reported: 218533173; UID 10089; state: ENABLED
05-19 12:41:11.108  1245  1330 D CompatibilityChangeReporter: Compat change id reported: 171306433; UID 10449; state: ENABLED
05-19 12:41:11.108  1245  1330 D CompatibilityChangeReporter: Compat change id reported: 226439802; UID 10449; state: DISABLED
05-19 12:41:11.108  1245  1269 W KeyguardServiceDelegate: onScreenTurningOn(): no keyguard service!
05-19 12:41:11.108  1245  1330 D CompatibilityChangeReporter: Compat change id reported: 218533173; UID 10451; state: ENABLED
05-19 12:41:11.108  1245  1330 D CompatibilityChangeReporter: Compat change id reported: 218533173; UID 10453; state: ENABLED
05-19 12:41:11.109  1245  1330 D CompatibilityChangeReporter: Compat change id reported: 218533173; UID 10371; state: ENABLED
05-19 12:41:11.109  1245  1330 D CompatibilityChangeReporter: Compat change id reported: 218533173; UID 10031; state: ENABLED
05-19 12:41:11.110  1245  1330 D CompatibilityChangeReporter: Compat change id reported: 218533173; UID 10490; state: ENABLED
05-19 12:41:11.110  1245  1330 D CompatibilityChangeReporter: Compat change id reported: 218533173; UID 10390; state: ENABLED
05-19 12:41:11.111  1245  1330 D CompatibilityChangeReporter: Compat change id reported: 218533173; UID 10394; state: ENABLED
05-19 12:41:11.111  1245  1330 D CompatibilityChangeReporter: Compat change id reported: 218533173; UID 10504; state: DISABLED
05-19 12:41:11.111  1245  1330 D CompatibilityChangeReporter: Compat change id reported: 218533173; UID 10384; state: ENABLED
05-19 12:41:11.112  1245  1330 D CompatibilityChangeReporter: Compat change id reported: 218533173; UID 10378; state: ENABLED
05-19 12:41:11.112  1245  1330 D CompatibilityChangeReporter: Compat change id reported: 218533173; UID 10401; state: ENABLED
05-19 12:41:11.113  1245  1330 D CompatibilityChangeReporter: Compat change id reported: 218533173; UID 10403; state: ENABLED
05-19 12:41:11.113  1245  1330 D CompatibilityChangeReporter: Compat change id reported: 218533173; UID 10397; state: ENABLED
05-19 12:41:11.113  1245  1330 D CompatibilityChangeReporter: Compat change id reported: 218533173; UID 10356; state: ENABLED
05-19 12:41:11.114  1245  1330 D CompatibilityChangeReporter: Compat change id reported: 218533173; UID 10300; state: ENABLED
05-19 12:41:11.114  1245  1330 D CompatibilityChangeReporter: Compat change id reported: 218533173; UID 10010; state: ENABLED
05-19 12:41:11.115  1245  1330 D CompatibilityChangeReporter: Compat change id reported: 218533173; UID 10322; state: ENABLED
05-19 12:41:11.115  1245  1330 D CompatibilityChangeReporter: Compat change id reported: 218533173; UID 10331; state: ENABLED
05-19 12:41:11.115  1245  1330 D CompatibilityChangeReporter: Compat change id reported: 218533173; UID 10358; state: ENABLED
05-19 12:41:11.116  1245  1330 D CompatibilityChangeReporter: Compat change id reported: 218533173; UID 10387; state: ENABLED
05-19 12:41:11.116  1245  1330 D CompatibilityChangeReporter: Compat change id reported: 218533173; UID 10043; state: ENABLED
05-19 12:41:11.117  1245  1330 D CompatibilityChangeReporter: Compat change id reported: 218533173; UID 10042; state: ENABLED
05-19 12:41:11.118  1245  1330 D CompatibilityChangeReporter: Compat change id reported: 218533173; UID 10323; state: ENABLED
05-19 12:41:11.118  1245  1330 D CompatibilityChangeReporter: Compat change id reported: 218533173; UID 10048; state: ENABLED
05-19 12:41:11.119  1245  1330 D CompatibilityChangeReporter: Compat change id reported: 218533173; UID 10174; state: ENABLED
05-19 12:41:11.119  1245  1330 D CompatibilityChangeReporter: Compat change id reported: 218533173; UID 10216; state: ENABLED
05-19 12:41:11.120  1245  1330 D CompatibilityChangeReporter: Compat change id reported: 218533173; UID 10238; state: ENABLED
05-19 12:41:11.120  1245  1330 D CompatibilityChangeReporter: Compat change id reported: 218533173; UID 10130; state: ENABLED
05-19 12:41:11.121  1245  1330 D CompatibilityChangeReporter: Compat change id reported: 218533173; UID 10492; state: DISABLED
05-19 12:41:11.121  1245  1330 D CompatibilityChangeReporter: Compat change id reported: 218533173; UID 10115; state: ENABLED
05-19 12:41:11.122  1245  1330 D CompatibilityChangeReporter: Compat change id reported: 218533173; UID 10020; state: ENABLED
05-19 12:41:11.122  1245  1330 D CompatibilityChangeReporter: Compat change id reported: 218533173; UID 10203; state: ENABLED
05-19 12:41:11.122  1245  1330 D CompatibilityChangeReporter: Compat change id reported: 218533173; UID 10077; state: ENABLED
05-19 12:41:11.123  1245  1330 D CompatibilityChangeReporter: Compat change id reported: 218533173; UID 10410; state: ENABLED
05-19 12:41:11.123  1245  1330 D CompatibilityChangeReporter: Compat change id reported: 218533173; UID 10326; state: ENABLED
05-19 12:41:11.123  1245  1330 D CompatibilityChangeReporter: Compat change id reported: 218533173; UID 10111; state: ENABLED
05-19 12:41:11.125  1245  1330 D CompatibilityChangeReporter: Compat change id reported: 218533173; UID 10460; state: ENABLED
05-19 12:41:11.125  1245  1330 D CompatibilityChangeReporter: Compat change id reported: 218533173; UID 10472; state: DISABLED
05-19 12:41:11.126  1245  1330 D CompatibilityChangeReporter: Compat change id reported: 218533173; UID 10509; state: ENABLED
05-19 12:41:11.126  1245  1330 D CompatibilityChangeReporter: Compat change id reported: 218533173; UID 10382; state: ENABLED
05-19 12:41:11.127  1245  1330 D CompatibilityChangeReporter: Compat change id reported: 218533173; UID 10516; state: ENABLED
05-19 12:41:11.127  1245  1330 D CompatibilityChangeReporter: Compat change id reported: 218533173; UID 10072; state: ENABLED
05-19 12:41:11.128  1245  1330 D CompatibilityChangeReporter: Compat change id reported: 171306433; UID 10501; state: ENABLED
05-19 12:41:11.128  1245  1330 D CompatibilityChangeReporter: Compat change id reported: 226439802; UID 10501; state: DISABLED
05-19 12:41:11.128  1245  1330 D CompatibilityChangeReporter: Compat change id reported: 218533173; UID 10000; state: ENABLED
05-19 12:41:11.128  1245  1330 D CompatibilityChangeReporter: Compat change id reported: 218533173; UID 10334; state: ENABLED
05-19 12:41:11.129  1245  1330 D CompatibilityChangeReporter: Compat change id reported: 218533173; UID 10094; state: ENABLED
05-19 12:41:11.129  1245  1330 D CompatibilityChangeReporter: Compat change id reported: 218533173; UID 10028; state: ENABLED
05-19 12:41:11.129  1245  1330 D CompatibilityChangeReporter: Compat change id reported: 218533173; UID 10506; state: ENABLED
05-19 12:41:11.130  1245  1330 D CompatibilityChangeReporter: Compat change id reported: 218533173; UID 10486; state: ENABLED
05-19 12:41:11.130  1245  1330 D CompatibilityChangeReporter: Compat change id reported: 218533173; UID 10312; state: ENABLED
05-19 12:41:11.130  1245  1330 D CompatibilityChangeReporter: Compat change id reported: 218533173; UID 10109; state: ENABLED
05-19 12:41:11.131  1245  1330 D CompatibilityChangeReporter: Compat change id reported: 218533173; UID 10164; state: ENABLED
05-19 12:41:11.131  1245  1330 D CompatibilityChangeReporter: Compat change id reported: 218533173; UID 10383; state: ENABLED
05-19 12:41:11.131  1245  1330 D CompatibilityChangeReporter: Compat change id reported: 218533173; UID 10499; state: ENABLED
05-19 12:41:11.132  1245  1330 D CompatibilityChangeReporter: Compat change id reported: 218533173; UID 10436; state: ENABLED
05-19 12:41:11.132  1245  1330 D CompatibilityChangeReporter: Compat change id reported: 218533173; UID 10104; state: ENABLED
05-19 12:41:11.133  1245  1330 D CompatibilityChangeReporter: Compat change id reported: 218533173; UID 10406; state: ENABLED
05-19 12:41:11.133  1245  1330 D CompatibilityChangeReporter: Compat change id reported: 218533173; UID 10200; state: ENABLED
05-19 12:41:11.133  1245  1330 D CompatibilityChangeReporter: Compat change id reported: 218533173; UID 10349; state: ENABLED
05-19 12:41:11.133  1245  1330 D CompatibilityChangeReporter: Compat change id reported: 218533173; UID 10090; state: ENABLED
05-19 12:41:11.134  1245  1330 D CompatibilityChangeReporter: Compat change id reported: 218533173; UID 10515; state: DISABLED
05-19 12:41:11.135  1245  1330 D CompatibilityChangeReporter: Compat change id reported: 218533173; UID 10324; state: ENABLED
05-19 12:41:11.135  1245  1330 D CompatibilityChangeReporter: Compat change id reported: 218533173; UID 10177; state: ENABLED
05-19 12:41:11.136  1245  1330 D CompatibilityChangeReporter: Compat change id reported: 218533173; UID 10376; state: ENABLED
05-19 12:41:11.136  1245  1330 D CompatibilityChangeReporter: Compat change id reported: 218533173; UID 10398; state: ENABLED
05-19 12:41:11.137  1245  1330 D CompatibilityChangeReporter: Compat change id reported: 218533173; UID 10091; state: ENABLED
05-19 12:41:11.137  1245  1330 D CompatibilityChangeReporter: Compat change id reported: 218533173; UID 10081; state: ENABLED
05-19 12:41:11.138  1245  1330 D CompatibilityChangeReporter: Compat change id reported: 218533173; UID 10211; state: ENABLED
05-19 12:41:11.139  1245  1330 D CompatibilityChangeReporter: Compat change id reported: 218533173; UID 10290; state: ENABLED
05-19 12:41:11.139  1245  1330 D CompatibilityChangeReporter: Compat change id reported: 218533173; UID 10385; state: ENABLED
05-19 12:41:11.140  1245  1330 D CompatibilityChangeReporter: Compat change id reported: 218533173; UID 10379; state: ENABLED
05-19 12:41:11.140  1245  1330 D CompatibilityChangeReporter: Compat change id reported: 218533173; UID 10402; state: ENABLED
05-19 12:41:11.141  1245  1330 D CompatibilityChangeReporter: Compat change id reported: 218533173; UID 10404; state: ENABLED
05-19 12:41:11.141  1245  1330 D CompatibilityChangeReporter: Compat change id reported: 218533173; UID 10395; state: ENABLED
05-19 12:41:11.141  1245  1262 D CompatibilityChangeReporter: Compat change id reported: 161252188; UID 10500; state: DISABLED
05-19 12:41:11.141  1245  1330 D CompatibilityChangeReporter: Compat change id reported: 218533173; UID 10357; state: ENABLED
05-19 12:41:11.142  1245  1330 D CompatibilityChangeReporter: Compat change id reported: 218533173; UID 10301; state: ENABLED
05-19 12:41:11.142  1245  1330 D CompatibilityChangeReporter: Compat change id reported: 218533173; UID 10012; state: ENABLED
05-19 12:41:11.142  1245  1330 D CompatibilityChangeReporter: Compat change id reported: 218533173; UID 10399; state: ENABLED
05-19 12:41:11.143  1245  1330 D CompatibilityChangeReporter: Compat change id reported: 218533173; UID 10145; state: ENABLED
05-19 12:41:11.143  1245  1330 D CompatibilityChangeReporter: Compat change id reported: 218533173; UID 10052; state: ENABLED
05-19 12:41:11.143  1245  1330 D CompatibilityChangeReporter: Compat change id reported: 218533173; UID 10116; state: ENABLED
05-19 12:41:11.144  1245  1330 D CompatibilityChangeReporter: Compat change id reported: 218533173; UID 10083; state: ENABLED
05-19 12:41:11.144  1245  1262 D CompatibilityChangeReporter: Compat change id reported: 135634846; UID 10500; state: DISABLED
05-19 12:41:11.144  1245  1330 D CompatibilityChangeReporter: Compat change id reported: 218533173; UID 10118; state: ENABLED
05-19 12:41:11.144  1245  1262 D CompatibilityChangeReporter: Compat change id reported: 177438394; UID 10500; state: DISABLED
05-19 12:41:11.144  1245  1262 D CompatibilityChangeReporter: Compat change id reported: 135772972; UID 10500; state: DISABLED
05-19 12:41:11.144  1245  1262 D CompatibilityChangeReporter: Compat change id reported: 135754954; UID 10500; state: ENABLED
05-19 12:41:11.145  1245  1330 D CompatibilityChangeReporter: Compat change id reported: 218533173; UID 10518; state: ENABLED
05-19 12:41:11.145  1245  1280 D CompatibilityChangeReporter: Compat change id reported: 143937733; UID 10500; state: ENABLED
05-19 12:41:11.145  1245  1330 D CompatibilityChangeReporter: Compat change id reported: 218533173; UID 10158; state: ENABLED
05-19 12:41:11.146  1245  1330 D CompatibilityChangeReporter: Compat change id reported: 218533173; UID 10366; state: ENABLED
05-19 12:41:11.146  1245  1330 D CompatibilityChangeReporter: Compat change id reported: 218533173; UID 10070; state: ENABLED
05-19 12:41:11.147  1245  1330 D CompatibilityChangeReporter: Compat change id reported: 218533173; UID 10389; state: ENABLED
05-19 12:41:11.148  1245  1330 D CompatibilityChangeReporter: Compat change id reported: 218533173; UID 10282; state: ENABLED
05-19 12:41:11.148  1245  1330 D CompatibilityChangeReporter: Compat change id reported: 218533173; UID 10327; state: ENABLED
05-19 12:41:11.149  1245  1330 D CompatibilityChangeReporter: Compat change id reported: 218533173; UID 10437; state: ENABLED
05-19 12:41:11.149  1245  1330 D CompatibilityChangeReporter: Compat change id reported: 171306433; UID 10421; state: ENABLED
05-19 12:41:11.149  1245  1330 D CompatibilityChangeReporter: Compat change id reported: 226439802; UID 10421; state: DISABLED
05-19 12:41:11.150  1245  1330 D CompatibilityChangeReporter: Compat change id reported: 218533173; UID 10293; state: ENABLED
05-19 12:41:11.150  1245  1330 D CompatibilityChangeReporter: Compat change id reported: 218533173; UID 10197; state: ENABLED
05-19 12:41:11.151  1245  1330 D CompatibilityChangeReporter: Compat change id reported: 218533173; UID 10112; state: ENABLED
05-19 12:41:11.151  1245  1330 D CompatibilityChangeReporter: Compat change id reported: 218533173; UID 10235; state: ENABLED
05-19 12:41:11.152  1245  1330 D CompatibilityChangeReporter: Compat change id reported: 218533173; UID 10079; state: ENABLED
05-19 12:41:11.152  1245  1330 D CompatibilityChangeReporter: Compat change id reported: 218533173; UID 10314; state: ENABLED
05-19 12:41:11.153  1245  1330 D CompatibilityChangeReporter: Compat change id reported: 218533173; UID 10233; state: ENABLED
05-19 12:41:11.154  1245  1330 D CompatibilityChangeReporter: Compat change id reported: 218533173; UID 10284; state: ENABLED
05-19 12:41:11.155  1245  1330 D CompatibilityChangeReporter: Compat change id reported: 218533173; UID 10170; state: ENABLED
05-19 12:41:11.156  1245  1330 D CompatibilityChangeReporter: Compat change id reported: 218533173; UID 10269; state: ENABLED
05-19 12:41:11.156  1245  1330 D CompatibilityChangeReporter: Compat change id reported: 218533173; UID 10181; state: ENABLED
05-19 12:41:11.157  1245  1330 D CompatibilityChangeReporter: Compat change id reported: 218533173; UID 10212; state: ENABLED
05-19 12:41:11.159  1245  1330 D CompatibilityChangeReporter: Compat change id reported: 218533173; UID 10302; state: ENABLED
05-19 12:41:11.160  1245  1330 D CompatibilityChangeReporter: Compat change id reported: 218533173; UID 10498; state: ENABLED
05-19 12:41:11.161  1245  1280 I ActivityManager: Start proc 1832:com.android.smspush/u0a500 for service {com.android.smspush/com.android.smspush.WapPushManager}
05-19 12:41:11.161  1245  1330 D CompatibilityChangeReporter: Compat change id reported: 218533173; UID 10237; state: ENABLED
05-19 12:41:11.162  1245  1330 D CompatibilityChangeReporter: Compat change id reported: 218533173; UID 10458; state: ENABLED
05-19 12:41:11.166  1245  1245 W Looper  : Slow dispatch took 153ms main h=android.app.ActivityThread$H c=android.app.LoadedApk$ReceiverDispatcher$Args$$ExternalSyntheticLambda0@dee0af7 m=0
05-19 12:41:11.181  1245  1245 D ConditionProviders.SCP: onSubscribe condition://android/schedule?days=1.2.3.4.5.6.7&start=22.0&end=7.0&exitAtAlarm=true
05-19 12:41:11.181  1245  1245 D ConditionProviders.SCP: setRegistered true
05-19 12:41:11.185  1245  1262 D CompatibilityChangeReporter: Compat change id reported: 168419799; UID 10500; state: DISABLED
05-19 12:41:11.186  1245  1262 D CompatibilityChangeReporter: Compat change id reported: 273564678; UID 10500; state: DISABLED
05-19 12:41:11.188  1245  1245 D ConditionProviders.SCP: evaluateSubscriptionLocked cal=ScheduleCalendar[mDays={1, 2, 3, 4, 5, 6, 7}, mSchedule=ScheduleInfo{days=[1, 2, 3, 4, 5, 6, 7], startHour=22, startMinute=0, endHour=7, endMinute=0, exitAtAlarm=true, nextAlarm=Thu Jan 01 05:30:00 GMT+05:30 1970 (0)}], now=Mon May 19 12:41:11 GMT+05:30 2025 (1747638671181), nextUserAlarmTime=Thu Jan 01 05:30:00 GMT+05:30 1970 (0)
05-19 12:41:11.189  1245  1245 D ConditionProviders.SCP: notifyCondition condition://android/schedule?days=1.2.3.4.5.6.7&start=22.0&end=7.0&exitAtAlarm=true STATE_FALSE reason=!meetsSchedule
05-19 12:41:11.192  1245  1245 D ConditionProviders.SCP: Scheduling evaluate for Mon May 19 22:00:00 GMT+05:30 2025 (1747672200000), in +9h18m48s819ms, now=Mon May 19 12:41:11 GMT+05:30 2025 (1747638671181)
05-19 12:41:11.192  1245  1245 D CompatibilityChangeReporter: Compat change id reported: 171306433; UID 1000; state: ENABLED
05-19 12:41:11.192  1245  1245 D CompatibilityChangeReporter: Compat change id reported: 218533173; UID 1000; state: ENABLED
05-19 12:41:11.196  1245  1245 I ConnectivityModuleConnector: Networking module service connected
05-19 12:41:11.219  1245  1245 D CompatibilityChangeReporter: Compat change id reported: 124107808; UID 1001; state: ENABLED
05-19 12:41:11.219  1245  1245 D CompatibilityChangeReporter: Compat change id reported: 124107808; UID 1001; state: DISABLED
05-19 12:41:11.225  1245  1370 D CompatibilityChangeReporter: Compat change id reported: 218533173; UID 10500; state: ENABLED
05-19 12:41:11.247  1245  1858 I Telecom : BluetoothRouteManager: getBluetoothAudioConnectedDevice: no service available.
05-19 12:41:11.249  1245  1245 I Telecom : SystemStateHelper: Registering broadcast receiver: android.content.IntentFilter@5c581ae: TS.init@AAA
05-19 12:41:11.249  1245  1245 I Telecom : SystemStateHelper: Registering broadcast receiver: android.content.IntentFilter@d2f6b4f: TS.init@AAA
05-19 12:41:11.265  1245  1861 I Telecom : Logging.Events: Non-call EVENT: AUDIO_ROUTE, Entering state QuiescentEarpieceRoute
05-19 12:41:11.265  1245  1861 I Telecom : BluetoothRouteManager: getBluetoothAudioConnectedDevice: no service available.
05-19 12:41:11.276  1245  1867 I Telecom : CallAudioModeStateMachine: Audio focus entering UNFOCUSED state
05-19 12:41:11.277  1245  1867 I Telecom : CallAudioModeStateMachine: Message received: null.: TS.init->CAMSM.pM_1@AAA
05-19 12:41:11.284  1245  1245 I Telecom : MissedCallNotifierImpl: reloadFromDatabase: Boot not yet complete -- call log db may not be available. Deferring loading until boot complete for user 0: TS.init@AAA
05-19 12:41:11.286  1245  1245 I Telecom : Class: TelecomSystem.INSTANCE being set
05-19 12:41:11.293  1245  1245 I ConnectivityModuleConnector: Networking module service connected
05-19 12:41:11.298  1245  1245 I ExplicitHealthCheckController: Explicit health check service is connected ComponentInfo{android.ext.services/android.ext.services.watchdog.ExplicitHealthCheckServiceImpl}
05-19 12:41:11.299  1245  1245 I ExplicitHealthCheckController: Service initialized, syncing requests
05-19 12:41:11.300  1245  1245 I ContentCaptureManagerService: Updating for user 0: disabled=false
05-19 12:41:11.300  1245  1245 E ContentCapturePerUserService: Bad service name: com.google.android.as/com.google.android.apps.miphone.aiai.app.AiAiContentCaptureService
05-19 12:41:11.301  1245  1245 E ContentCapturePerUserService: Bad service name: com.google.android.as/com.google.android.apps.miphone.aiai.app.AiAiContentCaptureService
05-19 12:41:11.301  1245  1245 E ContentCapturePerUserService: Bad service name: com.google.android.as/com.google.android.apps.miphone.aiai.app.AiAiContentCaptureService
05-19 12:41:11.301  1245  1245 I ContentSuggestionsManagerService: Updating for user 0: disabled=false
05-19 12:41:11.301  1245  1245 E ContentSuggestionsPerUserService: Bad service name: com.google.android.as/com.google.android.apps.miphone.aiai.app.AiAiContentSuggestionsService
05-19 12:41:11.301  1245  1245 I AutofillManagerService: Updating for user 0: disabled=false
05-19 12:41:11.301  1245  1245 E AutofillManagerServiceImpl: Bad service name: com.google.android.gms/.autofill.service.AutofillService
05-19 12:41:11.302  1245  1245 E RemoteAugmentedAutofillService: Bad service name for flags 1048704: com.google.android.as/com.google.android.apps.miphone.aiai.app.AiAiAugmentedAutofillService
05-19 12:41:11.303  1245  1245 I MR2ServiceImpl: addProviderRoutes | provider: com.android.server.media/.SystemMediaRoute2Provider, routes: [DEVICE_ROUTE | Phone]
05-19 12:41:11.306  1245  1447 D CompatibilityChangeReporter: Compat change id reported: 168419799; UID 1001; state: DISABLED
05-19 12:41:11.306  1245  1447 D CompatibilityChangeReporter: Compat change id reported: 273564678; UID 1001; state: DISABLED
05-19 12:41:11.308  1245  1245 W ActivityManager: Unbind failed: could not find connection for android.app.LoadedApk$ServiceDispatcher$InnerConnection@59d0273
05-19 12:41:11.311  1245  1245 W ActivityManager: Unbind failed: could not find connection for android.app.LoadedApk$ServiceDispatcher$InnerConnection@77f9365
05-19 12:41:11.311  1245  1245 W ActivityManager: Unbind failed: could not find connection for android.app.LoadedApk$ServiceDispatcher$InnerConnection@558b83a
05-19 12:41:11.311  1245  1245 W ActivityManager: Unbind failed: could not find connection for android.app.LoadedApk$ServiceDispatcher$InnerConnection@5c44ceb
05-19 12:41:11.311  1245  1245 V NotificationAssistants: 0 notification assistant service connected: ComponentInfo{android.ext.services/android.ext.services.notification.Assistant}
05-19 12:41:11.323  1245  1245 I Telecom : WiredHeadsetManager: ACTION_HEADSET_PLUG event, plugged in: false, : WHC.oADA@AAE
05-19 12:41:11.325  1245  1245 D WallpaperManagerService: WPMS.onServiceConnected-ComponentInfo{com.android.systemui/com.android.systemui.wallpapers.ImageWallpaper}
05-19 12:41:11.325  1245  1245 D WallpaperManagerService: WPMS.attachServiceLocked
05-19 12:41:11.325  1245  1245 D WallpaperManagerService: WPMS.onServiceConnected-ComponentInfo{com.android.systemui/com.android.systemui.wallpapers.ImageWallpaper}
05-19 12:41:11.326  1245  1245 D WallpaperManagerService: WPMS.attachServiceLocked
05-19 12:41:11.326  1245  1245 D WallpaperManagerService: WPMS.connectLocked-ComponentInfo{com.android.systemui/com.android.systemui.wallpapers.ImageWallpaper}
05-19 12:41:11.329  1245  1245 D WallpaperManagerService: WPMS.saveSettingsLocked-0
05-19 12:41:11.331  1245  1262 D CompatibilityChangeReporter: Compat change id reported: 135634846; UID 10496; state: DISABLED
05-19 12:41:11.331  1245  1262 D CompatibilityChangeReporter: Compat change id reported: 177438394; UID 10496; state: DISABLED
05-19 12:41:11.332  1245  1262 D CompatibilityChangeReporter: Compat change id reported: 135772972; UID 10496; state: DISABLED
05-19 12:41:11.332  1245  1262 D CompatibilityChangeReporter: Compat change id reported: 135754954; UID 10496; state: ENABLED
05-19 12:41:11.333  1245  1280 D CompatibilityChangeReporter: Compat change id reported: 143937733; UID 10496; state: ENABLED
05-19 12:41:11.336  1245  1245 I MediaSessionStack: addSession to bottom of stack | record: com.android.server.telecom/HeadsetMediaButton (userId=0)
05-19 12:41:11.336  1245  1245 I MediaSessionStack: removeSession | record: com.android.server.telecom/HeadsetMediaButton (userId=0)
05-19 12:41:11.339  1245  1449 D CoreBackPreview: Window{b1e0b54 u0 ScreenDecorOverlay}: Setting back callback OnBackInvokedCallbackInfo{mCallback=android.window.IOnBackInvokedCallback$Stub$Proxy@e932cb5, mPriority=0}
05-19 12:41:11.339  1245  1245 I PackageWatchdog: Syncing health check requests for packages: {}
05-19 12:41:11.339  1245  1245 D ExplicitHealthCheckController: Getting health check supported packages
05-19 12:41:11.340  1245  1245 W ActivityManager: Unable to start service Intent { act=android.service.contentcapture.ContentCaptureService cmp=com.google.android.as/com.google.android.apps.miphone.aiai.app.AiAiContentCaptureService } U=0: not found
05-19 12:41:11.340  1245  1245 W RemoteContentCaptureService: could not bind to Intent { act=android.service.contentcapture.ContentCaptureService cmp=com.google.android.as/com.google.android.apps.miphone.aiai.app.AiAiContentCaptureService } using flags 67112961
05-19 12:41:11.341  1245  1245 W ContentCapturePerUserService: remote service died: RemoteContentCaptureService[ComponentInfo{com.google.android.as/com.google.android.apps.miphone.aiai.app.AiAiContentCaptureService} 186753520 (unbound)]
05-19 12:41:11.341  1245  1245 W ActivityManager: Unbind failed: could not find connection for android.app.LoadedApk$ServiceDispatcher$InnerConnection@c494369
05-19 12:41:11.341  1245  1245 W ActivityManager: Unable to start service Intent { act=android.service.contentcapture.ContentCaptureService cmp=com.google.android.as/com.google.android.apps.miphone.aiai.app.AiAiContentCaptureService } U=0: not found
05-19 12:41:11.341  1245  1245 W RemoteContentCaptureService: could not bind to Intent { act=android.service.contentcapture.ContentCaptureService cmp=com.google.android.as/com.google.android.apps.miphone.aiai.app.AiAiContentCaptureService } using flags 67112961
05-19 12:41:11.342  1245  1245 W ContentCapturePerUserService: remote service died: RemoteContentCaptureService[ComponentInfo{com.google.android.as/com.google.android.apps.miphone.aiai.app.AiAiContentCaptureService} 244772124 (unbound)]
05-19 12:41:11.342  1245  1245 W ActivityManager: Unbind failed: could not find connection for android.app.LoadedApk$ServiceDispatcher$InnerConnection@229ad25
05-19 12:41:11.344  1245  1454 I ExplicitHealthCheckController: Explicit health check supported packages [PackageConfig{com.android.networkstack, 86400000}]
05-19 12:41:11.344  1245  1454 D PackageWatchdog: Received supported packages [PackageConfig{com.android.networkstack, 86400000}]
05-19 12:41:11.344  1245  1454 D ExplicitHealthCheckController: Getting health check requested packages
05-19 12:41:11.345  1245  1454 I ExplicitHealthCheckController: Explicit health check requested packages []
05-19 12:41:11.346  1245  1454 I ExplicitHealthCheckController: No more health check requests, unbinding...
05-19 12:41:11.347  1245  1245 W Looper  : Drained
05-19 12:41:11.348  1245  1454 I ExplicitHealthCheckController: Explicit health check service is unbound
05-19 12:41:11.350  1245  1280 I ActivityManager: Start proc 1880:com.android.launcher3/u0a496 for service {com.android.launcher3/com.android.quickstep.TouchInteractionService}
05-19 12:41:11.356  1245  1299 W BatteryExternalStatsWorker: error reading modem stats:ERROR_PHONE_NOT_AVAILABLE
05-19 12:41:11.360  1245  1454 D CoreBackPreview: Window{e38aa49 u0 ScreenDecorOverlayBottom}: Setting back callback OnBackInvokedCallbackInfo{mCallback=android.window.IOnBackInvokedCallback$Stub$Proxy@bf8b25a, mPriority=0}
05-19 12:41:11.382  1245  1449 D CompatibilityChangeReporter: Compat change id reported: 182478738; UID 1001; state: ENABLED
05-19 12:41:11.384  1245  1447 D CompatibilityChangeReporter: Compat change id reported: 168419799; UID 10496; state: DISABLED
05-19 12:41:11.384  1245  1447 D CompatibilityChangeReporter: Compat change id reported: 273564678; UID 10496; state: DISABLED
05-19 12:41:11.391  1245  1447 D CompatibilityChangeReporter: Compat change id reported: 168419799; UID 10496; state: DISABLED
05-19 12:41:11.391  1245  1447 D CompatibilityChangeReporter: Compat change id reported: 273564678; UID 10496; state: DISABLED
05-19 12:41:11.508  1245  1370 W BroadcastQueue: Background execution not allowed: receiving Intent { act=android.intent.action.ACTION_POWER_DISCONNECTED flg=0x4000010 (has extras) } to com.google.android.gms/.chimera.GmsIntentOperationService$PersistentTrustedReceiver
05-19 12:41:11.617  1245  1454 D CompatibilityChangeReporter: Compat change id reported: 161145287; UID 10496; state: DISABLED
05-19 12:41:11.664  1245  1385 I VcnManagementService: new snapshot: TelephonySubscriptionSnapshot{ mActiveDataSubId=2, mSubIdToInfoMap={}, mSubIdToCarrierConfigMap={}, mPrivilegedPackages={} }
05-19 12:41:11.678  1245  1266 I UsbPortManager: USB HAL HIDL version: 11
05-19 12:41:11.723  1245  1279 I DropBoxManagerService: add tag=system_server_wtf isTagEnabled=true flags=0x2
05-19 12:41:11.741  1245  1262 D ActivityTaskManager: Top Process State changed to PROCESS_STATE_TOP_SLEEPING
05-19 12:41:11.856  1245  1262 I StatusBarManagerService: registerStatusBar bar=com.android.internal.statusbar.IStatusBar$Stub$Proxy@d0bbba3
05-19 12:41:12.005  1245  1266 I UsbPortManager: USB HAL HIDL version: 11
05-19 12:41:12.029  1245  1262 D CompatibilityChangeReporter: Compat change id reported: 182478738; UID 10499; state: ENABLED
05-19 12:41:12.239  1245  1454 I Telecom : PhoneAccountRegistrar: New phone account registered: [[ ] PhoneAccount: ComponentInfo{com.android.phone/com.android.services.telephony.TelephonyConnectionService}, E, UserHandle{0} Capabilities: SuppVideo CallProvider MultiUser PlaceEmerg SimSub  Audio Routes: BESW Schemes: tel voicemail  Extras: Bundle[{android.telecom.extra.SUPPORTS_VIDEO_CALLING_FALLBACK=true}] GroupId: ***]: TSI.rPA@AAQ
05-19 12:41:12.242  1245  1449 D CoreBackPreview: Window{f8639ff u0 NavigationBar0}: Setting back callback OnBackInvokedCallbackInfo{mCallback=android.window.IOnBackInvokedCallback$Stub$Proxy@22b4615, mPriority=0}
05-19 12:41:12.242  1245  1454 I Telecom : CallsManager: Sending phone-account ComponentInfo{com.android.phone/com.android.services.telephony.TelephonyConnectionService}, E, UserHandle{0} registered intent as user: TSI.rPA@AAQ
05-19 12:41:12.242  1245  1454 I Telecom : CallsManager: Sending phone-account registered intent to default dialer: TSI.rPA@AAQ
05-19 12:41:12.246  1245  1454 I Telecom : PhoneAccountRegistrar: getSimCallManager: SimCallManager for subId -1 queried, returning: null: TSI.rPA@AAQ
05-19 12:41:12.246  1245  1454 I Telecom : PhoneAccountRegistrar: Notifying telephony of voice service override change for 1 SIMs, hasService = false: TSI.rPA@AAQ
05-19 12:41:12.250  1245  1449 I Telecom : CallsManager: Sending phone-account ComponentInfo{com.android.phone/com.android.services.telephony.TelephonyConnectionService}, 2, UserHandle{0} unregistered intent as user: TSI.uPA@AAY
05-19 12:41:12.250  1245  1449 I Telecom : CallsManager: Sending phone-account unregistered intent to default dialer: TSI.uPA@AAY
05-19 12:41:12.261  1245  1454 D CoreBackPreview: Window{ebcbee7 u0 EdgeBackGestureHandler0}: Setting back callback OnBackInvokedCallbackInfo{mCallback=android.window.IOnBackInvokedCallback$Stub$Proxy@64b593d, mPriority=0}
05-19 12:41:12.294  1245  1262 D CoreBackPreview: Window{36070e1 u0 NotificationShade}: Setting back callback OnBackInvokedCallbackInfo{mCallback=android.window.IOnBackInvokedCallback$Stub$Proxy@ab3bcc7, mPriority=0}
05-19 12:41:12.303  1245  1454 D CoreBackPreview: Window{1d5b19 u0 StatusBar}: Setting back callback OnBackInvokedCallbackInfo{mCallback=android.window.IOnBackInvokedCallback$Stub$Proxy@857dbf, mPriority=0}
05-19 12:41:12.339  1245  1447 D CustomFaceProvider: bindFaceAuthService 0
05-19 12:41:12.339  1245  1447 D CustomFaceProvider: FaceService disabled
05-19 12:41:12.339  1245  1447 D CustomFaceProvider: bindFaceAuthService 0
05-19 12:41:12.339  1245  1447 D CustomFaceProvider: FaceService disabled
05-19 12:41:12.349  1245  1262 I Telecom : PhoneAccountRegistrar: Modify account: [ComponentInfo{com.android.phone/com.android.services.telephony.TelephonyConnectionService}, E, UserHandle{0}]: TSI.rPA@AAg
05-19 12:41:12.350  1245  1262 I Telecom : CallsManager: handlePhoneAccountChanged: phoneAccount=[[X] PhoneAccount: ComponentInfo{com.android.phone/com.android.services.telephony.TelephonyConnectionService}, E, UserHandle{0} Capabilities: SuppVideo CallProvider MultiUser PlaceEmerg SimSub  Audio Routes: BESW Schemes: tel voicemail  Extras: Bundle[{android.telecom.extra.SUPPORTS_VIDEO_CALLING_FALLBACK=true}] GroupId: ***]: TSI.rPA@AAg
05-19 12:41:12.352  1245  1262 I Telecom : PhoneAccountRegistrar: getSimCallManager: SimCallManager for subId -1 queried, returning: null: TSI.rPA@AAg
05-19 12:41:12.353  1245  1262 I Telecom : PhoneAccountRegistrar: Notifying telephony of voice service override change for 1 SIMs, hasService = false: TSI.rPA@AAg
05-19 12:41:12.414  1245  1447 D CustomFaceProvider: bindFaceAuthService 0
05-19 12:41:12.414  1245  1447 D CustomFaceProvider: FaceService disabled
05-19 12:41:12.415  1245  1449 D CustomFaceProvider: bindFaceAuthService 0
05-19 12:41:12.415  1245  1449 D CustomFaceProvider: FaceService disabled
05-19 12:41:12.418  1245  1279 D CompatibilityChangeReporter: Compat change id reported: 135634846; UID 10513; state: DISABLED
05-19 12:41:12.418  1245  1279 D CompatibilityChangeReporter: Compat change id reported: 177438394; UID 10513; state: DISABLED
05-19 12:41:12.418  1245  1279 D CompatibilityChangeReporter: Compat change id reported: 135772972; UID 10513; state: DISABLED
05-19 12:41:12.420  1245  1279 D CompatibilityChangeReporter: Compat change id reported: 135754954; UID 10513; state: ENABLED
05-19 12:41:12.420  1245  1280 D CompatibilityChangeReporter: Compat change id reported: 143937733; UID 10513; state: ENABLED
05-19 12:41:12.422  1245  1262 I Telecom : PhoneAccountRegistrar: setUserSelectedOutgoingPhoneAccount: ComponentInfo{com.android.phone/com.android.services.telephony.TelephonyConnectionService}, 2, UserHandle{0}: TSI.sUSOPA@AAk
05-19 12:41:12.422  1245  1262 I Telecom : PhoneAccountRegistrar: setUserSelectedOutgoingPhoneAccount: no change in default phoneAccountHandle.  current is same as new.: TSI.sUSOPA@AAk
05-19 12:41:12.433  1245  1280 I ActivityManager: Start proc 1995:com.android.cellbroadcastreceiver.module/u0a513 for broadcast {com.android.cellbroadcastreceiver.module/com.android.cellbroadcastreceiver.CellBroadcastReceiver}
05-19 12:41:12.458  1245  1278 E StatsPullAtomService: subInfo of subId 2 is invalid, ignored.
05-19 12:41:12.461  1245  1262 D CompatibilityChangeReporter: Compat change id reported: 168419799; UID 10513; state: DISABLED
05-19 12:41:12.461  1245  1262 D CompatibilityChangeReporter: Compat change id reported: 273564678; UID 10513; state: DISABLED
05-19 12:41:12.463  1245  1454 D SystemServerTiming: getUserSwitchability-0
05-19 12:41:12.463  1245  1454 D SystemServerTiming: TM.isInCall
05-19 12:41:12.468  1245  1454 D SystemServerTiming: hasUserRestriction-DISALLOW_USER_SWITCH
05-19 12:41:12.468  1245  1454 D SystemServerTiming: getInt-ALLOW_USER_SWITCHING_WHEN_SYSTEM_USER_LOCKED
05-19 12:41:12.469  1245  1454 D SystemServerTiming: isUserUnlocked-USER_SYSTEM
05-19 12:41:12.490  1245  1278 E StatsPullAtomService: subInfo of subId 2 is invalid, ignored.
05-19 12:41:12.500  1245  1362 W ContextImpl: Calling a method in the system process without a qualified user: android.app.ContextImpl.sendBroadcastMultiplePermissions:1228 com.android.server.TelephonyRegistry.broadcastServiceStateChanged:3085 com.android.server.TelephonyRegistry.notifyServiceStateForPhoneId:1616 com.android.internal.telephony.ITelephonyRegistry$Stub.onTransact:492 android.os.Binder.execTransactInternal:1280 
05-19 12:41:12.501  1245  1362 W ContextImpl: Calling a method in the system process without a qualified user: android.app.ContextImpl.sendBroadcastMultiplePermissions:1278 android.content.Context.sendBroadcastMultiplePermissions:2282 com.android.server.TelephonyRegistry.broadcastServiceStateChanged:3089 com.android.server.TelephonyRegistry.notifyServiceStateForPhoneId:1616 com.android.internal.telephony.ITelephonyRegistry$Stub.onTransact:492 
05-19 12:41:12.501  1245  1279 W BroadcastQueue: Permission Denial: receiving Intent { act=android.intent.action.SERVICE_STATE flg=0x1000010 (has extras) } to ProcessRecord{2e5454d 1463:com.android.systemui/u0a499} (pid=1463, uid=10499) requires android.permission.ACCESS_FINE_LOCATION due to sender android (uid 1001)
05-19 12:41:12.502  1245  1279 W BroadcastQueue: Permission Denial: receiving Intent { act=android.intent.action.SERVICE_STATE flg=0x1000010 (has extras) } to ProcessRecord{2e5454d 1463:com.android.systemui/u0a499} (pid=1463, uid=10499) requires android.permission.ACCESS_FINE_LOCATION due to sender android (uid 1001)
