05-15 15:50:12.033  1248  1248 I OemLock : Using persistent data block based lock
05-15 15:50:12.035  1248  1248 D SystemServerTiming: StartDeviceIdleController
05-15 15:50:12.035  1248  1248 I SystemServiceManager: Starting com.android.server.DeviceIdleController
05-15 15:50:12.045  1248  1248 D SystemServerTiming: StartDevicePolicyManager
05-15 15:50:12.045  1248  1248 I SystemServiceManager: Starting com.android.server.devicepolicy.DevicePolicyManagerService$Lifecycle
05-15 15:50:12.054  1248  1248 I DevicePolicyManager: Current version 3, latest version 3, not upgrading.
05-15 15:50:12.056  1248  1248 I DevicePolicyManager: Set ro.organization_owned property to false
05-15 15:50:12.061  1248  1248 D SystemServerTiming: StartStatusBarManagerService
05-15 15:50:12.064  1248  1248 D SystemServerTiming: StartMusicRecognitionManagerService
05-15 15:50:12.064  1248  1248 I SystemServiceManager: Starting com.android.server.musicrecognition.MusicRecognitionManagerService
05-15 15:50:12.068  1248  1248 D SystemServerTiming: StartContentCaptureService
05-15 15:50:12.068  1248  1248 I SystemServiceManager: Starting com.android.server.contentcapture.ContentCaptureManagerService
05-15 15:50:12.073  1248  1248 D SystemServerTiming: StartAttentionManagerService
05-15 15:50:12.073  1248  1248 I SystemServiceManager: Starting com.android.server.attention.AttentionManagerService
05-15 15:50:12.076  1248  1248 D SystemServerTiming: StartRotationResolverService
05-15 15:50:12.076  1248  1248 I SystemServiceManager: Starting com.android.server.rotationresolver.RotationResolverManagerService
05-15 15:50:12.080  1248  1248 D SystemServerTiming: StartSystemCaptionsManagerService
05-15 15:50:12.080  1248  1248 I SystemServiceManager: Starting com.android.server.systemcaptions.SystemCaptionsManagerService
05-15 15:50:12.080  1248  1248 D SystemServerTiming: StartTextToSpeechManagerService
05-15 15:50:12.080  1248  1248 I SystemServiceManager: Starting com.android.server.texttospeech.TextToSpeechManagerService
05-15 15:50:12.083  1248  1248 D SystemServerTiming: StartAmbientContextService
05-15 15:50:12.083  1248  1248 I SystemServiceManager: Starting com.android.server.ambientcontext.AmbientContextManagerService
05-15 15:50:12.086  1248  1248 D SystemServerTiming: StartSpeechRecognitionManagerService
05-15 15:50:12.087  1248  1248 I SystemServiceManager: Starting com.android.server.speech.SpeechRecognitionManagerService
05-15 15:50:12.090  1248  1248 D SystemServerTiming: StartAppPredictionService
05-15 15:50:12.090  1248  1248 I SystemServiceManager: Starting com.android.server.appprediction.AppPredictionManagerService
05-15 15:50:12.093  1248  1248 D SystemServerTiming: StartContentSuggestionsService
05-15 15:50:12.093  1248  1248 I SystemServiceManager: Starting com.android.server.contentsuggestions.ContentSuggestionsManagerService
05-15 15:50:12.095  1248  1248 D SystemServerTiming: StartSearchUiService
05-15 15:50:12.096  1248  1248 I SystemServiceManager: Starting com.android.server.searchui.SearchUiManagerService
05-15 15:50:12.098  1248  1248 D SystemServerTiming: StartSmartspaceService
05-15 15:50:12.098  1248  1248 I SystemServiceManager: Starting com.android.server.smartspace.SmartspaceManagerService
05-15 15:50:12.101  1248  1248 D SystemServerTiming: InitConnectivityModuleConnector
05-15 15:50:12.101  1248  1248 D ConnectivityModuleConnector: Network stack init
05-15 15:50:12.103  1248  1248 D SystemServerTiming: InitNetworkStackClient
05-15 15:50:12.103  1248  1248 D SystemServerTiming: StartNetworkManagementService
05-15 15:50:12.107  1248  1248 D SystemServerTiming: StartFontManagerService
05-15 15:50:12.139  1248  1248 D SystemServerTiming: StartTextServicesManager
05-15 15:50:12.139  1248  1248 I SystemServiceManager: Starting com.android.server.textservices.TextServicesManagerService$Lifecycle
05-15 15:50:12.142  1248  1248 D SystemServerTiming: StartTextClassificationManagerService
05-15 15:50:12.142  1248  1248 I SystemServiceManager: Starting com.android.server.textclassifier.TextClassificationManagerService$Lifecycle
05-15 15:50:12.146  1248  1248 D SystemServerTiming: StartNetworkScoreService
05-15 15:50:12.147  1248  1248 I SystemServiceManager: Starting com.android.server.NetworkScoreService$Lifecycle
05-15 15:50:12.150  1248  1248 D SystemServerTiming: StartNetworkStatsService
05-15 15:50:12.163  1248  1248 I SystemServiceManager: Starting com.android.server.NetworkStatsServiceInitializer
05-15 15:50:12.210  1248  1248 D SystemServerTiming: StartNetworkPolicyManagerService
05-15 15:50:12.219  1248  1248 D SystemServerTiming: StartWifi
05-15 15:50:12.244  1248  1248 I SystemServiceManager: Starting com.android.server.wifi.WifiService
05-15 15:50:12.341   778   778 I wificond: New wificond event callback registered
05-15 15:50:12.345  1248  1248 V HistoricalRegistry: Interaction before persistence initialized
05-15 15:50:12.350  1248  1248 D SystemServerTiming: StartWifiScanning
05-15 15:50:12.351  1248  1248 I SystemServiceManager: Starting com.android.server.wifi.scanner.WifiScanningService
05-15 15:50:12.355  1248  1248 D SystemServerTiming: StartWifiP2P
05-15 15:50:12.356  1248  1248 I SystemServiceManager: Starting com.android.server.wifi.p2p.WifiP2pService
05-15 15:50:12.364  1248  1248 D SystemServerTiming: StartPacProxyService
05-15 15:50:12.366  1248  1248 D SystemServerTiming: StartConnectivityService
05-15 15:50:12.366  1248  1248 I SystemServiceManager: Starting com.android.server.ConnectivityServiceInitializer
05-15 15:50:12.413  1248  1248 D CompatibilityChangeReporter: Compat change id reported: 182478738; UID 1000; state: ENABLED
05-15 15:50:12.448  1248  1248 D SystemServerTiming: StartVpnManagerService
05-15 15:50:12.458  1248  1248 D SystemServerTiming: StartVcnManagementService
05-15 15:50:12.462  1248  1248 D SystemServerTiming: StartSystemUpdateManagerService
05-15 15:50:12.462  1248  1248 I SystemUpdateManagerService: No existing info file /data/system/system-update-info.xml
05-15 15:50:12.464  1248  1248 D SystemServerTiming: StartUpdateLockService
05-15 15:50:12.466  1248  1248 D SystemServerTiming: StartNotificationManager
05-15 15:50:12.466  1248  1248 I SystemServiceManager: Starting com.android.server.notification.NotificationManagerService
05-15 15:50:12.475  1248  1248 D ConditionProviders.SCP: new ScheduleConditionProvider()
05-15 15:50:12.515  1248  1248 I NotificationListeners: Read notification listener permissions from xml
05-15 15:50:12.515  1248  1248 I NotificationAssistants: Read notification assistant permissions from xml
05-15 15:50:12.515  1248  1248 I ConditionProviders: Read condition provider permissions from xml
05-15 15:50:12.515  1248  1248 I ConditionProviders: Read condition provider permissions from xml
05-15 15:50:12.515  1248  1248 D NotificationAssistants: Approving default notification assistant for user 0
05-15 15:50:12.516  1248  1248 I ConditionProviders:  Allowing condition provider android.ext.services/android.ext.services.notification.Assistant (userSet: true)
05-15 15:50:12.519  1248  1248 D CompatibilityChangeReporter: Compat change id reported: 157233955; UID 1000; state: ENABLED
05-15 15:50:12.523  1248  1248 W SystemServiceManager: Service com.android.server.notification.NotificationManagerService took 56 ms in onStart
05-15 15:50:12.526  1248  1248 D SystemServerTiming: StartDeviceMonitor
05-15 15:50:12.526  1248  1248 I SystemServiceManager: Starting com.android.server.storage.DeviceStorageMonitorService
05-15 15:50:12.528  1248  1248 D SystemServerTiming: StartLocationManagerService
05-15 15:50:12.528  1248  1248 I SystemServiceManager: Starting com.android.server.location.LocationManagerService$Lifecycle
05-15 15:50:12.532  1248  1248 D SystemServerTiming: StartCountryDetectorService
05-15 15:50:12.534  1248  1248 D SystemServerTiming: StartTimeDetectorService
05-15 15:50:12.534  1248  1248 I SystemServiceManager: Starting com.android.server.timedetector.TimeDetectorService$Lifecycle
05-15 15:50:12.536  1248  1248 D SystemServerTiming: StartTimeZoneDetectorService
05-15 15:50:12.536  1248  1248 I SystemServiceManager: Starting com.android.server.timezonedetector.TimeZoneDetectorService$Lifecycle
05-15 15:50:12.540  1248  1248 D SystemServerTiming: StartLocationTimeZoneManagerService
05-15 15:50:12.540  1248  1248 I SystemServiceManager: Starting com.android.server.timezonedetector.location.LocationTimeZoneManagerService$Lifecycle
05-15 15:50:12.542  1248  1248 D SystemServerTiming: StartSearchManagerService
05-15 15:50:12.542  1248  1248 I SystemServiceManager: Starting com.android.server.search.SearchManagerService$Lifecycle
05-15 15:50:12.544  1248  1248 D SystemServerTiming: StartWallpaperManagerService
05-15 15:50:12.544  1248  1248 I SystemServiceManager: Starting com.android.server.wallpaper.WallpaperManagerService$Lifecycle
05-15 15:50:12.545  1248  1248 D SystemServerTiming: StartWallpaperEffectsGenerationService
05-15 15:50:12.545  1248  1248 I SystemServiceManager: Starting com.android.server.wallpapereffectsgeneration.WallpaperEffectsGenerationManagerService
05-15 15:50:12.547  1248  1248 D SystemServerTiming: StartAudioService
05-15 15:50:12.547  1248  1248 I SystemServiceManager: Starting com.android.server.audio.AudioService$Lifecycle
05-15 15:50:12.596  1248  1248 D SystemServerTiming: StartSoundTriggerMiddlewareService
05-15 15:50:12.596  1248  1248 I SystemServiceManager: Starting com.android.server.soundtrigger_middleware.SoundTriggerMiddlewareService$Lifecycle
05-15 15:50:12.602  1248  1248 D SystemServerTiming: StartDockObserver
05-15 15:50:12.602  1248  1248 I SystemServiceManager: Starting com.android.server.DockObserver
05-15 15:50:12.602  1248  1248 I DockObserver: No extcon dock device found in this kernel.
05-15 15:50:12.604  1248  1248 D SystemServerTiming: StartWiredAccessoryManager
05-15 15:50:12.605  1248  1248 W WiredAccessoryManager: This kernel does not have usb audio support
05-15 15:50:12.605  1248  1248 W WiredAccessoryManager: This kernel does not have HDMI audio support
05-15 15:50:12.605  1248  1248 E WiredAccessoryManager: file /sys/devices/platform/soc/soc:qcom,msm-ext-disp/extcon/extcon3/name not found
05-15 15:50:12.605  1248  1248 W WiredAccessoryManager: Conn soc:qcom,msm-ext-disp/3/1 does not have DP audio support
05-15 15:50:12.605  1248  1248 E WiredAccessoryManager: file /sys/devices/platform/soc/soc:qcom,msm-ext-disp/extcon/extcon2/name not found
05-15 15:50:12.605  1248  1248 W WiredAccessoryManager: Conn soc:qcom,msm-ext-disp/2/1 does not have DP audio support
05-15 15:50:12.605  1248  1248 E WiredAccessoryManager: file /sys/devices/platform/soc/soc:qcom,msm-ext-disp/extcon/extcon1/name not found
05-15 15:50:12.605  1248  1248 W WiredAccessoryManager: Conn soc:qcom,msm-ext-disp/1/1 does not have DP audio support
05-15 15:50:12.606  1248  1248 E WiredAccessoryManager: file /sys/devices/platform/soc/soc:qcom,msm-ext-disp/extcon/extcon0/name not found
05-15 15:50:12.606  1248  1248 W WiredAccessoryManager: Conn soc:qcom,msm-ext-disp/0/1 does not have DP audio support
05-15 15:50:12.606  1248  1248 E WiredAccessoryManager: file /sys/devices/platform/soc/soc:qcom,msm-ext-disp/extcon/extcon3/name not found
05-15 15:50:12.606  1248  1248 W WiredAccessoryManager: Conn soc:qcom,msm-ext-disp/3/0 does not have DP audio support
05-15 15:50:12.606  1248  1248 E WiredAccessoryManager: file /sys/devices/platform/soc/soc:qcom,msm-ext-disp/extcon/extcon2/name not found
05-15 15:50:12.606  1248  1248 W WiredAccessoryManager: Conn soc:qcom,msm-ext-disp/2/0 does not have DP audio support
05-15 15:50:12.606  1248  1248 E WiredAccessoryManager: file /sys/devices/platform/soc/soc:qcom,msm-ext-disp/extcon/extcon1/name not found
05-15 15:50:12.606  1248  1248 W WiredAccessoryManager: Conn soc:qcom,msm-ext-disp/1/0 does not have DP audio support
05-15 15:50:12.606  1248  1248 E WiredAccessoryManager: file /sys/devices/platform/soc/soc:qcom,msm-ext-disp/extcon/extcon0/name not found
05-15 15:50:12.606  1248  1248 W WiredAccessoryManager: Conn soc:qcom,msm-ext-disp/0/0 does not have DP audio support
05-15 15:50:12.606  1248  1248 D SystemServerTiming: StartMidiManager
05-15 15:50:12.606  1248  1248 I SystemServiceManager: Starting com.android.server.midi.MidiService$Lifecycle
05-15 15:50:12.609  1248  1248 D SystemServerTiming: StartAdbService
05-15 15:50:12.609  1248  1248 I SystemServiceManager: Starting com.android.server.adb.AdbService$Lifecycle
05-15 15:50:12.612  1248  1248 D SystemServerTiming: StartUsbService
05-15 15:50:12.612  1248  1248 I SystemServiceManager: Starting com.android.server.usb.UsbService$Lifecycle
05-15 15:50:12.612  1248  1248 D SystemServerTiming: StartSerialService
05-15 15:50:12.612  1248  1282 D SystemServerTimingAsync: InitThreadPoolExec:UsbService$Lifecycle#onStart
05-15 15:50:12.613  1248  1282 I UsbDeviceManager: failed to write to /sys/class/android_usb/android0/f_rndis/ethaddr
05-15 15:50:12.614  1248  1248 D SystemServerTiming: StartHardwarePropertiesManagerService
05-15 15:50:12.615  1248  1282 I UsbDeviceManager: USB GADGET HAL not present in the device
05-15 15:50:12.615  1248  1282 I UsbDeviceManager: java.util.NoSuchElementException
05-15 15:50:12.615  1248  1282 I UsbDeviceManager: 	at android.os.HwBinder.getService(Native Method)
05-15 15:50:12.615  1248  1282 I UsbDeviceManager: 	at android.hardware.usb.gadget.V1_0.IUsbGadget.getService(IUsbGadget.java:57)
05-15 15:50:12.615  1248  1282 I UsbDeviceManager: 	at android.hardware.usb.gadget.V1_0.IUsbGadget.getService(IUsbGadget.java:64)
05-15 15:50:12.615  1248  1282 I UsbDeviceManager: 	at com.android.server.usb.UsbDeviceManager.<init>(UsbDeviceManager.java:308)
05-15 15:50:12.615  1248  1282 I UsbDeviceManager: 	at com.android.server.usb.UsbService.<init>(UsbService.java:183)
05-15 15:50:12.615  1248  1282 I UsbDeviceManager: 	at com.android.server.usb.UsbService$Lifecycle.lambda$onStart$0(UsbService.java:97)
05-15 15:50:12.615  1248  1282 I UsbDeviceManager: 	at com.android.server.usb.UsbService$Lifecycle.$r8$lambda$CxV7IL0QHEjIgNnhuBbpakF4-Bg(Unknown Source:0)
05-15 15:50:12.615  1248  1282 I UsbDeviceManager: 	at com.android.server.usb.UsbService$Lifecycle$$ExternalSyntheticLambda2.run(Unknown Source:2)
05-15 15:50:12.615  1248  1282 I UsbDeviceManager: 	at com.android.server.SystemServerInitThreadPool.lambda$submitTask$0(SystemServerInitThreadPool.java:106)
05-15 15:50:12.615  1248  1282 I UsbDeviceManager: 	at com.android.server.SystemServerInitThreadPool.$r8$lambda$aGlXt69ihU44Qi7EB_RNeu8pnrY(Unknown Source:0)
05-15 15:50:12.615  1248  1282 I UsbDeviceManager: 	at com.android.server.SystemServerInitThreadPool$$ExternalSyntheticLambda0.run(Unknown Source:6)
05-15 15:50:12.615  1248  1282 I UsbDeviceManager: 	at java.util.concurrent.Executors$RunnableAdapter.call(Executors.java:463)
05-15 15:50:12.615  1248  1282 I UsbDeviceManager: 	at java.util.concurrent.FutureTask.run(FutureTask.java:264)
05-15 15:50:12.615  1248  1282 I UsbDeviceManager: 	at java.util.concurrent.ThreadPoolExecutor.runWorker(ThreadPoolExecutor.java:1137)
05-15 15:50:12.615  1248  1282 I UsbDeviceManager: 	at java.util.concurrent.ThreadPoolExecutor$Worker.run(ThreadPoolExecutor.java:637)
05-15 15:50:12.615  1248  1282 I UsbDeviceManager: 	at com.android.internal.util.ConcurrentUtils$1$1.run(ConcurrentUtils.java:65)
05-15 15:50:12.615  1248  1282 E UsbDeviceManager: Failed to open control for mtp
05-15 15:50:12.616  1248  1282 E UsbDeviceManager: Failed to open control for ptp
05-15 15:50:12.617  1248  1282 W StorageManagerService: No primary storage defined yet; hacking together a stub
05-15 15:50:12.618  1248  1248 D SystemServerTiming: StartTwilightService
05-15 15:50:12.618  1248  1248 I SystemServiceManager: Starting com.android.server.twilight.TwilightService
05-15 15:50:12.619  1248  1248 D SystemServerTiming: StartColorDisplay
05-15 15:50:12.619  1248  1248 I SystemServiceManager: Starting com.android.server.display.color.ColorDisplayService
05-15 15:50:12.622  1248  1248 D SystemServerTiming: StartJobScheduler
05-15 15:50:12.622  1248  1248 I SystemServiceManager: Starting com.android.server.job.JobSchedulerService
05-15 15:50:12.622  1248  1282 D UsbPortManager: Querying USB HAL version
05-15 15:50:12.626  1248  1248 D JobStore: Start tag: job-info
05-15 15:50:12.627  1248  1282 I UsbPortManager: USB HAL HIDL present
05-15 15:50:12.630  1248  1283 I UsbPortManager: Usb hal service started android.hardware.usb@1.0::IUsb default
05-15 15:50:12.632  1248  1282 D UsbPortManager: getInstance done
05-15 15:50:12.641  1248  1248 I JobStore: Read 114 jobs
05-15 15:50:12.646  1248  1248 V HistoricalRegistry: Interaction before persistence initialized
05-15 15:50:12.646  1248  1248 V HistoricalRegistry: Interaction before persistence initialized
05-15 15:50:12.648  1248  1248 D SystemServerTiming: StartSoundTrigger
05-15 15:50:12.648  1248  1248 I SystemServiceManager: Starting com.android.server.soundtrigger.SoundTriggerService
05-15 15:50:12.648  1248  1248 D SystemServerTiming: StartTrustManager
05-15 15:50:12.649  1248  1248 I SystemServiceManager: Starting com.android.server.trust.TrustManagerService
05-15 15:50:12.651  1248  1248 D SystemServerTiming: StartBackupManager
05-15 15:50:12.651  1248  1248 I SystemServiceManager: Starting com.android.server.backup.BackupManagerService$Lifecycle
05-15 15:50:12.654  1248  1248 D SystemServerTiming: StartAppWidgetService
05-15 15:50:12.654  1248  1248 I SystemServiceManager: Starting com.android.server.appwidget.AppWidgetService
05-15 15:50:12.658  1248  1248 D SystemServerTiming: StartVoiceRecognitionManager
05-15 15:50:12.658  1248  1248 I SystemServiceManager: Starting com.android.server.voiceinteraction.VoiceInteractionManagerService
05-15 15:50:12.829  1248  1248 D SystemServerTiming: StartAppHibernationService
05-15 15:50:12.829  1248  1248 I SystemServiceManager: Starting com.android.server.apphibernation.AppHibernationService
05-15 15:50:12.832  1248  1248 D SystemServerTiming: StartGestureLauncher
05-15 15:50:12.832  1248  1248 I SystemServiceManager: Starting com.android.server.GestureLauncherService
05-15 15:50:12.832  1248  1248 D SystemServerTiming: StartSensorNotification
05-15 15:50:12.832  1248  1248 I SystemServiceManager: Starting com.android.server.SensorNotificationService
05-15 15:50:12.832  1248  1248 D SystemServerTiming: StartDiskStatsService
05-15 15:50:12.833  1248  1248 D CompatibilityChangeReporter: Compat change id reported: 194532703; UID 1000; state: ENABLED
05-15 15:50:12.833  1248  1248 D CompatibilityChangeReporter: Compat change id reported: 194532703; UID 1000; state: DISABLED
05-15 15:50:12.835  1248  1248 D SystemServerTiming: RuntimeService
05-15 15:50:12.836  1248  1248 D SystemServerTiming: StartNetworkTimeUpdateService
05-15 15:50:12.838  1248  1248 D SystemServerTiming: CertBlacklister
05-15 15:50:12.838  1248  1248 D SystemServerTiming: StartEmergencyAffordanceService
05-15 15:50:12.839  1248  1248 I SystemServiceManager: Starting com.android.server.emergency.EmergencyAffordanceService
05-15 15:50:12.840  1248  1248 D SystemServerTiming: startBlobStoreManagerService
05-15 15:50:12.840  1248  1248 I SystemServiceManager: Starting com.android.server.blob.BlobStoreManagerService
05-15 15:50:12.844  1248  1248 D SystemServerTiming: StartDreamManager
05-15 15:50:12.845  1248  1248 I SystemServiceManager: Starting com.android.server.dreams.DreamManagerService
05-15 15:50:12.847  1248  1248 D SystemServerTiming: AddGraphicsStatsService
05-15 15:50:12.850  1248  1248 D SystemServerTiming: StartPrintManager
05-15 15:50:12.850  1248  1248 I SystemServiceManager: Starting com.android.server.print.PrintManagerService
05-15 15:50:12.852  1248  1248 D SystemServerTiming: StartAttestationVerificationService
05-15 15:50:12.852  1248  1248 I SystemServiceManager: Starting com.android.server.security.AttestationVerificationManagerService
05-15 15:50:12.852  1248  1248 D AVF     : Started
05-15 15:50:12.854  1248  1248 D SystemServerTiming: StartCompanionDeviceManager
05-15 15:50:12.854  1248  1248 I SystemServiceManager: Starting com.android.server.companion.CompanionDeviceManagerService
05-15 15:50:12.854  1248  1248 I CompanionDevice_PersistentDataStore: Reading associations for user 0 from disk
05-15 15:50:12.857  1248  1248 D SystemServerTiming: StartVirtualDeviceManager
05-15 15:50:12.857  1248  1248 I SystemServiceManager: Starting com.android.server.companion.virtual.VirtualDeviceManagerService
05-15 15:50:12.859  1248  1248 D SystemServerTiming: StartRestrictionManager
05-15 15:50:12.859  1248  1248 I SystemServiceManager: Starting com.android.server.restrictions.RestrictionsManagerService
05-15 15:50:12.861  1248  1248 D SystemServerTiming: StartMediaSessionService
05-15 15:50:12.861  1248  1248 I SystemServiceManager: Starting com.android.server.media.MediaSessionService
05-15 15:50:12.865  1248  1248 D SystemServerTiming: StartMediaResourceMonitor
05-15 15:50:12.865  1248  1248 I SystemServiceManager: Starting com.android.server.media.MediaResourceMonitorService
05-15 15:50:12.865  1248  1248 D SystemServerTiming: StartMediaRouterService
05-15 15:50:12.866  1248  1248 V HistoricalRegistry: Interaction before persistence initialized
05-15 15:50:12.868  1248  1248 D SystemServerTiming: StartFaceSensor
05-15 15:50:12.868  1248  1248 I SystemServiceManager: Starting com.android.server.biometrics.sensors.face.FaceService
05-15 15:50:12.869  1248  1248 D SystemServerTiming: StartFingerprintSensor
05-15 15:50:12.869  1248  1248 I SystemServiceManager: Starting com.android.server.biometrics.sensors.fingerprint.FingerprintService
05-15 15:50:12.871  1248  1248 D SystemServerTiming: StartBiometricService
05-15 15:50:12.871  1248  1248 I SystemServiceManager: Starting com.android.server.biometrics.BiometricService
05-15 15:50:12.874  1248  1248 D SystemServerTiming: StartAuthService
05-15 15:50:12.874  1248  1248 I SystemServiceManager: Starting com.android.server.biometrics.AuthService
05-15 15:50:12.874  1248  1248 D AuthService: Registering HIDL ID: 0 Modality: 2 Strength: 15
05-15 15:50:12.879  1248  1408 D BiometricService: Registering ID: 0 Modality: 2 Strength: 15
05-15 15:50:12.880  1248  1408 D BiometricStrengthController: updateStrengths: revert sensorId=0 to oemStrength=15
05-15 15:50:12.880  1248  1408 D BiometricService/Sensor: updateStrength: Before(ID(0), oemStrength: 15, updatedStrength: 15, modality 2, state: 0, cookie: 0) After(ID(0), oemStrength: 15, updatedStrength: 15, modality 2, state: 0, cookie: 0)
05-15 15:50:12.880  1248  1248 D SystemServerTiming: AppLockManagerService
05-15 15:50:12.881  1248  1248 I SystemServiceManager: Starting com.android.server.app.AppLockManagerService$Lifecycle
05-15 15:50:12.882  1248  1409 D BiometricService: Registering ID: 1008 Modality: 8 Strength: 255
05-15 15:50:12.882  1248  1409 D BiometricStrengthController: updateStrengths: revert sensorId=0 to oemStrength=15
05-15 15:50:12.882  1248  1409 D BiometricService/Sensor: updateStrength: Before(ID(0), oemStrength: 15, updatedStrength: 15, modality 2, state: 0, cookie: 0) After(ID(0), oemStrength: 15, updatedStrength: 15, modality 2, state: 0, cookie: 0)
05-15 15:50:12.882  1248  1409 D BiometricStrengthController: updateStrengths: revert sensorId=1008 to oemStrength=255
05-15 15:50:12.882  1248  1409 D BiometricService/Sensor: updateStrength: Before(ID(1008), oemStrength: 255, updatedStrength: 255, modality 8, state: 0, cookie: 0) After(ID(1008), oemStrength: 255, updatedStrength: 255, modality 8, state: 0, cookie: 0)
05-15 15:50:12.887  1248  1248 D SystemServerTiming: StartDynamicCodeLoggingService
05-15 15:50:12.888  1248  1248 D SystemServerTiming: StartPruneInstantAppsJobService
05-15 15:50:12.888  1248  1248 D SystemServerTiming: StartShortcutServiceLifecycle
05-15 15:50:12.888  1248  1248 I SystemServiceManager: Starting com.android.server.pm.ShortcutService$Lifecycle
05-15 15:50:12.889  1248  1248 V HistoricalRegistry: Interaction before persistence initialized
05-15 15:50:12.891  1248  1248 D SystemServerTiming: StartLauncherAppsService
05-15 15:50:12.891  1248  1248 I SystemServiceManager: Starting com.android.server.pm.LauncherAppsService
05-15 15:50:12.895  1248  1248 D SystemServerTiming: StartCrossProfileAppsService
05-15 15:50:12.895  1248  1248 I SystemServiceManager: Starting com.android.server.pm.CrossProfileAppsService
05-15 15:50:12.896  1248  1248 D SystemServerTiming: StartPocketService
05-15 15:50:12.897  1248  1248 I SystemServiceManager: Starting com.android.server.pocket.PocketService
05-15 15:50:12.899  1248  1248 D SystemServerTiming: StartPeopleService
05-15 15:50:12.899  1248  1248 I SystemServiceManager: Starting com.android.server.people.PeopleService
05-15 15:50:12.901  1248  1248 D SystemServerTiming: StartMediaMetricsManager
05-15 15:50:12.901  1248  1248 I SystemServiceManager: Starting com.android.server.media.metrics.MediaMetricsManagerService
05-15 15:50:12.903  1248  1248 D SystemServerTiming: StartCustomDeviceConfigService
05-15 15:50:12.903  1248  1248 I SystemServiceManager: Starting com.android.server.derp.CustomDeviceConfigService
05-15 15:50:12.903  1248  1248 D SystemServerTiming: StartLinearmotorVibratorService
05-15 15:50:12.903  1248  1248 I SystemServiceManager: Starting com.android.server.vibrator.LinearmotorVibratorService
05-15 15:50:12.905  1248  1248 D SystemServerTiming: StartLineageHardwareService
05-15 15:50:12.905  1248  1248 I SystemServiceManager: Starting com.android.server.derp.LineageHardwareService
05-15 15:50:12.907  1248  1248 D SystemServerTiming: StartLiveDisplayService
05-15 15:50:12.907  1248  1248 I SystemServiceManager: Starting com.android.server.derp.display.LiveDisplayService
05-15 15:50:12.911  1248  1248 D SystemServerTiming: StartHealthService
05-15 15:50:12.911  1248  1248 I SystemServiceManager: Starting com.android.server.derp.health.HealthInterfaceService
05-15 15:50:12.914  1248  1248 D SystemServerTiming: StartMediaProjectionManager
05-15 15:50:12.914  1248  1248 I SystemServiceManager: Starting com.android.server.media.projection.MediaProjectionManagerService
05-15 15:50:12.918  1248  1248 D SystemServerTiming: StartSliceManagerService
05-15 15:50:12.918  1248  1248 I SystemServiceManager: Starting com.android.server.slice.SliceManagerService$Lifecycle
05-15 15:50:12.921  1248  1248 D SystemServerTiming: StartStatsCompanion
05-15 15:50:12.921  1248  1248 I SystemServiceManager: Starting com.android.server.stats.StatsCompanion$Lifecycle
05-15 15:50:12.925  1248  1248 D SystemServerTiming: StartRebootReadinessManagerService
05-15 15:50:12.926  1248  1248 I SystemServiceManager: Starting com.android.server.scheduling.RebootReadinessManagerService$Lifecycle
05-15 15:50:12.933  1248  1248 D SystemServerTiming: StartStatsPullAtomService
05-15 15:50:12.933  1248  1248 I SystemServiceManager: Starting com.android.server.stats.pull.StatsPullAtomService
05-15 15:50:12.933  1248  1248 D SystemServerTiming: StatsBootstrapAtomService
05-15 15:50:12.933  1248  1248 I SystemServiceManager: Starting com.android.server.stats.bootstrap.StatsBootstrapAtomService$Lifecycle
05-15 15:50:12.935  1248  1248 D SystemServerTiming: StartIncidentCompanionService
05-15 15:50:12.935  1248  1248 I SystemServiceManager: Starting com.android.server.incident.IncidentCompanionService
05-15 15:50:12.936  1248  1248 D SystemServerTiming: StarSdkSandboxManagerService
05-15 15:50:12.936  1248  1248 I SystemServiceManager: Starting com.android.server.sdksandbox.SdkSandboxManagerService$Lifecycle
05-15 15:50:12.940  1248  1248 D SystemServerTiming: StartAdServicesManagerService
05-15 15:50:12.940  1248  1248 I SystemServiceManager: Starting com.android.server.adservices.AdServicesManagerService$Lifecycle
05-15 15:50:12.940  1248  1248 D SystemServerTiming: StartMmsService
05-15 15:50:12.940  1248  1248 I SystemServiceManager: Starting com.android.server.MmsServiceBroker
05-15 15:50:12.942  1248  1248 D SystemServerTiming: StartAutoFillService
05-15 15:50:12.943  1248  1248 I SystemServiceManager: Starting com.android.server.autofill.AutofillManagerService
05-15 15:50:12.946  1248  1248 E AutofillManagerServiceImpl: Bad service name: com.google.android.gms/.autofill.service.AutofillService
05-15 15:50:12.946  1248  1248 E RemoteAugmentedAutofillService: Bad service name for flags 1048704: com.google.android.as/com.google.android.apps.miphone.aiai.app.AiAiAugmentedAutofillService
05-15 15:50:12.948  1248  1248 D SystemServerTiming: StartTranslationManagerService
05-15 15:50:12.948  1248  1248 I SystemServiceManager: Starting com.android.server.translation.TranslationManagerService
05-15 15:50:12.950  1248  1248 D SystemServerTiming: StartClipboardService
05-15 15:50:12.950  1248  1248 I SystemServiceManager: Starting com.android.server.clipboard.ClipboardService
05-15 15:50:12.954  1248  1248 D SystemServerTiming: AppServiceManager
05-15 15:50:12.954  1248  1248 I SystemServiceManager: Starting com.android.server.appbinding.AppBindingService$Lifecycle
05-15 15:50:12.956  1248  1248 D SystemServerTiming: startTracingServiceProxy
05-15 15:50:12.956  1248  1248 I SystemServiceManager: Starting com.android.server.tracing.TracingServiceProxy
05-15 15:50:12.957  1248  1248 D SystemServerTiming: MakeLockSettingsServiceReady
05-15 15:50:12.964  1248  1248 I SyntheticPasswordManager: Device does not support weaver
05-15 15:50:12.965  1248  1248 I LockSettingsService: Device doesn't implement AuthSecret HAL
05-15 15:50:12.967  1248  1248 D SystemServerTiming: StartBootPhaseLockSettingsReady
05-15 15:50:12.967  1248  1248 I SystemServiceManager: Starting phase 480
05-15 15:50:12.967  1248  1248 D SystemServerTiming: OnBootPhase_480
05-15 15:50:12.967  1248  1248 D SystemServerTiming: OnBootPhase_480_com.android.server.security.FileIntegrityService
05-15 15:50:12.967  1248  1248 D SystemServerTiming: OnBootPhase_480_com.android.server.pm.Installer
05-15 15:50:12.967  1248  1248 D SystemServerTiming: OnBootPhase_480_com.android.server.os.DeviceIdentifiersPolicyService
05-15 15:50:12.967  1248  1248 D SystemServerTiming: OnBootPhase_480_com.android.server.uri.UriGrantsManagerService$Lifecycle
05-15 15:50:12.967  1248  1248 D SystemServerTiming: OnBootPhase_480_com.android.server.powerstats.PowerStatsService
05-15 15:50:12.967  1248  1248 D SystemServerTiming: OnBootPhase_480_com.android.server.wm.ActivityTaskManagerService$Lifecycle
05-15 15:50:12.967  1248  1248 D SystemServerTiming: OnBootPhase_480_com.android.server.am.ActivityManagerService$Lifecycle
05-15 15:50:12.967  1248  1248 D SystemServerTiming: OnBootPhase_480_com.android.server.pm.DataLoaderManagerService
05-15 15:50:12.967  1248  1248 D SystemServerTiming: OnBootPhase_480_com.android.server.power.PowerManagerService
05-15 15:50:12.967  1248  1248 D SystemServerTiming: OnBootPhase_480_com.android.server.power.ThermalManagerService
05-15 15:50:12.967  1248  1248 D SystemServerTiming: OnBootPhase_480_com.android.server.power.hint.HintManagerService
05-15 15:50:12.967  1248  1248 D SystemServerTiming: OnBootPhase_480_com.android.server.recoverysystem.RecoverySystemService$Lifecycle
05-15 15:50:12.967  1248  1248 D SystemServerTiming: OnBootPhase_480_com.android.server.lights.LightsService
05-15 15:50:12.967  1248  1248 D SystemServerTiming: OnBootPhase_480_com.android.server.display.DisplayManagerService
05-15 15:50:12.967  1248  1248 D SystemServerTiming: OnBootPhase_480_com.android.server.pm.verify.domain.DomainVerificationService
05-15 15:50:12.967  1248  1248 D SystemServerTiming: OnBootPhase_480_com.android.server.pm.PackageInstallerService$Lifecycle
05-15 15:50:12.967  1248  1248 D SystemServerTiming: OnBootPhase_480_com.android.server.pm.UserManagerService$LifeCycle
05-15 15:50:12.967  1248  1248 D SystemServerTiming: OnBootPhase_480_com.android.server.om.OverlayManagerService
05-15 15:50:12.967  1248  1248 D SystemServerTiming: OnBootPhase_480_com.android.server.resources.ResourcesManagerService
05-15 15:50:12.967  1248  1248 D SystemServerTiming: OnBootPhase_480_com.android.server.sensorprivacy.SensorPrivacyService
05-15 15:50:12.967  1248  1248 D SystemServerTiming: OnBootPhase_480_com.android.server.sensors.SensorService
05-15 15:50:12.967  1248  1248 D SystemServerTiming: OnBootPhase_480_com.android.server.SystemConfigService
05-15 15:50:12.967  1248  1248 D SystemServerTiming: OnBootPhase_480_com.android.server.BatteryService
05-15 15:50:12.967  1248  1248 D SystemServerTiming: OnBootPhase_480_com.android.server.usage.UsageStatsService
05-15 15:50:12.967  1248  1248 D SystemServerTiming: OnBootPhase_480_com.android.server.webkit.WebViewUpdateService
05-15 15:50:12.967  1248  1248 D SystemServerTiming: OnBootPhase_480_com.android.server.CachedDeviceStateService
05-15 15:50:12.967  1248  1248 D SystemServerTiming: OnBootPhase_480_com.android.server.BinderCallsStatsService$LifeCycle
05-15 15:50:12.967  1248  1248 D SystemServerTiming: OnBootPhase_480_com.android.server.LooperStatsService$Lifecycle
05-15 15:50:12.967  1248  1248 D SystemServerTiming: OnBootPhase_480_com.android.server.rollback.RollbackManagerService
05-15 15:50:12.967  1248  1248 D SystemServerTiming: OnBootPhase_480_com.android.server.os.NativeTombstoneManagerService
05-15 15:50:12.967  1248  1248 D SystemServerTiming: OnBootPhase_480_com.android.server.os.BugreportManagerService
05-15 15:50:12.967  1248  1248 D SystemServerTiming: OnBootPhase_480_com.android.server.gpu.GpuService
05-15 15:50:12.967  1248  1248 D SystemServerTiming: OnBootPhase_480_com.android.server.security.KeyChainSystemService
05-15 15:50:12.967  1248  1248 D SystemServerTiming: OnBootPhase_480_com.android.server.BinaryTransparencyService
05-15 15:50:12.967  1248  1248 D SystemServerTiming: OnBootPhase_480_com.android.server.telecom.TelecomLoaderService
05-15 15:50:12.967  1248  1248 D SystemServerTiming: OnBootPhase_480_com.android.server.accounts.AccountManagerService$Lifecycle
05-15 15:50:12.967  1248  1248 D SystemServerTiming: OnBootPhase_480_com.android.server.content.ContentService$Lifecycle
05-15 15:50:12.968  1248  1248 D SystemServerTiming: OnBootPhase_480_com.android.server.DropBoxManagerService
05-15 15:50:12.968  1248  1248 D SystemServerTiming: OnBootPhase_480_com.android.role.RoleService
05-15 15:50:12.968  1248  1248 D SystemServerTiming: OnBootPhase_480_com.android.server.vibrator.VibratorManagerService$Lifecycle
05-15 15:50:12.968  1248  1248 D SystemServerTiming: OnBootPhase_480_com.android.server.tare.InternalResourceService
05-15 15:50:12.968  1248  1248 D SystemServerTiming: OnBootPhase_480_com.android.server.alarm.AlarmManagerService
05-15 15:50:12.968  1248  1248 D SystemServerTiming: OnBootPhase_480_com.android.server.devicestate.DeviceStateManagerService
05-15 15:50:12.968  1248  1248 D SystemServerTiming: OnBootPhase_480_com.android.server.camera.CameraServiceProxy
05-15 15:50:12.968  1248  1248 D SystemServerTiming: OnBootPhase_480_com.android.server.bluetooth.BluetoothService
05-15 15:50:12.968  1248  1248 D SystemServerTiming: OnBootPhase_480_com.android.server.connectivity.IpConnectivityMetrics
05-15 15:50:12.968  1248  1248 D SystemServerTiming: OnBootPhase_480_com.android.server.net.watchlist.NetworkWatchlistService$Lifecycle
05-15 15:50:12.968  1248  1248 D SystemServerTiming: OnBootPhase_480_com.android.server.PinnerService
05-15 15:50:12.968  1248  1248 D SystemServerTiming: OnBootPhase_480_com.android.server.integrity.AppIntegrityManagerService
05-15 15:50:12.968  1248  1248 D SystemServerTiming: OnBootPhase_480_com.android.server.logcat.LogcatManagerService
05-15 15:50:12.968  1248  1248 D SystemServerTiming: OnBootPhase_480_com.android.server.derp.LineageGlobalActionsService
05-15 15:50:12.968  1248  1248 D SystemServerTiming: OnBootPhase_480_com.android.server.inputmethod.InputMethodManagerService$Lifecycle
05-15 15:50:12.968  1248  1248 D SystemServerTiming: OnBootPhase_480_com.android.server.accessibility.AccessibilityManagerService$Lifecycle
05-15 15:50:12.968  1248  1248 D SystemServerTiming: OnBootPhase_480_com.android.server.StorageManagerService$Lifecycle
05-15 15:50:12.968  1248  1248 D SystemServerTiming: OnBootPhase_480_com.android.server.usage.StorageStatsService$Lifecycle
05-15 15:50:12.968  1248  1248 D SystemServerTiming: OnBootPhase_480_com.android.server.UiModeManagerService
05-15 15:50:12.968  1248  1248 D SystemServerTiming: OnBootPhase_480_com.android.server.locales.LocaleManagerService
05-15 15:50:12.968  1248  1248 D SystemServerTiming: OnBootPhase_480_com.android.server.locksettings.LockSettingsService$Lifecycle
05-15 15:50:12.968  1248  1248 D SystemServerTiming: OnBootPhase_480_com.android.server.PersistentDataBlockService
05-15 15:50:12.968  1248  1248 D SystemServerTiming: OnBootPhase_480_com.android.server.testharness.TestHarnessModeService
05-15 15:50:12.968  1248  1248 D SystemServerTiming: OnBootPhase_480_com.android.server.oemlock.OemLockService
05-15 15:50:12.968  1248  1248 D SystemServerTiming: OnBootPhase_480_com.android.server.DeviceIdleController
05-15 15:50:12.968  1248  1248 D SystemServerTiming: OnBootPhase_480_com.android.server.devicepolicy.DevicePolicyManagerService$Lifecycle
05-15 15:50:12.973  1248  1248 I UsbPortManager: USB HAL HIDL version: 11
05-15 15:50:12.973  1248  1248 D SystemServerTiming: OnBootPhase_480_com.android.server.musicrecognition.MusicRecognitionManagerService
05-15 15:50:12.974  1248  1248 D SystemServerTiming: OnBootPhase_480_com.android.server.contentcapture.ContentCaptureManagerService
05-15 15:50:12.974  1248  1248 D SystemServerTiming: OnBootPhase_480_com.android.server.attention.AttentionManagerService
05-15 15:50:12.974  1248  1248 D SystemServerTiming: OnBootPhase_480_com.android.server.rotationresolver.RotationResolverManagerService
05-15 15:50:12.974  1248  1248 D SystemServerTiming: OnBootPhase_480_com.android.server.systemcaptions.SystemCaptionsManagerService
05-15 15:50:12.974  1248  1248 D SystemServerTiming: OnBootPhase_480_com.android.server.texttospeech.TextToSpeechManagerService
05-15 15:50:12.974  1248  1248 D SystemServerTiming: OnBootPhase_480_com.android.server.ambientcontext.AmbientContextManagerService
05-15 15:50:12.974  1248  1248 D SystemServerTiming: OnBootPhase_480_com.android.server.speech.SpeechRecognitionManagerService
05-15 15:50:12.974  1248  1248 D SystemServerTiming: OnBootPhase_480_com.android.server.appprediction.AppPredictionManagerService
05-15 15:50:12.974  1248  1248 D SystemServerTiming: OnBootPhase_480_com.android.server.contentsuggestions.ContentSuggestionsManagerService
05-15 15:50:12.974  1248  1248 D SystemServerTiming: OnBootPhase_480_com.android.server.searchui.SearchUiManagerService
05-15 15:50:12.974  1248  1322 D SystemServerTimingAsync: InitThreadPoolExec:DevicePolicyManager
05-15 15:50:12.974  1248  1248 D SystemServerTiming: OnBootPhase_480_com.android.server.smartspace.SmartspaceManagerService
05-15 15:50:12.974  1248  1248 D SystemServerTiming: OnBootPhase_480_com.android.server.graphics.fonts.FontManagerService$Lifecycle
05-15 15:50:12.974  1248  1248 D SystemServerTiming: OnBootPhase_480_com.android.server.textservices.TextServicesManagerService$Lifecycle
05-15 15:50:12.974  1248  1248 D SystemServerTiming: OnBootPhase_480_com.android.server.textclassifier.TextClassificationManagerService$Lifecycle
05-15 15:50:12.974  1248  1248 D SystemServerTiming: OnBootPhase_480_com.android.server.NetworkScoreService$Lifecycle
05-15 15:50:12.974  1248  1248 D SystemServerTiming: OnBootPhase_480_com.android.server.NetworkStatsServiceInitializer
05-15 15:50:12.974  1248  1248 D SystemServerTiming: OnBootPhase_480_com.android.server.wifi.WifiService
05-15 15:50:12.974  1248  1248 D SystemServerTiming: OnBootPhase_480_com.android.server.wifi.scanner.WifiScanningService
05-15 15:50:12.974  1248  1248 D SystemServerTiming: OnBootPhase_480_com.android.server.wifi.p2p.WifiP2pService
05-15 15:50:12.974  1248  1248 D SystemServerTiming: OnBootPhase_480_com.android.server.ConnectivityServiceInitializer
05-15 15:50:12.974  1248  1248 D SystemServerTiming: OnBootPhase_480_com.android.server.notification.NotificationManagerService
05-15 15:50:12.974  1248  1248 D SystemServerTiming: OnBootPhase_480_com.android.server.storage.DeviceStorageMonitorService
05-15 15:50:12.974  1248  1248 D SystemServerTiming: OnBootPhase_480_com.android.server.location.LocationManagerService$Lifecycle
05-15 15:50:12.974  1248  1248 D SystemServerTiming: OnBootPhase_480_com.android.server.timedetector.TimeDetectorService$Lifecycle
05-15 15:50:12.974  1248  1248 D SystemServerTiming: OnBootPhase_480_com.android.server.timezonedetector.TimeZoneDetectorService$Lifecycle
05-15 15:50:12.974  1248  1248 D SystemServerTiming: OnBootPhase_480_com.android.server.timezonedetector.location.LocationTimeZoneManagerService$Lifecycle
05-15 15:50:12.974  1248  1248 D SystemServerTiming: OnBootPhase_480_com.android.server.search.SearchManagerService$Lifecycle
05-15 15:50:12.974  1248  1248 D SystemServerTiming: OnBootPhase_480_com.android.server.wallpaper.WallpaperManagerService$Lifecycle
05-15 15:50:12.975  1248  1248 D SystemServerTiming: OnBootPhase_480_com.android.server.wallpapereffectsgeneration.WallpaperEffectsGenerationManagerService
05-15 15:50:12.975  1248  1248 D SystemServerTiming: OnBootPhase_480_com.android.server.audio.AudioService$Lifecycle
05-15 15:50:12.975  1248  1248 D SystemServerTiming: OnBootPhase_480_com.android.server.soundtrigger_middleware.SoundTriggerMiddlewareService$Lifecycle
05-15 15:50:12.975  1248  1248 D SystemServerTiming: OnBootPhase_480_com.android.server.DockObserver
05-15 15:50:12.975  1248  1248 D SystemServerTiming: OnBootPhase_480_com.android.server.midi.MidiService$Lifecycle
05-15 15:50:12.975  1248  1248 D SystemServerTiming: OnBootPhase_480_com.android.server.adb.AdbService$Lifecycle
05-15 15:50:12.975  1248  1248 D SystemServerTiming: OnBootPhase_480_com.android.server.usb.UsbService$Lifecycle
05-15 15:50:12.975  1248  1248 D SystemServerTiming: OnBootPhase_480_com.android.server.twilight.TwilightService
05-15 15:50:12.975  1248  1248 D SystemServerTiming: OnBootPhase_480_com.android.server.display.color.ColorDisplayService
05-15 15:50:12.975  1248  1248 D SystemServerTiming: OnBootPhase_480_com.android.server.job.JobSchedulerService
05-15 15:50:12.975  1248  1248 D SystemServerTiming: OnBootPhase_480_com.android.server.soundtrigger.SoundTriggerService
05-15 15:50:12.975  1248  1248 D SoundTriggerService: onBootPhase: 480 : false
05-15 15:50:12.975  1248  1248 D SystemServerTiming: OnBootPhase_480_com.android.server.trust.TrustManagerService
05-15 15:50:12.975  1248  1248 D SystemServerTiming: OnBootPhase_480_com.android.server.backup.BackupManagerService$Lifecycle
05-15 15:50:12.975  1248  1248 D SystemServerTiming: OnBootPhase_480_com.android.server.appwidget.AppWidgetService
05-15 15:50:12.975  1248  1248 D SystemServerTiming: OnBootPhase_480_com.android.server.voiceinteraction.VoiceInteractionManagerService
05-15 15:50:12.975  1248  1248 D SystemServerTiming: OnBootPhase_480_com.android.server.apphibernation.AppHibernationService
05-15 15:50:12.975  1248  1248 D SystemServerTiming: OnBootPhase_480_com.android.server.GestureLauncherService
05-15 15:50:12.975  1248  1248 D SystemServerTiming: OnBootPhase_480_com.android.server.SensorNotificationService
05-15 15:50:12.975  1248  1248 D SystemServerTiming: OnBootPhase_480_com.android.server.emergency.EmergencyAffordanceService
05-15 15:50:12.975  1248  1248 D SystemServerTiming: OnBootPhase_480_com.android.server.blob.BlobStoreManagerService
05-15 15:50:12.975  1248  1248 D SystemServerTiming: OnBootPhase_480_com.android.server.dreams.DreamManagerService
05-15 15:50:12.975  1248  1248 D SystemServerTiming: OnBootPhase_480_com.android.server.print.PrintManagerService
05-15 15:50:12.975  1248  1248 D SystemServerTiming: OnBootPhase_480_com.android.server.security.AttestationVerificationManagerService
05-15 15:50:12.975  1248  1248 D SystemServerTiming: OnBootPhase_480_com.android.server.companion.CompanionDeviceManagerService
05-15 15:50:12.975  1248  1248 D SystemServerTiming: OnBootPhase_480_com.android.server.companion.virtual.VirtualDeviceManagerService
05-15 15:50:12.975  1248  1248 D SystemServerTiming: OnBootPhase_480_com.android.server.restrictions.RestrictionsManagerService
05-15 15:50:12.975  1248  1248 D SystemServerTiming: OnBootPhase_480_com.android.server.media.MediaSessionService
05-15 15:50:12.975  1248  1248 D SystemServerTiming: OnBootPhase_480_com.android.server.media.MediaResourceMonitorService
05-15 15:50:12.975  1248  1248 D SystemServerTiming: OnBootPhase_480_com.android.server.biometrics.sensors.face.FaceService
05-15 15:50:12.975  1248  1248 D SystemServerTiming: OnBootPhase_480_com.android.server.biometrics.sensors.fingerprint.FingerprintService
05-15 15:50:12.975  1248  1248 D SystemServerTiming: OnBootPhase_480_com.android.server.biometrics.BiometricService
05-15 15:50:12.975  1248  1248 D SystemServerTiming: OnBootPhase_480_com.android.server.biometrics.AuthService
05-15 15:50:12.975  1248  1248 D SystemServerTiming: OnBootPhase_480_com.android.server.app.AppLockManagerService$Lifecycle
05-15 15:50:12.975  1248  1248 D SystemServerTiming: OnBootPhase_480_com.android.server.pm.ShortcutService$Lifecycle
05-15 15:50:12.977  1248  1248 D SystemServerTiming: OnBootPhase_480_com.android.server.pm.LauncherAppsService
05-15 15:50:12.977  1248  1248 D SystemServerTiming: OnBootPhase_480_com.android.server.pm.CrossProfileAppsService
05-15 15:50:12.977  1248  1248 D SystemServerTiming: OnBootPhase_480_com.android.server.pocket.PocketService
05-15 15:50:12.977  1248  1248 W PocketService: Un-handled boot phase:480
05-15 15:50:12.977  1248  1248 D SystemServerTiming: OnBootPhase_480_com.android.server.people.PeopleService
05-15 15:50:12.977  1248  1248 D SystemServerTiming: OnBootPhase_480_com.android.server.media.metrics.MediaMetricsManagerService
05-15 15:50:12.977  1248  1248 D SystemServerTiming: OnBootPhase_480_com.android.server.derp.CustomDeviceConfigService
05-15 15:50:12.977  1248  1248 D SystemServerTiming: OnBootPhase_480_com.android.server.vibrator.LinearmotorVibratorService
05-15 15:50:12.977  1248  1248 D SystemServerTiming: OnBootPhase_480_com.android.server.derp.LineageHardwareService
05-15 15:50:12.977  1248  1248 D SystemServerTiming: OnBootPhase_480_com.android.server.derp.display.LiveDisplayService
05-15 15:50:12.977  1248  1248 D SystemServerTiming: OnBootPhase_480_com.android.server.derp.health.HealthInterfaceService
05-15 15:50:12.977  1248  1248 D SystemServerTiming: OnBootPhase_480_com.android.server.media.projection.MediaProjectionManagerService
05-15 15:50:12.977  1248  1248 D SystemServerTiming: OnBootPhase_480_com.android.server.slice.SliceManagerService$Lifecycle
05-15 15:50:12.977  1248  1248 D SystemServerTiming: OnBootPhase_480_com.android.server.stats.StatsCompanion$Lifecycle
05-15 15:50:12.977  1248  1248 D SystemServerTiming: OnBootPhase_480_com.android.server.scheduling.RebootReadinessManagerService$Lifecycle
05-15 15:50:12.977  1248  1248 D SystemServerTiming: OnBootPhase_480_com.android.server.stats.pull.StatsPullAtomService
05-15 15:50:12.977  1248  1248 D SystemServerTiming: OnBootPhase_480_com.android.server.stats.bootstrap.StatsBootstrapAtomService$Lifecycle
05-15 15:50:12.977  1248  1248 D SystemServerTiming: OnBootPhase_480_com.android.server.incident.IncidentCompanionService
05-15 15:50:12.977  1248  1248 D SystemServerTiming: OnBootPhase_480_com.android.server.sdksandbox.SdkSandboxManagerService$Lifecycle
05-15 15:50:12.977  1248  1248 D SystemServerTiming: OnBootPhase_480_com.android.server.adservices.AdServicesManagerService$Lifecycle
05-15 15:50:12.977  1248  1248 D SystemServerTiming: OnBootPhase_480_com.android.server.MmsServiceBroker
05-15 15:50:12.977  1248  1248 D SystemServerTiming: OnBootPhase_480_com.android.server.autofill.AutofillManagerService
05-15 15:50:12.977  1248  1248 D SystemServerTiming: OnBootPhase_480_com.android.server.translation.TranslationManagerService
05-15 15:50:12.977  1248  1248 D SystemServerTiming: OnBootPhase_480_com.android.server.clipboard.ClipboardService
05-15 15:50:12.977  1248  1248 D SystemServerTiming: OnBootPhase_480_com.android.server.appbinding.AppBindingService$Lifecycle
05-15 15:50:12.977  1248  1248 D SystemServerTiming: OnBootPhase_480_com.android.server.tracing.TracingServiceProxy
05-15 15:50:12.977  1248  1248 D SystemServerTiming: StartBootPhaseSystemServicesReady
05-15 15:50:12.977  1248  1248 I SystemServiceManager: Starting phase 500
05-15 15:50:12.977  1248  1248 D SystemServerTiming: OnBootPhase_500
05-15 15:50:12.977  1248  1248 D SystemServerTiming: OnBootPhase_500_com.android.server.security.FileIntegrityService
05-15 15:50:12.977  1248  1248 D SystemServerTiming: OnBootPhase_500_com.android.server.pm.Installer
05-15 15:50:12.977  1248  1248 D SystemServerTiming: OnBootPhase_500_com.android.server.os.DeviceIdentifiersPolicyService
05-15 15:50:12.977  1248  1248 D SystemServerTiming: OnBootPhase_500_com.android.server.uri.UriGrantsManagerService$Lifecycle
05-15 15:50:12.978  1248  1248 D SystemServerTiming: OnBootPhase_500_com.android.server.powerstats.PowerStatsService
05-15 15:50:12.978  1248  1248 E StatsPullAtomCallbackImpl: Failed to start PowerStatsService statsd pullers
05-15 15:50:12.978  1248  1248 D SystemServerTiming: OnBootPhase_500_com.android.server.wm.ActivityTaskManagerService$Lifecycle
05-15 15:50:12.978  1248  1248 D SystemServerTiming: OnBootPhase_500_com.android.server.am.ActivityManagerService$Lifecycle
05-15 15:50:12.980  1248  1248 E BatteryStatsService: Could not register PowerStatsInternal
05-15 15:50:12.981  1248  1248 D SystemServerTiming: OnBootPhase_500_com.android.server.pm.DataLoaderManagerService
