05-19 12:41:09.420  1245  1336 E NativeTombstoneManager: Tombstone's UID (50461) not an app, ignoring
05-19 12:41:09.420  1245  1336 E NativeTombstoneManager: Tombstone's UID (1000) not an app, ignoring
05-19 12:41:09.421  1245  1336 E NativeTombstoneManager: Tombstone's UID (1001) not an app, ignoring
05-19 12:41:09.422  1245  1336 E NativeTombstoneManager: Tombstone's UID (1000) not an app, ignoring
05-19 12:41:09.423  1245  1336 E NativeTombstoneManager: Tombstone's UID (1000) not an app, ignoring
05-19 12:41:09.424  1245  1336 E NativeTombstoneManager: Tombstone's UID (1046) not an app, ignoring
05-19 12:41:09.424  1245  1336 E NativeTombstoneManager: Tombstone's UID (1000) not an app, ignoring
05-19 12:41:09.425  1245  1336 E NativeTombstoneManager: Tombstone's UID (1000) not an app, ignoring
05-19 12:41:09.425  1245  1336 E NativeTombstoneManager: Tombstone's UID (1000) not an app, ignoring
05-19 12:41:09.426  1245  1336 E NativeTombstoneManager: Tombstone's UID (1001) not an app, ignoring
05-19 12:41:09.430  1245  1336 E NativeTombstoneManager: Tombstone's UID (1046) not an app, ignoring
05-19 12:41:09.430  1245  1336 E NativeTombstoneManager: Tombstone's UID (1000) not an app, ignoring
05-19 12:41:09.431  1245  1336 E NativeTombstoneManager: Tombstone's UID (1046) not an app, ignoring
05-19 12:41:09.432  1245  1336 E NativeTombstoneManager: Tombstone's UID (1046) not an app, ignoring
05-19 12:41:09.432  1245  1336 E NativeTombstoneManager: Tombstone's UID (1000) not an app, ignoring
05-19 12:41:09.432  1245  1336 E NativeTombstoneManager: Tombstone's UID (1000) not an app, ignoring
05-19 12:41:09.437  1245  1336 E NativeTombstoneManager: Tombstone's UID (1046) not an app, ignoring
05-19 12:41:09.439  1245  1336 E NativeTombstoneManager: Tombstone's UID (1000) not an app, ignoring
05-19 12:41:09.440  1245  1336 E NativeTombstoneManager: Tombstone's UID (1000) not an app, ignoring
05-19 12:41:09.440  1245  1336 E NativeTombstoneManager: Tombstone's UID (1000) not an app, ignoring
05-19 12:41:09.443  1245  1336 E NativeTombstoneManager: Tombstone's UID (1000) not an app, ignoring
05-19 12:41:09.445  1245  1336 E NativeTombstoneManager: Tombstone's UID (1046) not an app, ignoring
05-19 12:41:09.445  1245  1336 E NativeTombstoneManager: Tombstone's UID (1046) not an app, ignoring
05-19 12:41:09.449  1245  1336 E NativeTombstoneManager: Tombstone's UID (1000) not an app, ignoring
05-19 12:41:09.450  1245  1336 E NativeTombstoneManager: Tombstone's UID (1046) not an app, ignoring
05-19 12:41:09.451  1245  1336 E NativeTombstoneManager: Tombstone's UID (1046) not an app, ignoring
05-19 12:41:09.451  1245  1336 E NativeTombstoneManager: Tombstone's UID (1046) not an app, ignoring
05-19 12:41:09.458  1245  1336 E NativeTombstoneManager: Tombstone's UID (1001) not an app, ignoring
05-19 12:41:09.459  1245  1336 E NativeTombstoneManager: Tombstone's UID (1001) not an app, ignoring
05-19 12:41:09.460  1245  1336 E NativeTombstoneManager: Tombstone's UID (1000) not an app, ignoring
05-19 12:41:09.460  1245  1336 E NativeTombstoneManager: Tombstone's UID (1000) not an app, ignoring
05-19 12:41:09.461  1245  1336 E NativeTombstoneManager: Tombstone's UID (1000) not an app, ignoring
05-19 12:41:09.465  1245  1336 E NativeTombstoneManager: Tombstone's UID (1001) not an app, ignoring
05-19 12:41:09.466  1245  1336 E NativeTombstoneManager: Tombstone's UID (50461) not an app, ignoring
05-19 12:41:09.466  1245  1336 E NativeTombstoneManager: Tombstone's UID (1000) not an app, ignoring
05-19 12:41:09.467  1245  1336 E NativeTombstoneManager: Tombstone's UID (1001) not an app, ignoring
05-19 12:41:09.471  1245  1336 E NativeTombstoneManager: Tombstone's UID (1000) not an app, ignoring
05-19 12:41:09.471  1245  1336 E NativeTombstoneManager: Tombstone's UID (1046) not an app, ignoring
05-19 12:41:09.472  1245  1336 E NativeTombstoneManager: Tombstone's UID (1000) not an app, ignoring
05-19 12:41:09.472  1245  1336 E NativeTombstoneManager: Tombstone's UID (1001) not an app, ignoring
05-19 12:41:09.473  1245  1336 E NativeTombstoneManager: Tombstone's UID (1046) not an app, ignoring
05-19 12:41:09.473  1245  1336 E NativeTombstoneManager: Tombstone's UID (1000) not an app, ignoring
05-19 12:41:09.474  1245  1336 E NativeTombstoneManager: Tombstone's UID (1001) not an app, ignoring
05-19 12:41:09.475  1245  1336 E NativeTombstoneManager: Tombstone's UID (1046) not an app, ignoring
05-19 12:41:09.475  1245  1336 E NativeTombstoneManager: Tombstone's UID (1001) not an app, ignoring
05-19 12:41:09.476  1245  1336 E NativeTombstoneManager: Tombstone's UID (1000) not an app, ignoring
05-19 12:41:09.476  1245  1336 E NativeTombstoneManager: Tombstone's UID (1046) not an app, ignoring
05-19 12:41:09.477  1245  1336 E NativeTombstoneManager: Tombstone's UID (1001) not an app, ignoring
05-19 12:41:09.477  1245  1336 E NativeTombstoneManager: Tombstone's UID (1000) not an app, ignoring
05-19 12:41:09.477  1245  1336 E NativeTombstoneManager: Tombstone's UID (1046) not an app, ignoring
05-19 12:41:09.478  1245  1336 E NativeTombstoneManager: Tombstone's UID (1000) not an app, ignoring
05-19 12:41:09.485  1245  1336 E NativeTombstoneManager: Tombstone's UID (1046) not an app, ignoring
05-19 12:41:09.486  1245  1336 E NativeTombstoneManager: Tombstone's UID (50461) not an app, ignoring
05-19 12:41:09.487  1245  1336 E NativeTombstoneManager: Tombstone's UID (1046) not an app, ignoring
05-19 12:41:09.487  1245  1336 E NativeTombstoneManager: Tombstone's UID (1000) not an app, ignoring
05-19 12:41:09.492  1245  1336 E NativeTombstoneManager: Tombstone's UID (1046) not an app, ignoring
05-19 12:41:09.492  1245  1336 E NativeTombstoneManager: Tombstone's UID (1001) not an app, ignoring
05-19 12:41:09.493  1245  1336 E NativeTombstoneManager: Tombstone's UID (1000) not an app, ignoring
05-19 12:41:09.500  1245  1336 E NativeTombstoneManager: Tombstone's UID (1046) not an app, ignoring
05-19 12:41:09.500  1245  1336 E NativeTombstoneManager: Tombstone's UID (1046) not an app, ignoring
05-19 12:41:09.501  1245  1336 E NativeTombstoneManager: Tombstone's UID (1046) not an app, ignoring
05-19 12:41:09.501  1245  1336 E NativeTombstoneManager: Tombstone's UID (1000) not an app, ignoring
05-19 12:41:09.502  1245  1336 E NativeTombstoneManager: Tombstone's UID (1013) not an app, ignoring
05-19 12:41:09.502  1245  1336 E NativeTombstoneManager: Tombstone's UID (1001) not an app, ignoring
05-19 12:41:09.503  1245  1336 E NativeTombstoneManager: Tombstone's UID (1001) not an app, ignoring
05-19 12:41:09.504  1245  1336 E NativeTombstoneManager: Tombstone's UID (1001) not an app, ignoring
05-19 12:41:09.504  1245  1336 E NativeTombstoneManager: Tombstone's UID (1000) not an app, ignoring
05-19 12:41:09.505  1245  1336 E NativeTombstoneManager: Tombstone's UID (1001) not an app, ignoring
05-19 12:41:09.505  1245  1336 E NativeTombstoneManager: Tombstone's UID (1000) not an app, ignoring
05-19 12:41:09.506  1245  1336 E NativeTombstoneManager: Tombstone's UID (1001) not an app, ignoring
05-19 12:41:09.506  1245  1336 E NativeTombstoneManager: Tombstone's UID (1046) not an app, ignoring
05-19 12:41:09.506  1245  1336 E NativeTombstoneManager: Tombstone's UID (1000) not an app, ignoring
05-19 12:41:09.507  1245  1336 E NativeTombstoneManager: Tombstone's UID (1000) not an app, ignoring
05-19 12:41:09.507  1245  1336 E NativeTombstoneManager: Tombstone's UID (1000) not an app, ignoring
05-19 12:41:09.507  1245  1336 E NativeTombstoneManager: Tombstone's UID (1001) not an app, ignoring
05-19 12:41:09.507  1245  1336 E NativeTombstoneManager: Tombstone's UID (1046) not an app, ignoring
05-19 12:41:09.507  1245  1336 E NativeTombstoneManager: Tombstone's UID (1001) not an app, ignoring
05-19 12:41:09.508  1245  1336 E NativeTombstoneManager: Tombstone's UID (1000) not an app, ignoring
05-19 12:41:09.508  1245  1336 E NativeTombstoneManager: Tombstone's UID (1000) not an app, ignoring
05-19 12:41:09.508  1245  1336 E NativeTombstoneManager: Tombstone's UID (1000) not an app, ignoring
05-19 12:41:09.508  1245  1336 E NativeTombstoneManager: Tombstone's UID (1001) not an app, ignoring
05-19 12:41:09.508  1245  1336 E NativeTombstoneManager: Tombstone's UID (50461) not an app, ignoring
05-19 12:41:09.508  1245  1336 E NativeTombstoneManager: Tombstone's UID (1001) not an app, ignoring
05-19 12:41:09.509  1245  1336 E NativeTombstoneManager: Tombstone's UID (50461) not an app, ignoring
05-19 12:41:09.509  1245  1336 E NativeTombstoneManager: Tombstone's UID (1000) not an app, ignoring
05-19 12:41:09.509  1245  1336 E NativeTombstoneManager: Tombstone's UID (1000) not an app, ignoring
05-19 12:41:09.509  1245  1336 E NativeTombstoneManager: Tombstone's UID (1046) not an app, ignoring
05-19 12:41:09.510  1245  1336 E NativeTombstoneManager: Tombstone's UID (1046) not an app, ignoring
05-19 12:41:09.510  1245  1336 E NativeTombstoneManager: Tombstone's UID (1000) not an app, ignoring
05-19 12:41:09.510  1245  1336 E NativeTombstoneManager: Tombstone's UID (50461) not an app, ignoring
05-19 12:41:09.510  1245  1336 E NativeTombstoneManager: Tombstone's UID (1013) not an app, ignoring
05-19 12:41:09.598  1245  1266 I UsbPortManager: USB HAL HIDL version: 11
05-19 12:41:09.603  1245  1245 W SystemServiceManager: Service com.android.server.content.ContentService$Lifecycle took 258 ms in onBootPhase
05-19 12:41:09.603  1245  1245 D SystemServerTiming: OnBootPhase_550_com.android.server.DropBoxManagerService
05-19 12:41:09.603  1245  1245 D SystemServerTiming: OnBootPhase_550_com.android.role.RoleService
05-19 12:41:09.603  1245  1245 D SystemServerTiming: OnBootPhase_550_com.android.server.vibrator.VibratorManagerService$Lifecycle
05-19 12:41:09.603  1245  1245 D SystemServerTiming: OnBootPhase_550_com.android.server.tare.InternalResourceService
05-19 12:41:09.603  1245  1245 D SystemServerTiming: OnBootPhase_550_com.android.server.alarm.AlarmManagerService
05-19 12:41:09.603  1245  1245 D SystemServerTiming: OnBootPhase_550_com.android.server.devicestate.DeviceStateManagerService
05-19 12:41:09.603  1245  1245 D SystemServerTiming: OnBootPhase_550_com.android.server.camera.CameraServiceProxy
05-19 12:41:09.603  1245  1245 D SystemServerTiming: OnBootPhase_550_com.android.server.bluetooth.BluetoothService
05-19 12:41:09.603  1245  1245 D SystemServerTiming: OnBootPhase_550_com.android.server.connectivity.IpConnectivityMetrics
05-19 12:41:09.603  1245  1245 D SystemServerTiming: OnBootPhase_550_com.android.server.net.watchlist.NetworkWatchlistService$Lifecycle
05-19 12:41:09.604  1245  1245 D SystemServerTiming: OnBootPhase_550_com.android.server.PinnerService
05-19 12:41:09.604  1245  1245 D SystemServerTiming: OnBootPhase_550_com.android.server.integrity.AppIntegrityManagerService
05-19 12:41:09.604  1245  1245 D SystemServerTiming: OnBootPhase_550_com.android.server.logcat.LogcatManagerService
05-19 12:41:09.604  1245  1245 D SystemServerTiming: OnBootPhase_550_com.android.server.derp.LineageGlobalActionsService
05-19 12:41:09.604  1245  1245 D SystemServerTiming: OnBootPhase_550_com.android.server.inputmethod.InputMethodManagerService$Lifecycle
05-19 12:41:09.606  1245  1273 D SystemServerTimingAsync: InitThreadPoolExec:Lazily initialize IMMS#mImeDrawsImeNavBarRes
05-19 12:41:09.667  1245  1245 W InputMethodUtils: getApplicationInfo failed. packageName=com.google.android.apps.inputmethod.hindi userId=0
05-19 12:41:09.667  1245  1245 W InputMethodUtils: android.content.pm.PackageManager$NameNotFoundException: com.google.android.apps.inputmethod.hindi
05-19 12:41:09.667  1245  1245 W InputMethodUtils: 	at android.app.ApplicationPackageManager.getApplicationInfoAsUser(ApplicationPackageManager.java:504)
05-19 12:41:09.667  1245  1245 W InputMethodUtils: 	at android.app.ApplicationPackageManager.getApplicationInfo(ApplicationPackageManager.java:487)
05-19 12:41:09.667  1245  1245 W InputMethodUtils: 	at com.android.server.inputmethod.InputMethodUtils.setNonSelectedSystemImesDisabledUntilUsed(InputMethodUtils.java:706)
05-19 12:41:09.667  1245  1245 W InputMethodUtils: 	at com.android.server.inputmethod.InputMethodManagerService.systemRunning(InputMethodManagerService.java:2075)
05-19 12:41:09.667  1245  1245 W InputMethodUtils: 	at com.android.server.inputmethod.InputMethodManagerService$Lifecycle.onBootPhase(InputMethodManagerService.java:1716)
05-19 12:41:09.667  1245  1245 W InputMethodUtils: 	at com.android.server.SystemServiceManager.startBootPhase(SystemServiceManager.java:294)
05-19 12:41:09.667  1245  1245 W InputMethodUtils: 	at com.android.server.SystemServer.lambda$startOtherServices$5(SystemServer.java:2874)
05-19 12:41:09.667  1245  1245 W InputMethodUtils: 	at com.android.server.SystemServer.$r8$lambda$cHpru_0zTEigJU4rvGBr8u7hU4w(Unknown Source:0)
05-19 12:41:09.667  1245  1245 W InputMethodUtils: 	at com.android.server.SystemServer$$ExternalSyntheticLambda5.run(Unknown Source:28)
05-19 12:41:09.667  1245  1245 W InputMethodUtils: 	at com.android.server.am.ActivityManagerService.systemReady(ActivityManagerService.java:8300)
05-19 12:41:09.667  1245  1245 W InputMethodUtils: 	at com.android.server.SystemServer.startOtherServices(SystemServer.java:2871)
05-19 12:41:09.667  1245  1245 W InputMethodUtils: 	at com.android.server.SystemServer.run(SystemServer.java:961)
05-19 12:41:09.667  1245  1245 W InputMethodUtils: 	at com.android.server.SystemServer.main(SystemServer.java:667)
05-19 12:41:09.667  1245  1245 W InputMethodUtils: 	at java.lang.reflect.Method.invoke(Native Method)
05-19 12:41:09.667  1245  1245 W InputMethodUtils: 	at com.android.internal.os.RuntimeInit$MethodAndArgsCaller.run(RuntimeInit.java:548)
05-19 12:41:09.667  1245  1245 W InputMethodUtils: 	at com.android.internal.os.ZygoteInit.main(ZygoteInit.java:920)
05-19 12:41:09.668  1245  1245 W InputMethodUtils: getApplicationInfo failed. packageName=com.google.android.inputmethod.japanese userId=0
05-19 12:41:09.668  1245  1245 W InputMethodUtils: android.content.pm.PackageManager$NameNotFoundException: com.google.android.inputmethod.japanese
05-19 12:41:09.668  1245  1245 W InputMethodUtils: 	at android.app.ApplicationPackageManager.getApplicationInfoAsUser(ApplicationPackageManager.java:504)
05-19 12:41:09.668  1245  1245 W InputMethodUtils: 	at android.app.ApplicationPackageManager.getApplicationInfo(ApplicationPackageManager.java:487)
05-19 12:41:09.668  1245  1245 W InputMethodUtils: 	at com.android.server.inputmethod.InputMethodUtils.setNonSelectedSystemImesDisabledUntilUsed(InputMethodUtils.java:706)
05-19 12:41:09.668  1245  1245 W InputMethodUtils: 	at com.android.server.inputmethod.InputMethodManagerService.systemRunning(InputMethodManagerService.java:2075)
05-19 12:41:09.668  1245  1245 W InputMethodUtils: 	at com.android.server.inputmethod.InputMethodManagerService$Lifecycle.onBootPhase(InputMethodManagerService.java:1716)
05-19 12:41:09.668  1245  1245 W InputMethodUtils: 	at com.android.server.SystemServiceManager.startBootPhase(SystemServiceManager.java:294)
05-19 12:41:09.668  1245  1245 W InputMethodUtils: 	at com.android.server.SystemServer.lambda$startOtherServices$5(SystemServer.java:2874)
05-19 12:41:09.668  1245  1245 W InputMethodUtils: 	at com.android.server.SystemServer.$r8$lambda$cHpru_0zTEigJU4rvGBr8u7hU4w(Unknown Source:0)
05-19 12:41:09.668  1245  1245 W InputMethodUtils: 	at com.android.server.SystemServer$$ExternalSyntheticLambda5.run(Unknown Source:28)
05-19 12:41:09.668  1245  1245 W InputMethodUtils: 	at com.android.server.am.ActivityManagerService.systemReady(ActivityManagerService.java:8300)
05-19 12:41:09.668  1245  1245 W InputMethodUtils: 	at com.android.server.SystemServer.startOtherServices(SystemServer.java:2871)
05-19 12:41:09.668  1245  1245 W InputMethodUtils: 	at com.android.server.SystemServer.run(SystemServer.java:961)
05-19 12:41:09.668  1245  1245 W InputMethodUtils: 	at com.android.server.SystemServer.main(SystemServer.java:667)
05-19 12:41:09.668  1245  1245 W InputMethodUtils: 	at java.lang.reflect.Method.invoke(Native Method)
05-19 12:41:09.668  1245  1245 W InputMethodUtils: 	at com.android.internal.os.RuntimeInit$MethodAndArgsCaller.run(RuntimeInit.java:548)
05-19 12:41:09.668  1245  1245 W InputMethodUtils: 	at com.android.internal.os.ZygoteInit.main(ZygoteInit.java:920)
05-19 12:41:09.668  1245  1245 W InputMethodUtils: getApplicationInfo failed. packageName=com.google.android.inputmethod.korean userId=0
05-19 12:41:09.668  1245  1245 W InputMethodUtils: android.content.pm.PackageManager$NameNotFoundException: com.google.android.inputmethod.korean
05-19 12:41:09.668  1245  1245 W InputMethodUtils: 	at android.app.ApplicationPackageManager.getApplicationInfoAsUser(ApplicationPackageManager.java:504)
05-19 12:41:09.668  1245  1245 W InputMethodUtils: 	at android.app.ApplicationPackageManager.getApplicationInfo(ApplicationPackageManager.java:487)
05-19 12:41:09.668  1245  1245 W InputMethodUtils: 	at com.android.server.inputmethod.InputMethodUtils.setNonSelectedSystemImesDisabledUntilUsed(InputMethodUtils.java:706)
05-19 12:41:09.668  1245  1245 W InputMethodUtils: 	at com.android.server.inputmethod.InputMethodManagerService.systemRunning(InputMethodManagerService.java:2075)
05-19 12:41:09.668  1245  1245 W InputMethodUtils: 	at com.android.server.inputmethod.InputMethodManagerService$Lifecycle.onBootPhase(InputMethodManagerService.java:1716)
05-19 12:41:09.668  1245  1245 W InputMethodUtils: 	at com.android.server.SystemServiceManager.startBootPhase(SystemServiceManager.java:294)
05-19 12:41:09.668  1245  1245 W InputMethodUtils: 	at com.android.server.SystemServer.lambda$startOtherServices$5(SystemServer.java:2874)
05-19 12:41:09.668  1245  1245 W InputMethodUtils: 	at com.android.server.SystemServer.$r8$lambda$cHpru_0zTEigJU4rvGBr8u7hU4w(Unknown Source:0)
05-19 12:41:09.668  1245  1245 W InputMethodUtils: 	at com.android.server.SystemServer$$ExternalSyntheticLambda5.run(Unknown Source:28)
05-19 12:41:09.668  1245  1245 W InputMethodUtils: 	at com.android.server.am.ActivityManagerService.systemReady(ActivityManagerService.java:8300)
05-19 12:41:09.668  1245  1245 W InputMethodUtils: 	at com.android.server.SystemServer.startOtherServices(SystemServer.java:2871)
05-19 12:41:09.668  1245  1245 W InputMethodUtils: 	at com.android.server.SystemServer.run(SystemServer.java:961)
05-19 12:41:09.668  1245  1245 W InputMethodUtils: 	at com.android.server.SystemServer.main(SystemServer.java:667)
05-19 12:41:09.668  1245  1245 W InputMethodUtils: 	at java.lang.reflect.Method.invoke(Native Method)
05-19 12:41:09.668  1245  1245 W InputMethodUtils: 	at com.android.internal.os.RuntimeInit$MethodAndArgsCaller.run(RuntimeInit.java:548)
05-19 12:41:09.668  1245  1245 W InputMethodUtils: 	at com.android.internal.os.ZygoteInit.main(ZygoteInit.java:920)
05-19 12:41:09.668  1245  1245 W InputMethodUtils: getApplicationInfo failed. packageName=com.google.android.inputmethod.pinyin userId=0
05-19 12:41:09.668  1245  1245 W InputMethodUtils: android.content.pm.PackageManager$NameNotFoundException: com.google.android.inputmethod.pinyin
05-19 12:41:09.668  1245  1245 W InputMethodUtils: 	at android.app.ApplicationPackageManager.getApplicationInfoAsUser(ApplicationPackageManager.java:504)
05-19 12:41:09.668  1245  1245 W InputMethodUtils: 	at android.app.ApplicationPackageManager.getApplicationInfo(ApplicationPackageManager.java:487)
05-19 12:41:09.668  1245  1245 W InputMethodUtils: 	at com.android.server.inputmethod.InputMethodUtils.setNonSelectedSystemImesDisabledUntilUsed(InputMethodUtils.java:706)
05-19 12:41:09.668  1245  1245 W InputMethodUtils: 	at com.android.server.inputmethod.InputMethodManagerService.systemRunning(InputMethodManagerService.java:2075)
05-19 12:41:09.668  1245  1245 W InputMethodUtils: 	at com.android.server.inputmethod.InputMethodManagerService$Lifecycle.onBootPhase(InputMethodManagerService.java:1716)
05-19 12:41:09.668  1245  1245 W InputMethodUtils: 	at com.android.server.SystemServiceManager.startBootPhase(SystemServiceManager.java:294)
05-19 12:41:09.668  1245  1245 W InputMethodUtils: 	at com.android.server.SystemServer.lambda$startOtherServices$5(SystemServer.java:2874)
05-19 12:41:09.668  1245  1245 W InputMethodUtils: 	at com.android.server.SystemServer.$r8$lambda$cHpru_0zTEigJU4rvGBr8u7hU4w(Unknown Source:0)
05-19 12:41:09.668  1245  1245 W InputMethodUtils: 	at com.android.server.SystemServer$$ExternalSyntheticLambda5.run(Unknown Source:28)
05-19 12:41:09.668  1245  1245 W InputMethodUtils: 	at com.android.server.am.ActivityManagerService.systemReady(ActivityManagerService.java:8300)
05-19 12:41:09.668  1245  1245 W InputMethodUtils: 	at com.android.server.SystemServer.startOtherServices(SystemServer.java:2871)
05-19 12:41:09.668  1245  1245 W InputMethodUtils: 	at com.android.server.SystemServer.run(SystemServer.java:961)
05-19 12:41:09.668  1245  1245 W InputMethodUtils: 	at com.android.server.SystemServer.main(SystemServer.java:667)
05-19 12:41:09.668  1245  1245 W InputMethodUtils: 	at java.lang.reflect.Method.invoke(Native Method)
05-19 12:41:09.668  1245  1245 W InputMethodUtils: 	at com.android.internal.os.RuntimeInit$MethodAndArgsCaller.run(RuntimeInit.java:548)
05-19 12:41:09.668  1245  1245 W InputMethodUtils: 	at com.android.internal.os.ZygoteInit.main(ZygoteInit.java:920)
05-19 12:41:09.668  1245  1245 W InputMethodUtils: getApplicationInfo failed. packageName=jp.co.omronsoft.iwnnime.ml userId=0
05-19 12:41:09.668  1245  1245 W InputMethodUtils: android.content.pm.PackageManager$NameNotFoundException: jp.co.omronsoft.iwnnime.ml
05-19 12:41:09.668  1245  1245 W InputMethodUtils: 	at android.app.ApplicationPackageManager.getApplicationInfoAsUser(ApplicationPackageManager.java:504)
05-19 12:41:09.668  1245  1245 W InputMethodUtils: 	at android.app.ApplicationPackageManager.getApplicationInfo(ApplicationPackageManager.java:487)
05-19 12:41:09.668  1245  1245 W InputMethodUtils: 	at com.android.server.inputmethod.InputMethodUtils.setNonSelectedSystemImesDisabledUntilUsed(InputMethodUtils.java:706)
05-19 12:41:09.668  1245  1245 W InputMethodUtils: 	at com.android.server.inputmethod.InputMethodManagerService.systemRunning(InputMethodManagerService.java:2075)
05-19 12:41:09.668  1245  1245 W InputMethodUtils: 	at com.android.server.inputmethod.InputMethodManagerService$Lifecycle.onBootPhase(InputMethodManagerService.java:1716)
05-19 12:41:09.668  1245  1245 W InputMethodUtils: 	at com.android.server.SystemServiceManager.startBootPhase(SystemServiceManager.java:294)
05-19 12:41:09.668  1245  1245 W InputMethodUtils: 	at com.android.server.SystemServer.lambda$startOtherServices$5(SystemServer.java:2874)
05-19 12:41:09.668  1245  1245 W InputMethodUtils: 	at com.android.server.SystemServer.$r8$lambda$cHpru_0zTEigJU4rvGBr8u7hU4w(Unknown Source:0)
05-19 12:41:09.668  1245  1245 W InputMethodUtils: 	at com.android.server.SystemServer$$ExternalSyntheticLambda5.run(Unknown Source:28)
05-19 12:41:09.668  1245  1245 W InputMethodUtils: 	at com.android.server.am.ActivityManagerService.systemReady(ActivityManagerService.java:8300)
05-19 12:41:09.668  1245  1245 W InputMethodUtils: 	at com.android.server.SystemServer.startOtherServices(SystemServer.java:2871)
05-19 12:41:09.668  1245  1245 W InputMethodUtils: 	at com.android.server.SystemServer.run(SystemServer.java:961)
05-19 12:41:09.668  1245  1245 W InputMethodUtils: 	at com.android.server.SystemServer.main(SystemServer.java:667)
05-19 12:41:09.668  1245  1245 W InputMethodUtils: 	at java.lang.reflect.Method.invoke(Native Method)
05-19 12:41:09.668  1245  1245 W InputMethodUtils: 	at com.android.internal.os.RuntimeInit$MethodAndArgsCaller.run(RuntimeInit.java:548)
05-19 12:41:09.668  1245  1245 W InputMethodUtils: 	at com.android.internal.os.ZygoteInit.main(ZygoteInit.java:920)
05-19 12:41:09.668  1245  1245 W InputMethodUtils: getApplicationInfo failed. packageName=com.nuance.xt9.input userId=0
05-19 12:41:09.668  1245  1245 W InputMethodUtils: android.content.pm.PackageManager$NameNotFoundException: com.nuance.xt9.input
05-19 12:41:09.668  1245  1245 W InputMethodUtils: 	at android.app.ApplicationPackageManager.getApplicationInfoAsUser(ApplicationPackageManager.java:504)
05-19 12:41:09.668  1245  1245 W InputMethodUtils: 	at android.app.ApplicationPackageManager.getApplicationInfo(ApplicationPackageManager.java:487)
05-19 12:41:09.668  1245  1245 W InputMethodUtils: 	at com.android.server.inputmethod.InputMethodUtils.setNonSelectedSystemImesDisabledUntilUsed(InputMethodUtils.java:706)
05-19 12:41:09.668  1245  1245 W InputMethodUtils: 	at com.android.server.inputmethod.InputMethodManagerService.systemRunning(InputMethodManagerService.java:2075)
05-19 12:41:09.668  1245  1245 W InputMethodUtils: 	at com.android.server.inputmethod.InputMethodManagerService$Lifecycle.onBootPhase(InputMethodManagerService.java:1716)
05-19 12:41:09.668  1245  1245 W InputMethodUtils: 	at com.android.server.SystemServiceManager.startBootPhase(SystemServiceManager.java:294)
05-19 12:41:09.668  1245  1245 W InputMethodUtils: 	at com.android.server.SystemServer.lambda$startOtherServices$5(SystemServer.java:2874)
05-19 12:41:09.668  1245  1245 W InputMethodUtils: 	at com.android.server.SystemServer.$r8$lambda$cHpru_0zTEigJU4rvGBr8u7hU4w(Unknown Source:0)
05-19 12:41:09.668  1245  1245 W InputMethodUtils: 	at com.android.server.SystemServer$$ExternalSyntheticLambda5.run(Unknown Source:28)
05-19 12:41:09.668  1245  1245 W InputMethodUtils: 	at com.android.server.am.ActivityManagerService.systemReady(ActivityManagerService.java:8300)
05-19 12:41:09.668  1245  1245 W InputMethodUtils: 	at com.android.server.SystemServer.startOtherServices(SystemServer.java:2871)
05-19 12:41:09.668  1245  1245 W InputMethodUtils: 	at com.android.server.SystemServer.run(SystemServer.java:961)
05-19 12:41:09.668  1245  1245 W InputMethodUtils: 	at com.android.server.SystemServer.main(SystemServer.java:667)
05-19 12:41:09.668  1245  1245 W InputMethodUtils: 	at java.lang.reflect.Method.invoke(Native Method)
05-19 12:41:09.668  1245  1245 W InputMethodUtils: 	at com.android.internal.os.RuntimeInit$MethodAndArgsCaller.run(RuntimeInit.java:548)
05-19 12:41:09.668  1245  1245 W InputMethodUtils: 	at com.android.internal.os.ZygoteInit.main(ZygoteInit.java:920)
05-19 12:41:09.668  1245  1245 W SystemServiceManager: Service com.android.server.inputmethod.InputMethodManagerService$Lifecycle took 64 ms in onBootPhase
05-19 12:41:09.668  1245  1245 D SystemServerTiming: OnBootPhase_550_com.android.server.accessibility.AccessibilityManagerService$Lifecycle
05-19 12:41:09.668  1245  1245 D SystemServerTiming: OnBootPhase_550_com.android.server.StorageManagerService$Lifecycle
05-19 12:41:09.669  1245  1245 D SystemServerTiming: OnBootPhase_550_com.android.server.usage.StorageStatsService$Lifecycle
05-19 12:41:09.669  1245  1245 D SystemServerTiming: OnBootPhase_550_com.android.server.UiModeManagerService
05-19 12:41:09.669  1245  1245 D SystemServerTiming: OnBootPhase_550_com.android.server.locales.LocaleManagerService
05-19 12:41:09.669  1245  1245 D SystemServerTiming: OnBootPhase_550_com.android.server.locksettings.LockSettingsService$Lifecycle
05-19 12:41:09.670  1245  1245 I RebootEscrowManager: No reboot escrow data found for users, skipping loading escrow data
05-19 12:41:09.674  1245  1245 D SystemServerTiming: OnBootPhase_550_com.android.server.PersistentDataBlockService
05-19 12:41:09.674  1245  1245 D SystemServerTiming: OnBootPhase_550_com.android.server.testharness.TestHarnessModeService
05-19 12:41:09.674  1245  1245 D SystemServerTiming: OnBootPhase_550_com.android.server.oemlock.OemLockService
05-19 12:41:09.674  1245  1245 D SystemServerTiming: OnBootPhase_550_com.android.server.DeviceIdleController
05-19 12:41:09.674  1245  1245 D SystemServerTiming: OnBootPhase_550_com.android.server.devicepolicy.DevicePolicyManagerService$Lifecycle
05-19 12:41:09.674  1245  1245 D SystemServerTiming: OnBootPhase_550_com.android.server.musicrecognition.MusicRecognitionManagerService
05-19 12:41:09.674  1245  1245 D SystemServerTiming: OnBootPhase_550_com.android.server.contentcapture.ContentCaptureManagerService
05-19 12:41:09.674  1245  1245 D SystemServerTiming: OnBootPhase_550_com.android.server.attention.AttentionManagerService
05-19 12:41:09.674  1245  1245 D SystemServerTiming: OnBootPhase_550_com.android.server.rotationresolver.RotationResolverManagerService
05-19 12:41:09.674  1245  1245 D SystemServerTiming: OnBootPhase_550_com.android.server.systemcaptions.SystemCaptionsManagerService
05-19 12:41:09.674  1245  1245 D SystemServerTiming: OnBootPhase_550_com.android.server.texttospeech.TextToSpeechManagerService
05-19 12:41:09.674  1245  1245 D SystemServerTiming: OnBootPhase_550_com.android.server.ambientcontext.AmbientContextManagerService
05-19 12:41:09.674  1245  1245 D SystemServerTiming: OnBootPhase_550_com.android.server.speech.SpeechRecognitionManagerService
05-19 12:41:09.674  1245  1245 D SystemServerTiming: OnBootPhase_550_com.android.server.appprediction.AppPredictionManagerService
05-19 12:41:09.674  1245  1245 D SystemServerTiming: OnBootPhase_550_com.android.server.contentsuggestions.ContentSuggestionsManagerService
05-19 12:41:09.674  1245  1245 D SystemServerTiming: OnBootPhase_550_com.android.server.searchui.SearchUiManagerService
05-19 12:41:09.674  1245  1245 D SystemServerTiming: OnBootPhase_550_com.android.server.smartspace.SmartspaceManagerService
05-19 12:41:09.674  1245  1245 D SystemServerTiming: OnBootPhase_550_com.android.server.graphics.fonts.FontManagerService$Lifecycle
05-19 12:41:09.674  1245  1245 D SystemServerTiming: OnBootPhase_550_com.android.server.textservices.TextServicesManagerService$Lifecycle
05-19 12:41:09.674  1245  1245 D SystemServerTiming: OnBootPhase_550_com.android.server.textclassifier.TextClassificationManagerService$Lifecycle
05-19 12:41:09.674  1245  1245 D SystemServerTiming: OnBootPhase_550_com.android.server.NetworkScoreService$Lifecycle
05-19 12:41:09.674  1245  1245 D SystemServerTiming: OnBootPhase_550_com.android.server.NetworkStatsServiceInitializer
05-19 12:41:09.709  1245  1245 D SystemServerTiming: OnBootPhase_550_com.android.server.wifi.WifiService
05-19 12:41:09.709  1245  1245 D SystemServerTiming: OnBootPhase_550_com.android.server.wifi.scanner.WifiScanningService
05-19 12:41:09.709  1245  1245 D SystemServerTiming: OnBootPhase_550_com.android.server.wifi.p2p.WifiP2pService
05-19 12:41:09.709  1245  1245 D SystemServerTiming: OnBootPhase_550_com.android.server.ConnectivityServiceInitializer
05-19 12:41:09.709  1245  1245 D SystemServerTiming: OnBootPhase_550_com.android.server.notification.NotificationManagerService
05-19 12:41:09.709  1245  1245 D SystemServerTiming: OnBootPhase_550_com.android.server.storage.DeviceStorageMonitorService
05-19 12:41:09.709  1245  1245 D SystemServerTiming: OnBootPhase_550_com.android.server.location.LocationManagerService$Lifecycle
05-19 12:41:09.709  1245  1245 D SystemServerTiming: OnBootPhase_550_com.android.server.timedetector.TimeDetectorService$Lifecycle
05-19 12:41:09.709  1245  1245 D SystemServerTiming: OnBootPhase_550_com.android.server.timezonedetector.TimeZoneDetectorService$Lifecycle
05-19 12:41:09.709  1245  1245 D SystemServerTiming: OnBootPhase_550_com.android.server.timezonedetector.location.LocationTimeZoneManagerService$Lifecycle
05-19 12:41:09.709  1245  1245 D SystemServerTiming: OnBootPhase_550_com.android.server.search.SearchManagerService$Lifecycle
05-19 12:41:09.709  1245  1245 D SystemServerTiming: OnBootPhase_550_com.android.server.wallpaper.WallpaperManagerService$Lifecycle
05-19 12:41:09.711  1245  1245 V WallpaperManagerService: bindWallpaperComponentLocked: componentName=ComponentInfo{com.android.systemui/com.android.systemui.wallpapers.ImageWallpaper}
05-19 12:41:09.711  1245  1245 D WallpaperManagerService: WPMS.bindWallpaperComponentLocked-ComponentInfo{com.android.systemui/com.android.systemui.wallpapers.ImageWallpaper}
05-19 12:41:09.713  1245  1245 D CompatibilityChangeReporter: Compat change id reported: 135634846; UID 10499; state: DISABLED
05-19 12:41:09.713  1245  1245 D CompatibilityChangeReporter: Compat change id reported: 177438394; UID 10499; state: DISABLED
05-19 12:41:09.713  1245  1245 D CompatibilityChangeReporter: Compat change id reported: 135772972; UID 10499; state: DISABLED
05-19 12:41:09.714  1245  1245 D CompatibilityChangeReporter: Compat change id reported: 135754954; UID 10499; state: ENABLED
05-19 12:41:09.714  1245  1280 D CompatibilityChangeReporter: Compat change id reported: 143937733; UID 10499; state: ENABLED
05-19 12:41:09.715  1245  1245 D SystemServerTiming: OnBootPhase_550_com.android.server.wallpapereffectsgeneration.WallpaperEffectsGenerationManagerService
05-19 12:41:09.715  1245  1245 D SystemServerTiming: OnBootPhase_550_com.android.server.audio.AudioService$Lifecycle
05-19 12:41:09.716  1245  1245 D SystemServerTiming: OnBootPhase_550_com.android.server.soundtrigger_middleware.SoundTriggerMiddlewareService$Lifecycle
05-19 12:41:09.716  1245  1245 D SystemServerTiming: OnBootPhase_550_com.android.server.DockObserver
05-19 12:41:09.716  1245  1245 D SystemServerTiming: OnBootPhase_550_com.android.server.midi.MidiService$Lifecycle
05-19 12:41:09.716  1245  1245 D SystemServerTiming: OnBootPhase_550_com.android.server.adb.AdbService$Lifecycle
05-19 12:41:09.716  1245  1245 D SystemServerTiming: OnBootPhase_550_com.android.server.usb.UsbService$Lifecycle
05-19 12:41:09.716  1245  1245 D SystemServerTiming: OnBootPhase_550_com.android.server.twilight.TwilightService
05-19 12:41:09.716  1245  1245 D SystemServerTiming: OnBootPhase_550_com.android.server.display.color.ColorDisplayService
05-19 12:41:09.716  1245  1245 D SystemServerTiming: OnBootPhase_550_com.android.server.job.JobSchedulerService
05-19 12:41:09.716  1245  1337 D SystemServerTimingAsync: InitThreadPoolExec:UsbService$Lifecycle#onBootPhase
05-19 12:41:09.717  1245  1245 D SystemServerTiming: OnBootPhase_550_com.android.server.soundtrigger.SoundTriggerService
05-19 12:41:09.717  1245  1245 D SoundTriggerService: onBootPhase: 550 : false
05-19 12:41:09.717  1245  1245 D SystemServerTiming: OnBootPhase_550_com.android.server.trust.TrustManagerService
05-19 12:41:09.717  1245  1245 D SystemServerTiming: OnBootPhase_550_com.android.server.backup.BackupManagerService$Lifecycle
05-19 12:41:09.717  1245  1245 D SystemServerTiming: OnBootPhase_550_com.android.server.appwidget.AppWidgetService
05-19 12:41:09.717  1245  1245 D SystemServerTiming: OnBootPhase_550_com.android.server.voiceinteraction.VoiceInteractionManagerService
05-19 12:41:09.717  1245  1245 D SystemServerTiming: OnBootPhase_550_com.android.server.apphibernation.AppHibernationService
05-19 12:41:09.717  1245  1245 D SystemServerTiming: OnBootPhase_550_com.android.server.GestureLauncherService
05-19 12:41:09.717  1245  1245 D SystemServerTiming: OnBootPhase_550_com.android.server.SensorNotificationService
05-19 12:41:09.717  1245  1245 D SystemServerTiming: OnBootPhase_550_com.android.server.emergency.EmergencyAffordanceService
05-19 12:41:09.717  1245  1245 D SystemServerTiming: OnBootPhase_550_com.android.server.blob.BlobStoreManagerService
05-19 12:41:09.718  1245  1245 D SystemServerTiming: OnBootPhase_550_com.android.server.dreams.DreamManagerService
05-19 12:41:09.718  1245  1245 D SystemServerTiming: OnBootPhase_550_com.android.server.print.PrintManagerService
05-19 12:41:09.718  1245  1245 D SystemServerTiming: OnBootPhase_550_com.android.server.security.AttestationVerificationManagerService
05-19 12:41:09.718  1245  1245 D SystemServerTiming: OnBootPhase_550_com.android.server.companion.CompanionDeviceManagerService
05-19 12:41:09.718  1245  1245 D SystemServerTiming: OnBootPhase_550_com.android.server.companion.virtual.VirtualDeviceManagerService
05-19 12:41:09.718  1245  1245 D SystemServerTiming: OnBootPhase_550_com.android.server.restrictions.RestrictionsManagerService
05-19 12:41:09.718  1245  1245 D SystemServerTiming: OnBootPhase_550_com.android.server.media.MediaSessionService
05-19 12:41:09.719  1245  1245 D SystemServerTiming: OnBootPhase_550_com.android.server.media.MediaResourceMonitorService
05-19 12:41:09.719  1245  1245 D SystemServerTiming: OnBootPhase_550_com.android.server.biometrics.sensors.face.FaceService
05-19 12:41:09.719  1245  1245 D SystemServerTiming: OnBootPhase_550_com.android.server.biometrics.sensors.fingerprint.FingerprintService
05-19 12:41:09.719  1245  1245 D SystemServerTiming: OnBootPhase_550_com.android.server.biometrics.BiometricService
05-19 12:41:09.719  1245  1401 I UsbPortManager: ClientCallback V1_1: dual-role-type_c_port0
05-19 12:41:09.719  1245  1245 D SystemServerTiming: OnBootPhase_550_com.android.server.biometrics.AuthService
05-19 12:41:09.719  1245  1245 D SystemServerTiming: OnBootPhase_550_com.android.server.app.AppLockManagerService$Lifecycle
05-19 12:41:09.719  1245  1266 I UsbPortManager: USB port added: port=UsbPort{id=dual-role-type_c_port0, supportedModes=dualsupportedContaminantProtectionModes=0supportsEnableContaminantPresenceProtection=falsesupportsEnableContaminantPresenceDetection=false, status=UsbPortStatus{connected=true, currentMode=ufp, currentPowerRole=sink, currentDataRole=device, supportedRoleCombinations=[sink:device], contaminantDetectionStatus=0, contaminantProtectionStatus=0, usbDataStatus=unknown, isPowerTransferLimited=false, powerBrickConnectionStatus=unknown}, canChangeMode=false, canChangePowerRole=false, canChangeDataRole=false, connectedAtMillis=17815, lastConnectDurationMillis=0
05-19 12:41:09.721  1245  1245 I AppLockManagerService: onBootCompleted
05-19 12:41:09.721  1245  1245 D SystemServerTiming: OnBootPhase_550_com.android.server.pm.ShortcutService$Lifecycle
05-19 12:41:09.721  1245  1245 D SystemServerTiming: OnBootPhase_550_com.android.server.pm.LauncherAppsService
05-19 12:41:09.721  1245  1245 D SystemServerTiming: OnBootPhase_550_com.android.server.pm.CrossProfileAppsService
05-19 12:41:09.721  1245  1245 D SystemServerTiming: OnBootPhase_550_com.android.server.pocket.PocketService
05-19 12:41:09.721  1245  1245 W PocketService: Un-handled boot phase:550
05-19 12:41:09.721  1245  1245 D SystemServerTiming: OnBootPhase_550_com.android.server.people.PeopleService
05-19 12:41:09.721  1245  1245 D SystemServerTiming: OnBootPhase_550_com.android.server.media.metrics.MediaMetricsManagerService
05-19 12:41:09.721  1245  1245 D SystemServerTiming: OnBootPhase_550_com.android.server.derp.CustomDeviceConfigService
05-19 12:41:09.721  1245  1245 D SystemServerTiming: OnBootPhase_550_com.android.server.vibrator.LinearmotorVibratorService
05-19 12:41:09.721  1245  1245 D SystemServerTiming: OnBootPhase_550_com.android.server.derp.LineageHardwareService
05-19 12:41:09.721  1245  1245 D SystemServerTiming: OnBootPhase_550_com.android.server.derp.display.LiveDisplayService
05-19 12:41:09.721  1245  1245 D SystemServerTiming: OnBootPhase_550_com.android.server.derp.health.HealthInterfaceService
05-19 12:41:09.721  1245  1245 D SystemServerTiming: OnBootPhase_550_com.android.server.media.projection.MediaProjectionManagerService
05-19 12:41:09.722  1245  1245 D SystemServerTiming: OnBootPhase_550_com.android.server.slice.SliceManagerService$Lifecycle
05-19 12:41:09.722  1245  1245 D SystemServerTiming: OnBootPhase_550_com.android.server.stats.StatsCompanion$Lifecycle
05-19 12:41:09.722  1245  1245 D SystemServerTiming: OnBootPhase_550_com.android.server.scheduling.RebootReadinessManagerService$Lifecycle
05-19 12:41:09.722  1245  1245 D SystemServerTiming: OnBootPhase_550_com.android.server.stats.pull.StatsPullAtomService
05-19 12:41:09.722  1245  1245 D SystemServerTiming: OnBootPhase_550_com.android.server.stats.bootstrap.StatsBootstrapAtomService$Lifecycle
05-19 12:41:09.722  1245  1245 D SystemServerTiming: OnBootPhase_550_com.android.server.incident.IncidentCompanionService
05-19 12:41:09.722  1245  1245 D SystemServerTiming: OnBootPhase_550_com.android.server.sdksandbox.SdkSandboxManagerService$Lifecycle
05-19 12:41:09.722  1245  1245 D SystemServerTiming: OnBootPhase_550_com.android.server.adservices.AdServicesManagerService$Lifecycle
05-19 12:41:09.722  1245  1245 D SystemServerTiming: OnBootPhase_550_com.android.server.MmsServiceBroker
05-19 12:41:09.722  1245  1245 D SystemServerTiming: OnBootPhase_550_com.android.server.autofill.AutofillManagerService
05-19 12:41:09.722  1245  1245 D SystemServerTiming: OnBootPhase_550_com.android.server.translation.TranslationManagerService
05-19 12:41:09.722  1245  1245 D SystemServerTiming: OnBootPhase_550_com.android.server.clipboard.ClipboardService
05-19 12:41:09.722  1245  1245 D SystemServerTiming: OnBootPhase_550_com.android.server.appbinding.AppBindingService$Lifecycle
05-19 12:41:09.722  1245  1245 I AppBindingService: Updating constants with: null
05-19 12:41:09.722  1245  1245 D SystemServerTiming: OnBootPhase_550_com.android.server.tracing.TracingServiceProxy
05-19 12:41:09.722  1245  1245 D SystemServerTiming: OnBootPhase_550_com.android.server.policy.PermissionPolicyService
05-19 12:41:09.722  1245  1245 D SystemServerTiming: Permission_grant_default_permissions-0
05-19 12:41:09.722  1245  1245 D SystemServerTiming: Permission_synchronize_permissions-0
05-19 12:41:09.723  1245  1245 D SystemServerTiming: Permission_synchronize_addPackages-0
05-19 12:41:09.723  1245  1280 I ActivityManager: Start proc 1463:com.android.systemui/u0a499 for service {com.android.systemui/com.android.systemui.wallpapers.ImageWallpaper}
05-19 12:41:09.751  1245  1245 D SystemServerTiming: Permission_syncPackages-0
05-19 12:41:09.754  1245  1262 D CompatibilityChangeReporter: Compat change id reported: 168419799; UID 10499; state: DISABLED
05-19 12:41:09.755  1245  1262 D CompatibilityChangeReporter: Compat change id reported: 273564678; UID 10499; state: DISABLED
05-19 12:41:09.762  1245  1245 D SystemServerTiming: Permission_onInitialized-0
05-19 12:41:09.762  1245  1245 I PackageManager: Permission ownership changed. Updating all permissions.
05-19 12:41:09.791  1245  1245 W PackageManager: Package android.ext.services is an APK in APEX, but has permission allowlist on the system image. Please bundle the allowlist in the com.android.extservices APEX instead.
05-19 12:41:09.792  1245  1245 W PackageManager: Package android.ext.services is an APK in APEX, but has permission allowlist on the system image. Please bundle the allowlist in the com.android.extservices APEX instead.
05-19 12:41:09.792  1245  1245 W PackageManager: Package android.ext.services is an APK in APEX, but has permission allowlist on the system image. Please bundle the allowlist in the com.android.extservices APEX instead.
05-19 12:41:09.792  1245  1245 W PackageManager: Package android.ext.services is an APK in APEX, but has permission allowlist on the system image. Please bundle the allowlist in the com.android.extservices APEX instead.
05-19 12:41:09.803   827   971 D MtkOmxGsmDec: MtkOmxComponentCreate +++ !!!
05-19 12:41:09.803   827   971 D MtkOmxGsmDec: MtkOmxGsmDec Construct !!!
05-19 12:41:09.803   827   971 D MtkOmxGsmDec: Init Audio(GSM) Params!!!
05-19 12:41:09.804   827   971 D MtkOmxGsmDec: MtkOmxGsmDec Deconstruct !!!
05-19 12:41:09.806  1245  1245 W PackageManager: Package com.android.providers.media.module is an APK in APEX, but has permission allowlist on the system image. Please bundle the allowlist in the com.android.mediaprovider APEX instead.
05-19 12:41:09.806  1245  1245 W PackageManager: Package com.android.providers.media.module is an APK in APEX, but has permission allowlist on the system image. Please bundle the allowlist in the com.android.mediaprovider APEX instead.
05-19 12:41:09.806  1245  1245 W PackageManager: Package com.android.providers.media.module is an APK in APEX, but has permission allowlist on the system image. Please bundle the allowlist in the com.android.mediaprovider APEX instead.
05-19 12:41:09.806  1245  1245 W PackageManager: Package com.android.providers.media.module is an APK in APEX, but has permission allowlist on the system image. Please bundle the allowlist in the com.android.mediaprovider APEX instead.
05-19 12:41:09.806  1245  1245 W PackageManager: Package com.android.providers.media.module is an APK in APEX, but has permission allowlist on the system image. Please bundle the allowlist in the com.android.mediaprovider APEX instead.
05-19 12:41:09.806  1245  1245 W PackageManager: Package com.android.providers.media.module is an APK in APEX, but has permission allowlist on the system image. Please bundle the allowlist in the com.android.mediaprovider APEX instead.
05-19 12:41:09.806  1245  1245 W PackageManager: Package com.android.providers.media.module is an APK in APEX, but has permission allowlist on the system image. Please bundle the allowlist in the com.android.mediaprovider APEX instead.
05-19 12:41:09.806  1245  1245 W PackageManager: Package com.android.providers.media.module is an APK in APEX, but has permission allowlist on the system image. Please bundle the allowlist in the com.android.mediaprovider APEX instead.
05-19 12:41:09.806  1245  1245 W PackageManager: Package com.android.providers.media.module is an APK in APEX, but has permission allowlist on the system image. Please bundle the allowlist in the com.android.mediaprovider APEX instead.
05-19 12:41:09.806  1245  1245 W PackageManager: Package com.android.providers.media.module is an APK in APEX, but has permission allowlist on the system image. Please bundle the allowlist in the com.android.mediaprovider APEX instead.
05-19 12:41:09.806  1245  1245 W PackageManager: Package com.android.providers.media.module is an APK in APEX, but has permission allowlist on the system image. Please bundle the allowlist in the com.android.mediaprovider APEX instead.
05-19 12:41:09.806  1245  1245 W PackageManager: Package com.android.providers.media.module is an APK in APEX, but has permission allowlist on the system image. Please bundle the allowlist in the com.android.mediaprovider APEX instead.
05-19 12:41:09.806  1245  1245 W PackageManager: Package com.android.providers.media.module is an APK in APEX, but has permission allowlist on the system image. Please bundle the allowlist in the com.android.mediaprovider APEX instead.
05-19 12:41:09.812  1245  1245 W SystemServiceManager: Service com.android.server.policy.PermissionPolicyService took 90 ms in onBootPhase
05-19 12:41:09.812  1245  1245 D SystemServerTiming: OnBootPhase_550_com.android.server.pm.StagingManager$Lifecycle
05-19 12:41:09.812  1245  1245 D SystemServerTiming: OnBootPhase_550_com.android.server.app.GameManagerService$Lifecycle
05-19 12:41:09.812  1245  1245 D SystemServerTiming: OnBootPhase_550_com.android.safetycenter.SafetyCenterService
05-19 12:41:09.812  1245  1245 D SystemServerTiming: OnBootPhase_550_com.android.server.appsearch.AppSearchModule$Lifecycle
05-19 12:41:09.812  1245  1245 D SystemServerTiming: OnBootPhase_550_com.android.server.media.MediaCommunicationService
05-19 12:41:09.812  1245  1245 D SystemServerTiming: OnBootPhase_550_com.android.server.compat.overrides.AppCompatOverridesService$Lifecycle
05-19 12:41:09.813  1245  1245 D SystemServerTiming: OnBootPhase_550_com.android.server.derp.ParallelSpaceManagerService
05-19 12:41:09.813  1245  1245 D SystemServerTiming: StartObservingNativeCrashes
05-19 12:41:09.813  1245  1245 D SystemServerTiming: RegisterAppOpsPolicy
05-19 12:41:09.814   827   971 D MtkOmxMp3Dec: JB MtkOmxMp3Dec::MtkOmxMp3Dec this= 0xf307e000
05-19 12:41:09.814   827   971 D MtkOmxMp3Dec: JB MtkOmxMp3Dec::InitAudioParams(MP3)
05-19 12:41:09.815   827   971 D MtkOmxMp3Dec: JB ~MtkOmxMp3Dec this= 0xf307e000
05-19 12:41:09.815   827   971 D MtkOmxMp3Dec: component has been DeInit before,return.
05-19 12:41:09.815  1245  1279 I DropBoxManagerService: add tag=system_server_wtf isTagEnabled=true flags=0x2
05-19 12:41:09.817  1245  1321 D SystemServerTimingAsync: InitThreadPoolExec:WebViewFactoryPreparation
05-19 12:41:09.817  1245  1245 D SystemServerTiming: MakeNetworkManagementServiceReady
05-19 12:41:09.817  1245  1321 I SystemServer: WebViewFactoryPreparation
05-19 12:41:09.817  1245  1321 D SystemServerTimingAsync: WebViewFactoryPreparation
05-19 12:41:09.817  1245  1279 I DropBoxManagerService: add tag=system_server_wtf isTagEnabled=true flags=0x2
05-19 12:41:09.819  1245  1321 E AppOps  : Bad call made by uid 1000. Package "android" does not belong to uid 1037.
05-19 12:41:09.820  1245  1321 E AppOps  : Cannot checkOperation
05-19 12:41:09.820  1245  1321 E AppOps  : java.lang.SecurityException: Specified package "android" under uid 1037 but it is not
05-19 12:41:09.820  1245  1321 E AppOps  : 	at com.android.server.appop.AppOpsService.verifyAndGetBypass(AppOpsService.java:4773)
05-19 12:41:09.820  1245  1321 E AppOps  : 	at com.android.server.appop.AppOpsService.verifyAndGetBypass(AppOpsService.java:4621)
05-19 12:41:09.820  1245  1321 E AppOps  : 	at com.android.server.appop.AppOpsService.verifyAndGetBypass(AppOpsService.java:4613)
05-19 12:41:09.820  1245  1321 E AppOps  : 	at com.android.server.appop.AppOpsService.checkOperationUnchecked(AppOpsService.java:3267)
05-19 12:41:09.820  1245  1321 E AppOps  : 	at com.android.server.appop.AppOpsService.checkOperationImpl(AppOpsService.java:3250)
05-19 12:41:09.820  1245  1321 E AppOps  : 	at com.android.server.appop.AppOpsService.-$$Nest$mcheckOperationImpl(Unknown Source:0)
05-19 12:41:09.820  1245  1321 E AppOps  : 	at com.android.server.appop.AppOpsService$CheckOpsDelegateDispatcher.lambda$checkOperation$0(AppOpsService.java:7709)
05-19 12:41:09.820  1245  1321 E AppOps  : 	at com.android.server.appop.AppOpsService$CheckOpsDelegateDispatcher.$r8$lambda$KrwrxMLmGzFSEjEyo0aJ63o5J9E(Unknown Source:0)
