05-15 15:50:09.401  1248  1248 W PackageManager: Failed to scan /product/app/SoundPickerPrebuilt: Package com.google.android.soundpicker at /product/app/SoundPickerPrebuilt ignored: updated version 31000232 better than this 30000182
05-15 15:50:09.404  1248  1248 W PackageManager: Failed to scan /product/app/LatinIMEGooglePrebuilt: Package com.google.android.inputmethod.latin at /product/app/LatinIMEGooglePrebuilt ignored: updated version 165480334 better than this 99078518
05-15 15:50:09.415  1248  1315 D CompatibilityChangeReporter: Compat change id reported: 132742131; UID -1; state: ENABLED
05-15 15:50:09.426  1248  1248 W PackageManager: Failed to parse /system/system_ext/priv-app/TurboAdapter: Targeting R+ (version 30 and above) requires the resources.arsc of installed APKs to be stored uncompressed and aligned on a 4-byte boundary
05-15 15:50:09.474  1248  1248 I ApexManager: Registering com.android.providers.media.module as apk-in-apex of com.android.mediaprovider
05-15 15:50:09.478  1248  1248 I ApexManager: Registering com.android.wifi.resources as apk-in-apex of com.android.wifi
05-15 15:50:09.483  1248  1248 I ApexManager: Registering com.android.wifi.dialog as apk-in-apex of com.android.wifi
05-15 15:50:09.485  1248  1248 I ApexManager: Registering com.android.hotspot2.osulogin as apk-in-apex of com.android.wifi
05-15 15:50:09.489  1248  1248 I ApexManager: Registering com.android.safetycenter.resources as apk-in-apex of com.android.permission
05-15 15:50:09.491  1248  1248 I ApexManager: Registering com.android.permissioncontroller as apk-in-apex of com.android.permission
05-15 15:50:09.496  1248  1248 I ApexManager: Registering com.android.connectivity.resources as apk-in-apex of com.android.tethering
05-15 15:50:09.498  1248  1248 I ApexManager: Registering com.android.networkstack.tethering as apk-in-apex of com.android.tethering
05-15 15:50:09.503  1248  1248 I ApexManager: Registering com.android.nearby.halfsheet as apk-in-apex of com.android.tethering
05-15 15:50:09.507  1248  1248 I ApexManager: Registering com.android.ondevicepersonalization.services as apk-in-apex of com.android.ondevicepersonalization
05-15 15:50:09.510  1248  1248 I ApexManager: Registering com.android.uwb.resources as apk-in-apex of com.android.uwb
05-15 15:50:09.515  1248  1248 I ApexManager: Registering android.ext.services as apk-in-apex of com.android.extservices
05-15 15:50:09.520  1248  1248 I ApexManager: Registering com.android.bluetooth as apk-in-apex of com.android.btservices
05-15 15:50:09.531  1248  1248 I ApexManager: Registering com.android.cellbroadcastreceiver.module as apk-in-apex of com.android.cellbroadcast
05-15 15:50:09.533  1248  1248 I ApexManager: Registering com.android.cellbroadcastservice as apk-in-apex of com.android.cellbroadcast
05-15 15:50:09.537  1248  1248 I ApexManager: Registering com.android.adservices.api as apk-in-apex of com.android.adservices
05-15 15:50:09.540  1248  1248 I ApexManager: Registering com.android.sdksandbox as apk-in-apex of com.android.adservices
05-15 15:50:09.543  1248  1248 I ApexManager: Registering com.android.cts.priv.ctsshim as apk-in-apex of com.android.apex.cts.shim
05-15 15:50:09.545  1248  1248 I ApexManager: Registering com.android.cts.ctsshim as apk-in-apex of com.android.apex.cts.shim
05-15 15:50:09.589  1248  1248 I PackageManager: Finished scanning system apps. Time: 839 ms, packageCount: 524 , timePerPackage: 1 , cached: 585
05-15 15:50:09.623  1248  1248 W PackageManager: Relax SCAN_REQUIRE_KNOWN requirement for package com.google.android.calculator
05-15 15:50:09.632  1248  1248 D CompatibilityChangeReporter: Compat change id reported: 133396946; UID -1; state: ENABLED
05-15 15:50:09.640  1248  1248 W PackageManager: Relax SCAN_REQUIRE_KNOWN requirement for package com.google.android.as
05-15 15:50:09.651  1248  1315 W PackageParsing: Ignoring duplicate uses-permissions/uses-permissions-sdk-m: android.permission.POST_NOTIFICATIONS in package: xyz.penpencil.physicswala at: Binary XML file line #34
05-15 15:50:09.652  1248  1248 W PackageManager: Relax SCAN_REQUIRE_KNOWN requirement for package com.google.android.partnersetup
05-15 15:50:09.657  1248  1315 W PackageParsing: No actions in intent-filter at /data/app/~~TPCdFWSRprdsnqQ5or9kUw==/xyz.penpencil.physicswala-IkEEXdoA5apvoBi7uvbTsg==/base.apk Binary XML file line #614
05-15 15:50:09.660  1248  1248 W PackageManager: Relax SCAN_REQUIRE_KNOWN requirement for package com.google.android.accessibility.soundamplifier
05-15 15:50:09.662  1248  1248 W PackageManager: Relax SCAN_REQUIRE_KNOWN requirement for package com.google.android.tts
05-15 15:50:09.669  1248  1248 W PackageManager: Relax SCAN_REQUIRE_KNOWN requirement for package com.google.ar.core
05-15 15:50:09.672  1248  1248 W PackageManager: Relax SCAN_REQUIRE_KNOWN requirement for package com.google.android.settings.intelligence
05-15 15:50:09.672  1248  1315 W PackageParsing: Unknown element under <manifest>: uses-sdk at /data/app/~~TPCdFWSRprdsnqQ5or9kUw==/xyz.penpencil.physicswala-IkEEXdoA5apvoBi7uvbTsg==/base.apk Binary XML file line #9
05-15 15:50:09.672  1248  1315 W PackageParsing: Unknown element under <manifest>: module at /data/app/~~TPCdFWSRprdsnqQ5or9kUw==/xyz.penpencil.physicswala-IkEEXdoA5apvoBi7uvbTsg==/base.apk Binary XML file line #13
05-15 15:50:09.673  1248  1248 W PackageManager: Skipping provider name com.google.android.settings.intelligence (in package com.google.android.settings.intelligence): name already used by com.google.android.settings.intelligence
05-15 15:50:09.674  1248  1248 W PackageManager: Relax SCAN_REQUIRE_KNOWN requirement for package com.google.android.calendar
05-15 15:50:09.678  1248  1248 W PackageManager: Relax SCAN_REQUIRE_KNOWN requirement for package com.google.android.apps.wellbeing
05-15 15:50:09.683  1248  1248 W PackageManager: Relax SCAN_REQUIRE_KNOWN requirement for package com.google.android.soundpicker
05-15 15:50:09.695  1248  1248 W PackageManager: Relax SCAN_REQUIRE_KNOWN requirement for package com.google.android.apps.recorder
05-15 15:50:09.698  1248  1248 W PackageManager: Relax SCAN_REQUIRE_KNOWN requirement for package com.android.vending
05-15 15:50:09.704  1248  1248 W PackageManager: Relax SCAN_REQUIRE_KNOWN requirement for package com.google.android.trichromelibrary_541412333
05-15 15:50:09.709  1248  1248 W PackageManager: Relax SCAN_REQUIRE_KNOWN requirement for package com.google.android.webview
05-15 15:50:09.711  1248  1248 W PackageManager: Relax SCAN_REQUIRE_KNOWN requirement for package com.google.android.deskclock
05-15 15:50:09.714  1248  1248 W PackageManager: Relax SCAN_REQUIRE_KNOWN requirement for package com.google.android.inputmethod.latin
05-15 15:50:09.716  1248  1248 W PackageManager: Relax SCAN_REQUIRE_KNOWN requirement for package com.android.chrome
05-15 15:50:09.729  1248  1248 W PackageManager: Relax SCAN_REQUIRE_KNOWN requirement for package com.google.android.marvin.talkback
05-15 15:50:09.732  1248  1248 W PackageManager: Relax SCAN_REQUIRE_KNOWN requirement for package com.google.audio.hearing.visualization.accessibility.scribe
05-15 15:50:09.757  1248  1248 W PackageManager: Relax SCAN_REQUIRE_KNOWN requirement for package com.google.android.apps.photos
05-15 15:50:09.768  1248  1248 W PackageManager: Relax SCAN_REQUIRE_KNOWN requirement for package com.google.android.contacts
05-15 15:50:09.774  1248  1248 W PackageManager: Relax SCAN_REQUIRE_KNOWN requirement for package com.google.android.apps.turbo
05-15 15:50:09.777  1248  1248 W PackageManager: Relax SCAN_REQUIRE_KNOWN requirement for package com.google.android.googlequicksearchbox
05-15 15:50:09.786  1248  1248 W PackageManager: Relax SCAN_REQUIRE_KNOWN requirement for package com.google.android.apps.nbu.files
05-15 15:50:09.793  1248  1248 W PackageManager: Relax SCAN_REQUIRE_KNOWN requirement for package com.google.android.apps.messaging
05-15 15:50:09.796  1248  1248 W PackageManager: Skipping provider name com.google.android.apps.messaging.photopicker_images (in package com.google.android.apps.messaging): name already used by com.google.android.apps.messaging
05-15 15:50:09.806  1248  1248 W PackageManager: Relax SCAN_REQUIRE_KNOWN requirement for package com.google.android.apps.safetyhub
05-15 15:50:09.810  1248  1248 W PackageManager: Relax SCAN_REQUIRE_KNOWN requirement for package com.google.android.gms
05-15 15:50:09.834  1248  1248 W PackageManager: Relax SCAN_REQUIRE_KNOWN requirement for package com.google.android.apps.restore
05-15 15:50:09.840  1248  1248 W PackageManager: Relax SCAN_REQUIRE_KNOWN requirement for package com.google.android.dialer
05-15 15:50:09.857  1248  1248 W PackageManager: Relax SCAN_REQUIRE_KNOWN requirement for package com.google.android.projection.gearhead
05-15 15:50:09.861  1248  1248 W PackageManager: Relax SCAN_REQUIRE_KNOWN requirement for package com.google.android.as.oss
05-15 15:50:09.863  1248  1248 I PackageManager: Finished scanning non-system apps. Time: 274 ms, packageCount: 59 , timePerPackage: 4 , cached: 58
05-15 15:50:09.864  1248  1248 W PackageManager: There should probably be exactly one storage manager; found 2: matches=[ResolveInfo{4387120 com.google.android.apps.nbu.files/.home.HomeActivity p=100 m=0x108000}, ResolveInfo{d401ad9 com.google.android.storagemanager/com.android.storagemanager.deletionhelper.DeletionHelperActivity m=0x108000}]
05-15 15:50:09.873  1248  1248 I PackageManager: Time to scan packages: 1.123 seconds
05-15 15:50:09.873  1248  1248 I PackageManager: Permission ownership changed. Updating all permissions.
05-15 15:50:09.900  1248  1248 W PackageManager: Package android.ext.services is an APK in APEX, but has permission allowlist on the system image. Please bundle the allowlist in the com.android.extservices APEX instead.
05-15 15:50:09.900  1248  1248 W PackageManager: Package android.ext.services is an APK in APEX, but has permission allowlist on the system image. Please bundle the allowlist in the com.android.extservices APEX instead.
05-15 15:50:09.900  1248  1248 W PackageManager: Package android.ext.services is an APK in APEX, but has permission allowlist on the system image. Please bundle the allowlist in the com.android.extservices APEX instead.
05-15 15:50:09.900  1248  1248 W PackageManager: Package android.ext.services is an APK in APEX, but has permission allowlist on the system image. Please bundle the allowlist in the com.android.extservices APEX instead.
05-15 15:50:09.914  1248  1248 W PackageManager: Package com.android.providers.media.module is an APK in APEX, but has permission allowlist on the system image. Please bundle the allowlist in the com.android.mediaprovider APEX instead.
05-15 15:50:09.914  1248  1248 W PackageManager: Package com.android.providers.media.module is an APK in APEX, but has permission allowlist on the system image. Please bundle the allowlist in the com.android.mediaprovider APEX instead.
05-15 15:50:09.914  1248  1248 W PackageManager: Package com.android.providers.media.module is an APK in APEX, but has permission allowlist on the system image. Please bundle the allowlist in the com.android.mediaprovider APEX instead.
05-15 15:50:09.914  1248  1248 W PackageManager: Package com.android.providers.media.module is an APK in APEX, but has permission allowlist on the system image. Please bundle the allowlist in the com.android.mediaprovider APEX instead.
05-15 15:50:09.914  1248  1248 W PackageManager: Package com.android.providers.media.module is an APK in APEX, but has permission allowlist on the system image. Please bundle the allowlist in the com.android.mediaprovider APEX instead.
05-15 15:50:09.914  1248  1248 W PackageManager: Package com.android.providers.media.module is an APK in APEX, but has permission allowlist on the system image. Please bundle the allowlist in the com.android.mediaprovider APEX instead.
05-15 15:50:09.914  1248  1248 W PackageManager: Package com.android.providers.media.module is an APK in APEX, but has permission allowlist on the system image. Please bundle the allowlist in the com.android.mediaprovider APEX instead.
05-15 15:50:09.914  1248  1248 W PackageManager: Package com.android.providers.media.module is an APK in APEX, but has permission allowlist on the system image. Please bundle the allowlist in the com.android.mediaprovider APEX instead.
05-15 15:50:09.914  1248  1248 W PackageManager: Package com.android.providers.media.module is an APK in APEX, but has permission allowlist on the system image. Please bundle the allowlist in the com.android.mediaprovider APEX instead.
05-15 15:50:09.914  1248  1248 W PackageManager: Package com.android.providers.media.module is an APK in APEX, but has permission allowlist on the system image. Please bundle the allowlist in the com.android.mediaprovider APEX instead.
05-15 15:50:09.914  1248  1248 W PackageManager: Package com.android.providers.media.module is an APK in APEX, but has permission allowlist on the system image. Please bundle the allowlist in the com.android.mediaprovider APEX instead.
05-15 15:50:09.914  1248  1248 W PackageManager: Package com.android.providers.media.module is an APK in APEX, but has permission allowlist on the system image. Please bundle the allowlist in the com.android.mediaprovider APEX instead.
05-15 15:50:09.914  1248  1248 W PackageManager: Package com.android.providers.media.module is an APK in APEX, but has permission allowlist on the system image. Please bundle the allowlist in the com.android.mediaprovider APEX instead.
05-15 15:50:09.920  1248  1248 V PackageManager: Changing enabled state of com.google.android.gms/com.google.android.gms.nearby.messages.service.NearbyMessagesService to false
05-15 15:50:09.920  1248  1248 V PackageManager: Changing enabled state of com.google.android.gms/com.google.android.gms.nearby.discovery.service.DiscoveryService to false
05-15 15:50:09.921  1248  1248 V PackageManager: Changing enabled state of com.android.vending/com.google.android.finsky.systemupdate.SystemUpdateSettingsContentProvider to false
05-15 15:50:09.921  1248  1248 W PackageManager: Unable to change enabled state of com.android.vending/com.google.android.finsky.systemupdate.SystemUpdateSettingsContentProvider to false
05-15 15:50:09.921  1248  1248 V PackageManager: Changing enabled state of com.android.vending/com.google.android.finsky.systemupdateactivity.SettingsSecurityEntryPoint to false
05-15 15:50:09.921  1248  1248 W PackageManager: Unable to change enabled state of com.android.vending/com.google.android.finsky.systemupdateactivity.SettingsSecurityEntryPoint to false
05-15 15:50:09.921  1248  1248 V PackageManager: Changing enabled state of com.android.vending/com.google.android.finsky.systemupdateactivity.SystemUpdateActivity to false
05-15 15:50:09.921  1248  1248 V PackageManager: Changing enabled state of com.google.android.gms/com.google.android.gms.update.OtaSuggestionActivity to false
05-15 15:50:09.921  1248  1248 V PackageManager: Changing enabled state of com.google.android.gms/com.google.android.gms.update.OtaSuggestionSummaryProvider to false
05-15 15:50:09.921  1248  1248 V PackageManager: Changing enabled state of com.google.android.gms/com.google.android.gms.update.SystemUpdateActivity to false
05-15 15:50:09.921  1248  1248 V PackageManager: Changing enabled state of com.google.android.gms/com.google.android.gms.chimera.GmsIntentOperationService$GmsExternalReceiver to false
05-15 15:50:09.921  1248  1248 V PackageManager: Changing enabled state of com.google.android.gms/com.google.android.gms.update.control.NotificationControl to false
05-15 15:50:09.921  1248  1248 W PackageManager: Unable to change enabled state of com.google.android.gms/com.google.android.gms.update.control.NotificationControl to false
05-15 15:50:09.921  1248  1248 V PackageManager: Changing enabled state of com.google.android.gms/com.google.android.gms.update.phone.PopupDialog to false
05-15 15:50:09.921  1248  1248 V PackageManager: Changing enabled state of com.google.android.gms/com.google.android.gms.update.SystemUpdateGcmTaskService to false
05-15 15:50:09.921  1248  1248 V PackageManager: Changing enabled state of com.google.android.gms/com.google.android.gms.update.SystemUpdatePersistentListenerService to false
05-15 15:50:09.922  1248  1248 V PackageManager: Changing enabled state of com.google.android.gms/com.google.android.gms.update.SystemUpdateService to false
05-15 15:50:09.922  1248  1248 V PackageManager: Changing enabled state of com.google.android.gms/com.google.android.gms.update.SystemUpdateService.ActiveReceiver to false
05-15 15:50:09.922  1248  1248 W PackageManager: Unable to change enabled state of com.google.android.gms/com.google.android.gms.update.SystemUpdateService.ActiveReceiver to false
05-15 15:50:09.922  1248  1248 V PackageManager: Changing enabled state of com.google.android.gms/com.google.android.gms.update.SystemUpdateService.Receiver to false
05-15 15:50:09.922  1248  1248 W PackageManager: Unable to change enabled state of com.google.android.gms/com.google.android.gms.update.SystemUpdateService.Receiver to false
05-15 15:50:09.922  1248  1248 V PackageManager: Changing enabled state of com.google.android.gms/com.google.android.gms.update.SystemUpdateService.SecretCodeReceiver to false
05-15 15:50:09.922  1248  1248 W PackageManager: Unable to change enabled state of com.google.android.gms/com.google.android.gms.update.SystemUpdateService.SecretCodeReceiver to false
05-15 15:50:09.922  1248  1248 V PackageManager: Changing enabled state of com.google.android.as/com.google.intelligence.sense.ambientmusic.AmbientMusicSettingsActivity to false
05-15 15:50:09.922  1248  1248 V PackageManager: Changing enabled state of com.google.android.as/com.google.intelligence.sense.ambientmusic.history.HistoryActivity to false
05-15 15:50:09.922  1248  1248 V PackageManager: Changing enabled state of com.google.android.as/com.google.intelligence.sense.ambientmusic.AmbientMusicSetupWizardActivity to false
05-15 15:50:09.922  1248  1248 V PackageManager: Changing enabled state of com.google.android.as/com.google.intelligence.sense.ambientmusic.AmbientMusicNotificationsSettingsActivity to false
05-15 15:50:09.922  1248  1248 V PackageManager: Changing enabled state of com.google.android.as/com.google.intelligence.sense.ambientmusic.history.AddShortcutActivity to false
05-15 15:50:09.922  1248  1248 V PackageManager: Changing enabled state of com.google.android.as/com.google.intelligence.sense.ambientmusic.history.HistoryContentProvider to false
05-15 15:50:09.922  1248  1248 V PackageManager: Changing enabled state of com.google.android.setupwizard/com.google.android.setupwizard.update.OtaUpdateActivity to false
05-15 15:50:09.922  1248  1248 V PackageManager: reconcileAppsData for null u0 0x1 migrateAppData=true
05-15 15:50:09.974  1248  1248 V PackageManager: reconcileAppsData finished 26 packages
05-15 15:50:09.974  1248  1248 D PackageManagerTiming: write settings
05-15 15:50:09.974  1248  1318 D SystemServerTimingAsync: InitThreadPoolExec:prepareAppData
05-15 15:50:10.093  1248  1248 D PackageManagerTiming: GC
05-15 15:50:10.093  1248  1248 I PackageManager: Fix for b/169414761 is applied
05-15 15:50:10.093  1248  1248 V UserSystemPackageInstaller: Checking that all system packages are whitelisted.
05-15 15:50:10.101  1248  1248 W UserSystemPackageInstaller: checkWhitelistedSystemPackages(mode=d) has 8 warnings:
05-15 15:50:10.101  1248  1248 W UserSystemPackageInstaller: com.android.wallpapercropper is allowlisted but not present.
05-15 15:50:10.101  1248  1248 W UserSystemPackageInstaller: com.android.internal.systemui.onehanded.gestural is allowlisted but not present.
05-15 15:50:10.101  1248  1248 W UserSystemPackageInstaller: com.android.theme.icon_pack.circular.themepicker is allowlisted but not present.
05-15 15:50:10.101  1248  1248 W UserSystemPackageInstaller: com.android.theme.icon_pack.kai.themepicker is allowlisted but not present.
05-15 15:50:10.101  1248  1248 W UserSystemPackageInstaller: com.android.theme.icon_pack.rounded.themepicker is allowlisted but not present.
05-15 15:50:10.101  1248  1248 W UserSystemPackageInstaller: com.android.theme.icon_pack.filled.themepicker is allowlisted but not present.
05-15 15:50:10.101  1248  1248 W UserSystemPackageInstaller: com.android.theme.icon_pack.victor.themepicker is allowlisted but not present.
05-15 15:50:10.101  1248  1248 W UserSystemPackageInstaller: com.android.theme.icon_pack.sam.themepicker is allowlisted but not present.
05-15 15:50:10.103  1248  1248 I Watchdog: Resuming HandlerChecker: main thread for reason: packagemanagermain. Pause count: 0
05-15 15:50:10.103  1248  1248 I SystemServerDexLoadReporter: Configuring system server dex reporter
05-15 15:50:10.109  1248  1248 D SystemServerTiming: StartOtaDexOptService
05-15 15:50:10.109  1248  1248 I Watchdog: Pausing HandlerChecker: main thread for reason: moveab. Pause count: 1
05-15 15:50:10.111  1248  1248 D OTADexopt: No upgrade, skipping A/B artifacts check.
05-15 15:50:10.111  1248  1248 I Watchdog: Resuming HandlerChecker: main thread for reason: moveab. Pause count: 0
05-15 15:50:10.111  1248  1248 D SystemServerTiming: StartUserManagerService
05-15 15:50:10.111  1248  1248 I SystemServiceManager: Starting com.android.server.pm.UserManagerService$LifeCycle
05-15 15:50:10.112  1248  1248 D SystemServerTiming: InitAttributerCache
05-15 15:50:10.112  1248  1248 D SystemServerTiming: SetSystemProcess
05-15 15:50:10.118  1248  1266 V HistoricalRegistry: Interaction before persistence initialized
05-15 15:50:10.123  1248  1287 I ActivityManager: Connection with lmkd established
05-15 15:50:10.125  1248  1248 D CompatibilityChangeReporter: Compat change id reported: 161145287; UID 1000; state: DISABLED
05-15 15:50:10.126  1248  1266 V HistoricalRegistry: Interaction before persistence initialized
05-15 15:50:10.126  1248  1248 D SystemServerTiming: InitWatchdog
05-15 15:50:10.127  1248  1248 D SystemServerTiming: StartOverlayManagerService
05-15 15:50:11.080  1248  1248 D SystemServerTiming: StartResourcesManagerService
05-15 15:50:11.081  1248  1248 D SystemServerTiming: StartSensorPrivacyService
05-15 15:50:11.084  1248  1275 W ActivityTaskManager: Skip updateConfiguration because mWindowManager isn't set
05-15 15:50:11.085  1248  1248 D SystemServerTiming: StartSensorService
05-15 15:50:11.085  1248  1248 I SystemServiceManager: Starting com.android.server.sensors.SensorService
05-15 15:50:11.086  1248  1248 D SystemServerTiming: startCoreServices
05-15 15:50:11.086  1248  1248 D SystemServerTiming: StartSystemConfigService
05-15 15:50:11.086  1248  1248 I SystemServiceManager: Starting com.android.server.SystemConfigService
05-15 15:50:11.086  1248  1322 D SystemServerTimingAsync: InitThreadPoolExec:StartNativeSensorService
05-15 15:50:11.086  1248  1322 D SystemServerTimingAsync: StartNativeSensorService
05-15 15:50:11.087  1248  1248 D SystemServerTiming: StartBatteryService
05-15 15:50:11.087  1248  1248 I SystemServiceManager: Starting com.android.server.BatteryService
05-15 15:50:11.102  1248  1322 V HistoricalRegistry: Interaction before persistence initialized
05-15 15:50:11.102  1248  1248 I HealthServiceWrapperHidl: health: HealthServiceWrapper listening to instance default
05-15 15:50:11.102  1248  1248 I BatteryService: health: Waited 0ms and received the update.
05-15 15:50:11.105  1248  1248 D SystemServerTiming: StartUsageService
05-15 15:50:11.105  1248  1248 I SystemServiceManager: Starting com.android.server.usage.UsageStatsService
05-15 15:50:11.110  1248  1248 D SystemServerTiming: StartWebViewUpdateService
05-15 15:50:11.110  1248  1248 I SystemServiceManager: Starting com.android.server.webkit.WebViewUpdateService
05-15 15:50:11.113  1248  1248 D SystemServerTiming: StartCachedDeviceStateService
05-15 15:50:11.113  1248  1248 I SystemServiceManager: Starting com.android.server.CachedDeviceStateService
05-15 15:50:11.113  1248  1248 D SystemServerTiming: StartBinderCallsStatsService
05-15 15:50:11.113  1248  1248 I SystemServiceManager: Starting com.android.server.BinderCallsStatsService$LifeCycle
05-15 15:50:11.115  1248  1248 D SystemServerTiming: StartLooperStatsService
05-15 15:50:11.115  1248  1248 I SystemServiceManager: Starting com.android.server.LooperStatsService$Lifecycle
05-15 15:50:11.116  1248  1248 D SystemServerTiming: StartRollbackManagerService
05-15 15:50:11.116  1248  1248 I SystemServiceManager: Starting com.android.server.rollback.RollbackManagerService
05-15 15:50:11.121  1248  1248 I PackageWatchdog: Syncing state, reason: added new observer
05-15 15:50:11.121  1248  1248 I PackageWatchdog: Not pruning observers, elapsed time: 0ms
05-15 15:50:11.125  1248  1248 D SystemServerTiming: StartNativeTombstoneManagerService
05-15 15:50:11.125  1248  1248 I SystemServiceManager: Starting com.android.server.os.NativeTombstoneManagerService
05-15 15:50:11.126  1248  1248 D SystemServerTiming: StartBugreportManagerService
05-15 15:50:11.126  1248  1248 I SystemServiceManager: Starting com.android.server.os.BugreportManagerService
05-15 15:50:11.128  1248  1248 D SystemServerTiming: GpuService
05-15 15:50:11.128  1248  1248 I SystemServiceManager: Starting com.android.server.gpu.GpuService
05-15 15:50:11.128  1248  1248 D SystemServerTiming: startOtherServices
05-15 15:50:11.128  1248  1248 D SystemServerTiming: StartKeyAttestationApplicationIdProviderService
05-15 15:50:11.128  1248  1334 D SystemServerTimingAsync: InitThreadPoolExec:SecondaryZygotePreload
05-15 15:50:11.128  1248  1334 I SystemServer: SecondaryZygotePreload
05-15 15:50:11.128  1248  1334 D SystemServerTimingAsync: SecondaryZygotePreload
05-15 15:50:11.129  1248  1248 D SystemServerTiming: StartKeyChainSystemService
05-15 15:50:11.130  1248  1248 I SystemServiceManager: Starting com.android.server.security.KeyChainSystemService
05-15 15:50:11.130  1248  1248 D SystemServerTiming: StartBinaryTransparencyService
05-15 15:50:11.130  1248  1248 I SystemServiceManager: Starting com.android.server.BinaryTransparencyService
05-15 15:50:11.131  1248  1248 I TransparencyService: Started BinaryTransparencyService
05-15 15:50:11.131  1248  1248 D SystemServerTiming: StartSchedulingPolicyService
05-15 15:50:11.132  1248  1335 D SystemServerTimingAsync: InitThreadPoolExec:SchedulingPolicyService.<init>
05-15 15:50:11.133  1248  1248 D SystemServerTiming: StartTelecomLoaderService
05-15 15:50:11.133  1248  1248 I SystemServiceManager: Starting com.android.server.telecom.TelecomLoaderService
05-15 15:50:11.133  1248  1248 D SystemServerTiming: StartTelephonyRegistry
05-15 15:50:11.135  1248  1248 D SystemServerTiming: StartEntropyMixer
05-15 15:50:11.136  1248  1248 I EntropyMixer: Loaded existing seed file
05-15 15:50:11.139  1248  1248 I EntropyMixer: Updated seed file
05-15 15:50:11.139  1248  1248 D SystemServerTiming: StartAccountManagerService
05-15 15:50:11.139  1248  1248 I SystemServiceManager: Starting com.android.server.accounts.AccountManagerService$Lifecycle
05-15 15:50:11.144  1248  1248 D SystemServerTiming: StartContentService
05-15 15:50:11.144  1248  1248 I SystemServiceManager: Starting com.android.server.content.ContentService$Lifecycle
05-15 15:50:11.145  1248  1284 I PackageWatchdog: Saving observer state to file
05-15 15:50:11.147  1248  1248 D SystemServerTiming: InstallSystemProviders
05-15 15:50:11.202  1248  1318 W PackageManager: Skipping preparing app data for com.android.sdksandbox
05-15 15:50:11.237  1248  1248 W ActivityManager: cgroup.freeze not present
05-15 15:50:11.237  1248  1285 D ActivityManager: Freezer disabled
05-15 15:50:11.244  1248  1248 D SystemServerTiming: UpdateWatchdogTimeout
05-15 15:50:11.244  1248  1248 I Watchdog: Watchdog timeout updated to 60000 millis
05-15 15:50:11.245  1248  1248 D SystemServerTiming: StartDropBoxManager
05-15 15:50:11.245  1248  1248 I SystemServiceManager: Starting com.android.server.DropBoxManagerService
05-15 15:50:11.246  1248  1248 D SystemServerTiming: StartRoleManagerService
05-15 15:50:11.247  1248  1248 I SystemServiceManager: Starting com.android.role.RoleService
05-15 15:50:11.252  1248  1248 D SystemServerTiming: StartVibratorManagerService
05-15 15:50:11.252  1248  1248 I SystemServiceManager: Starting com.android.server.vibrator.VibratorManagerService$Lifecycle
05-15 15:50:11.263  1248  1248 D SystemServerTiming: StartDynamicSystemService
05-15 15:50:11.264  1248  1248 D SystemServerTiming: StartConsumerIrService
05-15 15:50:11.269  1248  1248 D SystemServerTiming: StartResourceEconomy
05-15 15:50:11.270  1248  1248 I SystemServiceManager: Starting com.android.server.tare.InternalResourceService
05-15 15:50:11.274  1248  1248 D SystemServerTiming: StartAlarmManagerService
05-15 15:50:11.274  1248  1248 I SystemServiceManager: Starting com.android.server.alarm.AlarmManagerService
05-15 15:50:11.282  1248  1248 D SystemServerTiming: StartInputManagerService
05-15 15:50:11.292  1248  1248 I InputManager: Initializing input manager, mUseDevInputEventForAudioJack=true
05-15 15:50:11.293  1248  1248 D SystemServerTiming: DeviceStateManagerService
05-15 15:50:11.293  1248  1248 I SystemServiceManager: Starting com.android.server.devicestate.DeviceStateManagerService
05-15 15:50:11.299  1248  1248 D SystemServerTiming: StartCameraServiceProxy
05-15 15:50:11.299  1248  1248 I SystemServiceManager: Starting com.android.server.camera.CameraServiceProxy
05-15 15:50:11.302  1248  1248 D SystemServerTiming: StartWindowManagerService
05-15 15:50:11.302  1248  1248 I SystemServiceManager: Starting phase 200
05-15 15:50:11.302  1248  1248 D SystemServerTiming: OnBootPhase_200
05-15 15:50:11.302  1248  1248 D SystemServerTiming: OnBootPhase_200_com.android.server.security.FileIntegrityService
05-15 15:50:11.302  1248  1248 D SystemServerTiming: OnBootPhase_200_com.android.server.pm.Installer
05-15 15:50:11.302  1248  1248 D SystemServerTiming: OnBootPhase_200_com.android.server.os.DeviceIdentifiersPolicyService
05-15 15:50:11.302  1248  1248 D SystemServerTiming: OnBootPhase_200_com.android.server.uri.UriGrantsManagerService$Lifecycle
05-15 15:50:11.302  1248  1248 D SystemServerTiming: OnBootPhase_200_com.android.server.powerstats.PowerStatsService
05-15 15:50:11.302  1248  1248 D SystemServerTiming: OnBootPhase_200_com.android.server.wm.ActivityTaskManagerService$Lifecycle
05-15 15:50:11.303  1248  1248 D SystemServerTiming: OnBootPhase_200_com.android.server.am.ActivityManagerService$Lifecycle
05-15 15:50:11.303  1248  1248 D SystemServerTiming: OnBootPhase_200_com.android.server.pm.DataLoaderManagerService
05-15 15:50:11.303  1248  1248 D SystemServerTiming: OnBootPhase_200_com.android.server.power.PowerManagerService
05-15 15:50:11.303  1248  1248 D SystemServerTiming: OnBootPhase_200_com.android.server.power.ThermalManagerService
05-15 15:50:11.303  1248  1248 D SystemServerTiming: OnBootPhase_200_com.android.server.power.hint.HintManagerService
05-15 15:50:11.303  1248  1248 D SystemServerTiming: OnBootPhase_200_com.android.server.recoverysystem.RecoverySystemService$Lifecycle
05-15 15:50:11.303  1248  1248 D SystemServerTiming: OnBootPhase_200_com.android.server.lights.LightsService
05-15 15:50:11.303  1248  1248 D SystemServerTiming: OnBootPhase_200_com.android.server.display.DisplayManagerService
05-15 15:50:11.303  1248  1248 D SystemServerTiming: OnBootPhase_200_com.android.server.pm.verify.domain.DomainVerificationService
05-15 15:50:11.303  1248  1248 D SystemServerTiming: OnBootPhase_200_com.android.server.pm.PackageInstallerService$Lifecycle
05-15 15:50:11.303  1248  1248 D SystemServerTiming: OnBootPhase_200_com.android.server.pm.UserManagerService$LifeCycle
05-15 15:50:11.303  1248  1248 D SystemServerTiming: OnBootPhase_200_com.android.server.om.OverlayManagerService
05-15 15:50:11.303  1248  1248 D SystemServerTiming: OnBootPhase_200_com.android.server.resources.ResourcesManagerService
05-15 15:50:11.303  1248  1248 D SystemServerTiming: OnBootPhase_200_com.android.server.sensorprivacy.SensorPrivacyService
05-15 15:50:11.303  1248  1248 D SystemServerTiming: OnBootPhase_200_com.android.server.sensors.SensorService
05-15 15:50:11.303  1248  1248 D SystemServerTiming: OnBootPhase_200_com.android.server.SystemConfigService
05-15 15:50:11.303  1248  1248 D SystemServerTiming: OnBootPhase_200_com.android.server.BatteryService
05-15 15:50:11.303  1248  1248 D SystemServerTiming: OnBootPhase_200_com.android.server.usage.UsageStatsService
05-15 15:50:11.303  1248  1248 D SystemServerTiming: OnBootPhase_200_com.android.server.webkit.WebViewUpdateService
05-15 15:50:11.303  1248  1248 D SystemServerTiming: OnBootPhase_200_com.android.server.CachedDeviceStateService
05-15 15:50:11.303  1248  1248 D SystemServerTiming: OnBootPhase_200_com.android.server.BinderCallsStatsService$LifeCycle
05-15 15:50:11.304  1248  1248 D SystemServerTiming: OnBootPhase_200_com.android.server.LooperStatsService$Lifecycle
05-15 15:50:11.304  1248  1248 D SystemServerTiming: OnBootPhase_200_com.android.server.rollback.RollbackManagerService
05-15 15:50:11.304  1248  1248 D SystemServerTiming: OnBootPhase_200_com.android.server.os.NativeTombstoneManagerService
05-15 15:50:11.304  1248  1248 D SystemServerTiming: OnBootPhase_200_com.android.server.os.BugreportManagerService
05-15 15:50:11.304  1248  1248 D SystemServerTiming: OnBootPhase_200_com.android.server.gpu.GpuService
05-15 15:50:11.304  1248  1248 D SystemServerTiming: OnBootPhase_200_com.android.server.security.KeyChainSystemService
05-15 15:50:11.304  1248  1248 D SystemServerTiming: OnBootPhase_200_com.android.server.BinaryTransparencyService
05-15 15:50:11.304  1248  1248 D SystemServerTiming: OnBootPhase_200_com.android.server.telecom.TelecomLoaderService
05-15 15:50:11.304  1248  1248 D SystemServerTiming: OnBootPhase_200_com.android.server.accounts.AccountManagerService$Lifecycle
05-15 15:50:11.304  1248  1248 D SystemServerTiming: OnBootPhase_200_com.android.server.content.ContentService$Lifecycle
05-15 15:50:11.304  1248  1248 D SystemServerTiming: OnBootPhase_200_com.android.server.DropBoxManagerService
05-15 15:50:11.304  1248  1248 D SystemServerTiming: OnBootPhase_200_com.android.role.RoleService
05-15 15:50:11.304  1248  1248 D SystemServerTiming: OnBootPhase_200_com.android.server.vibrator.VibratorManagerService$Lifecycle
05-15 15:50:11.304  1248  1248 D SystemServerTiming: OnBootPhase_200_com.android.server.tare.InternalResourceService
05-15 15:50:11.304  1248  1248 D SystemServerTiming: OnBootPhase_200_com.android.server.alarm.AlarmManagerService
05-15 15:50:11.304  1248  1248 D SystemServerTiming: OnBootPhase_200_com.android.server.devicestate.DeviceStateManagerService
05-15 15:50:11.304  1248  1248 D SystemServerTiming: OnBootPhase_200_com.android.server.camera.CameraServiceProxy
05-15 15:50:11.306  1248  1248 I WindowManager: No existing display settings, starting empty
05-15 15:50:11.332  1248  1248 D SystemServerTiming: SetWindowManagerService
05-15 15:50:11.375  1248  1248 I ActivityTaskManager: Loaded persisted task ids for user 0
05-15 15:50:11.380  1248  1248 D SystemServerTiming: WindowManagerServiceOnInitReady
05-15 15:50:11.652   443   464 I keystore2: keystore2::watchdog: Watchdog thread idle -> terminating. Have a great day.
05-15 15:50:11.866  1248  1318 I PackageManager: Deferred reconcileAppsData finished 557 packages
05-15 15:50:11.882  1248  1276 W Looper  : Slow dispatch took 500ms android.ui h=android.os.Handler c=android.os.Handler$BlockingRunnable@9a75587 m=0
05-15 15:50:11.882  1248  1276 W Looper  : Slow delivery took 491ms android.ui h=com.android.server.policy.PhoneWindowManager$PolicyHandler c=android.hardware.camera2.CameraManager$CameraManagerGlobal$$ExternalSyntheticLambda2@5b8bcb4 m=0
05-15 15:50:11.882  1248  1276 W Looper  : Drained
05-15 15:50:11.883  1248  1248 D SystemServerTiming: StartInputManager
05-15 15:50:11.883  1248  1248 I InputManager: Starting input manager
05-15 15:50:11.883  1248  1350 D SystemServerTimingAsync: InitThreadPoolExec:StartHidlServices
05-15 15:50:11.883  1248  1350 D SystemServerTimingAsync: StartHidlServices
05-15 15:50:11.889  1248  1248 D SystemServerTiming: DisplayManagerWindowManagerAndInputReady
05-15 15:50:11.889  1248  1248 D SystemServerTiming: StartBluetoothService
05-15 15:50:11.896  1248  1248 I SystemServiceManager: Starting com.android.server.bluetooth.BluetoothService
05-15 15:50:11.906  1248  1248 D SystemServerTiming: IpConnectivityMetrics
05-15 15:50:11.906  1248  1248 I SystemServiceManager: Starting com.android.server.connectivity.IpConnectivityMetrics
05-15 15:50:11.907  1248  1248 D SystemServerTiming: NetworkWatchlistService
05-15 15:50:11.907  1248  1248 I SystemServiceManager: Starting com.android.server.net.watchlist.NetworkWatchlistService$Lifecycle
05-15 15:50:11.911  1248  1248 I WatchlistSettings: Reload watchlist settings done
05-15 15:50:11.913  1248  1354 I WatchlistLoggingHandler: No need to aggregate record yet.
05-15 15:50:11.913  1248  1354 I WatchlistLoggingHandler: Milliseconds spent on tryAggregateRecords(): 0
05-15 15:50:11.914  1248  1248 D SystemServerTiming: PinnerService
05-15 15:50:11.914  1248  1248 I SystemServiceManager: Starting com.android.server.PinnerService
05-15 15:50:11.915  1248  1248 V HistoricalRegistry: Interaction before persistence initialized
05-15 15:50:11.918  1248  1248 D SystemServerTiming: SignedConfigService
05-15 15:50:11.918  1248  1284 D PinnerService: pinRangeStream: null
05-15 15:50:11.918  1248  1248 D SystemServerTiming: AppIntegrityService
05-15 15:50:11.918  1248  1248 I SystemServiceManager: Starting com.android.server.integrity.AppIntegrityManagerService
05-15 15:50:11.921  1248  1284 D PinnerService: pinRangeStream: null
05-15 15:50:11.921  1248  1248 E IntegrityFileManager: Error creating staging and rules directory
05-15 15:50:11.926  1248  1248 D SystemServerTiming: StartLogcatManager
05-15 15:50:11.926  1248  1248 I SystemServiceManager: Starting com.android.server.logcat.LogcatManagerService
05-15 15:50:11.929  1248  1248 D SystemServerTiming: LineageGlobalActionsService
05-15 15:50:11.929  1248  1284 D PinnerService: pinRangeStream: null
05-15 15:50:11.929  1248  1248 I SystemServiceManager: Starting com.android.server.derp.LineageGlobalActionsService
05-15 15:50:11.930  1248  1284 D PinnerService: pinRangeStream: null
05-15 15:50:11.931  1248  1284 D PinnerService: pinRangeStream: null
05-15 15:50:11.934  1248  1248 I WindowManager: SAFE MODE not enabled
05-15 15:50:11.934  1248  1248 D SystemServerTiming: StartInputMethodManagerLifecycle
05-15 15:50:11.934  1248  1248 I SystemServiceManager: Starting com.android.server.inputmethod.InputMethodManagerService$Lifecycle
05-15 15:50:11.943  1248  1284 D PinnerService: pinRangeStream: null
05-15 15:50:11.948  1248  1248 D SystemServerTiming: StartAccessibilityManagerService
05-15 15:50:11.948  1248  1248 I SystemServiceManager: Starting com.android.server.accessibility.AccessibilityManagerService$Lifecycle
05-15 15:50:11.951  1248  1284 D PinnerService: pinRangeStream: null
05-15 15:50:11.952  1248  1284 D PinnerService: pinRangeStream: null
05-15 15:50:11.954  1248  1248 D SystemServerTiming: MakeDisplayReady
05-15 15:50:11.957  1248  1284 D PinnerService: pinRangeStream: null
05-15 15:50:11.958  1248  1248 I ActivityTaskManager: Config changes=20005df8 {1.0 ?mcc?mnc [en_IN] ldltr sw400dp w400dp h852dp 432dpi nrml long port ?uimode ?night -touch -keyb/h/h -nav/h winConfig={ mBounds=Rect(0, 0 - 1080, 2400) mAppBounds=Rect(0, 100 - 1080, 2400) mMaxBounds=Rect(0, 0 - 1080, 2400) mDisplayRotation=ROTATION_0 mWindowingMode=fullscreen mDisplayWindowingMode=fullscreen mActivityType=undefined mAlwaysOnTop=undefined mRotation=ROTATION_0} s.2 ?fontWeightAdjustment}
05-15 15:50:11.958  1248  1284 D PinnerService: pinRangeStream: null
05-15 15:50:11.959  1248  1284 D PinnerService: pinRangeStream: null
05-15 15:50:11.960  1248  1284 D PinnerService: pinRangeStream: null
05-15 15:50:11.962  1248  1284 D PinnerService: pinRangeStream: null
05-15 15:50:11.962  1248  1284 D PinnerService: pinRangeStream: null
05-15 15:50:11.963  1248  1284 D PinnerService: pinRangeStream: null
05-15 15:50:11.963  1248  1248 I WindowManager: Override config changes=60007dfc {1.0 ?mcc?mnc [en_IN] ldltr sw400dp w400dp h852dp 432dpi nrml long port ?uimode ?night -touch -keyb/h/h -nav/h winConfig={ mBounds=Rect(0, 0 - 1080, 2400) mAppBounds=Rect(0, 100 - 1080, 2400) mMaxBounds=Rect(0, 0 - 1080, 2400) mDisplayRotation=ROTATION_0 mWindowingMode=fullscreen mDisplayWindowingMode=fullscreen mActivityType=undefined mAlwaysOnTop=undefined mRotation=ROTATION_0} s.2 ?fontWeightAdjustment} for displayId=0
05-15 15:50:11.964  1248  1284 E PinnerService: Could not pin file /system_ext/priv-app/SystemUI/SystemUI.apk
05-15 15:50:11.964  1248  1284 E PinnerService: android.system.ErrnoException: open failed: ENOENT (No such file or directory)
05-15 15:50:11.964  1248  1284 E PinnerService: 	at libcore.io.Linux.open(Native Method)
05-15 15:50:11.964  1248  1284 E PinnerService: 	at libcore.io.ForwardingOs.open(ForwardingOs.java:563)
05-15 15:50:11.964  1248  1284 E PinnerService: 	at libcore.io.BlockGuardOs.open(BlockGuardOs.java:274)
05-15 15:50:11.964  1248  1284 E PinnerService: 	at android.system.Os.open(Os.java:494)
05-15 15:50:11.964  1248  1284 E PinnerService: 	at com.android.server.PinnerService.pinFileRanges(PinnerService.java:975)
05-15 15:50:11.964  1248  1284 E PinnerService: 	at com.android.server.PinnerService.pinFile(PinnerService.java:850)
05-15 15:50:11.964  1248  1284 E PinnerService: 	at com.android.server.PinnerService.handlePinOnStart(PinnerService.java:305)
05-15 15:50:11.964  1248  1284 E PinnerService: 	at com.android.server.PinnerService.-$$Nest$mhandlePinOnStart(Unknown Source:0)
05-15 15:50:11.964  1248  1284 E PinnerService: 	at com.android.server.PinnerService$PinnerHandler.handleMessage(PinnerService.java:1219)
05-15 15:50:11.964  1248  1284 E PinnerService: 	at android.os.Handler.dispatchMessage(Handler.java:106)
05-15 15:50:11.964  1248  1284 E PinnerService: 	at android.os.Looper.loopOnce(Looper.java:201)
05-15 15:50:11.964  1248  1284 E PinnerService: 	at android.os.Looper.loop(Looper.java:288)
05-15 15:50:11.964  1248  1284 E PinnerService: 	at android.os.HandlerThread.run(HandlerThread.java:67)
05-15 15:50:11.964  1248  1284 E PinnerService: Failed to pin file = /system_ext/priv-app/SystemUI/SystemUI.apk
05-15 15:50:11.964  1248  1284 D PinnerService: pinRangeStream: null
05-15 15:50:11.964  1248  1284 E PinnerService: Could not pin file /system_ext/priv-app/SystemUI/oat/arm64/SystemUI.odex
05-15 15:50:11.964  1248  1284 E PinnerService: android.system.ErrnoException: open failed: ENOENT (No such file or directory)
05-15 15:50:11.964  1248  1284 E PinnerService: 	at libcore.io.Linux.open(Native Method)
05-15 15:50:11.964  1248  1284 E PinnerService: 	at libcore.io.ForwardingOs.open(ForwardingOs.java:563)
05-15 15:50:11.964  1248  1284 E PinnerService: 	at libcore.io.BlockGuardOs.open(BlockGuardOs.java:274)
05-15 15:50:11.964  1248  1284 E PinnerService: 	at android.system.Os.open(Os.java:494)
05-15 15:50:11.964  1248  1284 E PinnerService: 	at com.android.server.PinnerService.pinFileRanges(PinnerService.java:975)
05-15 15:50:11.964  1248  1284 E PinnerService: 	at com.android.server.PinnerService.pinFile(PinnerService.java:850)
05-15 15:50:11.964  1248  1284 E PinnerService: 	at com.android.server.PinnerService.handlePinOnStart(PinnerService.java:305)
05-15 15:50:11.964  1248  1284 E PinnerService: 	at com.android.server.PinnerService.-$$Nest$mhandlePinOnStart(Unknown Source:0)
05-15 15:50:11.964  1248  1284 E PinnerService: 	at com.android.server.PinnerService$PinnerHandler.handleMessage(PinnerService.java:1219)
05-15 15:50:11.964  1248  1284 E PinnerService: 	at android.os.Handler.dispatchMessage(Handler.java:106)
05-15 15:50:11.964  1248  1284 E PinnerService: 	at android.os.Looper.loopOnce(Looper.java:201)
05-15 15:50:11.964  1248  1284 E PinnerService: 	at android.os.Looper.loop(Looper.java:288)
05-15 15:50:11.964  1248  1284 E PinnerService: 	at android.os.HandlerThread.run(HandlerThread.java:67)
05-15 15:50:11.964  1248  1284 E PinnerService: Failed to pin file = /system_ext/priv-app/SystemUI/oat/arm64/SystemUI.odex
05-15 15:50:11.964  1248  1284 D PinnerService: pinRangeStream: null
05-15 15:50:11.965  1248  1284 E PinnerService: Could not pin file /system/lib64/libsurfaceflinger.so
05-15 15:50:11.965  1248  1284 E PinnerService: android.system.ErrnoException: open failed: ENOENT (No such file or directory)
05-15 15:50:11.965  1248  1284 E PinnerService: 	at libcore.io.Linux.open(Native Method)
05-15 15:50:11.965  1248  1284 E PinnerService: 	at libcore.io.ForwardingOs.open(ForwardingOs.java:563)
05-15 15:50:11.965  1248  1284 E PinnerService: 	at libcore.io.BlockGuardOs.open(BlockGuardOs.java:274)
05-15 15:50:11.965  1248  1284 E PinnerService: 	at android.system.Os.open(Os.java:494)
05-15 15:50:11.965  1248  1284 E PinnerService: 	at com.android.server.PinnerService.pinFileRanges(PinnerService.java:975)
05-15 15:50:11.965  1248  1284 E PinnerService: 	at com.android.server.PinnerService.pinFile(PinnerService.java:850)
05-15 15:50:11.965  1248  1284 E PinnerService: 	at com.android.server.PinnerService.handlePinOnStart(PinnerService.java:305)
05-15 15:50:11.965  1248  1284 E PinnerService: 	at com.android.server.PinnerService.-$$Nest$mhandlePinOnStart(Unknown Source:0)
05-15 15:50:11.965  1248  1284 E PinnerService: 	at com.android.server.PinnerService$PinnerHandler.handleMessage(PinnerService.java:1219)
05-15 15:50:11.965  1248  1284 E PinnerService: 	at android.os.Handler.dispatchMessage(Handler.java:106)
05-15 15:50:11.965  1248  1284 E PinnerService: 	at android.os.Looper.loopOnce(Looper.java:201)
05-15 15:50:11.965  1248  1284 E PinnerService: 	at android.os.Looper.loop(Looper.java:288)
05-15 15:50:11.965  1248  1284 E PinnerService: 	at android.os.HandlerThread.run(HandlerThread.java:67)
05-15 15:50:11.965  1248  1284 E PinnerService: Failed to pin file = /system/lib64/libsurfaceflinger.so
05-15 15:50:11.966  1248  1248 I DisplayDevice: [0] Layerstack set to 0 for local:0
05-15 15:50:11.972  1248  1248 I ActivityTaskManager: Config changes=8 {1.0 ?mcc?mnc [en_IN] ldltr sw400dp w400dp h852dp 432dpi nrml long port ?uimode ?night finger -keyb/h/h -nav/h winConfig={ mBounds=Rect(0, 0 - 1080, 2400) mAppBounds=Rect(0, 100 - 1080, 2400) mMaxBounds=Rect(0, 0 - 1080, 2400) mDisplayRotation=ROTATION_0 mWindowingMode=fullscreen mDisplayWindowingMode=fullscreen mActivityType=undefined mAlwaysOnTop=undefined mRotation=ROTATION_0} s.4 ?fontWeightAdjustment}
05-15 15:50:11.975  1248  1248 I WindowManager: Override config changes=8 {1.0 ?mcc?mnc [en_IN] ldltr sw400dp w400dp h852dp 432dpi nrml long port ?uimode ?night finger -keyb/h/h -nav/h winConfig={ mBounds=Rect(0, 0 - 1080, 2400) mAppBounds=Rect(0, 100 - 1080, 2400) mMaxBounds=Rect(0, 0 - 1080, 2400) mDisplayRotation=ROTATION_0 mWindowingMode=fullscreen mDisplayWindowingMode=fullscreen mActivityType=undefined mAlwaysOnTop=undefined mRotation=ROTATION_0} s.4 ?fontWeightAdjustment} for displayId=0
05-15 15:50:11.977  1248  1248 D SystemServerTiming: StartStorageManagerService
05-15 15:50:11.977  1248  1248 I SystemServiceManager: Starting com.android.server.StorageManagerService$Lifecycle
05-15 15:50:11.991  1248  1358 D StorageManagerService: Thinking about init, mBootCompleted=false, mDaemonConnected=true
05-15 15:50:11.992  1248  1358 D StorageManagerService: Thinking about reset, mBootCompleted=false, mDaemonConnected=true
05-15 15:50:11.993  1248  1358 D StorageManagerService: Thinking about init, mBootCompleted=false, mDaemonConnected=true
05-15 15:50:11.993  1248  1358 D StorageManagerService: Thinking about reset, mBootCompleted=false, mDaemonConnected=true
05-15 15:50:11.993  1248  1248 D SystemServerTiming: StartStorageStatsService
05-15 15:50:11.993  1248  1248 I SystemServiceManager: Starting com.android.server.usage.StorageStatsService$Lifecycle
05-15 15:50:12.002  1248  1248 D SystemServerTiming: StartUiModeManager
05-15 15:50:12.002  1248  1248 I SystemServiceManager: Starting com.android.server.UiModeManagerService
05-15 15:50:12.004  1248  1359 D SystemServerTimingAsync: InitThreadPoolExec:UiModeManager.onStart
05-15 15:50:12.005  1248  1248 D SystemServerTiming: StartLocaleManagerService
05-15 15:50:12.005  1248  1248 I SystemServiceManager: Starting com.android.server.locales.LocaleManagerService
05-15 15:50:12.009  1248  1248 D SystemServerTiming: UpdatePackagesIfNeeded
05-15 15:50:12.009  1248  1248 I Watchdog: Pausing HandlerChecker: main thread for reason: dexopt. Pause count: 1
05-15 15:50:12.011  1248  1248 I Watchdog: Resuming HandlerChecker: main thread for reason: dexopt. Pause count: 0
05-15 15:50:12.012  1248  1248 D SystemServerTiming: PerformFstrimIfNeeded
05-15 15:50:12.012  1248  1248 D SystemServerTiming: StartLockSettingsService
05-15 15:50:12.013  1248  1248 I SystemServiceManager: Starting com.android.server.locksettings.LockSettingsService$Lifecycle
05-15 15:50:12.028  1248  1248 D SystemServerTiming: StartPersistentDataBlock
05-15 15:50:12.028  1248  1248 I SystemServiceManager: Starting com.android.server.PersistentDataBlockService
05-15 15:50:12.029  1248  1248 D SystemServerTiming: StartTestHarnessMode
05-15 15:50:12.029  1248  1248 I SystemServiceManager: Starting com.android.server.testharness.TestHarnessModeService
05-15 15:50:12.029  1248  1363 D SystemServerTimingAsync: InitThreadPoolExec:PersistentDataBlockService.onStart
05-15 15:50:12.031  1248  1248 D SystemServerTiming: StartOemLockService
05-15 15:50:12.031  1248  1248 I SystemServiceManager: Starting com.android.server.oemlock.OemLockService
05-15 15:50:12.033  1248  1248 I OemLock : OemLock HAL not present on device
