05-26 20:26:48.397   260   260 I (5)[260:dc_trim_thread]mt6358-sound mt6358_snd: calculate_trim_result(), offset diff = -27, on = 27755, off = 27782
05-26 20:26:48.397   260   260 I (5)[260:dc_trim_thread]mt6358-sound mt6358_snd: calculate_trim_result(), offset diff = -25, on = 27758, off = 27783
05-26 20:26:48.397   260   260 I (5)[260:dc_trim_thread]mt6358-sound mt6358_snd: calculate_trim_result(), offset diff = -107, on = 27669, off = 27776
05-26 20:26:48.397   260   260 I (5)[260:dc_trim_thread]mt6358-sound mt6358_snd: calculate_trim_result(), offset diff = -104, on = 27672, off = 27776
05-26 20:26:48.397   260   260 I (5)[260:dc_trim_thread]mt6358-sound mt6358_snd: calculate_trim_result(), offset diff = -105, on = 27672, off = 27777
05-26 20:26:48.397   260   260 I (5)[260:dc_trim_thread]mt6358-sound mt6358_snd: calculate_trim_result(), offset diff = -104, on = 27674, off = 27778
05-26 20:26:48.397   260   260 I (5)[260:dc_trim_thread]mt6358-sound mt6358_snd: calculate_trim_result(), offset diff = -105, on = 27677, off = 27782
05-26 20:26:48.397   260   260 I (5)[260:dc_trim_thread]mt6358-sound mt6358_snd: hp_trim_offset(), trim offset L = -24, trim offset R = -105
05-26 20:26:48.410   260   260 I (7)[260:dc_trim_thread]mt6358-sound mt6358_snd: set_lr_trim_code(), step2 < 0 AUDDEC_ELR_0 = 0x1010, trimcode_tmp(L/R) = 1 / 1
05-26 20:26:48.410   260   260 I (7)[260:dc_trim_thread]mt6358-sound mt6358_snd: start_trim_hardware(), ++
05-26 20:26:48.430   260   260 I (7)[260:dc_trim_thread]mt6358-sound mt6358_snd: headset_volume_ramp(), from 18, to 8
05-26 20:26:48.438   260   260 I (7)[260:dc_trim_thread]mt6358-sound mt6358_snd: start_trim_hardware(), --
05-26 20:26:48.544   260   260 I (7)[260:dc_trim_thread]mt6358-sound mt6358_snd: stop_trim_hardware(), ++
05-26 20:26:48.545   368   368 I (2)[368:apexd]EXT4-fs (loop0): mounted filesystem without journal. Opts: (null)
05-26 20:26:48.548   260   260 I (7)[260:dc_trim_thread]mt6358-sound mt6358_snd: headset_volume_ramp(), from 8, to 18
05-26 20:26:48.572   260   260 I (7)[260:dc_trim_thread]mt6358-sound mt6358_snd: stop_trim_hardware(), --
05-26 20:26:48.572   260   260 I (7)[260:dc_trim_thread]mt6358-sound mt6358_snd: calculate_trim_result(), offset diff = 44, on = 27810, off = 27766
05-26 20:26:48.572   260   260 I (7)[260:dc_trim_thread]mt6358-sound mt6358_snd: calculate_trim_result(), offset diff = 44, on = 27811, off = 27767
05-26 20:26:48.572   260   260 I (7)[260:dc_trim_thread]mt6358-sound mt6358_snd: calculate_trim_result(), offset diff = 43, on = 27811, off = 27768
05-26 20:26:48.572   260   260 I (7)[260:dc_trim_thread]mt6358-sound mt6358_snd: calculate_trim_result(), offset diff = 46, on = 27814, off = 27768
05-26 20:26:48.572   260   260 I (7)[260:dc_trim_thread]mt6358-sound mt6358_snd: calculate_trim_result(), offset diff = 45, on = 27815, off = 27770
05-26 20:26:48.572   260   260 I (7)[260:dc_trim_thread]mt6358-sound mt6358_snd: calculate_trim_result(), offset diff = 11, on = 27786, off = 27775
05-26 20:26:48.572   260   260 I (7)[260:dc_trim_thread]mt6358-sound mt6358_snd: calculate_trim_result(), offset diff = 14, on = 27790, off = 27776
05-26 20:26:48.572   260   260 I (7)[260:dc_trim_thread]mt6358-sound mt6358_snd: calculate_trim_result(), offset diff = 15, on = 27791, off = 27776
05-26 20:26:48.572   260   260 I (7)[260:dc_trim_thread]mt6358-sound mt6358_snd: calculate_trim_result(), offset diff = 16, on = 27793, off = 27777
05-26 20:26:48.572   260   260 I (7)[260:dc_trim_thread]mt6358-sound mt6358_snd: calculate_trim_result(), offset diff = 15, on = 27793, off = 27778
05-26 20:26:48.572   260   260 I (7)[260:dc_trim_thread]mt6358-sound mt6358_snd: hp_trim_offset(), trim offset L = 44, trim offset R = 14
05-26 20:26:48.582   260   260 I (7)[260:dc_trim_thread]mt6358-sound mt6358_snd: set_lr_trim_code(), step2 result AUDDEC_ELR_0 = 0x1011, trimcode(L/R) = 1 / 1
05-26 20:26:48.582   260   260 I (7)[260:dc_trim_thread]mt6358-sound mt6358_snd: start_trim_hardware(), ++
05-26 20:26:48.602   260   260 I (7)[260:dc_trim_thread]mt6358-sound mt6358_snd: headset_volume_ramp(), from 18, to 8
05-26 20:26:48.611   260   260 I (7)[260:dc_trim_thread]mt6358-sound mt6358_snd: start_trim_hardware(), --
05-26 20:26:48.669   368   368 I (7)[368:apexd]EXT4-fs (loop1): mounted filesystem without journal. Opts: (null)
05-26 20:26:48.717   260   260 I (7)[260:dc_trim_thread]mt6358-sound mt6358_snd: stop_trim_hardware(), ++
05-26 20:26:48.721   260   260 I (7)[260:dc_trim_thread]mt6358-sound mt6358_snd: headset_volume_ramp(), from 8, to 18
05-26 20:26:48.744   260   260 I (7)[260:dc_trim_thread]mt6358-sound mt6358_snd: stop_trim_hardware(), --
05-26 20:26:48.744   260   260 I (7)[260:dc_trim_thread]mt6358-sound mt6358_snd: calculate_trim_result(), offset diff = -17, on = 27757, off = 27774
05-26 20:26:48.744   260   260 I (7)[260:dc_trim_thread]mt6358-sound mt6358_snd: calculate_trim_result(), offset diff = -18, on = 27757, off = 27775
05-26 20:26:48.744   260   260 I (7)[260:dc_trim_thread]mt6358-sound mt6358_snd: calculate_trim_result(), offset diff = -17, on = 27758, off = 27775
05-26 20:26:48.744   260   260 I (7)[260:dc_trim_thread]mt6358-sound mt6358_snd: calculate_trim_result(), offset diff = -17, on = 27759, off = 27776
05-26 20:26:48.744   260   260 I (7)[260:dc_trim_thread]mt6358-sound mt6358_snd: calculate_trim_result(), offset diff = -19, on = 27759, off = 27778
05-26 20:26:48.744   260   260 I (7)[260:dc_trim_thread]mt6358-sound mt6358_snd: calculate_trim_result(), offset diff = 9, on = 27784, off = 27775
05-26 20:26:48.744   260   260 I (7)[260:dc_trim_thread]mt6358-sound mt6358_snd: calculate_trim_result(), offset diff = 12, on = 27787, off = 27775
05-26 20:26:48.744   260   260 I (7)[260:dc_trim_thread]mt6358-sound mt6358_snd: calculate_trim_result(), offset diff = 13, on = 27789, off = 27776
05-26 20:26:48.744   260   260 I (7)[260:dc_trim_thread]mt6358-sound mt6358_snd: calculate_trim_result(), offset diff = 14, on = 27791, off = 27777
05-26 20:26:48.744   260   260 I (7)[260:dc_trim_thread]mt6358-sound mt6358_snd: calculate_trim_result(), offset diff = 13, on = 27791, off = 27778
05-26 20:26:48.744   260   260 I (7)[260:dc_trim_thread]mt6358-sound mt6358_snd: hp_trim_offset(), trim offset L = -18, trim offset R = 12
05-26 20:26:48.754   260   260 I (7)[260:dc_trim_thread]mt6358-sound mt6358_snd: set_lr_trim_code(), step3 > 0, AUDDEC_ELR_0 = 0x1411, hp_base(L/R) = -18 / 12
05-26 20:26:48.754   260   260 I (7)[260:dc_trim_thread]mt6358-sound mt6358_snd: start_trim_hardware(), ++
05-26 20:26:48.772   368   368 I (6)[368:apexd]EXT4-fs (loop2): mounted filesystem without journal. Opts: (null)
05-26 20:26:48.774   260   260 I (7)[260:dc_trim_thread]mt6358-sound mt6358_snd: headset_volume_ramp(), from 18, to 8
05-26 20:26:48.782   260   260 I (7)[260:dc_trim_thread]mt6358-sound mt6358_snd: start_trim_hardware(), --
05-26 20:26:48.875   368   368 I (6)[368:apexd]EXT4-fs (loop3): mounted filesystem without journal. Opts: (null)
05-26 20:26:48.890   260   260 I (7)[260:dc_trim_thread]mt6358-sound mt6358_snd: stop_trim_hardware(), ++
05-26 20:26:48.893   325   325 W (6)[325:apexd]: 54 output lines suppressed due to ratelimiting
05-26 20:26:48.894   260   260 I (7)[260:dc_trim_thread]mt6358-sound mt6358_snd: headset_volume_ramp(), from 8, to 18
05-26 20:26:48.917   260   260 I (7)[260:dc_trim_thread]mt6358-sound mt6358_snd: stop_trim_hardware(), --
05-26 20:26:48.917   260   260 I (7)[260:dc_trim_thread]mt6358-sound mt6358_snd: calculate_trim_result(), offset diff = -18, on = 27754, off = 27772
05-26 20:26:48.917   260   260 I (7)[260:dc_trim_thread]mt6358-sound mt6358_snd: calculate_trim_result(), offset diff = -19, on = 27755, off = 27774
05-26 20:26:48.917   260   260 I (7)[260:dc_trim_thread]mt6358-sound mt6358_snd: calculate_trim_result(), offset diff = -23, on = 27756, off = 27779
05-26 20:26:48.917   260   260 I (7)[260:dc_trim_thread]mt6358-sound mt6358_snd: calculate_trim_result(), offset diff = -22, on = 27759, off = 27781
05-26 20:26:48.917   260   260 I (7)[260:dc_trim_thread]mt6358-sound mt6358_snd: calculate_trim_result(), offset diff = -18, on = 27763, off = 27781
05-26 20:26:48.917   260   260 I (7)[260:dc_trim_thread]mt6358-sound mt6358_snd: calculate_trim_result(), offset diff = -49, on = 27725, off = 27774
05-26 20:26:48.917   260   260 I (7)[260:dc_trim_thread]mt6358-sound mt6358_snd: calculate_trim_result(), offset diff = -47, on = 27727, off = 27774
05-26 20:26:48.917   260   260 I (7)[260:dc_trim_thread]mt6358-sound mt6358_snd: calculate_trim_result(), offset diff = -47, on = 27728, off = 27775
05-26 20:26:48.917   260   260 I (7)[260:dc_trim_thread]mt6358-sound mt6358_snd: calculate_trim_result(), offset diff = -47, on = 27728, off = 27775
05-26 20:26:48.917   260   260 I (7)[260:dc_trim_thread]mt6358-sound mt6358_snd: calculate_trim_result(), offset diff = -46, on = 27730, off = 27776
05-26 20:26:48.917   260   260 I (7)[260:dc_trim_thread]mt6358-sound mt6358_snd: hp_trim_offset(), trim offset L = -20, trim offset R = -47
05-26 20:26:48.927   260   260 I (7)[260:dc_trim_thread]mt6358-sound mt6358_snd: set_lr_trim_code(), step3_2 > 0, AUDDEC_ELR_0 = 0x1c11, code_change = 1
05-26 20:26:48.927   260   260 I (7)[260:dc_trim_thread]mt6358-sound mt6358_snd: start_trim_hardware(), ++
05-26 20:26:48.930   321   321 I         : (6)[321:init][Power/PPM] (0x80)(-1)(0)(0-7)(0)(0)(6)(6) (0)(0)(2)(2)
05-26 20:26:48.947   260   260 I (0)[260:dc_trim_thread]mt6358-sound mt6358_snd: headset_volume_ramp(), from 18, to 8
05-26 20:26:48.956   260   260 I (1)[260:dc_trim_thread]mt6358-sound mt6358_snd: start_trim_hardware(), --
05-26 20:26:49.063   321   321 W (6)[321:init]udc_lib: module_layout: kernel tainted.
05-26 20:26:49.063   321   321 W         : (6)[321:init]Disabling lock debugging due to kernel taint
05-26 20:26:49.063   321   321 W (6)[321:init]udc_lib: loading out-of-tree module taints kernel.
05-26 20:26:49.063   321   321 I         : (6)[321:init]udc lib init
05-26 20:26:49.063   321   321 I         : (6)[321:init]register_udc_func_deflateInit2 success
05-26 20:26:49.063   321   321 I         : (6)[321:init]register_udc_func_deflateSetDict success
05-26 20:26:49.063   321   321 I         : (6)[321:init]register_udc_func_deflateEnd success
05-26 20:26:49.063   321   321 I         : (6)[321:init]register_udc_func_deflateReset success
05-26 20:26:49.063   321   321 I         : (6)[321:init]register_udc_func_deflate success
05-26 20:26:49.063   321   321 I         : (6)[321:init]register_udc_func_deflateBound success
05-26 20:26:49.063   321   321 I         : (6)[321:init]register_udc_func_udc_chksum success
05-26 20:26:49.063   321   321 I         : (6)[321:init]register_udc_func_udc_QueryPara success
05-26 20:26:49.063   321   321 I         : (6)[321:init]register_udc_func_udc_GetCmpLen success
05-26 20:26:49.063   260   260 I (7)[260:dc_trim_thread]mt6358-sound mt6358_snd: stop_trim_hardware(), ++
05-26 20:26:49.067   260   260 I (7)[260:dc_trim_thread]mt6358-sound mt6358_snd: headset_volume_ramp(), from 8, to 18
05-26 20:26:49.090   260   260 I (7)[260:dc_trim_thread]mt6358-sound mt6358_snd: stop_trim_hardware(), --
05-26 20:26:49.090   260   260 I (7)[260:dc_trim_thread]mt6358-sound mt6358_snd: calculate_trim_result(), offset diff = -20, on = 27756, off = 27776
05-26 20:26:49.090   260   260 I (7)[260:dc_trim_thread]mt6358-sound mt6358_snd: calculate_trim_result(), offset diff = -22, on = 27758, off = 27780
05-26 20:26:49.090   260   260 I (7)[260:dc_trim_thread]mt6358-sound mt6358_snd: calculate_trim_result(), offset diff = -19, on = 27761, off = 27780
05-26 20:26:49.090   260   260 I (7)[260:dc_trim_thread]mt6358-sound mt6358_snd: calculate_trim_result(), offset diff = -19, on = 27761, off = 27780
05-26 20:26:49.090   260   260 I (7)[260:dc_trim_thread]mt6358-sound mt6358_snd: calculate_trim_result(), offset diff = -20, on = 27762, off = 27782
05-26 20:26:49.090   260   260 I (7)[260:dc_trim_thread]mt6358-sound mt6358_snd: calculate_trim_result(), offset diff = -17, on = 27768, off = 27785
05-26 20:26:49.090   260   260 I (7)[260:dc_trim_thread]mt6358-sound mt6358_snd: calculate_trim_result(), offset diff = -17, on = 27769, off = 27786
05-26 20:26:49.090   260   260 I (7)[260:dc_trim_thread]mt6358-sound mt6358_snd: calculate_trim_result(), offset diff = -17, on = 27770, off = 27787
05-26 20:26:49.090   260   260 I (7)[260:dc_trim_thread]mt6358-sound mt6358_snd: calculate_trim_result(), offset diff = -18, on = 27770, off = 27788
05-26 20:26:49.090   260   260 I (7)[260:dc_trim_thread]mt6358-sound mt6358_snd: calculate_trim_result(), offset diff = -16, on = 27773, off = 27789
05-26 20:26:49.090   260   260 I (7)[260:dc_trim_thread]mt6358-sound mt6358_snd: hp_trim_offset(), trim offset L = -20, trim offset R = -17
05-26 20:26:49.100   260   260 I (7)[260:dc_trim_thread]mt6358-sound mt6358_snd: set_lr_trim_code(), [Step3] refine finetrimr = 0
05-26 20:26:49.100   260   260 I (7)[260:dc_trim_thread]mt6358-sound mt6358_snd: set_lr_trim_code(), step3 < 0, AUDDEC_ELR_0 = 0x1211
05-26 20:26:49.100   260   260 I (7)[260:dc_trim_thread]mt6358-sound mt6358_snd: start_trim_hardware(), ++
05-26 20:26:49.115     1     1 E         : (6)[1:init]Trying to create more than 5 SchedTune boosting groups
05-26 20:26:49.116     1     1 E         : (6)[1:init]Trying to create more than 5 SchedTune boosting groups
05-26 20:26:49.120   260   260 I (7)[260:dc_trim_thread]mt6358-sound mt6358_snd: headset_volume_ramp(), from 18, to 8
05-26 20:26:49.122     1     1 W         : (6)[1:init]------------[ cut here ]------------
05-26 20:26:49.122     1     1 W (6)[1:init]WARNING: CPU: 6 PID: 1 at ../../../../../../kernel/micromax/yogurt/fs/filesystems.c:282 get_fs_type+0x1a4/0x1a8
05-26 20:26:49.122     1     1 W         : (6)[1:init]request_module fs-binder succeeded, but still no fs?
05-26 20:26:49.122     1     1 W         : (6)[1:init]Modules linked in: udc_lib ffffff8dfc816000           (null) 45056 0 (FO)
05-26 20:26:49.122     1     1 W -(6)[1:init]CPU: 6 PID: 1 Comm: init Tainted: GFS      W  O    4.14.141-yogurt-v1.x #1
05-26 20:26:49.122     1     1 W -(6)[1:init]Hardware name: MT6769V/CT (DT)
05-26 20:26:49.122     1     1 W -(6)[1:init]Call trace:  
05-26 20:26:49.122     1     1 W         : -(6)[1:init][<ffffff8315a8c9e8>] dump_backtrace+0x0/0x508
05-26 20:26:49.122     1     1 W         : -(6)[1:init][<ffffff8315a8cf04>] show_stack+0x14/0x1c
05-26 20:26:49.122     1     1 W         : -(6)[1:init][<ffffff83168f2f7c>] dump_stack+0xc4/0xfc
05-26 20:26:49.122     1     1 W         : -(6)[1:init][<ffffff8315aadf04>] __warn+0xdc/0x168
05-26 20:26:49.122     1     1 W         : -(6)[1:init][<ffffff8315aae000>] warn_slowpath_fmt+0x70/0x94
05-26 20:26:49.122     1     1 W         : -(6)[1:init][<ffffff8315c82dfc>] get_fs_type+0x1a4/0x1a8
05-26 20:26:49.122     1     1 W         : -(6)[1:init][<ffffff8315c86760>] do_mount+0x4a4/0xc20
05-26 20:26:49.122     1     1 W         : -(6)[1:init][<ffffff8315c87658>] SyS_mount+0x94/0xd4
05-26 20:26:49.122     1     1 W         : -(6)[1:init]Exception stack(0xffffff800813bec0 to 0xffffff800813c000)
05-26 20:26:49.122     1     1 W -(6)[1:init]bec0: 0000007d5bd50ac1 0000007d5bd50ad9 0000007d5bd50aa9 0000000000000000
05-26 20:26:49.122     1     1 W -(6)[1:init]bee0: 0000007d5bd50af1 0000000065646e69 0000000040706f6f 0000007d5bd50ac6
05-26 20:26:49.122     1     1 W -(6)[1:init]bf00: 0000000000000028 0000007d5bd50ad9 0000000000000000 000000000000000c
05-26 20:26:49.122     1     1 W -(6)[1:init]bf20: 0000007d5bd50aa9 0000000000000000 0000007d5bd50ac1 0000007f7c53f9d2
05-26 20:26:49.122     1     1 W -(6)[1:init]bf40: 0000005585c7f068 0000007f7c5c5170 0000007f7e920000 0000007f7e7df000
05-26 20:26:49.122     1     1 W -(6)[1:init]bf60: 0000007d5bd50ac1 0000007d5bd50aa9 0000005585a9f18b 0000007d5bd50ad9
05-26 20:26:49.122     1     1 W -(6)[1:init]bf80: 0000005585c7b9f0 0000000000000078 0000007fdc8759c8 0000000000000005
05-26 20:26:49.122     1     1 W -(6)[1:init]bfa0: 0000000000000000 0000007fdc875bf0 0000005585b4b9d0 0000007fdc875920
05-26 20:26:49.122     1     1 W -(6)[1:init]bfc0: 0000007f7c5c5178 00000000a0000000 0000007d5bd50ac1 0000000000000028
05-26 20:26:49.122     1     1 W -(6)[1:init]bfe0: 0000000000000000 0000000000000000 0000000000000000 0000000000000000
05-26 20:26:49.122     1     1 W         : -(6)[1:init][<ffffff8315a83fc0>] el0_svc_naked+0x34/0x38
05-26 20:26:49.122     1     1 W         : (6)[1:init]---[ end trace 2a6855c6a909618b ]---
05-26 20:26:49.128   260   260 I (7)[260:dc_trim_thread]mt6358-sound mt6358_snd: start_trim_hardware(), --
05-26 20:26:49.143     1     1 I         : (6)[1:init]Registered swp emulation handler
05-26 20:26:49.165   383   383 I (1)[383:lmkd]psi_write: new:0000000073efe413
05-26 20:26:49.165   383   383 I (1)[383:lmkd]psi_write: new:00000000c58c8886
05-26 20:26:49.165   383   383 I (1)[383:lmkd]psi_write: new:00000000d26b59f7
05-26 20:26:49.175   384   384 I (6)[384:servicemanager]binder: 384:384 ioctl 40046210 7fc9abbc00 returned -22
05-26 20:26:49.181   385   385 I (6)[385:hwservicemanage]binder: 385:385 ioctl 40046210 7fd80d7934 returned -22
--------- beginning of crash
05-26 20:26:54.649   898   923 F libc    : Fatal signal 6 (SIGABRT), code -1 (SI_QUEUE) in tid 923 (android.hardwar), pid 898 (android.hardwar)
05-26 20:27:04.911   947   947 F DEBUG   : *** *** *** *** *** *** *** *** *** *** *** *** *** *** *** ***
05-26 20:27:04.911   947   947 F DEBUG   : Build fingerprint: 'Micromax/derp_yogurt/yogurt:13/TQ3A.230901.001/1748256308:eng/test-keys'
05-26 20:27:04.911   947   947 F DEBUG   : Revision: '0'
05-26 20:27:04.911   947   947 F DEBUG   : ABI: 'arm64'
05-26 20:27:04.911   947   947 F DEBUG   : Timestamp: 2025-05-26 20:27:04.881960123+0530
05-26 20:27:04.911   947   947 F DEBUG   : Process uptime: 11s
05-26 20:27:04.911   947   947 F DEBUG   : Cmdline: /vendor/bin/hw/android.hardware.biometrics.fingerprint@2.1-service.yogurt
05-26 20:27:04.911   947   947 F DEBUG   : pid: 898, tid: 923, name: android.hardwar  >>> /vendor/bin/hw/android.hardware.biometrics.fingerprint@2.1-service.yogurt <<<
05-26 20:27:04.911   947   947 F DEBUG   : uid: 1000
05-26 20:27:04.911   947   947 F DEBUG   : signal 6 (SIGABRT), code -1 (SI_QUEUE), fault addr --------
05-26 20:27:04.911   947   947 F DEBUG   : Abort message: 'Scudo ERROR: misaligned pointer when deallocating address 0x006f0632a178'
05-26 20:27:04.911   947   947 F DEBUG   :     x0  0000000000000000  x1  000000000000039b  x2  0000000000000006  x3  0000006f04ff2940
05-26 20:27:04.911   947   947 F DEBUG   :     x4  1f7164736d686e6f  x5  1f7164736d686e6f  x6  1f7164736d686e6f  x7  7f7f7f7f7f7f7f7f
05-26 20:27:04.911   947   947 F DEBUG   :     x8  00000000000000f0  x9  0000007196d8fb40  x10 0000000000000001  x11 0000007196dd0238
05-26 20:27:04.911   947   947 F DEBUG   :     x12 0000000000000018  x13 0000000068348136  x14 002657a8fb607af2  x15 00005295d43bcf10
05-26 20:27:04.911   947   947 F DEBUG   :     x16 0000007196e3dd88  x17 0000007196e18490  x18 0000006f00dd4000  x19 0000000000000382
05-26 20:27:04.911   947   947 F DEBUG   :     x20 000000000000039b  x21 00000000ffffffff  x22 0000000000000000  x23 0000000000000382
05-26 20:27:04.911   947   947 F DEBUG   :     x24 0000006f04ff2cb0  x25 0000006f04ff2cb0  x26 0000006f04ff2ff8  x27 00000000000fc000
05-26 20:27:04.912   947   947 F DEBUG   :     x28 00000000000fe000  x29 0000006f04ff29c0
05-26 20:27:04.912   947   947 F DEBUG   :     lr  0000007196dc0824  sp  0000006f04ff2920  pc  0000007196dc0850  pst 0000000000001000
05-26 20:27:04.912   947   947 F DEBUG   : backtrace:
05-26 20:27:04.912   947   947 F DEBUG   :       #00 pc 0000000000052850  /apex/com.android.runtime/lib64/bionic/libc.so (abort+164) (BuildId: 61f41c00d3c79cd6dd52939147c70187)
05-26 20:27:04.912   947   947 F DEBUG   :       #01 pc 0000000000041ae0  /apex/com.android.runtime/lib64/bionic/libc.so (scudo::die()+8) (BuildId: 61f41c00d3c79cd6dd52939147c70187)
05-26 20:27:04.912   947   947 F DEBUG   :       #02 pc 000000000004218c  /apex/com.android.runtime/lib64/bionic/libc.so (scudo::ScopedErrorReport::~ScopedErrorReport()+32) (BuildId: 61f41c00d3c79cd6dd52939147c70187)
05-26 20:27:04.912   947   947 F DEBUG   :       #03 pc 0000000000042594  /apex/com.android.runtime/lib64/bionic/libc.so (scudo::reportMisalignedPointer(scudo::AllocatorAction, void*)+116) (BuildId: 61f41c00d3c79cd6dd52939147c70187)
05-26 20:27:04.912   947   947 F DEBUG   :       #04 pc 0000000000043cd8  /apex/com.android.runtime/lib64/bionic/libc.so (scudo::Allocator<scudo::AndroidConfig, &(scudo_malloc_postinit)>::deallocate(void*, scudo::Chunk::Origin, unsigned long, unsigned long)+288) (BuildId: 61f41c00d3c79cd6dd52939147c70187)
05-26 20:27:04.912   947   947 F DEBUG   :       #05 pc 000000000000efb4  /apex/com.android.vndk.v33/lib64/libutils.so (android::RefBase::decStrong(void const*) const+108) (BuildId: e15da9cb0a03c10940c3d40ef2b5dbaa)
05-26 20:27:04.912   947   947 F DEBUG   :       #06 pc 00000000000673a8  /vendor/lib64/hw/fingerprint.default.so (BuildId: c5e613c15325555b1ec17dfb770f5e2c3cb347e1)
05-26 20:27:04.912   947   947 F DEBUG   :       #07 pc 00000000000c0f0c  /apex/com.android.runtime/lib64/bionic/libc.so (__pthread_start(void*)+208) (BuildId: 61f41c00d3c79cd6dd52939147c70187)
05-26 20:27:04.912   947   947 F DEBUG   :       #08 pc 000000000005400c  /apex/com.android.runtime/lib64/bionic/libc.so (__start_thread+64) (BuildId: 61f41c00d3c79cd6dd52939147c70187)
--------- beginning of system
05-26 20:27:39.011  1263  1263 W DefaultPermGrantPolicy: Permission not found: android.car.permission.CONTROL_CAR_WINDOWS
05-26 20:27:39.013  1263  1263 W DefaultPermGrantPolicy: Permission not found: android.car.permission.READ_CAR_DISPLAY_UNITS
05-26 20:27:39.014  1263  1263 W DefaultPermGrantPolicy: Permission not found: com.google.android.permission.ACCESSIBILITY_SCAN_SERVICE
05-26 20:27:39.016  1263  1263 W DefaultPermGrantPolicy: Permission not found: android.permission.FOREGROUND_SERVICE_MEDIA_PROJECTION
05-26 20:27:39.017  1263  1263 W DefaultPermGrantPolicy: Permission not found: com.google.android.clockwork.settings.SHOW_FACTORY_RESET_CONFIRMATION
05-26 20:27:39.018  1263  1263 W DefaultPermGrantPolicy: Permission not found: com.google.android.wearable.READ_SETTINGS
05-26 20:27:39.020  1263  1263 W DefaultPermGrantPolicy: Permission not found: com.google.android.wearable.permission.URI_REDIRECT_TO_REMOTE
05-26 20:27:39.022  1263  1263 W DefaultPermGrantPolicy: Permission not found: android.permission.SET_LOW_POWER_STANDBY_PORTS
05-26 20:27:39.023  1263  1263 W DefaultPermGrantPolicy: Permission not found: com.google.android.apps.nest.CAST_AUTH_SERVICE
05-26 20:27:39.025  1263  1263 W DefaultPermGrantPolicy: Permission not found: android.permission.FOREGROUND_SERVICE_CONNECTED_DEVICE
05-26 20:27:39.026  1263  1263 W DefaultPermGrantPolicy: Permission not found: com.google.android.setupwizard.pairing.NEARBY_BACKUP_SERVICE
05-26 20:27:39.028  1263  1263 W DefaultPermGrantPolicy: Permission not found: android.permission.EMERGENCY_INSTALL_PACKAGES
05-26 20:27:39.031  1263  1263 W DefaultPermGrantPolicy: Permission not found: android.permission.THREAD_NETWORK_PRIVILEGED
05-26 20:27:39.032  1263  1263 W DefaultPermGrantPolicy: Permission not found: android.permission.WRITE_VERIFICATION_STATE_E2EE_CONTACT_KEYS
05-26 20:27:39.033  1263  1263 W DefaultPermGrantPolicy: Permission not found: android.permission.MANAGE_ADVANCED_PROTECTION_MODE
05-26 20:27:39.034  1263  1263 W DefaultPermGrantPolicy: Permission not found: android.permission.READ_INTRUSION_DETECTION_STATE
05-26 20:27:39.036  1263  1263 W DefaultPermGrantPolicy: Permission not found: android.permission.MANAGE_INTRUSION_DETECTION_STATE
05-26 20:27:39.036  1263  1263 W DefaultPermGrantPolicy: Permission not found: com.google.wear.permission.READ_BATTERY_SAVER
05-26 20:27:39.037  1263  1263 W DefaultPermGrantPolicy: Permission not found: com.google.wear.permission.READ_FOCUS_MODES
05-26 20:27:39.038  1263  1263 W DefaultPermGrantPolicy: Permission not found: android.permission.INSTALL_DEPENDENCY_SHARED_LIBRARIES
05-26 20:27:39.039  1263  1263 W DefaultPermGrantPolicy: Permission not found: android.permission.PROVIDE_DEFAULT_ENABLED_CREDENTIAL_SERVICE
05-26 20:27:39.040  1263  1263 W DefaultPermGrantPolicy: Permission not found: android.permission.PROVIDE_REMOTE_CREDENTIALS
05-26 20:27:39.042  1263  1263 W DefaultPermGrantPolicy: Permission not found: com.google.android.permission.USE_GRIL
05-26 20:27:39.043  1263  1263 W DefaultPermGrantPolicy: Permission not found: android.permission.health.READ_HEART_RATE
05-26 20:27:39.043  1263  1263 W DefaultPermGrantPolicy: Permission not found: com.google.android.gms.game.notifications.permission.WRITE
05-26 20:27:39.045  1263  1263 W DefaultPermGrantPolicy: Permission not found: com.google.android.launcher.permission.RECEIVE_LAUNCH_BROADCASTS
05-26 20:27:39.051  1263  1263 W DefaultPermGrantPolicy: Permission not found: com.android.vending.billing.IBillingAccountService.BIND2
05-26 20:27:39.053  1263  1263 W DefaultPermGrantPolicy: Permission not found: com.google.android.googleapps.permission.ACCESS_GOOGLE_PASSWORD
05-26 20:27:39.055  1263  1263 W DefaultPermGrantPolicy: Permission not found: com.google.android.googleapps.permission.GOOGLE_MAIL_SWITCH
05-26 20:27:39.062  1263  1263 W DefaultPermGrantPolicy: Permission not found: com.android.launcher.permission.PRELOAD_WORKSPACE
05-26 20:27:39.072  1263  1263 W DefaultPermGrantPolicy: Permission not found: android.permission.RECEIVE_SENSITIVE_NOTIFICATIONS
05-26 20:27:39.199  1427  1427 I HidlLazyUtils: Process has 1 (of 1 available) client(s) in use after notification android.hardware.wifi@1.3::IWifi/default has clients: 1
05-26 20:27:39.285   603   603 V ZygoteInitTiming_lazy: PreloadClasses took to complete: 7110ms
05-26 20:27:39.294   603   603 V ZygoteInitTiming_lazy: CacheNonBootClasspathClassLoaders took to complete: 9ms
05-26 20:27:39.345  1263  1263 W DefaultPermGrantPolicy: Permission not found: com.google.android.permission.INSTALL_WEARABLE_PACKAGES
05-26 20:27:39.359  1263  1263 W DefaultPermGrantPolicy: Permission not found: android.permission.FOREGROUND_SERVICE_MEDIA_PLAYBACK
05-26 20:27:39.360  1263  1263 W DefaultPermGrantPolicy: Permission not found: android.permission.RUN_USER_INITIATED_JOBS
05-26 20:27:39.381  1263  1263 W DefaultPermGrantPolicy: Permission not found: com.google.android.gm.exchange.BIND
05-26 20:27:39.388  1263  1263 W DefaultPermGrantPolicy: Permission not found: com.google.android.apps.pixel.relationships.permission.LAUNCH_MAIN
05-26 20:27:39.389  1263  1263 W DefaultPermGrantPolicy: Permission not found: com.google.android.apps.pixel.relationships.permission.LAUNCH_ONBOARDING
05-26 20:27:39.390  1263  1263 W DefaultPermGrantPolicy: Permission not found: com.google.android.apps.pixel.relationships.permission.CONTACT_UPDATE
05-26 20:27:39.391  1263  1263 W DefaultPermGrantPolicy: Permission not found: com.google.android.pixelsystemadapter.permission.READ_HAPTIC_PROVIDER
05-26 20:27:39.393  1263  1263 W DefaultPermGrantPolicy: Permission not found: com.google.android.apps.tips.permission.LAUNCH_CONTEXTUAL_UI
05-26 20:27:39.405  1263  1263 W DefaultPermGrantPolicy: Permission not found: android.permission.CREDENTIAL_MANAGER_QUERY_CANDIDATE_CREDENTIALS
05-26 20:27:39.406  1263  1263 W DefaultPermGrantPolicy: Permission not found: android.permission.CREDENTIAL_MANAGER_SET_ALLOWED_PROVIDERS
05-26 20:27:39.407  1263  1263 W DefaultPermGrantPolicy: Permission not found: android.permission.SCENE_UNDERSTANDING_FINE
05-26 20:27:39.408  1263  1263 W DefaultPermGrantPolicy: Permission not found: android.permission.HAND_TRACKING
05-26 20:27:39.409  1263  1263 W DefaultPermGrantPolicy: Permission not found: com.chrome.permission.DEVICE_EXTRAS
05-26 20:27:39.411  1263  1263 W DefaultPermGrantPolicy: Permission not found: com.sec.enterprise.knox.MDM_CONTENT_PROVIDER
05-26 20:27:39.414  1263  1263 W DefaultPermGrantPolicy: Permission not found: com.google.android.launcher.permission.CONTENT_REDIRECT
05-26 20:27:39.415  1263  1263 W DefaultPermGrantPolicy: Permission not found: com.google.android.launcher.permission.READ_SETTINGS
05-26 20:27:39.416  1263  1263 W DefaultPermGrantPolicy: Permission not found: com.google.android.launcher.permission.WRITE_SETTINGS
05-26 20:27:39.416  1263  1263 W DefaultPermGrantPolicy: Permission not found: com.google.android.launcher.permission.RECEIVE_FIRST_LOAD_BROADCAST
05-26 20:27:39.417  1263  1263 W DefaultPermGrantPolicy: Permission not found: com.google.android.voicesearch.SHORTCUTS_ACCESS
05-26 20:27:39.418  1263  1263 W DefaultPermGrantPolicy: Permission not found: com.google.android.voicesearch.ACCESS_SETTINGS
05-26 20:27:39.420  1263  1263 W DefaultPermGrantPolicy: Permission not found: com.android.browser.permission.PRELOAD
05-26 20:27:39.421   603   603 V ZygoteInitTiming_lazy: PreloadResources took to complete: 126ms
05-26 20:27:39.421  1263  1263 W DefaultPermGrantPolicy: Permission not found: com.google.android.ears.permission.WRITE
05-26 20:27:39.422  1263  1263 W DefaultPermGrantPolicy: Permission not found: com.google.googlenav.friend.permission.OPT_IN
05-26 20:27:39.423  1263  1263 W DefaultPermGrantPolicy: Permission not found: com.google.android.apps.maps.permission.PREFETCH
05-26 20:27:39.424  1263  1263 W DefaultPermGrantPolicy: Permission not found: com.google.android.apps.maps.permission.TIMELINE_POST_VISIT_BADGE
05-26 20:27:39.425  1263  1263 W DefaultPermGrantPolicy: Permission not found: com.google.android.apps.gmm.dev.permission.ASSISTANT_GRPC_SYNC
05-26 20:27:39.426  1263  1263 W DefaultPermGrantPolicy: Permission not found: com.google.android.apps.gmm.dogfood.permission.ASSISTANT_GRPC_SYNC
05-26 20:27:39.428  1263  1263 W DefaultPermGrantPolicy: Permission not found: com.google.android.apps.gmm.fishfood.permission.ASSISTANT_GRPC_SYNC
05-26 20:27:39.429  1263  1263 W DefaultPermGrantPolicy: Permission not found: com.google.android.apps.gmm.permission.ASSISTANT_GRPC_SYNC
05-26 20:27:39.429  1263  1263 W DefaultPermGrantPolicy: Permission not found: com.google.android.apps.gmm.qp.permission.ASSISTANT_GRPC_SYNC
05-26 20:27:39.430  1263  1263 W DefaultPermGrantPolicy: Permission not found: com.google.android.apps.maps.permission.ASSISTANT_GRPC_SYNC
05-26 20:27:39.431  1263  1263 W DefaultPermGrantPolicy: Permission not found: com.google.android.apps.googlevoice.permission.AUTO_SEND
05-26 20:27:39.432  1263  1263 W DefaultPermGrantPolicy: Permission not found: com.android.chrome.PRERENDER_URL
05-26 20:27:39.433  1263  1263 W DefaultPermGrantPolicy: Permission not found: com.android.chrome.permission.TRANSLATE
05-26 20:27:39.433  1263  1263 W DefaultPermGrantPolicy: Permission not found: android.permission.EXECUTE_APP_ACTION
05-26 20:27:39.434  1263  1263 W DefaultPermGrantPolicy: Permission not found: android.permission.EXECUTE_APP_FUNCTIONS
05-26 20:27:39.434  1263  1263 W DefaultPermGrantPolicy: Permission not found: com.samsung.android.app.tips.permission.USE_INTENT_SERVICE
05-26 20:27:39.438  1263  1263 W DefaultPermGrantPolicy: Permission not found: com.google.android.apps.nexuslauncher.permission.HOTSEAT_EDU
05-26 20:27:39.518  1263  1263 W DefaultPermGrantPolicy: Permission not found: android.Manifest.permission.TURN_SCREEN_ON
05-26 20:27:39.519  1263  1263 W DefaultPermGrantPolicy: Permission not found: com.google.android.settings.fuelgauge.BATTERY_SETTING
05-26 20:27:39.520  1263  1263 W DefaultPermGrantPolicy: Permission not found: Manifest.permission.RECEIVE_BOOT_COMPLETED
05-26 20:27:39.521  1263  1263 W DefaultPermGrantPolicy: Permission not found: com.google.android.flipendo.SAVER_STATE_UPDATE
05-26 20:27:39.530  1263  1263 V StagingManagerTiming: restoreSessions took to complete: 2ms
05-26 20:27:39.530  1263  1263 V SystemServerTiming: MakePackageManagerServiceReady took to complete: 1323ms
05-26 20:27:39.530  1263  1263 D SystemServerTiming: MakeDisplayManagerServiceReady
05-26 20:27:39.536  1263  1309 W PackageManager: Not removing package com.google.android.trichromelibrary hosting lib com.google.android.trichromelibrary version 710306033 used by [VersionedPackage[com.google.android.webview/710306033]] for user 0
05-26 20:27:39.537  1263  1283 E DisplayModeDirector: Asked about unknown display, returning empty display mode specs!(id=0)
05-26 20:27:39.537  1263  1283 E DisplayModeDirector: Asked about unknown display, returning empty display mode specs!(id=0)
05-26 20:27:39.548  1263  1263 I BrightnessSynchronizer: Initial brightness readings: 22(int), 0.08267716(float)
05-26 20:27:39.550  1263  1263 V SystemServerTiming: MakeDisplayManagerServiceReady took to complete: 20ms
05-26 20:27:39.551  1263  1263 D SystemServerTiming: StartDeviceSpecificServices
05-26 20:27:39.551  1263  1263 V SystemServerTiming: StartDeviceSpecificServices took to complete: 0ms
05-26 20:27:39.551  1263  1263 D SystemServerTiming: GameManagerService
05-26 20:27:39.551  1263  1263 I SystemServiceManager: Starting com.android.server.app.GameManagerService$Lifecycle
05-26 20:27:39.556  1263  1263 V HistoricalRegistry: Interaction before persistence initialized
05-26 20:27:39.560  1263  1263 V SystemServerTiming: GameManagerService took to complete: 9ms
05-26 20:27:39.561  1263  1263 D SystemServerTiming: ArtManagerLocal
05-26 20:27:39.561  1263  1263 V SystemServerTiming: ArtManagerLocal took to complete: 0ms
05-26 20:27:39.562  1263  1263 D SystemServerTiming: StartBootPhaseDeviceSpecificServicesReady
05-26 20:27:39.562  1263  1263 I SystemServiceManager: Starting phase 520
05-26 20:27:39.562  1263  1263 D SystemServerTiming: OnBootPhase_520
05-26 20:27:39.562  1263  1263 D SystemServerTiming: OnBootPhase_520_com.android.server.security.FileIntegrityService
05-26 20:27:39.562  1263  1263 V SystemServerTiming: OnBootPhase_520_com.android.server.security.FileIntegrityService took to complete: 0ms
05-26 20:27:39.562  1263  1263 D SystemServerTiming: OnBootPhase_520_com.android.server.pm.Installer
05-26 20:27:39.562  1263  1263 V SystemServerTiming: OnBootPhase_520_com.android.server.pm.Installer took to complete: 0ms
05-26 20:27:39.562  1263  1263 D SystemServerTiming: OnBootPhase_520_com.android.server.os.DeviceIdentifiersPolicyService
05-26 20:27:39.562  1263  1263 V SystemServerTiming: OnBootPhase_520_com.android.server.os.DeviceIdentifiersPolicyService took to complete: 0ms
05-26 20:27:39.563  1263  1263 D SystemServerTiming: OnBootPhase_520_com.android.server.uri.UriGrantsManagerService$Lifecycle
05-26 20:27:39.563  1263  1263 V SystemServerTiming: OnBootPhase_520_com.android.server.uri.UriGrantsManagerService$Lifecycle took to complete: 0ms
05-26 20:27:39.563  1263  1263 D SystemServerTiming: OnBootPhase_520_com.android.server.powerstats.PowerStatsService
05-26 20:27:39.563  1263  1263 V SystemServerTiming: OnBootPhase_520_com.android.server.powerstats.PowerStatsService took to complete: 0ms
05-26 20:27:39.563  1263  1263 D SystemServerTiming: OnBootPhase_520_com.android.server.wm.ActivityTaskManagerService$Lifecycle
05-26 20:27:39.563  1263  1263 V SystemServerTiming: OnBootPhase_520_com.android.server.wm.ActivityTaskManagerService$Lifecycle took to complete: 0ms
05-26 20:27:39.563  1263  1263 D SystemServerTiming: OnBootPhase_520_com.android.server.am.ActivityManagerService$Lifecycle
05-26 20:27:39.564  1263  1263 V SystemServerTiming: OnBootPhase_520_com.android.server.am.ActivityManagerService$Lifecycle took to complete: 0ms
05-26 20:27:39.564  1263  1263 D SystemServerTiming: OnBootPhase_520_com.android.server.pm.DataLoaderManagerService
05-26 20:27:39.564  1263  1263 V SystemServerTiming: OnBootPhase_520_com.android.server.pm.DataLoaderManagerService took to complete: 0ms
05-26 20:27:39.564  1263  1263 D SystemServerTiming: OnBootPhase_520_com.android.server.power.PowerManagerService
05-26 20:27:39.564  1263  1263 V SystemServerTiming: OnBootPhase_520_com.android.server.power.PowerManagerService took to complete: 0ms
05-26 20:27:39.564  1263  1263 D SystemServerTiming: OnBootPhase_520_com.android.server.power.ThermalManagerService
05-26 20:27:39.564  1263  1263 V SystemServerTiming: OnBootPhase_520_com.android.server.power.ThermalManagerService took to complete: 0ms
05-26 20:27:39.565  1263  1263 D SystemServerTiming: OnBootPhase_520_com.android.server.power.hint.HintManagerService
05-26 20:27:39.565  1263  1263 V SystemServerTiming: OnBootPhase_520_com.android.server.power.hint.HintManagerService took to complete: 0ms
05-26 20:27:39.565  1263  1263 D SystemServerTiming: OnBootPhase_520_com.android.server.recoverysystem.RecoverySystemService$Lifecycle
05-26 20:27:39.565  1263  1263 V SystemServerTiming: OnBootPhase_520_com.android.server.recoverysystem.RecoverySystemService$Lifecycle took to complete: 0ms
05-26 20:27:39.565  1263  1263 D SystemServerTiming: OnBootPhase_520_com.android.server.lights.LightsService
05-26 20:27:39.565  1263  1263 V SystemServerTiming: OnBootPhase_520_com.android.server.lights.LightsService took to complete: 0ms
05-26 20:27:39.566  1263  1263 D SystemServerTiming: OnBootPhase_520_com.android.server.display.DisplayManagerService
05-26 20:27:39.566  1263  1263 V SystemServerTiming: OnBootPhase_520_com.android.server.display.DisplayManagerService took to complete: 0ms
05-26 20:27:39.566  1263  1263 D SystemServerTiming: OnBootPhase_520_com.android.server.pm.verify.domain.DomainVerificationService
05-26 20:27:39.566  1263  1263 V SystemServerTiming: OnBootPhase_520_com.android.server.pm.verify.domain.DomainVerificationService took to complete: 0ms
05-26 20:27:39.566  1263  1263 D SystemServerTiming: OnBootPhase_520_com.android.server.pm.PackageInstallerService$Lifecycle
05-26 20:27:39.566  1263  1263 V SystemServerTiming: OnBootPhase_520_com.android.server.pm.PackageInstallerService$Lifecycle took to complete: 0ms
05-26 20:27:39.566  1263  1263 D SystemServerTiming: OnBootPhase_520_com.android.server.pm.UserManagerService$LifeCycle
05-26 20:27:39.566  1263  1263 V SystemServerTiming: OnBootPhase_520_com.android.server.pm.UserManagerService$LifeCycle took to complete: 0ms
05-26 20:27:39.567  1263  1263 D SystemServerTiming: OnBootPhase_520_com.android.server.om.OverlayManagerService
05-26 20:27:39.567  1263  1263 V SystemServerTiming: OnBootPhase_520_com.android.server.om.OverlayManagerService took to complete: 0ms
05-26 20:27:39.567  1263  1263 D SystemServerTiming: OnBootPhase_520_com.android.server.resources.ResourcesManagerService
05-26 20:27:39.567  1263  1263 V SystemServerTiming: OnBootPhase_520_com.android.server.resources.ResourcesManagerService took to complete: 0ms
05-26 20:27:39.567  1263  1263 D SystemServerTiming: OnBootPhase_520_com.android.server.sensorprivacy.SensorPrivacyService
05-26 20:27:39.567  1263  1263 V SystemServerTiming: OnBootPhase_520_com.android.server.sensorprivacy.SensorPrivacyService took to complete: 0ms
05-26 20:27:39.568  1263  1263 D SystemServerTiming: OnBootPhase_520_com.android.server.sensors.SensorService
05-26 20:27:39.568  1263  1263 V SystemServerTiming: OnBootPhase_520_com.android.server.sensors.SensorService took to complete: 0ms
05-26 20:27:39.568  1263  1263 D SystemServerTiming: OnBootPhase_520_com.android.server.SystemConfigService
05-26 20:27:39.568  1263  1263 V SystemServerTiming: OnBootPhase_520_com.android.server.SystemConfigService took to complete: 0ms
05-26 20:27:39.568  1263  1263 D SystemServerTiming: OnBootPhase_520_com.android.server.BatteryService
05-26 20:27:39.568  1263  1263 V SystemServerTiming: OnBootPhase_520_com.android.server.BatteryService took to complete: 0ms
05-26 20:27:39.568  1263  1263 D SystemServerTiming: OnBootPhase_520_com.android.server.usage.UsageStatsService
05-26 20:27:39.568  1263  1263 V SystemServerTiming: OnBootPhase_520_com.android.server.usage.UsageStatsService took to complete: 0ms
05-26 20:27:39.569  1263  1263 D SystemServerTiming: OnBootPhase_520_com.android.server.webkit.WebViewUpdateService
05-26 20:27:39.569  1263  1263 V SystemServerTiming: OnBootPhase_520_com.android.server.webkit.WebViewUpdateService took to complete: 0ms
05-26 20:27:39.569  1263  1263 D SystemServerTiming: OnBootPhase_520_com.android.server.CachedDeviceStateService
05-26 20:27:39.569  1263  1263 V SystemServerTiming: OnBootPhase_520_com.android.server.CachedDeviceStateService took to complete: 0ms
05-26 20:27:39.569  1263  1263 D SystemServerTiming: OnBootPhase_520_com.android.server.BinderCallsStatsService$LifeCycle
05-26 20:27:39.570  1263  1263 V SystemServerTiming: OnBootPhase_520_com.android.server.BinderCallsStatsService$LifeCycle took to complete: 0ms
05-26 20:27:39.570  1263  1263 D SystemServerTiming: OnBootPhase_520_com.android.server.LooperStatsService$Lifecycle
05-26 20:27:39.570  1263  1263 V SystemServerTiming: OnBootPhase_520_com.android.server.LooperStatsService$Lifecycle took to complete: 0ms
05-26 20:27:39.570  1263  1263 D SystemServerTiming: OnBootPhase_520_com.android.server.rollback.RollbackManagerService
05-26 20:27:39.570  1263  1263 V SystemServerTiming: OnBootPhase_520_com.android.server.rollback.RollbackManagerService took to complete: 0ms
05-26 20:27:39.570  1263  1263 D SystemServerTiming: OnBootPhase_520_com.android.server.os.NativeTombstoneManagerService
05-26 20:27:39.570  1263  1263 V SystemServerTiming: OnBootPhase_520_com.android.server.os.NativeTombstoneManagerService took to complete: 0ms
05-26 20:27:39.571  1263  1263 D SystemServerTiming: OnBootPhase_520_com.android.server.os.BugreportManagerService
05-26 20:27:39.571  1263  1263 V SystemServerTiming: OnBootPhase_520_com.android.server.os.BugreportManagerService took to complete: 0ms
05-26 20:27:39.571  1263  1263 D SystemServerTiming: OnBootPhase_520_com.android.server.gpu.GpuService
05-26 20:27:39.571  1263  1263 V SystemServerTiming: OnBootPhase_520_com.android.server.gpu.GpuService took to complete: 0ms
05-26 20:27:39.571  1263  1263 D SystemServerTiming: OnBootPhase_520_com.android.server.security.KeyChainSystemService
05-26 20:27:39.571  1263  1263 V SystemServerTiming: OnBootPhase_520_com.android.server.security.KeyChainSystemService took to complete: 0ms
05-26 20:27:39.571  1263  1263 D SystemServerTiming: OnBootPhase_520_com.android.server.BinaryTransparencyService
05-26 20:27:39.572  1263  1263 V SystemServerTiming: OnBootPhase_520_com.android.server.BinaryTransparencyService took to complete: 0ms
05-26 20:27:39.572  1263  1263 D SystemServerTiming: OnBootPhase_520_com.android.server.telecom.TelecomLoaderService
05-26 20:27:39.572  1263  1263 V SystemServerTiming: OnBootPhase_520_com.android.server.telecom.TelecomLoaderService took to complete: 0ms
05-26 20:27:39.572  1263  1263 D SystemServerTiming: OnBootPhase_520_com.android.server.accounts.AccountManagerService$Lifecycle
05-26 20:27:39.572  1263  1263 V SystemServerTiming: OnBootPhase_520_com.android.server.accounts.AccountManagerService$Lifecycle took to complete: 0ms
05-26 20:27:39.572  1263  1263 D SystemServerTiming: OnBootPhase_520_com.android.server.content.ContentService$Lifecycle
05-26 20:27:39.573  1263  1263 V SystemServerTiming: OnBootPhase_520_com.android.server.content.ContentService$Lifecycle took to complete: 0ms
05-26 20:27:39.573  1263  1263 D SystemServerTiming: OnBootPhase_520_com.android.server.DropBoxManagerService
05-26 20:27:39.573  1263  1263 V SystemServerTiming: OnBootPhase_520_com.android.server.DropBoxManagerService took to complete: 0ms
05-26 20:27:39.573  1263  1263 D SystemServerTiming: OnBootPhase_520_com.android.role.RoleService
05-26 20:27:39.573  1263  1263 V SystemServerTiming: OnBootPhase_520_com.android.role.RoleService took to complete: 0ms
05-26 20:27:39.573  1263  1263 D SystemServerTiming: OnBootPhase_520_com.android.server.vibrator.VibratorManagerService$Lifecycle
05-26 20:27:39.573  1263  1263 V SystemServerTiming: OnBootPhase_520_com.android.server.vibrator.VibratorManagerService$Lifecycle took to complete: 0ms
05-26 20:27:39.574  1263  1263 D SystemServerTiming: OnBootPhase_520_com.android.server.tare.InternalResourceService
05-26 20:27:39.574  1263  1263 V SystemServerTiming: OnBootPhase_520_com.android.server.tare.InternalResourceService took to complete: 0ms
05-26 20:27:39.574  1263  1263 D SystemServerTiming: OnBootPhase_520_com.android.server.alarm.AlarmManagerService
05-26 20:27:39.574  1263  1263 V SystemServerTiming: OnBootPhase_520_com.android.server.alarm.AlarmManagerService took to complete: 0ms
05-26 20:27:39.574  1263  1263 D SystemServerTiming: OnBootPhase_520_com.android.server.devicestate.DeviceStateManagerService
05-26 20:27:39.574  1263  1263 V SystemServerTiming: OnBootPhase_520_com.android.server.devicestate.DeviceStateManagerService took to complete: 0ms
05-26 20:27:39.574  1263  1263 D SystemServerTiming: OnBootPhase_520_com.android.server.camera.CameraServiceProxy
05-26 20:27:39.575  1263  1263 V SystemServerTiming: OnBootPhase_520_com.android.server.camera.CameraServiceProxy took to complete: 0ms
05-26 20:27:39.575  1263  1263 D SystemServerTiming: OnBootPhase_520_com.android.server.bluetooth.BluetoothService
05-26 20:27:39.575  1263  1263 V SystemServerTiming: OnBootPhase_520_com.android.server.bluetooth.BluetoothService took to complete: 0ms
05-26 20:27:39.575  1263  1263 D SystemServerTiming: OnBootPhase_520_com.android.server.connectivity.IpConnectivityMetrics
05-26 20:27:39.575  1263  1263 V SystemServerTiming: OnBootPhase_520_com.android.server.connectivity.IpConnectivityMetrics took to complete: 0ms
05-26 20:27:39.575  1263  1263 D SystemServerTiming: OnBootPhase_520_com.android.server.net.watchlist.NetworkWatchlistService$Lifecycle
05-26 20:27:39.575  1263  1263 V SystemServerTiming: OnBootPhase_520_com.android.server.net.watchlist.NetworkWatchlistService$Lifecycle took to complete: 0ms
05-26 20:27:39.576  1263  1263 D SystemServerTiming: OnBootPhase_520_com.android.server.PinnerService
05-26 20:27:39.576  1263  1263 V SystemServerTiming: OnBootPhase_520_com.android.server.PinnerService took to complete: 0ms
05-26 20:27:39.576  1263  1263 D SystemServerTiming: OnBootPhase_520_com.android.server.integrity.AppIntegrityManagerService
05-26 20:27:39.576  1263  1263 V SystemServerTiming: OnBootPhase_520_com.android.server.integrity.AppIntegrityManagerService took to complete: 0ms
05-26 20:27:39.576  1263  1263 D SystemServerTiming: OnBootPhase_520_com.android.server.logcat.LogcatManagerService
05-26 20:27:39.576  1263  1263 V SystemServerTiming: OnBootPhase_520_com.android.server.logcat.LogcatManagerService took to complete: 0ms
05-26 20:27:39.576  1263  1263 D SystemServerTiming: OnBootPhase_520_com.android.server.derp.LineageGlobalActionsService
05-26 20:27:39.577  1263  1263 V SystemServerTiming: OnBootPhase_520_com.android.server.derp.LineageGlobalActionsService took to complete: 0ms
05-26 20:27:39.577  1263  1263 D SystemServerTiming: OnBootPhase_520_com.android.server.inputmethod.InputMethodManagerService$Lifecycle
05-26 20:27:39.577  1263  1263 V SystemServerTiming: OnBootPhase_520_com.android.server.inputmethod.InputMethodManagerService$Lifecycle took to complete: 0ms
05-26 20:27:39.577  1263  1263 D SystemServerTiming: OnBootPhase_520_com.android.server.accessibility.AccessibilityManagerService$Lifecycle
05-26 20:27:39.577  1263  1263 V SystemServerTiming: OnBootPhase_520_com.android.server.accessibility.AccessibilityManagerService$Lifecycle took to complete: 0ms
05-26 20:27:39.577  1263  1263 D SystemServerTiming: OnBootPhase_520_com.android.server.StorageManagerService$Lifecycle
05-26 20:27:39.577  1263  1263 V SystemServerTiming: OnBootPhase_520_com.android.server.StorageManagerService$Lifecycle took to complete: 0ms
05-26 20:27:39.578  1263  1263 D SystemServerTiming: OnBootPhase_520_com.android.server.usage.StorageStatsService$Lifecycle
05-26 20:27:39.578  1263  1263 V SystemServerTiming: OnBootPhase_520_com.android.server.usage.StorageStatsService$Lifecycle took to complete: 0ms
05-26 20:27:39.578  1263  1263 D SystemServerTiming: OnBootPhase_520_com.android.server.UiModeManagerService
05-26 20:27:39.578  1263  1263 V SystemServerTiming: OnBootPhase_520_com.android.server.UiModeManagerService took to complete: 0ms
05-26 20:27:39.578  1263  1263 D SystemServerTiming: OnBootPhase_520_com.android.server.locales.LocaleManagerService
05-26 20:27:39.578  1263  1263 V SystemServerTiming: OnBootPhase_520_com.android.server.locales.LocaleManagerService took to complete: 0ms
05-26 20:27:39.578  1263  1263 D SystemServerTiming: OnBootPhase_520_com.android.server.locksettings.LockSettingsService$Lifecycle
05-26 20:27:39.578  1263  1263 V SystemServerTiming: OnBootPhase_520_com.android.server.locksettings.LockSettingsService$Lifecycle took to complete: 0ms
05-26 20:27:39.579  1263  1263 D SystemServerTiming: OnBootPhase_520_com.android.server.PersistentDataBlockService
05-26 20:27:39.579  1263  1263 V SystemServerTiming: OnBootPhase_520_com.android.server.PersistentDataBlockService took to complete: 0ms
05-26 20:27:39.579  1263  1263 D SystemServerTiming: OnBootPhase_520_com.android.server.testharness.TestHarnessModeService
05-26 20:27:39.579  1263  1263 V SystemServerTiming: OnBootPhase_520_com.android.server.testharness.TestHarnessModeService took to complete: 0ms
05-26 20:27:39.579  1263  1263 D SystemServerTiming: OnBootPhase_520_com.android.server.oemlock.OemLockService
05-26 20:27:39.580  1263  1263 V SystemServerTiming: OnBootPhase_520_com.android.server.oemlock.OemLockService took to complete: 0ms
05-26 20:27:39.580  1263  1263 D SystemServerTiming: OnBootPhase_520_com.android.server.DeviceIdleController
05-26 20:27:39.580  1263  1263 V SystemServerTiming: OnBootPhase_520_com.android.server.DeviceIdleController took to complete: 0ms
05-26 20:27:39.580  1263  1263 D SystemServerTiming: OnBootPhase_520_com.android.server.devicepolicy.DevicePolicyManagerService$Lifecycle
