05-19 10:05:51.092  1239  1239 V StorageManagerService: Package com.android.providers.blockednumber does not have legacy storage
05-19 10:05:51.092  1239  1239 V StorageManagerService: Package com.bootleggers.shishufied.theme.solarized.systemui does not have legacy storage
05-19 10:05:51.092  1239  1239 V StorageManagerService: Package com.android.providers.userdictionary does not have legacy storage
05-19 10:05:51.092  1239  1239 V StorageManagerService: Package com.android.providers.media.module does not have legacy storage
05-19 10:05:51.092  1239  1239 V StorageManagerService: Package com.bootleggers.shishufied.clockfont.Fibography does not have legacy storage
05-19 10:05:51.092  1239  1239 V StorageManagerService: Package com.android.emergency does not have legacy storage
05-19 10:05:51.092  1239  1239 V StorageManagerService: Package com.android.systemui.signalbar_l does not have legacy storage
05-19 10:05:51.092  1239  1239 V StorageManagerService: Package com.android.systemui.signalbar_m does not have legacy storage
05-19 10:05:51.093  1239  1239 V StorageManagerService: Package com.bootleggers.shishufied.clockfont.MonbijouxClownpiece does not have legacy storage
05-19 10:05:51.093  1239  1239 V StorageManagerService: Package com.android.captiveportallogin.overlay does not have legacy storage
05-19 10:05:51.093  1239  1239 V StorageManagerService: Package com.android.hotspot2.osulogin does not have legacy storage
05-19 10:05:51.093  1239  1239 V StorageManagerService: Package com.google.android.gms.location.history does not have legacy storage
05-19 10:05:51.093  1239  1239 V StorageManagerService: Package com.android.internal.systemui.navbar.gestural does not have legacy storage
05-19 10:05:51.093  1239  1239 V StorageManagerService: Package com.bootleggers.shishufied.clockfont.Romantiques does not have legacy storage
05-19 10:05:51.093  1239  1239 V StorageManagerService: Package com.android.theme.font.cagliostrosource does not have legacy storage
05-19 10:05:51.093  1239  1239 V StorageManagerService: Package com.android.storagemanager.overlay does not have legacy storage
05-19 10:05:51.094  1239  1239 V StorageManagerService: Package com.android.location.fused does not have legacy storage
05-19 10:05:51.094  1239  1239 V StorageManagerService: Package com.android.systemui does not have legacy storage
05-19 10:05:51.094  1239  1239 V StorageManagerService: Package com.google.android.apps.youtube.music does not have legacy storage
05-19 10:05:51.094  1239  1239 V StorageManagerService: Package com.android.bluetoothmidiservice does not have legacy storage
05-19 10:05:51.094  1239  1239 V StorageManagerService: Package com.bootleggers.shishufied.clockfont.Pinewood does not have legacy storage
05-19 10:05:51.094  1239  1239 V StorageManagerService: Package com.android.wifi.resources.yogurt does not have legacy storage
05-19 10:05:51.094  1239  1239 V StorageManagerService: Package com.android.theme.font.opensauce does not have legacy storage
05-19 10:05:51.094  1239  1239 V StorageManagerService: Package com.bootleggers.shishufied.theme.optronic.settings does not have legacy storage
05-19 10:05:51.094  1239  1239 V StorageManagerService: Package com.bootleggers.shishufied.clockfont.LittleBunny does not have legacy storage
05-19 10:05:51.094  1239  1239 V StorageManagerService: Package com.android.permissioncontroller does not have legacy storage
05-19 10:05:51.095  1239  1239 V StorageManagerService: Package com.android.internal.display.cutout.emulation.notchbarkiller does not have legacy storage
05-19 10:05:51.095  1239  1239 V StorageManagerService: Package com.android.theme.font.gothamono does not have legacy storage
05-19 10:05:51.095  1239  1239 V StorageManagerService: Package com.bootleggers.shishufied.theme.shishu.settings does not have legacy storage
05-19 10:05:51.095  1239  1239 V StorageManagerService: Package com.bootleggers.shishufied.theme.unmonet.systemui does not have legacy storage
05-19 10:05:51.095  1239  1239 V StorageManagerService: Package com.bootleggers.shishufied.clockfont.kroppenfwo does not have legacy storage
05-19 10:05:51.095  1239  1239 V StorageManagerService: Package com.bootleggers.shishufied.clockfont.HotSweat does not have legacy storage
05-19 10:05:51.095  1239  1239 V StorageManagerService: Package com.android.theme.font.scientifica does not have legacy storage
05-19 10:05:51.095  1239  1239 V StorageManagerService: Package com.android.systemui.LivWifi does not have legacy storage
05-19 10:05:51.095  1239  1239 V StorageManagerService: Package com.derp.systemui.wifibar_a does not have legacy storage
05-19 10:05:51.095  1239  1239 V StorageManagerService: Package com.derp.systemui.wifibar_b does not have legacy storage
05-19 10:05:51.095  1239  1239 V StorageManagerService: Package com.derp.systemui.wifibar_c does not have legacy storage
05-19 10:05:51.095  1239  1239 V StorageManagerService: Package com.derp.systemui.wifibar_d does not have legacy storage
05-19 10:05:51.096  1239  1239 V StorageManagerService: Package com.derp.systemui.wifibar_e does not have legacy storage
05-19 10:05:51.096  1239  1239 V StorageManagerService: Package com.derp.systemui.wifibar_f does not have legacy storage
05-19 10:05:51.096  1239  1239 V StorageManagerService: Package com.derp.systemui.wifibar_g does not have legacy storage
05-19 10:05:51.096  1239  1239 V StorageManagerService: Package com.derp.systemui.wifibar_h does not have legacy storage
05-19 10:05:51.096  1239  1239 V StorageManagerService: Package com.derp.systemui.wifibar_i does not have legacy storage
05-19 10:05:51.097  1239  1239 V StorageManagerService: Package com.derp.systemui.wifibar_j does not have legacy storage
05-19 10:05:51.097  1239  1239 V StorageManagerService: Package com.bootleggers.shishufied.clockfont.biko does not have legacy storage
05-19 10:05:51.100  1239  1239 V StorageManagerService: Package com.bootleggers.shishufied.clockfont.slim does not have legacy storage
05-19 10:05:51.100  1239  1239 V StorageManagerService: Package com.bootleggers.shishufied.clockfont.Kingthings does not have legacy storage
05-19 10:05:51.100  1239  1239 V StorageManagerService: Package com.bootleggers.shishufied.clockfont.SpaceGame does not have legacy storage
05-19 10:05:51.100  1239  1239 V StorageManagerService: Package com.android.ondevicepersonalization.services does not have legacy storage
05-19 10:05:51.101  1239  1239 V StorageManagerService: Package com.android.theme.font.bignoodle does not have legacy storage
05-19 10:05:51.101  1239  1239 V StorageManagerService: Package com.android.bluetooth does not have legacy storage
05-19 10:05:51.101  1239  1239 V StorageManagerService: Package com.bootleggers.shishufied.theme.shishuillusions.android does not have legacy storage
05-19 10:05:51.101  1239  1239 V StorageManagerService: Package com.bootleggers.shishufied.clockfont.Floorlight does not have legacy storage
05-19 10:05:51.101  1239  1239 V StorageManagerService: Package com.android.server.telecom.overlay.pixel does not have legacy storage
05-19 10:05:51.101  1239  1239 V StorageManagerService: Package com.android.theme.icon.cloudy does not have legacy storage
05-19 10:05:51.101  1239  1239 V StorageManagerService: Package com.android.providers.contacts does not have legacy storage
05-19 10:05:51.101  1239  1239 V StorageManagerService: Package com.custom.systemui.wifiNothingDot does not have legacy storage
05-19 10:05:51.101  1239  1239 V StorageManagerService: Package com.android.captiveportallogin does not have legacy storage
05-19 10:05:51.101  1239  1239 V StorageManagerService: Package org.pixelexperience.faceunlock does not have legacy storage
05-19 10:05:51.101  1239  1239 V StorageManagerService: Package com.android.theme.icon.roundedrect does not have legacy storage
05-19 10:05:51.101  1239  1270 W ActivityManager: Slow operation: 86ms so far, now at startProcess: returned from zygote!
05-19 10:05:51.102  1239  1239 V StorageManagerService: Package com.android.theme.font.now does not have legacy storage
05-19 10:05:51.102  1239  1239 V StorageManagerService: Package com.bootleggers.shishufied.clockfont.sfsofttime does not have legacy storage
05-19 10:05:51.102  1239  1239 V StorageManagerService: Package com.android.theme.icon_pack.aurora.android does not have legacy storage
05-19 10:05:51.102  1239  1239 V StorageManagerService: Package com.bootleggers.shishufied.clockfont.karmaticarcade does not have legacy storage
05-19 10:05:51.102  1239  1239 V StorageManagerService: Package com.android.internal.systemui.navbar.gestural_narrow_back does not have legacy storage
05-19 10:05:51.102  1239  1239 V StorageManagerService: Package com.android.theme.icon_pack.acherus.settings does not have legacy storage
05-19 10:05:51.102  1239  1239 V StorageManagerService: Package com.android.theme.icon.flower does not have legacy storage
05-19 10:05:51.102  1239  1239 V StorageManagerService: Package com.android.theme.font.exo2 does not have legacy storage
05-19 10:05:51.103  1239  1239 V StorageManagerService: Package com.android.theme.icon_pack.rounded.settings does not have legacy storage
05-19 10:05:51.103  1239  1270 W ActivityManager: Slow operation: 88ms so far, now at startProcess: done updating battery stats
05-19 10:05:51.103  1239  1239 V StorageManagerService: Package com.android.theme.font.gravity does not have legacy storage
05-19 10:05:51.103  1239  1239 V StorageManagerService: Package com.android.theme.font.sofiasans does not have legacy storage
05-19 10:05:51.103  1239  1270 W ActivityManager: Slow operation: 88ms so far, now at startProcess: building log message
05-19 10:05:51.103  1239  1270 I ActivityManager: Start proc 1565:com.android.networkstack.process/1073 for service {com.android.networkstack/com.android.server.NetworkStackService}
05-19 10:05:51.103  1239  1270 W ActivityManager: Slow operation: 88ms so far, now at startProcess: starting to update pids map
05-19 10:05:51.103  1239  1239 V StorageManagerService: Package com.google.android.inputmethod.latin does not have legacy storage
05-19 10:05:51.103  1239  1239 V StorageManagerService: Package com.android.systemui.signalbar_ios does not have legacy storage
05-19 10:05:51.103  1239  1239 V StorageManagerService: Package com.google.android.storagemanager does not have legacy storage
05-19 10:05:51.104  1239  1270 W ActivityManager: Slow operation: 89ms so far, now at startProcess: done updating pids map
05-19 10:05:51.104  1239  1239 V StorageManagerService: Package com.android.theme.icon_pack.circular.android does not have legacy storage
05-19 10:05:51.104  1239  1239 V StorageManagerService: Package com.google.android.apps.restore does not have legacy storage
05-19 10:05:51.104  1239  1239 D SystemServerTiming: ssm.onStartUser-0_com.android.server.usage.StorageStatsService$Lifecycle
05-19 10:05:51.104  1239  1239 D SystemServerTiming: ssm.onStartUser-0_com.android.server.UiModeManagerService
05-19 10:05:51.104  1239  1239 D SystemServerTiming: ssm.onStartUser-0_com.android.server.locales.LocaleManagerService
05-19 10:05:51.104  1239  1239 D SystemServerTiming: ssm.onStartUser-0_com.android.server.locksettings.LockSettingsService$Lifecycle
05-19 10:05:51.104  1239  1239 D SystemServerTiming: ssm.onStartUser-0_com.android.server.PersistentDataBlockService
05-19 10:05:51.104  1239  1239 D SystemServerTiming: ssm.onStartUser-0_com.android.server.testharness.TestHarnessModeService
05-19 10:05:51.104  1239  1239 D SystemServerTiming: ssm.onStartUser-0_com.android.server.oemlock.OemLockService
05-19 10:05:51.105  1239  1239 D SystemServerTiming: ssm.onStartUser-0_com.android.server.DeviceIdleController
05-19 10:05:51.105  1239  1239 D SystemServerTiming: ssm.onStartUser-0_com.android.server.devicepolicy.DevicePolicyManagerService$Lifecycle
05-19 10:05:51.105  1239  1239 D SystemServerTiming: ssm.onStartUser-0_com.android.server.musicrecognition.MusicRecognitionManagerService
05-19 10:05:51.105  1239  1239 D SystemServerTiming: ssm.onStartUser-0_com.android.server.contentcapture.ContentCaptureManagerService
05-19 10:05:51.105  1239  1239 D SystemServerTiming: ssm.onStartUser-0_com.android.server.attention.AttentionManagerService
05-19 10:05:51.105  1239  1239 D SystemServerTiming: ssm.onStartUser-0_com.android.server.rotationresolver.RotationResolverManagerService
05-19 10:05:51.105  1239  1239 D SystemServerTiming: ssm.onStartUser-0_com.android.server.systemcaptions.SystemCaptionsManagerService
05-19 10:05:51.105  1239  1239 D SystemServerTiming: ssm.onStartUser-0_com.android.server.texttospeech.TextToSpeechManagerService
05-19 10:05:51.105  1239  1239 D SystemServerTiming: ssm.onStartUser-0_com.android.server.ambientcontext.AmbientContextManagerService
05-19 10:05:51.105  1239  1239 D SystemServerTiming: ssm.onStartUser-0_com.android.server.speech.SpeechRecognitionManagerService
05-19 10:05:51.105  1239  1239 D SystemServerTiming: ssm.onStartUser-0_com.android.server.appprediction.AppPredictionManagerService
05-19 10:05:51.105  1239  1239 D SystemServerTiming: ssm.onStartUser-0_com.android.server.contentsuggestions.ContentSuggestionsManagerService
05-19 10:05:51.105  1239  1239 D SystemServerTiming: ssm.onStartUser-0_com.android.server.searchui.SearchUiManagerService
05-19 10:05:51.105  1239  1239 D SystemServerTiming: ssm.onStartUser-0_com.android.server.smartspace.SmartspaceManagerService
05-19 10:05:51.105  1239  1239 D SystemServerTiming: ssm.onStartUser-0_com.android.server.graphics.fonts.FontManagerService$Lifecycle
05-19 10:05:51.105  1239  1239 D SystemServerTiming: ssm.onStartUser-0_com.android.server.textservices.TextServicesManagerService$Lifecycle
05-19 10:05:51.105  1239  1239 D SystemServerTiming: ssm.onStartUser-0_com.android.server.textclassifier.TextClassificationManagerService$Lifecycle
05-19 10:05:51.106  1239  1239 D SystemServerTiming: ssm.onStartUser-0_com.android.server.NetworkScoreService$Lifecycle
05-19 10:05:51.107  1239  1239 D SystemServerTiming: ssm.onStartUser-0_com.android.server.NetworkStatsServiceInitializer
05-19 10:05:51.107  1239  1239 D SystemServerTiming: ssm.onStartUser-0_com.android.server.wifi.WifiService
05-19 10:05:51.107  1239  1239 D SystemServerTiming: ssm.onStartUser-0_com.android.server.wifi.scanner.WifiScanningService
05-19 10:05:51.107  1239  1239 D SystemServerTiming: ssm.onStartUser-0_com.android.server.wifi.p2p.WifiP2pService
05-19 10:05:51.107  1239  1239 D SystemServerTiming: ssm.onStartUser-0_com.android.server.ConnectivityServiceInitializer
05-19 10:05:51.107  1239  1239 D SystemServerTiming: ssm.onStartUser-0_com.android.server.notification.NotificationManagerService
05-19 10:05:51.107  1239  1239 D SystemServerTiming: ssm.onStartUser-0_com.android.server.storage.DeviceStorageMonitorService
05-19 10:05:51.107  1239  1239 D SystemServerTiming: ssm.onStartUser-0_com.android.server.location.LocationManagerService$Lifecycle
05-19 10:05:51.107  1239  1239 D SystemServerTiming: ssm.onStartUser-0_com.android.server.timedetector.TimeDetectorService$Lifecycle
05-19 10:05:51.107  1239  1239 D SystemServerTiming: ssm.onStartUser-0_com.android.server.timezonedetector.TimeZoneDetectorService$Lifecycle
05-19 10:05:51.107  1239  1239 D SystemServerTiming: ssm.onStartUser-0_com.android.server.timezonedetector.location.LocationTimeZoneManagerService$Lifecycle
05-19 10:05:51.107  1239  1239 D SystemServerTiming: ssm.onStartUser-0_com.android.server.search.SearchManagerService$Lifecycle
05-19 10:05:51.107  1239  1239 D SystemServerTiming: ssm.onStartUser-0_com.android.server.wallpaper.WallpaperManagerService$Lifecycle
05-19 10:05:51.107  1239  1239 D SystemServerTiming: ssm.onStartUser-0_com.android.server.wallpapereffectsgeneration.WallpaperEffectsGenerationManagerService
05-19 10:05:51.107  1239  1239 D SystemServerTiming: ssm.onStartUser-0_com.android.server.audio.AudioService$Lifecycle
05-19 10:05:51.108  1239  1239 D SystemServerTiming: ssm.onStartUser-0_com.android.server.soundtrigger_middleware.SoundTriggerMiddlewareService$Lifecycle
05-19 10:05:51.108  1239  1239 D SystemServerTiming: ssm.onStartUser-0_com.android.server.DockObserver
05-19 10:05:51.108  1239  1239 D SystemServerTiming: ssm.onStartUser-0_com.android.server.midi.MidiService$Lifecycle
05-19 10:05:51.108  1239  1239 D SystemServerTiming: ssm.onStartUser-0_com.android.server.adb.AdbService$Lifecycle
05-19 10:05:51.108  1239  1239 D SystemServerTiming: ssm.onStartUser-0_com.android.server.usb.UsbService$Lifecycle
05-19 10:05:51.108  1239  1239 D SystemServerTiming: ssm.onStartUser-0_com.android.server.twilight.TwilightService
05-19 10:05:51.108  1239  1239 D SystemServerTiming: ssm.onStartUser-0_com.android.server.display.color.ColorDisplayService
05-19 10:05:51.108  1239  1239 D SystemServerTiming: ssm.onStartUser-0_com.android.server.job.JobSchedulerService
05-19 10:05:51.108  1239  1239 D SystemServerTiming: ssm.onStartUser-0_com.android.server.soundtrigger.SoundTriggerService
05-19 10:05:51.108  1239  1239 D SystemServerTiming: ssm.onStartUser-0_com.android.server.trust.TrustManagerService
05-19 10:05:51.108  1239  1239 D SystemServerTiming: ssm.onStartUser-0_com.android.server.backup.BackupManagerService$Lifecycle
05-19 10:05:51.108  1239  1239 D SystemServerTiming: ssm.onStartUser-0_com.android.server.appwidget.AppWidgetService
05-19 10:05:51.108  1239  1239 D SystemServerTiming: ssm.onStartUser-0_com.android.server.voiceinteraction.VoiceInteractionManagerService
05-19 10:05:51.114  1438  1438 V WindowManagerShell: Adding init callback for PipTouchHandler
05-19 10:05:51.115  1438  1438 V WindowManagerShell: Adding init callback for DevicePostureController
05-19 10:05:51.115  1438  1438 V WindowManagerShell: Adding init callback for TabletopModeController
05-19 10:05:51.117  1438  1438 V WindowManagerShell: Adding init callback for PipController
05-19 10:05:51.121  1438  1438 V WindowManagerShell: Adding init callback for FullscreenTaskListener
05-19 10:05:51.128  1239  1354 D CompatibilityChangeReporter: Compat change id reported: 168419799; UID 1073; state: DISABLED
05-19 10:05:51.128  1239  1354 D CompatibilityChangeReporter: Compat change id reported: 273564678; UID 1073; state: DISABLED
05-19 10:05:51.131  1239  1239 D SystemServerTiming: ssm.onStartUser-0_com.android.server.apphibernation.AppHibernationService
05-19 10:05:51.131  1239  1239 D SystemServerTiming: ssm.onStartUser-0_com.android.server.GestureLauncherService
05-19 10:05:51.131  1239  1239 D SystemServerTiming: ssm.onStartUser-0_com.android.server.SensorNotificationService
05-19 10:05:51.131  1239  1239 D SystemServerTiming: ssm.onStartUser-0_com.android.server.emergency.EmergencyAffordanceService
05-19 10:05:51.131  1239  1239 D SystemServerTiming: ssm.onStartUser-0_com.android.server.blob.BlobStoreManagerService
05-19 10:05:51.131  1239  1239 D SystemServerTiming: ssm.onStartUser-0_com.android.server.dreams.DreamManagerService
05-19 10:05:51.131  1239  1239 D SystemServerTiming: ssm.onStartUser-0_com.android.server.print.PrintManagerService
05-19 10:05:51.131  1239  1239 D SystemServerTiming: ssm.onStartUser-0_com.android.server.security.AttestationVerificationManagerService
05-19 10:05:51.131  1239  1239 D SystemServerTiming: ssm.onStartUser-0_com.android.server.companion.CompanionDeviceManagerService
05-19 10:05:51.131  1239  1239 D SystemServerTiming: ssm.onStartUser-0_com.android.server.companion.virtual.VirtualDeviceManagerService
05-19 10:05:51.134  1239  1354 D CompatibilityChangeReporter: Compat change id reported: 168419799; UID 1073; state: DISABLED
05-19 10:05:51.135  1239  1354 D CompatibilityChangeReporter: Compat change id reported: 273564678; UID 1073; state: DISABLED
05-19 10:05:51.137  1438  1438 V WindowManagerShell: Adding init callback for StartingWindowController
05-19 10:05:51.137  1438  1438 V WindowManagerShell: Adding init callback for ProtoLogController
05-19 10:05:51.137  1239  1239 D SystemServerTiming: ssm.onStartUser-0_com.android.server.restrictions.RestrictionsManagerService
05-19 10:05:51.137  1239  1239 D SystemServerTiming: ssm.onStartUser-0_com.android.server.media.MediaSessionService
05-19 10:05:51.137  1239  1239 D SystemServerTiming: ssm.onStartUser-0_com.android.server.media.MediaResourceMonitorService
05-19 10:05:51.137  1239  1239 D SystemServerTiming: ssm.onStartUser-0_com.android.server.biometrics.sensors.face.FaceService
05-19 10:05:51.137  1239  1239 D SystemServerTiming: ssm.onStartUser-0_com.android.server.biometrics.sensors.fingerprint.FingerprintService
05-19 10:05:51.137  1239  1239 D SystemServerTiming: ssm.onStartUser-0_com.android.server.biometrics.BiometricService
05-19 10:05:51.137  1239  1239 D SystemServerTiming: ssm.onStartUser-0_com.android.server.biometrics.AuthService
05-19 10:05:51.138  1239  1239 D SystemServerTiming: ssm.onStartUser-0_com.android.server.app.AppLockManagerService$Lifecycle
05-19 10:05:51.138  1438  1438 V WindowManagerShell: Adding init callback for KidsModeTaskOrganizer
05-19 10:05:51.138  1239  1239 I AppLockManagerService: onUserStarting: userId = 0
05-19 10:05:51.143  1438  1438 V WindowManagerShell: Adding init callback for BackAnimationController
05-19 10:05:51.143  1438  1515 V WindowManagerShell: Initializing Shell Components: 23
05-19 10:05:51.143  1239  1354 W PackageManager: Loading a package that does not exist for the calling user. package=null, user=0
05-19 10:05:51.144  1239  1354 W PackageManager: Loading a package that does not exist for the calling user. package=null, user=0
05-19 10:05:51.145  1438  1515 V WindowManagerShell: 	DisplayChangeController init took 2ms
05-19 10:05:51.147  1239  1239 D SystemServerTiming: ssm.onStartUser-0_com.android.server.pm.ShortcutService$Lifecycle
05-19 10:05:51.147  1239  1239 D SystemServerTiming: ssm.onStartUser-0_com.android.server.pm.LauncherAppsService
05-19 10:05:51.147  1239  1239 D SystemServerTiming: ssm.onStartUser-0_com.android.server.pm.CrossProfileAppsService
05-19 10:05:51.147  1239  1239 D SystemServerTiming: ssm.onStartUser-0_com.android.server.pocket.PocketService
05-19 10:05:51.147  1239  1239 D SystemServerTiming: ssm.onStartUser-0_com.android.server.people.PeopleService
05-19 10:05:51.147  1239  1239 D SystemServerTiming: ssm.onStartUser-0_com.android.server.media.metrics.MediaMetricsManagerService
05-19 10:05:51.147  1239  1239 D SystemServerTiming: ssm.onStartUser-0_com.android.server.derp.CustomDeviceConfigService
05-19 10:05:51.147  1239  1239 D SystemServerTiming: ssm.onStartUser-0_com.android.server.vibrator.LinearmotorVibratorService
05-19 10:05:51.147  1239  1239 D SystemServerTiming: ssm.onStartUser-0_com.android.server.derp.LineageHardwareService
05-19 10:05:51.147  1239  1239 D SystemServerTiming: ssm.onStartUser-0_com.android.server.derp.display.LiveDisplayService
05-19 10:05:51.147  1239  1239 D SystemServerTiming: ssm.onStartUser-0_com.android.server.derp.health.HealthInterfaceService
05-19 10:05:51.147  1239  1239 D SystemServerTiming: ssm.onStartUser-0_com.android.server.media.projection.MediaProjectionManagerService
05-19 10:05:51.147  1239  1239 D SystemServerTiming: ssm.onStartUser-0_com.android.server.slice.SliceManagerService$Lifecycle
05-19 10:05:51.147  1239  1239 D SystemServerTiming: ssm.onStartUser-0_com.android.server.stats.StatsCompanion$Lifecycle
05-19 10:05:51.147  1239  1239 D SystemServerTiming: ssm.onStartUser-0_com.android.server.scheduling.RebootReadinessManagerService$Lifecycle
05-19 10:05:51.147  1239  1239 D SystemServerTiming: ssm.onStartUser-0_com.android.server.stats.pull.StatsPullAtomService
05-19 10:05:51.147  1239  1239 D SystemServerTiming: ssm.onStartUser-0_com.android.server.stats.bootstrap.StatsBootstrapAtomService$Lifecycle
05-19 10:05:51.147  1239  1239 D SystemServerTiming: ssm.onStartUser-0_com.android.server.incident.IncidentCompanionService
05-19 10:05:51.147  1239  1239 D SystemServerTiming: ssm.onStartUser-0_com.android.server.sdksandbox.SdkSandboxManagerService$Lifecycle
05-19 10:05:51.147  1239  1239 D SystemServerTiming: ssm.onStartUser-0_com.android.server.adservices.AdServicesManagerService$Lifecycle
05-19 10:05:51.147  1239  1239 D SystemServerTiming: ssm.onStartUser-0_com.android.server.MmsServiceBroker
05-19 10:05:51.147  1239  1239 D SystemServerTiming: ssm.onStartUser-0_com.android.server.autofill.AutofillManagerService
05-19 10:05:51.147  1239  1239 D SystemServerTiming: ssm.onStartUser-0_com.android.server.translation.TranslationManagerService
05-19 10:05:51.147  1239  1239 D SystemServerTiming: ssm.onStartUser-0_com.android.server.clipboard.ClipboardService
05-19 10:05:51.147  1239  1239 D SystemServerTiming: ssm.onStartUser-0_com.android.server.appbinding.AppBindingService$Lifecycle
05-19 10:05:51.148  1239  1239 D SystemServerTiming: ssm.onStartUser-0_com.android.server.tracing.TracingServiceProxy
05-19 10:05:51.148  1239  1239 D SystemServerTiming: ssm.onStartUser-0_com.android.server.policy.PermissionPolicyService
05-19 10:05:51.148  1239  1239 D SystemServerTiming: ssm.onStartUser-0_com.android.server.pm.StagingManager$Lifecycle
05-19 10:05:51.148  1239  1239 D SystemServerTiming: ssm.onStartUser-0_com.android.server.app.GameManagerService$Lifecycle
05-19 10:05:51.149  1438  1515 V WindowManagerShell: 	DisplayController init took 4ms
05-19 10:05:51.151  1438  1515 V WindowManagerShell: 	DisplayInsetsController init took 2ms
05-19 10:05:51.151  1438  1515 V WindowManagerShell: 	DisplayImeController init took 0ms
05-19 10:05:51.152  1239  1239 V GameManagerService: Settings file doesn't exists, skip reading
05-19 10:05:51.152  1438  1515 V WindowManagerShell: Adding dump callback for ShellController
05-19 10:05:51.152  1239  1239 D SystemServerTiming: ssm.onStartUser-0_com.android.safetycenter.SafetyCenterService
05-19 10:05:51.152  1239  1239 D SystemServerTiming: ssm.onStartUser-0_com.android.server.appsearch.AppSearchModule$Lifecycle
05-19 10:05:51.152  1239  1239 D SystemServerTiming: ssm.onStartUser-0_com.android.server.media.MediaCommunicationService
05-19 10:05:51.152  1438  1515 V WindowManagerShell: 	ShellController init took 1ms
05-19 10:05:51.152  1239  1239 D SystemServerTiming: ssm.onStartUser-0_com.android.server.compat.overrides.AppCompatOverridesService$Lifecycle
05-19 10:05:51.152  1239  1239 D SystemServerTiming: ssm.onStartUser-0_com.android.server.derp.ParallelSpaceManagerService
05-19 10:05:51.152  1239  1239 D SystemServerTiming: startPersistentApps
05-19 10:05:51.152  1438  1515 V WindowManagerShell: 	DragAndDropController init took 0ms
05-19 10:05:51.152  1438  1515 V WindowManagerShell: Adding command class compatui for CompatUIShellCommandHandler
05-19 10:05:51.153  1438  1515 V WindowManagerShell: 	CompatUIController init took 1ms
05-19 10:05:51.153  1438  1515 V WindowManagerShell: Adding external interface from RecentTasksController with key extra_shell_recent_tasks
05-19 10:05:51.153  1239  1239 D CompatibilityChangeReporter: Compat change id reported: 135634846; UID 1068; state: DISABLED
05-19 10:05:51.153  1438  1515 V WindowManagerShell: Adding dump callback for RecentTasksController
05-19 10:05:51.154  1239  1239 D CompatibilityChangeReporter: Compat change id reported: 135634846; UID 1001; state: DISABLED
05-19 10:05:51.155  1239  1239 D CompatibilityChangeReporter: Compat change id reported: 177438394; UID 1001; state: DISABLED
05-19 10:05:51.155  1239  1239 D CompatibilityChangeReporter: Compat change id reported: 135772972; UID 1001; state: DISABLED
05-19 10:05:51.155  1438  1515 V WindowManagerShell: 	RecentTasksController init took 2ms
05-19 10:05:51.155  1239  1239 D CompatibilityChangeReporter: Compat change id reported: 135754954; UID 1001; state: ENABLED
05-19 10:05:51.155  1438  1515 V WindowManagerShell: Adding dump callback for ShellTaskOrganizer
05-19 10:05:51.155  1239  1239 D SystemServerTiming: startHomeOnAllDisplays
05-19 10:05:51.156  1239  1239 I ActivityTaskManager: START u0 {act=android.intent.action.MAIN cat=[android.intent.category.HOME] flg=0x10000100 cmp=com.android.settings/.FallbackHome (has extras)} from uid 0
05-19 10:05:51.158  1239  1239 D CompatibilityChangeReporter: Compat change id reported: 265464455; UID 1000; state: DISABLED
05-19 10:05:51.158  1239  1239 D CompatibilityChangeReporter: Compat change id reported: 265452344; UID 1000; state: DISABLED
05-19 10:05:51.158  1239  1239 D CompatibilityChangeReporter: Compat change id reported: 266124927; UID 1000; state: DISABLED
05-19 10:05:51.158  1239  1239 D CompatibilityChangeReporter: Compat change id reported: 265451093; UID 1000; state: DISABLED
05-19 10:05:51.159  1239  1239 D CompatibilityChangeReporter: Compat change id reported: 265456536; UID 1000; state: DISABLED
05-19 10:05:51.159  1239  1239 D CompatibilityChangeReporter: Compat change id reported: 255940284; UID 1000; state: DISABLED
05-19 10:05:51.159  1239  1239 D CompatibilityChangeReporter: Compat change id reported: 236283604; UID 1000; state: DISABLED
05-19 10:05:51.159  1239  1239 D CompatibilityChangeReporter: Compat change id reported: 263959004; UID 1000; state: DISABLED
05-19 10:05:51.159  1239  1239 D CompatibilityChangeReporter: Compat change id reported: 264304459; UID 1000; state: DISABLED
05-19 10:05:51.159  1239  1239 D CompatibilityChangeReporter: Compat change id reported: 264301586; UID 1000; state: DISABLED
05-19 10:05:51.159  1239  1239 D CompatibilityChangeReporter: Compat change id reported: 254631730; UID 1000; state: DISABLED
05-19 10:05:51.159  1239  1239 D CompatibilityChangeReporter: Compat change id reported: 273509367; UID 1000; state: DISABLED
05-19 10:05:51.159  1239  1239 D CompatibilityChangeReporter: Compat change id reported: 263259275; UID 1000; state: DISABLED
05-19 10:05:51.166  1239  1239 D CompatibilityChangeReporter: Compat change id reported: 174042980; UID 1000; state: DISABLED
05-19 10:05:51.167  1239  1239 D CompatibilityChangeReporter: Compat change id reported: 194480991; UID 1000; state: ENABLED
05-19 10:05:51.177  1239  1239 D CompatibilityChangeReporter: Compat change id reported: 197654537; UID 1000; state: ENABLED
05-19 10:05:51.182  1239  1421 V GameManagerService_GamePackageConfiguration: No android.game_mode_config meta-data found for package com.supercell.brawlstars
05-19 10:05:51.184  1239  1421 I GameManagerService: Disabling downscale for com.supercell.brawlstars
05-19 10:05:51.185  1239  1239 D SystemServerTiming: showSystemReadyErrorDialogs
05-19 10:05:51.188  1438  1515 V WindowManagerShell: 	ShellTaskOrganizer init took 33ms
05-19 10:05:51.189  1438  1515 V WindowManagerShell: Adding dump callback for OneHandedController
05-19 10:05:51.195  1239  1421 V GameManagerService: Package configuration not found for com.supercell.brawlstars
05-19 10:05:51.301  1239  1486 D CompatibilityChangeReporter: Compat change id reported: 135634846; UID 10467; state: DISABLED
05-19 10:05:51.302  1239  1486 D CompatibilityChangeReporter: Compat change id reported: 177438394; UID 10467; state: DISABLED
05-19 10:05:51.302  1239  1486 D CompatibilityChangeReporter: Compat change id reported: 135772972; UID 10467; state: DISABLED
05-19 10:05:51.302  1239  1486 D CompatibilityChangeReporter: Compat change id reported: 135754954; UID 10467; state: ENABLED
05-19 10:05:51.311  1239  1239 D SystemServerTiming: sendUserStartBroadcast
05-19 10:05:51.311  1239  1239 D SystemServerTiming: resumeTopActivities
05-19 10:05:51.316  1239  1239 D SystemServerTiming: sendUserSwitchBroadcasts
05-19 10:05:51.316  1239  1239 D SystemServerTiming: setBinderProxies
05-19 10:05:51.316  1239  1239 D SystemServerTiming: componentAlias
05-19 10:05:51.317  1239  1239 D ComponentAliasResolver: Compat listener set.
05-19 10:05:51.317  1239  1239 D SystemServerTiming: StartSystemUI
05-19 10:05:51.318  1239  1270 W ActivityManager: Slow operation: 165ms so far, now at startProcess: done updating battery stats
05-19 10:05:51.318  1239  1270 W ActivityManager: Slow operation: 165ms so far, now at startProcess: building log message
05-19 10:05:51.318  1239  1270 I ActivityManager: Start proc 1604:com.android.se/1068 for added application com.android.se
05-19 10:05:51.318  1239  1270 W ActivityManager: Slow operation: 165ms so far, now at startProcess: starting to update pids map
05-19 10:05:51.318  1239  1270 W ActivityManager: Slow operation: 165ms so far, now at startProcess: done updating pids map
05-19 10:05:51.318  1239  1270 W ActivityManager: Slow operation: 164ms so far, now at startProcess: asking zygote to start proc
05-19 10:05:51.320  1239  1262 D CompatibilityChangeReporter: Compat change id reported: 135634846; UID 1000; state: DISABLED
05-19 10:05:51.320  1239  1262 D CompatibilityChangeReporter: Compat change id reported: 177438394; UID 1000; state: DISABLED
05-19 10:05:51.321  1239  1262 D CompatibilityChangeReporter: Compat change id reported: 135772972; UID 1000; state: DISABLED
05-19 10:05:51.321  1239  1262 D CompatibilityChangeReporter: Compat change id reported: 135754954; UID 1000; state: ENABLED
05-19 10:05:51.324  1239  1428 D CompatibilityChangeReporter: Compat change id reported: 168419799; UID 1068; state: DISABLED
05-19 10:05:51.324  1239  1428 D CompatibilityChangeReporter: Compat change id reported: 273564678; UID 1068; state: DISABLED
05-19 10:05:51.326  1438  1515 V WindowManagerShell: Adding external interface from OneHandedController with key extra_shell_one_handed
05-19 10:05:51.326  1438  1515 V WindowManagerShell: 	OneHandedController init took 137ms
05-19 10:05:51.334  1239  1270 W ActivityManager: Slow operation: 180ms so far, now at startProcess: returned from zygote!
05-19 10:05:51.336  1239  1354 I ActivityManager: Process WebViewLoader-armeabi-v7a (pid 1544) has died: psvc PER 
05-19 10:05:51.347  1239  1270 W ActivityManager: Slow operation: 193ms so far, now at startProcess: done updating battery stats
05-19 10:05:51.347  1239  1270 I Watchdog: Interesting Java process com.android.phone started. Pid 1674
05-19 10:05:51.347  1239  1270 W ActivityManager: Slow operation: 194ms so far, now at startProcess: building log message
05-19 10:05:51.348  1239  1270 I ActivityManager: Start proc 1674:com.android.phone/1001 for added application com.android.phone
05-19 10:05:51.348  1239  1270 W ActivityManager: Slow operation: 194ms so far, now at startProcess: starting to update pids map
05-19 10:05:51.348  1239  1270 W ActivityManager: Slow operation: 194ms so far, now at startProcess: done updating pids map
05-19 10:05:51.348  1239  1255 I ActivityManager: Process WebViewLoader-arm64-v8a (pid 1545) has died: psvc PER 
05-19 10:05:51.354  1239  1239 D CompatibilityChangeReporter: Compat change id reported: 168419799; UID 10499; state: DISABLED
05-19 10:05:51.354  1239  1239 D CompatibilityChangeReporter: Compat change id reported: 273564678; UID 10499; state: DISABLED
05-19 10:05:51.361  1239  1239 D SystemServerTiming: startApexServices
05-19 10:05:51.361  1239  1239 D SystemServerTiming: starting com.android.server.scheduling.RebootReadinessManagerService$Lifecycle
05-19 10:05:51.361  1239  1239 I SystemServiceManager: Starting com.android.server.scheduling.RebootReadinessManagerService$Lifecycle
05-19 10:05:51.361  1239  1239 I SystemServiceManager: Not starting an already started service com.android.server.scheduling.RebootReadinessManagerService$Lifecycle
05-19 10:05:51.362  1239  1270 I ActivityManager: Start proc 1689:com.android.settings/1000 for top-activity {com.android.settings/com.android.settings.FallbackHome}
05-19 10:05:51.365  1239  1239 W Looper  : Slow delivery took 6201ms main h=android.app.PropertyInvalidatedCache$AutoCorker$1 c=null m=0
05-19 10:05:51.369  1438  1515 V WindowManagerShell: 	DefaultTransitionHandler init took 43ms
05-19 10:05:51.369  1438  1515 V WindowManagerShell: Adding external interface from Transitions with key extra_shell_shell_transitions
05-19 10:05:51.370  1239  1428 D CompatibilityChangeReporter: Compat change id reported: 168419799; UID 1001; state: DISABLED
05-19 10:05:51.370  1239  1428 D CompatibilityChangeReporter: Compat change id reported: 273564678; UID 1001; state: DISABLED
05-19 10:05:51.372  1239  1428 D CompatibilityChangeReporter: Compat change id reported: 181136395; UID 1000; state: DISABLED
05-19 10:05:51.372  1239  1428 D CompatibilityChangeReporter: Compat change id reported: 174042936; UID 1000; state: DISABLED
05-19 10:05:51.375  1438  1515 V WindowManagerShell: 	Transitions init took 6ms
05-19 10:05:51.380  1239  1428 D CompatibilityChangeReporter: Compat change id reported: 161145287; UID 1000; state: DISABLED
05-19 10:05:51.393  1438  1515 V WindowManagerShell: Adding dump callback for BubbleController
05-19 10:05:51.393  1438  1515 V WindowManagerShell: 	BubbleController init took 17ms
05-19 10:05:51.393  1438  1515 V WindowManagerShell: Adding dump callback for SplitScreenController
05-19 10:05:51.394  1438  1515 V WindowManagerShell: Adding command class splitscreen for SplitScreenController
05-19 10:05:51.394  1438  1515 V WindowManagerShell: Adding external interface from SplitScreenController with key extra_shell_split_screen
05-19 10:05:51.404  1239  1340 D CompatibilityChangeReporter: Compat change id reported: 194532703; UID 1073; state: ENABLED
05-19 10:05:51.406  1239  1428 D CompatibilityChangeReporter: Compat change id reported: 168419799; UID 1000; state: DISABLED
05-19 10:05:51.406  1239  1428 D CompatibilityChangeReporter: Compat change id reported: 273564678; UID 1000; state: DISABLED
05-19 10:05:51.413  1438  1515 V WindowManagerShell: addHandler: StageCoordinator
05-19 10:05:51.414  1438  1515 V WindowManagerShell: 	SplitScreenController init took 21ms
05-19 10:05:51.420  1239  1239 D ConditionProviders.SCP: onConnected
05-19 10:05:51.422  1239  1239 D ConditionProviders: Subscribing to condition://android/event?userId=-10000&calendar=&reply=1 with ComponentInfo{android/com.android.server.notification.EventConditionProvider}
05-19 10:05:51.422  1239  1239 D ConditionProviders: Subscribing to condition://android/schedule?days=1.2.3.4.5.6.7&start=22.0&end=7.0&exitAtAlarm=true with ComponentInfo{android/com.android.server.notification.ScheduleConditionProvider}
05-19 10:05:51.426  1239  1428 D CompatibilityChangeReporter: Compat change id reported: 161145287; UID 1068; state: DISABLED
05-19 10:05:51.428  1239  1239 D CompatibilityChangeReporter: Compat change id reported: 135634846; UID 10512; state: DISABLED
05-19 10:05:51.428  1239  1239 D CompatibilityChangeReporter: Compat change id reported: 177438394; UID 10512; state: DISABLED
05-19 10:05:51.428  1239  1239 D CompatibilityChangeReporter: Compat change id reported: 135772972; UID 10512; state: DISABLED
05-19 10:05:51.428  1239  1239 D CompatibilityChangeReporter: Compat change id reported: 135754954; UID 10512; state: ENABLED
05-19 10:05:51.429  1239  1270 D CompatibilityChangeReporter: Compat change id reported: 143937733; UID 10512; state: ENABLED
05-19 10:05:51.437  1239  1270 I ActivityManager: Start proc 1712:android.ext.services/u0a512 for service {android.ext.services/android.ext.services.autofill.InlineSuggestionRenderServiceImpl}
05-19 10:05:51.450  1438  1515 V WindowManagerShell: 	PipTouchHandler init took 36ms
05-19 10:05:51.451  1438  1515 V WindowManagerShell: 	DevicePostureController init took 0ms
05-19 10:05:51.451  1438  1515 V WindowManagerShell: 	TabletopModeController init took 0ms
05-19 10:05:51.451  1438  1515 V WindowManagerShell: Adding dump callback for PipController
05-19 10:05:51.457  1438  1515 V WindowManagerShell: Adding external interface from PipController with key extra_shell_pip
05-19 10:05:51.457  1438  1515 V WindowManagerShell: 	PipController init took 6ms
05-19 10:05:51.461  1438  1515 V WindowManagerShell: 	FullscreenTaskListener init took 4ms
05-19 10:05:51.461  1438  1515 V WindowManagerShell: Adding external interface from StartingWindowController with key extra_shell_starting_window
05-19 10:05:51.461  1438  1515 V WindowManagerShell: 	StartingWindowController init took 0ms
05-19 10:05:51.461  1438  1515 V WindowManagerShell: Adding command class protolog for ProtoLogController
05-19 10:05:51.461  1438  1515 V WindowManagerShell: 	ProtoLogController init took 0ms
05-19 10:05:51.461  1438  1515 V WindowManagerShell: Adding dump callback for KidsModeTaskOrganizer
05-19 10:05:51.462  1239  1428 D CompatibilityChangeReporter: Compat change id reported: 168419799; UID 10512; state: DISABLED
05-19 10:05:51.463  1239  1428 D CompatibilityChangeReporter: Compat change id reported: 273564678; UID 10512; state: DISABLED
05-19 10:05:51.466  1438  1515 V WindowManagerShell: 	KidsModeTaskOrganizer init took 5ms
05-19 10:05:51.468  1438  1515 D ShellBackPreview: Back animation enabled=false
05-19 10:05:51.468  1438  1515 V WindowManagerShell: Adding external interface from BackAnimationController with key extra_shell_back_animation
05-19 10:05:51.468  1438  1515 V WindowManagerShell: 	BackAnimationController init took 2ms
05-19 10:05:51.468  1438  1515 V WindowManagerShell: Display added: 0
05-19 10:05:51.485  1239  1255 D CompatibilityChangeReporter: Compat change id reported: 171306433; UID 1000; state: ENABLED
05-19 10:05:51.485  1239  1255 D CompatibilityChangeReporter: Compat change id reported: 218533173; UID 1000; state: ENABLED
05-19 10:05:51.500  1239  1428 D CoreBackPreview: Window{a9e5c85 u0 ShellDropTarget}: Setting back callback OnBackInvokedCallbackInfo{mCallback=android.window.IOnBackInvokedCallback$Stub$Proxy@a4d5094, mPriority=0}
05-19 10:05:51.511  1239  1354 D CompatibilityChangeReporter: Compat change id reported: 161145287; UID 1073; state: DISABLED
05-19 10:05:51.521  1239  1239 I PackageWatchdog: Syncing health check requests for packages: {}
05-19 10:05:51.521  1239  1239 I ExplicitHealthCheckController: Service not ready to get health check supported packages. Binding...
05-19 10:05:51.524  1239  1239 I ExplicitHealthCheckController: Explicit health check service is bound
05-19 10:05:51.556  1239  1239 D CompatibilityChangeReporter: Compat change id reported: 168419799; UID 1000; state: DISABLED
05-19 10:05:51.556  1239  1239 D CompatibilityChangeReporter: Compat change id reported: 273564678; UID 1000; state: DISABLED
05-19 10:05:51.557  1239  1255 D CompatibilityChangeReporter: Compat change id reported: 182478738; UID 1073; state: ENABLED
05-19 10:05:51.593  1239  1340 D CompatibilityChangeReporter: Compat change id reported: 135634846; UID 10502; state: DISABLED
05-19 10:05:51.594  1239  1340 D CompatibilityChangeReporter: Compat change id reported: 177438394; UID 10502; state: DISABLED
05-19 10:05:51.594  1239  1340 D CompatibilityChangeReporter: Compat change id reported: 135772972; UID 10502; state: DISABLED
05-19 10:05:51.594  1239  1340 D CompatibilityChangeReporter: Compat change id reported: 135754954; UID 10502; state: ENABLED
05-19 10:05:51.594  1239  1270 D CompatibilityChangeReporter: Compat change id reported: 143937733; UID 10502; state: ENABLED
05-19 10:05:51.602  1239  1270 I ActivityManager: Start proc 1739:com.google.android.flipendo/u0a502 for content provider {com.google.android.flipendo/com.google.android.flipendo.api.FlipendoStateContentProvider}
05-19 10:05:51.624  1239  1340 D CompatibilityChangeReporter: Compat change id reported: 168419799; UID 10502; state: DISABLED
05-19 10:05:51.624  1239  1340 D CompatibilityChangeReporter: Compat change id reported: 273564678; UID 10502; state: DISABLED
05-19 10:05:51.709  1239  1340 D CompatibilityChangeReporter: Compat change id reported: 197654537; UID 1000; state: ENABLED
05-19 10:05:51.786  1239  1319 D CompatibilityChangeReporter: Compat change id reported: 218533173; UID 10037; state: ENABLED
05-19 10:05:51.787  1239  1319 D CompatibilityChangeReporter: Compat change id reported: 218533173; UID 10138; state: ENABLED
05-19 10:05:51.787  1239  1319 D CompatibilityChangeReporter: Compat change id reported: 218533173; UID 10305; state: ENABLED
05-19 10:05:51.787  1239  1319 D CompatibilityChangeReporter: Compat change id reported: 218533173; UID 10030; state: ENABLED
05-19 10:05:51.788  1239  1319 D CompatibilityChangeReporter: Compat change id reported: 218533173; UID 10205; state: ENABLED
05-19 10:05:51.788  1239  1319 D CompatibilityChangeReporter: Compat change id reported: 218533173; UID 10503; state: DISABLED
05-19 10:05:51.788  1239  1319 D CompatibilityChangeReporter: Compat change id reported: 218533173; UID 10288; state: ENABLED
05-19 10:05:51.788  1239  1319 D CompatibilityChangeReporter: Compat change id reported: 218533173; UID 10524; state: ENABLED
05-19 10:05:51.789  1239  1319 D CompatibilityChangeReporter: Compat change id reported: 218533173; UID 10146; state: ENABLED
05-19 10:05:51.789  1239  1319 D CompatibilityChangeReporter: Compat change id reported: 218533173; UID 10149; state: ENABLED
05-19 10:05:51.789  1239  1319 D CompatibilityChangeReporter: Compat change id reported: 218533173; UID 10183; state: ENABLED
05-19 10:05:51.789  1239  1319 D CompatibilityChangeReporter: Compat change id reported: 218533173; UID 10517; state: ENABLED
05-19 10:05:51.790  1239  1319 D CompatibilityChangeReporter: Compat change id reported: 218533173; UID 10139; state: ENABLED
05-19 10:05:51.790  1239  1319 D CompatibilityChangeReporter: Compat change id reported: 218533173; UID 10360; state: ENABLED
05-19 10:05:51.790  1239  1319 D CompatibilityChangeReporter: Compat change id reported: 171306433; UID 10528; state: ENABLED
05-19 10:05:51.790  1239  1319 D CompatibilityChangeReporter: Compat change id reported: 226439802; UID 10528; state: DISABLED
05-19 10:05:51.790  1239  1319 D CompatibilityChangeReporter: Compat change id reported: 218533173; UID 10508; state: ENABLED
05-19 10:05:51.791  1239  1319 D CompatibilityChangeReporter: Compat change id reported: 218533173; UID 10303; state: ENABLED
05-19 10:05:51.791  1239  1319 D CompatibilityChangeReporter: Compat change id reported: 218533173; UID 10214; state: ENABLED
05-19 10:05:51.791  1239  1319 D CompatibilityChangeReporter: Compat change id reported: 218533173; UID 10137; state: ENABLED
05-19 10:05:51.791  1239  1319 D CompatibilityChangeReporter: Compat change id reported: 218533173; UID 10339; state: ENABLED
05-19 10:05:51.792  1239  1319 D CompatibilityChangeReporter: Compat change id reported: 218533173; UID 10340; state: ENABLED
05-19 10:05:51.792  1239  1319 D CompatibilityChangeReporter: Compat change id reported: 218533173; UID 10342; state: ENABLED
05-19 10:05:51.792  1239  1319 D CompatibilityChangeReporter: Compat change id reported: 218533173; UID 10041; state: ENABLED
05-19 10:05:51.792  1239  1319 D CompatibilityChangeReporter: Compat change id reported: 218533173; UID 10350; state: ENABLED
05-19 10:05:51.793  1239  1319 D CompatibilityChangeReporter: Compat change id reported: 218533173; UID 10256; state: ENABLED
05-19 10:05:51.793  1239  1319 D CompatibilityChangeReporter: Compat change id reported: 218533173; UID 10289; state: ENABLED
05-19 10:05:51.793  1239  1319 D CompatibilityChangeReporter: Compat change id reported: 171306433; UID 10461; state: ENABLED
05-19 10:05:51.793  1239  1319 D CompatibilityChangeReporter: Compat change id reported: 226439802; UID 10461; state: DISABLED
05-19 10:05:51.794  1239  1319 D CompatibilityChangeReporter: Compat change id reported: 218533173; UID 10409; state: ENABLED
05-19 10:05:51.794  1239  1319 D CompatibilityChangeReporter: Compat change id reported: 218533173; UID 10377; state: ENABLED
05-19 10:05:51.794  1239  1319 D CompatibilityChangeReporter: Compat change id reported: 218533173; UID 10044; state: ENABLED
05-19 10:05:51.794  1239  1319 D CompatibilityChangeReporter: Compat change id reported: 218533173; UID 10047; state: ENABLED
05-19 10:05:51.795  1239  1319 D CompatibilityChangeReporter: Compat change id reported: 218533173; UID 10412; state: ENABLED
05-19 10:05:51.795  1239  1319 D CompatibilityChangeReporter: Compat change id reported: 218533173; UID 10175; state: ENABLED
05-19 10:05:51.795  1239  1319 D CompatibilityChangeReporter: Compat change id reported: 218533173; UID 10280; state: ENABLED
05-19 10:05:51.795  1239  1319 D CompatibilityChangeReporter: Compat change id reported: 218533173; UID 10242; state: ENABLED
05-19 10:05:51.796  1239  1319 D CompatibilityChangeReporter: Compat change id reported: 218533173; UID 10294; state: ENABLED
05-19 10:05:51.796  1239  1319 D CompatibilityChangeReporter: Compat change id reported: 218533173; UID 10443; state: ENABLED
05-19 10:05:51.796  1239  1319 D CompatibilityChangeReporter: Compat change id reported: 218533173; UID 10316; state: ENABLED
05-19 10:05:51.796  1239  1319 D CompatibilityChangeReporter: Compat change id reported: 218533173; UID 10372; state: ENABLED
05-19 10:05:51.797  1239  1319 D CompatibilityChangeReporter: Compat change id reported: 218533173; UID 10430; state: ENABLED
05-19 10:05:51.797  1239  1319 D CompatibilityChangeReporter: Compat change id reported: 218533173; UID 10080; state: ENABLED
05-19 10:05:51.797  1239  1319 D CompatibilityChangeReporter: Compat change id reported: 218533173; UID 10315; state: ENABLED
05-19 10:05:51.798  1239  1319 D CompatibilityChangeReporter: Compat change id reported: 218533173; UID 10299; state: ENABLED
05-19 10:05:51.798  1239  1319 D CompatibilityChangeReporter: Compat change id reported: 218533173; UID 10127; state: ENABLED
05-19 10:05:51.798  1239  1319 D CompatibilityChangeReporter: Compat change id reported: 218533173; UID 10184; state: ENABLED
05-19 10:05:51.798  1239  1319 D CompatibilityChangeReporter: Compat change id reported: 218533173; UID 10277; state: ENABLED
05-19 10:05:51.799  1239  1319 D CompatibilityChangeReporter: Compat change id reported: 218533173; UID 10140; state: ENABLED
05-19 10:05:51.799  1239  1319 D CompatibilityChangeReporter: Compat change id reported: 218533173; UID 10075; state: ENABLED
