05-19 10:05:50.913  1239  1239 D SystemServerTiming: OnBootPhase_600_com.android.server.powerstats.PowerStatsService
05-19 10:05:50.913  1239  1239 D SystemServerTiming: OnBootPhase_600_com.android.server.wm.ActivityTaskManagerService$Lifecycle
05-19 10:05:50.913  1239  1239 D SystemServerTiming: OnBootPhase_600_com.android.server.am.ActivityManagerService$Lifecycle
05-19 10:05:50.915  1239  1239 I ExplicitHealthCheckController: Explicit health checks enabled.
05-19 10:05:50.915  1239  1239 I PackageWatchdog: Syncing state, reason: health check state enabled
05-19 10:05:50.915  1239  1239 I PackageWatchdog: Discarding observer rollback-observer. All packages expired
05-19 10:05:50.915  1239  1268 I PackageWatchdog: Saving observer state to file
05-19 10:05:50.915  1239  1239 D SystemServerTiming: OnBootPhase_600_com.android.server.pm.DataLoaderManagerService
05-19 10:05:50.915  1239  1239 D SystemServerTiming: OnBootPhase_600_com.android.server.power.PowerManagerService
05-19 10:05:50.916  1239  1239 D SystemServerTiming: OnBootPhase_600_com.android.server.power.ThermalManagerService
05-19 10:05:50.916  1239  1239 D SystemServerTiming: OnBootPhase_600_com.android.server.power.hint.HintManagerService
05-19 10:05:50.916  1239  1239 D SystemServerTiming: OnBootPhase_600_com.android.server.recoverysystem.RecoverySystemService$Lifecycle
05-19 10:05:50.916  1239  1239 D SystemServerTiming: OnBootPhase_600_com.android.server.lights.LightsService
05-19 10:05:50.916  1239  1239 D SystemServerTiming: OnBootPhase_600_com.android.server.display.DisplayManagerService
05-19 10:05:50.916  1239  1239 D SystemServerTiming: OnBootPhase_600_com.android.server.pm.verify.domain.DomainVerificationService
05-19 10:05:50.916  1239  1239 D SystemServerTiming: OnBootPhase_600_com.android.server.pm.PackageInstallerService$Lifecycle
05-19 10:05:50.916  1239  1239 D SystemServerTiming: OnBootPhase_600_com.android.server.pm.UserManagerService$LifeCycle
05-19 10:05:50.916  1239  1239 D SystemServerTiming: OnBootPhase_600_com.android.server.om.OverlayManagerService
05-19 10:05:50.916  1239  1239 D SystemServerTiming: OnBootPhase_600_com.android.server.resources.ResourcesManagerService
05-19 10:05:50.916  1239  1239 D SystemServerTiming: OnBootPhase_600_com.android.server.sensorprivacy.SensorPrivacyService
05-19 10:05:50.916  1239  1239 D SystemServerTiming: OnBootPhase_600_com.android.server.sensors.SensorService
05-19 10:05:50.916  1239  1239 D SystemServerTiming: OnBootPhase_600_com.android.server.SystemConfigService
05-19 10:05:50.916  1239  1239 D SystemServerTiming: OnBootPhase_600_com.android.server.BatteryService
05-19 10:05:50.916  1239  1239 D SystemServerTiming: OnBootPhase_600_com.android.server.usage.UsageStatsService
05-19 10:05:50.916  1239  1239 D SystemServerTiming: OnBootPhase_600_com.android.server.webkit.WebViewUpdateService
05-19 10:05:50.916  1239  1239 D SystemServerTiming: OnBootPhase_600_com.android.server.CachedDeviceStateService
05-19 10:05:50.917  1239  1239 D SystemServerTiming: OnBootPhase_600_com.android.server.BinderCallsStatsService$LifeCycle
05-19 10:05:50.917  1239  1239 D SystemServerTiming: OnBootPhase_600_com.android.server.LooperStatsService$Lifecycle
05-19 10:05:50.917  1239  1239 D SystemServerTiming: OnBootPhase_600_com.android.server.rollback.RollbackManagerService
05-19 10:05:50.917  1239  1239 D SystemServerTiming: OnBootPhase_600_com.android.server.os.NativeTombstoneManagerService
05-19 10:05:50.917  1239  1239 D SystemServerTiming: OnBootPhase_600_com.android.server.os.BugreportManagerService
05-19 10:05:50.917  1239  1239 D SystemServerTiming: OnBootPhase_600_com.android.server.gpu.GpuService
05-19 10:05:50.917  1239  1239 D SystemServerTiming: OnBootPhase_600_com.android.server.security.KeyChainSystemService
05-19 10:05:50.917  1239  1239 D SystemServerTiming: OnBootPhase_600_com.android.server.BinaryTransparencyService
05-19 10:05:50.917  1239  1239 D SystemServerTiming: OnBootPhase_600_com.android.server.telecom.TelecomLoaderService
05-19 10:05:50.917  1239  1239 D SystemServerTiming: OnBootPhase_600_com.android.server.accounts.AccountManagerService$Lifecycle
05-19 10:05:50.917  1239  1269 I DropBoxManagerService: add tag=system_server_wtf isTagEnabled=true flags=0x2
05-19 10:05:50.917  1239  1239 D SystemServerTiming: OnBootPhase_600_com.android.server.content.ContentService$Lifecycle
05-19 10:05:50.917  1239  1239 D SystemServerTiming: OnBootPhase_600_com.android.server.DropBoxManagerService
05-19 10:05:50.917  1239  1239 D SystemServerTiming: OnBootPhase_600_com.android.role.RoleService
05-19 10:05:50.917  1239  1239 D SystemServerTiming: OnBootPhase_600_com.android.server.vibrator.VibratorManagerService$Lifecycle
05-19 10:05:50.917  1239  1239 D SystemServerTiming: OnBootPhase_600_com.android.server.tare.InternalResourceService
05-19 10:05:50.917  1239  1239 D SystemServerTiming: OnBootPhase_600_com.android.server.alarm.AlarmManagerService
05-19 10:05:50.917  1239  1239 D SystemServerTiming: OnBootPhase_600_com.android.server.devicestate.DeviceStateManagerService
05-19 10:05:50.917  1239  1239 D SystemServerTiming: OnBootPhase_600_com.android.server.camera.CameraServiceProxy
05-19 10:05:50.917  1239  1239 D SystemServerTiming: OnBootPhase_600_com.android.server.bluetooth.BluetoothService
05-19 10:05:50.917  1239  1239 D SystemServerTiming: OnBootPhase_600_com.android.server.connectivity.IpConnectivityMetrics
05-19 10:05:50.917  1239  1239 D SystemServerTiming: OnBootPhase_600_com.android.server.net.watchlist.NetworkWatchlistService$Lifecycle
05-19 10:05:50.917  1239  1239 D SystemServerTiming: OnBootPhase_600_com.android.server.PinnerService
05-19 10:05:50.917  1239  1239 D SystemServerTiming: OnBootPhase_600_com.android.server.integrity.AppIntegrityManagerService
05-19 10:05:50.917  1239  1239 D SystemServerTiming: OnBootPhase_600_com.android.server.logcat.LogcatManagerService
05-19 10:05:50.918  1239  1239 D SystemServerTiming: OnBootPhase_600_com.android.server.derp.LineageGlobalActionsService
05-19 10:05:50.918  1239  1239 D SystemServerTiming: OnBootPhase_600_com.android.server.inputmethod.InputMethodManagerService$Lifecycle
05-19 10:05:50.918  1239  1239 D SystemServerTiming: OnBootPhase_600_com.android.server.accessibility.AccessibilityManagerService$Lifecycle
05-19 10:05:50.919  1239  1239 D SystemServerTiming: OnBootPhase_600_com.android.server.StorageManagerService$Lifecycle
05-19 10:05:50.919  1239  1239 D SystemServerTiming: OnBootPhase_600_com.android.server.usage.StorageStatsService$Lifecycle
05-19 10:05:50.919  1239  1239 D SystemServerTiming: OnBootPhase_600_com.android.server.UiModeManagerService
05-19 10:05:50.919  1239  1239 D SystemServerTiming: OnBootPhase_600_com.android.server.locales.LocaleManagerService
05-19 10:05:50.919  1239  1239 D SystemServerTiming: OnBootPhase_600_com.android.server.locksettings.LockSettingsService$Lifecycle
05-19 10:05:50.919  1239  1239 D SystemServerTiming: OnBootPhase_600_com.android.server.PersistentDataBlockService
05-19 10:05:50.919  1239  1239 D SystemServerTiming: OnBootPhase_600_com.android.server.testharness.TestHarnessModeService
05-19 10:05:50.919  1239  1239 D SystemServerTiming: OnBootPhase_600_com.android.server.oemlock.OemLockService
05-19 10:05:50.919  1239  1239 D SystemServerTiming: OnBootPhase_600_com.android.server.DeviceIdleController
05-19 10:05:50.919  1239  1239 D SystemServerTiming: OnBootPhase_600_com.android.server.devicepolicy.DevicePolicyManagerService$Lifecycle
05-19 10:05:50.919  1239  1239 D SystemServerTiming: OnBootPhase_600_com.android.server.musicrecognition.MusicRecognitionManagerService
05-19 10:05:50.919  1239  1239 D SystemServerTiming: OnBootPhase_600_com.android.server.contentcapture.ContentCaptureManagerService
05-19 10:05:50.919  1239  1239 D SystemServerTiming: OnBootPhase_600_com.android.server.attention.AttentionManagerService
05-19 10:05:50.919  1239  1239 D SystemServerTiming: OnBootPhase_600_com.android.server.rotationresolver.RotationResolverManagerService
05-19 10:05:50.919  1239  1239 D SystemServerTiming: OnBootPhase_600_com.android.server.systemcaptions.SystemCaptionsManagerService
05-19 10:05:50.919  1239  1239 D SystemServerTiming: OnBootPhase_600_com.android.server.texttospeech.TextToSpeechManagerService
05-19 10:05:50.920  1239  1239 D SystemServerTiming: OnBootPhase_600_com.android.server.ambientcontext.AmbientContextManagerService
05-19 10:05:50.920  1239  1239 D SystemServerTiming: OnBootPhase_600_com.android.server.speech.SpeechRecognitionManagerService
05-19 10:05:50.920  1239  1239 D SystemServerTiming: OnBootPhase_600_com.android.server.appprediction.AppPredictionManagerService
05-19 10:05:50.920  1239  1239 D SystemServerTiming: OnBootPhase_600_com.android.server.contentsuggestions.ContentSuggestionsManagerService
05-19 10:05:50.920  1239  1239 D SystemServerTiming: OnBootPhase_600_com.android.server.searchui.SearchUiManagerService
05-19 10:05:50.920  1239  1239 D SystemServerTiming: OnBootPhase_600_com.android.server.smartspace.SmartspaceManagerService
05-19 10:05:50.920  1239  1239 D SystemServerTiming: OnBootPhase_600_com.android.server.graphics.fonts.FontManagerService$Lifecycle
05-19 10:05:50.920  1239  1239 D SystemServerTiming: OnBootPhase_600_com.android.server.textservices.TextServicesManagerService$Lifecycle
05-19 10:05:50.920  1239  1239 D SystemServerTiming: OnBootPhase_600_com.android.server.textclassifier.TextClassificationManagerService$Lifecycle
05-19 10:05:50.920  1239  1239 D SystemServerTiming: OnBootPhase_600_com.android.server.NetworkScoreService$Lifecycle
05-19 10:05:50.920  1239  1239 D SystemServerTiming: OnBootPhase_600_com.android.server.NetworkStatsServiceInitializer
05-19 10:05:50.920  1239  1239 D SystemServerTiming: OnBootPhase_600_com.android.server.wifi.WifiService
05-19 10:05:50.920  1239  1239 D SystemServerTiming: OnBootPhase_600_com.android.server.wifi.scanner.WifiScanningService
05-19 10:05:50.920  1239  1239 D SystemServerTiming: OnBootPhase_600_com.android.server.wifi.p2p.WifiP2pService
05-19 10:05:50.920  1239  1239 D SystemServerTiming: OnBootPhase_600_com.android.server.ConnectivityServiceInitializer
05-19 10:05:50.922  1239  1239 D SystemServerTiming: OnBootPhase_600_com.android.server.notification.NotificationManagerService
05-19 10:05:50.925  1239  1239 W NotificationHistory: Attempted to initialize service for stopped or removed user 0
05-19 10:05:50.925  1239  1239 D SystemServerTiming: OnBootPhase_600_com.android.server.storage.DeviceStorageMonitorService
05-19 10:05:50.925  1239  1239 D SystemServerTiming: OnBootPhase_600_com.android.server.location.LocationManagerService$Lifecycle
05-19 10:05:50.927  1239  1354 W StorageManagerService: No primary storage defined yet; hacking together a stub
05-19 10:05:50.958  1239  1239 D SystemServerTiming: OnBootPhase_600_com.android.server.timedetector.TimeDetectorService$Lifecycle
05-19 10:05:50.958  1239  1239 D SystemServerTiming: OnBootPhase_600_com.android.server.timezonedetector.TimeZoneDetectorService$Lifecycle
05-19 10:05:50.958  1239  1239 D SystemServerTiming: OnBootPhase_600_com.android.server.timezonedetector.location.LocationTimeZoneManagerService$Lifecycle
05-19 10:05:50.958  1239  1239 D SystemServerTiming: OnBootPhase_600_com.android.server.search.SearchManagerService$Lifecycle
05-19 10:05:50.958  1239  1239 D SystemServerTiming: OnBootPhase_600_com.android.server.wallpaper.WallpaperManagerService$Lifecycle
05-19 10:05:50.958  1239  1239 D WallpaperManagerService: Wallpaper_switch-user-0
05-19 10:05:50.958  1239  1239 V WallpaperManagerService: bindWallpaperComponentLocked: componentName=ComponentInfo{com.android.systemui/com.android.systemui.wallpapers.ImageWallpaper}
05-19 10:05:50.958  1239  1239 D WallpaperManagerService: WPMS.bindWallpaperComponentLocked-ComponentInfo{com.android.systemui/com.android.systemui.wallpapers.ImageWallpaper}
05-19 10:05:50.959  1239  1239 D SystemServerTiming: OnBootPhase_600_com.android.server.wallpapereffectsgeneration.WallpaperEffectsGenerationManagerService
05-19 10:05:50.959  1239  1239 D SystemServerTiming: OnBootPhase_600_com.android.server.audio.AudioService$Lifecycle
05-19 10:05:50.959  1239  1239 D SystemServerTiming: OnBootPhase_600_com.android.server.soundtrigger_middleware.SoundTriggerMiddlewareService$Lifecycle
05-19 10:05:50.959  1239  1239 D SystemServerTiming: OnBootPhase_600_com.android.server.DockObserver
05-19 10:05:50.959  1239  1239 D SystemServerTiming: OnBootPhase_600_com.android.server.midi.MidiService$Lifecycle
05-19 10:05:50.959  1239  1239 D SystemServerTiming: OnBootPhase_600_com.android.server.adb.AdbService$Lifecycle
05-19 10:05:50.959  1239  1239 D SystemServerTiming: OnBootPhase_600_com.android.server.usb.UsbService$Lifecycle
05-19 10:05:50.959  1239  1239 D SystemServerTiming: OnBootPhase_600_com.android.server.twilight.TwilightService
05-19 10:05:50.959  1239  1239 D SystemServerTiming: OnBootPhase_600_com.android.server.display.color.ColorDisplayService
05-19 10:05:50.959  1239  1239 D SystemServerTiming: OnBootPhase_600_com.android.server.job.JobSchedulerService
05-19 10:05:50.966  1239  1259 D CompatibilityChangeReporter: Compat change id reported: 168936375; UID 1000; state: ENABLED
05-19 10:05:50.978  1239  1239 D SystemServerTiming: OnBootPhase_600_com.android.server.soundtrigger.SoundTriggerService
05-19 10:05:50.979  1239  1239 D SoundTriggerService: onBootPhase: 600 : false
05-19 10:05:50.979  1239  1239 D SystemServerTiming: OnBootPhase_600_com.android.server.trust.TrustManagerService
05-19 10:05:50.989  1239  1239 D SystemServerTiming: OnBootPhase_600_com.android.server.backup.BackupManagerService$Lifecycle
05-19 10:05:50.990  1239  1239 D SystemServerTiming: OnBootPhase_600_com.android.server.appwidget.AppWidgetService
05-19 10:05:50.990  1239  1239 D SystemServerTiming: OnBootPhase_600_com.android.server.voiceinteraction.VoiceInteractionManagerService
05-19 10:05:50.990  1239  1239 D SystemServerTiming: OnBootPhase_600_com.android.server.apphibernation.AppHibernationService
05-19 10:05:50.990  1239  1239 D SystemServerTiming: OnBootPhase_600_com.android.server.GestureLauncherService
05-19 10:05:50.991  1239  1239 D SystemServerTiming: OnBootPhase_600_com.android.server.SensorNotificationService
05-19 10:05:50.992  1438  1438 V WindowManagerShell: Adding init callback for DisplayChangeController
05-19 10:05:50.992  1239  1239 D SystemServerTiming: OnBootPhase_600_com.android.server.emergency.EmergencyAffordanceService
05-19 10:05:50.993  1438  1438 V WindowManagerShell: Adding init callback for DisplayController
05-19 10:05:50.993  1438  1438 V WindowManagerShell: Adding init callback for DisplayInsetsController
05-19 10:05:50.993  1438  1438 V WindowManagerShell: Adding init callback for DisplayImeController
05-19 10:05:50.993  1438  1438 V WindowManagerShell: Adding init callback for ShellController
05-19 10:05:50.994  1239  1239 D SystemServerTiming: OnBootPhase_600_com.android.server.blob.BlobStoreManagerService
05-19 10:05:50.995  1438  1438 V WindowManagerShell: Adding init callback for DragAndDropController
05-19 10:05:51.001  1239  1239 D SystemServerTiming: OnBootPhase_600_com.android.server.dreams.DreamManagerService
05-19 10:05:51.002  1239  1239 D SystemServerTiming: OnBootPhase_600_com.android.server.print.PrintManagerService
05-19 10:05:51.002  1239  1239 D SystemServerTiming: OnBootPhase_600_com.android.server.security.AttestationVerificationManagerService
05-19 10:05:51.002  1239  1239 D SystemServerTiming: OnBootPhase_600_com.android.server.companion.CompanionDeviceManagerService
05-19 10:05:51.002  1239  1239 D SystemServerTiming: OnBootPhase_600_com.android.server.companion.virtual.VirtualDeviceManagerService
05-19 10:05:51.002  1239  1239 D SystemServerTiming: OnBootPhase_600_com.android.server.restrictions.RestrictionsManagerService
05-19 10:05:51.002  1239  1239 D SystemServerTiming: OnBootPhase_600_com.android.server.media.MediaSessionService
05-19 10:05:51.002  1239  1239 D SystemServerTiming: OnBootPhase_600_com.android.server.media.MediaResourceMonitorService
05-19 10:05:51.002  1239  1239 D SystemServerTiming: OnBootPhase_600_com.android.server.biometrics.sensors.face.FaceService
05-19 10:05:51.002  1239  1239 D SystemServerTiming: OnBootPhase_600_com.android.server.biometrics.sensors.fingerprint.FingerprintService
05-19 10:05:51.002  1239  1239 D SystemServerTiming: OnBootPhase_600_com.android.server.biometrics.BiometricService
05-19 10:05:51.002  1239  1239 D SystemServerTiming: OnBootPhase_600_com.android.server.biometrics.AuthService
05-19 10:05:51.002  1239  1239 D SystemServerTiming: OnBootPhase_600_com.android.server.app.AppLockManagerService$Lifecycle
05-19 10:05:51.002  1239  1239 D SystemServerTiming: OnBootPhase_600_com.android.server.pm.ShortcutService$Lifecycle
05-19 10:05:51.002  1239  1239 D SystemServerTiming: OnBootPhase_600_com.android.server.pm.LauncherAppsService
05-19 10:05:51.002  1239  1239 D SystemServerTiming: OnBootPhase_600_com.android.server.pm.CrossProfileAppsService
05-19 10:05:51.002  1239  1239 D SystemServerTiming: OnBootPhase_600_com.android.server.pocket.PocketService
05-19 10:05:51.002  1239  1239 W PocketService: Un-handled boot phase:600
05-19 10:05:51.003  1239  1239 D SystemServerTiming: OnBootPhase_600_com.android.server.people.PeopleService
05-19 10:05:51.003  1239  1239 D SystemServerTiming: OnBootPhase_600_com.android.server.media.metrics.MediaMetricsManagerService
05-19 10:05:51.003  1239  1239 D SystemServerTiming: OnBootPhase_600_com.android.server.derp.CustomDeviceConfigService
05-19 10:05:51.003  1239  1239 D SystemServerTiming: OnBootPhase_600_com.android.server.vibrator.LinearmotorVibratorService
05-19 10:05:51.003  1239  1239 D SystemServerTiming: OnBootPhase_600_com.android.server.derp.LineageHardwareService
05-19 10:05:51.003  1239  1239 D SystemServerTiming: OnBootPhase_600_com.android.server.derp.display.LiveDisplayService
05-19 10:05:51.003  1239  1239 D SystemServerTiming: OnBootPhase_600_com.android.server.derp.health.HealthInterfaceService
05-19 10:05:51.003  1239  1239 D SystemServerTiming: OnBootPhase_600_com.android.server.media.projection.MediaProjectionManagerService
05-19 10:05:51.003  1239  1239 D SystemServerTiming: OnBootPhase_600_com.android.server.slice.SliceManagerService$Lifecycle
05-19 10:05:51.003  1239  1239 D SystemServerTiming: OnBootPhase_600_com.android.server.stats.StatsCompanion$Lifecycle
05-19 10:05:51.006  1438  1438 V WindowManagerShell: Adding init callback for CompatUIController
05-19 10:05:51.010  1239  1239 D SystemServerTiming: OnBootPhase_600_com.android.server.scheduling.RebootReadinessManagerService$Lifecycle
05-19 10:05:51.010  1239  1239 D SystemServerTiming: OnBootPhase_600_com.android.server.stats.pull.StatsPullAtomService
05-19 10:05:51.010  1239  1239 D SystemServerTiming: OnBootPhase_600_com.android.server.stats.bootstrap.StatsBootstrapAtomService$Lifecycle
05-19 10:05:51.010  1239  1239 D SystemServerTiming: OnBootPhase_600_com.android.server.incident.IncidentCompanionService
05-19 10:05:51.010  1239  1239 D SystemServerTiming: OnBootPhase_600_com.android.server.sdksandbox.SdkSandboxManagerService$Lifecycle
05-19 10:05:51.010  1239  1239 D SystemServerTiming: OnBootPhase_600_com.android.server.adservices.AdServicesManagerService$Lifecycle
05-19 10:05:51.010  1239  1268 D StatsPullAtomService: Registering NetworkStats pullers with statsd
05-19 10:05:51.011  1239  1239 D SystemServerTiming: OnBootPhase_600_com.android.server.MmsServiceBroker
05-19 10:05:51.011  1239  1239 D SystemServerTiming: OnBootPhase_600_com.android.server.autofill.AutofillManagerService
05-19 10:05:51.012  1239  1239 D SystemServerTiming: OnBootPhase_600_com.android.server.translation.TranslationManagerService
05-19 10:05:51.012  1239  1239 D SystemServerTiming: OnBootPhase_600_com.android.server.clipboard.ClipboardService
05-19 10:05:51.012  1239  1239 D SystemServerTiming: OnBootPhase_600_com.android.server.appbinding.AppBindingService$Lifecycle
05-19 10:05:51.012  1239  1239 D SystemServerTiming: OnBootPhase_600_com.android.server.tracing.TracingServiceProxy
05-19 10:05:51.012  1239  1239 D SystemServerTiming: OnBootPhase_600_com.android.server.policy.PermissionPolicyService
05-19 10:05:51.012  1239  1239 D SystemServerTiming: OnBootPhase_600_com.android.server.pm.StagingManager$Lifecycle
05-19 10:05:51.012  1239  1239 D SystemServerTiming: OnBootPhase_600_com.android.server.app.GameManagerService$Lifecycle
05-19 10:05:51.012  1239  1239 D SystemServerTiming: OnBootPhase_600_com.android.safetycenter.SafetyCenterService
05-19 10:05:51.012  1239  1239 D SystemServerTiming: OnBootPhase_600_com.android.server.appsearch.AppSearchModule$Lifecycle
05-19 10:05:51.012  1239  1239 D SystemServerTiming: OnBootPhase_600_com.android.server.media.MediaCommunicationService
05-19 10:05:51.012  1239  1239 D SystemServerTiming: OnBootPhase_600_com.android.server.compat.overrides.AppCompatOverridesService$Lifecycle
05-19 10:05:51.012  1239  1239 D SystemServerTiming: OnBootPhase_600_com.android.server.derp.ParallelSpaceManagerService
05-19 10:05:51.012  1239  1239 D SystemServerTiming: StartNetworkStack
05-19 10:05:51.012  1239  1239 D ConnectivityModuleConnector: Starting networking module android.net.INetworkStackConnector
05-19 10:05:51.012  1239  1239 D ConnectivityModuleConnector: Starting networking module in network_stack process
05-19 10:05:51.015  1438  1438 V WindowManagerShell: Adding init callback for RecentTasksController
05-19 10:05:51.015  1239  1239 D CompatibilityChangeReporter: Compat change id reported: 135634846; UID 1073; state: DISABLED
05-19 10:05:51.015  1239  1239 D CompatibilityChangeReporter: Compat change id reported: 177438394; UID 1073; state: DISABLED
05-19 10:05:51.016  1239  1239 D CompatibilityChangeReporter: Compat change id reported: 135772972; UID 1073; state: DISABLED
05-19 10:05:51.016  1239  1239 D CompatibilityChangeReporter: Compat change id reported: 135754954; UID 1073; state: ENABLED
05-19 10:05:51.017  1239  1239 D ConnectivityModuleConnector: Networking module service start requested
05-19 10:05:51.017  1239  1239 D SystemServerTiming: StartTethering
05-19 10:05:51.017  1239  1239 D ConnectivityModuleConnector: Starting networking module android.net.ITetheringConnector
05-19 10:05:51.018  1239  1239 D ConnectivityModuleConnector: Starting networking module in network_stack process
05-19 10:05:51.018  1438  1438 V WindowManagerShell: Adding init callback for ShellTaskOrganizer
05-19 10:05:51.019  1239  1239 D ConnectivityModuleConnector: Networking module service start requested
05-19 10:05:51.019  1239  1239 D SystemServerTiming: MakeCountryDetectionServiceReady
05-19 10:05:51.019  1239  1239 D SystemServerTiming: MakeNetworkTimeUpdateReady
05-19 10:05:51.021  1239  1239 D SystemServerTiming: MakeInputManagerServiceReady
05-19 10:05:51.024  1239  1239 I ActivityTaskManager: Config changes=100 {1.0 ?mcc?mnc [en_IN] ldltr sw400dp w400dp h852dp 432dpi nrml long port night finger -keyb/v/h -nav/h winConfig={ mBounds=Rect(0, 0 - 1080, 2400) mAppBounds=Rect(0, 100 - 1080, 2400) mMaxBounds=Rect(0, 0 - 1080, 2400) mDisplayRotation=ROTATION_0 mWindowingMode=fullscreen mDisplayWindowingMode=fullscreen mActivityType=undefined mAlwaysOnTop=undefined mRotation=ROTATION_0} s.12 fontWeightAdjustment=300}
05-19 10:05:51.025  1239  1239 I WindowManager: Override config changes=100 {1.0 ?mcc?mnc [en_IN] ldltr sw400dp w400dp h852dp 432dpi nrml long port night finger -keyb/v/h -nav/h winConfig={ mBounds=Rect(0, 0 - 1080, 2400) mAppBounds=Rect(0, 100 - 1080, 2400) mMaxBounds=Rect(0, 0 - 1080, 2400) mDisplayRotation=ROTATION_0 mWindowingMode=fullscreen mDisplayWindowingMode=fullscreen mActivityType=undefined mAlwaysOnTop=undefined mRotation=ROTATION_0} s.12 fontWeightAdjustment=300} for displayId=0
05-19 10:05:51.031  1239  1239 D SystemServerTiming: MakeTelephonyRegistryReady
05-19 10:05:51.032  1239  1239 D SystemServerTiming: MakeMediaRouterServiceReady
05-19 10:05:51.032  1239  1239 I MR2ServiceImpl: switchUser | user: 0
05-19 10:05:51.032  1239  1239 D SystemServerTiming: MakeMmsServiceReady
05-19 10:05:51.032  1239  1239 I MmsServiceBroker: Delay connecting to MmsService until an API is called
05-19 10:05:51.032  1239  1239 D SystemServerTiming: IncidentDaemonReady
05-19 10:05:51.034  1239  1239 D SystemServerTiming: OdsignStatsLogger
05-19 10:05:51.034  1239  1239 D SystemServerTiming: getCurrentUser
05-19 10:05:51.034  1239  1239 I ActivityManager: Current user:0
05-19 10:05:51.034  1239  1239 D SystemServerTiming: ActivityManagerStartApps
05-19 10:05:51.035  1239  1239 D SystemServerTiming: ssm.StartUser-0
05-19 10:05:51.035  1239  1239 I SystemServiceManager: Calling onStartUser 0
05-19 10:05:51.035  1239  1239 D SystemServerTiming: ssm.onStartUser-0_com.android.server.security.FileIntegrityService
05-19 10:05:51.035  1239  1239 D SystemServerTiming: ssm.onStartUser-0_com.android.server.pm.Installer
05-19 10:05:51.035  1239  1239 D SystemServerTiming: ssm.onStartUser-0_com.android.server.os.DeviceIdentifiersPolicyService
05-19 10:05:51.035  1239  1239 D SystemServerTiming: ssm.onStartUser-0_com.android.server.uri.UriGrantsManagerService$Lifecycle
05-19 10:05:51.035  1239  1239 D SystemServerTiming: ssm.onStartUser-0_com.android.server.powerstats.PowerStatsService
05-19 10:05:51.035  1239  1239 D SystemServerTiming: ssm.onStartUser-0_com.android.server.wm.ActivityTaskManagerService$Lifecycle
05-19 10:05:51.035  1239  1239 D SystemServerTiming: ssm.onStartUser-0_com.android.server.am.ActivityManagerService$Lifecycle
05-19 10:05:51.035  1239  1239 D SystemServerTiming: ssm.onStartUser-0_com.android.server.pm.DataLoaderManagerService
05-19 10:05:51.035  1239  1239 D SystemServerTiming: ssm.onStartUser-0_com.android.server.power.PowerManagerService
05-19 10:05:51.035  1239  1239 D SystemServerTiming: ssm.onStartUser-0_com.android.server.power.ThermalManagerService
05-19 10:05:51.035  1239  1239 D SystemServerTiming: ssm.onStartUser-0_com.android.server.power.hint.HintManagerService
05-19 10:05:51.035  1239  1239 D SystemServerTiming: ssm.onStartUser-0_com.android.server.recoverysystem.RecoverySystemService$Lifecycle
05-19 10:05:51.035  1239  1239 D SystemServerTiming: ssm.onStartUser-0_com.android.server.lights.LightsService
05-19 10:05:51.035  1239  1239 D SystemServerTiming: ssm.onStartUser-0_com.android.server.display.DisplayManagerService
05-19 10:05:51.035  1239  1239 D SystemServerTiming: ssm.onStartUser-0_com.android.server.pm.verify.domain.DomainVerificationService
05-19 10:05:51.035  1239  1239 D SystemServerTiming: ssm.onStartUser-0_com.android.server.pm.PackageInstallerService$Lifecycle
05-19 10:05:51.035  1239  1239 D SystemServerTiming: ssm.onStartUser-0_com.android.server.pm.UserManagerService$LifeCycle
05-19 10:05:51.035  1239  1239 D SystemServerTiming: ssm.onStartUser-0_com.android.server.om.OverlayManagerService
05-19 10:05:51.035  1239  1239 D SystemServerTiming: ssm.onStartUser-0_com.android.server.resources.ResourcesManagerService
05-19 10:05:51.035  1239  1239 D SystemServerTiming: ssm.onStartUser-0_com.android.server.sensorprivacy.SensorPrivacyService
05-19 10:05:51.036  1239  1239 D SystemServerTiming: ssm.onStartUser-0_com.android.server.sensors.SensorService
05-19 10:05:51.036  1239  1239 D SystemServerTiming: ssm.onStartUser-0_com.android.server.SystemConfigService
05-19 10:05:51.036  1239  1239 D SystemServerTiming: ssm.onStartUser-0_com.android.server.BatteryService
05-19 10:05:51.036  1239  1239 D SystemServerTiming: ssm.onStartUser-0_com.android.server.usage.UsageStatsService
05-19 10:05:51.036  1239  1239 D SystemServerTiming: ssm.onStartUser-0_com.android.server.webkit.WebViewUpdateService
05-19 10:05:51.036  1239  1239 D SystemServerTiming: ssm.onStartUser-0_com.android.server.CachedDeviceStateService
05-19 10:05:51.036  1239  1239 D SystemServerTiming: ssm.onStartUser-0_com.android.server.BinderCallsStatsService$LifeCycle
05-19 10:05:51.036  1239  1239 D SystemServerTiming: ssm.onStartUser-0_com.android.server.LooperStatsService$Lifecycle
05-19 10:05:51.036  1239  1239 D SystemServerTiming: ssm.onStartUser-0_com.android.server.rollback.RollbackManagerService
05-19 10:05:51.036  1239  1239 D SystemServerTiming: ssm.onStartUser-0_com.android.server.os.NativeTombstoneManagerService
05-19 10:05:51.036  1239  1239 D SystemServerTiming: ssm.onStartUser-0_com.android.server.os.BugreportManagerService
05-19 10:05:51.036  1239  1239 D SystemServerTiming: ssm.onStartUser-0_com.android.server.gpu.GpuService
05-19 10:05:51.036  1239  1239 D SystemServerTiming: ssm.onStartUser-0_com.android.server.security.KeyChainSystemService
05-19 10:05:51.036  1239  1239 D SystemServerTiming: ssm.onStartUser-0_com.android.server.BinaryTransparencyService
05-19 10:05:51.036  1239  1239 D SystemServerTiming: ssm.onStartUser-0_com.android.server.telecom.TelecomLoaderService
05-19 10:05:51.036  1239  1239 D SystemServerTiming: ssm.onStartUser-0_com.android.server.accounts.AccountManagerService$Lifecycle
05-19 10:05:51.036  1239  1239 D SystemServerTiming: ssm.onStartUser-0_com.android.server.content.ContentService$Lifecycle
05-19 10:05:51.037  1239  1239 D SystemServerTiming: ssm.onStartUser-0_com.android.server.DropBoxManagerService
05-19 10:05:51.037  1239  1239 D SystemServerTiming: ssm.onStartUser-0_com.android.role.RoleService
05-19 10:05:51.047  1438  1438 V WindowManagerShell: Adding init callback for OneHandedController
05-19 10:05:51.055  1239  1239 D SystemServerTiming: ssm.onStartUser-0_com.android.server.vibrator.VibratorManagerService$Lifecycle
05-19 10:05:51.055  1239  1239 D SystemServerTiming: ssm.onStartUser-0_com.android.server.tare.InternalResourceService
05-19 10:05:51.055  1239  1239 D SystemServerTiming: ssm.onStartUser-0_com.android.server.alarm.AlarmManagerService
05-19 10:05:51.055  1239  1239 D SystemServerTiming: ssm.onStartUser-0_com.android.server.devicestate.DeviceStateManagerService
05-19 10:05:51.055  1239  1239 D SystemServerTiming: ssm.onStartUser-0_com.android.server.camera.CameraServiceProxy
05-19 10:05:51.058  1438  1438 V WindowManagerShell: Adding init callback for DefaultTransitionHandler
05-19 10:05:51.058  1239  1239 D SystemServerTiming: ssm.onStartUser-0_com.android.server.bluetooth.BluetoothService
05-19 10:05:51.059  1438  1438 V WindowManagerShell: addHandler: Default
05-19 10:05:51.059  1438  1438 V WindowManagerShell: addHandler: Remote
05-19 10:05:51.059  1438  1438 V WindowManagerShell: Adding init callback for Transitions
05-19 10:05:51.062  1239  1239 D SystemServerTiming: ssm.onStartUser-0_com.android.server.connectivity.IpConnectivityMetrics
05-19 10:05:51.062  1239  1239 D SystemServerTiming: ssm.onStartUser-0_com.android.server.net.watchlist.NetworkWatchlistService$Lifecycle
05-19 10:05:51.062  1239  1239 D SystemServerTiming: ssm.onStartUser-0_com.android.server.PinnerService
05-19 10:05:51.062  1239  1239 D SystemServerTiming: ssm.onStartUser-0_com.android.server.integrity.AppIntegrityManagerService
05-19 10:05:51.062  1239  1239 D SystemServerTiming: ssm.onStartUser-0_com.android.server.logcat.LogcatManagerService
05-19 10:05:51.062  1239  1239 D SystemServerTiming: ssm.onStartUser-0_com.android.server.derp.LineageGlobalActionsService
05-19 10:05:51.062  1239  1239 D SystemServerTiming: ssm.onStartUser-0_com.android.server.inputmethod.InputMethodManagerService$Lifecycle
05-19 10:05:51.062  1239  1239 D SystemServerTiming: ssm.onStartUser-0_com.android.server.accessibility.AccessibilityManagerService$Lifecycle
05-19 10:05:51.062  1239  1239 D SystemServerTiming: ssm.onStartUser-0_com.android.server.StorageManagerService$Lifecycle
05-19 10:05:51.065  1239  1239 V StorageManagerService: Package com.bootleggers.shishufied.clockfont.alienleague does not have legacy storage
05-19 10:05:51.065  1239  1239 V StorageManagerService: Package com.android.internal.display.cutout.emulation.noCutout does not have legacy storage
05-19 10:05:51.065  1239  1239 V StorageManagerService: Package com.mediatek.ims does not have legacy storage
05-19 10:05:51.065  1239  1239 V StorageManagerService: Package org.derpfest.overlay.customization.launcher3.nohint does not have legacy storage
05-19 10:05:51.065  1239  1239 V StorageManagerService: Package com.bootleggers.shishufied.clockfont.galaxysans does not have legacy storage
05-19 10:05:51.065  1239  1239 V StorageManagerService: Package com.android.theme.font.punkmono does not have legacy storage
05-19 10:05:51.066  1239  1239 V StorageManagerService: Package com.android.cts.priv.ctsshim does not have legacy storage
05-19 10:05:51.066  1239  1239 V StorageManagerService: Package com.android.theme.icon.leaf does not have legacy storage
05-19 10:05:51.066  1239  1239 V StorageManagerService: Package com.google.android.youtube does not have legacy storage
05-19 10:05:51.066  1239  1239 V StorageManagerService: Package com.android.settings.switch.style_emoji does not have legacy storage
05-19 10:05:51.066  1239  1239 V StorageManagerService: Package com.android.settings.switch.style_foggy does not have legacy storage
05-19 10:05:51.066  1239  1239 V StorageManagerService: Package com.android.theme.font.jicaleta does not have legacy storage
05-19 10:05:51.066  1239  1239 V StorageManagerService: Package com.android.uwb.resources does not have legacy storage
05-19 10:05:51.066  1239  1239 V StorageManagerService: Package com.android.internal.display.cutout.emulation.corner does not have legacy storage
05-19 10:05:51.066  1239  1239 V StorageManagerService: Package com.android.settings.overlay.pixel2021 does not have legacy storage
05-19 10:05:51.066  1239  1239 V StorageManagerService: Package xyz.penpencil.physicswala does not have legacy storage
05-19 10:05:51.066  1239  1239 V StorageManagerService: Package com.android.adservices.api does not have legacy storage
05-19 10:05:51.066  1239  1239 V StorageManagerService: Package org.derpfest.overlay.customization.navbar.keyboard.nonavbar does not have legacy storage
05-19 10:05:51.066  1239  1239 V StorageManagerService: Package com.android.theme.font.storopia does not have legacy storage
05-19 10:05:51.066  1239  1239 V StorageManagerService: Package com.android.internal.display.cutout.emulation.double does not have legacy storage
05-19 10:05:51.066  1239  1239 V StorageManagerService: Package com.google.android.overlay.pixelconfig2018 does not have legacy storage
05-19 10:05:51.066  1239  1239 V StorageManagerService: Package com.google.android.overlay.pixelconfig2019 does not have legacy storage
05-19 10:05:51.066  1239  1239 V StorageManagerService: Package com.google.android.overlay.pixelconfig2021 does not have legacy storage
05-19 10:05:51.066  1239  1239 V StorageManagerService: Package com.bootleggers.shishufied.clockfont.AlphaWood does not have legacy storage
05-19 10:05:51.066  1239  1239 V StorageManagerService: Package com.android.providers.telephony does not have legacy storage
05-19 10:05:51.066  1239  1239 V StorageManagerService: Package com.android.dynsystem does not have legacy storage
05-19 10:05:51.066  1239  1239 V StorageManagerService: Package com.bootleggers.shishufied.theme.optronic.systemui does not have legacy storage
05-19 10:05:51.066  1239  1239 V StorageManagerService: Package com.android.theme.icon_pack.outline.settings does not have legacy storage
05-19 10:05:51.066  1239  1239 V StorageManagerService: Package com.android.theme.icon.pebble does not have legacy storage
05-19 10:05:51.066  1239  1239 V StorageManagerService: Package com.google.android.googlequicksearchbox does not have legacy storage
05-19 10:05:51.066  1239  1239 V StorageManagerService: Package com.android.providers.calendar does not have legacy storage
05-19 10:05:51.067  1239  1239 V StorageManagerService: Package com.bootleggers.shishufied.theme.shishu.systemui does not have legacy storage
05-19 10:05:51.067  1239  1239 V StorageManagerService: Package com.bootleggers.shishufied.clockfont.atkinson does not have legacy storage
05-19 10:05:51.067  1239  1239 V StorageManagerService: Package com.bootleggers.shishufied.clockfont.balticdune does not have legacy storage
05-19 10:05:51.067  1239  1239 V StorageManagerService: Package com.android.providers.media does not have legacy storage
05-19 10:05:51.067  1239  1239 V StorageManagerService: Package com.android.theme.font.giganticfshezaedrus does not have legacy storage
05-19 10:05:51.067  1239  1239 V StorageManagerService: Package com.android.theme.icon_pack.xperia.settings does not have legacy storage
05-19 10:05:51.067  1239  1239 V StorageManagerService: Package com.android.theme.icon_pack.gradicon.android does not have legacy storage
05-19 10:05:51.067  1239  1239 V StorageManagerService: Package com.android.theme.icon.square does not have legacy storage
05-19 10:05:51.067  1239  1239 V StorageManagerService: Package com.google.android.onetimeinitializer does not have legacy storage
05-19 10:05:51.067  1239  1239 V StorageManagerService: Package org.derpfest.overlay.customization.navbar.nohint does not have legacy storage
05-19 10:05:51.067  1239  1239 V StorageManagerService: Package com.bootleggers.shishufied.theme.shishunights.android does not have legacy storage
05-19 10:05:51.067  1239  1239 V StorageManagerService: Package com.google.android.ext.shared does not have legacy storage
05-19 10:05:51.067  1239  1239 V StorageManagerService: Package com.bootleggers.shishufied.clockfont.KGOnlyHope does not have legacy storage
05-19 10:05:51.067  1239  1239 V StorageManagerService: Package com.android.internal.systemui.navbar.gestural_wide_back does not have legacy storage
05-19 10:05:51.067  1239  1239 V StorageManagerService: Package com.android.theme.icon.vessel does not have legacy storage
05-19 10:05:51.067  1239  1239 V StorageManagerService: Package com.bootleggers.shishufied.clockfont.ZnikomitNo24 does not have legacy storage
05-19 10:05:51.067  1239  1239 V StorageManagerService: Package com.android.theme.font.leonsans does not have legacy storage
05-19 10:05:51.067  1239  1239 V StorageManagerService: Package com.android.theme.icon_pack.victor.settings does not have legacy storage
05-19 10:05:51.067  1239  1239 V StorageManagerService: Package com.android.internal.display.cutout.emulation.narrow does not have legacy storage
05-19 10:05:51.067  1239  1239 V StorageManagerService: Package com.bootleggers.shishufied.clockfont.Hanged does not have legacy storage
05-19 10:05:51.067  1239  1239 V StorageManagerService: Package com.golgappa.studyrays does not have legacy storage
05-19 10:05:51.067  1239  1239 V StorageManagerService: Package com.android.theme.icon_pack.acherus.systemui does not have legacy storage
05-19 10:05:51.067  1239  1239 V StorageManagerService: Package com.google.android.flipendo does not have legacy storage
05-19 10:05:51.067  1239  1239 V StorageManagerService: Package com.android.theme.icon_pack.rounded.systemui does not have legacy storage
05-19 10:05:51.067  1239  1239 V StorageManagerService: Package com.bootleggers.shishufied.clockfont.bignoodle does not have legacy storage
05-19 10:05:51.067  1239  1239 V StorageManagerService: Package com.android.theme.icon_pack.pui.settings does not have legacy storage
05-19 10:05:51.068  1239  1239 V StorageManagerService: Package com.android.theme.icon.taperedrect does not have legacy storage
05-19 10:05:51.068  1239  1239 V StorageManagerService: Package com.android.theme.icon_pack.oos.android does not have legacy storage
05-19 10:05:51.068  1239  1239 V StorageManagerService: Package com.android.settings.overlay.pixel does not have legacy storage
05-19 10:05:51.068  1239  1239 V StorageManagerService: Package com.android.theme.font.lgsmartgothicsource does not have legacy storage
05-19 10:05:51.068  1239  1239 V StorageManagerService: Package com.android.settings.switch.style_checkmark does not have legacy storage
05-19 10:05:51.068  1239  1239 V StorageManagerService: Package com.android.theme.font.manrope does not have legacy storage
05-19 10:05:51.068  1239  1239 V StorageManagerService: Package com.android.systemui.signalbar_windows does not have legacy storage
05-19 10:05:51.068  1239  1239 V StorageManagerService: Package com.android.bips.overlay.pixel does not have legacy storage
05-19 10:05:51.068  1239  1239 V StorageManagerService: Package com.bootleggers.shishufied.theme.shishuamalgamation.android does not have legacy storage
05-19 10:05:51.068  1239  1239 V StorageManagerService: Package com.bootleggers.shishufied.clockfont.NINJAS does not have legacy storage
05-19 10:05:51.068  1239  1239 V StorageManagerService: Package com.android.externalstorage does not have legacy storage
05-19 10:05:51.068  1239  1239 V StorageManagerService: Package com.bootleggers.shishufied.clockfont.liquidcrystal does not have legacy storage
05-19 10:05:51.068  1239  1239 V StorageManagerService: Package com.android.theme.icon_pack.oos.settings does not have legacy storage
05-19 10:05:51.068  1239  1239 V StorageManagerService: Package com.bootleggers.shishufied.clockfont.DiscoMidnight does not have legacy storage
05-19 10:05:51.068  1239  1239 V StorageManagerService: Package com.android.theme.font.bariolsource does not have legacy storage
05-19 10:05:51.068  1239  1239 V StorageManagerService: Package com.whatsapp does not have legacy storage
05-19 10:05:51.068  1239  1239 V StorageManagerService: Package com.android.bluetooth.bthelper does not have legacy storage
05-19 10:05:51.068  1239  1239 V StorageManagerService: Package com.android.companiondevicemanager does not have legacy storage
05-19 10:05:51.068  1239  1239 V StorageManagerService: Package com.android.mms.service does not have legacy storage
05-19 10:05:51.068  1239  1239 V StorageManagerService: Package com.android.theme.font.circularstd does not have legacy storage
05-19 10:05:51.068  1239  1239 V StorageManagerService: Package com.bootleggers.shishufied.clockfont.zerofour does not have legacy storage
05-19 10:05:51.068  1239  1239 V StorageManagerService: Package com.bootleggers.shishufied.theme.shishuillusions.settings does not have legacy storage
05-19 10:05:51.068  1239  1239 V StorageManagerService: Package com.bootleggers.shishufied.theme.nexodus.android does not have legacy storage
05-19 10:05:51.068  1239  1239 V StorageManagerService: Package com.android.theme.font.comfortaa does not have legacy storage
05-19 10:05:51.068  1239  1239 V StorageManagerService: Package com.android.theme.font.coolstorysource does not have legacy storage
05-19 10:05:51.068  1239  1239 V StorageManagerService: Package com.bootleggers.shishufied.clockfont.c24decoshadow does not have legacy storage
05-19 10:05:51.068  1239  1239 V StorageManagerService: Package com.bootleggers.shishufied.clockfont.tourney does not have legacy storage
05-19 10:05:51.069  1239  1239 V StorageManagerService: Package com.android.theme.font.jakartaplus does not have legacy storage
05-19 10:05:51.069  1239  1239 V StorageManagerService: Package com.android.providers.downloads does not have legacy storage
05-19 10:05:51.069  1239  1239 V StorageManagerService: Package com.android.theme.icon_pack.outline.systemui does not have legacy storage
05-19 10:05:51.069  1239  1239 V StorageManagerService: Package com.android.systemui.brightness_slider.leafyoutline does not have legacy storage
05-19 10:05:51.069  1239  1239 V StorageManagerService: Package com.google.android.apps.messaging does not have legacy storage
05-19 10:05:51.069  1239  1239 V StorageManagerService: Package com.android.theme.font.comicneue does not have legacy storage
05-19 10:05:51.069  1239  1239 V StorageManagerService: Package com.android.theme.font.comicsans does not have legacy storage
05-19 10:05:51.069  1239  1239 V StorageManagerService: Package ru.zdevs.zarchiver does not have legacy storage
05-19 10:05:51.069  1239  1239 V StorageManagerService: Package com.google.android.soundpicker does not have legacy storage
05-19 10:05:51.069  1239  1239 V StorageManagerService: Package com.android.theme.icon_pack.rounded.android does not have legacy storage
05-19 10:05:51.069  1239  1239 V StorageManagerService: Package com.android.theme.navbar.kronic does not have legacy storage
05-19 10:05:51.069  1239  1239 V StorageManagerService: Package com.discord does not have legacy storage
05-19 10:05:51.069  1239  1239 V StorageManagerService: Package com.bootleggers.shishufied.clockfont.museomod does not have legacy storage
05-19 10:05:51.069  1239  1239 V StorageManagerService: Package com.android.theme.icon_pack.xperia.systemui does not have legacy storage
05-19 10:05:51.069  1239  1239 V StorageManagerService: Package com.openai.chatgpt does not have legacy storage
05-19 10:05:51.069  1239  1239 V StorageManagerService: Package com.bootleggers.shishufied.clockfont.forta does not have legacy storage
05-19 10:05:51.069  1239  1239 V StorageManagerService: Package com.bootleggers.shishufied.clockfont.neon2 does not have legacy storage
05-19 10:05:51.069  1239  1239 V StorageManagerService: Package com.bootleggers.shishufied.clockfont.alexana does not have legacy storage
05-19 10:05:51.069  1239  1239 V StorageManagerService: Package com.bootleggers.shishufied.clockfont.union does not have legacy storage
05-19 10:05:51.069  1239  1239 V StorageManagerService: Package com.bootleggers.shishufied.clockfont.vibur does not have legacy storage
05-19 10:05:51.069  1239  1239 V StorageManagerService: Package oss.krtirtho.spotube does not have legacy storage
05-19 10:05:51.069  1239  1239 V StorageManagerService: Package com.bootleggers.shishufied.clockfont.ACFilmstrip does not have legacy storage
05-19 10:05:51.069  1239  1239 V StorageManagerService: Package com.android.theme.font.vladivostok does not have legacy storage
05-19 10:05:51.069  1239  1239 V StorageManagerService: Package com.android.systemui.brightness_slider.cyberpunk does not have legacy storage
05-19 10:05:51.069  1239  1239 V StorageManagerService: Package com.android.theme.icon_pack.victor.systemui does not have legacy storage
05-19 10:05:51.069  1239  1239 V StorageManagerService: Package com.bootleggers.shishufied.clockfont.CFBadNews does not have legacy storage
05-19 10:05:51.069  1239  1239 V StorageManagerService: Package com.bootleggers.shishufied.clockfont.cherryswash does not have legacy storage
05-19 10:05:51.070  1239  1239 V StorageManagerService: Package com.google.android.configupdater does not have legacy storage
05-19 10:05:51.070  1239  1239 V StorageManagerService: Package com.bootleggers.shishufied.clockfont.NewYorkSemibold does not have legacy storage
05-19 10:05:51.070  1239  1239 V StorageManagerService: Package com.bootleggers.shishufied.theme.black.android does not have legacy storage
05-19 10:05:51.070  1239  1239 V StorageManagerService: Package com.android.providers.contacts.overlay.pixel does not have legacy storage
05-19 10:05:51.070  1239  1239 V StorageManagerService: Package com.github.android does not have legacy storage
05-19 10:05:51.070  1239  1239 V StorageManagerService: Package com.android.systemui.brightness_slider.outline does not have legacy storage
05-19 10:05:51.070  1239  1239 V StorageManagerService: Package com.bootleggers.shishufied.theme.nexodus.settings does not have legacy storage
05-19 10:05:51.070  1239  1239 V StorageManagerService: Package com.bootleggers.shishufied.clockfont.LMSClifford does not have legacy storage
05-19 10:05:51.070  1239  1239 V StorageManagerService: Package com.android.theme.icon_pack.pui.systemui does not have legacy storage
05-19 10:05:51.070  1239  1239 V StorageManagerService: Package com.google.android.overlay.googlewebview does not have legacy storage
05-19 10:05:51.070  1239  1239 V StorageManagerService: Package com.android.systemui.signalbar_wanna does not have legacy storage
05-19 10:05:51.070  1239  1239 V StorageManagerService: Package com.google.android.apps.safetyhub does not have legacy storage
05-19 10:05:51.070  1239  1239 V StorageManagerService: Package org.derpfest.flash does not have legacy storage
05-19 10:05:51.070  1239  1239 V StorageManagerService: Package com.bootleggers.shishufied.theme.pacleggers.settings does not have legacy storage
05-19 10:05:51.070  1239  1239 V StorageManagerService: Package org.derpfest.walls does not have legacy storage
05-19 10:05:51.070  1239  1239 V StorageManagerService: Package com.android.systemui.plugin.globalactions.wallet does not have legacy storage
05-19 10:05:51.070  1239  1239 V StorageManagerService: Package com.google.ar.core does not have legacy storage
05-19 10:05:51.070  1239  1239 V StorageManagerService: Package com.android.safetycenter.resources does not have legacy storage
05-19 10:05:51.070  1239  1239 V StorageManagerService: Package com.android.providers.downloads.ui does not have legacy storage
05-19 10:05:51.070  1239  1239 V StorageManagerService: Package com.android.vending does not have legacy storage
05-19 10:05:51.070  1239  1239 V StorageManagerService: Package com.android.pacprocessor does not have legacy storage
05-19 10:05:51.070  1239  1239 V StorageManagerService: Package com.bootleggers.shishufied.clockfont.ELRIOTT2 does not have legacy storage
05-19 10:05:51.070  1239  1239 V StorageManagerService: Package com.android.simappdialog does not have legacy storage
05-19 10:05:51.070  1239  1239 V StorageManagerService: Package com.android.networkstack does not have legacy storage
05-19 10:05:51.071  1239  1239 V StorageManagerService: Package com.android.theme.font.harmonysans does not have legacy storage
05-19 10:05:51.071  1239  1239 V StorageManagerService: Package com.android.theme.icon_pack.oos.systemui does not have legacy storage
05-19 10:05:51.071  1239  1239 V StorageManagerService: Package com.google.android.overlay.pixelconfig2019midyear does not have legacy storage
