05-19 10:05:47.962  1239  1239 D SystemServerTiming: StartSystemConfigService
05-19 10:05:47.963  1239  1239 I SystemServiceManager: Starting com.android.server.SystemConfigService
05-19 10:05:47.963  1239  1314 D SystemServerTimingAsync: InitThreadPoolExec:StartNativeSensorService
05-19 10:05:47.963  1239  1314 D SystemServerTimingAsync: StartNativeSensorService
05-19 10:05:47.964  1239  1239 D SystemServerTiming: StartBatteryService
05-19 10:05:47.964  1239  1239 I SystemServiceManager: Starting com.android.server.BatteryService
05-19 10:05:47.976  1239  1314 V HistoricalRegistry: Interaction before persistence initialized
05-19 10:05:47.978  1239  1239 I HealthServiceWrapperHidl: health: HealthServiceWrapper listening to instance default
05-19 10:05:47.978  1239  1239 I BatteryService: health: Waited 0ms and received the update.
05-19 10:05:47.980  1239  1239 D SystemServerTiming: StartUsageService
05-19 10:05:47.980  1239  1239 I SystemServiceManager: Starting com.android.server.usage.UsageStatsService
05-19 10:05:47.985  1239  1239 D SystemServerTiming: StartWebViewUpdateService
05-19 10:05:47.985  1239  1239 I SystemServiceManager: Starting com.android.server.webkit.WebViewUpdateService
05-19 10:05:47.988  1239  1239 D SystemServerTiming: StartCachedDeviceStateService
05-19 10:05:47.988  1239  1239 I SystemServiceManager: Starting com.android.server.CachedDeviceStateService
05-19 10:05:47.988  1239  1239 D SystemServerTiming: StartBinderCallsStatsService
05-19 10:05:47.988  1239  1239 I SystemServiceManager: Starting com.android.server.BinderCallsStatsService$LifeCycle
05-19 10:05:47.990  1239  1239 D SystemServerTiming: StartLooperStatsService
05-19 10:05:47.990  1239  1239 I SystemServiceManager: Starting com.android.server.LooperStatsService$Lifecycle
05-19 10:05:47.992  1239  1239 D SystemServerTiming: StartRollbackManagerService
05-19 10:05:47.992  1239  1239 I SystemServiceManager: Starting com.android.server.rollback.RollbackManagerService
05-19 10:05:47.997  1239  1239 I PackageWatchdog: Syncing state, reason: added new observer
05-19 10:05:47.997  1239  1239 I PackageWatchdog: Not pruning observers, elapsed time: 0ms
05-19 10:05:48.001  1239  1239 D SystemServerTiming: StartNativeTombstoneManagerService
05-19 10:05:48.001  1239  1239 I SystemServiceManager: Starting com.android.server.os.NativeTombstoneManagerService
05-19 10:05:48.002  1239  1239 D SystemServerTiming: StartBugreportManagerService
05-19 10:05:48.002  1239  1239 I SystemServiceManager: Starting com.android.server.os.BugreportManagerService
05-19 10:05:48.003  1239  1239 D SystemServerTiming: GpuService
05-19 10:05:48.003  1239  1239 I SystemServiceManager: Starting com.android.server.gpu.GpuService
05-19 10:05:48.003  1239  1239 D SystemServerTiming: startOtherServices
05-19 10:05:48.003  1239  1239 D SystemServerTiming: StartKeyAttestationApplicationIdProviderService
05-19 10:05:48.004  1239  1326 D SystemServerTimingAsync: InitThreadPoolExec:SecondaryZygotePreload
05-19 10:05:48.004  1239  1326 I SystemServer: SecondaryZygotePreload
05-19 10:05:48.004  1239  1326 D SystemServerTimingAsync: SecondaryZygotePreload
05-19 10:05:48.005  1239  1239 D SystemServerTiming: StartKeyChainSystemService
05-19 10:05:48.005  1239  1239 I SystemServiceManager: Starting com.android.server.security.KeyChainSystemService
05-19 10:05:48.005  1239  1239 D SystemServerTiming: StartBinaryTransparencyService
05-19 10:05:48.005  1239  1239 I SystemServiceManager: Starting com.android.server.BinaryTransparencyService
05-19 10:05:48.007  1239  1239 I TransparencyService: Started BinaryTransparencyService
05-19 10:05:48.007  1239  1239 D SystemServerTiming: StartSchedulingPolicyService
05-19 10:05:48.008  1239  1327 D SystemServerTimingAsync: InitThreadPoolExec:SchedulingPolicyService.<init>
05-19 10:05:48.009  1239  1239 D SystemServerTiming: StartTelecomLoaderService
05-19 10:05:48.009  1239  1239 I SystemServiceManager: Starting com.android.server.telecom.TelecomLoaderService
05-19 10:05:48.009  1239  1239 D SystemServerTiming: StartTelephonyRegistry
05-19 10:05:48.012  1239  1239 D SystemServerTiming: StartEntropyMixer
05-19 10:05:48.012  1239  1239 I EntropyMixer: Loaded existing seed file
05-19 10:05:48.016  1239  1239 I EntropyMixer: Updated seed file
05-19 10:05:48.016  1239  1239 D SystemServerTiming: StartAccountManagerService
05-19 10:05:48.016  1239  1239 I SystemServiceManager: Starting com.android.server.accounts.AccountManagerService$Lifecycle
05-19 10:05:48.020  1239  1239 D SystemServerTiming: StartContentService
05-19 10:05:48.020  1239  1239 I SystemServiceManager: Starting com.android.server.content.ContentService$Lifecycle
05-19 10:05:48.021  1239  1268 I PackageWatchdog: Saving observer state to file
05-19 10:05:48.023  1239  1239 D SystemServerTiming: InstallSystemProviders
05-19 10:05:48.070  1239  1309 W PackageManager: Skipping preparing app data for com.android.sdksandbox
05-19 10:05:48.109  1239  1239 W ActivityManager: cgroup.freeze not present
05-19 10:05:48.110  1239  1269 D ActivityManager: Freezer disabled
05-19 10:05:48.117  1239  1239 D SystemServerTiming: UpdateWatchdogTimeout
05-19 10:05:48.117  1239  1239 I Watchdog: Watchdog timeout updated to 60000 millis
05-19 10:05:48.118  1239  1239 D SystemServerTiming: StartDropBoxManager
05-19 10:05:48.118  1239  1239 I SystemServiceManager: Starting com.android.server.DropBoxManagerService
05-19 10:05:48.119  1239  1239 D SystemServerTiming: StartRoleManagerService
05-19 10:05:48.120  1239  1239 I SystemServiceManager: Starting com.android.role.RoleService
05-19 10:05:48.125  1239  1239 D SystemServerTiming: StartVibratorManagerService
05-19 10:05:48.125  1239  1239 I SystemServiceManager: Starting com.android.server.vibrator.VibratorManagerService$Lifecycle
05-19 10:05:48.136  1239  1239 D SystemServerTiming: StartDynamicSystemService
05-19 10:05:48.138  1239  1239 D SystemServerTiming: StartConsumerIrService
05-19 10:05:48.143  1239  1239 D SystemServerTiming: StartResourceEconomy
05-19 10:05:48.143  1239  1239 I SystemServiceManager: Starting com.android.server.tare.InternalResourceService
05-19 10:05:48.148  1239  1239 D SystemServerTiming: StartAlarmManagerService
05-19 10:05:48.148  1239  1239 I SystemServiceManager: Starting com.android.server.alarm.AlarmManagerService
05-19 10:05:48.156  1239  1239 D SystemServerTiming: StartInputManagerService
05-19 10:05:48.162  1239  1239 I InputManager: Initializing input manager, mUseDevInputEventForAudioJack=true
05-19 10:05:48.162  1239  1239 D SystemServerTiming: DeviceStateManagerService
05-19 10:05:48.162  1239  1239 I SystemServiceManager: Starting com.android.server.devicestate.DeviceStateManagerService
05-19 10:05:48.169  1239  1239 D SystemServerTiming: StartCameraServiceProxy
05-19 10:05:48.169  1239  1239 I SystemServiceManager: Starting com.android.server.camera.CameraServiceProxy
05-19 10:05:48.171  1239  1239 D SystemServerTiming: StartWindowManagerService
05-19 10:05:48.172  1239  1239 I SystemServiceManager: Starting phase 200
05-19 10:05:48.172  1239  1239 D SystemServerTiming: OnBootPhase_200
05-19 10:05:48.172  1239  1239 D SystemServerTiming: OnBootPhase_200_com.android.server.security.FileIntegrityService
05-19 10:05:48.172  1239  1239 D SystemServerTiming: OnBootPhase_200_com.android.server.pm.Installer
05-19 10:05:48.172  1239  1239 D SystemServerTiming: OnBootPhase_200_com.android.server.os.DeviceIdentifiersPolicyService
05-19 10:05:48.172  1239  1239 D SystemServerTiming: OnBootPhase_200_com.android.server.uri.UriGrantsManagerService$Lifecycle
05-19 10:05:48.172  1239  1239 D SystemServerTiming: OnBootPhase_200_com.android.server.powerstats.PowerStatsService
05-19 10:05:48.172  1239  1239 D SystemServerTiming: OnBootPhase_200_com.android.server.wm.ActivityTaskManagerService$Lifecycle
05-19 10:05:48.172  1239  1239 D SystemServerTiming: OnBootPhase_200_com.android.server.am.ActivityManagerService$Lifecycle
05-19 10:05:48.172  1239  1239 D SystemServerTiming: OnBootPhase_200_com.android.server.pm.DataLoaderManagerService
05-19 10:05:48.172  1239  1239 D SystemServerTiming: OnBootPhase_200_com.android.server.power.PowerManagerService
05-19 10:05:48.172  1239  1239 D SystemServerTiming: OnBootPhase_200_com.android.server.power.ThermalManagerService
05-19 10:05:48.172  1239  1239 D SystemServerTiming: OnBootPhase_200_com.android.server.power.hint.HintManagerService
05-19 10:05:48.172  1239  1239 D SystemServerTiming: OnBootPhase_200_com.android.server.recoverysystem.RecoverySystemService$Lifecycle
05-19 10:05:48.172  1239  1239 D SystemServerTiming: OnBootPhase_200_com.android.server.lights.LightsService
05-19 10:05:48.172  1239  1239 D SystemServerTiming: OnBootPhase_200_com.android.server.display.DisplayManagerService
05-19 10:05:48.172  1239  1239 D SystemServerTiming: OnBootPhase_200_com.android.server.pm.verify.domain.DomainVerificationService
05-19 10:05:48.172  1239  1239 D SystemServerTiming: OnBootPhase_200_com.android.server.pm.PackageInstallerService$Lifecycle
05-19 10:05:48.172  1239  1239 D SystemServerTiming: OnBootPhase_200_com.android.server.pm.UserManagerService$LifeCycle
05-19 10:05:48.172  1239  1239 D SystemServerTiming: OnBootPhase_200_com.android.server.om.OverlayManagerService
05-19 10:05:48.172  1239  1239 D SystemServerTiming: OnBootPhase_200_com.android.server.resources.ResourcesManagerService
05-19 10:05:48.172  1239  1239 D SystemServerTiming: OnBootPhase_200_com.android.server.sensorprivacy.SensorPrivacyService
05-19 10:05:48.172  1239  1239 D SystemServerTiming: OnBootPhase_200_com.android.server.sensors.SensorService
05-19 10:05:48.173  1239  1239 D SystemServerTiming: OnBootPhase_200_com.android.server.SystemConfigService
05-19 10:05:48.173  1239  1239 D SystemServerTiming: OnBootPhase_200_com.android.server.BatteryService
05-19 10:05:48.173  1239  1239 D SystemServerTiming: OnBootPhase_200_com.android.server.usage.UsageStatsService
05-19 10:05:48.173  1239  1239 D SystemServerTiming: OnBootPhase_200_com.android.server.webkit.WebViewUpdateService
05-19 10:05:48.173  1239  1239 D SystemServerTiming: OnBootPhase_200_com.android.server.CachedDeviceStateService
05-19 10:05:48.173  1239  1239 D SystemServerTiming: OnBootPhase_200_com.android.server.BinderCallsStatsService$LifeCycle
05-19 10:05:48.173  1239  1239 D SystemServerTiming: OnBootPhase_200_com.android.server.LooperStatsService$Lifecycle
05-19 10:05:48.173  1239  1239 D SystemServerTiming: OnBootPhase_200_com.android.server.rollback.RollbackManagerService
05-19 10:05:48.173  1239  1239 D SystemServerTiming: OnBootPhase_200_com.android.server.os.NativeTombstoneManagerService
05-19 10:05:48.173  1239  1239 D SystemServerTiming: OnBootPhase_200_com.android.server.os.BugreportManagerService
05-19 10:05:48.173  1239  1239 D SystemServerTiming: OnBootPhase_200_com.android.server.gpu.GpuService
05-19 10:05:48.173  1239  1239 D SystemServerTiming: OnBootPhase_200_com.android.server.security.KeyChainSystemService
05-19 10:05:48.173  1239  1239 D SystemServerTiming: OnBootPhase_200_com.android.server.BinaryTransparencyService
05-19 10:05:48.173  1239  1239 D SystemServerTiming: OnBootPhase_200_com.android.server.telecom.TelecomLoaderService
05-19 10:05:48.173  1239  1239 D SystemServerTiming: OnBootPhase_200_com.android.server.accounts.AccountManagerService$Lifecycle
05-19 10:05:48.173  1239  1239 D SystemServerTiming: OnBootPhase_200_com.android.server.content.ContentService$Lifecycle
05-19 10:05:48.173  1239  1239 D SystemServerTiming: OnBootPhase_200_com.android.server.DropBoxManagerService
05-19 10:05:48.173  1239  1239 D SystemServerTiming: OnBootPhase_200_com.android.role.RoleService
05-19 10:05:48.173  1239  1239 D SystemServerTiming: OnBootPhase_200_com.android.server.vibrator.VibratorManagerService$Lifecycle
05-19 10:05:48.173  1239  1239 D SystemServerTiming: OnBootPhase_200_com.android.server.tare.InternalResourceService
05-19 10:05:48.174  1239  1239 D SystemServerTiming: OnBootPhase_200_com.android.server.alarm.AlarmManagerService
05-19 10:05:48.174  1239  1239 D SystemServerTiming: OnBootPhase_200_com.android.server.devicestate.DeviceStateManagerService
05-19 10:05:48.174  1239  1239 D SystemServerTiming: OnBootPhase_200_com.android.server.camera.CameraServiceProxy
05-19 10:05:48.175  1239  1239 I WindowManager: No existing display settings, starting empty
05-19 10:05:48.202  1239  1239 D SystemServerTiming: SetWindowManagerService
05-19 10:05:48.246  1239  1239 I ActivityTaskManager: Loaded persisted task ids for user 0
05-19 10:05:48.250  1239  1239 D SystemServerTiming: WindowManagerServiceOnInitReady
05-19 10:05:48.668   442   463 I keystore2: keystore2::watchdog: Watchdog thread idle -> terminating. Have a great day.
05-19 10:05:48.721  1239  1309 I PackageManager: Deferred reconcileAppsData finished 558 packages
05-19 10:05:48.736  1239  1260 W Looper  : Slow dispatch took 484ms android.ui h=android.os.Handler c=android.os.Handler$BlockingRunnable@ba19140 m=0
05-19 10:05:48.736  1239  1260 W Looper  : Slow delivery took 475ms android.ui h=com.android.server.policy.PhoneWindowManager$PolicyHandler c=android.hardware.camera2.CameraManager$CameraManagerGlobal$$ExternalSyntheticLambda2@58c8879 m=0
05-19 10:05:48.736  1239  1260 W Looper  : Drained
05-19 10:05:48.737  1239  1239 D SystemServerTiming: StartInputManager
05-19 10:05:48.737  1239  1239 I InputManager: Starting input manager
05-19 10:05:48.737  1239  1343 D SystemServerTimingAsync: InitThreadPoolExec:StartHidlServices
05-19 10:05:48.737  1239  1343 D SystemServerTimingAsync: StartHidlServices
05-19 10:05:48.742  1239  1239 D SystemServerTiming: DisplayManagerWindowManagerAndInputReady
05-19 10:05:48.742  1239  1239 D SystemServerTiming: StartBluetoothService
05-19 10:05:48.749  1239  1239 I SystemServiceManager: Starting com.android.server.bluetooth.BluetoothService
05-19 10:05:48.757  1239  1239 D SystemServerTiming: IpConnectivityMetrics
05-19 10:05:48.757  1239  1239 I SystemServiceManager: Starting com.android.server.connectivity.IpConnectivityMetrics
05-19 10:05:48.758  1239  1239 D SystemServerTiming: NetworkWatchlistService
05-19 10:05:48.758  1239  1239 I SystemServiceManager: Starting com.android.server.net.watchlist.NetworkWatchlistService$Lifecycle
05-19 10:05:48.762  1239  1239 I WatchlistSettings: Reload watchlist settings done
05-19 10:05:48.763  1239  1347 I WatchlistLoggingHandler: No need to aggregate record yet.
05-19 10:05:48.763  1239  1347 I WatchlistLoggingHandler: Milliseconds spent on tryAggregateRecords(): 0
05-19 10:05:48.765  1239  1239 D SystemServerTiming: PinnerService
05-19 10:05:48.765  1239  1239 I SystemServiceManager: Starting com.android.server.PinnerService
05-19 10:05:48.765  1239  1239 V HistoricalRegistry: Interaction before persistence initialized
05-19 10:05:48.768  1239  1239 D SystemServerTiming: SignedConfigService
05-19 10:05:48.768  1239  1268 D PinnerService: pinRangeStream: null
05-19 10:05:48.768  1239  1239 D SystemServerTiming: AppIntegrityService
05-19 10:05:48.768  1239  1239 I SystemServiceManager: Starting com.android.server.integrity.AppIntegrityManagerService
05-19 10:05:48.770  1239  1268 D PinnerService: pinRangeStream: null
05-19 10:05:48.771  1239  1239 E IntegrityFileManager: Error creating staging and rules directory
05-19 10:05:48.776  1239  1239 D SystemServerTiming: StartLogcatManager
05-19 10:05:48.776  1239  1239 I SystemServiceManager: Starting com.android.server.logcat.LogcatManagerService
05-19 10:05:48.779  1239  1239 D SystemServerTiming: LineageGlobalActionsService
05-19 10:05:48.779  1239  1239 I SystemServiceManager: Starting com.android.server.derp.LineageGlobalActionsService
05-19 10:05:48.779  1239  1268 D PinnerService: pinRangeStream: null
05-19 10:05:48.780  1239  1268 D PinnerService: pinRangeStream: null
05-19 10:05:48.781  1239  1268 D PinnerService: pinRangeStream: null
05-19 10:05:48.784  1239  1239 I WindowManager: SAFE MODE not enabled
05-19 10:05:48.784  1239  1239 D SystemServerTiming: StartInputMethodManagerLifecycle
05-19 10:05:48.784  1239  1239 I SystemServiceManager: Starting com.android.server.inputmethod.InputMethodManagerService$Lifecycle
05-19 10:05:48.793  1239  1268 D PinnerService: pinRangeStream: null
05-19 10:05:48.798  1239  1239 D SystemServerTiming: StartAccessibilityManagerService
05-19 10:05:48.799  1239  1239 I SystemServiceManager: Starting com.android.server.accessibility.AccessibilityManagerService$Lifecycle
05-19 10:05:48.801  1239  1268 D PinnerService: pinRangeStream: null
05-19 10:05:48.801  1239  1268 D PinnerService: pinRangeStream: null
05-19 10:05:48.804  1239  1239 D SystemServerTiming: MakeDisplayReady
05-19 10:05:48.807  1239  1268 D PinnerService: pinRangeStream: null
05-19 10:05:48.809  1239  1268 D PinnerService: pinRangeStream: null
05-19 10:05:48.809  1239  1268 D PinnerService: pinRangeStream: null
05-19 10:05:48.809  1239  1239 I ActivityTaskManager: Config changes=20005df8 {1.0 ?mcc?mnc [en_IN] ldltr sw400dp w400dp h852dp 432dpi nrml long port ?uimode ?night -touch -keyb/h/h -nav/h winConfig={ mBounds=Rect(0, 0 - 1080, 2400) mAppBounds=Rect(0, 100 - 1080, 2400) mMaxBounds=Rect(0, 0 - 1080, 2400) mDisplayRotation=ROTATION_0 mWindowingMode=fullscreen mDisplayWindowingMode=fullscreen mActivityType=undefined mAlwaysOnTop=undefined mRotation=ROTATION_0} s.2 ?fontWeightAdjustment}
05-19 10:05:48.810  1239  1268 D PinnerService: pinRangeStream: null
05-19 10:05:48.812  1239  1268 D PinnerService: pinRangeStream: null
05-19 10:05:48.812  1239  1268 D PinnerService: pinRangeStream: null
05-19 10:05:48.813  1239  1268 D PinnerService: pinRangeStream: null
05-19 10:05:48.814  1239  1268 E PinnerService: Could not pin file /system_ext/priv-app/SystemUI/SystemUI.apk
05-19 10:05:48.814  1239  1268 E PinnerService: android.system.ErrnoException: open failed: ENOENT (No such file or directory)
05-19 10:05:48.814  1239  1268 E PinnerService: 	at libcore.io.Linux.open(Native Method)
05-19 10:05:48.814  1239  1268 E PinnerService: 	at libcore.io.ForwardingOs.open(ForwardingOs.java:563)
05-19 10:05:48.814  1239  1268 E PinnerService: 	at libcore.io.BlockGuardOs.open(BlockGuardOs.java:274)
05-19 10:05:48.814  1239  1268 E PinnerService: 	at android.system.Os.open(Os.java:494)
05-19 10:05:48.814  1239  1268 E PinnerService: 	at com.android.server.PinnerService.pinFileRanges(PinnerService.java:975)
05-19 10:05:48.814  1239  1268 E PinnerService: 	at com.android.server.PinnerService.pinFile(PinnerService.java:850)
05-19 10:05:48.814  1239  1268 E PinnerService: 	at com.android.server.PinnerService.handlePinOnStart(PinnerService.java:305)
05-19 10:05:48.814  1239  1268 E PinnerService: 	at com.android.server.PinnerService.-$$Nest$mhandlePinOnStart(Unknown Source:0)
05-19 10:05:48.814  1239  1268 E PinnerService: 	at com.android.server.PinnerService$PinnerHandler.handleMessage(PinnerService.java:1219)
05-19 10:05:48.814  1239  1268 E PinnerService: 	at android.os.Handler.dispatchMessage(Handler.java:106)
05-19 10:05:48.814  1239  1268 E PinnerService: 	at android.os.Looper.loopOnce(Looper.java:201)
05-19 10:05:48.814  1239  1268 E PinnerService: 	at android.os.Looper.loop(Looper.java:288)
05-19 10:05:48.814  1239  1268 E PinnerService: 	at android.os.HandlerThread.run(HandlerThread.java:67)
05-19 10:05:48.814  1239  1268 E PinnerService: Failed to pin file = /system_ext/priv-app/SystemUI/SystemUI.apk
05-19 10:05:48.814  1239  1268 D PinnerService: pinRangeStream: null
05-19 10:05:48.814  1239  1239 I WindowManager: Override config changes=60007dfc {1.0 ?mcc?mnc [en_IN] ldltr sw400dp w400dp h852dp 432dpi nrml long port ?uimode ?night -touch -keyb/h/h -nav/h winConfig={ mBounds=Rect(0, 0 - 1080, 2400) mAppBounds=Rect(0, 100 - 1080, 2400) mMaxBounds=Rect(0, 0 - 1080, 2400) mDisplayRotation=ROTATION_0 mWindowingMode=fullscreen mDisplayWindowingMode=fullscreen mActivityType=undefined mAlwaysOnTop=undefined mRotation=ROTATION_0} s.2 ?fontWeightAdjustment} for displayId=0
05-19 10:05:48.814  1239  1268 E PinnerService: Could not pin file /system_ext/priv-app/SystemUI/oat/arm64/SystemUI.odex
05-19 10:05:48.814  1239  1268 E PinnerService: android.system.ErrnoException: open failed: ENOENT (No such file or directory)
05-19 10:05:48.814  1239  1268 E PinnerService: 	at libcore.io.Linux.open(Native Method)
05-19 10:05:48.814  1239  1268 E PinnerService: 	at libcore.io.ForwardingOs.open(ForwardingOs.java:563)
05-19 10:05:48.814  1239  1268 E PinnerService: 	at libcore.io.BlockGuardOs.open(BlockGuardOs.java:274)
05-19 10:05:48.814  1239  1268 E PinnerService: 	at android.system.Os.open(Os.java:494)
05-19 10:05:48.814  1239  1268 E PinnerService: 	at com.android.server.PinnerService.pinFileRanges(PinnerService.java:975)
05-19 10:05:48.814  1239  1268 E PinnerService: 	at com.android.server.PinnerService.pinFile(PinnerService.java:850)
05-19 10:05:48.814  1239  1268 E PinnerService: 	at com.android.server.PinnerService.handlePinOnStart(PinnerService.java:305)
05-19 10:05:48.814  1239  1268 E PinnerService: 	at com.android.server.PinnerService.-$$Nest$mhandlePinOnStart(Unknown Source:0)
05-19 10:05:48.814  1239  1268 E PinnerService: 	at com.android.server.PinnerService$PinnerHandler.handleMessage(PinnerService.java:1219)
05-19 10:05:48.814  1239  1268 E PinnerService: 	at android.os.Handler.dispatchMessage(Handler.java:106)
05-19 10:05:48.814  1239  1268 E PinnerService: 	at android.os.Looper.loopOnce(Looper.java:201)
05-19 10:05:48.814  1239  1268 E PinnerService: 	at android.os.Looper.loop(Looper.java:288)
05-19 10:05:48.814  1239  1268 E PinnerService: 	at android.os.HandlerThread.run(HandlerThread.java:67)
05-19 10:05:48.814  1239  1268 E PinnerService: Failed to pin file = /system_ext/priv-app/SystemUI/oat/arm64/SystemUI.odex
05-19 10:05:48.814  1239  1268 D PinnerService: pinRangeStream: null
05-19 10:05:48.815  1239  1268 E PinnerService: Could not pin file /system/lib64/libsurfaceflinger.so
05-19 10:05:48.815  1239  1268 E PinnerService: android.system.ErrnoException: open failed: ENOENT (No such file or directory)
05-19 10:05:48.815  1239  1268 E PinnerService: 	at libcore.io.Linux.open(Native Method)
05-19 10:05:48.815  1239  1268 E PinnerService: 	at libcore.io.ForwardingOs.open(ForwardingOs.java:563)
05-19 10:05:48.815  1239  1268 E PinnerService: 	at libcore.io.BlockGuardOs.open(BlockGuardOs.java:274)
05-19 10:05:48.815  1239  1268 E PinnerService: 	at android.system.Os.open(Os.java:494)
05-19 10:05:48.815  1239  1268 E PinnerService: 	at com.android.server.PinnerService.pinFileRanges(PinnerService.java:975)
05-19 10:05:48.815  1239  1268 E PinnerService: 	at com.android.server.PinnerService.pinFile(PinnerService.java:850)
05-19 10:05:48.815  1239  1268 E PinnerService: 	at com.android.server.PinnerService.handlePinOnStart(PinnerService.java:305)
05-19 10:05:48.815  1239  1268 E PinnerService: 	at com.android.server.PinnerService.-$$Nest$mhandlePinOnStart(Unknown Source:0)
05-19 10:05:48.815  1239  1268 E PinnerService: 	at com.android.server.PinnerService$PinnerHandler.handleMessage(PinnerService.java:1219)
05-19 10:05:48.815  1239  1268 E PinnerService: 	at android.os.Handler.dispatchMessage(Handler.java:106)
05-19 10:05:48.815  1239  1268 E PinnerService: 	at android.os.Looper.loopOnce(Looper.java:201)
05-19 10:05:48.815  1239  1268 E PinnerService: 	at android.os.Looper.loop(Looper.java:288)
05-19 10:05:48.815  1239  1268 E PinnerService: 	at android.os.HandlerThread.run(HandlerThread.java:67)
05-19 10:05:48.815  1239  1268 E PinnerService: Failed to pin file = /system/lib64/libsurfaceflinger.so
05-19 10:05:48.817  1239  1239 I DisplayDevice: [0] Layerstack set to 0 for local:0
05-19 10:05:48.822  1239  1239 I ActivityTaskManager: Config changes=8 {1.0 ?mcc?mnc [en_IN] ldltr sw400dp w400dp h852dp 432dpi nrml long port ?uimode ?night finger -keyb/h/h -nav/h winConfig={ mBounds=Rect(0, 0 - 1080, 2400) mAppBounds=Rect(0, 100 - 1080, 2400) mMaxBounds=Rect(0, 0 - 1080, 2400) mDisplayRotation=ROTATION_0 mWindowingMode=fullscreen mDisplayWindowingMode=fullscreen mActivityType=undefined mAlwaysOnTop=undefined mRotation=ROTATION_0} s.4 ?fontWeightAdjustment}
05-19 10:05:48.826  1239  1239 I WindowManager: Override config changes=8 {1.0 ?mcc?mnc [en_IN] ldltr sw400dp w400dp h852dp 432dpi nrml long port ?uimode ?night finger -keyb/h/h -nav/h winConfig={ mBounds=Rect(0, 0 - 1080, 2400) mAppBounds=Rect(0, 100 - 1080, 2400) mMaxBounds=Rect(0, 0 - 1080, 2400) mDisplayRotation=ROTATION_0 mWindowingMode=fullscreen mDisplayWindowingMode=fullscreen mActivityType=undefined mAlwaysOnTop=undefined mRotation=ROTATION_0} s.4 ?fontWeightAdjustment} for displayId=0
05-19 10:05:48.828  1239  1239 D SystemServerTiming: StartStorageManagerService
05-19 10:05:48.828  1239  1239 I SystemServiceManager: Starting com.android.server.StorageManagerService$Lifecycle
05-19 10:05:48.843  1239  1351 D StorageManagerService: Thinking about init, mBootCompleted=false, mDaemonConnected=true
05-19 10:05:48.843  1239  1351 D StorageManagerService: Thinking about reset, mBootCompleted=false, mDaemonConnected=true
05-19 10:05:48.845  1239  1351 D StorageManagerService: Thinking about init, mBootCompleted=false, mDaemonConnected=true
05-19 10:05:48.845  1239  1239 D SystemServerTiming: StartStorageStatsService
05-19 10:05:48.845  1239  1239 I SystemServiceManager: Starting com.android.server.usage.StorageStatsService$Lifecycle
05-19 10:05:48.845  1239  1351 D StorageManagerService: Thinking about reset, mBootCompleted=false, mDaemonConnected=true
05-19 10:05:48.854  1239  1239 D SystemServerTiming: StartUiModeManager
05-19 10:05:48.854  1239  1239 I SystemServiceManager: Starting com.android.server.UiModeManagerService
05-19 10:05:48.856  1239  1352 D SystemServerTimingAsync: InitThreadPoolExec:UiModeManager.onStart
05-19 10:05:48.857  1239  1239 D SystemServerTiming: StartLocaleManagerService
05-19 10:05:48.857  1239  1239 I SystemServiceManager: Starting com.android.server.locales.LocaleManagerService
05-19 10:05:48.862  1239  1239 D SystemServerTiming: UpdatePackagesIfNeeded
05-19 10:05:48.862  1239  1239 I Watchdog: Pausing HandlerChecker: main thread for reason: dexopt. Pause count: 1
05-19 10:05:48.864  1239  1239 I Watchdog: Resuming HandlerChecker: main thread for reason: dexopt. Pause count: 0
05-19 10:05:48.865  1239  1239 D SystemServerTiming: PerformFstrimIfNeeded
05-19 10:05:48.865  1239  1239 D SystemServerTiming: StartLockSettingsService
05-19 10:05:48.865  1239  1239 I SystemServiceManager: Starting com.android.server.locksettings.LockSettingsService$Lifecycle
05-19 10:05:48.882  1239  1239 D SystemServerTiming: StartPersistentDataBlock
05-19 10:05:48.882  1239  1239 I SystemServiceManager: Starting com.android.server.PersistentDataBlockService
05-19 10:05:48.882  1239  1239 D SystemServerTiming: StartTestHarnessMode
05-19 10:05:48.882  1239  1239 I SystemServiceManager: Starting com.android.server.testharness.TestHarnessModeService
05-19 10:05:48.883  1239  1356 D SystemServerTimingAsync: InitThreadPoolExec:PersistentDataBlockService.onStart
05-19 10:05:48.884  1239  1239 D SystemServerTiming: StartOemLockService
05-19 10:05:48.885  1239  1239 I SystemServiceManager: Starting com.android.server.oemlock.OemLockService
05-19 10:05:48.887  1239  1239 I OemLock : OemLock HAL not present on device
05-19 10:05:48.887  1239  1239 I OemLock : Using persistent data block based lock
05-19 10:05:48.889  1239  1239 D SystemServerTiming: StartDeviceIdleController
05-19 10:05:48.889  1239  1239 I SystemServiceManager: Starting com.android.server.DeviceIdleController
05-19 10:05:48.898  1239  1239 D SystemServerTiming: StartDevicePolicyManager
05-19 10:05:48.899  1239  1239 I SystemServiceManager: Starting com.android.server.devicepolicy.DevicePolicyManagerService$Lifecycle
05-19 10:05:48.908  1239  1239 I DevicePolicyManager: Current version 3, latest version 3, not upgrading.
05-19 10:05:48.910  1239  1239 I DevicePolicyManager: Set ro.organization_owned property to false
05-19 10:05:48.915  1239  1239 D SystemServerTiming: StartStatusBarManagerService
05-19 10:05:48.918  1239  1239 D SystemServerTiming: StartMusicRecognitionManagerService
05-19 10:05:48.918  1239  1239 I SystemServiceManager: Starting com.android.server.musicrecognition.MusicRecognitionManagerService
05-19 10:05:48.922  1239  1239 D SystemServerTiming: StartContentCaptureService
05-19 10:05:48.923  1239  1239 I SystemServiceManager: Starting com.android.server.contentcapture.ContentCaptureManagerService
05-19 10:05:48.926  1239  1239 D SystemServerTiming: StartAttentionManagerService
05-19 10:05:48.926  1239  1239 I SystemServiceManager: Starting com.android.server.attention.AttentionManagerService
05-19 10:05:48.929  1239  1239 D SystemServerTiming: StartRotationResolverService
05-19 10:05:48.930  1239  1239 I SystemServiceManager: Starting com.android.server.rotationresolver.RotationResolverManagerService
05-19 10:05:48.933  1239  1239 D SystemServerTiming: StartSystemCaptionsManagerService
05-19 10:05:48.933  1239  1239 I SystemServiceManager: Starting com.android.server.systemcaptions.SystemCaptionsManagerService
05-19 10:05:48.934  1239  1239 D SystemServerTiming: StartTextToSpeechManagerService
05-19 10:05:48.934  1239  1239 I SystemServiceManager: Starting com.android.server.texttospeech.TextToSpeechManagerService
05-19 10:05:48.938  1239  1239 D SystemServerTiming: StartAmbientContextService
05-19 10:05:48.938  1239  1239 I SystemServiceManager: Starting com.android.server.ambientcontext.AmbientContextManagerService
05-19 10:05:48.941  1239  1239 D SystemServerTiming: StartSpeechRecognitionManagerService
05-19 10:05:48.941  1239  1239 I SystemServiceManager: Starting com.android.server.speech.SpeechRecognitionManagerService
05-19 10:05:48.944  1239  1239 D SystemServerTiming: StartAppPredictionService
05-19 10:05:48.944  1239  1239 I SystemServiceManager: Starting com.android.server.appprediction.AppPredictionManagerService
05-19 10:05:48.947  1239  1239 D SystemServerTiming: StartContentSuggestionsService
05-19 10:05:48.947  1239  1239 I SystemServiceManager: Starting com.android.server.contentsuggestions.ContentSuggestionsManagerService
05-19 10:05:48.950  1239  1239 D SystemServerTiming: StartSearchUiService
05-19 10:05:48.950  1239  1239 I SystemServiceManager: Starting com.android.server.searchui.SearchUiManagerService
05-19 10:05:48.953  1239  1239 D SystemServerTiming: StartSmartspaceService
05-19 10:05:48.953  1239  1239 I SystemServiceManager: Starting com.android.server.smartspace.SmartspaceManagerService
05-19 10:05:48.956  1239  1239 D SystemServerTiming: InitConnectivityModuleConnector
05-19 10:05:48.956  1239  1239 D ConnectivityModuleConnector: Network stack init
05-19 10:05:48.958  1239  1239 D SystemServerTiming: InitNetworkStackClient
05-19 10:05:48.958  1239  1239 D SystemServerTiming: StartNetworkManagementService
05-19 10:05:48.962  1239  1239 D SystemServerTiming: StartFontManagerService
05-19 10:05:48.993  1239  1239 D SystemServerTiming: StartTextServicesManager
05-19 10:05:48.993  1239  1239 I SystemServiceManager: Starting com.android.server.textservices.TextServicesManagerService$Lifecycle
05-19 10:05:48.996  1239  1239 D SystemServerTiming: StartTextClassificationManagerService
05-19 10:05:48.996  1239  1239 I SystemServiceManager: Starting com.android.server.textclassifier.TextClassificationManagerService$Lifecycle
05-19 10:05:49.001  1239  1239 D SystemServerTiming: StartNetworkScoreService
05-19 10:05:49.001  1239  1239 I SystemServiceManager: Starting com.android.server.NetworkScoreService$Lifecycle
05-19 10:05:49.004  1239  1239 D SystemServerTiming: StartNetworkStatsService
05-19 10:05:49.017  1239  1239 I SystemServiceManager: Starting com.android.server.NetworkStatsServiceInitializer
05-19 10:05:49.058  1239  1239 D SystemServerTiming: StartNetworkPolicyManagerService
05-19 10:05:49.064  1239  1239 D SystemServerTiming: StartWifi
05-19 10:05:49.084  1239  1239 I SystemServiceManager: Starting com.android.server.wifi.WifiService
05-19 10:05:49.188   796   796 I wificond: New wificond event callback registered
05-19 10:05:49.191  1239  1239 V HistoricalRegistry: Interaction before persistence initialized
05-19 10:05:49.196  1239  1239 D SystemServerTiming: StartWifiScanning
05-19 10:05:49.196  1239  1239 I SystemServiceManager: Starting com.android.server.wifi.scanner.WifiScanningService
05-19 10:05:49.200  1239  1239 D SystemServerTiming: StartWifiP2P
05-19 10:05:49.201  1239  1239 I SystemServiceManager: Starting com.android.server.wifi.p2p.WifiP2pService
05-19 10:05:49.207  1239  1239 D SystemServerTiming: StartPacProxyService
05-19 10:05:49.209  1239  1239 D SystemServerTiming: StartConnectivityService
05-19 10:05:49.210  1239  1239 I SystemServiceManager: Starting com.android.server.ConnectivityServiceInitializer
05-19 10:05:49.248  1239  1239 D CompatibilityChangeReporter: Compat change id reported: 182478738; UID 1000; state: ENABLED
05-19 10:05:49.289  1239  1239 D SystemServerTiming: StartVpnManagerService
05-19 10:05:49.292  1239  1239 D SystemServerTiming: StartVcnManagementService
05-19 10:05:49.296  1239  1239 D SystemServerTiming: StartSystemUpdateManagerService
05-19 10:05:49.296  1239  1239 I SystemUpdateManagerService: No existing info file /data/system/system-update-info.xml
05-19 10:05:49.297  1239  1239 D SystemServerTiming: StartUpdateLockService
05-19 10:05:49.299  1239  1239 D SystemServerTiming: StartNotificationManager
05-19 10:05:49.299  1239  1239 I SystemServiceManager: Starting com.android.server.notification.NotificationManagerService
05-19 10:05:49.305  1239  1239 D ConditionProviders.SCP: new ScheduleConditionProvider()
05-19 10:05:49.333  1239  1239 I NotificationListeners: Read notification listener permissions from xml
05-19 10:05:49.333  1239  1239 I NotificationAssistants: Read notification assistant permissions from xml
05-19 10:05:49.333  1239  1239 I ConditionProviders: Read condition provider permissions from xml
05-19 10:05:49.333  1239  1239 I ConditionProviders: Read condition provider permissions from xml
05-19 10:05:49.333  1239  1239 D NotificationAssistants: Approving default notification assistant for user 0
05-19 10:05:49.334  1239  1239 I ConditionProviders:  Allowing condition provider android.ext.services/android.ext.services.notification.Assistant (userSet: true)
05-19 10:05:49.337  1239  1239 D CompatibilityChangeReporter: Compat change id reported: 157233955; UID 1000; state: ENABLED
05-19 10:05:49.348  1239  1239 D SystemServerTiming: StartDeviceMonitor
05-19 10:05:49.348  1239  1239 I SystemServiceManager: Starting com.android.server.storage.DeviceStorageMonitorService
05-19 10:05:49.351  1239  1239 D SystemServerTiming: StartLocationManagerService
05-19 10:05:49.351  1239  1239 I SystemServiceManager: Starting com.android.server.location.LocationManagerService$Lifecycle
05-19 10:05:49.356  1239  1239 D SystemServerTiming: StartCountryDetectorService
05-19 10:05:49.358  1239  1239 D SystemServerTiming: StartTimeDetectorService
05-19 10:05:49.358  1239  1239 I SystemServiceManager: Starting com.android.server.timedetector.TimeDetectorService$Lifecycle
05-19 10:05:49.361  1239  1239 D SystemServerTiming: StartTimeZoneDetectorService
05-19 10:05:49.361  1239  1239 I SystemServiceManager: Starting com.android.server.timezonedetector.TimeZoneDetectorService$Lifecycle
05-19 10:05:49.367  1239  1239 D SystemServerTiming: StartLocationTimeZoneManagerService
05-19 10:05:49.367  1239  1239 I SystemServiceManager: Starting com.android.server.timezonedetector.location.LocationTimeZoneManagerService$Lifecycle
05-19 10:05:49.369  1239  1239 D SystemServerTiming: StartSearchManagerService
05-19 10:05:49.369  1239  1239 I SystemServiceManager: Starting com.android.server.search.SearchManagerService$Lifecycle
05-19 10:05:49.372  1239  1239 D SystemServerTiming: StartWallpaperManagerService
05-19 10:05:49.372  1239  1239 I SystemServiceManager: Starting com.android.server.wallpaper.WallpaperManagerService$Lifecycle
05-19 10:05:49.374  1239  1239 D SystemServerTiming: StartWallpaperEffectsGenerationService
05-19 10:05:49.374  1239  1239 I SystemServiceManager: Starting com.android.server.wallpapereffectsgeneration.WallpaperEffectsGenerationManagerService
05-19 10:05:49.376  1239  1239 D SystemServerTiming: StartAudioService
05-19 10:05:49.377  1239  1239 I SystemServiceManager: Starting com.android.server.audio.AudioService$Lifecycle
05-19 10:05:49.425  1239  1239 D SystemServerTiming: StartSoundTriggerMiddlewareService
05-19 10:05:49.425  1239  1239 I SystemServiceManager: Starting com.android.server.soundtrigger_middleware.SoundTriggerMiddlewareService$Lifecycle
05-19 10:05:49.430  1239  1239 D SystemServerTiming: StartDockObserver
05-19 10:05:49.430  1239  1239 I SystemServiceManager: Starting com.android.server.DockObserver
05-19 10:05:49.431  1239  1239 I DockObserver: No extcon dock device found in this kernel.
05-19 10:05:49.432  1239  1239 D SystemServerTiming: StartWiredAccessoryManager
05-19 10:05:49.433  1239  1239 W WiredAccessoryManager: This kernel does not have usb audio support
05-19 10:05:49.433  1239  1239 W WiredAccessoryManager: This kernel does not have HDMI audio support
05-19 10:05:49.433  1239  1239 E WiredAccessoryManager: file /sys/devices/platform/soc/soc:qcom,msm-ext-disp/extcon/extcon3/name not found
05-19 10:05:49.433  1239  1239 W WiredAccessoryManager: Conn soc:qcom,msm-ext-disp/3/1 does not have DP audio support
05-19 10:05:49.433  1239  1239 E WiredAccessoryManager: file /sys/devices/platform/soc/soc:qcom,msm-ext-disp/extcon/extcon2/name not found
05-19 10:05:49.433  1239  1239 W WiredAccessoryManager: Conn soc:qcom,msm-ext-disp/2/1 does not have DP audio support
05-19 10:05:49.434  1239  1239 E WiredAccessoryManager: file /sys/devices/platform/soc/soc:qcom,msm-ext-disp/extcon/extcon1/name not found
05-19 10:05:49.434  1239  1239 W WiredAccessoryManager: Conn soc:qcom,msm-ext-disp/1/1 does not have DP audio support
05-19 10:05:49.434  1239  1239 E WiredAccessoryManager: file /sys/devices/platform/soc/soc:qcom,msm-ext-disp/extcon/extcon0/name not found
05-19 10:05:49.434  1239  1239 W WiredAccessoryManager: Conn soc:qcom,msm-ext-disp/0/1 does not have DP audio support
05-19 10:05:49.434  1239  1239 E WiredAccessoryManager: file /sys/devices/platform/soc/soc:qcom,msm-ext-disp/extcon/extcon3/name not found
05-19 10:05:49.434  1239  1239 W WiredAccessoryManager: Conn soc:qcom,msm-ext-disp/3/0 does not have DP audio support
05-19 10:05:49.434  1239  1239 E WiredAccessoryManager: file /sys/devices/platform/soc/soc:qcom,msm-ext-disp/extcon/extcon2/name not found
05-19 10:05:49.434  1239  1239 W WiredAccessoryManager: Conn soc:qcom,msm-ext-disp/2/0 does not have DP audio support
05-19 10:05:49.434  1239  1239 E WiredAccessoryManager: file /sys/devices/platform/soc/soc:qcom,msm-ext-disp/extcon/extcon1/name not found
05-19 10:05:49.434  1239  1239 W WiredAccessoryManager: Conn soc:qcom,msm-ext-disp/1/0 does not have DP audio support
05-19 10:05:49.434  1239  1239 E WiredAccessoryManager: file /sys/devices/platform/soc/soc:qcom,msm-ext-disp/extcon/extcon0/name not found
05-19 10:05:49.434  1239  1239 W WiredAccessoryManager: Conn soc:qcom,msm-ext-disp/0/0 does not have DP audio support
05-19 10:05:49.434  1239  1239 D SystemServerTiming: StartMidiManager
05-19 10:05:49.435  1239  1239 I SystemServiceManager: Starting com.android.server.midi.MidiService$Lifecycle
05-19 10:05:49.437  1239  1239 D SystemServerTiming: StartAdbService
05-19 10:05:49.437  1239  1239 I SystemServiceManager: Starting com.android.server.adb.AdbService$Lifecycle
05-19 10:05:49.439  1239  1239 D SystemServerTiming: StartUsbService
05-19 10:05:49.439  1239  1239 I SystemServiceManager: Starting com.android.server.usb.UsbService$Lifecycle
05-19 10:05:49.439  1239  1239 D SystemServerTiming: StartSerialService
05-19 10:05:49.439  1239  1266 D SystemServerTimingAsync: InitThreadPoolExec:UsbService$Lifecycle#onStart
05-19 10:05:49.440  1239  1266 I UsbDeviceManager: failed to write to /sys/class/android_usb/android0/f_rndis/ethaddr
05-19 10:05:49.441  1239  1239 D SystemServerTiming: StartHardwarePropertiesManagerService
05-19 10:05:49.442  1239  1266 I UsbDeviceManager: USB GADGET HAL not present in the device
05-19 10:05:49.442  1239  1266 I UsbDeviceManager: java.util.NoSuchElementException
05-19 10:05:49.442  1239  1266 I UsbDeviceManager: 	at android.os.HwBinder.getService(Native Method)
05-19 10:05:49.442  1239  1266 I UsbDeviceManager: 	at android.hardware.usb.gadget.V1_0.IUsbGadget.getService(IUsbGadget.java:57)
05-19 10:05:49.442  1239  1266 I UsbDeviceManager: 	at android.hardware.usb.gadget.V1_0.IUsbGadget.getService(IUsbGadget.java:64)
05-19 10:05:49.442  1239  1266 I UsbDeviceManager: 	at com.android.server.usb.UsbDeviceManager.<init>(UsbDeviceManager.java:308)
05-19 10:05:49.442  1239  1266 I UsbDeviceManager: 	at com.android.server.usb.UsbService.<init>(UsbService.java:183)
05-19 10:05:49.442  1239  1266 I UsbDeviceManager: 	at com.android.server.usb.UsbService$Lifecycle.lambda$onStart$0(UsbService.java:97)
05-19 10:05:49.442  1239  1266 I UsbDeviceManager: 	at com.android.server.usb.UsbService$Lifecycle.$r8$lambda$CxV7IL0QHEjIgNnhuBbpakF4-Bg(Unknown Source:0)
05-19 10:05:49.442  1239  1266 I UsbDeviceManager: 	at com.android.server.usb.UsbService$Lifecycle$$ExternalSyntheticLambda2.run(Unknown Source:2)
05-19 10:05:49.442  1239  1266 I UsbDeviceManager: 	at com.android.server.SystemServerInitThreadPool.lambda$submitTask$0(SystemServerInitThreadPool.java:106)
05-19 10:05:49.442  1239  1266 I UsbDeviceManager: 	at com.android.server.SystemServerInitThreadPool.$r8$lambda$aGlXt69ihU44Qi7EB_RNeu8pnrY(Unknown Source:0)
05-19 10:05:49.442  1239  1266 I UsbDeviceManager: 	at com.android.server.SystemServerInitThreadPool$$ExternalSyntheticLambda0.run(Unknown Source:6)
05-19 10:05:49.442  1239  1266 I UsbDeviceManager: 	at java.util.concurrent.Executors$RunnableAdapter.call(Executors.java:463)
05-19 10:05:49.442  1239  1266 I UsbDeviceManager: 	at java.util.concurrent.FutureTask.run(FutureTask.java:264)
05-19 10:05:49.442  1239  1266 I UsbDeviceManager: 	at java.util.concurrent.ThreadPoolExecutor.runWorker(ThreadPoolExecutor.java:1137)
05-19 10:05:49.442  1239  1266 I UsbDeviceManager: 	at java.util.concurrent.ThreadPoolExecutor$Worker.run(ThreadPoolExecutor.java:637)
05-19 10:05:49.442  1239  1266 I UsbDeviceManager: 	at com.android.internal.util.ConcurrentUtils$1$1.run(ConcurrentUtils.java:65)
05-19 10:05:49.442  1239  1266 E UsbDeviceManager: Failed to open control for mtp
05-19 10:05:49.442  1239  1266 E UsbDeviceManager: Failed to open control for ptp
05-19 10:05:49.445  1239  1239 D SystemServerTiming: StartTwilightService
05-19 10:05:49.445  1239  1239 I SystemServiceManager: Starting com.android.server.twilight.TwilightService
05-19 10:05:49.445  1239  1239 D SystemServerTiming: StartColorDisplay
05-19 10:05:49.445  1239  1239 I SystemServiceManager: Starting com.android.server.display.color.ColorDisplayService
05-19 10:05:49.446  1239  1266 W StorageManagerService: No primary storage defined yet; hacking together a stub
05-19 10:05:49.448  1239  1239 D SystemServerTiming: StartJobScheduler
05-19 10:05:49.448  1239  1239 I SystemServiceManager: Starting com.android.server.job.JobSchedulerService
05-19 10:05:49.449  1239  1266 D UsbPortManager: Querying USB HAL version
05-19 10:05:49.454  1239  1239 D JobStore: Start tag: job-info
05-19 10:05:49.454  1239  1266 I UsbPortManager: USB HAL HIDL present
05-19 10:05:49.458  1239  1267 I UsbPortManager: Usb hal service started android.hardware.usb@1.0::IUsb default
05-19 10:05:49.460  1239  1266 D UsbPortManager: getInstance done
05-19 10:05:49.468  1239  1239 I JobStore: Read 117 jobs
05-19 10:05:49.471  1239  1239 V HistoricalRegistry: Interaction before persistence initialized
05-19 10:05:49.471  1239  1239 V HistoricalRegistry: Interaction before persistence initialized
05-19 10:05:49.473  1239  1239 D SystemServerTiming: StartSoundTrigger
05-19 10:05:49.473  1239  1239 I SystemServiceManager: Starting com.android.server.soundtrigger.SoundTriggerService
05-19 10:05:49.473  1239  1239 D SystemServerTiming: StartTrustManager
05-19 10:05:49.474  1239  1239 I SystemServiceManager: Starting com.android.server.trust.TrustManagerService
05-19 10:05:49.476  1239  1239 D SystemServerTiming: StartBackupManager
05-19 10:05:49.476  1239  1239 I SystemServiceManager: Starting com.android.server.backup.BackupManagerService$Lifecycle
05-19 10:05:49.482  1239  1239 D SystemServerTiming: StartAppWidgetService
05-19 10:05:49.482  1239  1239 I SystemServiceManager: Starting com.android.server.appwidget.AppWidgetService
05-19 10:05:49.486  1239  1239 D SystemServerTiming: StartVoiceRecognitionManager
05-19 10:05:49.487  1239  1239 I SystemServiceManager: Starting com.android.server.voiceinteraction.VoiceInteractionManagerService
05-19 10:05:49.634  1239  1239 D SystemServerTiming: StartAppHibernationService
05-19 10:05:49.634  1239  1239 I SystemServiceManager: Starting com.android.server.apphibernation.AppHibernationService
05-19 10:05:49.638  1239  1239 D SystemServerTiming: StartGestureLauncher
05-19 10:05:49.638  1239  1239 I SystemServiceManager: Starting com.android.server.GestureLauncherService
05-19 10:05:49.638  1239  1239 D SystemServerTiming: StartSensorNotification
05-19 10:05:49.638  1239  1239 I SystemServiceManager: Starting com.android.server.SensorNotificationService
05-19 10:05:49.638  1239  1239 D SystemServerTiming: StartDiskStatsService
05-19 10:05:49.639  1239  1239 D CompatibilityChangeReporter: Compat change id reported: 194532703; UID 1000; state: ENABLED
05-19 10:05:49.639  1239  1239 D CompatibilityChangeReporter: Compat change id reported: 194532703; UID 1000; state: DISABLED
05-19 10:05:49.641  1239  1239 D SystemServerTiming: RuntimeService
05-19 10:05:49.643  1239  1239 D SystemServerTiming: StartNetworkTimeUpdateService
05-19 10:05:49.645  1239  1239 D SystemServerTiming: CertBlacklister
05-19 10:05:49.645  1239  1239 D SystemServerTiming: StartEmergencyAffordanceService
05-19 10:05:49.646  1239  1239 I SystemServiceManager: Starting com.android.server.emergency.EmergencyAffordanceService
05-19 10:05:49.647  1239  1239 D SystemServerTiming: startBlobStoreManagerService
05-19 10:05:49.647  1239  1239 I SystemServiceManager: Starting com.android.server.blob.BlobStoreManagerService
05-19 10:05:49.650  1239  1239 D SystemServerTiming: StartDreamManager
05-19 10:05:49.650  1239  1239 I SystemServiceManager: Starting com.android.server.dreams.DreamManagerService
05-19 10:05:49.652  1239  1239 D SystemServerTiming: AddGraphicsStatsService
05-19 10:05:49.655  1239  1239 D SystemServerTiming: StartPrintManager
05-19 10:05:49.655  1239  1239 I SystemServiceManager: Starting com.android.server.print.PrintManagerService
05-19 10:05:49.657  1239  1239 D SystemServerTiming: StartAttestationVerificationService
05-19 10:05:49.657  1239  1239 I SystemServiceManager: Starting com.android.server.security.AttestationVerificationManagerService
05-19 10:05:49.657  1239  1239 D AVF     : Started
05-19 10:05:49.658  1239  1239 D SystemServerTiming: StartCompanionDeviceManager
05-19 10:05:49.659  1239  1239 I SystemServiceManager: Starting com.android.server.companion.CompanionDeviceManagerService
05-19 10:05:49.659  1239  1239 I CompanionDevice_PersistentDataStore: Reading associations for user 0 from disk
05-19 10:05:49.661  1239  1239 D SystemServerTiming: StartVirtualDeviceManager
05-19 10:05:49.661  1239  1239 I SystemServiceManager: Starting com.android.server.companion.virtual.VirtualDeviceManagerService
05-19 10:05:49.663  1239  1239 D SystemServerTiming: StartRestrictionManager
05-19 10:05:49.663  1239  1239 I SystemServiceManager: Starting com.android.server.restrictions.RestrictionsManagerService
05-19 10:05:49.665  1239  1239 D SystemServerTiming: StartMediaSessionService
05-19 10:05:49.665  1239  1239 I SystemServiceManager: Starting com.android.server.media.MediaSessionService
05-19 10:05:49.667  1239  1239 D SystemServerTiming: StartMediaResourceMonitor
05-19 10:05:49.667  1239  1239 I SystemServiceManager: Starting com.android.server.media.MediaResourceMonitorService
05-19 10:05:49.668  1239  1239 D SystemServerTiming: StartMediaRouterService
05-19 10:05:49.668  1239  1239 V HistoricalRegistry: Interaction before persistence initialized
05-19 10:05:49.671  1239  1239 D SystemServerTiming: StartFaceSensor
05-19 10:05:49.671  1239  1239 I SystemServiceManager: Starting com.android.server.biometrics.sensors.face.FaceService
05-19 10:05:49.672  1239  1239 D SystemServerTiming: StartFingerprintSensor
05-19 10:05:49.672  1239  1239 I SystemServiceManager: Starting com.android.server.biometrics.sensors.fingerprint.FingerprintService
05-19 10:05:49.673  1239  1239 D SystemServerTiming: StartBiometricService
05-19 10:05:49.673  1239  1239 I SystemServiceManager: Starting com.android.server.biometrics.BiometricService
05-19 10:05:49.677  1239  1239 D SystemServerTiming: StartAuthService
05-19 10:05:49.677  1239  1239 I SystemServiceManager: Starting com.android.server.biometrics.AuthService
05-19 10:05:49.677  1239  1239 D AuthService: Registering HIDL ID: 0 Modality: 2 Strength: 15
05-19 10:05:49.682  1239  1239 D SystemServerTiming: AppLockManagerService
05-19 10:05:49.682  1239  1239 I SystemServiceManager: Starting com.android.server.app.AppLockManagerService$Lifecycle
05-19 10:05:49.682  1239  1399 D BiometricService: Registering ID: 0 Modality: 2 Strength: 15
05-19 10:05:49.684  1239  1399 D BiometricStrengthController: updateStrengths: revert sensorId=0 to oemStrength=15
