05-19 10:05:50.528  1239  1239 W InputMethodUtils: 	at android.app.ApplicationPackageManager.getApplicationInfoAsUser(ApplicationPackageManager.java:504)
05-19 10:05:50.528  1239  1239 W InputMethodUtils: 	at android.app.ApplicationPackageManager.getApplicationInfo(ApplicationPackageManager.java:487)
05-19 10:05:50.528  1239  1239 W InputMethodUtils: 	at com.android.server.inputmethod.InputMethodUtils.setNonSelectedSystemImesDisabledUntilUsed(InputMethodUtils.java:706)
05-19 10:05:50.528  1239  1239 W InputMethodUtils: 	at com.android.server.inputmethod.InputMethodManagerService.systemRunning(InputMethodManagerService.java:2075)
05-19 10:05:50.528  1239  1239 W InputMethodUtils: 	at com.android.server.inputmethod.InputMethodManagerService$Lifecycle.onBootPhase(InputMethodManagerService.java:1716)
05-19 10:05:50.528  1239  1239 W InputMethodUtils: 	at com.android.server.SystemServiceManager.startBootPhase(SystemServiceManager.java:294)
05-19 10:05:50.528  1239  1239 W InputMethodUtils: 	at com.android.server.SystemServer.lambda$startOtherServices$5(SystemServer.java:2874)
05-19 10:05:50.528  1239  1239 W InputMethodUtils: 	at com.android.server.SystemServer.$r8$lambda$cHpru_0zTEigJU4rvGBr8u7hU4w(Unknown Source:0)
05-19 10:05:50.528  1239  1239 W InputMethodUtils: 	at com.android.server.SystemServer$$ExternalSyntheticLambda5.run(Unknown Source:28)
05-19 10:05:50.528  1239  1239 W InputMethodUtils: 	at com.android.server.am.ActivityManagerService.systemReady(ActivityManagerService.java:8300)
05-19 10:05:50.528  1239  1239 W InputMethodUtils: 	at com.android.server.SystemServer.startOtherServices(SystemServer.java:2871)
05-19 10:05:50.528  1239  1239 W InputMethodUtils: 	at com.android.server.SystemServer.run(SystemServer.java:961)
05-19 10:05:50.528  1239  1239 W InputMethodUtils: 	at com.android.server.SystemServer.main(SystemServer.java:667)
05-19 10:05:50.528  1239  1239 W InputMethodUtils: 	at java.lang.reflect.Method.invoke(Native Method)
05-19 10:05:50.528  1239  1239 W InputMethodUtils: 	at com.android.internal.os.RuntimeInit$MethodAndArgsCaller.run(RuntimeInit.java:548)
05-19 10:05:50.528  1239  1239 W InputMethodUtils: 	at com.android.internal.os.ZygoteInit.main(ZygoteInit.java:920)
05-19 10:05:50.528  1239  1239 W InputMethodUtils: getApplicationInfo failed. packageName=com.google.android.inputmethod.korean userId=0
05-19 10:05:50.528  1239  1239 W InputMethodUtils: android.content.pm.PackageManager$NameNotFoundException: com.google.android.inputmethod.korean
05-19 10:05:50.528  1239  1239 W InputMethodUtils: 	at android.app.ApplicationPackageManager.getApplicationInfoAsUser(ApplicationPackageManager.java:504)
05-19 10:05:50.528  1239  1239 W InputMethodUtils: 	at android.app.ApplicationPackageManager.getApplicationInfo(ApplicationPackageManager.java:487)
05-19 10:05:50.528  1239  1239 W InputMethodUtils: 	at com.android.server.inputmethod.InputMethodUtils.setNonSelectedSystemImesDisabledUntilUsed(InputMethodUtils.java:706)
05-19 10:05:50.528  1239  1239 W InputMethodUtils: 	at com.android.server.inputmethod.InputMethodManagerService.systemRunning(InputMethodManagerService.java:2075)
05-19 10:05:50.528  1239  1239 W InputMethodUtils: 	at com.android.server.inputmethod.InputMethodManagerService$Lifecycle.onBootPhase(InputMethodManagerService.java:1716)
05-19 10:05:50.528  1239  1239 W InputMethodUtils: 	at com.android.server.SystemServiceManager.startBootPhase(SystemServiceManager.java:294)
05-19 10:05:50.528  1239  1239 W InputMethodUtils: 	at com.android.server.SystemServer.lambda$startOtherServices$5(SystemServer.java:2874)
05-19 10:05:50.528  1239  1239 W InputMethodUtils: 	at com.android.server.SystemServer.$r8$lambda$cHpru_0zTEigJU4rvGBr8u7hU4w(Unknown Source:0)
05-19 10:05:50.528  1239  1239 W InputMethodUtils: 	at com.android.server.SystemServer$$ExternalSyntheticLambda5.run(Unknown Source:28)
05-19 10:05:50.528  1239  1239 W InputMethodUtils: 	at com.android.server.am.ActivityManagerService.systemReady(ActivityManagerService.java:8300)
05-19 10:05:50.528  1239  1239 W InputMethodUtils: 	at com.android.server.SystemServer.startOtherServices(SystemServer.java:2871)
05-19 10:05:50.528  1239  1239 W InputMethodUtils: 	at com.android.server.SystemServer.run(SystemServer.java:961)
05-19 10:05:50.528  1239  1239 W InputMethodUtils: 	at com.android.server.SystemServer.main(SystemServer.java:667)
05-19 10:05:50.528  1239  1239 W InputMethodUtils: 	at java.lang.reflect.Method.invoke(Native Method)
05-19 10:05:50.528  1239  1239 W InputMethodUtils: 	at com.android.internal.os.RuntimeInit$MethodAndArgsCaller.run(RuntimeInit.java:548)
05-19 10:05:50.528  1239  1239 W InputMethodUtils: 	at com.android.internal.os.ZygoteInit.main(ZygoteInit.java:920)
05-19 10:05:50.528  1239  1239 W InputMethodUtils: getApplicationInfo failed. packageName=com.google.android.inputmethod.pinyin userId=0
05-19 10:05:50.528  1239  1239 W InputMethodUtils: android.content.pm.PackageManager$NameNotFoundException: com.google.android.inputmethod.pinyin
05-19 10:05:50.528  1239  1239 W InputMethodUtils: 	at android.app.ApplicationPackageManager.getApplicationInfoAsUser(ApplicationPackageManager.java:504)
05-19 10:05:50.528  1239  1239 W InputMethodUtils: 	at android.app.ApplicationPackageManager.getApplicationInfo(ApplicationPackageManager.java:487)
05-19 10:05:50.528  1239  1239 W InputMethodUtils: 	at com.android.server.inputmethod.InputMethodUtils.setNonSelectedSystemImesDisabledUntilUsed(InputMethodUtils.java:706)
05-19 10:05:50.528  1239  1239 W InputMethodUtils: 	at com.android.server.inputmethod.InputMethodManagerService.systemRunning(InputMethodManagerService.java:2075)
05-19 10:05:50.528  1239  1239 W InputMethodUtils: 	at com.android.server.inputmethod.InputMethodManagerService$Lifecycle.onBootPhase(InputMethodManagerService.java:1716)
05-19 10:05:50.528  1239  1239 W InputMethodUtils: 	at com.android.server.SystemServiceManager.startBootPhase(SystemServiceManager.java:294)
05-19 10:05:50.528  1239  1239 W InputMethodUtils: 	at com.android.server.SystemServer.lambda$startOtherServices$5(SystemServer.java:2874)
05-19 10:05:50.528  1239  1239 W InputMethodUtils: 	at com.android.server.SystemServer.$r8$lambda$cHpru_0zTEigJU4rvGBr8u7hU4w(Unknown Source:0)
05-19 10:05:50.528  1239  1239 W InputMethodUtils: 	at com.android.server.SystemServer$$ExternalSyntheticLambda5.run(Unknown Source:28)
05-19 10:05:50.528  1239  1239 W InputMethodUtils: 	at com.android.server.am.ActivityManagerService.systemReady(ActivityManagerService.java:8300)
05-19 10:05:50.528  1239  1239 W InputMethodUtils: 	at com.android.server.SystemServer.startOtherServices(SystemServer.java:2871)
05-19 10:05:50.528  1239  1239 W InputMethodUtils: 	at com.android.server.SystemServer.run(SystemServer.java:961)
05-19 10:05:50.528  1239  1239 W InputMethodUtils: 	at com.android.server.SystemServer.main(SystemServer.java:667)
05-19 10:05:50.528  1239  1239 W InputMethodUtils: 	at java.lang.reflect.Method.invoke(Native Method)
05-19 10:05:50.528  1239  1239 W InputMethodUtils: 	at com.android.internal.os.RuntimeInit$MethodAndArgsCaller.run(RuntimeInit.java:548)
05-19 10:05:50.528  1239  1239 W InputMethodUtils: 	at com.android.internal.os.ZygoteInit.main(ZygoteInit.java:920)
05-19 10:05:50.528  1239  1239 W InputMethodUtils: getApplicationInfo failed. packageName=jp.co.omronsoft.iwnnime.ml userId=0
05-19 10:05:50.528  1239  1239 W InputMethodUtils: android.content.pm.PackageManager$NameNotFoundException: jp.co.omronsoft.iwnnime.ml
05-19 10:05:50.528  1239  1239 W InputMethodUtils: 	at android.app.ApplicationPackageManager.getApplicationInfoAsUser(ApplicationPackageManager.java:504)
05-19 10:05:50.528  1239  1239 W InputMethodUtils: 	at android.app.ApplicationPackageManager.getApplicationInfo(ApplicationPackageManager.java:487)
05-19 10:05:50.528  1239  1239 W InputMethodUtils: 	at com.android.server.inputmethod.InputMethodUtils.setNonSelectedSystemImesDisabledUntilUsed(InputMethodUtils.java:706)
05-19 10:05:50.528  1239  1239 W InputMethodUtils: 	at com.android.server.inputmethod.InputMethodManagerService.systemRunning(InputMethodManagerService.java:2075)
05-19 10:05:50.528  1239  1239 W InputMethodUtils: 	at com.android.server.inputmethod.InputMethodManagerService$Lifecycle.onBootPhase(InputMethodManagerService.java:1716)
05-19 10:05:50.528  1239  1239 W InputMethodUtils: 	at com.android.server.SystemServiceManager.startBootPhase(SystemServiceManager.java:294)
05-19 10:05:50.528  1239  1239 W InputMethodUtils: 	at com.android.server.SystemServer.lambda$startOtherServices$5(SystemServer.java:2874)
05-19 10:05:50.528  1239  1239 W InputMethodUtils: 	at com.android.server.SystemServer.$r8$lambda$cHpru_0zTEigJU4rvGBr8u7hU4w(Unknown Source:0)
05-19 10:05:50.528  1239  1239 W InputMethodUtils: 	at com.android.server.SystemServer$$ExternalSyntheticLambda5.run(Unknown Source:28)
05-19 10:05:50.528  1239  1239 W InputMethodUtils: 	at com.android.server.am.ActivityManagerService.systemReady(ActivityManagerService.java:8300)
05-19 10:05:50.528  1239  1239 W InputMethodUtils: 	at com.android.server.SystemServer.startOtherServices(SystemServer.java:2871)
05-19 10:05:50.528  1239  1239 W InputMethodUtils: 	at com.android.server.SystemServer.run(SystemServer.java:961)
05-19 10:05:50.528  1239  1239 W InputMethodUtils: 	at com.android.server.SystemServer.main(SystemServer.java:667)
05-19 10:05:50.528  1239  1239 W InputMethodUtils: 	at java.lang.reflect.Method.invoke(Native Method)
05-19 10:05:50.528  1239  1239 W InputMethodUtils: 	at com.android.internal.os.RuntimeInit$MethodAndArgsCaller.run(RuntimeInit.java:548)
05-19 10:05:50.528  1239  1239 W InputMethodUtils: 	at com.android.internal.os.ZygoteInit.main(ZygoteInit.java:920)
05-19 10:05:50.528  1239  1239 W InputMethodUtils: getApplicationInfo failed. packageName=com.nuance.xt9.input userId=0
05-19 10:05:50.528  1239  1239 W InputMethodUtils: android.content.pm.PackageManager$NameNotFoundException: com.nuance.xt9.input
05-19 10:05:50.528  1239  1239 W InputMethodUtils: 	at android.app.ApplicationPackageManager.getApplicationInfoAsUser(ApplicationPackageManager.java:504)
05-19 10:05:50.528  1239  1239 W InputMethodUtils: 	at android.app.ApplicationPackageManager.getApplicationInfo(ApplicationPackageManager.java:487)
05-19 10:05:50.528  1239  1239 W InputMethodUtils: 	at com.android.server.inputmethod.InputMethodUtils.setNonSelectedSystemImesDisabledUntilUsed(InputMethodUtils.java:706)
05-19 10:05:50.528  1239  1239 W InputMethodUtils: 	at com.android.server.inputmethod.InputMethodManagerService.systemRunning(InputMethodManagerService.java:2075)
05-19 10:05:50.528  1239  1239 W InputMethodUtils: 	at com.android.server.inputmethod.InputMethodManagerService$Lifecycle.onBootPhase(InputMethodManagerService.java:1716)
05-19 10:05:50.528  1239  1239 W InputMethodUtils: 	at com.android.server.SystemServiceManager.startBootPhase(SystemServiceManager.java:294)
05-19 10:05:50.528  1239  1239 W InputMethodUtils: 	at com.android.server.SystemServer.lambda$startOtherServices$5(SystemServer.java:2874)
05-19 10:05:50.528  1239  1239 W InputMethodUtils: 	at com.android.server.SystemServer.$r8$lambda$cHpru_0zTEigJU4rvGBr8u7hU4w(Unknown Source:0)
05-19 10:05:50.528  1239  1239 W InputMethodUtils: 	at com.android.server.SystemServer$$ExternalSyntheticLambda5.run(Unknown Source:28)
05-19 10:05:50.528  1239  1239 W InputMethodUtils: 	at com.android.server.am.ActivityManagerService.systemReady(ActivityManagerService.java:8300)
05-19 10:05:50.528  1239  1239 W InputMethodUtils: 	at com.android.server.SystemServer.startOtherServices(SystemServer.java:2871)
05-19 10:05:50.528  1239  1239 W InputMethodUtils: 	at com.android.server.SystemServer.run(SystemServer.java:961)
05-19 10:05:50.528  1239  1239 W InputMethodUtils: 	at com.android.server.SystemServer.main(SystemServer.java:667)
05-19 10:05:50.528  1239  1239 W InputMethodUtils: 	at java.lang.reflect.Method.invoke(Native Method)
05-19 10:05:50.528  1239  1239 W InputMethodUtils: 	at com.android.internal.os.RuntimeInit$MethodAndArgsCaller.run(RuntimeInit.java:548)
05-19 10:05:50.528  1239  1239 W InputMethodUtils: 	at com.android.internal.os.ZygoteInit.main(ZygoteInit.java:920)
05-19 10:05:50.528  1239  1239 W SystemServiceManager: Service com.android.server.inputmethod.InputMethodManagerService$Lifecycle took 64 ms in onBootPhase
05-19 10:05:50.528  1239  1239 D SystemServerTiming: OnBootPhase_550_com.android.server.accessibility.AccessibilityManagerService$Lifecycle
05-19 10:05:50.528  1239  1239 D SystemServerTiming: OnBootPhase_550_com.android.server.StorageManagerService$Lifecycle
05-19 10:05:50.528  1239  1239 D SystemServerTiming: OnBootPhase_550_com.android.server.usage.StorageStatsService$Lifecycle
05-19 10:05:50.528  1239  1239 D SystemServerTiming: OnBootPhase_550_com.android.server.UiModeManagerService
05-19 10:05:50.529  1239  1239 D SystemServerTiming: OnBootPhase_550_com.android.server.locales.LocaleManagerService
05-19 10:05:50.529  1239  1239 D SystemServerTiming: OnBootPhase_550_com.android.server.locksettings.LockSettingsService$Lifecycle
05-19 10:05:50.530  1239  1239 I RebootEscrowManager: No reboot escrow data found for users, skipping loading escrow data
05-19 10:05:50.533  1239  1239 D SystemServerTiming: OnBootPhase_550_com.android.server.PersistentDataBlockService
05-19 10:05:50.533  1239  1239 D SystemServerTiming: OnBootPhase_550_com.android.server.testharness.TestHarnessModeService
05-19 10:05:50.533  1239  1239 D SystemServerTiming: OnBootPhase_550_com.android.server.oemlock.OemLockService
05-19 10:05:50.533  1239  1239 D SystemServerTiming: OnBootPhase_550_com.android.server.DeviceIdleController
05-19 10:05:50.534  1239  1239 D SystemServerTiming: OnBootPhase_550_com.android.server.devicepolicy.DevicePolicyManagerService$Lifecycle
05-19 10:05:50.534  1239  1239 D SystemServerTiming: OnBootPhase_550_com.android.server.musicrecognition.MusicRecognitionManagerService
05-19 10:05:50.534  1239  1239 D SystemServerTiming: OnBootPhase_550_com.android.server.contentcapture.ContentCaptureManagerService
05-19 10:05:50.534  1239  1239 D SystemServerTiming: OnBootPhase_550_com.android.server.attention.AttentionManagerService
05-19 10:05:50.534  1239  1239 D SystemServerTiming: OnBootPhase_550_com.android.server.rotationresolver.RotationResolverManagerService
05-19 10:05:50.534  1239  1239 D SystemServerTiming: OnBootPhase_550_com.android.server.systemcaptions.SystemCaptionsManagerService
05-19 10:05:50.534  1239  1239 D SystemServerTiming: OnBootPhase_550_com.android.server.texttospeech.TextToSpeechManagerService
05-19 10:05:50.534  1239  1239 D SystemServerTiming: OnBootPhase_550_com.android.server.ambientcontext.AmbientContextManagerService
05-19 10:05:50.534  1239  1239 D SystemServerTiming: OnBootPhase_550_com.android.server.speech.SpeechRecognitionManagerService
05-19 10:05:50.534  1239  1239 D SystemServerTiming: OnBootPhase_550_com.android.server.appprediction.AppPredictionManagerService
05-19 10:05:50.534  1239  1239 D SystemServerTiming: OnBootPhase_550_com.android.server.contentsuggestions.ContentSuggestionsManagerService
05-19 10:05:50.534  1239  1239 D SystemServerTiming: OnBootPhase_550_com.android.server.searchui.SearchUiManagerService
05-19 10:05:50.534  1239  1239 D SystemServerTiming: OnBootPhase_550_com.android.server.smartspace.SmartspaceManagerService
05-19 10:05:50.534  1239  1239 D SystemServerTiming: OnBootPhase_550_com.android.server.graphics.fonts.FontManagerService$Lifecycle
05-19 10:05:50.534  1239  1239 D SystemServerTiming: OnBootPhase_550_com.android.server.textservices.TextServicesManagerService$Lifecycle
05-19 10:05:50.534  1239  1239 D SystemServerTiming: OnBootPhase_550_com.android.server.textclassifier.TextClassificationManagerService$Lifecycle
05-19 10:05:50.534  1239  1239 D SystemServerTiming: OnBootPhase_550_com.android.server.NetworkScoreService$Lifecycle
05-19 10:05:50.534  1239  1239 D SystemServerTiming: OnBootPhase_550_com.android.server.NetworkStatsServiceInitializer
05-19 10:05:50.570  1239  1239 D SystemServerTiming: OnBootPhase_550_com.android.server.wifi.WifiService
05-19 10:05:50.570  1239  1239 D SystemServerTiming: OnBootPhase_550_com.android.server.wifi.scanner.WifiScanningService
05-19 10:05:50.570  1239  1239 D SystemServerTiming: OnBootPhase_550_com.android.server.wifi.p2p.WifiP2pService
05-19 10:05:50.570  1239  1239 D SystemServerTiming: OnBootPhase_550_com.android.server.ConnectivityServiceInitializer
05-19 10:05:50.570  1239  1239 D SystemServerTiming: OnBootPhase_550_com.android.server.notification.NotificationManagerService
05-19 10:05:50.570  1239  1239 D SystemServerTiming: OnBootPhase_550_com.android.server.storage.DeviceStorageMonitorService
05-19 10:05:50.570  1239  1239 D SystemServerTiming: OnBootPhase_550_com.android.server.location.LocationManagerService$Lifecycle
05-19 10:05:50.570  1239  1239 D SystemServerTiming: OnBootPhase_550_com.android.server.timedetector.TimeDetectorService$Lifecycle
05-19 10:05:50.571  1239  1239 D SystemServerTiming: OnBootPhase_550_com.android.server.timezonedetector.TimeZoneDetectorService$Lifecycle
05-19 10:05:50.571  1239  1239 D SystemServerTiming: OnBootPhase_550_com.android.server.timezonedetector.location.LocationTimeZoneManagerService$Lifecycle
05-19 10:05:50.571  1239  1239 D SystemServerTiming: OnBootPhase_550_com.android.server.search.SearchManagerService$Lifecycle
05-19 10:05:50.571  1239  1239 D SystemServerTiming: OnBootPhase_550_com.android.server.wallpaper.WallpaperManagerService$Lifecycle
05-19 10:05:50.572  1239  1239 V WallpaperManagerService: bindWallpaperComponentLocked: componentName=ComponentInfo{com.android.systemui/com.android.systemui.wallpapers.ImageWallpaper}
05-19 10:05:50.572  1239  1239 D WallpaperManagerService: WPMS.bindWallpaperComponentLocked-ComponentInfo{com.android.systemui/com.android.systemui.wallpapers.ImageWallpaper}
05-19 10:05:50.575  1239  1239 D CompatibilityChangeReporter: Compat change id reported: 135634846; UID 10499; state: DISABLED
05-19 10:05:50.575  1239  1239 D CompatibilityChangeReporter: Compat change id reported: 177438394; UID 10499; state: DISABLED
05-19 10:05:50.575  1239  1239 D CompatibilityChangeReporter: Compat change id reported: 135772972; UID 10499; state: DISABLED
05-19 10:05:50.575  1239  1239 D CompatibilityChangeReporter: Compat change id reported: 135754954; UID 10499; state: ENABLED
05-19 10:05:50.575  1239  1270 D CompatibilityChangeReporter: Compat change id reported: 143937733; UID 10499; state: ENABLED
05-19 10:05:50.577  1239  1239 D SystemServerTiming: OnBootPhase_550_com.android.server.wallpapereffectsgeneration.WallpaperEffectsGenerationManagerService
05-19 10:05:50.577  1239  1239 D SystemServerTiming: OnBootPhase_550_com.android.server.audio.AudioService$Lifecycle
05-19 10:05:50.577  1239  1239 D SystemServerTiming: OnBootPhase_550_com.android.server.soundtrigger_middleware.SoundTriggerMiddlewareService$Lifecycle
05-19 10:05:50.577  1239  1239 D SystemServerTiming: OnBootPhase_550_com.android.server.DockObserver
05-19 10:05:50.577  1239  1239 D SystemServerTiming: OnBootPhase_550_com.android.server.midi.MidiService$Lifecycle
05-19 10:05:50.577  1239  1239 D SystemServerTiming: OnBootPhase_550_com.android.server.adb.AdbService$Lifecycle
05-19 10:05:50.578  1239  1239 D SystemServerTiming: OnBootPhase_550_com.android.server.usb.UsbService$Lifecycle
05-19 10:05:50.578  1239  1239 D SystemServerTiming: OnBootPhase_550_com.android.server.twilight.TwilightService
05-19 10:05:50.578  1239  1239 D SystemServerTiming: OnBootPhase_550_com.android.server.display.color.ColorDisplayService
05-19 10:05:50.578  1239  1239 D SystemServerTiming: OnBootPhase_550_com.android.server.job.JobSchedulerService
05-19 10:05:50.578  1239  1239 D SystemServerTiming: OnBootPhase_550_com.android.server.soundtrigger.SoundTriggerService
05-19 10:05:50.578  1239  1239 D SoundTriggerService: onBootPhase: 550 : false
05-19 10:05:50.578  1239  1239 D SystemServerTiming: OnBootPhase_550_com.android.server.trust.TrustManagerService
05-19 10:05:50.578  1239  1239 D SystemServerTiming: OnBootPhase_550_com.android.server.backup.BackupManagerService$Lifecycle
05-19 10:05:50.578  1239  1314 D SystemServerTimingAsync: InitThreadPoolExec:UsbService$Lifecycle#onBootPhase
05-19 10:05:50.578  1239  1239 D SystemServerTiming: OnBootPhase_550_com.android.server.appwidget.AppWidgetService
05-19 10:05:50.578  1239  1239 D SystemServerTiming: OnBootPhase_550_com.android.server.voiceinteraction.VoiceInteractionManagerService
05-19 10:05:50.578  1239  1239 D SystemServerTiming: OnBootPhase_550_com.android.server.apphibernation.AppHibernationService
05-19 10:05:50.578  1239  1239 D SystemServerTiming: OnBootPhase_550_com.android.server.GestureLauncherService
05-19 10:05:50.578  1239  1239 D SystemServerTiming: OnBootPhase_550_com.android.server.SensorNotificationService
05-19 10:05:50.578  1239  1239 D SystemServerTiming: OnBootPhase_550_com.android.server.emergency.EmergencyAffordanceService
05-19 10:05:50.578  1239  1239 D SystemServerTiming: OnBootPhase_550_com.android.server.blob.BlobStoreManagerService
05-19 10:05:50.579  1239  1239 D SystemServerTiming: OnBootPhase_550_com.android.server.dreams.DreamManagerService
05-19 10:05:50.579  1239  1239 D SystemServerTiming: OnBootPhase_550_com.android.server.print.PrintManagerService
05-19 10:05:50.579  1239  1239 D SystemServerTiming: OnBootPhase_550_com.android.server.security.AttestationVerificationManagerService
05-19 10:05:50.579  1239  1239 D SystemServerTiming: OnBootPhase_550_com.android.server.companion.CompanionDeviceManagerService
05-19 10:05:50.579  1239  1239 D SystemServerTiming: OnBootPhase_550_com.android.server.companion.virtual.VirtualDeviceManagerService
05-19 10:05:50.579  1239  1239 D SystemServerTiming: OnBootPhase_550_com.android.server.restrictions.RestrictionsManagerService
05-19 10:05:50.579  1239  1239 D SystemServerTiming: OnBootPhase_550_com.android.server.media.MediaSessionService
05-19 10:05:50.580  1239  1239 D SystemServerTiming: OnBootPhase_550_com.android.server.media.MediaResourceMonitorService
05-19 10:05:50.580  1239  1239 D SystemServerTiming: OnBootPhase_550_com.android.server.biometrics.sensors.face.FaceService
05-19 10:05:50.580  1239  1239 D SystemServerTiming: OnBootPhase_550_com.android.server.biometrics.sensors.fingerprint.FingerprintService
05-19 10:05:50.580  1239  1239 D SystemServerTiming: OnBootPhase_550_com.android.server.biometrics.BiometricService
05-19 10:05:50.580  1239  1239 D SystemServerTiming: OnBootPhase_550_com.android.server.biometrics.AuthService
05-19 10:05:50.580  1239  1239 D SystemServerTiming: OnBootPhase_550_com.android.server.app.AppLockManagerService$Lifecycle
05-19 10:05:50.581  1239  1389 I UsbPortManager: ClientCallback V1_1: dual-role-type_c_port0
05-19 10:05:50.582  1239  1259 I UsbPortManager: USB port added: port=UsbPort{id=dual-role-type_c_port0, supportedModes=dualsupportedContaminantProtectionModes=0supportsEnableContaminantPresenceProtection=falsesupportsEnableContaminantPresenceDetection=false, status=UsbPortStatus{connected=false, currentMode=none, currentPowerRole=no-power, currentDataRole=no-data, supportedRoleCombinations=[no-power:no-data], contaminantDetectionStatus=0, contaminantProtectionStatus=0, usbDataStatus=unknown, isPowerTransferLimited=false, powerBrickConnectionStatus=unknown}, canChangeMode=false, canChangePowerRole=false, canChangeDataRole=false, connectedAtMillis=0, lastConnectDurationMillis=0
05-19 10:05:50.583  1239  1239 I AppLockManagerService: onBootCompleted
05-19 10:05:50.583  1239  1270 I ActivityManager: Start proc 1438:com.android.systemui/u0a499 for service {com.android.systemui/com.android.systemui.wallpapers.ImageWallpaper}
05-19 10:05:50.584  1239  1239 D SystemServerTiming: OnBootPhase_550_com.android.server.pm.ShortcutService$Lifecycle
05-19 10:05:50.584  1239  1239 D SystemServerTiming: OnBootPhase_550_com.android.server.pm.LauncherAppsService
05-19 10:05:50.584  1239  1239 D SystemServerTiming: OnBootPhase_550_com.android.server.pm.CrossProfileAppsService
05-19 10:05:50.584  1239  1239 D SystemServerTiming: OnBootPhase_550_com.android.server.pocket.PocketService
05-19 10:05:50.584  1239  1239 W PocketService: Un-handled boot phase:550
05-19 10:05:50.584  1239  1239 D SystemServerTiming: OnBootPhase_550_com.android.server.people.PeopleService
05-19 10:05:50.584  1239  1239 D SystemServerTiming: OnBootPhase_550_com.android.server.media.metrics.MediaMetricsManagerService
05-19 10:05:50.584  1239  1239 D SystemServerTiming: OnBootPhase_550_com.android.server.derp.CustomDeviceConfigService
05-19 10:05:50.584  1239  1239 D SystemServerTiming: OnBootPhase_550_com.android.server.vibrator.LinearmotorVibratorService
05-19 10:05:50.584  1239  1239 D SystemServerTiming: OnBootPhase_550_com.android.server.derp.LineageHardwareService
05-19 10:05:50.584  1239  1239 D SystemServerTiming: OnBootPhase_550_com.android.server.derp.display.LiveDisplayService
05-19 10:05:50.584  1239  1239 D SystemServerTiming: OnBootPhase_550_com.android.server.derp.health.HealthInterfaceService
05-19 10:05:50.584  1239  1239 D SystemServerTiming: OnBootPhase_550_com.android.server.media.projection.MediaProjectionManagerService
05-19 10:05:50.585  1239  1239 D SystemServerTiming: OnBootPhase_550_com.android.server.slice.SliceManagerService$Lifecycle
05-19 10:05:50.585  1239  1239 D SystemServerTiming: OnBootPhase_550_com.android.server.stats.StatsCompanion$Lifecycle
05-19 10:05:50.585  1239  1239 D SystemServerTiming: OnBootPhase_550_com.android.server.scheduling.RebootReadinessManagerService$Lifecycle
05-19 10:05:50.585  1239  1239 D SystemServerTiming: OnBootPhase_550_com.android.server.stats.pull.StatsPullAtomService
05-19 10:05:50.585  1239  1239 D SystemServerTiming: OnBootPhase_550_com.android.server.stats.bootstrap.StatsBootstrapAtomService$Lifecycle
05-19 10:05:50.585  1239  1239 D SystemServerTiming: OnBootPhase_550_com.android.server.incident.IncidentCompanionService
05-19 10:05:50.585  1239  1239 D SystemServerTiming: OnBootPhase_550_com.android.server.sdksandbox.SdkSandboxManagerService$Lifecycle
05-19 10:05:50.585  1239  1239 D SystemServerTiming: OnBootPhase_550_com.android.server.adservices.AdServicesManagerService$Lifecycle
05-19 10:05:50.585  1239  1239 D SystemServerTiming: OnBootPhase_550_com.android.server.MmsServiceBroker
05-19 10:05:50.585  1239  1239 D SystemServerTiming: OnBootPhase_550_com.android.server.autofill.AutofillManagerService
05-19 10:05:50.585  1239  1239 D SystemServerTiming: OnBootPhase_550_com.android.server.translation.TranslationManagerService
05-19 10:05:50.585  1239  1239 D SystemServerTiming: OnBootPhase_550_com.android.server.clipboard.ClipboardService
05-19 10:05:50.585  1239  1239 D SystemServerTiming: OnBootPhase_550_com.android.server.appbinding.AppBindingService$Lifecycle
05-19 10:05:50.586  1239  1239 I AppBindingService: Updating constants with: null
05-19 10:05:50.586  1239  1239 D SystemServerTiming: OnBootPhase_550_com.android.server.tracing.TracingServiceProxy
05-19 10:05:50.586  1239  1239 D SystemServerTiming: OnBootPhase_550_com.android.server.policy.PermissionPolicyService
05-19 10:05:50.586  1239  1239 D SystemServerTiming: Permission_grant_default_permissions-0
05-19 10:05:50.586  1239  1239 D SystemServerTiming: Permission_synchronize_permissions-0
05-19 10:05:50.586  1239  1239 D SystemServerTiming: Permission_synchronize_addPackages-0
05-19 10:05:50.616  1239  1354 D CompatibilityChangeReporter: Compat change id reported: 168419799; UID 10499; state: DISABLED
05-19 10:05:50.617  1239  1354 D CompatibilityChangeReporter: Compat change id reported: 273564678; UID 10499; state: DISABLED
05-19 10:05:50.618  1239  1239 D SystemServerTiming: Permission_syncPackages-0
05-19 10:05:50.629  1239  1239 D SystemServerTiming: Permission_onInitialized-0
05-19 10:05:50.629  1239  1239 I PackageManager: Permission ownership changed. Updating all permissions.
05-19 10:05:50.649   807   959 D MtkOmxGsmDec: MtkOmxComponentCreate +++ !!!
05-19 10:05:50.649   807   959 D MtkOmxGsmDec: MtkOmxGsmDec Construct !!!
05-19 10:05:50.649   807   959 D MtkOmxGsmDec: Init Audio(GSM) Params!!!
05-19 10:05:50.649   807   959 D MtkOmxGsmDec: MtkOmxGsmDec Deconstruct !!!
05-19 10:05:50.660  1239  1239 W PackageManager: Package android.ext.services is an APK in APEX, but has permission allowlist on the system image. Please bundle the allowlist in the com.android.extservices APEX instead.
05-19 10:05:50.660  1239  1239 W PackageManager: Package android.ext.services is an APK in APEX, but has permission allowlist on the system image. Please bundle the allowlist in the com.android.extservices APEX instead.
05-19 10:05:50.660  1239  1239 W PackageManager: Package android.ext.services is an APK in APEX, but has permission allowlist on the system image. Please bundle the allowlist in the com.android.extservices APEX instead.
05-19 10:05:50.660  1239  1239 W PackageManager: Package android.ext.services is an APK in APEX, but has permission allowlist on the system image. Please bundle the allowlist in the com.android.extservices APEX instead.
05-19 10:05:50.665   807   959 D MtkOmxMp3Dec: JB MtkOmxMp3Dec::MtkOmxMp3Dec this= 0xf5cd8000
05-19 10:05:50.665   807   959 D MtkOmxMp3Dec: JB MtkOmxMp3Dec::InitAudioParams(MP3)
05-19 10:05:50.666   807   959 D MtkOmxMp3Dec: JB ~MtkOmxMp3Dec this= 0xf5cd8000
05-19 10:05:50.666   807   959 D MtkOmxMp3Dec: component has been DeInit before,return.
05-19 10:05:50.676  1239  1239 W PackageManager: Package com.android.providers.media.module is an APK in APEX, but has permission allowlist on the system image. Please bundle the allowlist in the com.android.mediaprovider APEX instead.
05-19 10:05:50.676  1239  1239 W PackageManager: Package com.android.providers.media.module is an APK in APEX, but has permission allowlist on the system image. Please bundle the allowlist in the com.android.mediaprovider APEX instead.
05-19 10:05:50.676  1239  1239 W PackageManager: Package com.android.providers.media.module is an APK in APEX, but has permission allowlist on the system image. Please bundle the allowlist in the com.android.mediaprovider APEX instead.
05-19 10:05:50.676  1239  1239 W PackageManager: Package com.android.providers.media.module is an APK in APEX, but has permission allowlist on the system image. Please bundle the allowlist in the com.android.mediaprovider APEX instead.
05-19 10:05:50.676  1239  1239 W PackageManager: Package com.android.providers.media.module is an APK in APEX, but has permission allowlist on the system image. Please bundle the allowlist in the com.android.mediaprovider APEX instead.
05-19 10:05:50.677  1239  1239 W PackageManager: Package com.android.providers.media.module is an APK in APEX, but has permission allowlist on the system image. Please bundle the allowlist in the com.android.mediaprovider APEX instead.
05-19 10:05:50.677  1239  1239 W PackageManager: Package com.android.providers.media.module is an APK in APEX, but has permission allowlist on the system image. Please bundle the allowlist in the com.android.mediaprovider APEX instead.
05-19 10:05:50.677  1239  1239 W PackageManager: Package com.android.providers.media.module is an APK in APEX, but has permission allowlist on the system image. Please bundle the allowlist in the com.android.mediaprovider APEX instead.
05-19 10:05:50.677  1239  1239 W PackageManager: Package com.android.providers.media.module is an APK in APEX, but has permission allowlist on the system image. Please bundle the allowlist in the com.android.mediaprovider APEX instead.
05-19 10:05:50.677  1239  1239 W PackageManager: Package com.android.providers.media.module is an APK in APEX, but has permission allowlist on the system image. Please bundle the allowlist in the com.android.mediaprovider APEX instead.
05-19 10:05:50.678  1239  1239 W PackageManager: Package com.android.providers.media.module is an APK in APEX, but has permission allowlist on the system image. Please bundle the allowlist in the com.android.mediaprovider APEX instead.
05-19 10:05:50.678  1239  1239 W PackageManager: Package com.android.providers.media.module is an APK in APEX, but has permission allowlist on the system image. Please bundle the allowlist in the com.android.mediaprovider APEX instead.
05-19 10:05:50.678  1239  1239 W PackageManager: Package com.android.providers.media.module is an APK in APEX, but has permission allowlist on the system image. Please bundle the allowlist in the com.android.mediaprovider APEX instead.
05-19 10:05:50.684  1239  1239 W SystemServiceManager: Service com.android.server.policy.PermissionPolicyService took 98 ms in onBootPhase
05-19 10:05:50.684  1239  1239 D SystemServerTiming: OnBootPhase_550_com.android.server.pm.StagingManager$Lifecycle
05-19 10:05:50.684  1239  1239 D SystemServerTiming: OnBootPhase_550_com.android.server.app.GameManagerService$Lifecycle
05-19 10:05:50.684  1239  1239 D SystemServerTiming: OnBootPhase_550_com.android.safetycenter.SafetyCenterService
05-19 10:05:50.684  1239  1239 D SystemServerTiming: OnBootPhase_550_com.android.server.appsearch.AppSearchModule$Lifecycle
05-19 10:05:50.684  1239  1239 D SystemServerTiming: OnBootPhase_550_com.android.server.media.MediaCommunicationService
05-19 10:05:50.684  1239  1239 D SystemServerTiming: OnBootPhase_550_com.android.server.compat.overrides.AppCompatOverridesService$Lifecycle
05-19 10:05:50.684  1239  1239 D SystemServerTiming: OnBootPhase_550_com.android.server.derp.ParallelSpaceManagerService
05-19 10:05:50.684  1239  1239 D SystemServerTiming: StartObservingNativeCrashes
05-19 10:05:50.685  1239  1239 D SystemServerTiming: RegisterAppOpsPolicy
05-19 10:05:50.687  1239  1269 I DropBoxManagerService: add tag=system_server_wtf isTagEnabled=true flags=0x2
05-19 10:05:50.688  1239  1326 D SystemServerTimingAsync: InitThreadPoolExec:WebViewFactoryPreparation
05-19 10:05:50.688  1239  1239 D SystemServerTiming: MakeNetworkManagementServiceReady
05-19 10:05:50.688  1239  1326 I SystemServer: WebViewFactoryPreparation
05-19 10:05:50.689  1239  1326 D SystemServerTimingAsync: WebViewFactoryPreparation
05-19 10:05:50.691  1239  1326 E AppOps  : Bad call made by uid 1000. Package "android" does not belong to uid 1037.
05-19 10:05:50.692  1239  1326 E AppOps  : Cannot checkOperation
05-19 10:05:50.692  1239  1326 E AppOps  : java.lang.SecurityException: Specified package "android" under uid 1037 but it is not
05-19 10:05:50.692  1239  1326 E AppOps  : 	at com.android.server.appop.AppOpsService.verifyAndGetBypass(AppOpsService.java:4773)
05-19 10:05:50.692  1239  1326 E AppOps  : 	at com.android.server.appop.AppOpsService.verifyAndGetBypass(AppOpsService.java:4621)
05-19 10:05:50.692  1239  1326 E AppOps  : 	at com.android.server.appop.AppOpsService.verifyAndGetBypass(AppOpsService.java:4613)
05-19 10:05:50.692  1239  1326 E AppOps  : 	at com.android.server.appop.AppOpsService.checkOperationUnchecked(AppOpsService.java:3267)
05-19 10:05:50.692  1239  1326 E AppOps  : 	at com.android.server.appop.AppOpsService.checkOperationImpl(AppOpsService.java:3250)
05-19 10:05:50.692  1239  1326 E AppOps  : 	at com.android.server.appop.AppOpsService.-$$Nest$mcheckOperationImpl(Unknown Source:0)
05-19 10:05:50.692  1239  1326 E AppOps  : 	at com.android.server.appop.AppOpsService$CheckOpsDelegateDispatcher.lambda$checkOperation$0(AppOpsService.java:7709)
05-19 10:05:50.692  1239  1326 E AppOps  : 	at com.android.server.appop.AppOpsService$CheckOpsDelegateDispatcher.$r8$lambda$KrwrxMLmGzFSEjEyo0aJ63o5J9E(Unknown Source:0)
05-19 10:05:50.692  1239  1326 E AppOps  : 	at com.android.server.appop.AppOpsService$CheckOpsDelegateDispatcher$$ExternalSyntheticLambda9.apply(Unknown Source:24)
05-19 10:05:50.692  1239  1326 E AppOps  : 	at com.android.server.policy.AppOpsPolicy.checkOperation(AppOpsPolicy.java:211)
05-19 10:05:50.692  1239  1326 E AppOps  : 	at com.android.server.appop.AppOpsService$CheckOpsDelegateDispatcher.checkOperation(AppOpsService.java:7708)
05-19 10:05:50.692  1239  1326 E AppOps  : 	at com.android.server.appop.AppOpsService.checkOperation(AppOpsService.java:3237)
05-19 10:05:50.692  1239  1326 E AppOps  : 	at com.android.server.StorageManagerService$StorageManagerInternalImpl.hasExternalStorageAccess(StorageManagerService.java:4875)
05-19 10:05:50.692  1239  1326 E AppOps  : 	at com.android.server.am.ProcessList.startProcessLocked(ProcessList.java:1713)
05-19 10:05:50.692  1239  1326 E AppOps  : 	at com.android.server.am.ProcessList.startProcessLocked(ProcessList.java:2401)
05-19 10:05:50.692  1239  1326 E AppOps  : 	at com.android.server.am.ProcessList.startProcessLocked(ProcessList.java:2541)
05-19 10:05:50.692  1239  1326 E AppOps  : 	at com.android.server.am.ActivityManagerService.startIsolatedProcess(ActivityManagerService.java:2822)
05-19 10:05:50.692  1239  1326 E AppOps  : 	at com.android.server.am.ActivityManagerService$LocalService.startIsolatedProcess(ActivityManagerService.java:16657)
05-19 10:05:50.692  1239  1326 E AppOps  : 	at android.webkit.WebViewLibraryLoader.createRelroFile(WebViewLibraryLoader.java:126)
05-19 10:05:50.692  1239  1326 E AppOps  : 	at android.webkit.WebViewLibraryLoader.createRelros(WebViewLibraryLoader.java:164)
05-19 10:05:50.692  1239  1326 E AppOps  : 	at android.webkit.WebViewLibraryLoader.prepareNativeLibraries(WebViewLibraryLoader.java:152)
05-19 10:05:50.692  1239  1326 E AppOps  : 	at android.webkit.WebViewFactory.onWebViewProviderChanged(WebViewFactory.java:555)
05-19 10:05:50.692  1239  1326 E AppOps  : 	at com.android.server.webkit.SystemImpl.onWebViewProviderChanged(SystemImpl.java:174)
05-19 10:05:50.692  1239  1326 E AppOps  : 	at com.android.server.webkit.WebViewUpdateServiceImpl.onWebViewProviderChanged(WebViewUpdateServiceImpl.java:351)
05-19 10:05:50.692  1239  1326 E AppOps  : 	at com.android.server.webkit.WebViewUpdateServiceImpl.prepareWebViewInSystemServer(WebViewUpdateServiceImpl.java:182)
05-19 10:05:50.692  1239  1326 E AppOps  : 	at com.android.server.webkit.WebViewUpdateService.prepareWebViewInSystemServer(WebViewUpdateService.java:129)
05-19 10:05:50.692  1239  1326 E AppOps  : 	at com.android.server.SystemServer.lambda$startOtherServices$3(SystemServer.java:2903)
05-19 10:05:50.692  1239  1326 E AppOps  : 	at com.android.server.SystemServer.$r8$lambda$nG7XwJlwV2eNiP3C-iTim-mbKmM(Unknown Source:0)
05-19 10:05:50.692  1239  1326 E AppOps  : 	at com.android.server.SystemServer$$ExternalSyntheticLambda6.run(Unknown Source:2)
05-19 10:05:50.692  1239  1326 E AppOps  : 	at com.android.server.SystemServerInitThreadPool.lambda$submitTask$0(SystemServerInitThreadPool.java:106)
05-19 10:05:50.692  1239  1326 E AppOps  : 	at com.android.server.SystemServerInitThreadPool.$r8$lambda$aGlXt69ihU44Qi7EB_RNeu8pnrY(Unknown Source:0)
05-19 10:05:50.692  1239  1326 E AppOps  : 	at com.android.server.SystemServerInitThreadPool$$ExternalSyntheticLambda0.run(Unknown Source:6)
05-19 10:05:50.692  1239  1326 E AppOps  : 	at java.util.concurrent.Executors$RunnableAdapter.call(Executors.java:463)
05-19 10:05:50.692  1239  1326 E AppOps  : 	at java.util.concurrent.FutureTask.run(FutureTask.java:264)
05-19 10:05:50.692  1239  1326 E AppOps  : 	at java.util.concurrent.ThreadPoolExecutor.runWorker(ThreadPoolExecutor.java:1137)
05-19 10:05:50.692  1239  1326 E AppOps  : 	at java.util.concurrent.ThreadPoolExecutor$Worker.run(ThreadPoolExecutor.java:637)
05-19 10:05:50.692  1239  1326 E AppOps  : 	at com.android.internal.util.ConcurrentUtils$1$1.run(ConcurrentUtils.java:65)
05-19 10:05:50.693  1239  1326 D CompatibilityChangeReporter: Compat change id reported: 135634846; UID 1000; state: DISABLED
05-19 10:05:50.693  1239  1326 D CompatibilityChangeReporter: Compat change id reported: 177438394; UID 1000; state: DISABLED
05-19 10:05:50.693  1239  1326 D CompatibilityChangeReporter: Compat change id reported: 135772972; UID 1000; state: DISABLED
05-19 10:05:50.693  1239  1326 D CompatibilityChangeReporter: Compat change id reported: 178038272; UID 1000; state: DISABLED
05-19 10:05:50.694  1239  1326 E AppOps  : Bad call made by uid 1000. Package "android" does not belong to uid 1037.
05-19 10:05:50.695  1239  1326 E AppOps  : Cannot checkOperation
05-19 10:05:50.695  1239  1326 E AppOps  : java.lang.SecurityException: Specified package "android" under uid 1037 but it is not
05-19 10:05:50.695  1239  1326 E AppOps  : 	at com.android.server.appop.AppOpsService.verifyAndGetBypass(AppOpsService.java:4773)
05-19 10:05:50.695  1239  1326 E AppOps  : 	at com.android.server.appop.AppOpsService.verifyAndGetBypass(AppOpsService.java:4621)
05-19 10:05:50.695  1239  1326 E AppOps  : 	at com.android.server.appop.AppOpsService.verifyAndGetBypass(AppOpsService.java:4613)
05-19 10:05:50.695  1239  1326 E AppOps  : 	at com.android.server.appop.AppOpsService.checkOperationUnchecked(AppOpsService.java:3267)
05-19 10:05:50.695  1239  1326 E AppOps  : 	at com.android.server.appop.AppOpsService.checkOperationImpl(AppOpsService.java:3250)
05-19 10:05:50.695  1239  1326 E AppOps  : 	at com.android.server.appop.AppOpsService.-$$Nest$mcheckOperationImpl(Unknown Source:0)
05-19 10:05:50.695  1239  1326 E AppOps  : 	at com.android.server.appop.AppOpsService$CheckOpsDelegateDispatcher.lambda$checkOperation$0(AppOpsService.java:7709)
05-19 10:05:50.695  1239  1326 E AppOps  : 	at com.android.server.appop.AppOpsService$CheckOpsDelegateDispatcher.$r8$lambda$KrwrxMLmGzFSEjEyo0aJ63o5J9E(Unknown Source:0)
05-19 10:05:50.695  1239  1326 E AppOps  : 	at com.android.server.appop.AppOpsService$CheckOpsDelegateDispatcher$$ExternalSyntheticLambda9.apply(Unknown Source:24)
05-19 10:05:50.695  1239  1326 E AppOps  : 	at com.android.server.policy.AppOpsPolicy.checkOperation(AppOpsPolicy.java:211)
05-19 10:05:50.695  1239  1326 E AppOps  : 	at com.android.server.appop.AppOpsService$CheckOpsDelegateDispatcher.checkOperation(AppOpsService.java:7708)
05-19 10:05:50.695  1239  1326 E AppOps  : 	at com.android.server.appop.AppOpsService.checkOperation(AppOpsService.java:3237)
05-19 10:05:50.695  1239  1326 E AppOps  : 	at com.android.server.StorageManagerService$StorageManagerInternalImpl.hasExternalStorageAccess(StorageManagerService.java:4875)
05-19 10:05:50.695  1239  1326 E AppOps  : 	at com.android.server.am.ProcessList.startProcessLocked(ProcessList.java:1713)
05-19 10:05:50.695  1239  1326 E AppOps  : 	at com.android.server.am.ProcessList.startProcessLocked(ProcessList.java:2401)
05-19 10:05:50.695  1239  1326 E AppOps  : 	at com.android.server.am.ProcessList.startProcessLocked(ProcessList.java:2541)
05-19 10:05:50.695  1239  1326 E AppOps  : 	at com.android.server.am.ActivityManagerService.startIsolatedProcess(ActivityManagerService.java:2822)
05-19 10:05:50.695  1239  1326 E AppOps  : 	at com.android.server.am.ActivityManagerService$LocalService.startIsolatedProcess(ActivityManagerService.java:16657)
05-19 10:05:50.695  1239  1326 E AppOps  : 	at android.webkit.WebViewLibraryLoader.createRelroFile(WebViewLibraryLoader.java:126)
05-19 10:05:50.695  1239  1326 E AppOps  : 	at android.webkit.WebViewLibraryLoader.createRelros(WebViewLibraryLoader.java:170)
05-19 10:05:50.695  1239  1326 E AppOps  : 	at android.webkit.WebViewLibraryLoader.prepareNativeLibraries(WebViewLibraryLoader.java:152)
05-19 10:05:50.695  1239  1326 E AppOps  : 	at android.webkit.WebViewFactory.onWebViewProviderChanged(WebViewFactory.java:555)
05-19 10:05:50.695  1239  1326 E AppOps  : 	at com.android.server.webkit.SystemImpl.onWebViewProviderChanged(SystemImpl.java:174)
05-19 10:05:50.695  1239  1326 E AppOps  : 	at com.android.server.webkit.WebViewUpdateServiceImpl.onWebViewProviderChanged(WebViewUpdateServiceImpl.java:351)
05-19 10:05:50.695  1239  1326 E AppOps  : 	at com.android.server.webkit.WebViewUpdateServiceImpl.prepareWebViewInSystemServer(WebViewUpdateServiceImpl.java:182)
05-19 10:05:50.695  1239  1326 E AppOps  : 	at com.android.server.webkit.WebViewUpdateService.prepareWebViewInSystemServer(WebViewUpdateService.java:129)
05-19 10:05:50.695  1239  1326 E AppOps  : 	at com.android.server.SystemServer.lambda$startOtherServices$3(SystemServer.java:2903)
05-19 10:05:50.695  1239  1326 E AppOps  : 	at com.android.server.SystemServer.$r8$lambda$nG7XwJlwV2eNiP3C-iTim-mbKmM(Unknown Source:0)
05-19 10:05:50.695  1239  1326 E AppOps  : 	at com.android.server.SystemServer$$ExternalSyntheticLambda6.run(Unknown Source:2)
05-19 10:05:50.695  1239  1326 E AppOps  : 	at com.android.server.SystemServerInitThreadPool.lambda$submitTask$0(SystemServerInitThreadPool.java:106)
05-19 10:05:50.695  1239  1326 E AppOps  : 	at com.android.server.SystemServerInitThreadPool.$r8$lambda$aGlXt69ihU44Qi7EB_RNeu8pnrY(Unknown Source:0)
05-19 10:05:50.695  1239  1326 E AppOps  : 	at com.android.server.SystemServerInitThreadPool$$ExternalSyntheticLambda0.run(Unknown Source:6)
05-19 10:05:50.695  1239  1326 E AppOps  : 	at java.util.concurrent.Executors$RunnableAdapter.call(Executors.java:463)
05-19 10:05:50.695  1239  1326 E AppOps  : 	at java.util.concurrent.FutureTask.run(FutureTask.java:264)
05-19 10:05:50.695  1239  1326 E AppOps  : 	at java.util.concurrent.ThreadPoolExecutor.runWorker(ThreadPoolExecutor.java:1137)
05-19 10:05:50.695  1239  1326 E AppOps  : 	at java.util.concurrent.ThreadPoolExecutor$Worker.run(ThreadPoolExecutor.java:637)
05-19 10:05:50.695  1239  1326 E AppOps  : 	at com.android.internal.util.ConcurrentUtils$1$1.run(ConcurrentUtils.java:65)
05-19 10:05:50.825  1239  1239 D SystemServerTiming: MakeConnectivityServiceReady
05-19 10:05:50.847  1239  1239 D SystemServerTiming: MakeVpnManagerServiceReady
05-19 10:05:50.854  1239  1239 D SystemServerTiming: MakeVcnManagementServiceReady
05-19 10:05:50.854  1239  1360 D CompatibilityChangeReporter: Compat change id reported: 218533173; UID 10471; state: ENABLED
05-19 10:05:50.856  1239  1360 D CompatibilityChangeReporter: Compat change id reported: 218533173; UID 10564; state: ENABLED
05-19 10:05:50.856  1239  1360 D CompatibilityChangeReporter: Compat change id reported: 218533173; UID 10442; state: ENABLED
05-19 10:05:50.857  1239  1360 D CompatibilityChangeReporter: Compat change id reported: 218533173; UID 10470; state: ENABLED
05-19 10:05:50.857  1239  1360 D CompatibilityChangeReporter: Compat change id reported: 218533173; UID 10531; state: ENABLED
05-19 10:05:50.858  1239  1360 D CompatibilityChangeReporter: Compat change id reported: 218533173; UID 10519; state: ENABLED
05-19 10:05:50.858  1239  1360 D CompatibilityChangeReporter: Compat change id reported: 218533173; UID 10451; state: ENABLED
05-19 10:05:50.858  1239  1360 D CompatibilityChangeReporter: Compat change id reported: 218533173; UID 10540; state: ENABLED
05-19 10:05:50.858  1239  1360 D CompatibilityChangeReporter: Compat change id reported: 218533173; UID 10487; state: ENABLED
05-19 10:05:50.858  1239  1239 D SystemServerTiming: MakeNetworkPolicyServiceReady
05-19 10:05:50.858  1239  1360 D CompatibilityChangeReporter: Compat change id reported: 218533173; UID 10556; state: ENABLED
05-19 10:05:50.859  1239  1360 D CompatibilityChangeReporter: Compat change id reported: 218533173; UID 10484; state: ENABLED
05-19 10:05:50.859  1239  1360 D CompatibilityChangeReporter: Compat change id reported: 218533173; UID 10477; state: ENABLED
05-19 10:05:50.859  1239  1375 I VcnManagementService: new snapshot: TelephonySubscriptionSnapshot{ mActiveDataSubId=-1, mSubIdToInfoMap={}, mSubIdToCarrierConfigMap={}, mPrivilegedPackages={} }
05-19 10:05:50.859  1239  1360 D CompatibilityChangeReporter: Compat change id reported: 218533173; UID 10520; state: ENABLED
05-19 10:05:50.859  1239  1360 D CompatibilityChangeReporter: Compat change id reported: 218533173; UID 10550; state: ENABLED
05-19 10:05:50.859  1239  1360 D CompatibilityChangeReporter: Compat change id reported: 218533173; UID 10537; state: ENABLED
05-19 10:05:50.860  1239  1360 D CompatibilityChangeReporter: Compat change id reported: 218533173; UID 10474; state: ENABLED
05-19 10:05:50.860  1239  1360 D CompatibilityChangeReporter: Compat change id reported: 218533173; UID 10462; state: ENABLED
05-19 10:05:50.860  1239  1360 D CompatibilityChangeReporter: Compat change id reported: 218533173; UID 10455; state: ENABLED
05-19 10:05:50.860  1239  1360 D CompatibilityChangeReporter: Compat change id reported: 218533173; UID 10535; state: ENABLED
05-19 10:05:50.861  1239  1360 D CompatibilityChangeReporter: Compat change id reported: 218533173; UID 10523; state: ENABLED
05-19 10:05:50.861  1239  1360 D CompatibilityChangeReporter: Compat change id reported: 218533173; UID 10482; state: ENABLED
05-19 10:05:50.861  1239  1360 D CompatibilityChangeReporter: Compat change id reported: 218533173; UID 10563; state: ENABLED
05-19 10:05:50.861  1239  1360 D CompatibilityChangeReporter: Compat change id reported: 218533173; UID 10534; state: ENABLED
05-19 10:05:50.861  1239  1360 D CompatibilityChangeReporter: Compat change id reported: 218533173; UID 10530; state: ENABLED
05-19 10:05:50.862  1239  1360 D CompatibilityChangeReporter: Compat change id reported: 218533173; UID 10568; state: ENABLED
05-19 10:05:50.913  1239  1239 D SystemServerTiming: PhaseThirdPartyAppsCanStart
05-19 10:05:50.913  1239  1239 I SystemServiceManager: Starting phase 600
05-19 10:05:50.913  1239  1239 D SystemServerTiming: OnBootPhase_600
05-19 10:05:50.913  1239  1239 D SystemServerTiming: OnBootPhase_600_com.android.server.security.FileIntegrityService
05-19 10:05:50.913  1239  1239 D SystemServerTiming: OnBootPhase_600_com.android.server.pm.Installer
05-19 10:05:50.913  1239  1239 D SystemServerTiming: OnBootPhase_600_com.android.server.os.DeviceIdentifiersPolicyService
05-19 10:05:50.913  1239  1239 D SystemServerTiming: OnBootPhase_600_com.android.server.uri.UriGrantsManagerService$Lifecycle
