05-20 13:40:48.698  1247  1323 D CompatibilityChangeReporter: Compat change id reported: 218533173; UID 10538; state: ENABLED
05-20 13:40:49.364  1247  2052 I ActivityTaskManager: START u0 {act=android.intent.action.MAIN cmp=com.android.phone/.settings.RadioInfo} from uid 1000
05-20 13:40:49.366  1247  2052 D CompatibilityChangeReporter: Compat change id reported: 265464455; UID 1001; state: DISABLED
05-20 13:40:49.367  1247  2052 D CompatibilityChangeReporter: Compat change id reported: 265452344; UID 1001; state: DISABLED
05-20 13:40:49.367  1247  2052 D CompatibilityChangeReporter: Compat change id reported: 266124927; UID 1001; state: DISABLED
05-20 13:40:49.367  1247  2052 D CompatibilityChangeReporter: Compat change id reported: 265451093; UID 1001; state: DISABLED
05-20 13:40:49.368  1247  2052 D CompatibilityChangeReporter: Compat change id reported: 265456536; UID 1001; state: DISABLED
05-20 13:40:49.368  1247  2052 D CompatibilityChangeReporter: Compat change id reported: 255940284; UID 1001; state: DISABLED
05-20 13:40:49.368  1247  2052 D CompatibilityChangeReporter: Compat change id reported: 236283604; UID 1001; state: DISABLED
05-20 13:40:49.368  1247  2052 D CompatibilityChangeReporter: Compat change id reported: 263959004; UID 1001; state: DISABLED
05-20 13:40:49.369  1247  2052 D CompatibilityChangeReporter: Compat change id reported: 264304459; UID 1001; state: DISABLED
05-20 13:40:49.369  1247  2052 D CompatibilityChangeReporter: Compat change id reported: 264301586; UID 1001; state: DISABLED
05-20 13:40:49.369  1247  2052 D CompatibilityChangeReporter: Compat change id reported: 254631730; UID 1001; state: DISABLED
05-20 13:40:49.369  1247  2052 D CompatibilityChangeReporter: Compat change id reported: 273509367; UID 1001; state: DISABLED
05-20 13:40:49.369  1247  2052 D CompatibilityChangeReporter: Compat change id reported: 263259275; UID 1001; state: DISABLED
05-20 13:40:49.401  1247  2052 D CompatibilityChangeReporter: Compat change id reported: 194480991; UID 1001; state: ENABLED
05-20 13:40:49.404  1247  2052 D CompatibilityChangeReporter: Compat change id reported: 174042980; UID 1001; state: DISABLED
05-20 13:40:49.405  1247  2052 D CompatibilityChangeReporter: Compat change id reported: 184838306; UID 1001; state: DISABLED
05-20 13:40:49.405  1247  2052 D CompatibilityChangeReporter: Compat change id reported: 185004937; UID 1001; state: DISABLED
05-20 13:40:49.405  1247  2052 D CompatibilityChangeReporter: Compat change id reported: 181136395; UID 1001; state: DISABLED
05-20 13:40:49.405  1247  2052 D CompatibilityChangeReporter: Compat change id reported: 174042936; UID 1001; state: DISABLED
05-20 13:40:49.415  1247  2052 I ActivityTaskManager: The Process com.android.phone Already Exists in BG. So sending its PID: 1686
05-20 13:40:49.561  1247  2052 D CoreBackPreview: Window{8bcaa2f u0 com.android.phone/com.android.phone.settings.RadioInfo}: Setting back callback OnBackInvokedCallbackInfo{mCallback=android.window.IOnBackInvokedCallback$Stub$Proxy@75c29c5, mPriority=0}
05-20 13:40:49.822  1247  2593 D CompatibilityChangeReporter: Compat change id reported: 214016041; UID 1001; state: ENABLED
05-20 13:40:49.823  1247  2593 D CompatibilityChangeReporter: Compat change id reported: 214016041; UID 1001; state: DISABLED
05-20 13:40:50.450  1446  1522 D ShellBackPreview: Finishing gesture with event action: 1
05-20 13:40:50.450  1446  1522 D ShellBackPreview: onGestureFinished() mTriggerBack == false
05-20 13:40:50.450  1446  1522 D ShellBackPreview: BackAnimationController: finishAnimation()
05-20 13:40:50.505  1247  2593 D CoreBackPreview: Window{52d55da u0 PopupWindow:4dfa69c}: Setting back callback OnBackInvokedCallbackInfo{mCallback=android.window.IOnBackInvokedCallback$Stub$Proxy@b1af5a6, mPriority=0}
05-20 13:40:51.577  1247  4832 D CoreBackPreview: Window{1e1137e u0 com.android.phone/com.android.phone.settings.RadioInfo}: Setting back callback OnBackInvokedCallbackInfo{mCallback=android.window.IOnBackInvokedCallback$Stub$Proxy@7f6e98a, mPriority=0}
05-20 13:40:51.949  1247  4832 D CoreBackPreview: Window{52d55da u0 PopupWindow:4dfa69c}: Setting back callback null
05-20 13:40:53.640  1247  2052 D OomAdjuster: Not killing cached processes
05-20 13:40:58.784  1247  2652 D OomAdjuster: Not killing cached processes
05-20 13:40:59.324  1247  3712 I Telecom : InCallController: Sending updateCall [Call id=TC@2, state=DIALING, tpac=ComponentInfo{com.android.phone/com.android.services.telephony.TelephonyConnectionService}, 2, UserHandle{0}, cmgr=ComponentInfo{com.android.phone/com.android.services.telephony.TelephonyConnectionService}, 2, UserHandle{0}, handle=tel:**********, vidst=A, childs(0), has_parent(false), cap=[ sup_hld mut], prop=[]], voip=false: CSW.sSH(cap)@Aj4
05-20 13:40:59.325  1247  3712 I Telecom : InCallController: Components updated: [ComponentInfo{com.google.android.googlequicksearchbox/com.google.android.libraries.search.assistant.incallservice.IncomingCallInCallService}, ComponentInfo{com.google.android.as/com.google.android.apps.miphone.aiai.captions.tulip.audiosource.impl.CIS}, ComponentInfo{com.google.android.dialer/com.android.incallui.InCallServiceImpl}, ComponentInfo{com.google.android.gms/com.google.android.gms.bankscamwarning.services.BankScamCallDetectionService}]: CSW.sSH(cap)@Aj4
05-20 13:40:59.326  1247  3712 I Telecom : CallsManager: setCallState DIALING -> DISCONNECTED, call: [Call id=TC@2, state=DIALING, tpac=ComponentInfo{com.android.phone/com.android.services.telephony.TelephonyConnectionService}, 2, UserHandle{0}, cmgr=ComponentInfo{com.android.phone/com.android.services.telephony.TelephonyConnectionService}, 2, UserHandle{0}, handle=tel:**********, vidst=A, childs(0), has_parent(false), cap=[ sup_hld mut], prop=[]], voip=false: CSW.sDc(cap)@Aj8
05-20 13:40:59.326  1247  3712 I Telecom : Event: RecordEntry TC@2: SET_DISCONNECTED, disconnected set explicitly> DisconnectCause [ Code: (ERROR) Label: (Server unreachable) Description: () Reason: (SERVER_UNREACHABLE) Tone: (27)  TelephonyCause: 9/-1 ImsReasonInfo: null]: CSW.sDc(cap)@Aj8
05-20 13:40:59.327  1247  3712 I Telecom : InCallController: onCanAddCallChanged : true: CSW.sDc(cap)@Aj8
05-20 13:40:59.327  1247  3712 I Telecom : TelecomWakeLock: WakeLock already released with id: 26: CSW.sDc(cap)@Aj8
05-20 13:40:59.327  1247  3712 I Telecom : InCallWakeLockController: Releasing full wake lock: CSW.sDc(cap)@Aj8
05-20 13:40:59.347  1247  3712 I Telecom : InCallController: Sending updateCall [Call id=TC@2, state=DISCONNECTED, tpac=ComponentInfo{com.android.phone/com.android.services.telephony.TelephonyConnectionService}, 2, UserHandle{0}, cmgr=ComponentInfo{com.android.phone/com.android.services.telephony.TelephonyConnectionService}, 2, UserHandle{0}, handle=tel:**********, vidst=A, childs(0), has_parent(false), cap=[ sup_hld mut], prop=[]], voip=false: CSW.sDc(cap)@Aj8
05-20 13:40:59.352  1247  3712 I Telecom : InCallController: Components updated: [ComponentInfo{com.google.android.googlequicksearchbox/com.google.android.libraries.search.assistant.incallservice.IncomingCallInCallService}, ComponentInfo{com.google.android.as/com.google.android.apps.miphone.aiai.captions.tulip.audiosource.impl.CIS}, ComponentInfo{com.google.android.dialer/com.android.incallui.InCallServiceImpl}, ComponentInfo{com.google.android.gms/com.google.android.gms.bankscamwarning.services.BankScamCallDetectionService}]: CSW.sDc(cap)@Aj8
05-20 13:40:59.354  1247  1839 I Telecom : CallAudioRouteStateMachine: Message received: UPDATE_SYSTEM_AUDIO_ROUTE=1201, arg1=0: CSW.sDc->CARSM.pM_UPDATE_SYSTEM_AUDIO_ROUTE(cap)@Aj8
05-20 13:40:59.354  1247  1839 I Telecom : ActiveSpeakerRoute: Processing message UPDATE_SYSTEM_AUDIO_ROUTE: CSW.sDc->CARSM.pM_UPDATE_SYSTEM_AUDIO_ROUTE(cap)@Aj8
05-20 13:40:59.354  1247  1839 I Telecom : BluetoothRouteManager: getBluetoothAudioConnectedDevice: no service available.: CSW.sDc->CARSM.pM_UPDATE_SYSTEM_AUDIO_ROUTE(cap)@Aj8
05-20 13:40:59.359  1247  3712 I Telecom : InCallTonePlayer: startTone: skip end-call tone as device is silenced.: CSW.sDc(cap)@Aj8
05-20 13:40:59.360  1247  1844 I Telecom : CallAudioModeStateMachine: Message received: NO_MORE_ACTIVE_OR_DIALING_CALLS.: CSW.sDc->CAMSM.pM_1001(cap)@Aj8
05-20 13:40:59.360  1247  1844 I Telecom : CallAudioModeStateMachine: Audio focus entering UNFOCUSED state: CSW.sDc->CAMSM.pM_1001(cap)@Aj8
05-20 13:40:59.369  1247  2652 D SystemServerTiming: getUserSwitchability-0
05-20 13:40:59.369  1247  2652 D SystemServerTiming: TM.isInCall
05-20 13:40:59.376  1247  1280 W BroadcastQueue: Permission Denial: receiving Intent { act=android.intent.action.PHONE_STATE flg=0x1000010 (has extras) } to tw.nekomimi.nekogram/org.telegram.messenger.CallReceiver requires android.permission.READ_PRIVILEGED_PHONE_STATE due to sender android (uid 1000)
05-20 13:40:59.378  1247  3712 I Telecom : PhoneStateBroadcaster: Broadcasted state change: 0: CSW.sDc(cap)@Aj8
05-20 13:40:59.378  1247  3712 I Telecom : IncomingCallNotifier: updateIncomingCall: foundIncomingcall = null: CSW.sDc(cap)@Aj8
05-20 13:40:59.384  1247  1280 W BroadcastQueue: Permission Denial: receiving Intent { act=android.intent.action.PHONE_STATE flg=0x1000010 (has extras) } to ProcessRecord{5583808 1446:com.android.systemui/u0a499} (pid=1446, uid=10499) requires android.permission.READ_CALL_LOG due to sender android (uid 1000)
05-20 13:40:59.384  1247  1280 W BroadcastQueue: Permission Denial: receiving Intent { act=android.intent.action.PHONE_STATE flg=0x1000010 (has extras) } to ProcessRecord{5583808 1446:com.android.systemui/u0a499} (pid=1446, uid=10499) requires android.permission.READ_CALL_LOG due to sender android (uid 1000)
05-20 13:40:59.388  1247  1280 W BroadcastQueue: Permission Denial: receiving Intent { act=android.intent.action.PHONE_STATE flg=0x1000010 (has extras) } to tw.nekomimi.nekogram/org.telegram.messenger.CallReceiver requires android.permission.READ_PHONE_STATE due to sender android (uid 1000)
05-20 13:40:59.389  1247  1280 W BroadcastQueue: Permission Denial: receiving Intent { act=android.intent.action.PHONE_STATE flg=0x1000010 (has extras) } to tw.nekomimi.nekogram/org.telegram.messenger.CallReceiver requires android.permission.READ_PHONE_STATE due to sender android (uid 1000)
05-20 13:40:59.396  1247  3712 I Telecom : Event: RecordEntry TC@2: CONF_CALLS_CHANGED, : CSW.sCC(cap)@AkI
05-20 13:40:59.396  1247  3712 I Telecom : InCallController: Sending updateCall [Call id=TC@2, state=DISCONNECTED, tpac=ComponentInfo{com.android.phone/com.android.services.telephony.TelephonyConnectionService}, 2, UserHandle{0}, cmgr=ComponentInfo{com.android.phone/com.android.services.telephony.TelephonyConnectionService}, 2, UserHandle{0}, handle=tel:**********, vidst=A, childs(0), has_parent(false), cap=[ sup_hld mut], prop=[]], voip=false: CSW.sCC(cap)@AkI
05-20 13:40:59.398  1247  3712 I Telecom : InCallController: Components updated: [ComponentInfo{com.google.android.googlequicksearchbox/com.google.android.libraries.search.assistant.incallservice.IncomingCallInCallService}, ComponentInfo{com.google.android.as/com.google.android.apps.miphone.aiai.captions.tulip.audiosource.impl.CIS}, ComponentInfo{com.google.android.dialer/com.android.incallui.InCallServiceImpl}, ComponentInfo{com.google.android.gms/com.google.android.gms.bankscamwarning.services.BankScamCallDetectionService}]: CSW.sCC(cap)@AkI
05-20 13:40:59.399  1247  1839 I Telecom : CallAudioRouteStateMachine: setSystemAudioState: changing from [AudioState isMuted: false, route: SPEAKER, supportedRouteMask: EARPIECE, SPEAKER, activeBluetoothDevice: [null], supportedBluetoothDevices: []] to [AudioState isMuted: false, route: SPEAKER, supportedRouteMask: EARPIECE, SPEAKER, activeBluetoothDevice: [null], supportedBluetoothDevices: []]: CSW.sDc->CARSM.pM_UPDATE_SYSTEM_AUDIO_ROUTE(cap)@Aj8
05-20 13:40:59.399  1247  1839 I Telecom : InCallController: Calling onAudioStateChanged, audioState: [AudioState isMuted: false, route: SPEAKER, supportedRouteMask: EARPIECE, SPEAKER, activeBluetoothDevice: [null], supportedBluetoothDevices: []] -> [AudioState isMuted: false, route: SPEAKER, supportedRouteMask: EARPIECE, SPEAKER, activeBluetoothDevice: [null], supportedBluetoothDevices: []]: CSW.sDc->CARSM.pM_UPDATE_SYSTEM_AUDIO_ROUTE(cap)@Aj8
05-20 13:40:59.401  1247  1839 I Telecom : CallAudioRouteStateMachine: Message received: SWITCH_FOCUS=4001, arg1=1: CSW.sDc->CAMSM.pM_1001->CARSM.pM_SWITCH_FOCUS(cap)@Aj8
05-20 13:40:59.401  1247  1839 I Telecom : ActiveSpeakerRoute: Processing message SWITCH_FOCUS: CSW.sDc->CAMSM.pM_1001->CARSM.pM_SWITCH_FOCUS(cap)@Aj8
05-20 13:40:59.401  1247  1685 I Telecom : VideoProviderProxy: VP->IC (callId=TC@2): handleCallSessionEvent: UNKNOWN 1008
05-20 13:40:59.401  1247  1839 I Telecom : CallAudioRouteStateMachine: turning speaker phone false: CSW.sDc->CAMSM.pM_1001->CARSM.pM_SWITCH_FOCUS(cap)@Aj8
05-20 13:40:59.402  1247  2652 D SystemServerTiming: hasUserRestriction-DISALLOW_USER_SWITCH
05-20 13:40:59.402  1247  2652 D SystemServerTiming: getInt-ALLOW_USER_SWITCHING_WHEN_SYSTEM_USER_LOCKED
05-20 13:40:59.402  1247  2652 D SystemServerTiming: isUserUnlocked-USER_SYSTEM
05-20 13:40:59.402  1247  3712 I Telecom : Event: RecordEntry TC@2: CONF_CALLS_CHANGED, : CSW.sCC(cap)@AkM
05-20 13:40:59.402  1247  3712 I Telecom : InCallController: Sending updateCall [Call id=TC@2, state=DISCONNECTED, tpac=ComponentInfo{com.android.phone/com.android.services.telephony.TelephonyConnectionService}, 2, UserHandle{0}, cmgr=ComponentInfo{com.android.phone/com.android.services.telephony.TelephonyConnectionService}, 2, UserHandle{0}, handle=tel:**********, vidst=A, childs(0), has_parent(false), cap=[ sup_hld mut], prop=[]], voip=false: CSW.sCC(cap)@AkM
05-20 13:40:59.402  1247  1839 I Telecom : Logging.Events: Non-call EVENT: UNMUTE, null: CSW.sDc->CAMSM.pM_1001->CARSM.pM_SWITCH_FOCUS(cap)@Aj8
05-20 13:40:59.402  1247  1839 I Telecom : Logging.Events: Non-call EVENT: AUDIO_ROUTE, Leaving state ActiveSpeakerRoute: CSW.sDc->CAMSM.pM_1001->CARSM.pM_SWITCH_FOCUS(cap)@Aj8
05-20 13:40:59.403  1247  1839 I Telecom : Logging.Events: Non-call EVENT: AUDIO_ROUTE, Entering state QuiescentEarpieceRoute: CSW.sDc->CAMSM.pM_1001->CARSM.pM_SWITCH_FOCUS(cap)@Aj8
05-20 13:40:59.403  1247  1839 I Telecom : BluetoothRouteManager: getBluetoothAudioConnectedDevice: no service available.: CSW.sDc->CAMSM.pM_1001->CARSM.pM_SWITCH_FOCUS(cap)@Aj8
05-20 13:40:59.404  1247  1844 I Telecom : CallAudioModeStateMachine: Message received: AUDIO_OPERATIONS_COMPLETE.: CSW.sDc->CAMSM.pM_1001->CARSM.pM_SWITCH_FOCUS->CAMSM.pM_6001(cap)@Aj8
05-20 13:40:59.404  1247  3712 I Telecom : InCallController: Components updated: [ComponentInfo{com.google.android.googlequicksearchbox/com.google.android.libraries.search.assistant.incallservice.IncomingCallInCallService}, ComponentInfo{com.google.android.as/com.google.android.apps.miphone.aiai.captions.tulip.audiosource.impl.CIS}, ComponentInfo{com.google.android.dialer/com.android.incallui.InCallServiceImpl}, ComponentInfo{com.google.android.gms/com.google.android.gms.bankscamwarning.services.BankScamCallDetectionService}]: CSW.sCC(cap)@AkM
05-20 13:40:59.405  1247  3712 I Telecom : CallsManager: markCallAsRemoved; callid=TC@2, immediate.: CSW.rC(cap)@AkQ
05-20 13:40:59.406  1247  1247 I Telecom : ConnectionServiceWrapper: Service unbound ComponentInfo{com.android.phone/com.android.services.telephony.TelephonyConnectionService}, from unbind.: CSW.rC->CM.pR(cap)@AkQ
05-20 13:40:59.406  1247  1844 I Telecom : CallAudioModeStateMachine: Abandoning audio focus: now UNFOCUSED: CSW.sDc->CAMSM.pM_1001->CARSM.pM_SWITCH_FOCUS->CAMSM.pM_6001(cap)@Aj8
05-20 13:40:59.409  1247  1247 I Telecom : CallsManager: handleConnectionServiceDeath: service [ConnectionServiceWrapper componentName=ComponentInfo{com.android.phone/com.android.services.telephony.TelephonyConnectionService}] died: CSW.rC->CM.pR(cap)@AkQ
05-20 13:40:59.409  1247  1247 I Telecom : Event: RecordEntry TC@2: DESTROYED, null: CSW.rC->CM.pR(cap)@AkQ
05-20 13:40:59.410  1247  1247 I Telecom : TelecomWakeLock: WakeLock already released with id: 26: CSW.rC->CM.pR(cap)@AkQ
05-20 13:40:59.410  1247  1247 I Telecom : InCallWakeLockController: Releasing full wake lock: CSW.rC->CM.pR(cap)@AkQ
05-20 13:40:59.410  1247  1247 I Telecom : InCallController: onCallRemoved: [Call id=TC@2, state=DISCONNECTED, tpac=ComponentInfo{com.android.phone/com.android.services.telephony.TelephonyConnectionService}, 2, UserHandle{0}, cmgr=ComponentInfo{com.android.phone/com.android.services.telephony.TelephonyConnectionService}, 2, UserHandle{0}, handle=tel:**********, vidst=A, childs(0), has_parent(false), cap=[ sup_hld mut], prop=[]], voip=false: CSW.rC->CM.pR(cap)@AkQ
05-20 13:40:59.410  1247  1247 I Telecom : InCallController: onSetCamera callId=TC@2, cameraId=null: CSW.rC->CM.pR(cap)@AkQ
05-20 13:40:59.410  1247  1247 W Telecom : CallDiagnosticServiceController: maybeUnbindCallScreeningService - already unbound: CSW.rC->CM.pR(cap)@AkQ
05-20 13:40:59.411  1247  1247 I Telecom : ProximitySensorManager: All calls removed, resetting proximity sensor to default state: CSW.rC->CM.pR(cap)@AkQ
05-20 13:40:59.411  1247  1247 I Telecom : TelecomWakeLock: WakeLock already released with id: 32: CSW.rC->CM.pR(cap)@AkQ
05-20 13:40:59.411  1247  1247 I Telecom : IncomingCallNotifier: updateIncomingCall: foundIncomingcall = null: CSW.rC->CM.pR(cap)@AkQ
05-20 13:40:59.417  1247  2652 D SystemServerTiming: getUserSwitchability-0
05-20 13:40:59.417  1247  2652 D SystemServerTiming: TM.isInCall
05-20 13:40:59.430  1247  6390 I Telecom : PhoneAccountRegistrar: getSimCallManager: SimCallManager for subId 2 queried, returning: null
05-20 13:40:59.431  1247  2652 D SystemServerTiming: hasUserRestriction-DISALLOW_USER_SWITCH
05-20 13:40:59.431  1247  2652 D SystemServerTiming: getInt-ALLOW_USER_SWITCHING_WHEN_SYSTEM_USER_LOCKED
05-20 13:40:59.431  1247  2652 D SystemServerTiming: isUserUnlocked-USER_SYSTEM
05-20 13:40:59.511  1247  2052 I ActivityManager: Killing 2909:com.google.android.googlequicksearchbox:search/u0a461 (adj 0): remove task
05-20 13:40:59.530  1247  1280 D CompatibilityChangeReporter: Compat change id reported: 168419799; UID 10407; state: DISABLED
05-20 13:40:59.530  1247  1280 D CompatibilityChangeReporter: Compat change id reported: 273564678; UID 10407; state: DISABLED
05-20 13:40:59.633  1247  2593 W ActivityManager: Scheduling restart of crashed service com.google.android.googlequicksearchbox/com.google.android.apps.gsa.nowoverlayservice.DrawerOverlayService in 1000ms for connection
05-20 13:40:59.846  1247  1839 I Telecom : CallAudioRouteStateMachine: Message received: SPEAKER_OFF=1007, arg1=0: CARSM.mSPCR->CARSM.pM_SPEAKER_OFF@Alo
05-20 13:40:59.846  1247  1839 I Telecom : QuiescentEarpieceRoute: Processing message SPEAKER_OFF: CARSM.mSPCR->CARSM.pM_SPEAKER_OFF@Alo
05-20 13:41:00.973  1247  1353 W ActivityManager: Unable to start service Intent { cmp=com.google.android.turboadapter/.GoogleBatteryService } U=0: not found
05-20 13:41:00.974  1247  1431 W ActivityManager: Unable to start service Intent { cmp=com.google.android.turboadapter/.GoogleBatteryService } U=0: not found
05-20 13:41:00.979  2799  2799 E ActivityThread: Service com.google.android.apps.turbo.deadline.library.DeadlineUpdateJobService has leaked ServiceConnection aut@e218655 that was originally bound here
05-20 13:41:00.979  2799  2799 E ActivityThread: android.app.ServiceConnectionLeaked: Service com.google.android.apps.turbo.deadline.library.DeadlineUpdateJobService has leaked ServiceConnection aut@e218655 that was originally bound here
05-20 13:41:00.979  2799  2799 E ActivityThread: 	at android.app.LoadedApk$ServiceDispatcher.<init>(LoadedApk.java:2045)
05-20 13:41:00.979  2799  2799 E ActivityThread: 	at android.app.LoadedApk.getServiceDispatcherCommon(LoadedApk.java:1917)
05-20 13:41:00.979  2799  2799 E ActivityThread: 	at android.app.LoadedApk.getServiceDispatcher(LoadedApk.java:1896)
05-20 13:41:00.979  2799  2799 E ActivityThread: 	at android.app.ContextImpl.bindServiceCommon(ContextImpl.java:2027)
05-20 13:41:00.979  2799  2799 E ActivityThread: 	at android.app.ContextImpl.bindService(ContextImpl.java:1957)
05-20 13:41:00.979  2799  2799 E ActivityThread: 	at android.content.ContextWrapper.bindService(ContextWrapper.java:853)
05-20 13:41:00.979  2799  2799 E ActivityThread: 	at aup.a(PG:16)
05-20 13:41:00.979  2799  2799 E ActivityThread: 	at hu.b(PG:3)
05-20 13:41:00.979  2799  2799 E ActivityThread: 	at com.google.android.apps.turbo.deadline.library.DeadlineUpdateJobService.c(PG:2)
05-20 13:41:00.979  2799  2799 E ActivityThread: 	at atm.run(PG:68)
05-20 13:41:00.979  2799  2799 E ActivityThread: 	at java.util.concurrent.Executors$RunnableAdapter.call(Executors.java:463)
05-20 13:41:00.979  2799  2799 E ActivityThread: 	at dpi.a(PG:1)
05-20 13:41:00.979  2799  2799 E ActivityThread: 	at dor.run(PG:4)
05-20 13:41:00.979  2799  2799 E ActivityThread: 	at dpj.run(PG:1)
05-20 13:41:00.979  2799  2799 E ActivityThread: 	at java.util.concurrent.ThreadPoolExecutor.runWorker(ThreadPoolExecutor.java:1137)
05-20 13:41:00.979  2799  2799 E ActivityThread: 	at java.util.concurrent.ThreadPoolExecutor$Worker.run(ThreadPoolExecutor.java:637)
05-20 13:41:00.979  2799  2799 E ActivityThread: 	at java.lang.Thread.run(Thread.java:1012)
05-20 13:41:00.980  1247  2593 W ActivityManager: Unbind failed: could not find connection for android.os.BinderProxy@1e3efb1
05-20 13:41:00.985  2799  2799 E ActivityThread: Service com.google.android.apps.turbo.deadline.library.BatteryFlagService has leaked ServiceConnection aut@635515b that was originally bound here
05-20 13:41:00.985  2799  2799 E ActivityThread: android.app.ServiceConnectionLeaked: Service com.google.android.apps.turbo.deadline.library.BatteryFlagService has leaked ServiceConnection aut@635515b that was originally bound here
05-20 13:41:00.985  2799  2799 E ActivityThread: 	at android.app.LoadedApk$ServiceDispatcher.<init>(LoadedApk.java:2045)
05-20 13:41:00.985  2799  2799 E ActivityThread: 	at android.app.LoadedApk.getServiceDispatcherCommon(LoadedApk.java:1917)
05-20 13:41:00.985  2799  2799 E ActivityThread: 	at android.app.LoadedApk.getServiceDispatcher(LoadedApk.java:1896)
05-20 13:41:00.985  2799  2799 E ActivityThread: 	at android.app.ContextImpl.bindServiceCommon(ContextImpl.java:2027)
05-20 13:41:00.985  2799  2799 E ActivityThread: 	at android.app.ContextImpl.bindService(ContextImpl.java:1957)
05-20 13:41:00.985  2799  2799 E ActivityThread: 	at android.content.ContextWrapper.bindService(ContextWrapper.java:853)
05-20 13:41:00.985  2799  2799 E ActivityThread: 	at aup.a(PG:9)
05-20 13:41:00.985  2799  2799 E ActivityThread: 	at hu.b(PG:3)
05-20 13:41:00.985  2799  2799 E ActivityThread: 	at com.google.android.apps.turbo.deadline.library.BatteryFlagService.c(PG:1)
05-20 13:41:00.985  2799  2799 E ActivityThread: 	at atm.run(PG:85)
05-20 13:41:00.985  2799  2799 E ActivityThread: 	at java.util.concurrent.Executors$RunnableAdapter.call(Executors.java:463)
05-20 13:41:00.985  2799  2799 E ActivityThread: 	at dpi.a(PG:1)
05-20 13:41:00.985  2799  2799 E ActivityThread: 	at dor.run(PG:4)
05-20 13:41:00.985  2799  2799 E ActivityThread: 	at dpj.run(PG:1)
05-20 13:41:00.985  2799  2799 E ActivityThread: 	at java.util.concurrent.ThreadPoolExecutor.runWorker(ThreadPoolExecutor.java:1137)
05-20 13:41:00.985  2799  2799 E ActivityThread: 	at java.util.concurrent.ThreadPoolExecutor$Worker.run(ThreadPoolExecutor.java:637)
05-20 13:41:00.985  2799  2799 E ActivityThread: 	at java.lang.Thread.run(Thread.java:1012)
05-20 13:41:00.988  1247  2594 W ActivityManager: Unbind failed: could not find connection for android.os.BinderProxy@88be017
05-20 13:41:00.995  1247  1247 D CompatibilityChangeReporter: Compat change id reported: 135634846; UID 10524; state: DISABLED
05-20 13:41:00.995  1247  1247 D CompatibilityChangeReporter: Compat change id reported: 177438394; UID 10524; state: DISABLED
05-20 13:41:00.995  1247  1247 D CompatibilityChangeReporter: Compat change id reported: 135772972; UID 10524; state: DISABLED
05-20 13:41:00.995  1247  1247 D CompatibilityChangeReporter: Compat change id reported: 135754954; UID 10524; state: ENABLED
05-20 13:41:00.996  1247  1281 D CompatibilityChangeReporter: Compat change id reported: 143937733; UID 10524; state: ENABLED
05-20 13:41:01.014  1247  1281 I ActivityManager: Start proc 7365:com.google.android.youtube/u0a524 for service {com.google.android.youtube/androidx.work.impl.background.systemjob.SystemJobService}
05-20 13:41:01.411  1247  1247 I Telecom : InCallController: CSICSC: disconnect com.android.server.telecom.InCallController$EmergencyInCallServiceConnection@18d292a: CSW.rC->CM.pR->ICC.oCR(cap)@AkQ
05-20 13:41:01.411  1247  1247 I Telecom : EmergencyInCallServiceConnection: Disconnecting from InCallService: CSW.rC->CM.pR->ICC.oCR(cap)@AkQ
05-20 13:41:01.412  1247  1247 I Telecom : InCallController: ICSBC#disconnect: unbinding after 27974 ms;[ComponentInfo{com.google.android.dialer/com.android.incallui.InCallServiceImpl} supportsExternal? false supportsSelfMg?false]. isCrashed: false: CSW.rC->CM.pR->ICC.oCR(cap)@AkQ
05-20 13:41:01.417  1247  1247 W Telecom : Call: maybeOnInCallServiceTrackingChanged() request on a call without a connection service.: CSW.rC->CM.pR->ICC.oCR(cap)@AkQ
05-20 13:41:01.417  1247  1247 I Telecom : InCallController: onDisconnected from ComponentInfo{com.google.android.dialer/com.android.incallui.InCallServiceImpl}: CSW.rC->CM.pR->ICC.oCR(cap)@AkQ
05-20 13:41:01.417  1247  1247 I Telecom : InCallController: trackCallingUserInterfaceStopped: com.google.android.dialer is no longer calling UX: CSW.rC->CM.pR->ICC.oCR(cap)@AkQ
05-20 13:41:01.417  1247  1247 I Telecom : InCallController: ICSBC#disconnect: unbinding after 27975 ms;[ComponentInfo{com.google.android.as/com.google.android.apps.miphone.aiai.captions.tulip.audiosource.impl.CIS} supportsExternal? false supportsSelfMg?false]. isCrashed: false: CSW.rC->CM.pR->ICC.oCR(cap)@AkQ
05-20 13:41:01.422  1247  1247 W Telecom : Call: maybeOnInCallServiceTrackingChanged() request on a call without a connection service.: CSW.rC->CM.pR->ICC.oCR(cap)@AkQ
05-20 13:41:01.422  1247  1247 I Telecom : InCallController: onDisconnected from ComponentInfo{com.google.android.as/com.google.android.apps.miphone.aiai.captions.tulip.audiosource.impl.CIS}: CSW.rC->CM.pR->ICC.oCR(cap)@AkQ
05-20 13:41:01.422  1247  1247 I Telecom : InCallController: ICSBC#disconnect: unbinding after 27977 ms;[ComponentInfo{com.google.android.gms/com.google.android.gms.bankscamwarning.services.BankScamCallDetectionService} supportsExternal? false supportsSelfMg?false]. isCrashed: false: CSW.rC->CM.pR->ICC.oCR(cap)@AkQ
05-20 13:41:01.425  1247  1247 W Telecom : Call: maybeOnInCallServiceTrackingChanged() request on a call without a connection service.: CSW.rC->CM.pR->ICC.oCR(cap)@AkQ
05-20 13:41:01.427  1247  1247 I Telecom : InCallController: onDisconnected from ComponentInfo{com.google.android.gms/com.google.android.gms.bankscamwarning.services.BankScamCallDetectionService}: CSW.rC->CM.pR->ICC.oCR(cap)@AkQ
05-20 13:41:01.427  1247  1247 I Telecom : InCallController: ICSBC#disconnect: unbinding after 27973 ms;[ComponentInfo{com.google.android.googlequicksearchbox/com.google.android.libraries.search.assistant.incallservice.IncomingCallInCallService} supportsExternal? false supportsSelfMg?false]. isCrashed: false: CSW.rC->CM.pR->ICC.oCR(cap)@AkQ
05-20 13:41:01.431  1247  1247 W Telecom : Call: maybeOnInCallServiceTrackingChanged() request on a call without a connection service.: CSW.rC->CM.pR->ICC.oCR(cap)@AkQ
05-20 13:41:01.431  1247  1247 I Telecom : InCallController: onDisconnected from ComponentInfo{com.google.android.googlequicksearchbox/com.google.android.libraries.search.assistant.incallservice.IncomingCallInCallService}: CSW.rC->CM.pR->ICC.oCR(cap)@AkQ
05-20 13:41:01.580  1247  2593 D CompatibilityChangeReporter: Compat change id reported: 161252188; UID 10446; state: DISABLED
05-20 13:41:01.683  1247  1431 D CompatibilityChangeReporter: Compat change id reported: 161145287; UID 10524; state: DISABLED
05-20 13:41:01.790  1247  2593 W JobScheduler: Job didn't exist in JobStore: 14b4b12 #u0a524/13490 com.google.android.youtube/androidx.work.impl.background.systemjob.SystemJobService
05-20 13:41:01.842  1247  1431 D CompatibilityChangeReporter: Compat change id reported: 194532703; UID 10524; state: ENABLED
05-20 13:41:02.064  1247  1280 W BroadcastQueue: Exported Denial: sending Intent { act=android.net.conn.CONNECTIVITY_CHANGE flg=0x4200010 (has extras) }, action: android.net.conn.CONNECTIVITY_CHANGE from null (uid=-1) due to receiver ProcessRecord{b81d5a5 7365:com.google.android.youtube/u0a524} (uid 10524) not specifying RECEIVER_EXPORTED
05-20 13:41:03.791  1247  3158 D OomAdjuster: Not killing cached processes
05-20 13:41:04.657  1247  1431 D CompatibilityChangeReporter: Compat change id reported: 149924527; UID 10468; state: ENABLED
05-20 13:41:04.658  1247  1431 D CompatibilityChangeReporter: Compat change id reported: 132649864; UID 10468; state: DISABLED
05-20 13:41:05.031  1247  2593 D CompatibilityChangeReporter: Compat change id reported: 135634846; UID 10468; state: DISABLED
05-20 13:41:05.031  1247  1281 D CompatibilityChangeReporter: Compat change id reported: 143937733; UID 10468; state: ENABLED
05-20 13:41:05.043  1247  1281 I ActivityManager: Start proc 7519:com.android.chrome:privileged_process0/u0a468 for service {com.android.chrome/org.chromium.content.app.PrivilegedProcessService0}
05-20 13:41:05.079  1247  2593 D CoreBackPreview: Window{1e1137e u0 com.android.phone/com.android.phone.settings.RadioInfo}: Setting back callback null
05-20 13:41:05.105  1247  1273 V WindowManager: Unknown focus tokens, dropping reportFocusChanged
05-20 13:41:05.443  1247  1353 D CompatibilityChangeReporter: Compat change id reported: 135634846; UID 90000; state: DISABLED
05-20 13:41:05.443  1247  1281 D CompatibilityChangeReporter: Compat change id reported: 143937733; UID 10468; state: ENABLED
05-20 13:41:05.447  1247  1281 D CompatibilityChangeReporter: Compat change id reported: 135634846; UID 10468; state: DISABLED
05-20 13:41:05.584  1247  1281 W ActivityManager: Slow operation: 141ms so far, now at startProcess: returned from zygote!
05-20 13:41:05.585  1247  1281 W ActivityManager: Slow operation: 142ms so far, now at startProcess: done updating battery stats
05-20 13:41:05.585  1247  1281 W ActivityManager: Slow operation: 142ms so far, now at startProcess: building log message
05-20 13:41:05.585  1247  1281 I ActivityManager: Start proc 7588:com.android.chrome:sandboxed_process0:org.chromium.content.app.SandboxedProcessService0:0/u0ai0 for  {com.android.chrome/org.chromium.content.app.SandboxedProcessService0:0}
05-20 13:41:05.585  1247  1281 W ActivityManager: Slow operation: 142ms so far, now at startProcess: starting to update pids map
05-20 13:41:05.585  1247  1281 W ActivityManager: Slow operation: 142ms so far, now at startProcess: done updating pids map
05-20 13:41:06.029  1247  2593 D CompatibilityChangeReporter: Compat change id reported: 182734110; UID 10468; state: ENABLED
05-20 13:41:06.742   444  5085 E keystore2: keystore2::error: In generate_key.
05-20 13:41:06.742   444  5085 E keystore2: 
05-20 13:41:06.742   444  5085 E keystore2: Caused by:
05-20 13:41:06.742   444  5085 E keystore2:     0: While generating Key without explicit attestation key.
05-20 13:41:06.742   444  5085 E keystore2:     1: Error::Km(ErrorCode(-1000))
05-20 13:41:07.638  1446  1522 D ShellBackPreview: initAnimation mMotionStarted=false
05-20 13:41:07.639  1247  2594 D CoreBackPreview: Focused window found using getFocusedWindowToken
05-20 13:41:07.639  1247  2594 D CoreBackPreview: startBackNavigation currentTask=Task{1e3c9b4 #533 type=standard A=1000:com.android.settings}, topRunningActivity=ActivityRecord{cfa733f u0 com.android.phone/.settings.RadioInfo} t533}, callbackInfo=OnBackInvokedCallbackInfo{mCallback=android.window.IOnBackInvokedCallback$Stub$Proxy@75c29c5, mPriority=0}, currentFocus=Window{8bcaa2f u0 com.android.phone/com.android.phone.settings.RadioInfo}
05-20 13:41:07.640  1446  1522 D ShellBackPreview: Received backNavigationInfo:BackNavigationInfo{mType=TYPE_CALLBACK (4), mDepartingAnimationTarget=null, mScreenshotSurface=null, mTaskWindowConfiguration= null, mScreenshotBuffer=null, mOnBackNavigationDone=android.os.RemoteCallback@b720a79, mOnBackInvokedCallback=android.window.IOnBackInvokedCallback$Stub$Proxy@15583be}
05-20 13:41:07.689  1446  1522 D ShellBackPreview: Finishing gesture with event action: 1
05-20 13:41:07.690  1446  1522 D ShellBackPreview: onGestureFinished() mTriggerBack == true
05-20 13:41:07.690  1446  1522 D ShellBackPreview: BackAnimationController: finishAnimation()
05-20 13:41:07.690  1247  1353 D CoreBackPreview: onBackNavigationDone backType=4, task=null, prevActivity=null
05-20 13:41:08.173  1247  1353 D CoreBackPreview: Window{8bcaa2f u0 com.android.phone/com.android.phone.settings.RadioInfo}: Setting back callback null
05-20 13:41:08.627  1446  1522 D ShellBackPreview: initAnimation mMotionStarted=false
05-20 13:41:08.628  1247  1353 D CoreBackPreview: Focused window found using getFocusedWindowToken
05-20 13:41:08.628  1247  1353 D CoreBackPreview: startBackNavigation currentTask=Task{1e3c9b4 #533 type=standard A=1000:com.android.settings}, topRunningActivity=ActivityRecord{d881952 u0 com.android.settings/.Settings$TestingSettingsActivity} t533}, callbackInfo=OnBackInvokedCallbackInfo{mCallback=android.window.IOnBackInvokedCallback$Stub$Proxy@1d5afac, mPriority=-1}, currentFocus=Window{6229dfe u0 com.android.settings/com.android.settings.Settings$TestingSettingsActivity}
05-20 13:41:08.629  1247  1353 D CoreBackPreview: Previous Destination is Activity:ComponentInfo{com.google.android.dialer/com.android.dialer.main.impl.MainActivity} Task:Task=531 removedContainer:Task{1e3c9b4 #533 type=standard A=1000:com.android.settings}, backType=TYPE_CROSS_TASK
05-20 13:41:08.630  1446  1522 D ShellBackPreview: Received backNavigationInfo:BackNavigationInfo{mType=TYPE_CROSS_TASK (3), mDepartingAnimationTarget=null, mScreenshotSurface=null, mTaskWindowConfiguration= null, mScreenshotBuffer=null, mOnBackNavigationDone=android.os.RemoteCallback@8c5bc04, mOnBackInvokedCallback=android.window.IOnBackInvokedCallback$Stub$Proxy@a9275ed}
05-20 13:41:08.660  1446  1522 D ShellBackPreview: Finishing gesture with event action: 1
05-20 13:41:08.660  1446  1522 D ShellBackPreview: onGestureFinished() mTriggerBack == true
05-20 13:41:08.660  1446  1522 D ShellBackPreview: BackAnimationController: finishAnimation()
05-20 13:41:08.660  1247  2593 D CoreBackPreview: onBackNavigationDone backType=3, task=Task{1e3c9b4 #533 type=standard A=1000:com.android.settings}, prevActivity=ActivityRecord{fcd25e6 u0 com.google.android.dialer/.extensions.GoogleDialtactsActivity} t531}
05-20 13:41:08.733  1247  2594 W ActivityManager: Unable to start service Intent { act=com.google.android.apps.tachyon.services.CLIENT_API pkg=com.google.android.apps.tachyon } U=0: not found
05-20 13:41:08.788  1247  2594 I Telecom : PhoneAccountRegistrar: getSimCallManager: SimCallManager for subId 2 queried, returning: null
05-20 13:41:08.791  1247  1353 D OomAdjuster: Not killing cached processes
05-20 13:41:09.086  1247  1353 D CoreBackPreview: Window{6229dfe u0 com.android.settings/com.android.settings.Settings$TestingSettingsActivity}: Setting back callback null
05-20 13:41:09.345  1247  1273 V WindowManager: Unknown focus tokens, dropping reportFocusChanged
05-20 13:41:09.727  1247  1431 D CompatibilityChangeReporter: Compat change id reported: 135634846; UID 10461; state: DISABLED
05-20 13:41:09.727  1247  1431 D CompatibilityChangeReporter: Compat change id reported: 177438394; UID 10461; state: DISABLED
05-20 13:41:09.727  1247  1431 D CompatibilityChangeReporter: Compat change id reported: 135772972; UID 10461; state: DISABLED
05-20 13:41:09.728  1247  1431 D CompatibilityChangeReporter: Compat change id reported: 135754954; UID 10461; state: ENABLED
05-20 13:41:09.728  1247  1281 D CompatibilityChangeReporter: Compat change id reported: 143937733; UID 10461; state: ENABLED
05-20 13:41:09.739  1247  1281 I ActivityManager: Start proc 7667:com.google.android.googlequicksearchbox:search/u0a461 for service {com.google.android.googlequicksearchbox/com.google.android.apps.gsa.publicsearch.PublicSearchService}
05-20 13:41:10.194  1247  2594 I ActivityTaskManager: START u0 {act=android.intent.action.MAIN cat=[android.intent.category.LAUNCHER] flg=0x10200000 pkg=com.android.settings cmp=com.android.settings/.Settings bnds=[465,2079][616,2249]} from uid 10496
05-20 13:41:10.218  1247  2594 D CompatibilityChangeReporter: Compat change id reported: 194833441; UID 1000; state: ENABLED
05-20 13:41:10.223  1247  1431 I ActivityTaskManager: The Process com.android.settings Already Exists in BG. So sending its PID: 1690
05-20 13:41:10.223  1247  1431 W ActivityTaskManager: Tried to set launchTime (0) < mLastActivityLaunchTime (107306)
05-20 13:41:10.289  1247  2652 D CompatibilityChangeReporter: Compat change id reported: 161145287; UID 10461; state: DISABLED
05-20 13:41:10.410  1247  2652 E UserRestrictionsUtils: Unknown restriction queried by uid 1000 (com.android.inputdevices et al): null
05-20 13:41:10.584  1690  1690 W ContextImpl: Calling a method in the system process without a qualified user: android.app.ContextImpl.sendBroadcast:1195 android.content.ContextWrapper.sendBroadcast:500 com.google.android.settings.search.SearchFeatureProviderGoogleImpl.sendPreIndexIntent:14 com.android.settings.homepage.TopLevelSettings.onStart:182 androidx.fragment.app.Fragment.performStart:3081 
05-20 13:41:10.684  1247  3158 D CoreBackPreview: Window{34a6807 u0 com.android.settings/com.android.settings.Settings}: Setting back callback OnBackInvokedCallbackInfo{mCallback=android.window.IOnBackInvokedCallback$Stub$Proxy@d4a9bb8, mPriority=-1}
05-20 13:41:11.950  1247  1353 I ActivityTaskManager: START u0 {act=android.intent.action.MAIN cmp=com.android.settings/.SubSettings (has extras)} from uid 1000
05-20 13:41:11.967  1247  1353 I ActivityTaskManager: The Process com.android.settings Already Exists in BG. So sending its PID: 1690
05-20 13:41:11.967  1247  1353 W ActivityTaskManager: Tried to set launchTime (0) < mLastActivityLaunchTime (129319)
05-20 13:41:12.083  1247  3158 D CoreBackPreview: Window{2bc5727 u0 com.android.settings/com.android.settings.SubSettings}: Setting back callback OnBackInvokedCallbackInfo{mCallback=android.window.IOnBackInvokedCallback$Stub$Proxy@4374b7d, mPriority=-1}
05-20 13:41:12.143  1247  3155 W ActivityManager: Unable to start service Intent { act=com.google.android.gms.nearby.discovery:ACTION_DEVICES_LIST_SLICE cmp=com.google.android.gms/.nearby.discovery.service.DiscoveryService } U=0: not found
05-20 13:41:12.643  1446  1522 D ShellBackPreview: initAnimation mMotionStarted=false
05-20 13:41:12.643  1247  2593 D CoreBackPreview: Focused window found using getFocusedWindowToken
05-20 13:41:12.643  1247  2593 D CoreBackPreview: startBackNavigation currentTask=Task{fc27d1 #534 type=standard A=1000:com.android.settings.root}, topRunningActivity=ActivityRecord{5b6fb12 u0 com.android.settings/.SubSettings} t534}, callbackInfo=OnBackInvokedCallbackInfo{mCallback=android.window.IOnBackInvokedCallback$Stub$Proxy@4374b7d, mPriority=-1}, currentFocus=Window{2bc5727 u0 com.android.settings/com.android.settings.SubSettings}
05-20 13:41:12.644  1247  2593 D CoreBackPreview: Previous Destination is Activity:ComponentInfo{com.android.settings/com.android.settings.homepage.SettingsHomepageActivity} Task:null removedContainer:ActivityRecord{5b6fb12 u0 com.android.settings/.SubSettings} t534}, backType=TYPE_CROSS_ACTIVITY
05-20 13:41:12.644  1247  3158 D CompatibilityChangeReporter: Compat change id reported: 194532703; UID 10461; state: ENABLED
05-20 13:41:12.645  1446  1522 D ShellBackPreview: Received backNavigationInfo:BackNavigationInfo{mType=TYPE_CROSS_ACTIVITY (2), mDepartingAnimationTarget=null, mScreenshotSurface=null, mTaskWindowConfiguration= null, mScreenshotBuffer=null, mOnBackNavigationDone=android.os.RemoteCallback@9a22ae7, mOnBackInvokedCallback=android.window.IOnBackInvokedCallback$Stub$Proxy@8c8d694}
05-20 13:41:12.719  1446  1522 D ShellBackPreview: Finishing gesture with event action: 1
05-20 13:41:12.720  1446  1522 D ShellBackPreview: onGestureFinished() mTriggerBack == true
05-20 13:41:12.720  1446  1522 D ShellBackPreview: BackAnimationController: finishAnimation()
05-20 13:41:12.720  1247  3158 D CoreBackPreview: onBackNavigationDone backType=2, task=Task{fc27d1 #534 type=standard A=1000:com.android.settings.root}, prevActivity=ActivityRecord{f7e2537 u0 com.android.settings/.Settings} t534}
05-20 13:41:12.778  1247  1280 D CompatibilityChangeReporter: Compat change id reported: 168419799; UID 10461; state: DISABLED
05-20 13:41:12.778  1247  1280 D CompatibilityChangeReporter: Compat change id reported: 273564678; UID 10461; state: DISABLED
05-20 13:41:13.275  1247  2594 D CoreBackPreview: Window{2bc5727 u0 com.android.settings/com.android.settings.SubSettings}: Setting back callback null
05-20 13:41:13.287  1247  1411 W ActivityManager: Unbind failed: could not find connection for android.os.BinderProxy@b511432
05-20 13:41:13.308  1247  2594 I ActivityTaskManager: START u0 {act=android.intent.action.MAIN cmp=com.android.settings/.SubSettings (has extras)} from uid 1000
05-20 13:41:13.327  1247  1353 I ActivityTaskManager: The Process com.android.settings Already Exists in BG. So sending its PID: 1690
05-20 13:41:13.328  1247  1353 W ActivityTaskManager: Tried to set launchTime (0) < mLastActivityLaunchTime (131062)
05-20 13:41:13.444  1247  2594 E UserRestrictionsUtils: Unknown restriction queried by uid 1000 (com.android.inputdevices et al): null
05-20 13:41:13.446  1247  2594 E UserRestrictionsUtils: Unknown restriction queried by uid 1000 (com.android.inputdevices et al): null
05-20 13:41:13.585  1247  2594 D CompatibilityChangeReporter: Compat change id reported: 202110963; UID 1000; state: ENABLED
05-20 13:41:13.586  1247  2594 D CompatibilityChangeReporter: Compat change id reported: 202110963; UID 1000; state: DISABLED
05-20 13:41:13.586  1247  3155 D CompatibilityChangeReporter: Compat change id reported: 202110963; UID 1000; state: DISABLED
05-20 13:41:13.756  1247  2593 D CoreBackPreview: Window{f0e3549 u0 com.android.settings/com.android.settings.SubSettings}: Setting back callback OnBackInvokedCallbackInfo{mCallback=android.window.IOnBackInvokedCallback$Stub$Proxy@6efdb6f, mPriority=-1}
05-20 13:41:13.841  1247  2652 D OomAdjuster: Not killing cached processes
05-20 13:41:13.881  1247  2652 I ContentCaptureManagerService: Data share request accepted by Content Capture service
05-20 13:41:13.919  1247  2594 W ActivityManager: Receiver with filter android.content.IntentFilter@cd7c4f3 already registered for pid 2558, callerPackage is com.google.android.googlequicksearchbox
05-20 13:41:15.950  1247  2652 I ActivityTaskManager: START u0 {act=android.intent.action.MAIN cmp=com.android.settings/.SubSettings (has extras)} from uid 1000
05-20 13:41:15.969  1247  2652 I ActivityTaskManager: The Process com.android.settings Already Exists in BG. So sending its PID: 1690
05-20 13:41:15.969  1247  2652 W ActivityTaskManager: Tried to set launchTime (0) < mLastActivityLaunchTime (132423)
05-20 13:41:16.038  1247  2594 I Telecom : PhoneAccountRegistrar: getSimCallManager: SimCallManager for subId 2 queried, returning: null: TSI.gSCM@AoY
05-20 13:41:16.042  1247  2652 E UserRestrictionsUtils: Unknown restriction queried by uid 1000 (com.android.inputdevices et al): null
05-20 13:41:16.045  1247  1353 I Telecom : PhoneAccountRegistrar: getSimCallManager: SimCallManager for subId 2 queried, returning: null: TSI.gSCM@Aoc
05-20 13:41:16.047  1247  2652 E UserRestrictionsUtils: Unknown restriction queried by uid 1000 (com.android.inputdevices et al): null
05-20 13:41:16.102  1247  2652 D CompatibilityChangeReporter: Compat change id reported: 157233955; UID 1000; state: ENABLED
05-20 13:41:16.243  1247  2652 I Telecom : PhoneAccountRegistrar: getSimCallManager: SimCallManager for subId 2 queried, returning: null: TSI.gSCM@Aok
05-20 13:41:16.268  1247  3155 D CompatibilityChangeReporter: Compat change id reported: 124107808; UID 1000; state: ENABLED
05-20 13:41:16.326  1247  2593 I Telecom : PhoneAccountRegistrar: getSimCallManager: SimCallManager for subId 2 queried, returning: null: TSI.gSCM@Ao0
05-20 13:41:16.397  1247  2593 D CoreBackPreview: Window{7aec569 u0 com.android.settings/com.android.settings.SubSettings}: Setting back callback OnBackInvokedCallbackInfo{mCallback=android.window.IOnBackInvokedCallback$Stub$Proxy@bbe388f, mPriority=-1}
05-20 13:41:18.911  1247  2593 D OomAdjuster: Not killing cached processes
05-20 13:41:20.410  1247  2593 W JobScheduler: Job didn't exist in JobStore: 5f9f302 #u0a564/1317 com.google.android.apps.youtube.music/androidx.work.impl.background.systemjob.SystemJobService
05-20 13:41:24.077  1247  3158 D OomAdjuster: Not killing cached processes
05-20 13:41:24.124  1247  1273 V WindowManager: Unknown focus tokens, dropping reportFocusChanged
05-20 13:41:25.336  1247  2594 W ActivityManager: Unable to start service Intent { act=com.google.android.apps.tachyon.services.CLIENT_API pkg=com.google.android.apps.tachyon } U=0: not found
05-20 13:41:25.378  1247  2593 I Telecom : PhoneAccountRegistrar: getSimCallManager: SimCallManager for subId 2 queried, returning: null
05-20 13:41:26.193   444  7633 I keystore2: keystore2::watchdog: Watchdog thread idle -> terminating. Have a great day.
05-20 13:41:27.291  1247  2652 I Telecom : UserCallIntentProcessor: sendIntentToDestination: send intent to Telecom directly.: TSI.pC(cgad)@Aro
05-20 13:41:27.291  1247  2652 I Telecom : CallIntentProcessor: onReceive - isUnknownCall: false: TSI.pC(cgad)@Aro
05-20 13:41:27.294  1247  2652 I Telecom : TelecomAnalytics: Starting analytics for call TC@3: TSI.pC(cgad)@Aro
05-20 13:41:27.294  1247  1247 I Telecom : TelecomSystem: CallerInfoAsyncQuery.startQuery number=*** cookie=TSI.pC->CILH.sL->CILH.sL(cgad)@Aro: TSI.pC->CILH.sL(cgad)@Aro
05-20 13:41:27.294  1247  2652 I Telecom : Event: RecordEntry TC@3: CREATED, com.google.android.dialer;requestedAcct:none, selfMgd:false: TSI.pC(cgad)@Aro
05-20 13:41:27.307  1247  1247 I Telecom : TelecomSystem: CallerInfoAsyncQuery.startQuery number=*** cookie=TSI.pC->CILH.sL->CILH.sL(cgad)@Aro: TSI.pC->CILH.sL(cgad)@Aro
05-20 13:41:27.317  1247  1247 I Telecom : CallsManager: call outgoing call suggestion service stage: TSI.pC->CM.fOCP->CM.cOCSS(cgad)@Aro
05-20 13:41:27.317  1247  1247 I Telecom : CallsManager: set outgoing call phone acct; potentialAccts=[ComponentInfo{com.android.phone/com.android.services.telephony.TelephonyConnectionService}, 2, UserHandle{0}]: TSI.pC->CM.fOCP->CM.sOCPA(cgad)@Aro
05-20 13:41:27.317  1247  1247 I Telecom : CallsManager: make room for outgoing call stage: TSI.pC->CM.fOCP->CM.sOCPA->CM.dSMCP(cgad)@Aro
05-20 13:41:27.318  1247  1247 I Telecom : CallsManager: dialer phone acct select stage: TSI.pC->CM.fOCP->CM.sOCPA->CM.dSMCP->CM.dSPA(cgad)@Aro
05-20 13:41:27.318  1247  1247 I Telecom : CallsManager: post acct selection stage: TSI.pC->CM.fOCP->CM.sOCPA->CM.dSMCP->CM.dSPA->CM.pASP(cgad)@Aro
05-20 13:41:27.318  1247  1247 I Telecom : Event: RecordEntry TC@3: SET_CONNECTING, ComponentInfo{com.android.phone/com.android.services.telephony.TelephonyConnectionService}, 2, UserHandle{0}: TSI.pC->CM.fOCP->CM.sOCPA->CM.dSMCP->CM.dSPA->CM.pASP(cgad)@Aro
05-20 13:41:27.333  1247  1247 I Telecom : CallsManager: addCall([Call id=TC@3, state=CONNECTING, tpac=ComponentInfo{com.android.phone/com.android.services.telephony.TelephonyConnectionService}, 2, UserHandle{0}, cmgr=null, handle=tel:***** *****, vidst=A, childs(0), has_parent(false), cap=[], prop=[]], voip=false): TSI.pC->CM.fOCP->CM.sOCPA->CM.dSMCP->CM.dSPA->CM.pASP(cgad)@Aro
05-20 13:41:27.334  1247  1247 I Telecom : TelecomWakeLock: WakeLock already released with id: 26: TSI.pC->CM.fOCP->CM.sOCPA->CM.dSMCP->CM.dSPA->CM.pASP(cgad)@Aro
05-20 13:41:27.334  1247  1247 I Telecom : InCallWakeLockController: Releasing full wake lock: TSI.pC->CM.fOCP->CM.sOCPA->CM.dSMCP->CM.dSPA->CM.pASP(cgad)@Aro
05-20 13:41:27.335  1247  1247 I Telecom : InCallController: onCallAdded: [Call id=TC@3, state=CONNECTING, tpac=ComponentInfo{com.android.phone/com.android.services.telephony.TelephonyConnectionService}, 2, UserHandle{0}, cmgr=null, handle=tel:***** *****, vidst=A, childs(0), has_parent(false), cap=[], prop=[]], voip=false; not bound or connected.: TSI.pC->CM.fOCP->CM.sOCPA->CM.dSMCP->CM.dSPA->CM.pASP(cgad)@Aro
05-20 13:41:27.336  1247  1247 I Telecom : InCallController: defaultDialer: [ComponentInfo{com.google.android.dialer/com.android.incallui.InCallServiceImpl} supportsExternal? false supportsSelfMg?false]: TSI.pC->CM.fOCP->CM.sOCPA->CM.dSMCP->CM.dSPA->CM.pASP(cgad)@Aro
05-20 13:41:27.336  1247  1247 I Telecom : InCallController: defaultDialer: null: TSI.pC->CM.fOCP->CM.sOCPA->CM.dSMCP->CM.dSPA->CM.pASP(cgad)@Aro
05-20 13:41:27.342  1247  1247 I Telecom : CarSwappingInCallServiceConnection: chooseInitialInCallService: false => false: TSI.pC->CM.fOCP->CM.sOCPA->CM.dSMCP->CM.dSPA->CM.pASP(cgad)@Aro
05-20 13:41:27.346  1247  1247 I Telecom : EmergencyCallHelper: ShouldGrantTemporaryLocationPermission, not emergency: TSI.pC->CM.fOCP->CM.sOCPA->CM.dSMCP->CM.dSPA->CM.pASP(cgad)@Aro
