05-20 13:45:18.683  1247  2652 I ExplicitHealthCheckController: Explicit health check requested packages []
05-20 13:45:18.683  1247  2652 I ExplicitHealthCheckController: No more health check requests, unbinding...
05-20 13:45:18.685  1247  2652 I ExplicitHealthCheckController: Explicit health check service is unbound
05-20 13:45:18.721  1247  2652 I RescueParty: Starting to observe: [android], updated namespace: media
05-20 13:45:18.721  1247  1279 I PackageWatchdog: Syncing state, reason: observing new packages
05-20 13:45:18.721  1247  1279 D PackageWatchdog: rescue-party-observer added the following packages to monitor [android]
05-20 13:45:18.721  1247  1279 I PackageWatchdog: Syncing state, reason: updated observers
05-20 13:45:18.721  1247  1279 I PackageWatchdog: Saving observer state to file
05-20 13:45:18.726  1247  1247 I PackageWatchdog: Syncing health check requests for packages: {}
05-20 13:45:18.726  1247  1247 I ExplicitHealthCheckController: Service not ready to get health check supported packages. Binding...
05-20 13:45:18.730  1247  1247 I ExplicitHealthCheckController: Explicit health check service is bound
05-20 13:45:18.734  1247  1247 I ExplicitHealthCheckController: Explicit health check service is connected ComponentInfo{android.ext.services/android.ext.services.watchdog.ExplicitHealthCheckServiceImpl}
05-20 13:45:18.734  1247  1247 I ExplicitHealthCheckController: Service initialized, syncing requests
05-20 13:45:18.735  1247  1247 I PackageWatchdog: Syncing health check requests for packages: {}
05-20 13:45:18.735  1247  1247 D ExplicitHealthCheckController: Getting health check supported packages
05-20 13:45:18.739  1247  2652 I ExplicitHealthCheckController: Explicit health check supported packages [PackageConfig{com.android.networkstack, 86400000}]
05-20 13:45:18.740  1247  2652 D PackageWatchdog: Received supported packages [PackageConfig{com.android.networkstack, 86400000}]
05-20 13:45:18.740  1247  2652 D ExplicitHealthCheckController: Getting health check requested packages
05-20 13:45:18.740  1247  7355 I ExplicitHealthCheckController: Explicit health check requested packages []
05-20 13:45:18.741  1247  7355 I ExplicitHealthCheckController: No more health check requests, unbinding...
05-20 13:45:18.743  1247  7355 I ExplicitHealthCheckController: Explicit health check service is unbound
05-20 13:45:18.825  1247  1431 I RescueParty: Starting to observe: [android], updated namespace: alarm_manager
05-20 13:45:18.826  1247  1279 I PackageWatchdog: Syncing state, reason: observing new packages
05-20 13:45:18.827  1247  1279 D PackageWatchdog: rescue-party-observer added the following packages to monitor [android]
05-20 13:45:18.827  1247  1279 I PackageWatchdog: Syncing state, reason: updated observers
05-20 13:45:18.827  1247  1279 I PackageWatchdog: Saving observer state to file
05-20 13:45:18.832  1247  1247 I PackageWatchdog: Syncing health check requests for packages: {}
05-20 13:45:18.832  1247  1247 I ExplicitHealthCheckController: Service not ready to get health check supported packages. Binding...
05-20 13:45:18.837  1247  1247 I ExplicitHealthCheckController: Explicit health check service is bound
05-20 13:45:18.839  1247  1247 I ExplicitHealthCheckController: Explicit health check service is connected ComponentInfo{android.ext.services/android.ext.services.watchdog.ExplicitHealthCheckServiceImpl}
05-20 13:45:18.840  1247  1247 I ExplicitHealthCheckController: Service initialized, syncing requests
05-20 13:45:18.840  1247  1247 I PackageWatchdog: Syncing health check requests for packages: {}
05-20 13:45:18.840  1247  1247 D ExplicitHealthCheckController: Getting health check supported packages
05-20 13:45:18.843  1247  1431 I ExplicitHealthCheckController: Explicit health check supported packages [PackageConfig{com.android.networkstack, 86400000}]
05-20 13:45:18.843  1247  1431 D PackageWatchdog: Received supported packages [PackageConfig{com.android.networkstack, 86400000}]
05-20 13:45:18.843  1247  1431 D ExplicitHealthCheckController: Getting health check requested packages
05-20 13:45:18.845  1247  1431 I ExplicitHealthCheckController: Explicit health check requested packages []
05-20 13:45:18.845  1247  1431 I ExplicitHealthCheckController: No more health check requests, unbinding...
05-20 13:45:18.846  1247  1431 I ExplicitHealthCheckController: Explicit health check service is unbound
05-20 13:45:19.036  1247  1431 I RescueParty: Starting to observe: [android, com.android.settings], updated namespace: app_hibernation
05-20 13:45:19.036  1247  1279 I PackageWatchdog: Syncing state, reason: observing new packages
05-20 13:45:19.037  1247  1279 D PackageWatchdog: rescue-party-observer added the following packages to monitor [android, com.android.settings]
05-20 13:45:19.037  1247  1279 I PackageWatchdog: Syncing state, reason: updated observers
05-20 13:45:19.037  1247  1279 I PackageWatchdog: Not pruning observers, elapsed time: 0ms
05-20 13:45:19.038  1247  1279 I PackageWatchdog: Saving observer state to file
05-20 13:45:19.044  1247  1247 I PackageWatchdog: Syncing health check requests for packages: {}
05-20 13:45:19.044  1247  1247 I ExplicitHealthCheckController: Service not ready to get health check supported packages. Binding...
05-20 13:45:19.050  1247  1247 I ExplicitHealthCheckController: Explicit health check service is bound
05-20 13:45:19.050  1247  1247 D AppHibernationService: App hibernation changed to enabled=true
05-20 13:45:19.051  1247  1247 I ExplicitHealthCheckController: Explicit health check service is connected ComponentInfo{android.ext.services/android.ext.services.watchdog.ExplicitHealthCheckServiceImpl}
05-20 13:45:19.051  1247  1247 I ExplicitHealthCheckController: Service initialized, syncing requests
05-20 13:45:19.051  1247  1247 I PackageWatchdog: Syncing health check requests for packages: {}
05-20 13:45:19.051  1247  1247 D ExplicitHealthCheckController: Getting health check supported packages
05-20 13:45:19.054  1247  2652 I ExplicitHealthCheckController: Explicit health check supported packages [PackageConfig{com.android.networkstack, 86400000}]
05-20 13:45:19.055  1247  2652 D PackageWatchdog: Received supported packages [PackageConfig{com.android.networkstack, 86400000}]
05-20 13:45:19.055  1247  2652 D ExplicitHealthCheckController: Getting health check requested packages
05-20 13:45:19.057  1247  7355 I ExplicitHealthCheckController: Explicit health check requested packages []
05-20 13:45:19.057  1247  7355 I ExplicitHealthCheckController: No more health check requests, unbinding...
05-20 13:45:19.060  1247  7355 I ExplicitHealthCheckController: Explicit health check service is unbound
05-20 13:45:19.252  1247  7355 I RescueParty: Starting to observe: [android, com.android.systemui], updated namespace: window_manager
05-20 13:45:19.252  1247  1279 I PackageWatchdog: Syncing state, reason: observing new packages
05-20 13:45:19.253  1247  1279 D PackageWatchdog: rescue-party-observer added the following packages to monitor [android, com.android.systemui]
05-20 13:45:19.253  1247  1279 I PackageWatchdog: Syncing state, reason: updated observers
05-20 13:45:19.253  1247  1279 I PackageWatchdog: Not pruning observers, elapsed time: 0ms
05-20 13:45:19.253  1247  1279 I PackageWatchdog: Saving observer state to file
05-20 13:45:19.258  1247  1247 I PackageWatchdog: Syncing health check requests for packages: {}
05-20 13:45:19.259  1247  1247 I ExplicitHealthCheckController: Service not ready to get health check supported packages. Binding...
05-20 13:45:19.265  1247  1247 I ExplicitHealthCheckController: Explicit health check service is bound
05-20 13:45:19.266  1247  1247 I ExplicitHealthCheckController: Explicit health check service is connected ComponentInfo{android.ext.services/android.ext.services.watchdog.ExplicitHealthCheckServiceImpl}
05-20 13:45:19.266  1247  1247 I ExplicitHealthCheckController: Service initialized, syncing requests
05-20 13:45:19.266  1247  1247 I PackageWatchdog: Syncing health check requests for packages: {}
05-20 13:45:19.266  1247  1247 D ExplicitHealthCheckController: Getting health check supported packages
05-20 13:45:19.269  1247  1431 I ExplicitHealthCheckController: Explicit health check supported packages [PackageConfig{com.android.networkstack, 86400000}]
05-20 13:45:19.269  1247  1431 D PackageWatchdog: Received supported packages [PackageConfig{com.android.networkstack, 86400000}]
05-20 13:45:19.269  1247  1431 D ExplicitHealthCheckController: Getting health check requested packages
05-20 13:45:19.270  1247  1431 I ExplicitHealthCheckController: Explicit health check requested packages []
05-20 13:45:19.270  1247  1431 I ExplicitHealthCheckController: No more health check requests, unbinding...
05-20 13:45:19.273  1247  1431 I ExplicitHealthCheckController: Explicit health check service is unbound
05-20 13:45:19.450  1247  1431 I RescueParty: Starting to observe: [android], updated namespace: attention_manager_service
05-20 13:45:19.450  1247  1279 I PackageWatchdog: Syncing state, reason: observing new packages
05-20 13:45:19.451  1247  1279 D PackageWatchdog: rescue-party-observer added the following packages to monitor [android]
05-20 13:45:19.451  1247  1279 I PackageWatchdog: Syncing state, reason: updated observers
05-20 13:45:19.451  1247  1279 I PackageWatchdog: Not pruning observers, elapsed time: 0ms
05-20 13:45:19.451  1247  1279 I PackageWatchdog: Saving observer state to file
05-20 13:45:19.468  1247  1247 I PackageWatchdog: Syncing health check requests for packages: {}
05-20 13:45:19.468  1247  1247 I ExplicitHealthCheckController: Service not ready to get health check supported packages. Binding...
05-20 13:45:19.475  1247  1247 I ExplicitHealthCheckController: Explicit health check service is bound
05-20 13:45:19.476  1247  1247 I AttentionManagerService: Ignoring change on post_dim_check_duration_millis
05-20 13:45:19.476  1247  1247 I AttentionManagerService: Ignoring change on max_extension_millis
05-20 13:45:19.476  1247  1247 I AttentionManagerService: Ignoring change on keep_screen_on_for_millis
05-20 13:45:19.476  1247  1247 I AttentionManagerService: Ignoring change on keep_screen_on_enabled
05-20 13:45:19.476  1247  1247 I AttentionManagerService: Ignoring change on enable_flip_to_screen_off
05-20 13:45:19.476  1247  1247 I AttentionManagerService: Ignoring change on pre_dim_check_duration_millis
05-20 13:45:19.476  1247  1247 I ScreenUndimDetector: onDeviceConfigChange; key=post_dim_check_duration_millis
05-20 13:45:19.476  1247  1247 I ScreenUndimDetector: Ignoring change on post_dim_check_duration_millis
05-20 13:45:19.476  1247  1247 I ScreenUndimDetector: onDeviceConfigChange; key=max_extension_millis
05-20 13:45:19.476  1247  1247 I ScreenUndimDetector: Ignoring change on max_extension_millis
05-20 13:45:19.476  1247  1247 I ScreenUndimDetector: onDeviceConfigChange; key=keep_screen_on_for_millis
05-20 13:45:19.477  1247  1247 I ScreenUndimDetector: readValuesFromDeviceConfig():
05-20 13:45:19.477  1247  1247 I ScreenUndimDetector: mKeepScreenOnForMillis=300000
05-20 13:45:19.477  1247  1247 I ScreenUndimDetector: mKeepScreenOnNotificationEnabled=false
05-20 13:45:19.477  1247  1247 I ScreenUndimDetector: mUndimsRequired=2
05-20 13:45:19.477  1247  1247 I AttentionDetector: readValuesFromDeviceConfig():
05-20 13:45:19.477  1247  1247 I AttentionDetector: mMaximumExtensionMillis=330000
05-20 13:45:19.477  1247  1247 I AttentionDetector: mPreDimCheckDurationMillis=2100
05-20 13:45:19.477  1247  1247 I AttentionDetector: mRequestedPostDimTimeoutMillis=0
05-20 13:45:19.477  1247  1247 I FaceDownDetector: Ignoring change on post_dim_check_duration_millis
05-20 13:45:19.477  1247  1247 I FaceDownDetector: Ignoring change on max_extension_millis
05-20 13:45:19.477  1247  1247 I FaceDownDetector: Ignoring change on keep_screen_on_for_millis
05-20 13:45:19.477  1247  1247 I FaceDownDetector: Ignoring change on keep_screen_on_enabled
05-20 13:45:19.478  1247  1247 I FaceDownDetector: readValuesFromDeviceConfig():
05-20 13:45:19.478  1247  1247 I FaceDownDetector: mAccelerationThreshold=0.2
05-20 13:45:19.478  1247  1247 I FaceDownDetector: mZAccelerationThreshold=-9.5
05-20 13:45:19.478  1247  1247 I FaceDownDetector: mTimeThreshold=PT1S
05-20 13:45:19.478  1247  1247 I FaceDownDetector: mIsEnabled=true
05-20 13:45:19.478  1247  1247 I ExplicitHealthCheckController: Explicit health check service is connected ComponentInfo{android.ext.services/android.ext.services.watchdog.ExplicitHealthCheckServiceImpl}
05-20 13:45:19.479  1247  1247 I ExplicitHealthCheckController: Service initialized, syncing requests
05-20 13:45:19.479  1247  1247 I PackageWatchdog: Syncing health check requests for packages: {}
05-20 13:45:19.479  1247  1247 D ExplicitHealthCheckController: Getting health check supported packages
05-20 13:45:19.482  1247  1431 I ExplicitHealthCheckController: Explicit health check supported packages [PackageConfig{com.android.networkstack, 86400000}]
05-20 13:45:19.482  1247  1431 D PackageWatchdog: Received supported packages [PackageConfig{com.android.networkstack, 86400000}]
05-20 13:45:19.482  1247  1431 D ExplicitHealthCheckController: Getting health check requested packages
05-20 13:45:19.483  1247  3147 I ExplicitHealthCheckController: Explicit health check requested packages []
05-20 13:45:19.483  1247  3147 I ExplicitHealthCheckController: No more health check requests, unbinding...
05-20 13:45:19.485  1247  3147 I ExplicitHealthCheckController: Explicit health check service is unbound
05-20 13:45:19.671  1247  2052 E AppOps  : attributionTag twilight not declared in manifest of android
05-20 13:45:19.673  1247  2052 E AppOps  : attributionTag twilight not declared in manifest of android
05-20 13:45:19.853  1247  2652 I RescueParty: Starting to observe: [android], updated namespace: bluetooth
05-20 13:45:19.853  1247  1279 I PackageWatchdog: Syncing state, reason: observing new packages
05-20 13:45:19.853  1247  1279 D PackageWatchdog: rescue-party-observer added the following packages to monitor [android]
05-20 13:45:19.853  1247  1279 I PackageWatchdog: Syncing state, reason: updated observers
05-20 13:45:19.853  1247  1279 I PackageWatchdog: Not pruning observers, elapsed time: 0ms
05-20 13:45:19.853  1247  1279 I PackageWatchdog: Saving observer state to file
05-20 13:45:19.872  1247  1247 I PackageWatchdog: Syncing health check requests for packages: {}
05-20 13:45:19.872  1247  1247 I ExplicitHealthCheckController: Service not ready to get health check supported packages. Binding...
05-20 13:45:19.876  1247  1247 I ExplicitHealthCheckController: Explicit health check service is bound
05-20 13:45:19.877  1247  1247 I ExplicitHealthCheckController: Explicit health check service is connected ComponentInfo{android.ext.services/android.ext.services.watchdog.ExplicitHealthCheckServiceImpl}
05-20 13:45:19.877  1247  1247 I ExplicitHealthCheckController: Service initialized, syncing requests
05-20 13:45:19.877  1247  1247 I PackageWatchdog: Syncing health check requests for packages: {}
05-20 13:45:19.877  1247  1247 D ExplicitHealthCheckController: Getting health check supported packages
05-20 13:45:19.880  1247  2652 I ExplicitHealthCheckController: Explicit health check supported packages [PackageConfig{com.android.networkstack, 86400000}]
05-20 13:45:19.880  1247  2652 D PackageWatchdog: Received supported packages [PackageConfig{com.android.networkstack, 86400000}]
05-20 13:45:19.880  1247  2652 D ExplicitHealthCheckController: Getting health check requested packages
05-20 13:45:19.880  1247  2052 I ExplicitHealthCheckController: Explicit health check requested packages []
05-20 13:45:19.880  1247  2052 I ExplicitHealthCheckController: No more health check requests, unbinding...
05-20 13:45:19.883  1247  2052 I ExplicitHealthCheckController: Explicit health check service is unbound
05-20 13:45:19.940  1247  2652 I RescueParty: Starting to observe: [android, com.android.launcher3, com.android.systemui], updated namespace: latency_tracker
05-20 13:45:19.941  1247  1279 I PackageWatchdog: Syncing state, reason: observing new packages
05-20 13:45:19.941  1247  1279 D PackageWatchdog: rescue-party-observer added the following packages to monitor [android, com.android.launcher3, com.android.systemui]
05-20 13:45:19.941  1247  1279 I PackageWatchdog: Syncing state, reason: updated observers
05-20 13:45:19.941  1247  1279 I PackageWatchdog: Not pruning observers, elapsed time: 0ms
05-20 13:45:19.941  1247  1279 I PackageWatchdog: Saving observer state to file
05-20 13:45:19.946  1247  1247 I PackageWatchdog: Syncing health check requests for packages: {}
05-20 13:45:19.946  1247  1247 I ExplicitHealthCheckController: Service not ready to get health check supported packages. Binding...
05-20 13:45:19.949  1247  1247 I ExplicitHealthCheckController: Explicit health check service is bound
05-20 13:45:19.950  1247  1247 I ExplicitHealthCheckController: Explicit health check service is connected ComponentInfo{android.ext.services/android.ext.services.watchdog.ExplicitHealthCheckServiceImpl}
05-20 13:45:19.950  1247  1247 I ExplicitHealthCheckController: Service initialized, syncing requests
05-20 13:45:19.950  1247  1247 I PackageWatchdog: Syncing health check requests for packages: {}
05-20 13:45:19.950  1247  1247 D ExplicitHealthCheckController: Getting health check supported packages
05-20 13:45:19.953  1247  2652 I ExplicitHealthCheckController: Explicit health check supported packages [PackageConfig{com.android.networkstack, 86400000}]
05-20 13:45:19.953  1247  2652 D PackageWatchdog: Received supported packages [PackageConfig{com.android.networkstack, 86400000}]
05-20 13:45:19.953  1247  2652 D ExplicitHealthCheckController: Getting health check requested packages
05-20 13:45:19.954  1247  7355 I ExplicitHealthCheckController: Explicit health check requested packages []
05-20 13:45:19.954  1247  7355 I ExplicitHealthCheckController: No more health check requests, unbinding...
05-20 13:45:19.957  1247  7355 I ExplicitHealthCheckController: Explicit health check service is unbound
05-20 13:45:19.976  1247  7355 I RescueParty: Starting to observe: [android], updated namespace: battery_saver
05-20 13:45:19.976  1247  1279 I PackageWatchdog: Syncing state, reason: observing new packages
05-20 13:45:19.976  1247  1279 D PackageWatchdog: rescue-party-observer added the following packages to monitor [android]
05-20 13:45:19.976  1247  1279 I PackageWatchdog: Syncing state, reason: updated observers
05-20 13:45:19.976  1247  1279 I PackageWatchdog: Not pruning observers, elapsed time: 0ms
05-20 13:45:19.976  1247  1279 I PackageWatchdog: Saving observer state to file
05-20 13:45:19.980  1247  1247 I PackageWatchdog: Syncing health check requests for packages: {}
05-20 13:45:19.980  1247  1247 I ExplicitHealthCheckController: Service not ready to get health check supported packages. Binding...
05-20 13:45:19.983  1247  1247 I ExplicitHealthCheckController: Explicit health check service is bound
05-20 13:45:19.985  1247  1247 I ExplicitHealthCheckController: Explicit health check service is connected ComponentInfo{android.ext.services/android.ext.services.watchdog.ExplicitHealthCheckServiceImpl}
05-20 13:45:19.985  1247  1247 I ExplicitHealthCheckController: Service initialized, syncing requests
05-20 13:45:19.985  1247  1247 I PackageWatchdog: Syncing health check requests for packages: {}
05-20 13:45:19.986  1247  1247 D ExplicitHealthCheckController: Getting health check supported packages
05-20 13:45:19.987  1247  7355 I ExplicitHealthCheckController: Explicit health check supported packages [PackageConfig{com.android.networkstack, 86400000}]
05-20 13:45:19.987  1247  7355 D PackageWatchdog: Received supported packages [PackageConfig{com.android.networkstack, 86400000}]
05-20 13:45:19.988  1247  7355 D ExplicitHealthCheckController: Getting health check requested packages
05-20 13:45:19.988  1247  7355 I ExplicitHealthCheckController: Explicit health check requested packages []
05-20 13:45:19.988  1247  7355 I ExplicitHealthCheckController: No more health check requests, unbinding...
05-20 13:45:19.990  1247  7355 I ExplicitHealthCheckController: Explicit health check service is unbound
05-20 13:45:20.019  1247  7355 I RescueParty: Starting to observe: [android], updated namespace: constrain_display_apis
05-20 13:45:20.019  1247  1279 I PackageWatchdog: Syncing state, reason: observing new packages
05-20 13:45:20.019  1247  1279 D PackageWatchdog: rescue-party-observer added the following packages to monitor [android]
05-20 13:45:20.019  1247  1279 I PackageWatchdog: Syncing state, reason: updated observers
05-20 13:45:20.019  1247  1279 I PackageWatchdog: Not pruning observers, elapsed time: 0ms
05-20 13:45:20.019  1247  1279 I PackageWatchdog: Saving observer state to file
05-20 13:45:20.025  1247  1247 I PackageWatchdog: Syncing health check requests for packages: {}
05-20 13:45:20.025  1247  1247 I ExplicitHealthCheckController: Service not ready to get health check supported packages. Binding...
05-20 13:45:20.028  1247  1247 I ExplicitHealthCheckController: Explicit health check service is bound
05-20 13:45:20.030  1247  1247 I ExplicitHealthCheckController: Explicit health check service is connected ComponentInfo{android.ext.services/android.ext.services.watchdog.ExplicitHealthCheckServiceImpl}
05-20 13:45:20.030  1247  1247 I ExplicitHealthCheckController: Service initialized, syncing requests
05-20 13:45:20.030  1247  1247 I PackageWatchdog: Syncing health check requests for packages: {}
05-20 13:45:20.030  1247  1247 D ExplicitHealthCheckController: Getting health check supported packages
05-20 13:45:20.032  1247  2652 I ExplicitHealthCheckController: Explicit health check supported packages [PackageConfig{com.android.networkstack, 86400000}]
05-20 13:45:20.032  1247  2652 D PackageWatchdog: Received supported packages [PackageConfig{com.android.networkstack, 86400000}]
05-20 13:45:20.032  1247  2652 D ExplicitHealthCheckController: Getting health check requested packages
05-20 13:45:20.033  1247  2652 I ExplicitHealthCheckController: Explicit health check requested packages []
05-20 13:45:20.033  1247  2652 I ExplicitHealthCheckController: No more health check requests, unbinding...
05-20 13:45:20.036  1247  2652 I ExplicitHealthCheckController: Explicit health check service is unbound
05-20 13:45:20.245  1247  2052 I RescueParty: Starting to observe: [android], updated namespace: tethering
05-20 13:45:20.246  1247  1279 I PackageWatchdog: Syncing state, reason: observing new packages
05-20 13:45:20.246  1247  1279 D PackageWatchdog: rescue-party-observer added the following packages to monitor [android]
05-20 13:45:20.246  1247  1279 I PackageWatchdog: Syncing state, reason: updated observers
05-20 13:45:20.246  1247  1279 I PackageWatchdog: Not pruning observers, elapsed time: 0ms
05-20 13:45:20.246  1247  1279 I PackageWatchdog: Saving observer state to file
05-20 13:45:20.252  1247  1247 I PackageWatchdog: Syncing health check requests for packages: {}
05-20 13:45:20.253  1247  1247 I ExplicitHealthCheckController: Service not ready to get health check supported packages. Binding...
05-20 13:45:20.256  1247  1247 I ExplicitHealthCheckController: Explicit health check service is bound
05-20 13:45:20.258  1247  1247 I ExplicitHealthCheckController: Explicit health check service is connected ComponentInfo{android.ext.services/android.ext.services.watchdog.ExplicitHealthCheckServiceImpl}
05-20 13:45:20.258  1247  1247 I ExplicitHealthCheckController: Service initialized, syncing requests
05-20 13:45:20.259  1247  1247 I PackageWatchdog: Syncing health check requests for packages: {}
05-20 13:45:20.259  1247  1247 D ExplicitHealthCheckController: Getting health check supported packages
05-20 13:45:20.262  1247  2052 I ExplicitHealthCheckController: Explicit health check supported packages [PackageConfig{com.android.networkstack, 86400000}]
05-20 13:45:20.262  1247  2052 D PackageWatchdog: Received supported packages [PackageConfig{com.android.networkstack, 86400000}]
05-20 13:45:20.262  1247  2052 D ExplicitHealthCheckController: Getting health check requested packages
05-20 13:45:20.263  1247  2052 I ExplicitHealthCheckController: Explicit health check requested packages []
05-20 13:45:20.263  1247  2052 I ExplicitHealthCheckController: No more health check requests, unbinding...
05-20 13:45:20.265  1247  2052 I ExplicitHealthCheckController: Explicit health check service is unbound
05-20 13:45:20.301  1247  1430 I Telecom : : isInEmergencyCall: false: TSI.iIEC@BRA
05-20 13:45:23.313  1247  8358 I Telecom : : isInEmergencyCall: false: TSI.iIEC@BRE
05-20 13:45:23.559  1247  2052 D OomAdjuster: Not killing cached processes
05-20 13:45:26.330  1247  2052 I Telecom : : isInEmergencyCall: false: TSI.iIEC@BRI
05-20 13:45:29.343  1247  8358 I Telecom : : isInEmergencyCall: false: TSI.iIEC@BRM
05-20 13:45:29.599  1247  1279 D OomAdjuster: Not killing cached processes
05-20 13:45:32.357  1247  2599 I Telecom : : isInEmergencyCall: false: TSI.iIEC@BRQ
05-20 13:45:34.685  1247  2599 I Telecom : : isInEmergencyCall: false: TSI.iIEC@BRU
05-20 13:45:34.726  1247  2599 D OomAdjuster: Not killing cached processes
05-20 13:45:37.207  1247  1430 D CoreBackPreview: Window{9d7c51 u0 VolumeDialogImpl}: Setting back callback OnBackInvokedCallbackInfo{mCallback=android.window.IOnBackInvokedCallback$Stub$Proxy@e7ecdb7, mPriority=0}
05-20 13:45:37.703  1247  2599 I Telecom : : isInEmergencyCall: false: TSI.iIEC@BRo
05-20 13:45:40.717  1247  2599 I Telecom : : isInEmergencyCall: false: TSI.iIEC@BR8
05-20 13:45:41.557  1247  2599 D CoreBackPreview: Window{9d7c51 u0 VolumeDialogImpl}: Setting back callback null
05-20 13:45:41.605  1247  1279 D OomAdjuster: Not killing cached processes
05-20 13:45:43.737  1247  7355 I Telecom : : isInEmergencyCall: false: TSI.iIEC@BSA
05-20 13:45:45.058  1247  7355 D CoreBackPreview: Window{39f8354 u0 VolumeDialogImpl}: Setting back callback OnBackInvokedCallbackInfo{mCallback=android.window.IOnBackInvokedCallback$Stub$Proxy@8717bf2, mPriority=0}
05-20 13:45:46.754  1247  7355 I Telecom : : isInEmergencyCall: false: TSI.iIEC@BSU
05-20 13:45:48.424  1247  7355 D CoreBackPreview: Window{39f8354 u0 VolumeDialogImpl}: Setting back callback null
05-20 13:45:49.766  1247  1430 I Telecom : : isInEmergencyCall: false: TSI.iIEC@BSY
05-20 13:45:50.660  1247  1430 D OomAdjuster: Not killing cached processes
05-20 13:45:52.779  1247  3712 I Telecom : : isInEmergencyCall: false: TSI.iIEC@BSc
05-20 13:45:55.108  1247  4832 I Telecom : : isInEmergencyCall: false: TSI.iIEC@BSg
05-20 13:45:56.691  1247  1279 D OomAdjuster: Not killing cached processes
05-20 13:45:58.124  1247  8358 I Telecom : : isInEmergencyCall: false: TSI.iIEC@BSk
05-20 13:45:59.333  1247  4832 D CoreBackPreview: Window{48599ee u0 VolumeDialogImpl}: Setting back callback OnBackInvokedCallbackInfo{mCallback=android.window.IOnBackInvokedCallback$Stub$Proxy@1dd651c, mPriority=0}
05-20 13:46:01.144  1247  8358 I Telecom : : isInEmergencyCall: false: TSI.iIEC@BS4
05-20 13:46:02.694  1247  8358 D CoreBackPreview: Window{48599ee u0 VolumeDialogImpl}: Setting back callback null
05-20 13:46:04.155  1247  4832 I Telecom : : isInEmergencyCall: false: TSI.iIEC@BS8
05-20 13:46:07.170  1247  2669 I Telecom : : isInEmergencyCall: false: TSI.iIEC@BTA
05-20 13:46:10.186  1247  4832 I Telecom : : isInEmergencyCall: false: TSI.iIEC@BTE
05-20 13:46:10.966  1247  1287 W BatteryExternalStatsWorker: error reading Bluetooth stats: 9
05-20 13:46:11.759  1247  1430 D OomAdjuster: Not killing cached processes
05-20 13:46:13.201  1247  1430 I Telecom : : isInEmergencyCall: false: TSI.iIEC@BTI
05-20 13:46:13.882  1247  1247 I ContentCaptureManagerService: Content capture data sharing session terminated successfully for package 'com.google.android.googlequicksearchbox'
05-20 13:46:15.505  1247  3712 W ContextImpl: Calling a method in the system process without a qualified user: android.app.ContextImpl.sendBroadcastMultiplePermissions:1278 android.content.Context.sendBroadcastMultiplePermissions:2282 com.android.server.TelephonyRegistry.broadcastDataConnectionStateChanged:3281 com.android.server.TelephonyRegistry.notifyDataConnectionForSubscriber:2036 com.android.internal.telephony.ITelephonyRegistry$Stub.onTransact:571 
05-20 13:46:15.535  1247  3712 W ContextImpl: Calling a method in the system process without a qualified user: android.app.ContextImpl.sendBroadcastMultiplePermissions:1278 android.content.Context.sendBroadcastMultiplePermissions:2282 com.android.server.TelephonyRegistry.broadcastDataConnectionStateChanged:3281 com.android.server.TelephonyRegistry.notifyDataConnectionForSubscriber:2036 com.android.internal.telephony.ITelephonyRegistry$Stub.onTransact:571 
05-20 13:46:17.437  1247  4832 D OomAdjuster: Not killing cached processes
05-20 13:46:21.925  1247  4832 W JobScheduler: Job didn't exist in JobStore: fd8de16 #u0a525/7216 com.whatsapp/androidx.work.impl.background.systemjob.SystemJobService
05-20 13:46:22.505  1247  2669 W ContextImpl: Calling a method in the system process without a qualified user: android.app.ContextImpl.sendBroadcastMultiplePermissions:1278 android.content.Context.sendBroadcastMultiplePermissions:2282 com.android.server.TelephonyRegistry.broadcastDataConnectionStateChanged:3281 com.android.server.TelephonyRegistry.notifyDataConnectionForSubscriber:2036 com.android.internal.telephony.ITelephonyRegistry$Stub.onTransact:571 
05-20 13:46:22.540  1247  3712 I Telecom : : isInEmergencyCall: false: TSI.iIEC@BTM
05-20 13:46:22.569  1247  3712 W ContextImpl: Calling a method in the system process without a qualified user: android.app.ContextImpl.sendBroadcastMultiplePermissions:1278 android.content.Context.sendBroadcastMultiplePermissions:2282 com.android.server.TelephonyRegistry.broadcastDataConnectionStateChanged:3281 com.android.server.TelephonyRegistry.notifyDataConnectionForSubscriber:2036 com.android.internal.telephony.ITelephonyRegistry$Stub.onTransact:571 
05-20 13:46:25.558  1247  1430 I Telecom : : isInEmergencyCall: false: TSI.iIEC@BTQ
05-20 13:46:28.574  1247  3154 I Telecom : : isInEmergencyCall: false: TSI.iIEC@BTU
05-20 13:46:29.461  1247  3154 D OomAdjuster: Not killing cached processes
05-20 13:46:31.589  1247  3154 I Telecom : : isInEmergencyCall: false: TSI.iIEC@BTY
05-20 13:46:34.578  1247  1430 D OomAdjuster: Not killing cached processes
05-20 13:46:34.603  1247  1430 I Telecom : : isInEmergencyCall: false: TSI.iIEC@BTc
05-20 13:46:37.618  1247  1430 I Telecom : : isInEmergencyCall: false: TSI.iIEC@BTg
05-20 13:46:40.632  1247  3154 I Telecom : : isInEmergencyCall: false: TSI.iIEC@BTk
05-20 13:46:42.963  1247  3154 I Telecom : : isInEmergencyCall: false: TSI.iIEC@BTo
05-20 13:46:44.900  1247  3712 D OomAdjuster: Not killing cached processes
05-20 13:46:45.695  1247  3712 D CoreBackPreview: Window{da40f57 u0 VolumeDialogImpl}: Setting back callback OnBackInvokedCallbackInfo{mCallback=android.window.IOnBackInvokedCallback$Stub$Proxy@6eb72d, mPriority=0}
05-20 13:46:45.974  1247  3712 I Telecom : : isInEmergencyCall: false: TSI.iIEC@BUE
05-20 13:46:48.993  1247  4832 I Telecom : : isInEmergencyCall: false: TSI.iIEC@BUI
05-20 13:46:49.239  1247  8358 D CoreBackPreview: Window{da40f57 u0 VolumeDialogImpl}: Setting back callback null
05-20 13:46:50.941  1247  1279 D OomAdjuster: Not killing cached processes
05-20 13:46:52.009  1247  4832 I Telecom : : isInEmergencyCall: false: TSI.iIEC@BUM
05-20 13:46:53.169  1247  4832 D CoreBackPreview: Window{33c260c u0 VolumeDialogImpl}: Setting back callback OnBackInvokedCallbackInfo{mCallback=android.window.IOnBackInvokedCallback$Stub$Proxy@202e96a, mPriority=0}
05-20 13:46:55.022  1247  4832 I Telecom : : isInEmergencyCall: false: TSI.iIEC@BUw
05-20 13:46:56.959  1247  2052 D OomAdjuster: Not killing cached processes
05-20 13:46:58.037  1247  2052 I Telecom : : isInEmergencyCall: false: TSI.iIEC@BVE
05-20 13:46:58.834  1247  2052 D CoreBackPreview: Window{33c260c u0 VolumeDialogImpl}: Setting back callback null
05-20 13:47:01.052  1247  3154 I Telecom : : isInEmergencyCall: false: TSI.iIEC@BVI
05-20 13:47:02.997  1247  1279 D OomAdjuster: Not killing cached processes
05-20 13:47:03.376  1247  3154 I Telecom : : isInEmergencyCall: false: TSI.iIEC@BVM
05-20 13:47:06.391  1247  3154 I Telecom : : isInEmergencyCall: false: TSI.iIEC@BVQ
05-20 13:47:09.290  1247  1430 D CoreBackPreview: Window{89144b u0 VolumeDialogImpl}: Setting back callback OnBackInvokedCallbackInfo{mCallback=android.window.IOnBackInvokedCallback$Stub$Proxy@fc08741, mPriority=0}
05-20 13:47:09.403  1247  2669 I Telecom : : isInEmergencyCall: false: TSI.iIEC@BVk
05-20 13:47:12.014  1247  3154 D OomAdjuster: Not killing cached processes
05-20 13:47:12.417  1247  8358 I Telecom : : isInEmergencyCall: false: TSI.iIEC@BWI
05-20 13:47:14.650  1247  2669 D CoreBackPreview: Window{89144b u0 VolumeDialogImpl}: Setting back callback null
05-20 13:47:15.429  1247  8358 I Telecom : : isInEmergencyCall: false: TSI.iIEC@BWM
05-20 13:47:18.447  1247  8358 I Telecom : : isInEmergencyCall: false: TSI.iIEC@BWQ
05-20 13:47:19.415  1247  1280 D OomAdjuster: Not killing cached processes
05-20 13:47:21.460  1247  8358 I Telecom : : isInEmergencyCall: false: TSI.iIEC@BWU
05-20 13:47:23.771  1247  8358 I Telecom : : isInEmergencyCall: false: TSI.iIEC@BWY
05-20 13:47:26.788  1247  2052 I Telecom : : isInEmergencyCall: false: TSI.iIEC@BWc
05-20 13:47:29.806  1247  2052 I Telecom : : isInEmergencyCall: false: TSI.iIEC@BWg
05-20 13:47:32.821  1247  2669 I Telecom : : isInEmergencyCall: false: TSI.iIEC@BWk
05-20 13:47:35.837  1247  2669 I Telecom : : isInEmergencyCall: false: TSI.iIEC@BWo
05-20 13:47:38.852  1247  3712 I Telecom : : isInEmergencyCall: false: TSI.iIEC@BWs
05-20 13:47:41.864  1247  1430 I Telecom : : isInEmergencyCall: false: TSI.iIEC@BWw
05-20 13:47:44.141  1247  3154 W ContextImpl: Calling a method in the system process without a qualified user: android.app.ContextImpl.sendBroadcastMultiplePermissions:1278 android.content.Context.sendBroadcastMultiplePermissions:2282 com.android.server.TelephonyRegistry.broadcastDataConnectionStateChanged:3281 com.android.server.TelephonyRegistry.notifyDataConnectionForSubscriber:2036 com.android.internal.telephony.ITelephonyRegistry$Stub.onTransact:571 
05-20 13:47:44.157  1247  2052 W ContextImpl: Calling a method in the system process without a qualified user: android.app.ContextImpl.sendBroadcastMultiplePermissions:1278 android.content.Context.sendBroadcastMultiplePermissions:2282 com.android.server.TelephonyRegistry.broadcastDataConnectionStateChanged:3281 com.android.server.TelephonyRegistry.notifyDataConnectionForSubscriber:2036 com.android.internal.telephony.ITelephonyRegistry$Stub.onTransact:571 
05-20 13:47:44.873  1247  3712 I Telecom : : isInEmergencyCall: false: TSI.iIEC@BW0
05-20 13:47:47.892  1247  8358 I Telecom : : isInEmergencyCall: false: TSI.iIEC@BW4
05-20 13:47:51.211  1247  1430 W ContextImpl: Calling a method in the system process without a qualified user: android.app.ContextImpl.sendBroadcastMultiplePermissions:1278 android.content.Context.sendBroadcastMultiplePermissions:2282 com.android.server.TelephonyRegistry.broadcastDataConnectionStateChanged:3281 com.android.server.TelephonyRegistry.notifyDataConnectionForSubscriber:2036 com.android.internal.telephony.ITelephonyRegistry$Stub.onTransact:571 
05-20 13:47:51.236  1247  1430 I Telecom : : isInEmergencyCall: false: TSI.iIEC@BW8
05-20 13:47:51.259  1247  8358 W ContextImpl: Calling a method in the system process without a qualified user: android.app.ContextImpl.sendBroadcastMultiplePermissions:1278 android.content.Context.sendBroadcastMultiplePermissions:2282 com.android.server.TelephonyRegistry.broadcastDataConnectionStateChanged:3281 com.android.server.TelephonyRegistry.notifyDataConnectionForSubscriber:2036 com.android.internal.telephony.ITelephonyRegistry$Stub.onTransact:571 
05-20 13:47:54.252  1247  3712 I Telecom : : isInEmergencyCall: false: TSI.iIEC@BXA
05-20 13:47:57.269  1247  1430 I Telecom : : isInEmergencyCall: false: TSI.iIEC@BXE
05-20 13:48:00.280  1247  8358 I Telecom : : isInEmergencyCall: false: TSI.iIEC@BXI
05-20 13:48:03.298  1247  2052 I Telecom : : isInEmergencyCall: false: TSI.iIEC@BXM
05-20 13:48:06.311  1247  2052 I Telecom : : isInEmergencyCall: false: TSI.iIEC@BXQ
05-20 13:48:09.327  1247  8358 I Telecom : : isInEmergencyCall: false: TSI.iIEC@BXU
05-20 13:48:11.631  1247  8358 I Telecom : : isInEmergencyCall: false: TSI.iIEC@BXY
05-20 13:48:14.647  1247  2052 I Telecom : : isInEmergencyCall: false: TSI.iIEC@BXc
05-20 13:48:17.657  1247  2052 I Telecom : : isInEmergencyCall: false: TSI.iIEC@BXg
05-20 13:48:20.667  1247  3154 I Telecom : : isInEmergencyCall: false: TSI.iIEC@BXk
05-20 13:48:23.680  1247  2052 I Telecom : : isInEmergencyCall: false: TSI.iIEC@BXo
05-20 13:48:32.033  1247  2052 I Telecom : : isInEmergencyCall: false: TSI.iIEC@BXs
05-20 13:48:32.884  1247  1247 D OomAdjuster: Not killing cached processes
05-20 13:48:35.047  1247  2052 I Telecom : : isInEmergencyCall: false: TSI.iIEC@BXw
05-20 13:48:38.060  1247  3712 I Telecom : : isInEmergencyCall: false: TSI.iIEC@BX0
05-20 13:48:41.073  1247  3712 I Telecom : : isInEmergencyCall: false: TSI.iIEC@BX4
05-20 13:48:44.090  1247  3712 I Telecom : : isInEmergencyCall: false: TSI.iIEC@BX8
05-20 13:48:47.100  1247  2052 I Telecom : : isInEmergencyCall: false: TSI.iIEC@BYA
05-20 13:48:50.112  1247  2052 I Telecom : : isInEmergencyCall: false: TSI.iIEC@BYE
05-20 13:48:52.450  1247  2052 I Telecom : : isInEmergencyCall: false: TSI.iIEC@BYI
05-20 13:48:55.464  1247  3712 I Telecom : : isInEmergencyCall: false: TSI.iIEC@BYM
05-20 13:48:58.477  1247  3712 I Telecom : : isInEmergencyCall: false: TSI.iIEC@BYQ
05-20 13:48:59.389  1247  1262 I ActivityManager: Process com.google.android.gm (pid 6193) has died: cch+45 CEM 
05-20 13:48:59.392  1247  1262 D OomAdjuster: Not killing cached processes
05-20 13:49:01.487  1247  1262 I Telecom : : isInEmergencyCall: false: TSI.iIEC@BYU
05-20 13:49:04.499  1247  1430 I Telecom : : isInEmergencyCall: false: TSI.iIEC@BYY
05-20 13:49:07.513  1247  1262 I Telecom : : isInEmergencyCall: false: TSI.iIEC@BYc
05-20 13:49:10.528  1247  1430 I Telecom : : isInEmergencyCall: false: TSI.iIEC@BYg
05-20 13:49:12.834  1247  2599 W ContextImpl: Calling a method in the system process without a qualified user: android.app.ContextImpl.sendBroadcastMultiplePermissions:1278 android.content.Context.sendBroadcastMultiplePermissions:2282 com.android.server.TelephonyRegistry.broadcastDataConnectionStateChanged:3281 com.android.server.TelephonyRegistry.notifyDataConnectionForSubscriber:2036 com.android.internal.telephony.ITelephonyRegistry$Stub.onTransact:571 
05-20 13:49:12.852  1247  1262 W ContextImpl: Calling a method in the system process without a qualified user: android.app.ContextImpl.sendBroadcastMultiplePermissions:1278 android.content.Context.sendBroadcastMultiplePermissions:2282 com.android.server.TelephonyRegistry.broadcastDataConnectionStateChanged:3281 com.android.server.TelephonyRegistry.notifyDataConnectionForSubscriber:2036 com.android.internal.telephony.ITelephonyRegistry$Stub.onTransact:571 
05-20 13:49:13.541  1247  1262 I Telecom : : isInEmergencyCall: false: TSI.iIEC@BYk
05-20 13:49:16.559  1247  1262 I Telecom : : isInEmergencyCall: false: TSI.iIEC@BYo
05-20 13:49:19.437  1247  1280 D OomAdjuster: Not killing cached processes
05-20 13:49:19.570  1247  7965 I Telecom : : isInEmergencyCall: false: TSI.iIEC@BYs
05-20 13:49:20.413  1247  2599 W ContextImpl: Calling a method in the system process without a qualified user: android.app.ContextImpl.sendBroadcastMultiplePermissions:1278 android.content.Context.sendBroadcastMultiplePermissions:2282 com.android.server.TelephonyRegistry.broadcastDataConnectionStateChanged:3281 com.android.server.TelephonyRegistry.notifyDataConnectionForSubscriber:2036 com.android.internal.telephony.ITelephonyRegistry$Stub.onTransact:571 
05-20 13:49:20.493  1247  7965 I Telecom : : isInEmergencyCall: false: TSI.iIEC@BYw
05-20 13:49:20.495  1247  2599 W ContextImpl: Calling a method in the system process without a qualified user: android.app.ContextImpl.sendBroadcastMultiplePermissions:1278 android.content.Context.sendBroadcastMultiplePermissions:2282 com.android.server.TelephonyRegistry.broadcastDataConnectionStateChanged:3281 com.android.server.TelephonyRegistry.notifyDataConnectionForSubscriber:2036 com.android.internal.telephony.ITelephonyRegistry$Stub.onTransact:571 
05-20 13:49:23.505  1247  2599 I Telecom : : isInEmergencyCall: false: TSI.iIEC@BY0
05-20 13:49:25.379  1247  1280 D OomAdjuster: Not killing cached processes
05-20 13:49:26.516  1247  1430 I Telecom : : isInEmergencyCall: false: TSI.iIEC@BY4
05-20 13:49:29.530  1247  1430 I Telecom : : isInEmergencyCall: false: TSI.iIEC@BY8
05-20 13:49:30.804  1247  1430 D OomAdjuster: Not killing cached processes
05-20 13:49:40.592  1247  3154 D OomAdjuster: Not killing cached processes
05-20 13:49:41.175  1247  3154 I Telecom : : isInEmergencyCall: false: TSI.iIEC@BZA
05-20 13:49:44.191  1247  2599 I Telecom : : isInEmergencyCall: false: TSI.iIEC@BZE
05-20 13:49:47.200  1247  2599 I Telecom : : isInEmergencyCall: false: TSI.iIEC@BZI
05-20 13:49:49.979  1247  3154 I ActivityManager: Killing 7223:com.google.android.projection.gearhead:car/u0a451 (adj 945): empty #33
05-20 13:49:49.980  1247  3154 I ActivityManager: Killing 6924:tw.nekomimi.nekogram/u0a527 (adj 985): empty #34
05-20 13:49:49.981  1247  3154 I ActivityManager: Killing 5715:com.golgappa.studyrays/u0a568 (adj 995): empty #35
05-20 13:49:49.981  1247  3154 I ActivityManager: Killing 4345:com.google.android.apps.restore/u0a458 (adj 945): empty #36
05-20 13:49:49.982  1247  3154 I ActivityManager: Killing 6722:com.oyeah.alpha/u0a531 (adj 995): empty #37
05-20 13:49:49.982  1247  3154 I ActivityManager: Killing 6784:com.termux/u0a538 (adj 995): empty #38
05-20 13:49:49.983  1247  3154 I ActivityManager: Killing 6672:com.microsoft.office.word/u0a550 (adj 999): empty #39
05-20 13:49:49.983  1247  3154 I ActivityManager: Killing 6359:com.google.android.videos/u0a556 (adj 945): empty #40
05-20 13:49:49.984  1247  3154 I ActivityManager: Killing 5724:com.google.android.gms.ui/u0a446 (adj 955): empty #41
05-20 13:49:49.985  1247  3154 I ActivityManager: Killing 5847:com.google.android.apps.docs/u0a542 (adj 955): empty #42
05-20 13:49:49.986  1247  3154 I ActivityManager: Killing 2751:com.google.android.projection.gearhead:projection/u0a451 (adj 955): empty #43
05-20 13:49:49.986  1247  3154 I ActivityManager: Killing 5746:com.google.android.marvin.talkback/u0a473 (adj 999): empty #44
05-20 13:49:49.987  1247  3154 I ActivityManager: Killing 4401:com.google.android.apps.safetyhub/u0a454 (adj 955): empty #45
05-20 13:49:49.987  1247  3154 I ActivityManager: Killing 5441:com.bittorrent.client/u0a540 (adj 999): empty #46
05-20 13:49:49.988  1247  3154 I ActivityManager: Killing 5372:org.calyxos.ripple/u0a479 (adj 999): empty #47
05-20 13:49:49.989  1247  3154 I ActivityManager: Killing 5149:com.google.android.partnersetup/u0a457 (adj 965): empty #48
05-20 13:49:49.989  1247  3154 I ActivityManager: Killing 2347:com.google.android.deskclock/u0a481 (adj 965): empty #49
05-20 13:49:49.990  1247  3154 I ActivityManager: Killing 5236:com.google.android.setupwizard/u0a459 (adj 999): empty #50
05-20 13:49:49.991  1247  3154 I ActivityManager: Killing 5133:com.google.android.packageinstaller/u0a414 (adj 999): empty #51
05-20 13:49:49.991  1247  3154 I ActivityManager: Killing 5105:com.google.android.onetimeinitializer/u0a443 (adj 999): empty #52
05-20 13:49:49.991  1247  3154 I ActivityManager: Killing 1746:com.google.android.flipendo/u0a502 (adj 999): empty #53
05-20 13:49:49.992  1247  3154 I ActivityManager: Killing 4773:com.google.android.configupdater/u0a444 (adj 999): empty #54
05-20 13:49:49.992  1247  3154 I ActivityManager: Killing 4601:com.google.android.apps.turbo:ssb/u0a453 (adj 965): empty #55
05-20 13:49:49.993  1247  3154 I ActivityManager: Killing 4183:com.google.android.apps.recorder/u0a442 (adj 965): empty #56
05-20 13:49:49.993  1247  3154 I ActivityManager: Killing 2952:android.process.media/u0a412 (adj 999): empty #57
05-20 13:49:49.994  1247  3154 I ActivityManager: Killing 3938:com.android.externalstorage/u0a422 (adj 999): empty #58
05-20 13:49:49.995  1247  3154 I ActivityManager: Killing 2947:com.android.printspooler/u0a427 (adj 999): empty #59
05-20 13:49:49.995  1247  3154 I ActivityManager: Killing 3433:com.android.statementservice/u0a424 (adj 999): empty #60
05-20 13:49:49.996  1247  3154 I ActivityManager: Killing 3401:com.android.shell/2000 (adj 999): empty #61
05-20 13:49:49.996  1247  3154 I ActivityManager: Killing 3319:com.android.localtransport/1000 (adj 999): empty #62
05-20 13:49:49.997  1247  3154 I ActivityManager: Killing 2702:com.android.keychain/1000 (adj 999): empty #63
05-20 13:49:49.998  1247  3154 I ActivityManager: Killing 3045:com.android.imsserviceentitlement/u0a452 (adj 999): empty #64
05-20 13:49:49.998  1247  3154 I ActivityManager: Killing 3173:com.android.managedprovisioning/u0a423 (adj 999): empty #65
05-20 13:49:49.998  1247  3154 I ActivityManager: Killing 3091:com.android.dynsystem:dynsystem/1000 (adj 999): empty #66
05-20 13:49:49.999  1247  3154 I ActivityManager: Killing 3010:com.android.dynsystem/1000 (adj 999): empty #67
05-20 13:49:50.213  1247  1262 I Telecom : : isInEmergencyCall: false: TSI.iIEC@BZM
05-20 13:49:50.243  1247  8357 I MediaSessionStack: removeSession | record: com.google.android.videos/play_movies_media (userId=0)
05-20 13:49:53.227  1247 10062 I Telecom : : isInEmergencyCall: false: TSI.iIEC@BZQ
05-20 13:49:55.494  1247  1279 I ActivityManager: Killing 3882:com.google.android.apps.nbu.files/u0a462 (adj 945): empty #33
05-20 13:49:56.240  1247  3712 I Telecom : : isInEmergencyCall: false: TSI.iIEC@BZU
05-20 13:49:59.258  1247  2600 I Telecom : : isInEmergencyCall: false: TSI.iIEC@BZY
05-20 13:50:01.582  1247  3712 I Telecom : : isInEmergencyCall: false: TSI.iIEC@BZc
05-20 13:50:03.758  1247  1247 I ContentCaptureManagerService: Content capture data sharing session terminated successfully for package 'com.google.android.googlequicksearchbox'
05-20 13:50:04.597  1247  2600 I Telecom : : isInEmergencyCall: false: TSI.iIEC@BZg
05-20 13:50:07.614  1247  3712 I Telecom : : isInEmergencyCall: false: TSI.iIEC@BZk
05-20 13:50:10.632  1247  8357 I Telecom : : isInEmergencyCall: false: TSI.iIEC@BZo
05-20 13:50:13.647  1247  8357 I Telecom : : isInEmergencyCall: false: TSI.iIEC@BZs
05-20 13:50:16.664  1247  3712 I Telecom : : isInEmergencyCall: false: TSI.iIEC@BZw
05-20 13:50:19.680  1247  3712 I Telecom : : isInEmergencyCall: false: TSI.iIEC@BZ0
05-20 13:50:22.027  1247  3712 I Telecom : : isInEmergencyCall: false: TSI.iIEC@BZ4
05-20 13:50:25.038  1247  3712 I Telecom : : isInEmergencyCall: false: TSI.iIEC@BZ8
05-20 13:50:28.048  1247  3712 I Telecom : : isInEmergencyCall: false: TSI.iIEC@BaA
05-20 13:50:29.418  1247  2600 I ActivityManager: Process com.google.android.calendar (pid 4637) has died: cch+5 CEM 
05-20 13:50:31.063  1247  2600 I Telecom : : isInEmergencyCall: false: TSI.iIEC@BaE
05-20 13:50:34.079  1247  2652 I Telecom : : isInEmergencyCall: false: TSI.iIEC@BaI
05-20 13:50:37.095  1247  2600 I Telecom : : isInEmergencyCall: false: TSI.iIEC@BaM
05-20 13:50:40.113  1247  2600 I Telecom : : isInEmergencyCall: false: TSI.iIEC@BaQ
05-20 13:50:42.422  1247  1263 W ContextImpl: Calling a method in the system process without a qualified user: android.app.ContextImpl.sendBroadcastMultiplePermissions:1278 android.content.Context.sendBroadcastMultiplePermissions:2282 com.android.server.TelephonyRegistry.broadcastDataConnectionStateChanged:3281 com.android.server.TelephonyRegistry.notifyDataConnectionForSubscriber:2036 com.android.internal.telephony.ITelephonyRegistry$Stub.onTransact:571 
05-20 13:50:42.441  1247  8357 W ContextImpl: Calling a method in the system process without a qualified user: android.app.ContextImpl.sendBroadcastMultiplePermissions:1278 android.content.Context.sendBroadcastMultiplePermissions:2282 com.android.server.TelephonyRegistry.broadcastDataConnectionStateChanged:3281 com.android.server.TelephonyRegistry.notifyDataConnectionForSubscriber:2036 com.android.internal.telephony.ITelephonyRegistry$Stub.onTransact:571 
05-20 13:50:49.154  1247  2599 W ContextImpl: Calling a method in the system process without a qualified user: android.app.ContextImpl.sendBroadcastMultiplePermissions:1278 android.content.Context.sendBroadcastMultiplePermissions:2282 com.android.server.TelephonyRegistry.broadcastDataConnectionStateChanged:3281 com.android.server.TelephonyRegistry.notifyDataConnectionForSubscriber:2036 com.android.internal.telephony.ITelephonyRegistry$Stub.onTransact:571 
05-20 13:50:49.183  1247  2599 I Telecom : : isInEmergencyCall: false: TSI.iIEC@BaU
05-20 13:50:49.204  1247  1263 W ContextImpl: Calling a method in the system process without a qualified user: android.app.ContextImpl.sendBroadcastMultiplePermissions:1278 android.content.Context.sendBroadcastMultiplePermissions:2282 com.android.server.TelephonyRegistry.broadcastDataConnectionStateChanged:3281 com.android.server.TelephonyRegistry.notifyDataConnectionForSubscriber:2036 com.android.internal.telephony.ITelephonyRegistry$Stub.onTransact:571 
05-20 13:50:52.198  1247  1263 I Telecom : : isInEmergencyCall: false: TSI.iIEC@BaY
05-20 13:50:55.218  1247  8357 I Telecom : : isInEmergencyCall: false: TSI.iIEC@Bac
05-20 13:50:55.713  1247  1287 D KernelCpuUidUserSysTimeReader: Removing uids 90000-90000
05-20 13:50:55.715  1247  1287 D KernelCpuUidUserSysTimeReader: Removing uids 90002-90002
