05-20 14:02:15.693  1247  3155 I Telecom : : isInEmergencyCall: false: TSI.iIEC@BtA
05-20 14:02:18.025  1247  8357 D CoreBackPreview: Window{39aec11 u0 VolumeDialogImpl}: Setting back callback null
05-20 14:02:18.712  1247  3155 I Telecom : : isInEmergencyCall: false: TSI.iIEC@BtE
05-20 14:02:21.727  1247  3155 I Telecom : : isInEmergencyCall: false: TSI.iIEC@BtI
05-20 14:02:24.744  1247  8357 I Telecom : : isInEmergencyCall: false: TSI.iIEC@BtM
05-20 14:02:27.759  1247  3155 I Telecom : : isInEmergencyCall: false: TSI.iIEC@BtQ
05-20 14:02:30.771  1247  3155 I Telecom : : isInEmergencyCall: false: TSI.iIEC@BtU
05-20 14:02:33.084  1247  3154 W ContextImpl: Calling a method in the system process without a qualified user: android.app.ContextImpl.sendBroadcastMultiplePermissions:1278 android.content.Context.sendBroadcastMultiplePermissions:2282 com.android.server.TelephonyRegistry.broadcastDataConnectionStateChanged:3281 com.android.server.TelephonyRegistry.notifyDataConnectionForSubscriber:2036 com.android.internal.telephony.ITelephonyRegistry$Stub.onTransact:571 
05-20 14:02:33.103  1247  3155 W ContextImpl: Calling a method in the system process without a qualified user: android.app.ContextImpl.sendBroadcastMultiplePermissions:1278 android.content.Context.sendBroadcastMultiplePermissions:2282 com.android.server.TelephonyRegistry.broadcastDataConnectionStateChanged:3281 com.android.server.TelephonyRegistry.notifyDataConnectionForSubscriber:2036 com.android.internal.telephony.ITelephonyRegistry$Stub.onTransact:571 
05-20 14:02:33.784  1247  3154 I Telecom : : isInEmergencyCall: false: TSI.iIEC@BtY
05-20 14:02:36.798  1247  3154 I Telecom : : isInEmergencyCall: false: TSI.iIEC@Btc
05-20 14:02:39.813  1247  8357 I Telecom : : isInEmergencyCall: false: TSI.iIEC@Btg
05-20 14:02:40.250  1247  2599 W ContextImpl: Calling a method in the system process without a qualified user: android.app.ContextImpl.sendBroadcastMultiplePermissions:1278 android.content.Context.sendBroadcastMultiplePermissions:2282 com.android.server.TelephonyRegistry.broadcastDataConnectionStateChanged:3281 com.android.server.TelephonyRegistry.notifyDataConnectionForSubscriber:2036 com.android.internal.telephony.ITelephonyRegistry$Stub.onTransact:571 
05-20 14:02:40.285  1247  8357 I Telecom : : isInEmergencyCall: false: TSI.iIEC@Btk
05-20 14:02:40.309  1247  8357 W ContextImpl: Calling a method in the system process without a qualified user: android.app.ContextImpl.sendBroadcastMultiplePermissions:1278 android.content.Context.sendBroadcastMultiplePermissions:2282 com.android.server.TelephonyRegistry.broadcastDataConnectionStateChanged:3281 com.android.server.TelephonyRegistry.notifyDataConnectionForSubscriber:2036 com.android.internal.telephony.ITelephonyRegistry$Stub.onTransact:571 
05-20 14:02:43.304  1247  3155 I Telecom : : isInEmergencyCall: false: TSI.iIEC@Bto
05-20 14:02:46.322  1247  3155 I Telecom : : isInEmergencyCall: false: TSI.iIEC@Bts
05-20 14:02:49.338  1247  3155 I Telecom : : isInEmergencyCall: false: TSI.iIEC@Btw
05-20 14:03:00.669  1247  2599 I Telecom : : isInEmergencyCall: false: TSI.iIEC@Bt0
05-20 14:03:03.684  1247  2599 I Telecom : : isInEmergencyCall: false: TSI.iIEC@Bt4
05-20 14:03:06.699  1247  3155 I Telecom : : isInEmergencyCall: false: TSI.iIEC@Bt8
05-20 14:03:09.723  1247  3154 I Telecom : : isInEmergencyCall: false: TSI.iIEC@BuA
05-20 14:03:12.735  1247  2599 I Telecom : : isInEmergencyCall: false: TSI.iIEC@BuE
05-20 14:03:15.748  1247  2599 I Telecom : : isInEmergencyCall: false: TSI.iIEC@BuI
05-20 14:03:18.763  1247  8357 I Telecom : : isInEmergencyCall: false: TSI.iIEC@BuM
05-20 14:03:21.058  1247  8357 I Telecom : : isInEmergencyCall: false: TSI.iIEC@BuQ
05-20 14:03:24.073  1247  2599 I Telecom : : isInEmergencyCall: false: TSI.iIEC@BuU
05-20 14:03:27.092  1247  2599 I Telecom : : isInEmergencyCall: false: TSI.iIEC@BuY
05-20 14:03:30.114  1247  8357 I Telecom : : isInEmergencyCall: false: TSI.iIEC@Buc
05-20 14:03:33.130  1247  8357 I Telecom : : isInEmergencyCall: false: TSI.iIEC@Bug
05-20 14:03:36.143  1247  8357 I Telecom : : isInEmergencyCall: false: TSI.iIEC@Buk
05-20 14:03:39.156  1247  2599 I Telecom : : isInEmergencyCall: false: TSI.iIEC@Buo
05-20 14:03:41.665  1247  2599 I Telecom : : isInEmergencyCall: false: TSI.iIEC@Bus
05-20 14:03:44.680  1247  2599 I Telecom : : isInEmergencyCall: false: TSI.iIEC@Buw
05-20 14:03:47.693  1247  8357 I Telecom : : isInEmergencyCall: false: TSI.iIEC@BvA
05-20 14:03:47.712  1247  7965 D CoreBackPreview: Window{2fddcbe u0 VolumeDialogImpl}: Setting back callback OnBackInvokedCallbackInfo{mCallback=android.window.IOnBackInvokedCallback$Stub$Proxy@101ec6c, mPriority=0}
05-20 14:03:50.710  1247  8357 I Telecom : : isInEmergencyCall: false: TSI.iIEC@BvI
05-20 14:03:51.085  1247  8357 D CoreBackPreview: Window{2fddcbe u0 VolumeDialogImpl}: Setting back callback null
05-20 14:03:53.728  1247  2599 I Telecom : : isInEmergencyCall: false: TSI.iIEC@BvM
05-20 14:03:56.742  1247  2599 I Telecom : : isInEmergencyCall: false: TSI.iIEC@BvQ
05-20 14:03:59.757  1247  3154 I Telecom : : isInEmergencyCall: false: TSI.iIEC@BvU
05-20 14:04:02.086  1247  7965 W ContextImpl: Calling a method in the system process without a qualified user: android.app.ContextImpl.sendBroadcastMultiplePermissions:1278 android.content.Context.sendBroadcastMultiplePermissions:2282 com.android.server.TelephonyRegistry.broadcastDataConnectionStateChanged:3281 com.android.server.TelephonyRegistry.notifyDataConnectionForSubscriber:2036 com.android.internal.telephony.ITelephonyRegistry$Stub.onTransact:571 
05-20 14:04:02.104  1247  7965 W ContextImpl: Calling a method in the system process without a qualified user: android.app.ContextImpl.sendBroadcastMultiplePermissions:1278 android.content.Context.sendBroadcastMultiplePermissions:2282 com.android.server.TelephonyRegistry.broadcastDataConnectionStateChanged:3281 com.android.server.TelephonyRegistry.notifyDataConnectionForSubscriber:2036 com.android.internal.telephony.ITelephonyRegistry$Stub.onTransact:571 
05-20 14:04:09.012  1247  8357 W ContextImpl: Calling a method in the system process without a qualified user: android.app.ContextImpl.sendBroadcastMultiplePermissions:1278 android.content.Context.sendBroadcastMultiplePermissions:2282 com.android.server.TelephonyRegistry.broadcastDataConnectionStateChanged:3281 com.android.server.TelephonyRegistry.notifyDataConnectionForSubscriber:2036 com.android.internal.telephony.ITelephonyRegistry$Stub.onTransact:571 
05-20 14:04:09.038  1247  8357 I Telecom : : isInEmergencyCall: false: TSI.iIEC@BvY
05-20 14:04:09.058  1247  2652 W ContextImpl: Calling a method in the system process without a qualified user: android.app.ContextImpl.sendBroadcastMultiplePermissions:1278 android.content.Context.sendBroadcastMultiplePermissions:2282 com.android.server.TelephonyRegistry.broadcastDataConnectionStateChanged:3281 com.android.server.TelephonyRegistry.notifyDataConnectionForSubscriber:2036 com.android.internal.telephony.ITelephonyRegistry$Stub.onTransact:571 
05-20 14:04:12.054  1247  8357 I Telecom : : isInEmergencyCall: false: TSI.iIEC@Bvc
05-20 14:04:12.863  1247  2599 D CoreBackPreview: Window{93a815d u0 VolumeDialogImpl}: Setting back callback OnBackInvokedCallbackInfo{mCallback=android.window.IOnBackInvokedCallback$Stub$Proxy@58717a3, mPriority=0}
05-20 14:04:15.073  1247  3154 I Telecom : : isInEmergencyCall: false: TSI.iIEC@BwA
05-20 14:04:18.087  1247  2599 I Telecom : : isInEmergencyCall: false: TSI.iIEC@BwU
05-20 14:04:18.312  1247  1287 W BatteryExternalStatsWorker: error reading Bluetooth stats: 9
05-20 14:04:18.856  1247  8357 D CoreBackPreview: Window{93a815d u0 VolumeDialogImpl}: Setting back callback null
05-20 14:04:21.095  1247  2599 I Telecom : : isInEmergencyCall: false: TSI.iIEC@BwY
05-20 14:04:24.108  1247  2599 I Telecom : : isInEmergencyCall: false: TSI.iIEC@Bwc
05-20 14:04:27.124  1247  8357 I Telecom : : isInEmergencyCall: false: TSI.iIEC@Bwg
05-20 14:04:27.330  1247  3154 D CoreBackPreview: Window{31344fc u0 VolumeDialogImpl}: Setting back callback OnBackInvokedCallbackInfo{mCallback=android.window.IOnBackInvokedCallback$Stub$Proxy@dbaf9da, mPriority=0}
05-20 14:04:29.465  1247  2652 I Telecom : : isInEmergencyCall: false: TSI.iIEC@Bw0
05-20 14:04:30.680  1247  2599 D CoreBackPreview: Window{31344fc u0 VolumeDialogImpl}: Setting back callback null
05-20 14:04:32.474  1247  3155 I Telecom : : isInEmergencyCall: false: TSI.iIEC@Bw4
05-20 14:04:35.490  1247  3155 I Telecom : : isInEmergencyCall: false: TSI.iIEC@Bw8
05-20 14:04:38.507  1247  3155 I Telecom : : isInEmergencyCall: false: TSI.iIEC@BxA
05-20 14:04:41.521  1247  3155 I Telecom : : isInEmergencyCall: false: TSI.iIEC@BxE
05-20 14:04:44.535  1247  3155 I Telecom : : isInEmergencyCall: false: TSI.iIEC@BxI
05-20 14:04:47.550  1247  3155 I Telecom : : isInEmergencyCall: false: TSI.iIEC@BxM
05-20 14:04:49.896  1247  8357 I Telecom : : isInEmergencyCall: false: TSI.iIEC@BxQ
05-20 14:04:52.911  1247  3155 I Telecom : : isInEmergencyCall: false: TSI.iIEC@BxU
05-20 14:04:55.928  1247  3155 I Telecom : : isInEmergencyCall: false: TSI.iIEC@BxY
05-20 14:04:58.943  1247  8357 I Telecom : : isInEmergencyCall: false: TSI.iIEC@Bxc
05-20 14:05:01.956  1247  3155 I Telecom : : isInEmergencyCall: false: TSI.iIEC@Bxg
05-20 14:05:04.969  1247  3155 I Telecom : : isInEmergencyCall: false: TSI.iIEC@Bxk
05-20 14:05:07.981  1247  3155 I Telecom : : isInEmergencyCall: false: TSI.iIEC@Bxo
05-20 14:05:10.294  1247  2652 I Telecom : : isInEmergencyCall: false: TSI.iIEC@Bxs
05-20 14:05:13.312  1247  2652 I Telecom : : isInEmergencyCall: false: TSI.iIEC@Bxw
05-20 14:05:16.325  1247  2652 I Telecom : : isInEmergencyCall: false: TSI.iIEC@Bx0
05-20 14:05:19.341  1247  2652 I Telecom : : isInEmergencyCall: false: TSI.iIEC@Bx4
05-20 14:05:22.356  1247  2600 I Telecom : : isInEmergencyCall: false: TSI.iIEC@Bx8
05-20 14:05:25.370  1247  2600 I Telecom : : isInEmergencyCall: false: TSI.iIEC@ByA
05-20 14:05:28.381  1247  2600 I Telecom : : isInEmergencyCall: false: TSI.iIEC@ByE
05-20 14:05:30.682  1247  8358 W ContextImpl: Calling a method in the system process without a qualified user: android.app.ContextImpl.sendBroadcastMultiplePermissions:1278 android.content.Context.sendBroadcastMultiplePermissions:2282 com.android.server.TelephonyRegistry.broadcastDataConnectionStateChanged:3281 com.android.server.TelephonyRegistry.notifyDataConnectionForSubscriber:2036 com.android.internal.telephony.ITelephonyRegistry$Stub.onTransact:571 
05-20 14:05:30.702  1247  3155 W ContextImpl: Calling a method in the system process without a qualified user: android.app.ContextImpl.sendBroadcastMultiplePermissions:1278 android.content.Context.sendBroadcastMultiplePermissions:2282 com.android.server.TelephonyRegistry.broadcastDataConnectionStateChanged:3281 com.android.server.TelephonyRegistry.notifyDataConnectionForSubscriber:2036 com.android.internal.telephony.ITelephonyRegistry$Stub.onTransact:571 
05-20 14:05:31.389  1247  7965 I Telecom : : isInEmergencyCall: false: TSI.iIEC@ByI
05-20 14:05:34.404  1247  7965 I Telecom : : isInEmergencyCall: false: TSI.iIEC@ByM
05-20 14:05:37.905  1247  3154 W ContextImpl: Calling a method in the system process without a qualified user: android.app.ContextImpl.sendBroadcastMultiplePermissions:1278 android.content.Context.sendBroadcastMultiplePermissions:2282 com.android.server.TelephonyRegistry.broadcastDataConnectionStateChanged:3281 com.android.server.TelephonyRegistry.notifyDataConnectionForSubscriber:2036 com.android.internal.telephony.ITelephonyRegistry$Stub.onTransact:571 
05-20 14:05:37.923  1247  3154 I Telecom : : isInEmergencyCall: false: TSI.iIEC@ByQ
05-20 14:05:37.964  1247  3154 W ContextImpl: Calling a method in the system process without a qualified user: android.app.ContextImpl.sendBroadcastMultiplePermissions:1278 android.content.Context.sendBroadcastMultiplePermissions:2282 com.android.server.TelephonyRegistry.broadcastDataConnectionStateChanged:3281 com.android.server.TelephonyRegistry.notifyDataConnectionForSubscriber:2036 com.android.internal.telephony.ITelephonyRegistry$Stub.onTransact:571 
05-20 14:05:40.934  1247  8358 I Telecom : : isInEmergencyCall: false: TSI.iIEC@ByU
05-20 14:05:43.947  1247  3155 I Telecom : : isInEmergencyCall: false: TSI.iIEC@ByY
05-20 14:05:45.810  1247  8358 D CoreBackPreview: Window{8c03d8d u0 VolumeDialogImpl}: Setting back callback OnBackInvokedCallbackInfo{mCallback=android.window.IOnBackInvokedCallback$Stub$Proxy@cf62753, mPriority=0}
05-20 14:05:46.961  1247  8358 I Telecom : : isInEmergencyCall: false: TSI.iIEC@Bys
05-20 14:05:49.173  1247  3155 D CoreBackPreview: Window{8c03d8d u0 VolumeDialogImpl}: Setting back callback null
05-20 14:05:49.974  1247  3155 I Telecom : : isInEmergencyCall: false: TSI.iIEC@Byw
05-20 14:05:52.990  1247  3155 I Telecom : : isInEmergencyCall: false: TSI.iIEC@By0
05-20 14:05:56.002  1247  2600 I Telecom : : isInEmergencyCall: false: TSI.iIEC@By4
05-20 14:05:58.315  1247  3154 I Telecom : : isInEmergencyCall: false: TSI.iIEC@By8
05-20 14:06:01.332  1247  2600 I Telecom : : isInEmergencyCall: false: TSI.iIEC@BzA
05-20 14:06:04.350  1247  3154 I Telecom : : isInEmergencyCall: false: TSI.iIEC@BzE
05-20 14:06:07.363  1247  3154 I Telecom : : isInEmergencyCall: false: TSI.iIEC@BzI
05-20 14:06:18.720  1247  8358 I Telecom : : isInEmergencyCall: false: TSI.iIEC@BzM
05-20 14:06:21.733  1247  8358 I Telecom : : isInEmergencyCall: false: TSI.iIEC@BzQ
05-20 14:06:24.750  1247  8358 I Telecom : : isInEmergencyCall: false: TSI.iIEC@BzU
05-20 14:06:25.268  1247  1287 W BatteryExternalStatsWorker: error reading Bluetooth stats: 9
05-20 14:06:27.762  1247  3154 I Telecom : : isInEmergencyCall: false: TSI.iIEC@BzY
05-20 14:06:30.778  1247  8358 I Telecom : : isInEmergencyCall: false: TSI.iIEC@Bzc
05-20 14:06:33.797  1247  8358 I Telecom : : isInEmergencyCall: false: TSI.iIEC@Bzg
05-20 14:06:36.810  1247  3154 I Telecom : : isInEmergencyCall: false: TSI.iIEC@Bzk
05-20 14:06:39.141  1247  2600 I Telecom : : isInEmergencyCall: false: TSI.iIEC@Bzo
05-20 14:06:42.153  1247  3155 I Telecom : : isInEmergencyCall: false: TSI.iIEC@Bzs
05-20 14:06:45.170  1247  2600 I Telecom : : isInEmergencyCall: false: TSI.iIEC@Bzw
05-20 14:06:48.182  1247  2600 I Telecom : : isInEmergencyCall: false: TSI.iIEC@Bz0
05-20 14:06:51.198  1247  3155 I Telecom : : isInEmergencyCall: false: TSI.iIEC@Bz4
05-20 14:06:54.210  1247  3158 I Telecom : : isInEmergencyCall: false: TSI.iIEC@Bz8
05-20 14:06:57.233  1247  3158 I Telecom : : isInEmergencyCall: false: TSI.iIEC@B0A
05-20 14:06:59.529  1247  3155 W ContextImpl: Calling a method in the system process without a qualified user: android.app.ContextImpl.sendBroadcastMultiplePermissions:1278 android.content.Context.sendBroadcastMultiplePermissions:2282 com.android.server.TelephonyRegistry.broadcastDataConnectionStateChanged:3281 com.android.server.TelephonyRegistry.notifyDataConnectionForSubscriber:2036 com.android.internal.telephony.ITelephonyRegistry$Stub.onTransact:571 
05-20 14:06:59.545  1247  2600 W ContextImpl: Calling a method in the system process without a qualified user: android.app.ContextImpl.sendBroadcastMultiplePermissions:1278 android.content.Context.sendBroadcastMultiplePermissions:2282 com.android.server.TelephonyRegistry.broadcastDataConnectionStateChanged:3281 com.android.server.TelephonyRegistry.notifyDataConnectionForSubscriber:2036 com.android.internal.telephony.ITelephonyRegistry$Stub.onTransact:571 
05-20 14:06:59.794  1247  1247 I ContentCaptureManagerService: Content capture data sharing session terminated successfully for package 'com.google.android.googlequicksearchbox'
05-20 14:07:00.251  1247  8358 I Telecom : : isInEmergencyCall: false: TSI.iIEC@B0E
05-20 14:07:03.267  1247  2600 I Telecom : : isInEmergencyCall: false: TSI.iIEC@B0I
05-20 14:07:06.283  1247  8358 I Telecom : : isInEmergencyCall: false: TSI.iIEC@B0M
05-20 14:07:06.495  1247  3158 W ContextImpl: Calling a method in the system process without a qualified user: android.app.ContextImpl.sendBroadcastMultiplePermissions:1278 android.content.Context.sendBroadcastMultiplePermissions:2282 com.android.server.TelephonyRegistry.broadcastDataConnectionStateChanged:3281 com.android.server.TelephonyRegistry.notifyDataConnectionForSubscriber:2036 com.android.internal.telephony.ITelephonyRegistry$Stub.onTransact:571 
05-20 14:07:06.536  1247  2600 I Telecom : : isInEmergencyCall: false: TSI.iIEC@B0Q
05-20 14:07:06.559  1247  2600 W ContextImpl: Calling a method in the system process without a qualified user: android.app.ContextImpl.sendBroadcastMultiplePermissions:1278 android.content.Context.sendBroadcastMultiplePermissions:2282 com.android.server.TelephonyRegistry.broadcastDataConnectionStateChanged:3281 com.android.server.TelephonyRegistry.notifyDataConnectionForSubscriber:2036 com.android.internal.telephony.ITelephonyRegistry$Stub.onTransact:571 
05-20 14:07:09.554  1247  2600 I Telecom : : isInEmergencyCall: false: TSI.iIEC@B0U
05-20 14:07:12.570  1247  8358 I Telecom : : isInEmergencyCall: false: TSI.iIEC@B0Y
05-20 14:07:15.585  1247  8358 I Telecom : : isInEmergencyCall: false: TSI.iIEC@B0c
05-20 14:07:18.604  1247  8358 I Telecom : : isInEmergencyCall: false: TSI.iIEC@B0g
05-20 14:07:26.959  1247  3158 I Telecom : : isInEmergencyCall: false: TSI.iIEC@B0k
05-20 14:07:29.973  1247  3158 I Telecom : : isInEmergencyCall: false: TSI.iIEC@B0o
05-20 14:07:32.038  1247  3158 D CoreBackPreview: Window{7a7da29 u0 VolumeDialogImpl}: Setting back callback OnBackInvokedCallbackInfo{mCallback=android.window.IOnBackInvokedCallback$Stub$Proxy@e33b4f, mPriority=0}
05-20 14:07:32.885  1247  3158 W ActivityManager: Unable to start service Intent { cmp=com.google.android.turboadapter/.GoogleBatteryService } U=0: not found
05-20 14:07:32.885  1247  8358 W ActivityManager: Unable to start service Intent { cmp=com.google.android.turboadapter/.GoogleBatteryService } U=0: not found
05-20 14:07:32.897  2799  2799 E ActivityThread: Service com.google.android.apps.turbo.deadline.library.DeadlineUpdateJobService has leaked ServiceConnection aut@2edddf that was originally bound here
05-20 14:07:32.897  2799  2799 E ActivityThread: android.app.ServiceConnectionLeaked: Service com.google.android.apps.turbo.deadline.library.DeadlineUpdateJobService has leaked ServiceConnection aut@2edddf that was originally bound here
05-20 14:07:32.897  2799  2799 E ActivityThread: 	at android.app.LoadedApk$ServiceDispatcher.<init>(LoadedApk.java:2045)
05-20 14:07:32.897  2799  2799 E ActivityThread: 	at android.app.LoadedApk.getServiceDispatcherCommon(LoadedApk.java:1917)
05-20 14:07:32.897  2799  2799 E ActivityThread: 	at android.app.LoadedApk.getServiceDispatcher(LoadedApk.java:1896)
05-20 14:07:32.897  2799  2799 E ActivityThread: 	at android.app.ContextImpl.bindServiceCommon(ContextImpl.java:2027)
05-20 14:07:32.897  2799  2799 E ActivityThread: 	at android.app.ContextImpl.bindService(ContextImpl.java:1957)
05-20 14:07:32.897  2799  2799 E ActivityThread: 	at android.content.ContextWrapper.bindService(ContextWrapper.java:853)
05-20 14:07:32.897  2799  2799 E ActivityThread: 	at aup.a(PG:16)
05-20 14:07:32.897  2799  2799 E ActivityThread: 	at hu.b(PG:3)
05-20 14:07:32.897  2799  2799 E ActivityThread: 	at com.google.android.apps.turbo.deadline.library.DeadlineUpdateJobService.c(PG:2)
05-20 14:07:32.897  2799  2799 E ActivityThread: 	at atm.run(PG:68)
05-20 14:07:32.897  2799  2799 E ActivityThread: 	at java.util.concurrent.Executors$RunnableAdapter.call(Executors.java:463)
05-20 14:07:32.897  2799  2799 E ActivityThread: 	at dpi.a(PG:1)
05-20 14:07:32.897  2799  2799 E ActivityThread: 	at dor.run(PG:4)
05-20 14:07:32.897  2799  2799 E ActivityThread: 	at dpj.run(PG:1)
05-20 14:07:32.897  2799  2799 E ActivityThread: 	at java.util.concurrent.ThreadPoolExecutor.runWorker(ThreadPoolExecutor.java:1137)
05-20 14:07:32.897  2799  2799 E ActivityThread: 	at java.util.concurrent.ThreadPoolExecutor$Worker.run(ThreadPoolExecutor.java:637)
05-20 14:07:32.897  2799  2799 E ActivityThread: 	at java.lang.Thread.run(Thread.java:1012)
05-20 14:07:32.901  1247  2600 W ActivityManager: Unbind failed: could not find connection for android.os.BinderProxy@142a66a
05-20 14:07:32.902  2799  2799 E ActivityThread: Service com.google.android.apps.turbo.deadline.library.BatteryFlagService has leaked ServiceConnection aut@a35e33d that was originally bound here
05-20 14:07:32.902  2799  2799 E ActivityThread: android.app.ServiceConnectionLeaked: Service com.google.android.apps.turbo.deadline.library.BatteryFlagService has leaked ServiceConnection aut@a35e33d that was originally bound here
05-20 14:07:32.902  2799  2799 E ActivityThread: 	at android.app.LoadedApk$ServiceDispatcher.<init>(LoadedApk.java:2045)
05-20 14:07:32.902  2799  2799 E ActivityThread: 	at android.app.LoadedApk.getServiceDispatcherCommon(LoadedApk.java:1917)
05-20 14:07:32.902  2799  2799 E ActivityThread: 	at android.app.LoadedApk.getServiceDispatcher(LoadedApk.java:1896)
05-20 14:07:32.902  2799  2799 E ActivityThread: 	at android.app.ContextImpl.bindServiceCommon(ContextImpl.java:2027)
05-20 14:07:32.902  2799  2799 E ActivityThread: 	at android.app.ContextImpl.bindService(ContextImpl.java:1957)
05-20 14:07:32.902  2799  2799 E ActivityThread: 	at android.content.ContextWrapper.bindService(ContextWrapper.java:853)
05-20 14:07:32.902  2799  2799 E ActivityThread: 	at aup.a(PG:9)
05-20 14:07:32.902  2799  2799 E ActivityThread: 	at hu.b(PG:3)
05-20 14:07:32.902  2799  2799 E ActivityThread: 	at com.google.android.apps.turbo.deadline.library.BatteryFlagService.c(PG:1)
05-20 14:07:32.902  2799  2799 E ActivityThread: 	at atm.run(PG:85)
05-20 14:07:32.902  2799  2799 E ActivityThread: 	at java.util.concurrent.Executors$RunnableAdapter.call(Executors.java:463)
05-20 14:07:32.902  2799  2799 E ActivityThread: 	at dpi.a(PG:1)
05-20 14:07:32.902  2799  2799 E ActivityThread: 	at dor.run(PG:4)
05-20 14:07:32.902  2799  2799 E ActivityThread: 	at dpj.run(PG:1)
05-20 14:07:32.902  2799  2799 E ActivityThread: 	at java.util.concurrent.ThreadPoolExecutor.runWorker(ThreadPoolExecutor.java:1137)
05-20 14:07:32.902  2799  2799 E ActivityThread: 	at java.util.concurrent.ThreadPoolExecutor$Worker.run(ThreadPoolExecutor.java:637)
05-20 14:07:32.902  2799  2799 E ActivityThread: 	at java.lang.Thread.run(Thread.java:1012)
05-20 14:07:32.904  1247  3154 W ActivityManager: Unbind failed: could not find connection for android.os.BinderProxy@811575b
05-20 14:07:32.988  1247  3154 I Telecom : : isInEmergencyCall: false: TSI.iIEC@B08
05-20 14:07:35.402  1247  3158 D CoreBackPreview: Window{7a7da29 u0 VolumeDialogImpl}: Setting back callback null
05-20 14:07:36.001  1247  3154 I Telecom : : isInEmergencyCall: false: TSI.iIEC@B1A
05-20 14:07:39.019  1247  3158 I Telecom : : isInEmergencyCall: false: TSI.iIEC@B1E
05-20 14:07:42.037  1247  3158 I Telecom : : isInEmergencyCall: false: TSI.iIEC@B1I
05-20 14:07:45.048  1247  3158 I Telecom : : isInEmergencyCall: false: TSI.iIEC@B1M
05-20 14:07:47.377  1247  3158 I Telecom : : isInEmergencyCall: false: TSI.iIEC@B1Q
05-20 14:07:50.394  1247  3154 I Telecom : : isInEmergencyCall: false: TSI.iIEC@B1U
05-20 14:07:53.409  1247  3158 I Telecom : : isInEmergencyCall: false: TSI.iIEC@B1Y
05-20 14:07:56.421  1247  8358 I Telecom : : isInEmergencyCall: false: TSI.iIEC@B1c
05-20 14:07:59.437  1247  3158 I Telecom : : isInEmergencyCall: false: TSI.iIEC@B1g
05-20 14:08:02.450  1247  3158 I Telecom : : isInEmergencyCall: false: TSI.iIEC@B1k
05-20 14:08:05.465  1247  8358 I Telecom : : isInEmergencyCall: false: TSI.iIEC@B1o
05-20 14:08:07.781  1247  3158 I Telecom : : isInEmergencyCall: false: TSI.iIEC@B1s
05-20 14:08:10.791  1247  3158 I Telecom : : isInEmergencyCall: false: TSI.iIEC@B1w
05-20 14:08:13.810  1247  8358 I Telecom : : isInEmergencyCall: false: TSI.iIEC@B10
05-20 14:08:16.824  1247  8358 I Telecom : : isInEmergencyCall: false: TSI.iIEC@B14
05-20 14:08:19.836  1247  3155 I Telecom : : isInEmergencyCall: false: TSI.iIEC@B18
05-20 14:08:22.847  1247  2652 I Telecom : : isInEmergencyCall: false: TSI.iIEC@B2A
05-20 14:08:25.865  1247  2652 I Telecom : : isInEmergencyCall: false: TSI.iIEC@B2E
05-20 14:08:28.162  1247  3158 W ContextImpl: Calling a method in the system process without a qualified user: android.app.ContextImpl.sendBroadcastMultiplePermissions:1278 android.content.Context.sendBroadcastMultiplePermissions:2282 com.android.server.TelephonyRegistry.broadcastDataConnectionStateChanged:3281 com.android.server.TelephonyRegistry.notifyDataConnectionForSubscriber:2036 com.android.internal.telephony.ITelephonyRegistry$Stub.onTransact:571 
05-20 14:08:28.182  1247  3158 W ContextImpl: Calling a method in the system process without a qualified user: android.app.ContextImpl.sendBroadcastMultiplePermissions:1278 android.content.Context.sendBroadcastMultiplePermissions:2282 com.android.server.TelephonyRegistry.broadcastDataConnectionStateChanged:3281 com.android.server.TelephonyRegistry.notifyDataConnectionForSubscriber:2036 com.android.internal.telephony.ITelephonyRegistry$Stub.onTransact:571 
05-20 14:08:35.638  1247  2600 W ContextImpl: Calling a method in the system process without a qualified user: android.app.ContextImpl.sendBroadcastMultiplePermissions:1278 android.content.Context.sendBroadcastMultiplePermissions:2282 com.android.server.TelephonyRegistry.broadcastDataConnectionStateChanged:3281 com.android.server.TelephonyRegistry.notifyDataConnectionForSubscriber:2036 com.android.internal.telephony.ITelephonyRegistry$Stub.onTransact:571 
05-20 14:08:35.677  1247  2600 I Telecom : : isInEmergencyCall: false: TSI.iIEC@B2I
05-20 14:08:35.694  1247  2600 W ContextImpl: Calling a method in the system process without a qualified user: android.app.ContextImpl.sendBroadcastMultiplePermissions:1278 android.content.Context.sendBroadcastMultiplePermissions:2282 com.android.server.TelephonyRegistry.broadcastDataConnectionStateChanged:3281 com.android.server.TelephonyRegistry.notifyDataConnectionForSubscriber:2036 com.android.internal.telephony.ITelephonyRegistry$Stub.onTransact:571 
05-20 14:08:38.693  1247  3158 I Telecom : : isInEmergencyCall: false: TSI.iIEC@B2M
05-20 14:08:41.708  1247  3158 I Telecom : : isInEmergencyCall: false: TSI.iIEC@B2Q
05-20 14:08:44.722  1247  2652 I Telecom : : isInEmergencyCall: false: TSI.iIEC@B2U
05-20 14:08:47.735  1247  3158 I Telecom : : isInEmergencyCall: false: TSI.iIEC@B2Y
05-20 14:08:50.747  1247  3158 I Telecom : : isInEmergencyCall: false: TSI.iIEC@B2c
05-20 14:08:53.756  1247  3158 I Telecom : : isInEmergencyCall: false: TSI.iIEC@B2g
05-20 14:08:56.118  1247  2600 I Telecom : : isInEmergencyCall: false: TSI.iIEC@B2k
05-20 14:08:59.131  1247  2600 I Telecom : : isInEmergencyCall: false: TSI.iIEC@B2o
05-20 14:09:00.942  1247  1287 W BatteryExternalStatsWorker: error reading Bluetooth stats: 9
05-20 14:09:02.147  1247  2600 I Telecom : : isInEmergencyCall: false: TSI.iIEC@B2s
05-20 14:09:05.164  1247  2600 I Telecom : : isInEmergencyCall: false: TSI.iIEC@B2w
05-20 14:09:08.175  1247  2600 I Telecom : : isInEmergencyCall: false: TSI.iIEC@B20
05-20 14:09:11.187  1247  2600 I Telecom : : isInEmergencyCall: false: TSI.iIEC@B24
05-20 14:09:14.200  1247  3158 I Telecom : : isInEmergencyCall: false: TSI.iIEC@B28
05-20 14:09:16.544  1247  3158 I Telecom : : isInEmergencyCall: false: TSI.iIEC@B3A
05-20 14:09:19.557  1247  8358 I Telecom : : isInEmergencyCall: false: TSI.iIEC@B3E
05-20 14:09:19.668  1247  1279 I ProcessStatsService: Pruning old procstats: /data/system/procstats/state-v2-2025-05-19-12-41-04.bin
05-20 14:09:22.568  1247  3155 I Telecom : : isInEmergencyCall: false: TSI.iIEC@B3I
05-20 14:09:25.579  1247  3155 I Telecom : : isInEmergencyCall: false: TSI.iIEC@B3M
05-20 14:09:28.594  1247  3154 I Telecom : : isInEmergencyCall: false: TSI.iIEC@B3Q
05-20 14:09:31.610  1247  8358 I Telecom : : isInEmergencyCall: false: TSI.iIEC@B3U
05-20 14:09:34.627  1247  3155 I Telecom : : isInEmergencyCall: false: TSI.iIEC@B3Y
05-20 14:09:36.963  1247  3155 I Telecom : : isInEmergencyCall: false: TSI.iIEC@B3c
05-20 14:09:38.435  1247  1287 W BatteryExternalStatsWorker: error reading Bluetooth stats: 9
05-20 14:09:39.977  1247  8358 I Telecom : : isInEmergencyCall: false: TSI.iIEC@B3g
05-20 14:09:42.993  1247  8358 I Telecom : : isInEmergencyCall: false: TSI.iIEC@B3k
05-20 14:09:46.010  1247  8358 I Telecom : : isInEmergencyCall: false: TSI.iIEC@B3o
05-20 14:09:49.025  1247  3155 I Telecom : : isInEmergencyCall: false: TSI.iIEC@B3s
05-20 14:09:52.040  1247  3155 I Telecom : : isInEmergencyCall: false: TSI.iIEC@B3w
05-20 14:09:55.053  1247  3155 I Telecom : : isInEmergencyCall: false: TSI.iIEC@B30
05-20 14:09:57.363  1247  2652 W ContextImpl: Calling a method in the system process without a qualified user: android.app.ContextImpl.sendBroadcastMultiplePermissions:1278 android.content.Context.sendBroadcastMultiplePermissions:2282 com.android.server.TelephonyRegistry.broadcastDataConnectionStateChanged:3281 com.android.server.TelephonyRegistry.notifyDataConnectionForSubscriber:2036 com.android.internal.telephony.ITelephonyRegistry$Stub.onTransact:571 
05-20 14:09:57.377  1247  8358 W ContextImpl: Calling a method in the system process without a qualified user: android.app.ContextImpl.sendBroadcastMultiplePermissions:1278 android.content.Context.sendBroadcastMultiplePermissions:2282 com.android.server.TelephonyRegistry.broadcastDataConnectionStateChanged:3281 com.android.server.TelephonyRegistry.notifyDataConnectionForSubscriber:2036 com.android.internal.telephony.ITelephonyRegistry$Stub.onTransact:571 
05-20 14:09:58.066  1247  3154 I Telecom : : isInEmergencyCall: false: TSI.iIEC@B34
05-20 14:10:01.080  1247  3154 I Telecom : : isInEmergencyCall: false: TSI.iIEC@B38
05-20 14:10:04.493  1247  2652 W ContextImpl: Calling a method in the system process without a qualified user: android.app.ContextImpl.sendBroadcastMultiplePermissions:1278 android.content.Context.sendBroadcastMultiplePermissions:2282 com.android.server.TelephonyRegistry.broadcastDataConnectionStateChanged:3281 com.android.server.TelephonyRegistry.notifyDataConnectionForSubscriber:2036 com.android.internal.telephony.ITelephonyRegistry$Stub.onTransact:571 
05-20 14:10:04.533  1247  2652 I Telecom : : isInEmergencyCall: false: TSI.iIEC@B4A
05-20 14:10:04.553  1247  2652 W ContextImpl: Calling a method in the system process without a qualified user: android.app.ContextImpl.sendBroadcastMultiplePermissions:1278 android.content.Context.sendBroadcastMultiplePermissions:2282 com.android.server.TelephonyRegistry.broadcastDataConnectionStateChanged:3281 com.android.server.TelephonyRegistry.notifyDataConnectionForSubscriber:2036 com.android.internal.telephony.ITelephonyRegistry$Stub.onTransact:571 
05-20 14:10:07.549  1247  3154 I Telecom : : isInEmergencyCall: false: TSI.iIEC@B4E
05-20 14:10:10.566  1247  2652 I Telecom : : isInEmergencyCall: false: TSI.iIEC@B4I
05-20 14:10:13.578  1247  2652 I Telecom : : isInEmergencyCall: false: TSI.iIEC@B4M
05-20 14:10:16.590  1247  2652 I Telecom : : isInEmergencyCall: false: TSI.iIEC@B4Q
05-20 14:10:19.607  1247  2652 I Telecom : : isInEmergencyCall: false: TSI.iIEC@B4U
05-20 14:10:22.625  1247  2652 I Telecom : : isInEmergencyCall: false: TSI.iIEC@B4Y
05-20 14:10:24.953  1247  2652 I Telecom : : isInEmergencyCall: false: TSI.iIEC@B4c
05-20 14:10:27.965  1247  3154 I Telecom : : isInEmergencyCall: false: TSI.iIEC@B4g
05-20 14:10:30.977  1247  2652 I Telecom : : isInEmergencyCall: false: TSI.iIEC@B4k
05-20 14:10:33.995  1247  2652 I Telecom : : isInEmergencyCall: false: TSI.iIEC@B4o
05-20 14:10:45.351  1247  3154 I Telecom : : isInEmergencyCall: false: TSI.iIEC@B4s
05-20 14:10:48.367  1247  3154 I Telecom : : isInEmergencyCall: false: TSI.iIEC@B4w
05-20 14:10:51.381  1247  3154 I Telecom : : isInEmergencyCall: false: TSI.iIEC@B40
05-20 14:10:54.394  1247  2652 I Telecom : : isInEmergencyCall: false: TSI.iIEC@B44
05-20 14:10:57.410  1247  2652 I Telecom : : isInEmergencyCall: false: TSI.iIEC@B48
05-20 14:10:59.981  1247  2652 I ActivityManager: Killing 3481:com.google.android.as.oss/u0a440 (adj 999): empty for 1801s
05-20 14:11:00.430  1247  3155 I Telecom : : isInEmergencyCall: false: TSI.iIEC@B5A
05-20 14:11:03.442  1247  3154 D CoreBackPreview: Window{93350c6 u0 VolumeDialogImpl}: Setting back callback OnBackInvokedCallbackInfo{mCallback=android.window.IOnBackInvokedCallback$Stub$Proxy@1cb53b4, mPriority=0}
05-20 14:11:03.445  1247  3154 I Telecom : : isInEmergencyCall: false: TSI.iIEC@B5Q
05-20 14:11:05.761  1247  3154 I Telecom : : isInEmergencyCall: false: TSI.iIEC@B5o
05-20 14:11:07.598  1247  3154 D CoreBackPreview: Window{93350c6 u0 VolumeDialogImpl}: Setting back callback null
05-20 14:11:08.776  1247  3155 I Telecom : : isInEmergencyCall: false: TSI.iIEC@B5s
05-20 14:11:11.795  1247  3155 I Telecom : : isInEmergencyCall: false: TSI.iIEC@B5w
05-20 14:11:14.810  1247  3155 I Telecom : : isInEmergencyCall: false: TSI.iIEC@B50
05-20 14:11:17.508  1247  3155 I ActivityManager: Killing 5279:com.google.android.gms.unstable/u0a446 (adj 945): empty for 1805s
05-20 14:11:17.510  1247  3155 I ActivityManager: Killing 7041:xyz.penpencil.physicswala/u0a528 (adj 975): empty for 1809s
05-20 14:11:17.827  1247  2600 I Telecom : : isInEmergencyCall: false: TSI.iIEC@B54
05-20 14:11:20.839  1247  2600 I Telecom : : isInEmergencyCall: false: TSI.iIEC@B58
05-20 14:11:23.853  1247  3038 I Telecom : : isInEmergencyCall: false: TSI.iIEC@B6A
05-20 14:11:26.163  1247  4832 W ContextImpl: Calling a method in the system process without a qualified user: android.app.ContextImpl.sendBroadcastMultiplePermissions:1278 android.content.Context.sendBroadcastMultiplePermissions:2282 com.android.server.TelephonyRegistry.broadcastDataConnectionStateChanged:3281 com.android.server.TelephonyRegistry.notifyDataConnectionForSubscriber:2036 com.android.internal.telephony.ITelephonyRegistry$Stub.onTransact:571 
05-20 14:11:26.179  1247  3038 W ContextImpl: Calling a method in the system process without a qualified user: android.app.ContextImpl.sendBroadcastMultiplePermissions:1278 android.content.Context.sendBroadcastMultiplePermissions:2282 com.android.server.TelephonyRegistry.broadcastDataConnectionStateChanged:3281 com.android.server.TelephonyRegistry.notifyDataConnectionForSubscriber:2036 com.android.internal.telephony.ITelephonyRegistry$Stub.onTransact:571 
05-20 14:11:26.863  1247  3038 I Telecom : : isInEmergencyCall: false: TSI.iIEC@B6E
05-20 14:11:29.877  1247  3038 I Telecom : : isInEmergencyCall: false: TSI.iIEC@B6I
05-20 14:11:32.894  1247  3145 I Telecom : : isInEmergencyCall: false: TSI.iIEC@B6M
05-20 14:11:33.217  1247  2600 W ContextImpl: Calling a method in the system process without a qualified user: android.app.ContextImpl.sendBroadcastMultiplePermissions:1278 android.content.Context.sendBroadcastMultiplePermissions:2282 com.android.server.TelephonyRegistry.broadcastDataConnectionStateChanged:3281 com.android.server.TelephonyRegistry.notifyDataConnectionForSubscriber:2036 com.android.internal.telephony.ITelephonyRegistry$Stub.onTransact:571 
05-20 14:11:33.255  1247  2600 I Telecom : : isInEmergencyCall: false: TSI.iIEC@B6Q
05-20 14:11:33.313  1247  2599 W ContextImpl: Calling a method in the system process without a qualified user: android.app.ContextImpl.sendBroadcastMultiplePermissions:1278 android.content.Context.sendBroadcastMultiplePermissions:2282 com.android.server.TelephonyRegistry.broadcastDataConnectionStateChanged:3281 com.android.server.TelephonyRegistry.notifyDataConnectionForSubscriber:2036 com.android.internal.telephony.ITelephonyRegistry$Stub.onTransact:571 
05-20 14:11:36.272  1247  2600 I Telecom : : isInEmergencyCall: false: TSI.iIEC@B6U
05-20 14:11:39.287  1247  2599 I Telecom : : isInEmergencyCall: false: TSI.iIEC@B6Y
05-20 14:11:42.300  1247  2599 I Telecom : : isInEmergencyCall: false: TSI.iIEC@B6c
05-20 14:11:45.311  1247  2599 I Telecom : : isInEmergencyCall: false: TSI.iIEC@B6g
05-20 14:11:53.673  1247  2600 I Telecom : : isInEmergencyCall: false: TSI.iIEC@B6k
05-20 14:11:56.686  1247  2600 I Telecom : : isInEmergencyCall: false: TSI.iIEC@B6o
05-20 14:11:59.700  1247  2600 I Telecom : : isInEmergencyCall: false: TSI.iIEC@B6s
05-20 14:12:00.027  1247  1287 W BatteryExternalStatsWorker: error reading Bluetooth stats: 9
05-20 14:12:02.716  1247  3145 I Telecom : : isInEmergencyCall: false: TSI.iIEC@B6w
05-20 14:12:05.734  1247  3145 I Telecom : : isInEmergencyCall: false: TSI.iIEC@B60
05-20 14:12:08.748  1247  2600 I Telecom : : isInEmergencyCall: false: TSI.iIEC@B64
05-20 14:12:11.767  1247  2600 I Telecom : : isInEmergencyCall: false: TSI.iIEC@B68
05-20 14:12:14.099  1247  2600 I Telecom : : isInEmergencyCall: false: TSI.iIEC@B7A
05-20 14:12:17.111  1247  3145 I Telecom : : isInEmergencyCall: false: TSI.iIEC@B7E
05-20 14:12:17.383  1247  1280 I ActivityManager: Killing 1986:com.android.cellbroadcastreceiver.module/u0a513 (adj 975): empty for 1802s
05-20 14:12:17.385  1247  1280 I ActivityManager: Killing 4531:com.google.android.projection.gearhead:provider/u0a451 (adj 925): empty for 1807s
05-20 14:12:17.386  1247  1280 I ActivityManager: Killing 4563:com.google.android.apps.turbo:aab/u0a453 (adj 935): empty for 1812s
05-20 14:12:17.386  1247  1280 I ActivityManager: Killing 7365:com.google.android.youtube/u0a524 (adj 935): empty for 1813s
05-20 14:12:17.388  1247  1280 I ActivityManager: Killing 6388:com.android.calllogbackup/u0a407 (adj 985): empty for 1829s
05-20 14:12:17.389  1247  1280 I ActivityManager: Killing 3078:com.google.android.projection.gearhead:shared/u0a451 (adj 935): empty for 1831s
05-20 14:12:17.389  1247  1280 I ActivityManager: Killing 6054:com.google.android.apps.youtube.music/u0a564 (adj 945): empty for 1856s
05-20 14:12:17.418  1247  1247 D CompatibilityChangeReporter: Compat change id reported: 177438394; UID 10454; state: DISABLED
05-20 14:12:17.418  1247  1247 D CompatibilityChangeReporter: Compat change id reported: 135772972; UID 10454; state: DISABLED
05-20 14:12:17.418  1247  1247 D CompatibilityChangeReporter: Compat change id reported: 135754954; UID 10454; state: ENABLED
05-20 14:12:17.419  1247  1281 D CompatibilityChangeReporter: Compat change id reported: 143937733; UID 10454; state: ENABLED
05-20 14:12:17.442  1247  1281 I ActivityManager: Start proc 12773:com.google.android.apps.safetyhub/u0a454 for service {com.google.android.apps.safetyhub/androidx.work.impl.background.systemjob.SystemJobService}
05-20 14:12:17.484  1247  2599 D CompatibilityChangeReporter: Compat change id reported: 168419799; UID 10454; state: DISABLED
05-20 14:12:17.484  1247  2599 D CompatibilityChangeReporter: Compat change id reported: 273564678; UID 10454; state: DISABLED
05-20 14:12:17.897  1247  3154 D CompatibilityChangeReporter: Compat change id reported: 161145287; UID 10454; state: DISABLED
05-20 14:12:17.992  1247  3154 D CompatibilityChangeReporter: Compat change id reported: 194532703; UID 10454; state: ENABLED
05-20 14:12:17.997  1247  6529 W JobScheduler: Job didn't exist in JobStore: 6b51fc1 #u0a454/851 com.google.android.apps.safetyhub/androidx.work.impl.background.systemjob.SystemJobService
05-20 14:12:18.012  1247  3154 W JobScheduler: Job didn't exist in JobStore: c2cfea4 #u0a454/860 com.google.android.apps.safetyhub/androidx.work.impl.background.systemjob.SystemJobService
05-20 14:12:18.419  1247  6529 I ActivityManager: Killing 8167:com.android.carrierdefaultapp/u0a426 (adj 995): empty for 1800s
05-20 14:12:19.930  1247  1262 W JobScheduler: Job didn't exist in JobStore: 8aebce0 #u0a477/7 com.google.android.contacts/com.google.android.apps.contacts.shortcut.ShortcutJobService
05-20 14:12:20.127  1247  1262 I Telecom : : isInEmergencyCall: false: TSI.iIEC@B7I
05-20 14:12:21.566  1247  1262 W JobScheduler: Job didn't exist in JobStore: b8556e0 #u0a477/101378 com.google.android.contacts/androidx.work.impl.background.systemjob.SystemJobService
05-20 14:12:23.147  1247  8358 I Telecom : : isInEmergencyCall: false: TSI.iIEC@B7M
05-20 14:12:26.159  1247  1262 I Telecom : : isInEmergencyCall: false: TSI.iIEC@B7Q
05-20 14:12:29.174  1247  1262 I Telecom : : isInEmergencyCall: false: TSI.iIEC@B7U
05-20 14:12:30.119  1247  1262 W JobScheduler: Job didn't exist in JobStore: 6e2bdd5 #u0a477/7 com.google.android.contacts/com.google.android.apps.contacts.shortcut.ShortcutJobService
05-20 14:12:31.698  1247  8358 W JobScheduler: Job didn't exist in JobStore: ebf39dd #u0a477/101384 com.google.android.contacts/androidx.work.impl.background.systemjob.SystemJobService
05-20 14:12:32.185  1247  8358 I Telecom : : isInEmergencyCall: false: TSI.iIEC@B7Y
05-20 14:12:34.529  1247  6529 I Telecom : : isInEmergencyCall: false: TSI.iIEC@B7c
05-20 14:12:37.544  1247  1262 I Telecom : : isInEmergencyCall: false: TSI.iIEC@B7g
05-20 14:12:40.557  1247  1262 I Telecom : : isInEmergencyCall: false: TSI.iIEC@B7k
05-20 14:12:43.571  1247  6529 I Telecom : : isInEmergencyCall: false: TSI.iIEC@B7o
05-20 14:12:46.585  1247  1262 I Telecom : : isInEmergencyCall: false: TSI.iIEC@B7s
05-20 14:12:48.746  1247  1262 I ActivityManager: Killing 3879:com.google.android.tts/u0a475 (adj 985): empty for 1800s
05-20 14:12:48.749  1247  1262 I ActivityManager: Killing 2318:com.google.android.apps.wellbeing/u0a456 (adj 925): empty for 1801s
05-20 14:12:48.750  1247  1262 I ActivityManager: Killing 4445:com.google.android.apps.security.securityhub/u0a448 (adj 925): empty for 1801s
05-20 14:12:49.597  1247 10060 I Telecom : : isInEmergencyCall: false: TSI.iIEC@B7w
05-20 14:12:52.611  1247 10060 I Telecom : : isInEmergencyCall: false: TSI.iIEC@B70
05-20 14:12:53.089  1247 10060 D CoreBackPreview: Window{d36f385 u0 VolumeDialogImpl}: Setting back callback OnBackInvokedCallbackInfo{mCallback=android.window.IOnBackInvokedCallback$Stub$Proxy@20dfa0b, mPriority=0}
05-20 14:12:53.850  1247 10060 I ActivityManager: Killing 8388:com.google.android.webview:webview_service/u0a467 (adj 985): empty for 1803s
05-20 14:12:54.900  1247 10060 W ContextImpl: Calling a method in the system process without a qualified user: android.app.ContextImpl.sendBroadcastMultiplePermissions:1278 android.content.Context.sendBroadcastMultiplePermissions:2282 com.android.server.TelephonyRegistry.broadcastDataConnectionStateChanged:3281 com.android.server.TelephonyRegistry.notifyDataConnectionForSubscriber:2036 com.android.internal.telephony.ITelephonyRegistry$Stub.onTransact:571 
05-20 14:12:54.917  1247  3038 W ContextImpl: Calling a method in the system process without a qualified user: android.app.ContextImpl.sendBroadcastMultiplePermissions:1278 android.content.Context.sendBroadcastMultiplePermissions:2282 com.android.server.TelephonyRegistry.broadcastDataConnectionStateChanged:3281 com.android.server.TelephonyRegistry.notifyDataConnectionForSubscriber:2036 com.android.internal.telephony.ITelephonyRegistry$Stub.onTransact:571 
05-20 14:12:56.456  1247  3038 D CoreBackPreview: Window{d36f385 u0 VolumeDialogImpl}: Setting back callback null
05-20 14:12:58.855  1247  1436 I ActivityManager: Killing 5550:com.f0x1d.logfox/u0a532 (adj 985): empty for 1800s
05-20 14:13:02.116  1247 10060 W ContextImpl: Calling a method in the system process without a qualified user: android.app.ContextImpl.sendBroadcastMultiplePermissions:1278 android.content.Context.sendBroadcastMultiplePermissions:2282 com.android.server.TelephonyRegistry.broadcastDataConnectionStateChanged:3281 com.android.server.TelephonyRegistry.notifyDataConnectionForSubscriber:2036 com.android.internal.telephony.ITelephonyRegistry$Stub.onTransact:571 
05-20 14:13:02.140  1247  1436 I Telecom : : isInEmergencyCall: false: TSI.iIEC@B8I
05-20 14:13:02.157  1247 10060 W ContextImpl: Calling a method in the system process without a qualified user: android.app.ContextImpl.sendBroadcastMultiplePermissions:1278 android.content.Context.sendBroadcastMultiplePermissions:2282 com.android.server.TelephonyRegistry.broadcastDataConnectionStateChanged:3281 com.android.server.TelephonyRegistry.notifyDataConnectionForSubscriber:2036 com.android.internal.telephony.ITelephonyRegistry$Stub.onTransact:571 
05-20 14:13:05.155  1247  3147 I Telecom : : isInEmergencyCall: false: TSI.iIEC@B8M
05-20 14:13:08.170  1247  2669 I Telecom : : isInEmergencyCall: false: TSI.iIEC@B8Q
05-20 14:13:11.186  1247  3147 I Telecom : : isInEmergencyCall: false: TSI.iIEC@B8U
05-20 14:13:14.197  1247  2669 I Telecom : : isInEmergencyCall: false: TSI.iIEC@B8Y
05-20 14:13:17.213  1247  3038 I Telecom : : isInEmergencyCall: false: TSI.iIEC@B8c
05-20 14:13:20.230  1247 10060 I Telecom : : isInEmergencyCall: false: TSI.iIEC@B8g
05-20 14:13:22.555  1247  2599 I Telecom : : isInEmergencyCall: false: TSI.iIEC@B8k
05-20 14:13:25.568  1247 10060 I Telecom : : isInEmergencyCall: false: TSI.iIEC@B8o
05-20 14:13:28.587  1247 10060 I Telecom : : isInEmergencyCall: false: TSI.iIEC@B8s
05-20 14:13:31.605  1247  1436 I Telecom : : isInEmergencyCall: false: TSI.iIEC@B8w
05-20 14:13:34.614  1247  1436 I Telecom : : isInEmergencyCall: false: TSI.iIEC@B80
05-20 14:13:37.628  1247  2669 I Telecom : : isInEmergencyCall: false: TSI.iIEC@B84
05-20 14:13:40.647  1247  2669 I Telecom : : isInEmergencyCall: false: TSI.iIEC@B88
05-20 14:13:42.967  1247  2599 I Telecom : : isInEmergencyCall: false: TSI.iIEC@B9A
05-20 14:13:45.981  1247  2669 I Telecom : : isInEmergencyCall: false: TSI.iIEC@B9E
05-20 14:13:48.996  1247  2669 I Telecom : : isInEmergencyCall: false: TSI.iIEC@B9I
05-20 14:13:52.011  1247  2669 I Telecom : : isInEmergencyCall: false: TSI.iIEC@B9M
05-20 14:13:54.457  1247 10060 D CoreBackPreview: Window{62a598d u0 VolumeDialogImpl}: Setting back callback OnBackInvokedCallbackInfo{mCallback=android.window.IOnBackInvokedCallback$Stub$Proxy@a53a353, mPriority=0}
05-20 14:13:55.021  1247 10060 I Telecom : : isInEmergencyCall: false: TSI.iIEC@B9g
05-20 14:13:57.803  1247 10060 D CoreBackPreview: Window{62a598d u0 VolumeDialogImpl}: Setting back callback null
05-20 14:13:58.031  1247 10060 I Telecom : : isInEmergencyCall: false: TSI.iIEC@B9k
05-20 14:13:59.128  1247  1436 I ActivityManager: Killing 2698:io.chaldeaprjkt.gamespace/1000 (adj 975): empty for 1812s
05-20 14:14:01.043  1247  1436 I Telecom : : isInEmergencyCall: false: TSI.iIEC@B9o
05-20 14:14:03.382  1247 10060 I Telecom : : isInEmergencyCall: false: TSI.iIEC@B9s
05-20 14:14:06.394  1247 10060 I Telecom : : isInEmergencyCall: false: TSI.iIEC@B9w
05-20 14:14:09.415  1247  2599 I Telecom : : isInEmergencyCall: false: TSI.iIEC@B90
05-20 14:14:12.431  1247  1436 I Telecom : : isInEmergencyCall: false: TSI.iIEC@B94
05-20 14:14:15.449  1247  1436 I Telecom : : isInEmergencyCall: false: TSI.iIEC@B98
05-20 14:14:18.466  1247  2599 I Telecom : : isInEmergencyCall: false: TSI.iIEC@B+A
05-20 14:14:21.484  1247  2599 I Telecom : : isInEmergencyCall: false: TSI.iIEC@B+E
05-20 14:14:23.787  1247  2669 W ContextImpl: Calling a method in the system process without a qualified user: android.app.ContextImpl.sendBroadcastMultiplePermissions:1278 android.content.Context.sendBroadcastMultiplePermissions:2282 com.android.server.TelephonyRegistry.broadcastDataConnectionStateChanged:3281 com.android.server.TelephonyRegistry.notifyDataConnectionForSubscriber:2036 com.android.internal.telephony.ITelephonyRegistry$Stub.onTransact:571 
05-20 14:14:23.805  1247 10060 W ContextImpl: Calling a method in the system process without a qualified user: android.app.ContextImpl.sendBroadcastMultiplePermissions:1278 android.content.Context.sendBroadcastMultiplePermissions:2282 com.android.server.TelephonyRegistry.broadcastDataConnectionStateChanged:3281 com.android.server.TelephonyRegistry.notifyDataConnectionForSubscriber:2036 com.android.internal.telephony.ITelephonyRegistry$Stub.onTransact:571 
05-20 14:14:24.497  1247  2669 I Telecom : : isInEmergencyCall: false: TSI.iIEC@B+I
05-20 14:14:27.510  1247  2599 I Telecom : : isInEmergencyCall: false: TSI.iIEC@B+M
05-20 14:14:31.225  1247  3038 W ContextImpl: Calling a method in the system process without a qualified user: android.app.ContextImpl.sendBroadcastMultiplePermissions:1278 android.content.Context.sendBroadcastMultiplePermissions:2282 com.android.server.TelephonyRegistry.broadcastDataConnectionStateChanged:3281 com.android.server.TelephonyRegistry.notifyDataConnectionForSubscriber:2036 com.android.internal.telephony.ITelephonyRegistry$Stub.onTransact:571 
05-20 14:14:31.249  1247 10060 I Telecom : : isInEmergencyCall: false: TSI.iIEC@B+Q
05-20 14:14:31.275  1247 10060 W ContextImpl: Calling a method in the system process without a qualified user: android.app.ContextImpl.sendBroadcastMultiplePermissions:1278 android.content.Context.sendBroadcastMultiplePermissions:2282 com.android.server.TelephonyRegistry.broadcastDataConnectionStateChanged:3281 com.android.server.TelephonyRegistry.notifyDataConnectionForSubscriber:2036 com.android.internal.telephony.ITelephonyRegistry$Stub.onTransact:571 
05-20 14:14:34.264  1247  3038 I Telecom : : isInEmergencyCall: false: TSI.iIEC@B+U
05-20 14:14:37.277  1247  3147 I Telecom : : isInEmergencyCall: false: TSI.iIEC@B+Y
05-20 14:14:40.290  1247  3147 I Telecom : : isInEmergencyCall: false: TSI.iIEC@B+c
05-20 14:14:43.301  1247  3147 I Telecom : : isInEmergencyCall: false: TSI.iIEC@B+g
05-20 14:14:46.317  1247  3038 I Telecom : : isInEmergencyCall: false: TSI.iIEC@B+k
05-20 14:14:49.330  1247  3147 I Telecom : : isInEmergencyCall: false: TSI.iIEC@B+o
05-20 14:14:51.654  1247 10060 I Telecom : : isInEmergencyCall: false: TSI.iIEC@B+s
05-20 14:14:53.339  1247 10060 D CoreBackPreview: Window{223139b u0 VolumeDialogImpl}: Setting back callback OnBackInvokedCallbackInfo{mCallback=android.window.IOnBackInvokedCallback$Stub$Proxy@c205f11, mPriority=0}
05-20 14:14:54.667  1247 10060 I Telecom : : isInEmergencyCall: false: TSI.iIEC@B/Q
