05-12 13:51:31.134  1237  1237 D SystemServerTiming: StartSensorService
05-12 13:51:31.134  1237  1237 I SystemServiceManager: Starting com.android.server.sensors.SensorService
05-12 13:51:31.135  1237  1237 D SystemServerTiming: startCoreServices
05-12 13:51:31.135  1237  1237 D SystemServerTiming: StartSystemConfigService
05-12 13:51:31.135  1237  1312 D SystemServerTimingAsync: InitThreadPoolExec:StartNativeSensorService
05-12 13:51:31.135  1237  1237 I SystemServiceManager: Starting com.android.server.SystemConfigService
05-12 13:51:31.135  1237  1312 D SystemServerTimingAsync: StartNativeSensorService
05-12 13:51:31.136  1237  1237 D SystemServerTiming: StartBatteryService
05-12 13:51:31.136  1237  1237 I SystemServiceManager: Starting com.android.server.BatteryService
05-12 13:51:31.153  1237  1312 V HistoricalRegistry: Interaction before persistence initialized
05-12 13:51:31.153  1237  1237 I HealthServiceWrapperHidl: health: HealthServiceWrapper listening to instance default
05-12 13:51:31.153  1237  1237 I BatteryService: health: Waited 0ms and received the update.
05-12 13:51:31.157  1237  1305 W PackageManager: Skipping preparing app data for com.android.sdksandbox
05-12 13:51:31.157  1237  1237 D SystemServerTiming: StartUsageService
05-12 13:51:31.157  1237  1237 I SystemServiceManager: Starting com.android.server.usage.UsageStatsService
05-12 13:51:31.164  1237  1237 D SystemServerTiming: StartWebViewUpdateService
05-12 13:51:31.164  1237  1237 I SystemServiceManager: Starting com.android.server.webkit.WebViewUpdateService
05-12 13:51:31.167  1237  1237 D SystemServerTiming: StartCachedDeviceStateService
05-12 13:51:31.167  1237  1237 I SystemServiceManager: Starting com.android.server.CachedDeviceStateService
05-12 13:51:31.167  1237  1237 D SystemServerTiming: StartBinderCallsStatsService
05-12 13:51:31.167  1237  1237 I SystemServiceManager: Starting com.android.server.BinderCallsStatsService$LifeCycle
05-12 13:51:31.169  1237  1237 D SystemServerTiming: StartLooperStatsService
05-12 13:51:31.169  1237  1237 I SystemServiceManager: Starting com.android.server.LooperStatsService$Lifecycle
05-12 13:51:31.171  1237  1237 D SystemServerTiming: StartRollbackManagerService
05-12 13:51:31.171  1237  1237 I SystemServiceManager: Starting com.android.server.rollback.RollbackManagerService
05-12 13:51:31.175  1237  1237 I PackageWatchdog: Syncing state, reason: added new observer
05-12 13:51:31.175  1237  1237 I PackageWatchdog: Not pruning observers, elapsed time: 0ms
05-12 13:51:31.181  1237  1237 D SystemServerTiming: StartNativeTombstoneManagerService
05-12 13:51:31.181  1237  1237 I SystemServiceManager: Starting com.android.server.os.NativeTombstoneManagerService
05-12 13:51:31.181  1237  1237 D SystemServerTiming: StartBugreportManagerService
05-12 13:51:31.181  1237  1237 I SystemServiceManager: Starting com.android.server.os.BugreportManagerService
05-12 13:51:31.182  1237  1237 D SystemServerTiming: GpuService
05-12 13:51:31.182  1237  1237 I SystemServiceManager: Starting com.android.server.gpu.GpuService
05-12 13:51:31.182  1237  1237 D SystemServerTiming: startOtherServices
05-12 13:51:31.183  1237  1237 D SystemServerTiming: StartKeyAttestationApplicationIdProviderService
05-12 13:51:31.183  1237  1325 D SystemServerTimingAsync: InitThreadPoolExec:SecondaryZygotePreload
05-12 13:51:31.183  1237  1325 I SystemServer: SecondaryZygotePreload
05-12 13:51:31.183  1237  1325 D SystemServerTimingAsync: SecondaryZygotePreload
05-12 13:51:31.184  1237  1237 D SystemServerTiming: StartKeyChainSystemService
05-12 13:51:31.184  1237  1237 I SystemServiceManager: Starting com.android.server.security.KeyChainSystemService
05-12 13:51:31.185  1237  1237 D SystemServerTiming: StartBinaryTransparencyService
05-12 13:51:31.185  1237  1237 I SystemServiceManager: Starting com.android.server.BinaryTransparencyService
05-12 13:51:31.186  1237  1237 I TransparencyService: Started BinaryTransparencyService
05-12 13:51:31.186  1237  1237 D SystemServerTiming: StartSchedulingPolicyService
05-12 13:51:31.187  1237  1326 D SystemServerTimingAsync: InitThreadPoolExec:SchedulingPolicyService.<init>
05-12 13:51:31.188  1237  1237 D SystemServerTiming: StartTelecomLoaderService
05-12 13:51:31.188  1237  1237 I SystemServiceManager: Starting com.android.server.telecom.TelecomLoaderService
05-12 13:51:31.189  1237  1237 D SystemServerTiming: StartTelephonyRegistry
05-12 13:51:31.191  1237  1237 D SystemServerTiming: StartEntropyMixer
05-12 13:51:31.192  1237  1237 I EntropyMixer: Loaded existing seed file
05-12 13:51:31.196  1237  1237 I EntropyMixer: Updated seed file
05-12 13:51:31.197  1237  1237 D SystemServerTiming: StartAccountManagerService
05-12 13:51:31.197  1237  1237 I SystemServiceManager: Starting com.android.server.accounts.AccountManagerService$Lifecycle
05-12 13:51:31.199  1237  1270 I PackageWatchdog: Saving observer state to file
05-12 13:51:31.202  1237  1237 D SystemServerTiming: StartContentService
05-12 13:51:31.202  1237  1237 I SystemServiceManager: Starting com.android.server.content.ContentService$Lifecycle
05-12 13:51:31.204  1237  1237 D SystemServerTiming: InstallSystemProviders
05-12 13:51:31.328  1237  1237 W ActivityManager: cgroup.freeze not present
05-12 13:51:31.329  1237  1271 D ActivityManager: Freezer disabled
05-12 13:51:31.335  1237  1237 D SystemServerTiming: UpdateWatchdogTimeout
05-12 13:51:31.335  1237  1237 I Watchdog: Watchdog timeout updated to 60000 millis
05-12 13:51:31.335  1237  1237 D SystemServerTiming: StartDropBoxManager
05-12 13:51:31.335  1237  1237 I SystemServiceManager: Starting com.android.server.DropBoxManagerService
05-12 13:51:31.337  1237  1237 D SystemServerTiming: StartRoleManagerService
05-12 13:51:31.338  1237  1237 I SystemServiceManager: Starting com.android.role.RoleService
05-12 13:51:31.343  1237  1237 D SystemServerTiming: StartVibratorManagerService
05-12 13:51:31.343  1237  1237 I SystemServiceManager: Starting com.android.server.vibrator.VibratorManagerService$Lifecycle
05-12 13:51:31.355  1237  1237 D SystemServerTiming: StartDynamicSystemService
05-12 13:51:31.356  1237  1237 D SystemServerTiming: StartConsumerIrService
05-12 13:51:31.362  1237  1237 D SystemServerTiming: StartResourceEconomy
05-12 13:51:31.362  1237  1237 I SystemServiceManager: Starting com.android.server.tare.InternalResourceService
05-12 13:51:31.367  1237  1237 D SystemServerTiming: StartAlarmManagerService
05-12 13:51:31.367  1237  1237 I SystemServiceManager: Starting com.android.server.alarm.AlarmManagerService
05-12 13:51:31.375  1237  1237 D SystemServerTiming: StartInputManagerService
05-12 13:51:31.382  1237  1237 I InputManager: Initializing input manager, mUseDevInputEventForAudioJack=true
05-12 13:51:31.382  1237  1237 D SystemServerTiming: DeviceStateManagerService
05-12 13:51:31.382  1237  1237 I SystemServiceManager: Starting com.android.server.devicestate.DeviceStateManagerService
05-12 13:51:31.389  1237  1237 D SystemServerTiming: StartCameraServiceProxy
05-12 13:51:31.389  1237  1237 I SystemServiceManager: Starting com.android.server.camera.CameraServiceProxy
05-12 13:51:31.392  1237  1237 D SystemServerTiming: StartWindowManagerService
05-12 13:51:31.392  1237  1237 I SystemServiceManager: Starting phase 200
05-12 13:51:31.392  1237  1237 D SystemServerTiming: OnBootPhase_200
05-12 13:51:31.392  1237  1237 D SystemServerTiming: OnBootPhase_200_com.android.server.security.FileIntegrityService
05-12 13:51:31.392  1237  1237 D SystemServerTiming: OnBootPhase_200_com.android.server.pm.Installer
05-12 13:51:31.392  1237  1237 D SystemServerTiming: OnBootPhase_200_com.android.server.os.DeviceIdentifiersPolicyService
05-12 13:51:31.392  1237  1237 D SystemServerTiming: OnBootPhase_200_com.android.server.uri.UriGrantsManagerService$Lifecycle
05-12 13:51:31.392  1237  1237 D SystemServerTiming: OnBootPhase_200_com.android.server.powerstats.PowerStatsService
05-12 13:51:31.392  1237  1237 D SystemServerTiming: OnBootPhase_200_com.android.server.wm.ActivityTaskManagerService$Lifecycle
05-12 13:51:31.392  1237  1237 D SystemServerTiming: OnBootPhase_200_com.android.server.am.ActivityManagerService$Lifecycle
05-12 13:51:31.392  1237  1237 D SystemServerTiming: OnBootPhase_200_com.android.server.pm.DataLoaderManagerService
05-12 13:51:31.392  1237  1237 D SystemServerTiming: OnBootPhase_200_com.android.server.power.PowerManagerService
05-12 13:51:31.392  1237  1237 D SystemServerTiming: OnBootPhase_200_com.android.server.power.ThermalManagerService
05-12 13:51:31.392  1237  1237 D SystemServerTiming: OnBootPhase_200_com.android.server.power.hint.HintManagerService
05-12 13:51:31.392  1237  1237 D SystemServerTiming: OnBootPhase_200_com.android.server.recoverysystem.RecoverySystemService$Lifecycle
05-12 13:51:31.392  1237  1237 D SystemServerTiming: OnBootPhase_200_com.android.server.lights.LightsService
05-12 13:51:31.392  1237  1237 D SystemServerTiming: OnBootPhase_200_com.android.server.display.DisplayManagerService
05-12 13:51:31.392  1237  1237 D SystemServerTiming: OnBootPhase_200_com.android.server.pm.verify.domain.DomainVerificationService
05-12 13:51:31.392  1237  1237 D SystemServerTiming: OnBootPhase_200_com.android.server.pm.PackageInstallerService$Lifecycle
05-12 13:51:31.392  1237  1237 D SystemServerTiming: OnBootPhase_200_com.android.server.pm.UserManagerService$LifeCycle
05-12 13:51:31.393  1237  1237 D SystemServerTiming: OnBootPhase_200_com.android.server.om.OverlayManagerService
05-12 13:51:31.393  1237  1237 D SystemServerTiming: OnBootPhase_200_com.android.server.resources.ResourcesManagerService
05-12 13:51:31.393  1237  1237 D SystemServerTiming: OnBootPhase_200_com.android.server.sensorprivacy.SensorPrivacyService
05-12 13:51:31.393  1237  1237 D SystemServerTiming: OnBootPhase_200_com.android.server.sensors.SensorService
05-12 13:51:31.393  1237  1237 D SystemServerTiming: OnBootPhase_200_com.android.server.SystemConfigService
05-12 13:51:31.393  1237  1237 D SystemServerTiming: OnBootPhase_200_com.android.server.BatteryService
05-12 13:51:31.393  1237  1237 D SystemServerTiming: OnBootPhase_200_com.android.server.usage.UsageStatsService
05-12 13:51:31.393  1237  1237 D SystemServerTiming: OnBootPhase_200_com.android.server.webkit.WebViewUpdateService
05-12 13:51:31.393  1237  1237 D SystemServerTiming: OnBootPhase_200_com.android.server.CachedDeviceStateService
05-12 13:51:31.393  1237  1237 D SystemServerTiming: OnBootPhase_200_com.android.server.BinderCallsStatsService$LifeCycle
05-12 13:51:31.393  1237  1237 D SystemServerTiming: OnBootPhase_200_com.android.server.LooperStatsService$Lifecycle
05-12 13:51:31.393  1237  1237 D SystemServerTiming: OnBootPhase_200_com.android.server.rollback.RollbackManagerService
05-12 13:51:31.393  1237  1237 D SystemServerTiming: OnBootPhase_200_com.android.server.os.NativeTombstoneManagerService
05-12 13:51:31.393  1237  1237 D SystemServerTiming: OnBootPhase_200_com.android.server.os.BugreportManagerService
05-12 13:51:31.393  1237  1237 D SystemServerTiming: OnBootPhase_200_com.android.server.gpu.GpuService
05-12 13:51:31.393  1237  1237 D SystemServerTiming: OnBootPhase_200_com.android.server.security.KeyChainSystemService
05-12 13:51:31.393  1237  1237 D SystemServerTiming: OnBootPhase_200_com.android.server.BinaryTransparencyService
05-12 13:51:31.393  1237  1237 D SystemServerTiming: OnBootPhase_200_com.android.server.telecom.TelecomLoaderService
05-12 13:51:31.393  1237  1237 D SystemServerTiming: OnBootPhase_200_com.android.server.accounts.AccountManagerService$Lifecycle
05-12 13:51:31.393  1237  1237 D SystemServerTiming: OnBootPhase_200_com.android.server.content.ContentService$Lifecycle
05-12 13:51:31.393  1237  1237 D SystemServerTiming: OnBootPhase_200_com.android.server.DropBoxManagerService
05-12 13:51:31.393  1237  1237 D SystemServerTiming: OnBootPhase_200_com.android.role.RoleService
05-12 13:51:31.393  1237  1237 D SystemServerTiming: OnBootPhase_200_com.android.server.vibrator.VibratorManagerService$Lifecycle
05-12 13:51:31.393  1237  1237 D SystemServerTiming: OnBootPhase_200_com.android.server.tare.InternalResourceService
05-12 13:51:31.394  1237  1237 D SystemServerTiming: OnBootPhase_200_com.android.server.alarm.AlarmManagerService
05-12 13:51:31.394  1237  1237 D SystemServerTiming: OnBootPhase_200_com.android.server.devicestate.DeviceStateManagerService
05-12 13:51:31.394  1237  1237 D SystemServerTiming: OnBootPhase_200_com.android.server.camera.CameraServiceProxy
05-12 13:51:31.396  1237  1237 I WindowManager: No existing display settings, starting empty
05-12 13:51:31.423  1237  1237 D SystemServerTiming: SetWindowManagerService
05-12 13:51:31.462  1237  1237 I ActivityTaskManager: Loaded persisted task ids for user 0
05-12 13:51:31.466  1237  1237 D SystemServerTiming: WindowManagerServiceOnInitReady
05-12 13:51:31.675   441   463 I keystore2: keystore2::watchdog: Watchdog thread idle -> terminating. Have a great day.
05-12 13:51:31.798  1237  1305 I PackageManager: Deferred reconcileAppsData finished 556 packages
05-12 13:51:31.902  1237  1260 W Looper  : Slow dispatch took 434ms android.ui h=android.os.Handler c=android.os.Handler$BlockingRunnable@58a82cf m=0
05-12 13:51:31.902  1237  1260 W Looper  : Slow delivery took 424ms android.ui h=com.android.server.policy.PhoneWindowManager$PolicyHandler c=android.hardware.camera2.CameraManager$CameraManagerGlobal$$ExternalSyntheticLambda2@aeef45c m=0
05-12 13:51:31.903  1237  1260 W Looper  : Drained
05-12 13:51:31.903  1237  1237 D SystemServerTiming: StartInputManager
05-12 13:51:31.903  1237  1237 I InputManager: Starting input manager
05-12 13:51:31.904  1237  1341 D SystemServerTimingAsync: InitThreadPoolExec:StartHidlServices
05-12 13:51:31.904  1237  1341 D SystemServerTimingAsync: StartHidlServices
05-12 13:51:31.909  1237  1237 D SystemServerTiming: DisplayManagerWindowManagerAndInputReady
05-12 13:51:31.910  1237  1237 D SystemServerTiming: StartBluetoothService
05-12 13:51:31.917  1237  1237 I SystemServiceManager: Starting com.android.server.bluetooth.BluetoothService
05-12 13:51:31.925  1237  1237 D SystemServerTiming: IpConnectivityMetrics
05-12 13:51:31.925  1237  1237 I SystemServiceManager: Starting com.android.server.connectivity.IpConnectivityMetrics
05-12 13:51:31.926  1237  1237 D SystemServerTiming: NetworkWatchlistService
05-12 13:51:31.926  1237  1237 I SystemServiceManager: Starting com.android.server.net.watchlist.NetworkWatchlistService$Lifecycle
05-12 13:51:31.930  1237  1237 I WatchlistSettings: Reload watchlist settings done
05-12 13:51:31.931  1237  1345 I WatchlistLoggingHandler: No need to aggregate record yet.
05-12 13:51:31.931  1237  1345 I WatchlistLoggingHandler: Milliseconds spent on tryAggregateRecords(): 0
05-12 13:51:31.932  1237  1237 D SystemServerTiming: PinnerService
05-12 13:51:31.932  1237  1237 I SystemServiceManager: Starting com.android.server.PinnerService
05-12 13:51:31.933  1237  1237 V HistoricalRegistry: Interaction before persistence initialized
05-12 13:51:31.935  1237  1237 D SystemServerTiming: SignedConfigService
05-12 13:51:31.936  1237  1270 D PinnerService: pinRangeStream: null
05-12 13:51:31.936  1237  1237 D SystemServerTiming: AppIntegrityService
05-12 13:51:31.936  1237  1237 I SystemServiceManager: Starting com.android.server.integrity.AppIntegrityManagerService
05-12 13:51:31.938  1237  1270 D PinnerService: pinRangeStream: null
05-12 13:51:31.939  1237  1237 E IntegrityFileManager: Error creating staging and rules directory
05-12 13:51:31.945  1237  1237 D SystemServerTiming: StartLogcatManager
05-12 13:51:31.945  1237  1237 I SystemServiceManager: Starting com.android.server.logcat.LogcatManagerService
05-12 13:51:31.947  1237  1270 D PinnerService: pinRangeStream: null
05-12 13:51:31.947  1237  1237 D SystemServerTiming: LineageGlobalActionsService
05-12 13:51:31.948  1237  1270 D PinnerService: pinRangeStream: null
05-12 13:51:31.948  1237  1237 I SystemServiceManager: Starting com.android.server.derp.LineageGlobalActionsService
05-12 13:51:31.949  1237  1270 D PinnerService: pinRangeStream: null
05-12 13:51:31.952  1237  1237 I WindowManager: SAFE MODE not enabled
05-12 13:51:31.952  1237  1237 D SystemServerTiming: StartInputMethodManagerLifecycle
05-12 13:51:31.952  1237  1237 I SystemServiceManager: Starting com.android.server.inputmethod.InputMethodManagerService$Lifecycle
05-12 13:51:31.961  1237  1270 D PinnerService: pinRangeStream: null
05-12 13:51:31.966  1237  1237 D SystemServerTiming: StartAccessibilityManagerService
05-12 13:51:31.966  1237  1237 I SystemServiceManager: Starting com.android.server.accessibility.AccessibilityManagerService$Lifecycle
05-12 13:51:31.970  1237  1270 D PinnerService: pinRangeStream: null
05-12 13:51:31.971  1237  1270 D PinnerService: pinRangeStream: null
05-12 13:51:31.972  1237  1237 D SystemServerTiming: MakeDisplayReady
05-12 13:51:31.976  1237  1270 D PinnerService: pinRangeStream: null
05-12 13:51:31.976  1237  1237 I ActivityTaskManager: Config changes=20005df8 {1.0 ?mcc?mnc [en_IN] ldltr sw400dp w400dp h852dp 432dpi nrml long port ?uimode ?night -touch -keyb/h/h -nav/h winConfig={ mBounds=Rect(0, 0 - 1080, 2400) mAppBounds=Rect(0, 100 - 1080, 2400) mMaxBounds=Rect(0, 0 - 1080, 2400) mDisplayRotation=ROTATION_0 mWindowingMode=fullscreen mDisplayWindowingMode=fullscreen mActivityType=undefined mAlwaysOnTop=undefined mRotation=ROTATION_0} s.2 ?fontWeightAdjustment}
05-12 13:51:31.978  1237  1270 D PinnerService: pinRangeStream: null
05-12 13:51:31.979  1237  1270 D PinnerService: pinRangeStream: null
05-12 13:51:31.980  1237  1270 D PinnerService: pinRangeStream: null
05-12 13:51:31.981  1237  1237 I WindowManager: Override config changes=60007dfc {1.0 ?mcc?mnc [en_IN] ldltr sw400dp w400dp h852dp 432dpi nrml long port ?uimode ?night -touch -keyb/h/h -nav/h winConfig={ mBounds=Rect(0, 0 - 1080, 2400) mAppBounds=Rect(0, 100 - 1080, 2400) mMaxBounds=Rect(0, 0 - 1080, 2400) mDisplayRotation=ROTATION_0 mWindowingMode=fullscreen mDisplayWindowingMode=fullscreen mActivityType=undefined mAlwaysOnTop=undefined mRotation=ROTATION_0} s.2 ?fontWeightAdjustment} for displayId=0
05-12 13:51:31.981  1237  1270 D PinnerService: pinRangeStream: null
05-12 13:51:31.981  1237  1270 D PinnerService: pinRangeStream: null
05-12 13:51:31.982  1237  1270 D PinnerService: pinRangeStream: null
05-12 13:51:31.982  1237  1270 E PinnerService: Could not pin file /system_ext/priv-app/SystemUI/SystemUI.apk
05-12 13:51:31.982  1237  1270 E PinnerService: android.system.ErrnoException: open failed: ENOENT (No such file or directory)
05-12 13:51:31.982  1237  1270 E PinnerService: 	at libcore.io.Linux.open(Native Method)
05-12 13:51:31.982  1237  1270 E PinnerService: 	at libcore.io.ForwardingOs.open(ForwardingOs.java:563)
05-12 13:51:31.982  1237  1270 E PinnerService: 	at libcore.io.BlockGuardOs.open(BlockGuardOs.java:274)
05-12 13:51:31.982  1237  1270 E PinnerService: 	at android.system.Os.open(Os.java:494)
05-12 13:51:31.982  1237  1270 E PinnerService: 	at com.android.server.PinnerService.pinFileRanges(PinnerService.java:975)
05-12 13:51:31.982  1237  1270 E PinnerService: 	at com.android.server.PinnerService.pinFile(PinnerService.java:850)
05-12 13:51:31.982  1237  1270 E PinnerService: 	at com.android.server.PinnerService.handlePinOnStart(PinnerService.java:305)
05-12 13:51:31.982  1237  1270 E PinnerService: 	at com.android.server.PinnerService.-$$Nest$mhandlePinOnStart(Unknown Source:0)
05-12 13:51:31.982  1237  1270 E PinnerService: 	at com.android.server.PinnerService$PinnerHandler.handleMessage(PinnerService.java:1219)
05-12 13:51:31.982  1237  1270 E PinnerService: 	at android.os.Handler.dispatchMessage(Handler.java:106)
05-12 13:51:31.982  1237  1270 E PinnerService: 	at android.os.Looper.loopOnce(Looper.java:201)
05-12 13:51:31.982  1237  1270 E PinnerService: 	at android.os.Looper.loop(Looper.java:288)
05-12 13:51:31.982  1237  1270 E PinnerService: 	at android.os.HandlerThread.run(HandlerThread.java:67)
05-12 13:51:31.982  1237  1270 E PinnerService: Failed to pin file = /system_ext/priv-app/SystemUI/SystemUI.apk
05-12 13:51:31.982  1237  1270 D PinnerService: pinRangeStream: null
05-12 13:51:31.983  1237  1270 E PinnerService: Could not pin file /system_ext/priv-app/SystemUI/oat/arm64/SystemUI.odex
05-12 13:51:31.983  1237  1270 E PinnerService: android.system.ErrnoException: open failed: ENOENT (No such file or directory)
05-12 13:51:31.983  1237  1270 E PinnerService: 	at libcore.io.Linux.open(Native Method)
05-12 13:51:31.983  1237  1270 E PinnerService: 	at libcore.io.ForwardingOs.open(ForwardingOs.java:563)
05-12 13:51:31.983  1237  1270 E PinnerService: 	at libcore.io.BlockGuardOs.open(BlockGuardOs.java:274)
05-12 13:51:31.983  1237  1270 E PinnerService: 	at android.system.Os.open(Os.java:494)
05-12 13:51:31.983  1237  1270 E PinnerService: 	at com.android.server.PinnerService.pinFileRanges(PinnerService.java:975)
05-12 13:51:31.983  1237  1270 E PinnerService: 	at com.android.server.PinnerService.pinFile(PinnerService.java:850)
05-12 13:51:31.983  1237  1270 E PinnerService: 	at com.android.server.PinnerService.handlePinOnStart(PinnerService.java:305)
05-12 13:51:31.983  1237  1270 E PinnerService: 	at com.android.server.PinnerService.-$$Nest$mhandlePinOnStart(Unknown Source:0)
05-12 13:51:31.983  1237  1270 E PinnerService: 	at com.android.server.PinnerService$PinnerHandler.handleMessage(PinnerService.java:1219)
05-12 13:51:31.983  1237  1270 E PinnerService: 	at android.os.Handler.dispatchMessage(Handler.java:106)
05-12 13:51:31.983  1237  1270 E PinnerService: 	at android.os.Looper.loopOnce(Looper.java:201)
05-12 13:51:31.983  1237  1270 E PinnerService: 	at android.os.Looper.loop(Looper.java:288)
05-12 13:51:31.983  1237  1270 E PinnerService: 	at android.os.HandlerThread.run(HandlerThread.java:67)
05-12 13:51:31.983  1237  1270 E PinnerService: Failed to pin file = /system_ext/priv-app/SystemUI/oat/arm64/SystemUI.odex
05-12 13:51:31.983  1237  1270 D PinnerService: pinRangeStream: null
05-12 13:51:31.984  1237  1270 E PinnerService: Could not pin file /system/lib64/libsurfaceflinger.so
05-12 13:51:31.984  1237  1270 E PinnerService: android.system.ErrnoException: open failed: ENOENT (No such file or directory)
05-12 13:51:31.984  1237  1270 E PinnerService: 	at libcore.io.Linux.open(Native Method)
05-12 13:51:31.984  1237  1270 E PinnerService: 	at libcore.io.ForwardingOs.open(ForwardingOs.java:563)
05-12 13:51:31.984  1237  1270 E PinnerService: 	at libcore.io.BlockGuardOs.open(BlockGuardOs.java:274)
05-12 13:51:31.984  1237  1270 E PinnerService: 	at android.system.Os.open(Os.java:494)
05-12 13:51:31.984  1237  1270 E PinnerService: 	at com.android.server.PinnerService.pinFileRanges(PinnerService.java:975)
05-12 13:51:31.984  1237  1270 E PinnerService: 	at com.android.server.PinnerService.pinFile(PinnerService.java:850)
05-12 13:51:31.984  1237  1270 E PinnerService: 	at com.android.server.PinnerService.handlePinOnStart(PinnerService.java:305)
05-12 13:51:31.984  1237  1270 E PinnerService: 	at com.android.server.PinnerService.-$$Nest$mhandlePinOnStart(Unknown Source:0)
05-12 13:51:31.984  1237  1270 E PinnerService: 	at com.android.server.PinnerService$PinnerHandler.handleMessage(PinnerService.java:1219)
05-12 13:51:31.984  1237  1270 E PinnerService: 	at android.os.Handler.dispatchMessage(Handler.java:106)
05-12 13:51:31.984  1237  1270 E PinnerService: 	at android.os.Looper.loopOnce(Looper.java:201)
05-12 13:51:31.984  1237  1270 E PinnerService: 	at android.os.Looper.loop(Looper.java:288)
05-12 13:51:31.984  1237  1270 E PinnerService: 	at android.os.HandlerThread.run(HandlerThread.java:67)
05-12 13:51:31.984  1237  1270 E PinnerService: Failed to pin file = /system/lib64/libsurfaceflinger.so
05-12 13:51:31.984  1237  1237 I DisplayDevice: [0] Layerstack set to 0 for local:0
05-12 13:51:31.989  1237  1237 I ActivityTaskManager: Config changes=8 {1.0 ?mcc?mnc [en_IN] ldltr sw400dp w400dp h852dp 432dpi nrml long port ?uimode ?night finger -keyb/h/h -nav/h winConfig={ mBounds=Rect(0, 0 - 1080, 2400) mAppBounds=Rect(0, 100 - 1080, 2400) mMaxBounds=Rect(0, 0 - 1080, 2400) mDisplayRotation=ROTATION_0 mWindowingMode=fullscreen mDisplayWindowingMode=fullscreen mActivityType=undefined mAlwaysOnTop=undefined mRotation=ROTATION_0} s.4 ?fontWeightAdjustment}
05-12 13:51:31.993  1237  1237 I WindowManager: Override config changes=8 {1.0 ?mcc?mnc [en_IN] ldltr sw400dp w400dp h852dp 432dpi nrml long port ?uimode ?night finger -keyb/h/h -nav/h winConfig={ mBounds=Rect(0, 0 - 1080, 2400) mAppBounds=Rect(0, 100 - 1080, 2400) mMaxBounds=Rect(0, 0 - 1080, 2400) mDisplayRotation=ROTATION_0 mWindowingMode=fullscreen mDisplayWindowingMode=fullscreen mActivityType=undefined mAlwaysOnTop=undefined mRotation=ROTATION_0} s.4 ?fontWeightAdjustment} for displayId=0
05-12 13:51:31.995  1237  1237 D SystemServerTiming: StartStorageManagerService
05-12 13:51:31.995  1237  1237 I SystemServiceManager: Starting com.android.server.StorageManagerService$Lifecycle
05-12 13:51:32.009  1237  1349 D StorageManagerService: Thinking about init, mBootCompleted=false, mDaemonConnected=true
05-12 13:51:32.009  1237  1349 D StorageManagerService: Thinking about reset, mBootCompleted=false, mDaemonConnected=true
05-12 13:51:32.011  1237  1349 D StorageManagerService: Thinking about init, mBootCompleted=false, mDaemonConnected=true
05-12 13:51:32.011  1237  1349 D StorageManagerService: Thinking about reset, mBootCompleted=false, mDaemonConnected=true
05-12 13:51:32.011  1237  1237 D SystemServerTiming: StartStorageStatsService
05-12 13:51:32.011  1237  1237 I SystemServiceManager: Starting com.android.server.usage.StorageStatsService$Lifecycle
05-12 13:51:32.021  1237  1237 D SystemServerTiming: StartUiModeManager
05-12 13:51:32.021  1237  1237 I SystemServiceManager: Starting com.android.server.UiModeManagerService
05-12 13:51:32.023  1237  1350 D SystemServerTimingAsync: InitThreadPoolExec:UiModeManager.onStart
05-12 13:51:32.024  1237  1237 D SystemServerTiming: StartLocaleManagerService
05-12 13:51:32.024  1237  1237 I SystemServiceManager: Starting com.android.server.locales.LocaleManagerService
05-12 13:51:32.028  1237  1237 D SystemServerTiming: UpdatePackagesIfNeeded
05-12 13:51:32.029  1237  1237 I Watchdog: Pausing HandlerChecker: main thread for reason: dexopt. Pause count: 1
05-12 13:51:32.031  1237  1237 I Watchdog: Resuming HandlerChecker: main thread for reason: dexopt. Pause count: 0
05-12 13:51:32.031  1237  1237 D SystemServerTiming: PerformFstrimIfNeeded
05-12 13:51:32.032  1237  1237 D SystemServerTiming: StartLockSettingsService
05-12 13:51:32.032  1237  1237 I SystemServiceManager: Starting com.android.server.locksettings.LockSettingsService$Lifecycle
05-12 13:51:32.048  1237  1237 D SystemServerTiming: StartPersistentDataBlock
05-12 13:51:32.048  1237  1237 I SystemServiceManager: Starting com.android.server.PersistentDataBlockService
05-12 13:51:32.049  1237  1237 D SystemServerTiming: StartTestHarnessMode
05-12 13:51:32.049  1237  1237 I SystemServiceManager: Starting com.android.server.testharness.TestHarnessModeService
05-12 13:51:32.049  1237  1353 D SystemServerTimingAsync: InitThreadPoolExec:PersistentDataBlockService.onStart
05-12 13:51:32.051  1237  1237 D SystemServerTiming: StartOemLockService
05-12 13:51:32.051  1237  1237 I SystemServiceManager: Starting com.android.server.oemlock.OemLockService
05-12 13:51:32.053  1237  1237 I OemLock : OemLock HAL not present on device
05-12 13:51:32.053  1237  1237 I OemLock : Using persistent data block based lock
05-12 13:51:32.055  1237  1237 D SystemServerTiming: StartDeviceIdleController
05-12 13:51:32.055  1237  1237 I SystemServiceManager: Starting com.android.server.DeviceIdleController
05-12 13:51:32.065  1237  1237 D SystemServerTiming: StartDevicePolicyManager
05-12 13:51:32.065  1237  1237 I SystemServiceManager: Starting com.android.server.devicepolicy.DevicePolicyManagerService$Lifecycle
05-12 13:51:32.073  1237  1237 I DevicePolicyManager: Current version 3, latest version 3, not upgrading.
05-12 13:51:32.075  1237  1237 I DevicePolicyManager: Set ro.organization_owned property to false
05-12 13:51:32.080  1237  1237 D SystemServerTiming: StartStatusBarManagerService
05-12 13:51:32.083  1237  1237 D SystemServerTiming: StartMusicRecognitionManagerService
05-12 13:51:32.083  1237  1237 I SystemServiceManager: Starting com.android.server.musicrecognition.MusicRecognitionManagerService
05-12 13:51:32.087  1237  1237 D SystemServerTiming: StartContentCaptureService
05-12 13:51:32.087  1237  1237 I SystemServiceManager: Starting com.android.server.contentcapture.ContentCaptureManagerService
05-12 13:51:32.091  1237  1237 D SystemServerTiming: StartAttentionManagerService
05-12 13:51:32.091  1237  1237 I SystemServiceManager: Starting com.android.server.attention.AttentionManagerService
05-12 13:51:32.095  1237  1237 D SystemServerTiming: StartRotationResolverService
05-12 13:51:32.095  1237  1237 I SystemServiceManager: Starting com.android.server.rotationresolver.RotationResolverManagerService
05-12 13:51:32.097  1237  1237 D SystemServerTiming: StartSystemCaptionsManagerService
05-12 13:51:32.097  1237  1237 I SystemServiceManager: Starting com.android.server.systemcaptions.SystemCaptionsManagerService
05-12 13:51:32.098  1237  1237 D SystemServerTiming: StartTextToSpeechManagerService
05-12 13:51:32.098  1237  1237 I SystemServiceManager: Starting com.android.server.texttospeech.TextToSpeechManagerService
05-12 13:51:32.101  1237  1237 D SystemServerTiming: StartAmbientContextService
05-12 13:51:32.101  1237  1237 I SystemServiceManager: Starting com.android.server.ambientcontext.AmbientContextManagerService
05-12 13:51:32.104  1237  1237 D SystemServerTiming: StartSpeechRecognitionManagerService
05-12 13:51:32.104  1237  1237 I SystemServiceManager: Starting com.android.server.speech.SpeechRecognitionManagerService
05-12 13:51:32.107  1237  1237 D SystemServerTiming: StartAppPredictionService
05-12 13:51:32.107  1237  1237 I SystemServiceManager: Starting com.android.server.appprediction.AppPredictionManagerService
05-12 13:51:32.110  1237  1237 D SystemServerTiming: StartContentSuggestionsService
05-12 13:51:32.110  1237  1237 I SystemServiceManager: Starting com.android.server.contentsuggestions.ContentSuggestionsManagerService
05-12 13:51:32.112  1237  1237 D SystemServerTiming: StartSearchUiService
05-12 13:51:32.112  1237  1237 I SystemServiceManager: Starting com.android.server.searchui.SearchUiManagerService
05-12 13:51:32.115  1237  1237 D SystemServerTiming: StartSmartspaceService
05-12 13:51:32.115  1237  1237 I SystemServiceManager: Starting com.android.server.smartspace.SmartspaceManagerService
05-12 13:51:32.118  1237  1237 D SystemServerTiming: InitConnectivityModuleConnector
05-12 13:51:32.118  1237  1237 D ConnectivityModuleConnector: Network stack init
05-12 13:51:32.119  1237  1237 D SystemServerTiming: InitNetworkStackClient
05-12 13:51:32.120  1237  1237 D SystemServerTiming: StartNetworkManagementService
05-12 13:51:32.123  1237  1237 D SystemServerTiming: StartFontManagerService
05-12 13:51:32.156  1237  1237 D SystemServerTiming: StartTextServicesManager
05-12 13:51:32.156  1237  1237 I SystemServiceManager: Starting com.android.server.textservices.TextServicesManagerService$Lifecycle
05-12 13:51:32.159  1237  1237 D SystemServerTiming: StartTextClassificationManagerService
05-12 13:51:32.160  1237  1237 I SystemServiceManager: Starting com.android.server.textclassifier.TextClassificationManagerService$Lifecycle
05-12 13:51:32.164  1237  1237 D SystemServerTiming: StartNetworkScoreService
05-12 13:51:32.164  1237  1237 I SystemServiceManager: Starting com.android.server.NetworkScoreService$Lifecycle
05-12 13:51:32.168  1237  1237 D SystemServerTiming: StartNetworkStatsService
05-12 13:51:32.182  1237  1237 I SystemServiceManager: Starting com.android.server.NetworkStatsServiceInitializer
05-12 13:51:32.230  1237  1237 D SystemServerTiming: StartNetworkPolicyManagerService
05-12 13:51:32.236  1237  1237 D SystemServerTiming: StartWifi
05-12 13:51:32.255  1237  1237 I SystemServiceManager: Starting com.android.server.wifi.WifiService
05-12 13:51:32.362   802   802 I wificond: New wificond event callback registered
05-12 13:51:32.369  1237  1237 V HistoricalRegistry: Interaction before persistence initialized
05-12 13:51:32.374  1237  1237 D SystemServerTiming: StartWifiScanning
05-12 13:51:32.374  1237  1237 I SystemServiceManager: Starting com.android.server.wifi.scanner.WifiScanningService
05-12 13:51:32.379  1237  1237 D SystemServerTiming: StartWifiP2P
05-12 13:51:32.379  1237  1237 I SystemServiceManager: Starting com.android.server.wifi.p2p.WifiP2pService
05-12 13:51:32.386  1237  1237 D SystemServerTiming: StartPacProxyService
05-12 13:51:32.388  1237  1237 D SystemServerTiming: StartConnectivityService
05-12 13:51:32.388  1237  1237 I SystemServiceManager: Starting com.android.server.ConnectivityServiceInitializer
05-12 13:51:32.419  1237  1237 D CompatibilityChangeReporter: Compat change id reported: 182478738; UID 1000; state: ENABLED
05-12 13:51:32.451  1237  1237 D SystemServerTiming: StartVpnManagerService
05-12 13:51:32.455  1237  1237 D SystemServerTiming: StartVcnManagementService
05-12 13:51:32.458  1237  1237 D SystemServerTiming: StartSystemUpdateManagerService
05-12 13:51:32.458  1237  1237 I SystemUpdateManagerService: No existing info file /data/system/system-update-info.xml
05-12 13:51:32.460  1237  1237 D SystemServerTiming: StartUpdateLockService
05-12 13:51:32.461  1237  1237 D SystemServerTiming: StartNotificationManager
05-12 13:51:32.461  1237  1237 I SystemServiceManager: Starting com.android.server.notification.NotificationManagerService
05-12 13:51:32.466  1237  1237 D ConditionProviders.SCP: new ScheduleConditionProvider()
05-12 13:51:32.493  1237  1237 I NotificationListeners: Read notification listener permissions from xml
05-12 13:51:32.493  1237  1237 I NotificationAssistants: Read notification assistant permissions from xml
05-12 13:51:32.494  1237  1237 I ConditionProviders: Read condition provider permissions from xml
05-12 13:51:32.494  1237  1237 I ConditionProviders: Read condition provider permissions from xml
05-12 13:51:32.494  1237  1237 D NotificationAssistants: Approving default notification assistant for user 0
05-12 13:51:32.495  1237  1237 I ConditionProviders:  Allowing condition provider android.ext.services/android.ext.services.notification.Assistant (userSet: true)
05-12 13:51:32.498  1237  1237 D CompatibilityChangeReporter: Compat change id reported: 157233955; UID 1000; state: ENABLED
05-12 13:51:32.506  1237  1237 D SystemServerTiming: StartDeviceMonitor
05-12 13:51:32.506  1237  1237 I SystemServiceManager: Starting com.android.server.storage.DeviceStorageMonitorService
05-12 13:51:32.508  1237  1237 D SystemServerTiming: StartLocationManagerService
05-12 13:51:32.508  1237  1237 I SystemServiceManager: Starting com.android.server.location.LocationManagerService$Lifecycle
05-12 13:51:32.512  1237  1237 D SystemServerTiming: StartCountryDetectorService
05-12 13:51:32.514  1237  1237 D SystemServerTiming: StartTimeDetectorService
05-12 13:51:32.514  1237  1237 I SystemServiceManager: Starting com.android.server.timedetector.TimeDetectorService$Lifecycle
05-12 13:51:32.517  1237  1237 D SystemServerTiming: StartTimeZoneDetectorService
05-12 13:51:32.517  1237  1237 I SystemServiceManager: Starting com.android.server.timezonedetector.TimeZoneDetectorService$Lifecycle
05-12 13:51:32.523  1237  1237 D SystemServerTiming: StartLocationTimeZoneManagerService
05-12 13:51:32.523  1237  1237 I SystemServiceManager: Starting com.android.server.timezonedetector.location.LocationTimeZoneManagerService$Lifecycle
05-12 13:51:32.525  1237  1237 D SystemServerTiming: StartSearchManagerService
05-12 13:51:32.526  1237  1237 I SystemServiceManager: Starting com.android.server.search.SearchManagerService$Lifecycle
05-12 13:51:32.528  1237  1237 D SystemServerTiming: StartWallpaperManagerService
05-12 13:51:32.528  1237  1237 I SystemServiceManager: Starting com.android.server.wallpaper.WallpaperManagerService$Lifecycle
05-12 13:51:32.530  1237  1237 D SystemServerTiming: StartWallpaperEffectsGenerationService
05-12 13:51:32.530  1237  1237 I SystemServiceManager: Starting com.android.server.wallpapereffectsgeneration.WallpaperEffectsGenerationManagerService
05-12 13:51:32.533  1237  1237 D SystemServerTiming: StartAudioService
05-12 13:51:32.533  1237  1237 I SystemServiceManager: Starting com.android.server.audio.AudioService$Lifecycle
05-12 13:51:32.606  1237  1237 D SystemServerTiming: StartSoundTriggerMiddlewareService
05-12 13:51:32.606  1237  1237 I SystemServiceManager: Starting com.android.server.soundtrigger_middleware.SoundTriggerMiddlewareService$Lifecycle
05-12 13:51:32.612  1237  1237 D SystemServerTiming: StartDockObserver
05-12 13:51:32.612  1237  1237 I SystemServiceManager: Starting com.android.server.DockObserver
05-12 13:51:32.612  1237  1237 I DockObserver: No extcon dock device found in this kernel.
05-12 13:51:32.614  1237  1237 D SystemServerTiming: StartWiredAccessoryManager
05-12 13:51:32.614  1237  1237 W WiredAccessoryManager: This kernel does not have usb audio support
05-12 13:51:32.615  1237  1237 W WiredAccessoryManager: This kernel does not have HDMI audio support
05-12 13:51:32.615  1237  1237 E WiredAccessoryManager: file /sys/devices/platform/soc/soc:qcom,msm-ext-disp/extcon/extcon3/name not found
05-12 13:51:32.615  1237  1237 W WiredAccessoryManager: Conn soc:qcom,msm-ext-disp/3/1 does not have DP audio support
05-12 13:51:32.615  1237  1237 E WiredAccessoryManager: file /sys/devices/platform/soc/soc:qcom,msm-ext-disp/extcon/extcon2/name not found
05-12 13:51:32.615  1237  1237 W WiredAccessoryManager: Conn soc:qcom,msm-ext-disp/2/1 does not have DP audio support
05-12 13:51:32.615  1237  1237 E WiredAccessoryManager: file /sys/devices/platform/soc/soc:qcom,msm-ext-disp/extcon/extcon1/name not found
05-12 13:51:32.615  1237  1237 W WiredAccessoryManager: Conn soc:qcom,msm-ext-disp/1/1 does not have DP audio support
05-12 13:51:32.615  1237  1237 E WiredAccessoryManager: file /sys/devices/platform/soc/soc:qcom,msm-ext-disp/extcon/extcon0/name not found
05-12 13:51:32.615  1237  1237 W WiredAccessoryManager: Conn soc:qcom,msm-ext-disp/0/1 does not have DP audio support
05-12 13:51:32.615  1237  1237 E WiredAccessoryManager: file /sys/devices/platform/soc/soc:qcom,msm-ext-disp/extcon/extcon3/name not found
05-12 13:51:32.615  1237  1237 W WiredAccessoryManager: Conn soc:qcom,msm-ext-disp/3/0 does not have DP audio support
05-12 13:51:32.616  1237  1237 E WiredAccessoryManager: file /sys/devices/platform/soc/soc:qcom,msm-ext-disp/extcon/extcon2/name not found
05-12 13:51:32.616  1237  1237 W WiredAccessoryManager: Conn soc:qcom,msm-ext-disp/2/0 does not have DP audio support
05-12 13:51:32.616  1237  1237 E WiredAccessoryManager: file /sys/devices/platform/soc/soc:qcom,msm-ext-disp/extcon/extcon1/name not found
05-12 13:51:32.616  1237  1237 W WiredAccessoryManager: Conn soc:qcom,msm-ext-disp/1/0 does not have DP audio support
05-12 13:51:32.616  1237  1237 E WiredAccessoryManager: file /sys/devices/platform/soc/soc:qcom,msm-ext-disp/extcon/extcon0/name not found
05-12 13:51:32.616  1237  1237 W WiredAccessoryManager: Conn soc:qcom,msm-ext-disp/0/0 does not have DP audio support
05-12 13:51:32.616  1237  1237 D SystemServerTiming: StartMidiManager
05-12 13:51:32.616  1237  1237 I SystemServiceManager: Starting com.android.server.midi.MidiService$Lifecycle
05-12 13:51:32.618  1237  1237 D SystemServerTiming: StartAdbService
05-12 13:51:32.618  1237  1237 I SystemServiceManager: Starting com.android.server.adb.AdbService$Lifecycle
05-12 13:51:32.621  1237  1237 D SystemServerTiming: StartUsbService
05-12 13:51:32.621  1237  1237 I SystemServiceManager: Starting com.android.server.usb.UsbService$Lifecycle
05-12 13:51:32.621  1237  1237 D SystemServerTiming: StartSerialService
05-12 13:51:32.621  1237  1266 D SystemServerTimingAsync: InitThreadPoolExec:UsbService$Lifecycle#onStart
05-12 13:51:32.622  1237  1266 I UsbDeviceManager: failed to write to /sys/class/android_usb/android0/f_rndis/ethaddr
05-12 13:51:32.624  1237  1237 D SystemServerTiming: StartHardwarePropertiesManagerService
05-12 13:51:32.624  1237  1266 I UsbDeviceManager: USB GADGET HAL not present in the device
05-12 13:51:32.624  1237  1266 I UsbDeviceManager: java.util.NoSuchElementException
05-12 13:51:32.624  1237  1266 I UsbDeviceManager: 	at android.os.HwBinder.getService(Native Method)
05-12 13:51:32.624  1237  1266 I UsbDeviceManager: 	at android.hardware.usb.gadget.V1_0.IUsbGadget.getService(IUsbGadget.java:57)
05-12 13:51:32.624  1237  1266 I UsbDeviceManager: 	at android.hardware.usb.gadget.V1_0.IUsbGadget.getService(IUsbGadget.java:64)
05-12 13:51:32.624  1237  1266 I UsbDeviceManager: 	at com.android.server.usb.UsbDeviceManager.<init>(UsbDeviceManager.java:308)
05-12 13:51:32.624  1237  1266 I UsbDeviceManager: 	at com.android.server.usb.UsbService.<init>(UsbService.java:183)
05-12 13:51:32.624  1237  1266 I UsbDeviceManager: 	at com.android.server.usb.UsbService$Lifecycle.lambda$onStart$0(UsbService.java:97)
05-12 13:51:32.624  1237  1266 I UsbDeviceManager: 	at com.android.server.usb.UsbService$Lifecycle.$r8$lambda$CxV7IL0QHEjIgNnhuBbpakF4-Bg(Unknown Source:0)
05-12 13:51:32.624  1237  1266 I UsbDeviceManager: 	at com.android.server.usb.UsbService$Lifecycle$$ExternalSyntheticLambda2.run(Unknown Source:2)
05-12 13:51:32.624  1237  1266 I UsbDeviceManager: 	at com.android.server.SystemServerInitThreadPool.lambda$submitTask$0(SystemServerInitThreadPool.java:106)
05-12 13:51:32.624  1237  1266 I UsbDeviceManager: 	at com.android.server.SystemServerInitThreadPool.$r8$lambda$aGlXt69ihU44Qi7EB_RNeu8pnrY(Unknown Source:0)
05-12 13:51:32.624  1237  1266 I UsbDeviceManager: 	at com.android.server.SystemServerInitThreadPool$$ExternalSyntheticLambda0.run(Unknown Source:6)
05-12 13:51:32.624  1237  1266 I UsbDeviceManager: 	at java.util.concurrent.Executors$RunnableAdapter.call(Executors.java:463)
05-12 13:51:32.624  1237  1266 I UsbDeviceManager: 	at java.util.concurrent.FutureTask.run(FutureTask.java:264)
05-12 13:51:32.624  1237  1266 I UsbDeviceManager: 	at java.util.concurrent.ThreadPoolExecutor.runWorker(ThreadPoolExecutor.java:1137)
05-12 13:51:32.624  1237  1266 I UsbDeviceManager: 	at java.util.concurrent.ThreadPoolExecutor$Worker.run(ThreadPoolExecutor.java:637)
05-12 13:51:32.624  1237  1266 I UsbDeviceManager: 	at com.android.internal.util.ConcurrentUtils$1$1.run(ConcurrentUtils.java:65)
05-12 13:51:32.625  1237  1266 E UsbDeviceManager: Failed to open control for mtp
05-12 13:51:32.625  1237  1266 E UsbDeviceManager: Failed to open control for ptp
05-12 13:51:32.626  1237  1266 W StorageManagerService: No primary storage defined yet; hacking together a stub
05-12 13:51:32.627  1237  1237 D SystemServerTiming: StartTwilightService
05-12 13:51:32.628  1237  1237 I SystemServiceManager: Starting com.android.server.twilight.TwilightService
05-12 13:51:32.628  1237  1237 D SystemServerTiming: StartColorDisplay
05-12 13:51:32.628  1237  1237 I SystemServiceManager: Starting com.android.server.display.color.ColorDisplayService
05-12 13:51:32.630  1237  1237 D SystemServerTiming: StartJobScheduler
05-12 13:51:32.630  1237  1237 I SystemServiceManager: Starting com.android.server.job.JobSchedulerService
05-12 13:51:32.631  1237  1266 D UsbPortManager: Querying USB HAL version
05-12 13:51:32.634  1237  1237 D JobStore: Start tag: job-info
05-12 13:51:32.635  1237  1266 I UsbPortManager: USB HAL HIDL present
05-12 13:51:32.639  1237  1269 I UsbPortManager: Usb hal service started android.hardware.usb@1.0::IUsb default
05-12 13:51:32.641  1237  1266 D UsbPortManager: getInstance done
05-12 13:51:32.648  1237  1237 I JobStore: Read 113 jobs
05-12 13:51:32.651  1237  1237 V HistoricalRegistry: Interaction before persistence initialized
05-12 13:51:32.652  1237  1237 V HistoricalRegistry: Interaction before persistence initialized
05-12 13:51:32.654  1237  1237 D SystemServerTiming: StartSoundTrigger
05-12 13:51:32.654  1237  1237 I SystemServiceManager: Starting com.android.server.soundtrigger.SoundTriggerService
05-12 13:51:32.654  1237  1237 D SystemServerTiming: StartTrustManager
05-12 13:51:32.654  1237  1237 I SystemServiceManager: Starting com.android.server.trust.TrustManagerService
05-12 13:51:32.657  1237  1237 D SystemServerTiming: StartBackupManager
05-12 13:51:32.658  1237  1237 I SystemServiceManager: Starting com.android.server.backup.BackupManagerService$Lifecycle
05-12 13:51:32.661  1237  1237 D SystemServerTiming: StartAppWidgetService
05-12 13:51:32.661  1237  1237 I SystemServiceManager: Starting com.android.server.appwidget.AppWidgetService
05-12 13:51:32.665  1237  1237 D SystemServerTiming: StartVoiceRecognitionManager
05-12 13:51:32.665  1237  1237 I SystemServiceManager: Starting com.android.server.voiceinteraction.VoiceInteractionManagerService
05-12 13:51:32.832  1237  1237 D SystemServerTiming: StartAppHibernationService
05-12 13:51:32.832  1237  1237 I SystemServiceManager: Starting com.android.server.apphibernation.AppHibernationService
05-12 13:51:32.835  1237  1237 D SystemServerTiming: StartGestureLauncher
05-12 13:51:32.835  1237  1237 I SystemServiceManager: Starting com.android.server.GestureLauncherService
05-12 13:51:32.835  1237  1237 D SystemServerTiming: StartSensorNotification
05-12 13:51:32.835  1237  1237 I SystemServiceManager: Starting com.android.server.SensorNotificationService
05-12 13:51:32.835  1237  1237 D SystemServerTiming: StartDiskStatsService
05-12 13:51:32.836  1237  1237 D CompatibilityChangeReporter: Compat change id reported: 194532703; UID 1000; state: ENABLED
05-12 13:51:32.837  1237  1237 D CompatibilityChangeReporter: Compat change id reported: 194532703; UID 1000; state: DISABLED
05-12 13:51:32.839  1237  1237 D SystemServerTiming: RuntimeService
05-12 13:51:32.841  1237  1237 D SystemServerTiming: StartNetworkTimeUpdateService
05-12 13:51:32.843  1237  1237 D SystemServerTiming: CertBlacklister
05-12 13:51:32.844  1237  1237 D SystemServerTiming: StartEmergencyAffordanceService
05-12 13:51:32.844  1237  1237 I SystemServiceManager: Starting com.android.server.emergency.EmergencyAffordanceService
05-12 13:51:32.846  1237  1237 D SystemServerTiming: startBlobStoreManagerService
05-12 13:51:32.846  1237  1237 I SystemServiceManager: Starting com.android.server.blob.BlobStoreManagerService
05-12 13:51:32.849  1237  1237 D SystemServerTiming: StartDreamManager
05-12 13:51:32.849  1237  1237 I SystemServiceManager: Starting com.android.server.dreams.DreamManagerService
05-12 13:51:32.852  1237  1237 D SystemServerTiming: AddGraphicsStatsService
05-12 13:51:32.855  1237  1237 D SystemServerTiming: StartPrintManager
05-12 13:51:32.855  1237  1237 I SystemServiceManager: Starting com.android.server.print.PrintManagerService
05-12 13:51:32.857  1237  1237 D SystemServerTiming: StartAttestationVerificationService
05-12 13:51:32.857  1237  1237 I SystemServiceManager: Starting com.android.server.security.AttestationVerificationManagerService
05-12 13:51:32.858  1237  1237 D AVF     : Started
05-12 13:51:32.859  1237  1237 D SystemServerTiming: StartCompanionDeviceManager
05-12 13:51:32.859  1237  1237 I SystemServiceManager: Starting com.android.server.companion.CompanionDeviceManagerService
05-12 13:51:32.860  1237  1237 I CompanionDevice_PersistentDataStore: Reading associations for user 0 from disk
05-12 13:51:32.862  1237  1237 D SystemServerTiming: StartVirtualDeviceManager
05-12 13:51:32.862  1237  1237 I SystemServiceManager: Starting com.android.server.companion.virtual.VirtualDeviceManagerService
05-12 13:51:32.864  1237  1237 D SystemServerTiming: StartRestrictionManager
05-12 13:51:32.864  1237  1237 I SystemServiceManager: Starting com.android.server.restrictions.RestrictionsManagerService
05-12 13:51:32.866  1237  1237 D SystemServerTiming: StartMediaSessionService
05-12 13:51:32.866  1237  1237 I SystemServiceManager: Starting com.android.server.media.MediaSessionService
05-12 13:51:32.869  1237  1237 D SystemServerTiming: StartMediaResourceMonitor
05-12 13:51:32.869  1237  1237 I SystemServiceManager: Starting com.android.server.media.MediaResourceMonitorService
05-12 13:51:32.870  1237  1237 D SystemServerTiming: StartMediaRouterService
05-12 13:51:32.870  1237  1237 V HistoricalRegistry: Interaction before persistence initialized
05-12 13:51:32.872  1237  1237 D SystemServerTiming: StartFaceSensor
05-12 13:51:32.872  1237  1237 I SystemServiceManager: Starting com.android.server.biometrics.sensors.face.FaceService
05-12 13:51:32.874  1237  1237 D SystemServerTiming: StartFingerprintSensor
05-12 13:51:32.874  1237  1237 I SystemServiceManager: Starting com.android.server.biometrics.sensors.fingerprint.FingerprintService
05-12 13:51:32.876  1237  1237 D SystemServerTiming: StartBiometricService
05-12 13:51:32.876  1237  1237 I SystemServiceManager: Starting com.android.server.biometrics.BiometricService
05-12 13:51:32.879  1237  1237 D SystemServerTiming: StartAuthService
05-12 13:51:32.879  1237  1237 I SystemServiceManager: Starting com.android.server.biometrics.AuthService
05-12 13:51:32.879  1237  1237 D AuthService: Registering HIDL ID: 0 Modality: 2 Strength: 15
05-12 13:51:32.884  1237  1397 D BiometricService: Registering ID: 0 Modality: 2 Strength: 15
05-12 13:51:32.885  1237  1397 D BiometricStrengthController: updateStrengths: revert sensorId=0 to oemStrength=15
