05-12 13:51:33.349  1237  1312 D SystemServerTimingAsync: InitThreadPoolExec:Update app-ops uidState in case package com.bootleggers.shishufied.theme.pacleggers.settings changed
05-12 13:51:33.349  1237  1341 D SystemServerTimingAsync: InitThreadPoolExec:Update app-ops uidState in case package org.derpfest.overlay.customization.navbar.nohint changed
05-12 13:51:33.349  1237  1305 D SystemServerTimingAsync: InitThreadPoolExec:Update app-ops uidState in case package com.custom.systemui.wifiNothingDot changed
05-12 13:51:33.349  1237  1341 D SystemServerTimingAsync: InitThreadPoolExec:Update app-ops uidState in case package org.derpfest.overlay.customization.launcher3.nohint changed
05-12 13:51:33.349  1237  1350 D SystemServerTimingAsync: InitThreadPoolExec:Update app-ops uidState in case package com.bootleggers.shishufied.theme.nexodus.systemui changed
05-12 13:51:33.349  1237  1341 D SystemServerTimingAsync: InitThreadPoolExec:Update app-ops uidState in case package com.derp.systemui.wifibar_g changed
05-12 13:51:33.349  1237  1326 D SystemServerTimingAsync: InitThreadPoolExec:Update app-ops uidState in case package com.bootleggers.shishufied.theme.nexodus.android changed
05-12 13:51:33.349  1237  1341 D SystemServerTimingAsync: InitThreadPoolExec:Update app-ops uidState in case package com.custom.overlay.systemui.data1 changed
05-12 13:51:33.349  1237  1353 D SystemServerTimingAsync: InitThreadPoolExec:Update app-ops uidState in case package com.bootleggers.shishufied.theme.pacleggers.android changed
05-12 13:51:33.349  1237  1341 D SystemServerTimingAsync: InitThreadPoolExec:Update app-ops uidState in case package com.custom.overlay.systemui.data5 changed
05-12 13:51:33.349  1237  1305 D SystemServerTimingAsync: InitThreadPoolExec:Update app-ops uidState in case package org.derpfest.overlay.customization.navbar.keyboard.nonavbar changed
05-12 13:51:33.349  1237  1325 D SystemServerTimingAsync: InitThreadPoolExec:Update app-ops uidState in case package com.derp.systemui.signalbar_f changed
05-12 13:51:33.349  1237  1305 D SystemServerTimingAsync: InitThreadPoolExec:Update app-ops uidState in case package com.custom.overlay.systemui.wifiGradicon changed
05-12 13:51:33.349  1237  1350 D SystemServerTimingAsync: InitThreadPoolExec:Update app-ops uidState in case package com.derp.systemui.signalbar_g changed
05-12 13:51:33.349  1237  1350 D SystemServerTimingAsync: InitThreadPoolExec:Update app-ops uidState in case package com.custom.overlay.systemui.data8 changed
05-12 13:51:33.349  1237  1266 D SystemServerTimingAsync: InitThreadPoolExec:Update app-ops uidState in case package com.derp.systemui.wifibar_a changed
05-12 13:51:33.349  1237  1350 D SystemServerTimingAsync: InitThreadPoolExec:Update app-ops uidState in case package com.derp.systemui.wifibar_j changed
05-12 13:51:33.349  1237  1341 D SystemServerTimingAsync: InitThreadPoolExec:Update app-ops uidState in case package com.custom.overlay.systemui.data3 changed
05-12 13:51:33.349  1237  1312 D SystemServerTimingAsync: InitThreadPoolExec:Update app-ops uidState in case package com.custom.overlay.systemui.data9 changed
05-12 13:51:33.349  1237  1325 D SystemServerTimingAsync: InitThreadPoolExec:Update app-ops uidState in case package com.custom.overlay.systemui.signalGradicon changed
05-12 13:51:33.349  1237  1312 D SystemServerTimingAsync: InitThreadPoolExec:Update app-ops uidState in case package com.bootleggers.shishufied.clockfont.lovenessthree changed
05-12 13:51:33.350  1237  1325 D SystemServerTimingAsync: InitThreadPoolExec:Update app-ops uidState in case package com.bootleggers.shishufied.clockfont.frankfrt changed
05-12 13:51:33.350  1237  1312 D SystemServerTimingAsync: InitThreadPoolExec:Update app-ops uidState in case package com.bootleggers.shishufied.clockfont.ZnikomitNo24 changed
05-12 13:51:33.350  1237  1325 D SystemServerTimingAsync: InitThreadPoolExec:Update app-ops uidState in case package com.bootleggers.shishufied.clockfont.zerofour changed
05-12 13:51:33.350  1237  1312 D SystemServerTimingAsync: InitThreadPoolExec:Update app-ops uidState in case package com.bootleggers.shishufied.clockfont.vibur changed
05-12 13:51:33.350  1237  1350 D SystemServerTimingAsync: InitThreadPoolExec:Update app-ops uidState in case package com.bootleggers.shishufied.clockfont.neon2 changed
05-12 13:51:33.350  1237  1312 D SystemServerTimingAsync: InitThreadPoolExec:Update app-ops uidState in case package com.bootleggers.shishufied.clockfont.vg5000 changed
05-12 13:51:33.350  1237  1350 D SystemServerTimingAsync: InitThreadPoolExec:Update app-ops uidState in case package com.bootleggers.shishufied.clockfont.v5prophit changed
05-12 13:51:33.350  1237  1312 D SystemServerTimingAsync: InitThreadPoolExec:Update app-ops uidState in case package com.bootleggers.shishufied.clockfont.union changed
05-12 13:51:33.350  1237  1350 D SystemServerTimingAsync: InitThreadPoolExec:Update app-ops uidState in case package com.bootleggers.shishufied.clockfont.tourney changed
05-12 13:51:33.350  1237  1312 D SystemServerTimingAsync: InitThreadPoolExec:Update app-ops uidState in case package com.bootleggers.shishufied.clockfont.TH3MACHINE changed
05-12 13:51:33.350  1237  1350 D SystemServerTimingAsync: InitThreadPoolExec:Update app-ops uidState in case package com.bootleggers.shishufied.clockfont.SpaceGame changed
05-12 13:51:33.350  1237  1312 D SystemServerTimingAsync: InitThreadPoolExec:Update app-ops uidState in case package com.bootleggers.shishufied.clockfont.snowstorm changed
05-12 13:51:33.350  1237  1350 D SystemServerTimingAsync: InitThreadPoolExec:Update app-ops uidState in case package com.bootleggers.shishufied.clockfont.slim changed
05-12 13:51:33.350  1237  1305 D SystemServerTimingAsync: InitThreadPoolExec:Update app-ops uidState in case package com.custom.overlay.systemui.data7 changed
05-12 13:51:33.350  1237  1350 D SystemServerTimingAsync: InitThreadPoolExec:Update app-ops uidState in case package com.bootleggers.shishufied.clockfont.REMPONK changed
05-12 13:51:33.350  1237  1312 D SystemServerTimingAsync: InitThreadPoolExec:Update app-ops uidState in case package com.bootleggers.shishufied.clockfont.sfroundedtime changed
05-12 13:51:33.350  1237  1305 D SystemServerTimingAsync: InitThreadPoolExec:Update app-ops uidState in case package com.bootleggers.shishufied.clockfont.riviera changed
05-12 13:51:33.350  1237  1305 D SystemServerTimingAsync: InitThreadPoolExec:Update app-ops uidState in case package com.bootleggers.shishufied.clockfont.rubikglitch changed
05-12 13:51:33.350  1237  1305 D SystemServerTimingAsync: InitThreadPoolExec:Update app-ops uidState in case package com.bootleggers.shishufied.clockfont.Romantiques changed
05-12 13:51:33.350  1237  1266 D SystemServerTimingAsync: InitThreadPoolExec:Update app-ops uidState in case package com.bootleggers.shishufied.clockfont.xtrusion changed
05-12 13:51:33.350  1237  1305 D SystemServerTimingAsync: InitThreadPoolExec:Update app-ops uidState in case package com.bootleggers.shishufied.clockfont.QuickSouth changed
05-12 13:51:33.351  1237  1353 D SystemServerTimingAsync: InitThreadPoolExec:Update app-ops uidState in case package com.custom.overlay.systemui.data4 changed
05-12 13:51:33.351  1237  1266 D SystemServerTimingAsync: InitThreadPoolExec:Update app-ops uidState in case package com.bootleggers.shishufied.clockfont.prodeltco changed
05-12 13:51:33.351  1237  1312 D SystemServerTimingAsync: InitThreadPoolExec:Update app-ops uidState in case package com.bootleggers.shishufied.clockfont.roadrage changed
05-12 13:51:33.351  1237  1326 D SystemServerTimingAsync: InitThreadPoolExec:Update app-ops uidState in case package com.custom.overlay.systemui.data2 changed
05-12 13:51:33.351  1237  1312 D SystemServerTimingAsync: InitThreadPoolExec:Update app-ops uidState in case package com.bootleggers.shishufied.clockfont.permanentmarker changed
05-12 13:51:33.351  1237  1326 D SystemServerTimingAsync: InitThreadPoolExec:Update app-ops uidState in case package com.bootleggers.shishufied.clockfont.odibee changed
05-12 13:51:33.351  1237  1312 D SystemServerTimingAsync: InitThreadPoolExec:Update app-ops uidState in case package com.bootleggers.shishufied.clockfont.neptuncat changed
05-12 13:51:33.351  1237  1326 D SystemServerTimingAsync: InitThreadPoolExec:Update app-ops uidState in case package com.bootleggers.shishufied.clockfont.NewYorkSemibold changed
05-12 13:51:33.351  1237  1312 D SystemServerTimingAsync: InitThreadPoolExec:Update app-ops uidState in case package com.bootleggers.shishufied.clockfont.NewYorkHeavy changed
05-12 13:51:33.351  1237  1326 D SystemServerTimingAsync: InitThreadPoolExec:Update app-ops uidState in case package com.bootleggers.shishufied.clockfont.nothingdot changed
05-12 13:51:33.351  1237  1312 D SystemServerTimingAsync: InitThreadPoolExec:Update app-ops uidState in case package com.bootleggers.shishufied.clockfont.NeonDisco changed
05-12 13:51:33.351  1237  1326 D SystemServerTimingAsync: InitThreadPoolExec:Update app-ops uidState in case package com.bootleggers.shishufied.clockfont.NINJAS changed
05-12 13:51:33.351  1237  1312 D SystemServerTimingAsync: InitThreadPoolExec:Update app-ops uidState in case package com.bootleggers.shishufied.clockfont.museomod changed
05-12 13:51:33.351  1237  1326 D SystemServerTimingAsync: InitThreadPoolExec:Update app-ops uidState in case package com.bootleggers.shishufied.clockfont.MonbijouxClownpiece changed
05-12 13:51:33.351  1237  1312 D SystemServerTimingAsync: InitThreadPoolExec:Update app-ops uidState in case package com.bootleggers.shishufied.clockfont.MessingLettern changed
05-12 13:51:33.351  1237  1326 D SystemServerTimingAsync: InitThreadPoolExec:Update app-ops uidState in case package com.bootleggers.shishufied.clockfont.liquidcrystal changed
05-12 13:51:33.351  1237  1312 D SystemServerTimingAsync: InitThreadPoolExec:Update app-ops uidState in case package com.bootleggers.shishufied.clockfont.kroppenfwo changed
05-12 13:51:33.351  1237  1326 D SystemServerTimingAsync: InitThreadPoolExec:Update app-ops uidState in case package com.bootleggers.shishufied.clockfont.LittleBunny changed
05-12 13:51:33.351  1237  1312 D SystemServerTimingAsync: InitThreadPoolExec:Update app-ops uidState in case package com.bootleggers.shishufied.clockfont.mxwasgard changed
05-12 13:51:33.351  1237  1326 D SystemServerTimingAsync: InitThreadPoolExec:Update app-ops uidState in case package com.bootleggers.shishufied.clockfont.LowerAtmosphere changed
05-12 13:51:33.351  1237  1312 D SystemServerTimingAsync: InitThreadPoolExec:Update app-ops uidState in case package com.bootleggers.shishufied.clockfont.kroppenround changed
05-12 13:51:33.351  1237  1326 D SystemServerTimingAsync: InitThreadPoolExec:Update app-ops uidState in case package com.bootleggers.shishufied.clockfont.kroppenoutline changed
05-12 13:51:33.351  1237  1312 D SystemServerTimingAsync: InitThreadPoolExec:Update app-ops uidState in case package com.bootleggers.shishufied.clockfont.LMSClifford changed
05-12 13:51:33.351  1237  1326 D SystemServerTimingAsync: InitThreadPoolExec:Update app-ops uidState in case package com.bootleggers.shishufied.clockfont.Klyukin changed
05-12 13:51:33.352  1237  1312 D SystemServerTimingAsync: InitThreadPoolExec:Update app-ops uidState in case package com.bootleggers.shishufied.clockfont.Kingthings changed
05-12 13:51:33.352  1237  1326 D SystemServerTimingAsync: InitThreadPoolExec:Update app-ops uidState in case package com.bootleggers.shishufied.clockfont.GautsMotelUpperRight changed
05-12 13:51:33.352  1237  1312 D SystemServerTimingAsync: InitThreadPoolExec:Update app-ops uidState in case package com.bootleggers.shishufied.clockfont.HotSweat changed
05-12 13:51:33.352  1237  1326 D SystemServerTimingAsync: InitThreadPoolExec:Update app-ops uidState in case package com.bootleggers.shishufied.clockfont.KGOnlyHope changed
05-12 13:51:33.352  1237  1312 D SystemServerTimingAsync: InitThreadPoolExec:Update app-ops uidState in case package com.bootleggers.shishufied.clockfont.karmaticarcade changed
05-12 13:51:33.352  1237  1326 D SystemServerTimingAsync: InitThreadPoolExec:Update app-ops uidState in case package com.bootleggers.shishufied.clockfont.Karamuruh changed
05-12 13:51:33.352  1237  1305 D SystemServerTimingAsync: InitThreadPoolExec:Update app-ops uidState in case package com.bootleggers.shishufied.clockfont.PlantsLetters changed
05-12 13:51:33.352  1237  1353 D SystemServerTimingAsync: InitThreadPoolExec:Update app-ops uidState in case package com.bootleggers.shishufied.clockfont.PlaidEvent changed
05-12 13:51:33.352  1237  1312 D SystemServerTimingAsync: InitThreadPoolExec:Update app-ops uidState in case package com.bootleggers.shishufied.clockfont.hercules changed
05-12 13:51:33.352  1237  1353 D SystemServerTimingAsync: InitThreadPoolExec:Update app-ops uidState in case package com.bootleggers.shishufied.clockfont.exodar changed
05-12 13:51:33.352  1237  1325 D SystemServerTimingAsync: InitThreadPoolExec:Update app-ops uidState in case package com.bootleggers.shishufied.clockfont.VTKSDURA3d changed
05-12 13:51:33.352  1237  1350 D SystemServerTimingAsync: InitThreadPoolExec:Update app-ops uidState in case package com.bootleggers.shishufied.clockfont.sfsofttime changed
05-12 13:51:33.352  1237  1325 D SystemServerTimingAsync: InitThreadPoolExec:Update app-ops uidState in case package com.bootleggers.shishufied.clockfont.ginora changed
05-12 13:51:33.352  1237  1305 D SystemServerTimingAsync: InitThreadPoolExec:Update app-ops uidState in case package com.bootleggers.shishufied.clockfont.ios changed
05-12 13:51:33.352  1237  1350 D SystemServerTimingAsync: InitThreadPoolExec:Update app-ops uidState in case package com.bootleggers.shishufied.clockfont.Floorlight changed
05-12 13:51:33.352  1237  1305 D SystemServerTimingAsync: InitThreadPoolExec:Update app-ops uidState in case package com.bootleggers.shishufied.clockfont.EditPointsFilled changed
05-12 13:51:33.352  1237  1350 D SystemServerTimingAsync: InitThreadPoolExec:Update app-ops uidState in case package com.bootleggers.shishufied.clockfont.EditPoints changed
05-12 13:51:33.352  1237  1305 D SystemServerTimingAsync: InitThreadPoolExec:Update app-ops uidState in case package com.bootleggers.shishufied.clockfont.EasterBunny changed
05-12 13:51:33.352  1237  1350 D SystemServerTimingAsync: InitThreadPoolExec:Update app-ops uidState in case package com.bootleggers.shishufied.clockfont.Concentrate changed
05-12 13:51:33.352  1237  1326 D SystemServerTimingAsync: InitThreadPoolExec:Update app-ops uidState in case package com.bootleggers.shishufied.clockfont.Hanged changed
05-12 13:51:33.352  1237  1341 D SystemServerTimingAsync: InitThreadPoolExec:Update app-ops uidState in case package com.bootleggers.shishufied.clockfont.munsteria changed
05-12 13:51:33.353  1237  1326 D SystemServerTimingAsync: InitThreadPoolExec:Update app-ops uidState in case package com.bootleggers.shishufied.clockfont.ELRIOTT2 changed
05-12 13:51:33.353  1237  1341 D SystemServerTimingAsync: InitThreadPoolExec:Update app-ops uidState in case package com.bootleggers.shishufied.clockfont.dotcom changed
05-12 13:51:33.353  1237  1353 D SystemServerTimingAsync: InitThreadPoolExec:Update app-ops uidState in case package com.bootleggers.shishufied.clockfont.Fibography changed
05-12 13:51:33.353  1237  1341 D SystemServerTimingAsync: InitThreadPoolExec:Update app-ops uidState in case package com.bootleggers.shishufied.clockfont.c24decoshadow changed
05-12 13:51:33.353  1237  1305 D SystemServerTimingAsync: InitThreadPoolExec:Update app-ops uidState in case package com.bootleggers.shishufied.clockfont.cherryswash changed
05-12 13:51:33.353  1237  1350 D SystemServerTimingAsync: InitThreadPoolExec:Update app-ops uidState in case package com.bootleggers.shishufied.clockfont.DiscoMidnight changed
05-12 13:51:33.353  1237  1305 D SystemServerTimingAsync: InitThreadPoolExec:Update app-ops uidState in case package com.bootleggers.shishufied.clockfont.CFBadNews changed
05-12 13:51:33.353  1237  1350 D SystemServerTimingAsync: InitThreadPoolExec:Update app-ops uidState in case package com.bootleggers.shishufied.clockfont.BunnyRabbits changed
05-12 13:51:33.353  1237  1305 D SystemServerTimingAsync: InitThreadPoolExec:Update app-ops uidState in case package com.bootleggers.shishufied.clockfont.BudmoJiggler changed
05-12 13:51:33.353  1237  1350 D SystemServerTimingAsync: InitThreadPoolExec:Update app-ops uidState in case package com.bootleggers.shishufied.clockfont.Brandayolq changed
05-12 13:51:33.353  1237  1305 D SystemServerTimingAsync: InitThreadPoolExec:Update app-ops uidState in case package com.bootleggers.shishufied.clockfont.biko changed
05-12 13:51:33.353  1237  1350 D SystemServerTimingAsync: InitThreadPoolExec:Update app-ops uidState in case package com.bootleggers.shishufied.clockfont.bignoodle changed
05-12 13:51:33.353  1237  1305 D SystemServerTimingAsync: InitThreadPoolExec:Update app-ops uidState in case package com.bootleggers.shishufied.clockfont.BigCheese changed
05-12 13:51:33.353  1237  1350 D SystemServerTimingAsync: InitThreadPoolExec:Update app-ops uidState in case package com.bootleggers.shishufied.clockfont.BetsyFlanagan changed
05-12 13:51:33.353  1237  1305 D SystemServerTimingAsync: InitThreadPoolExec:Update app-ops uidState in case package com.bootleggers.shishufied.clockfont.balticstorm changed
05-12 13:51:33.353  1237  1350 D SystemServerTimingAsync: InitThreadPoolExec:Update app-ops uidState in case package com.bootleggers.shishufied.clockfont.balticdune changed
05-12 13:51:33.353  1237  1305 D SystemServerTimingAsync: InitThreadPoolExec:Update app-ops uidState in case package com.bootleggers.shishufied.clockfont.arcadeinterlaced changed
05-12 13:51:33.353  1237  1350 D SystemServerTimingAsync: InitThreadPoolExec:Update app-ops uidState in case package com.bootleggers.shishufied.clockfont.balticbodden changed
05-12 13:51:33.353  1237  1305 D SystemServerTimingAsync: InitThreadPoolExec:Update app-ops uidState in case package com.bootleggers.shishufied.clockfont.atkinson changed
05-12 13:51:33.353  1237  1350 D SystemServerTimingAsync: InitThreadPoolExec:Update app-ops uidState in case package com.bootleggers.shishufied.clockfont.balticcoast changed
05-12 13:51:33.353  1237  1305 D SystemServerTimingAsync: InitThreadPoolExec:Update app-ops uidState in case package com.bootleggers.shishufied.clockfont.AlmonteSnow changed
05-12 13:51:33.353  1237  1350 D SystemServerTimingAsync: InitThreadPoolExec:Update app-ops uidState in case package com.bootleggers.shishufied.clockfont.AlphaWood changed
05-12 13:51:33.354  1237  1305 D SystemServerTimingAsync: InitThreadPoolExec:Update app-ops uidState in case package com.bootleggers.shishufied.clockfont.AlphaFlowers changed
05-12 13:51:33.354  1237  1350 D SystemServerTimingAsync: InitThreadPoolExec:Update app-ops uidState in case package com.bootleggers.shishufied.clockfont.Ampad3D2 changed
05-12 13:51:33.354  1237  1305 D SystemServerTimingAsync: InitThreadPoolExec:Update app-ops uidState in case package com.bootleggers.shishufied.clockfont.AlphaClouds changed
05-12 13:51:33.354  1237  1350 D SystemServerTimingAsync: InitThreadPoolExec:Update app-ops uidState in case package com.bootleggers.shishufied.clockfont.alienleague changed
05-12 13:51:33.354  1237  1326 D SystemServerTimingAsync: InitThreadPoolExec:Update app-ops uidState in case package com.bootleggers.shishufied.clockfont.Cat changed
05-12 13:51:33.354  1237  1266 D SystemServerTimingAsync: InitThreadPoolExec:Update app-ops uidState in case package com.bootleggers.shishufied.clockfont.Pinewood changed
05-12 13:51:33.354  1237  1326 D SystemServerTimingAsync: InitThreadPoolExec:Update app-ops uidState in case package com.bootleggers.shishufied.clockfont.threedisoblack changed
05-12 13:51:33.354  1237  1325 D SystemServerTimingAsync: InitThreadPoolExec:Update app-ops uidState in case package com.bootleggers.shishufied.clockfont.forta changed
05-12 13:51:33.354  1237  1266 D SystemServerTimingAsync: InitThreadPoolExec:Update app-ops uidState in case package com.bootleggers.shishufied.clockfont.threedisobold changed
05-12 13:51:33.354  1237  1266 D SystemServerTimingAsync: InitThreadPoolExec:Update app-ops uidState in case package com.bootleggers.shishufied.clockfont.galaxysans changed
05-12 13:51:33.354  1237  1341 D SystemServerTimingAsync: InitThreadPoolExec:Update app-ops uidState in case package com.bootleggers.shishufied.clockfont.CFOneTwoTrees changed
05-12 13:51:33.354  1237  1266 D SystemServerTimingAsync: InitThreadPoolExec:Update app-ops uidState in case package com.bootleggers.shishufied.theme.black.systemui changed
05-12 13:51:33.354  1237  1341 D SystemServerTimingAsync: InitThreadPoolExec:Update app-ops uidState in case package com.derp.systemui.wifibar_h changed
05-12 13:51:33.354  1237  1305 D SystemServerTimingAsync: InitThreadPoolExec:Update app-ops uidState in case package com.bootleggers.shishufied.clockfont.alexana changed
05-12 13:51:33.354  1237  1266 D SystemServerTimingAsync: InitThreadPoolExec:Update app-ops uidState in case package com.derp.systemui.signalbar_h changed
05-12 13:51:33.354  1237  1326 D SystemServerTimingAsync: InitThreadPoolExec:Update app-ops uidState in case package com.bootleggers.shishufied.clockfont.ACFilmstrip changed
05-12 13:51:33.354  1237  1266 D SystemServerTimingAsync: InitThreadPoolExec:Update app-ops uidState in case package com.android.shell changed
05-12 13:51:33.354  1237  1325 D SystemServerTimingAsync: InitThreadPoolExec:Update app-ops uidState in case package com.bootleggers.shishufied.theme.black.settings changed
05-12 13:51:33.354  1237  1312 D SystemServerTimingAsync: InitThreadPoolExec:Update app-ops uidState in case package com.bootleggers.shishufied.clockfont.headline changed
05-12 13:51:33.354  1237  1325 D SystemServerTimingAsync: InitThreadPoolExec:Update app-ops uidState in case package com.android.networkstack.tethering changed
05-12 13:51:33.354  1237  1305 D SystemServerTimingAsync: InitThreadPoolExec:Update app-ops uidState in case package com.custom.overlay.systemui.data6 changed
05-12 13:51:33.354  1237  1325 D SystemServerTimingAsync: InitThreadPoolExec:Update app-ops uidState in case package com.mediatek.ims changed
05-12 13:51:33.354  1237  1326 D SystemServerTimingAsync: InitThreadPoolExec:Update app-ops uidState in case package com.android.networkstack changed
05-12 13:51:33.354  1237  1305 D SystemServerTimingAsync: InitThreadPoolExec:Update app-ops uidState in case package com.android.providers.telephony changed
05-12 13:51:33.355  1237  1353 D SystemServerTimingAsync: InitThreadPoolExec:Update app-ops uidState in case package com.bootleggers.shishufied.clockfont.CRACKMAN changed
05-12 13:51:33.355  1237  1305 D SystemServerTimingAsync: InitThreadPoolExec:Update app-ops uidState in case package com.android.stk changed
05-12 13:51:33.355  1237  1350 D SystemServerTimingAsync: InitThreadPoolExec:Update app-ops uidState in case package com.bootleggers.shishufied.clockfont.adventpro changed
05-12 13:51:33.355  1237  1305 D SystemServerTimingAsync: InitThreadPoolExec:Update app-ops uidState in case package com.android.bluetooth.bthelper changed
05-12 13:51:33.355  1237  1325 D SystemServerTimingAsync: InitThreadPoolExec:Update app-ops uidState in case package com.android.mms.service changed
05-12 13:51:33.355  1237  1305 D SystemServerTimingAsync: InitThreadPoolExec:Update app-ops uidState in case package com.android.providers.settings changed
05-12 13:51:33.355  1237  1326 D SystemServerTimingAsync: InitThreadPoolExec:Update app-ops uidState in case package com.android.ons changed
05-12 13:51:33.355  1237  1325 D SystemServerTimingAsync: InitThreadPoolExec:Update app-ops uidState in case package com.android.server.telecom changed
05-12 13:51:33.355  1237  1312 D SystemServerTimingAsync: InitThreadPoolExec:Update app-ops uidState in case package com.android.bluetooth changed
05-12 13:51:33.355  1237  1326 D SystemServerTimingAsync: InitThreadPoolExec:Update app-ops uidState in case package com.android.settings changed
05-12 13:51:33.355  1237  1325 D SystemServerTimingAsync: InitThreadPoolExec:Update app-ops uidState in case package org.lineageos.mediatek.incallservice changed
05-12 13:51:33.355  1237  1326 D SystemServerTimingAsync: InitThreadPoolExec:Update app-ops uidState in case package com.android.wallpaperbackup changed
05-12 13:51:33.355  1237  1266 D SystemServerTimingAsync: InitThreadPoolExec:Update app-ops uidState in case package com.android.cellbroadcastservice changed
05-12 13:51:33.355  1237  1353 D SystemServerTimingAsync: InitThreadPoolExec:Update app-ops uidState in case package com.android.phone changed
05-12 13:51:33.355  1237  1305 D SystemServerTimingAsync: InitThreadPoolExec:Update app-ops uidState in case package com.android.localtransport changed
05-12 13:51:33.355  1237  1341 D SystemServerTimingAsync: InitThreadPoolExec:Update app-ops uidState in case package com.bootleggers.shishufied.theme.black.android changed
05-12 13:51:33.355  1237  1350 D SystemServerTimingAsync: InitThreadPoolExec:Update app-ops uidState in case package android changed
05-12 13:51:33.356  1237  1312 D SystemServerTimingAsync: InitThreadPoolExec:Update app-ops uidState in case package com.android.location.fused changed
05-12 13:51:33.372  1237  1237 E ActivityManager: Unable to find com.google.android.trichromelibrary_704903733/u0
05-12 13:51:33.372  1237  1237 E ActivityManager: Unable to find com.google.android.trichromelibrary_704903833/u0
05-12 13:51:33.372  1237  1237 E ActivityManager: Unable to find com.google.android.trichromelibrary_704903933/u0
05-12 13:51:33.372  1237  1237 E ActivityManager: Unable to find com.google.android.trichromelibrary_704907933/u0
05-12 13:51:33.372  1237  1237 E ActivityManager: Unable to find com.google.android.trichromelibrary_704908033/u0
05-12 13:51:33.372  1237  1237 E ActivityManager: Unable to find com.google.android.trichromelibrary_704910033/u0
05-12 13:51:33.372  1237  1237 E ActivityManager: Unable to find com.google.android.trichromelibrary_704911133/u0
05-12 13:51:33.372  1237  1237 E ActivityManager: Unable to find com.google.android.trichromelibrary_704911333/u0
05-12 13:51:33.373  1237  1237 E ActivityManager: Unable to find com.google.android.trichromelibrary_699813533/u0
05-12 13:51:33.373  1237  1237 E ActivityManager: Unable to find com.google.android.trichromelibrary_699813633/u0
05-12 13:51:33.377  1237  1279 E AppStandbyController: Tried to restrict app com.bittorrent.client for an unsupported reason
05-12 13:51:33.378  1237  1279 E AppStandbyController: Tried to restrict app com.tempmail for an unsupported reason
05-12 13:51:33.379  1237  1279 E AppStandbyController: Tried to restrict app org.derpfest.flash for an unsupported reason
05-12 13:51:33.379  1237  1279 E AppStandbyController: Tried to restrict app com.google.android.dialer for an unsupported reason
05-12 13:51:33.382  1237  1237 D SystemServerTiming: killProcesses
05-12 13:51:33.382  1237  1237 I ActivityManager: System now ready
05-12 13:51:33.382  1237  1237 D SystemServerTiming: updateTopComponentForFactoryTest
05-12 13:51:33.382  1237  1237 D SystemServerTiming: registerActivityLaunchObserver
05-12 13:51:33.383  1237  1237 D SystemServerTiming: watchDeviceProvisioning
05-12 13:51:33.388  1237  1237 D SystemServerTiming: retrieveSettings
05-12 13:51:33.390  1237  1237 I ActivityTaskManager: Config changes=10000100 {1.0 ?mcc?mnc [en_IN] ldltr sw400dp w400dp h852dp 432dpi nrml long port night finger -keyb/v/h -nav/h winConfig={ mBounds=Rect(0, 0 - 1080, 2400) mAppBounds=Rect(0, 100 - 1080, 2400) mMaxBounds=Rect(0, 0 - 1080, 2400) mDisplayRotation=ROTATION_0 mWindowingMode=fullscreen mDisplayWindowingMode=fullscreen mActivityType=undefined mAlwaysOnTop=undefined mRotation=ROTATION_0} s.10 fontWeightAdjustment=300}
05-12 13:51:33.390  1237  1237 I WindowManager: Override config changes=10000100 {1.0 ?mcc?mnc [en_IN] ldltr sw400dp w400dp h852dp 432dpi nrml long port night finger -keyb/v/h -nav/h winConfig={ mBounds=Rect(0, 0 - 1080, 2400) mAppBounds=Rect(0, 100 - 1080, 2400) mMaxBounds=Rect(0, 0 - 1080, 2400) mDisplayRotation=ROTATION_0 mWindowingMode=fullscreen mDisplayWindowingMode=fullscreen mActivityType=undefined mAlwaysOnTop=undefined mRotation=ROTATION_0} s.10 fontWeightAdjustment=300} for displayId=0
05-12 13:51:33.392  1237  1237 D SystemServerTiming: Ugm.onSystemReady
05-12 13:51:33.394  1237  1237 D SystemServerTiming: updateForceBackgroundCheck
05-12 13:51:33.394  1237  1237 I SystemServer: Making services ready
05-12 13:51:33.394  1237  1237 D SystemServerTiming: StartActivityManagerReadyPhase
05-12 13:51:33.394  1237  1237 I SystemServiceManager: Starting phase 550
05-12 13:51:33.394  1237  1237 D SystemServerTiming: OnBootPhase_550
05-12 13:51:33.394  1237  1237 D SystemServerTiming: OnBootPhase_550_com.android.server.security.FileIntegrityService
05-12 13:51:33.394  1237  1237 D SystemServerTiming: OnBootPhase_550_com.android.server.pm.Installer
05-12 13:51:33.394  1237  1237 D SystemServerTiming: OnBootPhase_550_com.android.server.os.DeviceIdentifiersPolicyService
05-12 13:51:33.394  1237  1237 D SystemServerTiming: OnBootPhase_550_com.android.server.uri.UriGrantsManagerService$Lifecycle
05-12 13:51:33.394  1237  1237 D SystemServerTiming: OnBootPhase_550_com.android.server.powerstats.PowerStatsService
05-12 13:51:33.394  1237  1237 D SystemServerTiming: OnBootPhase_550_com.android.server.wm.ActivityTaskManagerService$Lifecycle
05-12 13:51:33.394  1237  1237 D SystemServerTiming: OnBootPhase_550_com.android.server.am.ActivityManagerService$Lifecycle
05-12 13:51:33.395  1237  1237 D SystemServerTiming: OnBootPhase_550_com.android.server.pm.DataLoaderManagerService
05-12 13:51:33.395  1237  1237 D SystemServerTiming: OnBootPhase_550_com.android.server.power.PowerManagerService
05-12 13:51:33.395  1237  1237 D SystemServerTiming: OnBootPhase_550_com.android.server.power.ThermalManagerService
05-12 13:51:33.396  1237  1237 E ThermalHalWrapper: Thermal HAL 2.0 service not connected.
05-12 13:51:33.396  1237  1237 E ThermalHalWrapper: Thermal HAL 1.1 service not connected.
05-12 13:51:33.397  1237  1237 E ThermalHalWrapper: Thermal HAL 1.0 service not connected.
05-12 13:51:33.397  1237  1237 W ThermalManagerService: No Thermal HAL service on this device
05-12 13:51:33.397  1237  1237 D SystemServerTiming: OnBootPhase_550_com.android.server.power.hint.HintManagerService
05-12 13:51:33.397  1237  1237 D SystemServerTiming: OnBootPhase_550_com.android.server.recoverysystem.RecoverySystemService$Lifecycle
05-12 13:51:33.397  1237  1237 D SystemServerTiming: OnBootPhase_550_com.android.server.lights.LightsService
05-12 13:51:33.397  1237  1237 D SystemServerTiming: OnBootPhase_550_com.android.server.display.DisplayManagerService
05-12 13:51:33.397  1237  1237 D SystemServerTiming: OnBootPhase_550_com.android.server.pm.verify.domain.DomainVerificationService
05-12 13:51:33.397  1237  1237 D SystemServerTiming: OnBootPhase_550_com.android.server.pm.PackageInstallerService$Lifecycle
05-12 13:51:33.397  1237  1237 D SystemServerTiming: OnBootPhase_550_com.android.server.pm.UserManagerService$LifeCycle
05-12 13:51:33.397  1237  1237 D SystemServerTiming: OnBootPhase_550_com.android.server.om.OverlayManagerService
05-12 13:51:33.397  1237  1237 D SystemServerTiming: OnBootPhase_550_com.android.server.resources.ResourcesManagerService
05-12 13:51:33.397  1237  1237 D SystemServerTiming: OnBootPhase_550_com.android.server.sensorprivacy.SensorPrivacyService
05-12 13:51:33.398  1237  1237 D SystemServerTiming: OnBootPhase_550_com.android.server.sensors.SensorService
05-12 13:51:33.398  1237  1237 D SystemServerTiming: OnBootPhase_550_com.android.server.SystemConfigService
05-12 13:51:33.398  1237  1237 D SystemServerTiming: OnBootPhase_550_com.android.server.BatteryService
05-12 13:51:33.398  1237  1237 D SystemServerTiming: OnBootPhase_550_com.android.server.usage.UsageStatsService
05-12 13:51:33.398  1237  1237 D SystemServerTiming: OnBootPhase_550_com.android.server.webkit.WebViewUpdateService
05-12 13:51:33.398  1237  1237 D SystemServerTiming: OnBootPhase_550_com.android.server.CachedDeviceStateService
05-12 13:51:33.398  1237  1237 D SystemServerTiming: OnBootPhase_550_com.android.server.BinderCallsStatsService$LifeCycle
05-12 13:51:33.398  1237  1237 D SystemServerTiming: OnBootPhase_550_com.android.server.LooperStatsService$Lifecycle
05-12 13:51:33.398  1237  1237 D SystemServerTiming: OnBootPhase_550_com.android.server.rollback.RollbackManagerService
05-12 13:51:33.398  1237  1237 D SystemServerTiming: OnBootPhase_550_com.android.server.os.NativeTombstoneManagerService
05-12 13:51:33.399  1237  1237 D SystemServerTiming: OnBootPhase_550_com.android.server.os.BugreportManagerService
05-12 13:51:33.399  1237  1237 D SystemServerTiming: OnBootPhase_550_com.android.server.gpu.GpuService
05-12 13:51:33.399  1237  1237 D SystemServerTiming: OnBootPhase_550_com.android.server.security.KeyChainSystemService
05-12 13:51:33.399  1237  1237 D SystemServerTiming: OnBootPhase_550_com.android.server.BinaryTransparencyService
05-12 13:51:33.399  1237  1237 D SystemServerTiming: OnBootPhase_550_com.android.server.telecom.TelecomLoaderService
05-12 13:51:33.400  1237  1237 W ActivityManager: Too early to start/bind service in system_server: Phase=550 ComponentInfo{com.android.server.telecom/com.android.server.telecom.components.TelecomService}
05-12 13:51:33.401  1237  1237 D CompatibilityChangeReporter: Compat change id reported: 168419799; UID 1000; state: DISABLED
05-12 13:51:33.401  1237  1324 E NativeTombstoneManager: Tombstone's UID (1001) not an app, ignoring
05-12 13:51:33.401  1237  1237 D CompatibilityChangeReporter: Compat change id reported: 273564678; UID 1000; state: DISABLED
05-12 13:51:33.401  1237  1237 W ActivityManager: Too early to start/bind service in system_server: Phase=550 ComponentInfo{com.android.server.telecom/com.android.server.telecom.components.TelecomService}
05-12 13:51:33.401  1237  1237 D OomAdjuster: Not killing cached processes
05-12 13:51:33.402  1237  1237 D SystemServerTiming: OnBootPhase_550_com.android.server.accounts.AccountManagerService$Lifecycle
05-12 13:51:33.402  1237  1237 D SystemServerTiming: OnBootPhase_550_com.android.server.content.ContentService$Lifecycle
05-12 13:51:33.405  1237  1324 I BootReceiver: Copying /data/tombstones/tombstone_35 to DropBox (SYSTEM_TOMBSTONE)
05-12 13:51:33.405  1237  1324 I DropBoxManagerService: add tag=SYSTEM_TOMBSTONE isTagEnabled=true flags=0x6
05-12 13:51:33.496  1237  1324 E NativeTombstoneManager: Tombstone's UID (1046) not an app, ignoring
05-12 13:51:33.508  1237  1324 E NativeTombstoneManager: Tombstone's UID (1046) not an app, ignoring
05-12 13:51:33.521  1237  1324 E NativeTombstoneManager: Tombstone's UID (1000) not an app, ignoring
05-12 13:51:33.530  1237  1324 E NativeTombstoneManager: Tombstone's UID (50461) not an app, ignoring
05-12 13:51:33.537  1237  1324 E NativeTombstoneManager: Tombstone's UID (1046) not an app, ignoring
05-12 13:51:33.542  1237  1324 E NativeTombstoneManager: Tombstone's UID (50461) not an app, ignoring
05-12 13:51:33.542  1237  1324 E NativeTombstoneManager: Tombstone's UID (1046) not an app, ignoring
05-12 13:51:33.543  1237  1324 E NativeTombstoneManager: Tombstone's UID (1000) not an app, ignoring
05-12 13:51:33.544  1237  1324 E NativeTombstoneManager: Tombstone's UID (1046) not an app, ignoring
05-12 13:51:33.550  1237  1324 E NativeTombstoneManager: Tombstone's UID (1046) not an app, ignoring
05-12 13:51:33.551  1237  1324 E NativeTombstoneManager: Tombstone's UID (1046) not an app, ignoring
05-12 13:51:33.559  1237  1324 E NativeTombstoneManager: Tombstone's UID (1046) not an app, ignoring
05-12 13:51:33.560  1237  1324 E NativeTombstoneManager: Tombstone's UID (50461) not an app, ignoring
05-12 13:51:33.560  1237  1324 E NativeTombstoneManager: Tombstone's UID (1046) not an app, ignoring
05-12 13:51:33.562  1237  1324 E NativeTombstoneManager: Tombstone's UID (1046) not an app, ignoring
05-12 13:51:33.564  1237  1324 E NativeTombstoneManager: Tombstone's UID (1000) not an app, ignoring
05-12 13:51:33.564  1237  1324 E NativeTombstoneManager: Tombstone's UID (1046) not an app, ignoring
05-12 13:51:33.564  1237  1324 E NativeTombstoneManager: Tombstone's UID (50461) not an app, ignoring
05-12 13:51:33.565  1237  1324 E NativeTombstoneManager: Tombstone's UID (1046) not an app, ignoring
05-12 13:51:33.570  1237  1324 E NativeTombstoneManager: Tombstone's UID (1046) not an app, ignoring
05-12 13:51:33.571  1237  1324 E NativeTombstoneManager: Tombstone's UID (1046) not an app, ignoring
05-12 13:51:33.579  1237  1324 E NativeTombstoneManager: Tombstone's UID (1046) not an app, ignoring
05-12 13:51:33.579  1237  1324 E NativeTombstoneManager: Tombstone's UID (1046) not an app, ignoring
05-12 13:51:33.582  1237  1324 E NativeTombstoneManager: Tombstone's UID (1001) not an app, ignoring
05-12 13:51:33.582  1237  1324 E NativeTombstoneManager: Tombstone's UID (1046) not an app, ignoring
05-12 13:51:33.582  1237  1324 E NativeTombstoneManager: Tombstone's UID (1046) not an app, ignoring
05-12 13:51:33.586  1237  1324 E NativeTombstoneManager: Tombstone's UID (1000) not an app, ignoring
05-12 13:51:33.593  1237  1324 E NativeTombstoneManager: Tombstone's UID (1046) not an app, ignoring
05-12 13:51:33.593  1237  1324 E NativeTombstoneManager: Tombstone's UID (1046) not an app, ignoring
05-12 13:51:33.593  1237  1324 E NativeTombstoneManager: Tombstone's UID (50461) not an app, ignoring
05-12 13:51:33.596  1237  1324 E NativeTombstoneManager: Tombstone's UID (50461) not an app, ignoring
05-12 13:51:33.600  1237  1324 E NativeTombstoneManager: Tombstone's UID (1046) not an app, ignoring
05-12 13:51:33.600  1237  1324 E NativeTombstoneManager: Tombstone's UID (1046) not an app, ignoring
05-12 13:51:33.602  1237  1324 E NativeTombstoneManager: Tombstone's UID (1046) not an app, ignoring
05-12 13:51:33.602  1237  1324 E NativeTombstoneManager: Tombstone's UID (1000) not an app, ignoring
05-12 13:51:33.602  1237  1324 E NativeTombstoneManager: Tombstone's UID (1046) not an app, ignoring
05-12 13:51:33.608  1237  1324 E NativeTombstoneManager: Tombstone's UID (1046) not an app, ignoring
05-12 13:51:33.610  1237  1324 E NativeTombstoneManager: Tombstone's UID (1046) not an app, ignoring
05-12 13:51:33.610  1237  1324 E NativeTombstoneManager: Tombstone's UID (1046) not an app, ignoring
05-12 13:51:33.610  1237  1324 E NativeTombstoneManager: Tombstone's UID (1001) not an app, ignoring
05-12 13:51:33.611  1237  1324 E NativeTombstoneManager: Tombstone's UID (1046) not an app, ignoring
05-12 13:51:33.614  1237  1324 E NativeTombstoneManager: Tombstone's UID (1046) not an app, ignoring
05-12 13:51:33.615  1237  1324 E NativeTombstoneManager: Tombstone's UID (1046) not an app, ignoring
05-12 13:51:33.624  1237  1324 E NativeTombstoneManager: Tombstone's UID (1046) not an app, ignoring
05-12 13:51:33.630  1237  1259 I UsbPortManager: USB HAL HIDL version: 11
05-12 13:51:33.631  1237  1324 E NativeTombstoneManager: Tombstone's UID (1046) not an app, ignoring
05-12 13:51:33.631  1237  1324 E NativeTombstoneManager: Tombstone's UID (1046) not an app, ignoring
05-12 13:51:33.632  1237  1324 E NativeTombstoneManager: Tombstone's UID (1046) not an app, ignoring
05-12 13:51:33.634  1237  1324 E NativeTombstoneManager: Tombstone's UID (1046) not an app, ignoring
05-12 13:51:33.635  1237  1324 E NativeTombstoneManager: Tombstone's UID (1001) not an app, ignoring
05-12 13:51:33.636  1237  1324 E NativeTombstoneManager: Tombstone's UID (1046) not an app, ignoring
05-12 13:51:33.640  1237  1324 E NativeTombstoneManager: Tombstone's UID (1046) not an app, ignoring
05-12 13:51:33.640  1237  1324 E NativeTombstoneManager: Tombstone's UID (1000) not an app, ignoring
05-12 13:51:33.640  1237  1324 E NativeTombstoneManager: Tombstone's UID (1046) not an app, ignoring
05-12 13:51:33.647  1237  1324 E NativeTombstoneManager: Tombstone's UID (1046) not an app, ignoring
05-12 13:51:33.647  1237  1324 E NativeTombstoneManager: Tombstone's UID (1046) not an app, ignoring
05-12 13:51:33.649  1237  1324 E NativeTombstoneManager: Tombstone's UID (1046) not an app, ignoring
05-12 13:51:33.650  1237  1324 E NativeTombstoneManager: Tombstone's UID (1046) not an app, ignoring
05-12 13:51:33.650  1237  1324 E NativeTombstoneManager: Tombstone's UID (1046) not an app, ignoring
05-12 13:51:33.651  1237  1324 E NativeTombstoneManager: Tombstone's UID (1046) not an app, ignoring
05-12 13:51:33.652  1237  1324 E NativeTombstoneManager: Tombstone's UID (50461) not an app, ignoring
05-12 13:51:33.652  1237  1324 E NativeTombstoneManager: Tombstone's UID (50461) not an app, ignoring
05-12 13:51:33.652  1237  1324 E NativeTombstoneManager: Tombstone's UID (1001) not an app, ignoring
05-12 13:51:33.652  1237  1324 E NativeTombstoneManager: Tombstone's UID (1001) not an app, ignoring
05-12 13:51:33.653  1237  1324 E NativeTombstoneManager: Tombstone's UID (1046) not an app, ignoring
05-12 13:51:33.653  1237  1324 E NativeTombstoneManager: Tombstone's UID (1000) not an app, ignoring
05-12 13:51:33.653  1237  1324 E NativeTombstoneManager: Tombstone's UID (1046) not an app, ignoring
05-12 13:51:33.653  1237  1324 E NativeTombstoneManager: Tombstone's UID (1046) not an app, ignoring
05-12 13:51:33.654  1237  1324 E NativeTombstoneManager: Tombstone's UID (50461) not an app, ignoring
05-12 13:51:33.654  1237  1324 E NativeTombstoneManager: Tombstone's UID (50461) not an app, ignoring
05-12 13:51:33.654  1237  1324 E NativeTombstoneManager: Tombstone's UID (1046) not an app, ignoring
05-12 13:51:33.655  1237  1324 E NativeTombstoneManager: Tombstone's UID (1046) not an app, ignoring
05-12 13:51:33.655  1237  1324 E NativeTombstoneManager: Tombstone's UID (1046) not an app, ignoring
05-12 13:51:33.655  1237  1324 E NativeTombstoneManager: Tombstone's UID (1000) not an app, ignoring
05-12 13:51:33.662  1237  1237 W SystemServiceManager: Service com.android.server.content.ContentService$Lifecycle took 260 ms in onBootPhase
05-12 13:51:33.662  1237  1237 D SystemServerTiming: OnBootPhase_550_com.android.server.DropBoxManagerService
05-12 13:51:33.662  1237  1237 D SystemServerTiming: OnBootPhase_550_com.android.role.RoleService
05-12 13:51:33.663  1237  1237 D SystemServerTiming: OnBootPhase_550_com.android.server.vibrator.VibratorManagerService$Lifecycle
05-12 13:51:33.663  1237  1237 D SystemServerTiming: OnBootPhase_550_com.android.server.tare.InternalResourceService
05-12 13:51:33.663  1237  1237 D SystemServerTiming: OnBootPhase_550_com.android.server.alarm.AlarmManagerService
05-12 13:51:33.663  1237  1237 D SystemServerTiming: OnBootPhase_550_com.android.server.devicestate.DeviceStateManagerService
05-12 13:51:33.663  1237  1237 D SystemServerTiming: OnBootPhase_550_com.android.server.camera.CameraServiceProxy
05-12 13:51:33.663  1237  1237 D SystemServerTiming: OnBootPhase_550_com.android.server.bluetooth.BluetoothService
05-12 13:51:33.663  1237  1237 D SystemServerTiming: OnBootPhase_550_com.android.server.connectivity.IpConnectivityMetrics
05-12 13:51:33.663  1237  1237 D SystemServerTiming: OnBootPhase_550_com.android.server.net.watchlist.NetworkWatchlistService$Lifecycle
05-12 13:51:33.664  1237  1237 D SystemServerTiming: OnBootPhase_550_com.android.server.PinnerService
05-12 13:51:33.664  1237  1237 D SystemServerTiming: OnBootPhase_550_com.android.server.integrity.AppIntegrityManagerService
05-12 13:51:33.664  1237  1237 D SystemServerTiming: OnBootPhase_550_com.android.server.logcat.LogcatManagerService
05-12 13:51:33.664  1237  1237 D SystemServerTiming: OnBootPhase_550_com.android.server.derp.LineageGlobalActionsService
05-12 13:51:33.664  1237  1237 D SystemServerTiming: OnBootPhase_550_com.android.server.inputmethod.InputMethodManagerService$Lifecycle
05-12 13:51:33.666  1237  1325 D SystemServerTimingAsync: InitThreadPoolExec:Lazily initialize IMMS#mImeDrawsImeNavBarRes
05-12 13:51:33.735  1237  1237 W InputMethodUtils: getApplicationInfo failed. packageName=com.google.android.apps.inputmethod.hindi userId=0
05-12 13:51:33.735  1237  1237 W InputMethodUtils: android.content.pm.PackageManager$NameNotFoundException: com.google.android.apps.inputmethod.hindi
05-12 13:51:33.735  1237  1237 W InputMethodUtils: 	at android.app.ApplicationPackageManager.getApplicationInfoAsUser(ApplicationPackageManager.java:504)
05-12 13:51:33.735  1237  1237 W InputMethodUtils: 	at android.app.ApplicationPackageManager.getApplicationInfo(ApplicationPackageManager.java:487)
05-12 13:51:33.735  1237  1237 W InputMethodUtils: 	at com.android.server.inputmethod.InputMethodUtils.setNonSelectedSystemImesDisabledUntilUsed(InputMethodUtils.java:706)
05-12 13:51:33.735  1237  1237 W InputMethodUtils: 	at com.android.server.inputmethod.InputMethodManagerService.systemRunning(InputMethodManagerService.java:2075)
05-12 13:51:33.735  1237  1237 W InputMethodUtils: 	at com.android.server.inputmethod.InputMethodManagerService$Lifecycle.onBootPhase(InputMethodManagerService.java:1716)
05-12 13:51:33.735  1237  1237 W InputMethodUtils: 	at com.android.server.SystemServiceManager.startBootPhase(SystemServiceManager.java:294)
05-12 13:51:33.735  1237  1237 W InputMethodUtils: 	at com.android.server.SystemServer.lambda$startOtherServices$5(SystemServer.java:2874)
05-12 13:51:33.735  1237  1237 W InputMethodUtils: 	at com.android.server.SystemServer.$r8$lambda$cHpru_0zTEigJU4rvGBr8u7hU4w(Unknown Source:0)
05-12 13:51:33.735  1237  1237 W InputMethodUtils: 	at com.android.server.SystemServer$$ExternalSyntheticLambda5.run(Unknown Source:28)
05-12 13:51:33.735  1237  1237 W InputMethodUtils: 	at com.android.server.am.ActivityManagerService.systemReady(ActivityManagerService.java:8300)
05-12 13:51:33.735  1237  1237 W InputMethodUtils: 	at com.android.server.SystemServer.startOtherServices(SystemServer.java:2871)
05-12 13:51:33.735  1237  1237 W InputMethodUtils: 	at com.android.server.SystemServer.run(SystemServer.java:961)
05-12 13:51:33.735  1237  1237 W InputMethodUtils: 	at com.android.server.SystemServer.main(SystemServer.java:667)
05-12 13:51:33.735  1237  1237 W InputMethodUtils: 	at java.lang.reflect.Method.invoke(Native Method)
05-12 13:51:33.735  1237  1237 W InputMethodUtils: 	at com.android.internal.os.RuntimeInit$MethodAndArgsCaller.run(RuntimeInit.java:548)
05-12 13:51:33.735  1237  1237 W InputMethodUtils: 	at com.android.internal.os.ZygoteInit.main(ZygoteInit.java:920)
05-12 13:51:33.735  1237  1237 W InputMethodUtils: getApplicationInfo failed. packageName=com.google.android.inputmethod.japanese userId=0
05-12 13:51:33.735  1237  1237 W InputMethodUtils: android.content.pm.PackageManager$NameNotFoundException: com.google.android.inputmethod.japanese
05-12 13:51:33.735  1237  1237 W InputMethodUtils: 	at android.app.ApplicationPackageManager.getApplicationInfoAsUser(ApplicationPackageManager.java:504)
05-12 13:51:33.735  1237  1237 W InputMethodUtils: 	at android.app.ApplicationPackageManager.getApplicationInfo(ApplicationPackageManager.java:487)
05-12 13:51:33.735  1237  1237 W InputMethodUtils: 	at com.android.server.inputmethod.InputMethodUtils.setNonSelectedSystemImesDisabledUntilUsed(InputMethodUtils.java:706)
05-12 13:51:33.735  1237  1237 W InputMethodUtils: 	at com.android.server.inputmethod.InputMethodManagerService.systemRunning(InputMethodManagerService.java:2075)
05-12 13:51:33.735  1237  1237 W InputMethodUtils: 	at com.android.server.inputmethod.InputMethodManagerService$Lifecycle.onBootPhase(InputMethodManagerService.java:1716)
05-12 13:51:33.735  1237  1237 W InputMethodUtils: 	at com.android.server.SystemServiceManager.startBootPhase(SystemServiceManager.java:294)
05-12 13:51:33.735  1237  1237 W InputMethodUtils: 	at com.android.server.SystemServer.lambda$startOtherServices$5(SystemServer.java:2874)
05-12 13:51:33.735  1237  1237 W InputMethodUtils: 	at com.android.server.SystemServer.$r8$lambda$cHpru_0zTEigJU4rvGBr8u7hU4w(Unknown Source:0)
05-12 13:51:33.735  1237  1237 W InputMethodUtils: 	at com.android.server.SystemServer$$ExternalSyntheticLambda5.run(Unknown Source:28)
05-12 13:51:33.735  1237  1237 W InputMethodUtils: 	at com.android.server.am.ActivityManagerService.systemReady(ActivityManagerService.java:8300)
05-12 13:51:33.735  1237  1237 W InputMethodUtils: 	at com.android.server.SystemServer.startOtherServices(SystemServer.java:2871)
05-12 13:51:33.735  1237  1237 W InputMethodUtils: 	at com.android.server.SystemServer.run(SystemServer.java:961)
05-12 13:51:33.735  1237  1237 W InputMethodUtils: 	at com.android.server.SystemServer.main(SystemServer.java:667)
05-12 13:51:33.735  1237  1237 W InputMethodUtils: 	at java.lang.reflect.Method.invoke(Native Method)
05-12 13:51:33.735  1237  1237 W InputMethodUtils: 	at com.android.internal.os.RuntimeInit$MethodAndArgsCaller.run(RuntimeInit.java:548)
05-12 13:51:33.735  1237  1237 W InputMethodUtils: 	at com.android.internal.os.ZygoteInit.main(ZygoteInit.java:920)
05-12 13:51:33.735  1237  1237 W InputMethodUtils: getApplicationInfo failed. packageName=com.google.android.inputmethod.korean userId=0
05-12 13:51:33.735  1237  1237 W InputMethodUtils: android.content.pm.PackageManager$NameNotFoundException: com.google.android.inputmethod.korean
05-12 13:51:33.735  1237  1237 W InputMethodUtils: 	at android.app.ApplicationPackageManager.getApplicationInfoAsUser(ApplicationPackageManager.java:504)
05-12 13:51:33.735  1237  1237 W InputMethodUtils: 	at android.app.ApplicationPackageManager.getApplicationInfo(ApplicationPackageManager.java:487)
05-12 13:51:33.735  1237  1237 W InputMethodUtils: 	at com.android.server.inputmethod.InputMethodUtils.setNonSelectedSystemImesDisabledUntilUsed(InputMethodUtils.java:706)
