05-12 13:51:33.072  1237  1237 D SystemServerTiming: OnBootPhase_500_com.android.server.clipboard.ClipboardService
05-12 13:51:33.072  1237  1237 D SystemServerTiming: OnBootPhase_500_com.android.server.appbinding.AppBindingService$Lifecycle
05-12 13:51:33.072  1237  1237 D SystemServerTiming: OnBootPhase_500_com.android.server.tracing.TracingServiceProxy
05-12 13:51:33.072  1237  1237 D SystemServerTiming: MakeWindowManagerServiceReady
05-12 13:51:33.080  1237  1270 I HealthServiceWrapperHidl: health: HealthServiceWrapper listening to instance default
05-12 13:51:33.083  1237  1270 D StatsPullAtomService: Registering pullers with statsd
05-12 13:51:33.085  1237  1270 I StatsPullAtomService: register thermal listener successfully
05-12 13:51:33.089  1237  1237 I ActivityTaskManager: Config changes=20 {1.0 ?mcc?mnc [en_IN] ldltr sw400dp w400dp h852dp 432dpi nrml long port night finger -keyb/v/h -nav/h winConfig={ mBounds=Rect(0, 0 - 1080, 2400) mAppBounds=Rect(0, 100 - 1080, 2400) mMaxBounds=Rect(0, 0 - 1080, 2400) mDisplayRotation=ROTATION_0 mWindowingMode=fullscreen mDisplayWindowingMode=fullscreen mActivityType=undefined mAlwaysOnTop=undefined mRotation=ROTATION_0} s.8 ?fontWeightAdjustment}
05-12 13:51:33.091  1237  1237 I WindowManager: Override config changes=20 {1.0 ?mcc?mnc [en_IN] ldltr sw400dp w400dp h852dp 432dpi nrml long port night finger -keyb/v/h -nav/h winConfig={ mBounds=Rect(0, 0 - 1080, 2400) mAppBounds=Rect(0, 100 - 1080, 2400) mMaxBounds=Rect(0, 0 - 1080, 2400) mDisplayRotation=ROTATION_0 mWindowingMode=fullscreen mDisplayWindowingMode=fullscreen mActivityType=undefined mAlwaysOnTop=undefined mRotation=ROTATION_0} s.8 ?fontWeightAdjustment} for displayId=0
05-12 13:51:33.103  1237  1237 D SystemServerTiming: StartPermissionPolicyService
05-12 13:51:33.103  1237  1237 I SystemServiceManager: Starting com.android.server.policy.PermissionPolicyService
05-12 13:51:33.107  1237  1237 D SystemServerTiming: MakePackageManagerServiceReady
05-12 13:51:33.120  1237  1237 V UserDataPreparer: Found /data/user_de/0 with serial number 0
05-12 13:51:33.120  1237  1237 V UserDataPreparer: Found /data/user/0 with serial number 0
05-12 13:51:33.120  1237  1237 W UserDataPreparer: Invalid user directory /data/system_de/usagestats
05-12 13:51:33.120  1237  1237 V UserDataPreparer: Found /data/system_de/0 with serial number 0
05-12 13:51:33.120  1237  1237 V UserDataPreparer: Found /data/system_ce/0 with serial number 0
05-12 13:51:33.120  1237  1237 V UserDataPreparer: Found /data/misc_ce/0 with serial number 0
05-12 13:51:33.124  1237  1237 I PackageManager: Permission ownership changed. Updating all permissions.
05-12 13:51:33.126  1414  1414 I android.hardware.wifi@1.0-service-lazy-mediatek: Wifi Hal is booting up...
05-12 13:51:33.127  1414  1414 I HidlLazyUtils: Registering HAL: android.hardware.wifi@1.3::IWifi with name: default
05-12 13:51:33.130  1414  1414 I HidlServiceManagement: Registered android.hardware.wifi@1.3::IWifi/default
05-12 13:51:33.156  1237  1237 W PackageManager: Package android.ext.services is an APK in APEX, but has permission allowlist on the system image. Please bundle the allowlist in the com.android.extservices APEX instead.
05-12 13:51:33.156  1237  1237 W PackageManager: Package android.ext.services is an APK in APEX, but has permission allowlist on the system image. Please bundle the allowlist in the com.android.extservices APEX instead.
05-12 13:51:33.156  1237  1237 W PackageManager: Package android.ext.services is an APK in APEX, but has permission allowlist on the system image. Please bundle the allowlist in the com.android.extservices APEX instead.
05-12 13:51:33.156  1237  1237 W PackageManager: Package android.ext.services is an APK in APEX, but has permission allowlist on the system image. Please bundle the allowlist in the com.android.extservices APEX instead.
05-12 13:51:33.176  1237  1237 W PackageManager: Package com.android.providers.media.module is an APK in APEX, but has permission allowlist on the system image. Please bundle the allowlist in the com.android.mediaprovider APEX instead.
05-12 13:51:33.176  1237  1237 W PackageManager: Package com.android.providers.media.module is an APK in APEX, but has permission allowlist on the system image. Please bundle the allowlist in the com.android.mediaprovider APEX instead.
05-12 13:51:33.176  1237  1237 W PackageManager: Package com.android.providers.media.module is an APK in APEX, but has permission allowlist on the system image. Please bundle the allowlist in the com.android.mediaprovider APEX instead.
05-12 13:51:33.176  1237  1237 W PackageManager: Package com.android.providers.media.module is an APK in APEX, but has permission allowlist on the system image. Please bundle the allowlist in the com.android.mediaprovider APEX instead.
05-12 13:51:33.176  1237  1237 W PackageManager: Package com.android.providers.media.module is an APK in APEX, but has permission allowlist on the system image. Please bundle the allowlist in the com.android.mediaprovider APEX instead.
05-12 13:51:33.176  1237  1237 W PackageManager: Package com.android.providers.media.module is an APK in APEX, but has permission allowlist on the system image. Please bundle the allowlist in the com.android.mediaprovider APEX instead.
05-12 13:51:33.176  1237  1237 W PackageManager: Package com.android.providers.media.module is an APK in APEX, but has permission allowlist on the system image. Please bundle the allowlist in the com.android.mediaprovider APEX instead.
05-12 13:51:33.176  1237  1237 W PackageManager: Package com.android.providers.media.module is an APK in APEX, but has permission allowlist on the system image. Please bundle the allowlist in the com.android.mediaprovider APEX instead.
05-12 13:51:33.176  1237  1237 W PackageManager: Package com.android.providers.media.module is an APK in APEX, but has permission allowlist on the system image. Please bundle the allowlist in the com.android.mediaprovider APEX instead.
05-12 13:51:33.177  1237  1237 W PackageManager: Package com.android.providers.media.module is an APK in APEX, but has permission allowlist on the system image. Please bundle the allowlist in the com.android.mediaprovider APEX instead.
05-12 13:51:33.177  1237  1237 W PackageManager: Package com.android.providers.media.module is an APK in APEX, but has permission allowlist on the system image. Please bundle the allowlist in the com.android.mediaprovider APEX instead.
05-12 13:51:33.177  1237  1237 W PackageManager: Package com.android.providers.media.module is an APK in APEX, but has permission allowlist on the system image. Please bundle the allowlist in the com.android.mediaprovider APEX instead.
05-12 13:51:33.177  1237  1237 W PackageManager: Package com.android.providers.media.module is an APK in APEX, but has permission allowlist on the system image. Please bundle the allowlist in the com.android.mediaprovider APEX instead.
05-12 13:51:33.191  1237  1237 D SystemServerTiming: MakeDisplayManagerServiceReady
05-12 13:51:33.197  1237  1262 E DisplayModeDirector: Asked about unknown display, returning empty display mode specs!(id=0)
05-12 13:51:33.198  1237  1262 E DisplayModeDirector: Asked about unknown display, returning empty display mode specs!(id=0)
05-12 13:51:33.212  1237  1237 I BrightnessSynchronizer: Initial brightness readings: 56(int), 0.21653543(float)
05-12 13:51:33.213  1237  1237 D SystemServerTiming: StartDeviceSpecificServices
05-12 13:51:33.213  1237  1237 D SystemServerTiming: GameManagerService
05-12 13:51:33.213  1237  1237 I SystemServiceManager: Starting com.android.server.app.GameManagerService$Lifecycle
05-12 13:51:33.215  1237  1237 V HistoricalRegistry: Interaction before persistence initialized
05-12 13:51:33.219  1237  1237 D SystemServerTiming: ArtManagerLocal
05-12 13:51:33.228  1414  1414 I android.hardware.wifi@1.0-service-lazy-mediatek: Wifi HAL started
05-12 13:51:33.229  1414  1414 I HidlLazyUtils: Process has 1 (of 1 available) client(s) in use after notification android.hardware.wifi@1.3::IWifi/default has clients: 1
05-12 13:51:33.260  1414  1414 I android.hardware.wifi@1.0-service-lazy-mediatek: Adding interface handle for wlan1
05-12 13:51:33.260  1414  1414 I android.hardware.wifi@1.0-service-lazy-mediatek: Adding interface handle for ap0
05-12 13:51:33.260  1414  1414 I android.hardware.wifi@1.0-service-lazy-mediatek: Adding interface handle for wlan0
05-12 13:51:33.260  1414  1414 I android.hardware.wifi@1.0-service-lazy-mediatek: Adding interface handle for p2p0
05-12 13:51:33.260  1414  1414 W android.hardware.wifi@1.0-service-lazy-mediatek: No active wlan interfaces in use! Using default
05-12 13:51:33.260  1414  1414 E android.hardware.wifi@1.0-service-lazy-mediatek: Failed to register radio mode change callback
05-12 13:51:33.260  1414  1414 W android.hardware.wifi@1.0-service-lazy-mediatek: No active wlan interfaces in use! Using default
05-12 13:51:33.262  1414  1414 I android.hardware.wifi@1.0-service-lazy-mediatek: Configured chip in mode 3
05-12 13:51:33.262  1414  1414 W android.hardware.wifi@1.0-service-lazy-mediatek: No active wlan interfaces in use! Using default
05-12 13:51:33.274   802   802 I wificond: createClientInterface: wiphy_index 0 iface_name wlan0
05-12 13:51:33.276   802   802 I wificond: create scanner for interface with index: 31
05-12 13:51:33.276   802   802 I wificond: subscribe scan result for interface with index: 31
05-12 13:51:33.279   802   802 I wificond: add channel type 0 support at wiphy index: 0
05-12 13:51:33.279   802   802 I wificond: add channel type 1 support at wiphy index: 0
05-12 13:51:33.281  1237  1237 D SystemServerTiming: StartBootPhaseDeviceSpecificServicesReady
05-12 13:51:33.281  1237  1237 I SystemServiceManager: Starting phase 520
05-12 13:51:33.281  1237  1237 D SystemServerTiming: OnBootPhase_520
05-12 13:51:33.281  1237  1237 D SystemServerTiming: OnBootPhase_520_com.android.server.security.FileIntegrityService
05-12 13:51:33.281  1237  1237 D SystemServerTiming: OnBootPhase_520_com.android.server.pm.Installer
05-12 13:51:33.282  1237  1237 D SystemServerTiming: OnBootPhase_520_com.android.server.os.DeviceIdentifiersPolicyService
05-12 13:51:33.282  1237  1237 D SystemServerTiming: OnBootPhase_520_com.android.server.uri.UriGrantsManagerService$Lifecycle
05-12 13:51:33.282  1237  1237 D SystemServerTiming: OnBootPhase_520_com.android.server.powerstats.PowerStatsService
05-12 13:51:33.282  1237  1237 D SystemServerTiming: OnBootPhase_520_com.android.server.wm.ActivityTaskManagerService$Lifecycle
05-12 13:51:33.282  1237  1237 D SystemServerTiming: OnBootPhase_520_com.android.server.am.ActivityManagerService$Lifecycle
05-12 13:51:33.282  1237  1237 D SystemServerTiming: OnBootPhase_520_com.android.server.pm.DataLoaderManagerService
05-12 13:51:33.282  1237  1237 D SystemServerTiming: OnBootPhase_520_com.android.server.power.PowerManagerService
05-12 13:51:33.282  1237  1237 D SystemServerTiming: OnBootPhase_520_com.android.server.power.ThermalManagerService
05-12 13:51:33.282  1237  1237 D SystemServerTiming: OnBootPhase_520_com.android.server.power.hint.HintManagerService
05-12 13:51:33.282  1237  1237 D SystemServerTiming: OnBootPhase_520_com.android.server.recoverysystem.RecoverySystemService$Lifecycle
05-12 13:51:33.282  1237  1237 D SystemServerTiming: OnBootPhase_520_com.android.server.lights.LightsService
05-12 13:51:33.282  1237  1237 D SystemServerTiming: OnBootPhase_520_com.android.server.display.DisplayManagerService
05-12 13:51:33.282  1237  1237 D SystemServerTiming: OnBootPhase_520_com.android.server.pm.verify.domain.DomainVerificationService
05-12 13:51:33.282  1237  1237 D SystemServerTiming: OnBootPhase_520_com.android.server.pm.PackageInstallerService$Lifecycle
05-12 13:51:33.282  1237  1237 D SystemServerTiming: OnBootPhase_520_com.android.server.pm.UserManagerService$LifeCycle
05-12 13:51:33.282  1237  1237 D SystemServerTiming: OnBootPhase_520_com.android.server.om.OverlayManagerService
05-12 13:51:33.282  1237  1237 D SystemServerTiming: OnBootPhase_520_com.android.server.resources.ResourcesManagerService
05-12 13:51:33.282  1237  1237 D SystemServerTiming: OnBootPhase_520_com.android.server.sensorprivacy.SensorPrivacyService
05-12 13:51:33.282  1237  1237 D SystemServerTiming: OnBootPhase_520_com.android.server.sensors.SensorService
05-12 13:51:33.282  1237  1237 D SystemServerTiming: OnBootPhase_520_com.android.server.SystemConfigService
05-12 13:51:33.282  1237  1237 D SystemServerTiming: OnBootPhase_520_com.android.server.BatteryService
05-12 13:51:33.282  1237  1237 D SystemServerTiming: OnBootPhase_520_com.android.server.usage.UsageStatsService
05-12 13:51:33.283  1237  1237 D SystemServerTiming: OnBootPhase_520_com.android.server.webkit.WebViewUpdateService
05-12 13:51:33.283  1237  1237 D SystemServerTiming: OnBootPhase_520_com.android.server.CachedDeviceStateService
05-12 13:51:33.283  1237  1237 D SystemServerTiming: OnBootPhase_520_com.android.server.BinderCallsStatsService$LifeCycle
05-12 13:51:33.283  1237  1237 D SystemServerTiming: OnBootPhase_520_com.android.server.LooperStatsService$Lifecycle
05-12 13:51:33.283  1237  1237 D SystemServerTiming: OnBootPhase_520_com.android.server.rollback.RollbackManagerService
05-12 13:51:33.283  1237  1237 D SystemServerTiming: OnBootPhase_520_com.android.server.os.NativeTombstoneManagerService
05-12 13:51:33.283  1237  1237 D SystemServerTiming: OnBootPhase_520_com.android.server.os.BugreportManagerService
05-12 13:51:33.283  1237  1237 D SystemServerTiming: OnBootPhase_520_com.android.server.gpu.GpuService
05-12 13:51:33.283  1237  1237 D SystemServerTiming: OnBootPhase_520_com.android.server.security.KeyChainSystemService
05-12 13:51:33.283  1237  1237 D SystemServerTiming: OnBootPhase_520_com.android.server.BinaryTransparencyService
05-12 13:51:33.283  1237  1237 D SystemServerTiming: OnBootPhase_520_com.android.server.telecom.TelecomLoaderService
05-12 13:51:33.283  1237  1237 D SystemServerTiming: OnBootPhase_520_com.android.server.accounts.AccountManagerService$Lifecycle
05-12 13:51:33.283  1237  1237 D SystemServerTiming: OnBootPhase_520_com.android.server.content.ContentService$Lifecycle
05-12 13:51:33.283  1237  1237 D SystemServerTiming: OnBootPhase_520_com.android.server.DropBoxManagerService
05-12 13:51:33.283  1237  1237 D SystemServerTiming: OnBootPhase_520_com.android.role.RoleService
05-12 13:51:33.283  1237  1237 D SystemServerTiming: OnBootPhase_520_com.android.server.vibrator.VibratorManagerService$Lifecycle
05-12 13:51:33.283  1237  1237 D SystemServerTiming: OnBootPhase_520_com.android.server.tare.InternalResourceService
05-12 13:51:33.283  1237  1237 D SystemServerTiming: OnBootPhase_520_com.android.server.alarm.AlarmManagerService
05-12 13:51:33.283  1237  1237 D SystemServerTiming: OnBootPhase_520_com.android.server.devicestate.DeviceStateManagerService
05-12 13:51:33.283  1237  1237 D SystemServerTiming: OnBootPhase_520_com.android.server.camera.CameraServiceProxy
05-12 13:51:33.283  1237  1237 D SystemServerTiming: OnBootPhase_520_com.android.server.bluetooth.BluetoothService
05-12 13:51:33.283  1237  1237 D SystemServerTiming: OnBootPhase_520_com.android.server.connectivity.IpConnectivityMetrics
05-12 13:51:33.283  1237  1237 D SystemServerTiming: OnBootPhase_520_com.android.server.net.watchlist.NetworkWatchlistService$Lifecycle
05-12 13:51:33.283  1237  1237 D SystemServerTiming: OnBootPhase_520_com.android.server.PinnerService
05-12 13:51:33.283  1237  1237 D SystemServerTiming: OnBootPhase_520_com.android.server.integrity.AppIntegrityManagerService
05-12 13:51:33.283  1237  1237 D SystemServerTiming: OnBootPhase_520_com.android.server.logcat.LogcatManagerService
05-12 13:51:33.283  1237  1237 D SystemServerTiming: OnBootPhase_520_com.android.server.derp.LineageGlobalActionsService
05-12 13:51:33.283  1237  1237 D SystemServerTiming: OnBootPhase_520_com.android.server.inputmethod.InputMethodManagerService$Lifecycle
05-12 13:51:33.283  1237  1237 D SystemServerTiming: OnBootPhase_520_com.android.server.accessibility.AccessibilityManagerService$Lifecycle
05-12 13:51:33.283  1237  1237 D SystemServerTiming: OnBootPhase_520_com.android.server.StorageManagerService$Lifecycle
05-12 13:51:33.283  1237  1237 D SystemServerTiming: OnBootPhase_520_com.android.server.usage.StorageStatsService$Lifecycle
05-12 13:51:33.283  1237  1237 D SystemServerTiming: OnBootPhase_520_com.android.server.UiModeManagerService
05-12 13:51:33.283  1237  1237 D SystemServerTiming: OnBootPhase_520_com.android.server.locales.LocaleManagerService
05-12 13:51:33.283  1237  1237 D SystemServerTiming: OnBootPhase_520_com.android.server.locksettings.LockSettingsService$Lifecycle
05-12 13:51:33.283  1237  1237 D SystemServerTiming: OnBootPhase_520_com.android.server.PersistentDataBlockService
05-12 13:51:33.283  1237  1237 D SystemServerTiming: OnBootPhase_520_com.android.server.testharness.TestHarnessModeService
05-12 13:51:33.283  1237  1237 D SystemServerTiming: OnBootPhase_520_com.android.server.oemlock.OemLockService
05-12 13:51:33.283  1237  1237 D SystemServerTiming: OnBootPhase_520_com.android.server.DeviceIdleController
05-12 13:51:33.283  1237  1237 D SystemServerTiming: OnBootPhase_520_com.android.server.devicepolicy.DevicePolicyManagerService$Lifecycle
05-12 13:51:33.283  1237  1237 D SystemServerTiming: OnBootPhase_520_com.android.server.musicrecognition.MusicRecognitionManagerService
05-12 13:51:33.283  1237  1237 D SystemServerTiming: OnBootPhase_520_com.android.server.contentcapture.ContentCaptureManagerService
05-12 13:51:33.283  1237  1237 D SystemServerTiming: OnBootPhase_520_com.android.server.attention.AttentionManagerService
05-12 13:51:33.283  1237  1237 D SystemServerTiming: OnBootPhase_520_com.android.server.rotationresolver.RotationResolverManagerService
05-12 13:51:33.283  1237  1237 D SystemServerTiming: OnBootPhase_520_com.android.server.systemcaptions.SystemCaptionsManagerService
05-12 13:51:33.283  1237  1237 D SystemServerTiming: OnBootPhase_520_com.android.server.texttospeech.TextToSpeechManagerService
05-12 13:51:33.283  1237  1237 D SystemServerTiming: OnBootPhase_520_com.android.server.ambientcontext.AmbientContextManagerService
05-12 13:51:33.283  1237  1237 D SystemServerTiming: OnBootPhase_520_com.android.server.speech.SpeechRecognitionManagerService
05-12 13:51:33.283  1237  1237 D SystemServerTiming: OnBootPhase_520_com.android.server.appprediction.AppPredictionManagerService
05-12 13:51:33.284  1237  1237 D SystemServerTiming: OnBootPhase_520_com.android.server.contentsuggestions.ContentSuggestionsManagerService
05-12 13:51:33.284  1237  1237 D SystemServerTiming: OnBootPhase_520_com.android.server.searchui.SearchUiManagerService
05-12 13:51:33.284  1237  1237 D SystemServerTiming: OnBootPhase_520_com.android.server.smartspace.SmartspaceManagerService
05-12 13:51:33.284  1237  1237 D SystemServerTiming: OnBootPhase_520_com.android.server.graphics.fonts.FontManagerService$Lifecycle
05-12 13:51:33.284  1237  1237 D SystemServerTiming: OnBootPhase_520_com.android.server.textservices.TextServicesManagerService$Lifecycle
05-12 13:51:33.284  1237  1237 D SystemServerTiming: OnBootPhase_520_com.android.server.textclassifier.TextClassificationManagerService$Lifecycle
05-12 13:51:33.284  1237  1237 D SystemServerTiming: OnBootPhase_520_com.android.server.NetworkScoreService$Lifecycle
05-12 13:51:33.284  1237  1237 D SystemServerTiming: OnBootPhase_520_com.android.server.NetworkStatsServiceInitializer
05-12 13:51:33.284  1237  1237 D SystemServerTiming: OnBootPhase_520_com.android.server.wifi.WifiService
05-12 13:51:33.284  1237  1237 D SystemServerTiming: OnBootPhase_520_com.android.server.wifi.scanner.WifiScanningService
05-12 13:51:33.284  1237  1237 D SystemServerTiming: OnBootPhase_520_com.android.server.wifi.p2p.WifiP2pService
05-12 13:51:33.284  1237  1237 D SystemServerTiming: OnBootPhase_520_com.android.server.ConnectivityServiceInitializer
05-12 13:51:33.284  1237  1237 D SystemServerTiming: OnBootPhase_520_com.android.server.notification.NotificationManagerService
05-12 13:51:33.299  1237  1237 D SystemServerTiming: OnBootPhase_520_com.android.server.storage.DeviceStorageMonitorService
05-12 13:51:33.300  1237  1237 D SystemServerTiming: OnBootPhase_520_com.android.server.location.LocationManagerService$Lifecycle
05-12 13:51:33.300  1237  1237 D SystemServerTiming: OnBootPhase_520_com.android.server.timedetector.TimeDetectorService$Lifecycle
05-12 13:51:33.300  1237  1237 D SystemServerTiming: OnBootPhase_520_com.android.server.timezonedetector.TimeZoneDetectorService$Lifecycle
05-12 13:51:33.300  1237  1237 D SystemServerTiming: OnBootPhase_520_com.android.server.timezonedetector.location.LocationTimeZoneManagerService$Lifecycle
05-12 13:51:33.300  1237  1237 D SystemServerTiming: OnBootPhase_520_com.android.server.search.SearchManagerService$Lifecycle
05-12 13:51:33.300  1237  1237 D SystemServerTiming: OnBootPhase_520_com.android.server.wallpaper.WallpaperManagerService$Lifecycle
05-12 13:51:33.300  1237  1237 D SystemServerTiming: OnBootPhase_520_com.android.server.wallpapereffectsgeneration.WallpaperEffectsGenerationManagerService
05-12 13:51:33.300  1237  1237 D SystemServerTiming: OnBootPhase_520_com.android.server.audio.AudioService$Lifecycle
05-12 13:51:33.300  1237  1237 D SystemServerTiming: OnBootPhase_520_com.android.server.soundtrigger_middleware.SoundTriggerMiddlewareService$Lifecycle
05-12 13:51:33.300  1237  1237 D SystemServerTiming: OnBootPhase_520_com.android.server.DockObserver
05-12 13:51:33.300  1237  1237 D SystemServerTiming: OnBootPhase_520_com.android.server.midi.MidiService$Lifecycle
05-12 13:51:33.300  1237  1237 D SystemServerTiming: OnBootPhase_520_com.android.server.adb.AdbService$Lifecycle
05-12 13:51:33.300  1237  1237 D SystemServerTiming: OnBootPhase_520_com.android.server.usb.UsbService$Lifecycle
05-12 13:51:33.300  1237  1237 D SystemServerTiming: OnBootPhase_520_com.android.server.twilight.TwilightService
05-12 13:51:33.300  1237  1237 D SystemServerTiming: OnBootPhase_520_com.android.server.display.color.ColorDisplayService
05-12 13:51:33.300  1237  1237 D SystemServerTiming: OnBootPhase_520_com.android.server.job.JobSchedulerService
05-12 13:51:33.300  1237  1237 D SystemServerTiming: OnBootPhase_520_com.android.server.soundtrigger.SoundTriggerService
05-12 13:51:33.300  1237  1237 D SoundTriggerService: onBootPhase: 520 : false
05-12 13:51:33.300  1237  1237 D SystemServerTiming: OnBootPhase_520_com.android.server.trust.TrustManagerService
05-12 13:51:33.300  1237  1237 D SystemServerTiming: OnBootPhase_520_com.android.server.backup.BackupManagerService$Lifecycle
05-12 13:51:33.300  1237  1237 D SystemServerTiming: OnBootPhase_520_com.android.server.appwidget.AppWidgetService
05-12 13:51:33.300  1237  1237 D SystemServerTiming: OnBootPhase_520_com.android.server.voiceinteraction.VoiceInteractionManagerService
05-12 13:51:33.300  1237  1237 D SystemServerTiming: OnBootPhase_520_com.android.server.apphibernation.AppHibernationService
05-12 13:51:33.300  1237  1237 D SystemServerTiming: OnBootPhase_520_com.android.server.GestureLauncherService
05-12 13:51:33.300  1237  1237 D SystemServerTiming: OnBootPhase_520_com.android.server.SensorNotificationService
05-12 13:51:33.300  1237  1237 D SystemServerTiming: OnBootPhase_520_com.android.server.emergency.EmergencyAffordanceService
05-12 13:51:33.300  1237  1237 D SystemServerTiming: OnBootPhase_520_com.android.server.blob.BlobStoreManagerService
05-12 13:51:33.300  1237  1237 D SystemServerTiming: OnBootPhase_520_com.android.server.dreams.DreamManagerService
05-12 13:51:33.300  1237  1237 D SystemServerTiming: OnBootPhase_520_com.android.server.print.PrintManagerService
05-12 13:51:33.300  1237  1237 D SystemServerTiming: OnBootPhase_520_com.android.server.security.AttestationVerificationManagerService
05-12 13:51:33.300  1237  1237 D SystemServerTiming: OnBootPhase_520_com.android.server.companion.CompanionDeviceManagerService
05-12 13:51:33.300  1237  1237 D SystemServerTiming: OnBootPhase_520_com.android.server.companion.virtual.VirtualDeviceManagerService
05-12 13:51:33.301  1237  1237 D SystemServerTiming: OnBootPhase_520_com.android.server.restrictions.RestrictionsManagerService
05-12 13:51:33.301  1237  1237 D SystemServerTiming: OnBootPhase_520_com.android.server.media.MediaSessionService
05-12 13:51:33.301  1237  1237 D SystemServerTiming: OnBootPhase_520_com.android.server.media.MediaResourceMonitorService
05-12 13:51:33.301  1237  1237 D SystemServerTiming: OnBootPhase_520_com.android.server.biometrics.sensors.face.FaceService
05-12 13:51:33.301  1237  1237 D SystemServerTiming: OnBootPhase_520_com.android.server.biometrics.sensors.fingerprint.FingerprintService
05-12 13:51:33.301  1237  1237 D SystemServerTiming: OnBootPhase_520_com.android.server.biometrics.BiometricService
05-12 13:51:33.301  1237  1237 D SystemServerTiming: OnBootPhase_520_com.android.server.biometrics.AuthService
05-12 13:51:33.301  1237  1237 D SystemServerTiming: OnBootPhase_520_com.android.server.app.AppLockManagerService$Lifecycle
05-12 13:51:33.301  1237  1237 D SystemServerTiming: OnBootPhase_520_com.android.server.pm.ShortcutService$Lifecycle
05-12 13:51:33.301  1237  1237 D SystemServerTiming: OnBootPhase_520_com.android.server.pm.LauncherAppsService
05-12 13:51:33.301  1237  1237 D SystemServerTiming: OnBootPhase_520_com.android.server.pm.CrossProfileAppsService
05-12 13:51:33.301  1237  1237 D SystemServerTiming: OnBootPhase_520_com.android.server.pocket.PocketService
05-12 13:51:33.301  1237  1237 W PocketService: Un-handled boot phase:520
05-12 13:51:33.301  1237  1237 D SystemServerTiming: OnBootPhase_520_com.android.server.people.PeopleService
05-12 13:51:33.301  1237  1237 D SystemServerTiming: OnBootPhase_520_com.android.server.media.metrics.MediaMetricsManagerService
05-12 13:51:33.301  1237  1237 D SystemServerTiming: OnBootPhase_520_com.android.server.derp.CustomDeviceConfigService
05-12 13:51:33.301  1237  1237 D SystemServerTiming: OnBootPhase_520_com.android.server.vibrator.LinearmotorVibratorService
05-12 13:51:33.301  1237  1237 D SystemServerTiming: OnBootPhase_520_com.android.server.derp.LineageHardwareService
05-12 13:51:33.301  1237  1237 D SystemServerTiming: OnBootPhase_520_com.android.server.derp.display.LiveDisplayService
05-12 13:51:33.301  1237  1237 D SystemServerTiming: OnBootPhase_520_com.android.server.derp.health.HealthInterfaceService
05-12 13:51:33.301  1237  1237 D SystemServerTiming: OnBootPhase_520_com.android.server.media.projection.MediaProjectionManagerService
05-12 13:51:33.301  1237  1237 D SystemServerTiming: OnBootPhase_520_com.android.server.slice.SliceManagerService$Lifecycle
05-12 13:51:33.301  1237  1237 D SystemServerTiming: OnBootPhase_520_com.android.server.stats.StatsCompanion$Lifecycle
05-12 13:51:33.301  1237  1237 D SystemServerTiming: OnBootPhase_520_com.android.server.scheduling.RebootReadinessManagerService$Lifecycle
05-12 13:51:33.301  1237  1237 D SystemServerTiming: OnBootPhase_520_com.android.server.stats.pull.StatsPullAtomService
05-12 13:51:33.301  1237  1237 D SystemServerTiming: OnBootPhase_520_com.android.server.stats.bootstrap.StatsBootstrapAtomService$Lifecycle
05-12 13:51:33.301  1237  1237 D SystemServerTiming: OnBootPhase_520_com.android.server.incident.IncidentCompanionService
05-12 13:51:33.301  1237  1237 D SystemServerTiming: OnBootPhase_520_com.android.server.sdksandbox.SdkSandboxManagerService$Lifecycle
05-12 13:51:33.301  1237  1237 D SystemServerTiming: OnBootPhase_520_com.android.server.adservices.AdServicesManagerService$Lifecycle
05-12 13:51:33.301  1237  1237 D SystemServerTiming: OnBootPhase_520_com.android.server.MmsServiceBroker
05-12 13:51:33.301  1237  1237 D SystemServerTiming: OnBootPhase_520_com.android.server.autofill.AutofillManagerService
05-12 13:51:33.301  1237  1237 D SystemServerTiming: OnBootPhase_520_com.android.server.translation.TranslationManagerService
05-12 13:51:33.301  1237  1237 D SystemServerTiming: OnBootPhase_520_com.android.server.clipboard.ClipboardService
05-12 13:51:33.301  1237  1237 D SystemServerTiming: OnBootPhase_520_com.android.server.appbinding.AppBindingService$Lifecycle
05-12 13:51:33.301  1237  1237 D SystemServerTiming: OnBootPhase_520_com.android.server.tracing.TracingServiceProxy
05-12 13:51:33.301  1237  1237 D SystemServerTiming: OnBootPhase_520_com.android.server.policy.PermissionPolicyService
05-12 13:51:33.302  1237  1237 D SystemServerTiming: OnBootPhase_520_com.android.server.pm.StagingManager$Lifecycle
05-12 13:51:33.302  1237  1237 D SystemServerTiming: OnBootPhase_520_com.android.server.app.GameManagerService$Lifecycle
05-12 13:51:33.302  1237  1237 D SystemServerTiming: StartSafetyCenterService
05-12 13:51:33.302  1237  1237 I SystemServiceManager: Starting com.android.safetycenter.SafetyCenterService
05-12 13:51:33.313  1237  1237 D SystemServerTiming: AppSearchModule
05-12 13:51:33.320  1237  1237 I SystemServiceManager: Starting com.android.server.appsearch.AppSearchModule$Lifecycle
05-12 13:51:33.328  1237  1237 D SystemServerTiming: StartMediaCommunicationService
05-12 13:51:33.329  1237  1237 I SystemServiceManager: Starting com.android.server.media.MediaCommunicationService
05-12 13:51:33.331  1237  1237 D SystemServerTiming: AppCompatOverridesService
05-12 13:51:33.331  1237  1237 I SystemServiceManager: Starting com.android.server.compat.overrides.AppCompatOverridesService$Lifecycle
05-12 13:51:33.332  1237  1237 D SystemServerTiming: StartParallelSpaceManagerService
05-12 13:51:33.332  1237  1237 I SystemServiceManager: Starting com.android.server.derp.ParallelSpaceManagerService
05-12 13:51:33.336  1237  1237 D SystemServerTiming: PhaseActivityManagerReady
05-12 13:51:33.336  1237  1237 D SystemServerTiming: controllersReady
05-12 13:51:33.340  1237  1305 D SystemServerTimingAsync: InitThreadPoolExec:Update app-ops uidState in case package app.netmirror.netmirror changed
05-12 13:51:33.340  1237  1341 D SystemServerTimingAsync: InitThreadPoolExec:Update app-ops uidState in case package com.golgappa.studyrays changed
05-12 13:51:33.340  1237  1350 D SystemServerTimingAsync: InitThreadPoolExec:Update app-ops uidState in case package com.google.android.apps.youtube.music changed
05-12 13:51:33.340  1237  1353 D SystemServerTimingAsync: InitThreadPoolExec:Update app-ops uidState in case package oss.krtirtho.spotube changed
05-12 13:51:33.340  1237  1326 D SystemServerTimingAsync: InitThreadPoolExec:Update app-ops uidState in case package com.supercell.brawlstars changed
05-12 13:51:33.340  1237  1325 D SystemServerTimingAsync: InitThreadPoolExec:Update app-ops uidState in case package com.google.android.videos changed
05-12 13:51:33.340  1237  1266 D SystemServerTimingAsync: InitThreadPoolExec:Update app-ops uidState in case package com.github.android changed
05-12 13:51:33.340  1237  1312 D SystemServerTimingAsync: InitThreadPoolExec:Update app-ops uidState in case package idm.internet.download.manager.plus changed
05-12 13:51:33.342  1237  1305 D SystemServerTimingAsync: InitThreadPoolExec:Update app-ops uidState in case package com.microsoft.office.word changed
05-12 13:51:33.342  1237  1341 D SystemServerTimingAsync: InitThreadPoolExec:Update app-ops uidState in case package com.bittorrent.client changed
05-12 13:51:33.342  1237  1350 D SystemServerTimingAsync: InitThreadPoolExec:Update app-ops uidState in case package com.google.android.apps.docs changed
05-12 13:51:33.342  1237  1326 D SystemServerTimingAsync: InitThreadPoolExec:Update app-ops uidState in case package com.tempmail changed
05-12 13:51:33.342  1237  1353 D SystemServerTimingAsync: InitThreadPoolExec:Update app-ops uidState in case package com.termux changed
05-12 13:51:33.342  1237  1350 D SystemServerTimingAsync: InitThreadPoolExec:Update app-ops uidState in case package com.oyeah.alpha changed
05-12 13:51:33.342  1237  1326 D SystemServerTimingAsync: InitThreadPoolExec:Update app-ops uidState in case package tw.nekomimi.nekogram changed
05-12 13:51:33.342  1237  1325 D SystemServerTimingAsync: InitThreadPoolExec:Update app-ops uidState in case package xyz.penpencil.physicswala changed
05-12 13:51:33.343  1237  1326 D SystemServerTimingAsync: InitThreadPoolExec:Update app-ops uidState in case package com.google.android.gm changed
05-12 13:51:33.343  1237  1325 D SystemServerTimingAsync: InitThreadPoolExec:Update app-ops uidState in case package ru.zdevs.zarchiver changed
05-12 13:51:33.343  1237  1326 D SystemServerTimingAsync: InitThreadPoolExec:Update app-ops uidState in case package com.android.providers.media.module changed
05-12 13:51:33.343  1237  1325 D SystemServerTimingAsync: InitThreadPoolExec:Update app-ops uidState in case package com.android.permissioncontroller changed
05-12 13:51:33.343  1237  1326 D SystemServerTimingAsync: InitThreadPoolExec:Update app-ops uidState in case package com.android.cellbroadcastreceiver.module changed
05-12 13:51:33.343  1237  1350 D SystemServerTimingAsync: InitThreadPoolExec:Update app-ops uidState in case package com.google.android.youtube changed
05-12 13:51:33.343  1237  1266 D SystemServerTimingAsync: InitThreadPoolExec:Update app-ops uidState in case package com.discord changed
05-12 13:51:33.343  1237  1350 D SystemServerTimingAsync: InitThreadPoolExec:Update app-ops uidState in case package com.android.launcher3 changed
05-12 13:51:33.343  1237  1266 D SystemServerTimingAsync: InitThreadPoolExec:Update app-ops uidState in case package org.calyxos.panic changed
05-12 13:51:33.343  1237  1350 D SystemServerTimingAsync: InitThreadPoolExec:Update app-ops uidState in case package com.google.android.pixel.setupwizard changed
05-12 13:51:33.343  1237  1266 D SystemServerTimingAsync: InitThreadPoolExec:Update app-ops uidState in case package com.android.wallpaper changed
05-12 13:51:33.343  1237  1350 D SystemServerTimingAsync: InitThreadPoolExec:Update app-ops uidState in case package com.google.android.apps.photos changed
05-12 13:51:33.343  1237  1326 D SystemServerTimingAsync: InitThreadPoolExec:Update app-ops uidState in case package com.android.systemui changed
05-12 13:51:33.343  1237  1305 D SystemServerTimingAsync: InitThreadPoolExec:Update app-ops uidState in case package com.google.android.apps.bard changed
05-12 13:51:33.343  1237  1326 D SystemServerTimingAsync: InitThreadPoolExec:Update app-ops uidState in case package com.google.android.calendar changed
05-12 13:51:33.343  1237  1305 D SystemServerTimingAsync: InitThreadPoolExec:Update app-ops uidState in case package org.derpfest.flash changed
05-12 13:51:33.343  1237  1266 D SystemServerTimingAsync: InitThreadPoolExec:Update app-ops uidState in case package com.google.android.gms.location.history changed
05-12 13:51:33.343  1237  1312 D SystemServerTimingAsync: InitThreadPoolExec:Update app-ops uidState in case package org.derpfest.prospect changed
05-12 13:51:33.344  1237  1350 D SystemServerTimingAsync: InitThreadPoolExec:Update app-ops uidState in case package com.google.android.calculator changed
05-12 13:51:33.344  1237  1341 D SystemServerTimingAsync: InitThreadPoolExec:Update app-ops uidState in case package com.openai.chatgpt changed
05-12 13:51:33.344  1237  1350 D SystemServerTimingAsync: InitThreadPoolExec:Update app-ops uidState in case package com.google.android.accessibility.soundamplifier changed
05-12 13:51:33.344  1237  1353 D SystemServerTimingAsync: InitThreadPoolExec:Update app-ops uidState in case package com.whatsapp changed
05-12 13:51:33.344  1237  1350 D SystemServerTimingAsync: InitThreadPoolExec:Update app-ops uidState in case package com.google.android.inputmethod.latin changed
05-12 13:51:33.344  1237  1305 D SystemServerTimingAsync: InitThreadPoolExec:Update app-ops uidState in case package org.calyxos.ripple changed
05-12 13:51:33.344  1237  1350 D SystemServerTimingAsync: InitThreadPoolExec:Update app-ops uidState in case package com.android.chrome changed
05-12 13:51:33.344  1237  1305 D SystemServerTimingAsync: InitThreadPoolExec:Update app-ops uidState in case package com.google.android.webview changed
05-12 13:51:33.344  1237  1305 D SystemServerTimingAsync: InitThreadPoolExec:Update app-ops uidState in case package com.google.android.markup changed
05-12 13:51:33.344  1237  1305 D SystemServerTimingAsync: InitThreadPoolExec:Update app-ops uidState in case package com.google.android.apps.nbu.files changed
05-12 13:51:33.344  1237  1325 D SystemServerTimingAsync: InitThreadPoolExec:Update app-ops uidState in case package android.ext.services changed
05-12 13:51:33.344  1237  1326 D SystemServerTimingAsync: InitThreadPoolExec:Update app-ops uidState in case package com.google.android.deskclock changed
05-12 13:51:33.344  1237  1353 D SystemServerTimingAsync: InitThreadPoolExec:Update app-ops uidState in case package org.akanework.symphonica changed
05-12 13:51:33.344  1237  1266 D SystemServerTimingAsync: InitThreadPoolExec:Update app-ops uidState in case package com.google.android.contacts changed
05-12 13:51:33.344  1237  1353 D SystemServerTimingAsync: InitThreadPoolExec:Update app-ops uidState in case package com.google.android.partnersetup changed
05-12 13:51:33.344  1237  1350 D SystemServerTimingAsync: InitThreadPoolExec:Update app-ops uidState in case package com.android.vending changed
05-12 13:51:33.344  1237  1341 D SystemServerTimingAsync: InitThreadPoolExec:Update app-ops uidState in case package com.google.android.marvin.talkback changed
05-12 13:51:33.344  1237  1305 D SystemServerTimingAsync: InitThreadPoolExec:Update app-ops uidState in case package com.google.android.googlequicksearchbox changed
05-12 13:51:33.344  1237  1325 D SystemServerTimingAsync: InitThreadPoolExec:Update app-ops uidState in case package com.google.android.setupwizard changed
05-12 13:51:33.344  1237  1326 D SystemServerTimingAsync: InitThreadPoolExec:Update app-ops uidState in case package com.google.android.apps.restore changed
05-12 13:51:33.345  1237  1312 D SystemServerTimingAsync: InitThreadPoolExec:Update app-ops uidState in case package com.google.android.tts changed
05-12 13:51:33.345  1237  1266 D SystemServerTimingAsync: InitThreadPoolExec:Update app-ops uidState in case package com.google.android.apps.wellbeing changed
05-12 13:51:33.345  1237  1312 D SystemServerTimingAsync: InitThreadPoolExec:Update app-ops uidState in case package com.google.android.settings.intelligence changed
05-12 13:51:33.345  1237  1350 D SystemServerTimingAsync: InitThreadPoolExec:Update app-ops uidState in case package com.google.android.apps.safetyhub changed
05-12 13:51:33.345  1237  1312 D SystemServerTimingAsync: InitThreadPoolExec:Update app-ops uidState in case package com.google.android.dialer changed
05-12 13:51:33.345  1237  1305 D SystemServerTimingAsync: InitThreadPoolExec:Update app-ops uidState in case package com.android.imsserviceentitlement changed
05-12 13:51:33.345  1237  1305 D SystemServerTimingAsync: InitThreadPoolExec:Update app-ops uidState in case package com.google.android.as changed
05-12 13:51:33.345  1237  1312 D SystemServerTimingAsync: InitThreadPoolExec:Update app-ops uidState in case package com.google.android.gsf changed
05-12 13:51:33.345  1237  1353 D SystemServerTimingAsync: InitThreadPoolExec:Update app-ops uidState in case package com.google.audio.hearing.visualization.accessibility.scribe changed
05-12 13:51:33.345  1237  1266 D SystemServerTimingAsync: InitThreadPoolExec:Update app-ops uidState in case package com.google.android.apps.security.securityhub changed
05-12 13:51:33.345  1237  1341 D SystemServerTimingAsync: InitThreadPoolExec:Update app-ops uidState in case package com.google.android.apps.turbo changed
05-12 13:51:33.345  1237  1350 D SystemServerTimingAsync: InitThreadPoolExec:Update app-ops uidState in case package com.google.android.gms changed
05-12 13:51:33.345  1237  1326 D SystemServerTimingAsync: InitThreadPoolExec:Update app-ops uidState in case package com.google.android.apps.messaging changed
05-12 13:51:33.346  1237  1326 D SystemServerTimingAsync: InitThreadPoolExec:Update app-ops uidState in case package org.pixelexperience.faceunlock changed
05-12 13:51:33.346  1237  1326 D SystemServerTimingAsync: InitThreadPoolExec:Update app-ops uidState in case package com.google.android.packageinstaller changed
05-12 13:51:33.346  1237  1350 D SystemServerTimingAsync: InitThreadPoolExec:Update app-ops uidState in case package com.android.providers.media changed
05-12 13:51:33.346  1237  1325 D SystemServerTimingAsync: InitThreadPoolExec:Update app-ops uidState in case package com.google.android.projection.gearhead changed
05-12 13:51:33.346  1237  1312 D SystemServerTimingAsync: InitThreadPoolExec:Update app-ops uidState in case package com.google.android.as.oss changed
05-12 13:51:33.346  1237  1325 D SystemServerTimingAsync: InitThreadPoolExec:Update app-ops uidState in case package com.android.mtp changed
05-12 13:51:33.346  1237  1353 D SystemServerTimingAsync: InitThreadPoolExec:Update app-ops uidState in case package com.android.companiondevicemanager changed
05-12 13:51:33.346  1237  1325 D SystemServerTimingAsync: InitThreadPoolExec:Update app-ops uidState in case package com.android.providers.calendar changed
05-12 13:51:33.346  1237  1326 D SystemServerTimingAsync: InitThreadPoolExec:Update app-ops uidState in case package com.android.providers.downloads changed
05-12 13:51:33.346  1237  1325 D SystemServerTimingAsync: InitThreadPoolExec:Update app-ops uidState in case package com.android.calllogbackup changed
05-12 13:51:33.346  1237  1305 D SystemServerTimingAsync: InitThreadPoolExec:Update app-ops uidState in case package com.google.android.apps.recorder changed
05-12 13:51:33.346  1237  1325 D SystemServerTimingAsync: InitThreadPoolExec:Update app-ops uidState in case package com.android.providers.userdictionary changed
05-12 13:51:33.346  1237  1266 D SystemServerTimingAsync: InitThreadPoolExec:Update app-ops uidState in case package com.android.printspooler changed
05-12 13:51:33.346  1237  1325 D SystemServerTimingAsync: InitThreadPoolExec:Update app-ops uidState in case package com.derp.systemui.wifibar_d changed
05-12 13:51:33.346  1237  1353 D SystemServerTimingAsync: InitThreadPoolExec:Update app-ops uidState in case package com.android.cellbroadcastreceiver changed
05-12 13:51:33.346  1237  1325 D SystemServerTimingAsync: InitThreadPoolExec:Update app-ops uidState in case package com.derp.systemui.wifibar_c changed
05-12 13:51:33.346  1237  1350 D SystemServerTimingAsync: InitThreadPoolExec:Update app-ops uidState in case package com.android.providers.downloads.ui changed
05-12 13:51:33.346  1237  1325 D SystemServerTimingAsync: InitThreadPoolExec:Update app-ops uidState in case package com.derp.systemui.wifibar_i changed
05-12 13:51:33.346  1237  1312 D SystemServerTimingAsync: InitThreadPoolExec:Update app-ops uidState in case package com.android.soundpicker changed
05-12 13:51:33.346  1237  1312 D SystemServerTimingAsync: InitThreadPoolExec:Update app-ops uidState in case package com.derp.systemui.signalbar_e changed
05-12 13:51:33.346  1237  1325 D SystemServerTimingAsync: InitThreadPoolExec:Update app-ops uidState in case package com.derp.systemui.wifibar_e changed
05-12 13:51:33.347  1237  1266 D SystemServerTimingAsync: InitThreadPoolExec:Update app-ops uidState in case package com.derp.systemui.signalbar_d changed
05-12 13:51:33.347  1237  1325 D SystemServerTimingAsync: InitThreadPoolExec:Update app-ops uidState in case package com.bootleggers.shishufied.theme.unmonet.android changed
05-12 13:51:33.347  1237  1326 D SystemServerTimingAsync: InitThreadPoolExec:Update app-ops uidState in case package com.android.providers.blockednumber changed
05-12 13:51:33.347  1237  1325 D SystemServerTimingAsync: InitThreadPoolExec:Update app-ops uidState in case package com.derp.systemui.signalbar_a changed
05-12 13:51:33.347  1237  1305 D SystemServerTimingAsync: InitThreadPoolExec:Update app-ops uidState in case package com.android.providers.contacts changed
05-12 13:51:33.347  1237  1325 D SystemServerTimingAsync: InitThreadPoolExec:Update app-ops uidState in case package com.bootleggers.shishufied.theme.solarized.settings changed
05-12 13:51:33.347  1237  1341 D SystemServerTimingAsync: InitThreadPoolExec:Update app-ops uidState in case package com.android.externalstorage changed
05-12 13:51:33.347  1237  1325 D SystemServerTimingAsync: InitThreadPoolExec:Update app-ops uidState in case package com.derp.systemui.wifibar_b changed
05-12 13:51:33.347  1237  1353 D SystemServerTimingAsync: InitThreadPoolExec:Update app-ops uidState in case package com.derp.systemui.signalbar_c changed
05-12 13:51:33.347  1237  1325 D SystemServerTimingAsync: InitThreadPoolExec:Update app-ops uidState in case package com.bootleggers.shishufied.theme.shishu.systemui changed
05-12 13:51:33.347  1237  1350 D SystemServerTimingAsync: InitThreadPoolExec:Update app-ops uidState in case package com.bootleggers.shishufied.theme.unmonet.systemui changed
05-12 13:51:33.347  1237  1325 D SystemServerTimingAsync: InitThreadPoolExec:Update app-ops uidState in case package com.bootleggers.shishufied.theme.shishu.android changed
05-12 13:51:33.347  1237  1312 D SystemServerTimingAsync: InitThreadPoolExec:Update app-ops uidState in case package com.bootleggers.shishufied.theme.unmonet.settings changed
05-12 13:51:33.347  1237  1325 D SystemServerTimingAsync: InitThreadPoolExec:Update app-ops uidState in case package com.bootleggers.shishufied.theme.shishunights.settings changed
05-12 13:51:33.347  1237  1325 D SystemServerTimingAsync: InitThreadPoolExec:Update app-ops uidState in case package com.bootleggers.shishufied.theme.shishuimmensity.systemui changed
05-12 13:51:33.347  1237  1353 D SystemServerTimingAsync: InitThreadPoolExec:Update app-ops uidState in case package com.bootleggers.shishufied.theme.shishu.settings changed
05-12 13:51:33.347  1237  1325 D SystemServerTimingAsync: InitThreadPoolExec:Update app-ops uidState in case package com.bootleggers.shishufied.theme.shishuimmensity.settings changed
05-12 13:51:33.347  1237  1353 D SystemServerTimingAsync: InitThreadPoolExec:Update app-ops uidState in case package com.bootleggers.shishufied.theme.shishuimmensity.android changed
05-12 13:51:33.347  1237  1325 D SystemServerTimingAsync: InitThreadPoolExec:Update app-ops uidState in case package com.bootleggers.shishufied.theme.shishuillusions.systemui changed
05-12 13:51:33.348  1237  1350 D SystemServerTimingAsync: InitThreadPoolExec:Update app-ops uidState in case package com.bootleggers.shishufied.theme.shishunights.systemui changed
05-12 13:51:33.348  1237  1325 D SystemServerTimingAsync: InitThreadPoolExec:Update app-ops uidState in case package com.bootleggers.shishufied.theme.shishuillusions.android changed
05-12 13:51:33.348  1237  1305 D SystemServerTimingAsync: InitThreadPoolExec:Update app-ops uidState in case package com.bootleggers.shishufied.theme.solarized.android changed
05-12 13:51:33.348  1237  1325 D SystemServerTimingAsync: InitThreadPoolExec:Update app-ops uidState in case package com.bootleggers.shishufied.theme.shishuamalgamation.settings changed
05-12 13:51:33.348  1237  1325 D SystemServerTimingAsync: InitThreadPoolExec:Update app-ops uidState in case package com.derp.systemui.wifibar_f changed
05-12 13:51:33.348  1237  1353 D SystemServerTimingAsync: InitThreadPoolExec:Update app-ops uidState in case package com.bootleggers.shishufied.theme.shishuillusions.settings changed
05-12 13:51:33.348  1237  1326 D SystemServerTimingAsync: InitThreadPoolExec:Update app-ops uidState in case package com.bootleggers.shishufied.theme.solarized.systemui changed
05-12 13:51:33.348  1237  1353 D SystemServerTimingAsync: InitThreadPoolExec:Update app-ops uidState in case package com.bootleggers.shishufied.theme.optronic.systemui changed
05-12 13:51:33.348  1237  1350 D SystemServerTimingAsync: InitThreadPoolExec:Update app-ops uidState in case package com.bootleggers.shishufied.theme.shishuamalgamation.systemui changed
05-12 13:51:33.348  1237  1326 D SystemServerTimingAsync: InitThreadPoolExec:Update app-ops uidState in case package com.bootleggers.shishufied.theme.optronic.settings changed
05-12 13:51:33.348  1237  1353 D SystemServerTimingAsync: InitThreadPoolExec:Update app-ops uidState in case package com.bootleggers.shishufied.theme.optronic.android changed
05-12 13:51:33.348  1237  1312 D SystemServerTimingAsync: InitThreadPoolExec:Update app-ops uidState in case package com.bootleggers.shishufied.theme.shishunights.android changed
05-12 13:51:33.348  1237  1353 D SystemServerTimingAsync: InitThreadPoolExec:Update app-ops uidState in case package com.bootleggers.shishufied.theme.pacleggers.systemui changed
05-12 13:51:33.348  1237  1305 D SystemServerTimingAsync: InitThreadPoolExec:Update app-ops uidState in case package com.bootleggers.shishufied.theme.shishuamalgamation.android changed
05-12 13:51:33.348  1237  1341 D SystemServerTimingAsync: InitThreadPoolExec:Update app-ops uidState in case package com.derp.systemui.signalbar_b changed
05-12 13:51:33.348  1237  1350 D SystemServerTimingAsync: InitThreadPoolExec:Update app-ops uidState in case package com.custom.overlay.systemui.data10 changed
05-12 13:51:33.348  1237  1341 D SystemServerTimingAsync: InitThreadPoolExec:Update app-ops uidState in case package com.custom.systemui.signalNothingDot changed
05-12 13:51:33.348  1237  1326 D SystemServerTimingAsync: InitThreadPoolExec:Update app-ops uidState in case package android.overlay.pixel changed
05-12 13:51:33.348  1237  1341 D SystemServerTimingAsync: InitThreadPoolExec:Update app-ops uidState in case package com.bootleggers.shishufied.theme.nexodus.settings changed
