05-12 13:51:36.506  1237  1271 W BroadcastQueue: Permission Denial: receiving Intent { act=android.intent.action.SERVICE_STATE flg=0x1000010 (has extras) } to ProcessRecord{be7796a 1436:com.android.systemui/u0a499} (pid=1436, uid=10499) requires android.permission.ACCESS_FINE_LOCATION due to sender android (uid 1001)
05-12 13:51:36.506  1237  1770 W ContextImpl: Calling a method in the system process without a qualified user: android.app.ContextImpl.sendBroadcastMultiplePermissions:1278 android.content.Context.sendBroadcastMultiplePermissions:2282 com.android.server.TelephonyRegistry.broadcastServiceStateChanged:3096 com.android.server.TelephonyRegistry.notifyServiceStateForPhoneId:1616 com.android.internal.telephony.ITelephonyRegistry$Stub.onTransact:492 
05-12 13:51:36.507  1237  1770 W ContextImpl: Calling a method in the system process without a qualified user: android.app.ContextImpl.sendBroadcastMultiplePermissions:1278 android.content.Context.sendBroadcastMultiplePermissions:2282 com.android.server.TelephonyRegistry.broadcastServiceStateChanged:3100 com.android.server.TelephonyRegistry.notifyServiceStateForPhoneId:1616 com.android.internal.telephony.ITelephonyRegistry$Stub.onTransact:492 
05-12 13:51:36.508  1237  1271 W BroadcastQueue: Appop Denial: receiving Intent { act=android.intent.action.SERVICE_STATE flg=0x1000010 (has extras) } to ProcessRecord{be7796a 1436:com.android.systemui/u0a499} (pid=1436, uid=10499) excludes appop android:read_phone_state due to sender android (uid 1001)
05-12 13:51:36.543  1237  1308 D CustomFaceProvider: bindFaceAuthService 0
05-12 13:51:36.543  1237  1308 D CustomFaceProvider: FaceService disabled
05-12 13:51:36.544  1237  1308 D CustomFaceProvider: bindFaceAuthService 0
05-12 13:51:36.545  1237  1308 D CustomFaceProvider: FaceService disabled
05-12 13:51:36.588  1237  1308 D SystemServerTiming: getUserSwitchability-0
05-12 13:51:36.588  1237  1308 D SystemServerTiming: TM.isInCall
05-12 13:51:36.589  1237  1308 D SystemServerTiming: hasUserRestriction-DISALLOW_USER_SWITCH
05-12 13:51:36.589  1237  1308 D SystemServerTiming: getInt-ALLOW_USER_SWITCHING_WHEN_SYSTEM_USER_LOCKED
05-12 13:51:36.589  1237  1308 D SystemServerTiming: isUserUnlocked-USER_SYSTEM
05-12 13:51:36.604  1237  1308 D CompatibilityChangeReporter: Compat change id reported: 161252188; UID 10446; state: DISABLED
05-12 13:51:36.658  1237  1838 I Telecom : PhoneAccountRegistrar: Modify account: [ComponentInfo{com.android.phone/com.android.services.telephony.TelephonyConnectionService}, E, UserHandle{0}]: TSI.rPA@AAs
05-12 13:51:36.659  1237  1838 I Telecom : CallsManager: handlePhoneAccountChanged: phoneAccount=[[X] PhoneAccount: ComponentInfo{com.android.phone/com.android.services.telephony.TelephonyConnectionService}, E, UserHandle{0} Capabilities: SuppVideo CallProvider MultiUser PlaceEmerg SimSub  Audio Routes: BESW Schemes: tel voicemail  Extras: Bundle[{android.telecom.extra.SUPPORTS_VIDEO_CALLING_FALLBACK=true}] GroupId: ***]: TSI.rPA@AAs
05-12 13:51:36.661  1237  1838 I Telecom : PhoneAccountRegistrar: getSimCallManager: SimCallManager for subId 1 queried, returning: null: TSI.rPA@AAs
05-12 13:51:36.662  1237  1838 I Telecom : PhoneAccountRegistrar: Notifying telephony of voice service override change for 1 SIMs, hasService = false: TSI.rPA@AAs
05-12 13:51:36.735  1237  1838 D CoreBackPreview: Window{644bd37 u0 SecondaryHomeHandle0}: Setting back callback OnBackInvokedCallbackInfo{mCallback=android.window.IOnBackInvokedCallback$Stub$Proxy@aaec80d, mPriority=0}
05-12 13:51:36.758  1237  1308 I Telecom : PhoneAccountRegistrar: Modify account: [ComponentInfo{com.android.phone/com.android.services.telephony.TelephonyConnectionService}, E, UserHandle{0}]: TSI.rPA@AA0
05-12 13:51:36.760  1237  1308 I Telecom : CallsManager: handlePhoneAccountChanged: phoneAccount=[[X] PhoneAccount: ComponentInfo{com.android.phone/com.android.services.telephony.TelephonyConnectionService}, E, UserHandle{0} Capabilities: SuppVideo CallProvider MultiUser PlaceEmerg SimSub  Audio Routes: BESW Schemes: tel voicemail  Extras: Bundle[{android.telecom.extra.SUPPORTS_VIDEO_CALLING_FALLBACK=true}] GroupId: ***]: TSI.rPA@AA0
05-12 13:51:36.763  1237  1308 I Telecom : PhoneAccountRegistrar: getSimCallManager: SimCallManager for subId 1 queried, returning: null: TSI.rPA@AA0
05-12 13:51:36.763  1237  1308 I Telecom : PhoneAccountRegistrar: Notifying telephony of voice service override change for 1 SIMs, hasService = false: TSI.rPA@AA0
05-12 13:51:36.830  1237  1259 I ActivityTaskManager: Config changes=80000000 {1.0 ?mcc?mnc [en_IN] ldltr sw400dp w400dp h852dp 432dpi nrml long port night finger -keyb/v/h -nav/h winConfig={ mBounds=Rect(0, 0 - 1080, 2400) mAppBounds=Rect(0, 100 - 1080, 2400) mMaxBounds=Rect(0, 0 - 1080, 2400) mDisplayRotation=ROTATION_0 mWindowingMode=fullscreen mDisplayWindowingMode=fullscreen mActivityType=undefined mAlwaysOnTop=undefined mRotation=ROTATION_0} as.2 s.15 fontWeightAdjustment=300}
05-12 13:51:36.840  1237  1259 I WindowManager: Override config changes=80000000 {1.0 ?mcc?mnc [en_IN] ldltr sw400dp w400dp h852dp 432dpi nrml long port night finger -keyb/v/h -nav/h winConfig={ mBounds=Rect(0, 0 - 1080, 2400) mAppBounds=Rect(0, 100 - 1080, 2400) mMaxBounds=Rect(0, 0 - 1080, 2400) mDisplayRotation=ROTATION_0 mWindowingMode=fullscreen mDisplayWindowingMode=fullscreen mActivityType=undefined mAlwaysOnTop=undefined mRotation=ROTATION_0} as.2 s.15 fontWeightAdjustment=300} for displayId=0
05-12 13:51:36.850  1436  1520 V WindowManagerShell: Display changed: 0
05-12 13:51:36.897  1237  1237 I Telecom : DefaultDialerCache: Refreshing default dialer for user 0: now com.google.android.dialer: DDC.oR@AA8
05-12 13:51:36.910  1237  1259 D CompatibilityChangeReporter: Compat change id reported: 135634846; UID 10515; state: DISABLED
05-12 13:51:36.910  1237  1259 D CompatibilityChangeReporter: Compat change id reported: 177438394; UID 10515; state: DISABLED
05-12 13:51:36.910  1237  1270 D AccessibilityManagerService: Ignoring non-encryption-aware service ComponentInfo{com.google.android.marvin.talkback/com.google.android.accessibility.accessibilitymenu.AccessibilityMenuService}
05-12 13:51:36.910  1237  1270 D AccessibilityManagerService: Ignoring non-encryption-aware service ComponentInfo{com.tempmail/com.tempmail.services.AutoFillAccessibilityService}
05-12 13:51:36.910  1237  1259 D CompatibilityChangeReporter: Compat change id reported: 135772972; UID 10515; state: DISABLED
05-12 13:51:36.910  1237  1259 D CompatibilityChangeReporter: Compat change id reported: 135754954; UID 10515; state: ENABLED
05-12 13:51:36.911  1237  1272 D CompatibilityChangeReporter: Compat change id reported: 143937733; UID 10515; state: ENABLED
05-12 13:51:36.912  1237  1270 W WindowMagnificationMgr: requestConnection duplicated request: connect=false, mConnectionState=DISCONNECTED
05-12 13:51:36.922  1237  1272 I ActivityManager: Start proc 2012:com.android.permissioncontroller/u0a515 for service {com.android.permissioncontroller/com.android.permissioncontroller.permission.service.PermissionControllerServiceImpl}
05-12 13:51:36.943  1237  1308 D CompatibilityChangeReporter: Compat change id reported: 168419799; UID 10515; state: DISABLED
05-12 13:51:36.943  1237  1308 D CompatibilityChangeReporter: Compat change id reported: 273564678; UID 10515; state: DISABLED
05-12 13:51:36.958  1237  1259 I ActivityTaskManager: Config changes=80000000 {1.0 ?mcc?mnc [en_IN] ldltr sw400dp w400dp h852dp 432dpi nrml long port night finger -keyb/v/h -nav/h winConfig={ mBounds=Rect(0, 0 - 1080, 2400) mAppBounds=Rect(0, 100 - 1080, 2400) mMaxBounds=Rect(0, 0 - 1080, 2400) mDisplayRotation=ROTATION_0 mWindowingMode=fullscreen mDisplayWindowingMode=fullscreen mActivityType=undefined mAlwaysOnTop=undefined mRotation=ROTATION_0} as.3 s.27 fontWeightAdjustment=300}
05-12 13:51:36.964  1237  1259 I WindowManager: Override config changes=80000000 {1.0 ?mcc?mnc [en_IN] ldltr sw400dp w400dp h852dp 432dpi nrml long port night finger -keyb/v/h -nav/h winConfig={ mBounds=Rect(0, 0 - 1080, 2400) mAppBounds=Rect(0, 100 - 1080, 2400) mMaxBounds=Rect(0, 0 - 1080, 2400) mDisplayRotation=ROTATION_0 mWindowingMode=fullscreen mDisplayWindowingMode=fullscreen mActivityType=undefined mAlwaysOnTop=undefined mRotation=ROTATION_0} as.3 s.27 fontWeightAdjustment=300} for displayId=0
05-12 13:51:36.980  1436  1520 V WindowManagerShell: Display changed: 0
05-12 13:51:36.990  1237  1237 I Telecom : DefaultDialerCache: Refreshing default dialer for user 0: now com.google.android.dialer: DDC.oR@ABA
05-12 13:51:37.004  1237  1270 D AccessibilityManagerService: Ignoring non-encryption-aware service ComponentInfo{com.google.android.marvin.talkback/com.google.android.accessibility.accessibilitymenu.AccessibilityMenuService}
05-12 13:51:37.004  1237  1270 D AccessibilityManagerService: Ignoring non-encryption-aware service ComponentInfo{com.tempmail/com.tempmail.services.AutoFillAccessibilityService}
05-12 13:51:37.005  1237  1270 W WindowMagnificationMgr: requestConnection duplicated request: connect=false, mConnectionState=DISCONNECTED
05-12 13:51:37.087  1237  1259 I ActivityTaskManager: Config changes=80000000 {1.0 ?mcc?mnc [en_IN] ldltr sw400dp w400dp h852dp 432dpi nrml long port night finger -keyb/v/h -nav/h winConfig={ mBounds=Rect(0, 0 - 1080, 2400) mAppBounds=Rect(0, 100 - 1080, 2400) mMaxBounds=Rect(0, 0 - 1080, 2400) mDisplayRotation=ROTATION_0 mWindowingMode=fullscreen mDisplayWindowingMode=fullscreen mActivityType=undefined mAlwaysOnTop=undefined mRotation=ROTATION_0} as.4 s.40 fontWeightAdjustment=300}
05-12 13:51:37.102  1237  1259 I WindowManager: Override config changes=80000000 {1.0 ?mcc?mnc [en_IN] ldltr sw400dp w400dp h852dp 432dpi nrml long port night finger -keyb/v/h -nav/h winConfig={ mBounds=Rect(0, 0 - 1080, 2400) mAppBounds=Rect(0, 100 - 1080, 2400) mMaxBounds=Rect(0, 0 - 1080, 2400) mDisplayRotation=ROTATION_0 mWindowingMode=fullscreen mDisplayWindowingMode=fullscreen mActivityType=undefined mAlwaysOnTop=undefined mRotation=ROTATION_0} as.4 s.40 fontWeightAdjustment=300} for displayId=0
05-12 13:51:37.135  1436  1520 V WindowManagerShell: Display changed: 0
05-12 13:51:37.192  1237  1270 D AccessibilityManagerService: Ignoring non-encryption-aware service ComponentInfo{com.google.android.marvin.talkback/com.google.android.accessibility.accessibilitymenu.AccessibilityMenuService}
05-12 13:51:37.192  1237  1270 D AccessibilityManagerService: Ignoring non-encryption-aware service ComponentInfo{com.tempmail/com.tempmail.services.AutoFillAccessibilityService}
05-12 13:51:37.193  1237  1270 W WindowMagnificationMgr: requestConnection duplicated request: connect=false, mConnectionState=DISCONNECTED
05-12 13:51:37.208  1237  1237 I Telecom : DefaultDialerCache: Refreshing default dialer for user 0: now com.google.android.dialer: DDC.oR@ABE
05-12 13:51:37.225  1237  1259 I ActivityTaskManager: Config changes=80000000 {1.0 ?mcc?mnc [en_IN] ldltr sw400dp w400dp h852dp 432dpi nrml long port night finger -keyb/v/h -nav/h winConfig={ mBounds=Rect(0, 0 - 1080, 2400) mAppBounds=Rect(0, 100 - 1080, 2400) mMaxBounds=Rect(0, 0 - 1080, 2400) mDisplayRotation=ROTATION_0 mWindowingMode=fullscreen mDisplayWindowingMode=fullscreen mActivityType=undefined mAlwaysOnTop=undefined mRotation=ROTATION_0} as.5 s.53 fontWeightAdjustment=300}
05-12 13:51:37.231  1237  1259 I WindowManager: Override config changes=80000000 {1.0 ?mcc?mnc [en_IN] ldltr sw400dp w400dp h852dp 432dpi nrml long port night finger -keyb/v/h -nav/h winConfig={ mBounds=Rect(0, 0 - 1080, 2400) mAppBounds=Rect(0, 100 - 1080, 2400) mMaxBounds=Rect(0, 0 - 1080, 2400) mDisplayRotation=ROTATION_0 mWindowingMode=fullscreen mDisplayWindowingMode=fullscreen mActivityType=undefined mAlwaysOnTop=undefined mRotation=ROTATION_0} as.5 s.53 fontWeightAdjustment=300} for displayId=0
05-12 13:51:37.236  1237  1770 D CompatibilityChangeReporter: Compat change id reported: 135634846; UID 10446; state: DISABLED
05-12 13:51:37.236  1237  1770 D CompatibilityChangeReporter: Compat change id reported: 177438394; UID 10446; state: DISABLED
05-12 13:51:37.236  1237  1770 D CompatibilityChangeReporter: Compat change id reported: 135772972; UID 10446; state: DISABLED
05-12 13:51:37.236  1237  1770 D CompatibilityChangeReporter: Compat change id reported: 135754954; UID 10446; state: ENABLED
05-12 13:51:37.237  1237  1272 D CompatibilityChangeReporter: Compat change id reported: 143937733; UID 10446; state: ENABLED
05-12 13:51:37.244  1436  1520 V WindowManagerShell: Display changed: 0
05-12 13:51:37.251  1237  1272 I ActivityManager: Start proc 2031:com.google.android.gms.persistent/u0a446 for broadcast {com.google.android.gms/com.google.android.gms.chimera.GmsIntentOperationService$PersistentTrustedReceiver}
05-12 13:51:37.254  1237  1271 D CompatibilityChangeReporter: Compat change id reported: 135634846; UID 10447; state: DISABLED
05-12 13:51:37.254  1237  1271 D CompatibilityChangeReporter: Compat change id reported: 177438394; UID 10447; state: DISABLED
05-12 13:51:37.254  1237  1271 D CompatibilityChangeReporter: Compat change id reported: 135772972; UID 10447; state: DISABLED
05-12 13:51:37.254  1237  1271 D CompatibilityChangeReporter: Compat change id reported: 135754954; UID 10447; state: ENABLED
05-12 13:51:37.255  1237  1272 D CompatibilityChangeReporter: Compat change id reported: 143937733; UID 10447; state: ENABLED
05-12 13:51:37.265  1237  1237 I Telecom : DefaultDialerCache: Refreshing default dialer for user 0: now com.google.android.dialer: DDC.oR@ABU
05-12 13:51:37.274  1237  1272 I ActivityManager: Start proc 2046:com.google.android.dialer/u0a447 for broadcast {com.google.android.dialer/com.android.dialer.app.calllog.LegacyVoicemailNotificationReceiver_Receiver}
05-12 13:51:37.281  1237  1770 D CompatibilityChangeReporter: Compat change id reported: 168419799; UID 10446; state: DISABLED
05-12 13:51:37.282  1237  1770 D CompatibilityChangeReporter: Compat change id reported: 273564678; UID 10446; state: DISABLED
05-12 13:51:37.292  1237  1308 D CompatibilityChangeReporter: Compat change id reported: 161145287; UID 10515; state: DISABLED
05-12 13:51:37.299  1237  1270 D AccessibilityManagerService: Ignoring non-encryption-aware service ComponentInfo{com.google.android.marvin.talkback/com.google.android.accessibility.accessibilitymenu.AccessibilityMenuService}
05-12 13:51:37.299  1237  1270 D AccessibilityManagerService: Ignoring non-encryption-aware service ComponentInfo{com.tempmail/com.tempmail.services.AutoFillAccessibilityService}
05-12 13:51:37.299  1237  1270 W WindowMagnificationMgr: requestConnection duplicated request: connect=false, mConnectionState=DISCONNECTED
05-12 13:51:37.301  1237  1308 D CompatibilityChangeReporter: Compat change id reported: 168419799; UID 10447; state: DISABLED
05-12 13:51:37.301  1237  1308 D CompatibilityChangeReporter: Compat change id reported: 273564678; UID 10447; state: DISABLED
05-12 13:51:37.406  1237  1356 D CompatibilityChangeReporter: Compat change id reported: 183164979; UID 1000; state: ENABLED
05-12 13:51:37.407  1237  1270 I StatsPullAtomService: subId 1 added into historical sub list
05-12 13:51:37.411  1237  1253 W ContextImpl: Calling a method in the system process without a qualified user: android.app.ContextImpl.sendBroadcastMultiplePermissions:1228 com.android.server.TelephonyRegistry.broadcastServiceStateChanged:3085 com.android.server.TelephonyRegistry.notifyServiceStateForPhoneId:1616 com.android.internal.telephony.ITelephonyRegistry$Stub.onTransact:492 android.os.Binder.execTransactInternal:1280 
05-12 13:51:37.412  1237  1253 W ContextImpl: Calling a method in the system process without a qualified user: android.app.ContextImpl.sendBroadcastMultiplePermissions:1278 android.content.Context.sendBroadcastMultiplePermissions:2282 com.android.server.TelephonyRegistry.broadcastServiceStateChanged:3089 com.android.server.TelephonyRegistry.notifyServiceStateForPhoneId:1616 com.android.internal.telephony.ITelephonyRegistry$Stub.onTransact:492 
05-12 13:51:37.412  1237  1271 W BroadcastQueue: Permission Denial: receiving Intent { act=android.intent.action.SERVICE_STATE flg=0x1000010 (has extras) } to ProcessRecord{be7796a 1436:com.android.systemui/u0a499} (pid=1436, uid=10499) requires android.permission.ACCESS_FINE_LOCATION due to sender android (uid 1001)
05-12 13:51:37.413  1237  1253 W ContextImpl: Calling a method in the system process without a qualified user: android.app.ContextImpl.sendBroadcastMultiplePermissions:1278 android.content.Context.sendBroadcastMultiplePermissions:2282 com.android.server.TelephonyRegistry.broadcastServiceStateChanged:3096 com.android.server.TelephonyRegistry.notifyServiceStateForPhoneId:1616 com.android.internal.telephony.ITelephonyRegistry$Stub.onTransact:492 
05-12 13:51:37.413  1237  1253 W ContextImpl: Calling a method in the system process without a qualified user: android.app.ContextImpl.sendBroadcastMultiplePermissions:1278 android.content.Context.sendBroadcastMultiplePermissions:2282 com.android.server.TelephonyRegistry.broadcastServiceStateChanged:3100 com.android.server.TelephonyRegistry.notifyServiceStateForPhoneId:1616 com.android.internal.telephony.ITelephonyRegistry$Stub.onTransact:492 
05-12 13:51:37.413  1237  1271 W BroadcastQueue: Permission Denial: receiving Intent { act=android.intent.action.SERVICE_STATE flg=0x1000010 (has extras) } to ProcessRecord{be7796a 1436:com.android.systemui/u0a499} (pid=1436, uid=10499) requires android.permission.ACCESS_FINE_LOCATION due to sender android (uid 1001)
05-12 13:51:37.415  1237  1271 W BroadcastQueue: Appop Denial: receiving Intent { act=android.intent.action.SERVICE_STATE flg=0x1000010 (has extras) } to ProcessRecord{be7796a 1436:com.android.systemui/u0a499} (pid=1436, uid=10499) excludes appop android:read_phone_state due to sender android (uid 1001)
05-12 13:51:37.433  1237  1253 W ActivityManager: Unable to start service Intent { act=android.service.smartspace.SmartspaceService cmp=com.google.android.as/com.google.android.apps.miphone.aiai.app.AiAiSmartspaceService } U=0: not found
05-12 13:51:37.433  1237  1253 W RemoteSmartspaceService: could not bind to Intent { act=android.service.smartspace.SmartspaceService cmp=com.google.android.as/com.google.android.apps.miphone.aiai.app.AiAiSmartspaceService } using flags 67112961
05-12 13:51:37.433  1237  1237 W ActivityManager: Unbind failed: could not find connection for android.app.LoadedApk$ServiceDispatcher$InnerConnection@9bebcbc
05-12 13:51:37.434  1237  1253 W ActivityManager: Unable to start service Intent { act=android.service.smartspace.SmartspaceService cmp=com.google.android.as/com.google.android.apps.miphone.aiai.app.AiAiSmartspaceService } U=0: not found
05-12 13:51:37.434  1237  1253 W RemoteSmartspaceService: could not bind to Intent { act=android.service.smartspace.SmartspaceService cmp=com.google.android.as/com.google.android.apps.miphone.aiai.app.AiAiSmartspaceService } using flags 67112961
05-12 13:51:37.434  1237  1237 W ActivityManager: Unbind failed: could not find connection for android.app.LoadedApk$ServiceDispatcher$InnerConnection@545a8cb
05-12 13:51:37.434  1237  1253 W ActivityManager: Unable to start service Intent { act=android.service.smartspace.SmartspaceService cmp=com.google.android.as/com.google.android.apps.miphone.aiai.app.AiAiSmartspaceService } U=0: not found
05-12 13:51:37.435  1237  1253 W RemoteSmartspaceService: could not bind to Intent { act=android.service.smartspace.SmartspaceService cmp=com.google.android.as/com.google.android.apps.miphone.aiai.app.AiAiSmartspaceService } using flags 67112961
05-12 13:51:37.435  1237  1237 W ActivityManager: Unbind failed: could not find connection for android.app.LoadedApk$ServiceDispatcher$InnerConnection@b6e6fc1
05-12 13:51:37.435  1237  1421 W ActivityManager: Unable to start service Intent { act=android.service.smartspace.SmartspaceService cmp=com.google.android.as/com.google.android.apps.miphone.aiai.app.AiAiSmartspaceService } U=0: not found
05-12 13:51:37.435  1237  1421 W RemoteSmartspaceService: could not bind to Intent { act=android.service.smartspace.SmartspaceService cmp=com.google.android.as/com.google.android.apps.miphone.aiai.app.AiAiSmartspaceService } using flags 67112961
05-12 13:51:37.436  1237  1237 W ActivityManager: Unbind failed: could not find connection for android.app.LoadedApk$ServiceDispatcher$InnerConnection@d8406a7
05-12 13:51:37.480  1237  1253 I Telecom : PhoneAccountRegistrar: Modify account: [ComponentInfo{com.android.phone/com.android.services.telephony.TelephonyConnectionService}, E, UserHandle{0}]: TSI.rPA@ABk
05-12 13:51:37.481  1237  1253 I Telecom : CallsManager: handlePhoneAccountChanged: phoneAccount=[[X] PhoneAccount: ComponentInfo{com.android.phone/com.android.services.telephony.TelephonyConnectionService}, E, UserHandle{0} Capabilities: SuppVideo CallProvider MultiUser PlaceEmerg SimSub  Audio Routes: BESW Schemes: tel voicemail  Extras: Bundle[{android.telecom.extra.SUPPORTS_VIDEO_CALLING_FALLBACK=true}] GroupId: ***]: TSI.rPA@ABk
05-12 13:51:37.483  1237  1253 I Telecom : PhoneAccountRegistrar: getSimCallManager: SimCallManager for subId 1 queried, returning: null: TSI.rPA@ABk
05-12 13:51:37.483  1237  1253 I Telecom : PhoneAccountRegistrar: Notifying telephony of voice service override change for 1 SIMs, hasService = false: TSI.rPA@ABk
05-12 13:51:37.551  1237  1253 I Telecom : PhoneAccountRegistrar: Modify account: [ComponentInfo{com.android.phone/com.android.services.telephony.TelephonyConnectionService}, E, UserHandle{0}]: TSI.rPA@ABw
05-12 13:51:37.552  1237  1253 I Telecom : CallsManager: handlePhoneAccountChanged: phoneAccount=[[X] PhoneAccount: ComponentInfo{com.android.phone/com.android.services.telephony.TelephonyConnectionService}, E, UserHandle{0} Capabilities: SuppVideo CallProvider MultiUser PlaceEmerg SimSub  Audio Routes: BESW Schemes: tel voicemail  Extras: Bundle[{android.telecom.extra.SUPPORTS_VIDEO_CALLING_FALLBACK=true}] GroupId: ***]: TSI.rPA@ABw
05-12 13:51:37.554  1237  1253 I Telecom : PhoneAccountRegistrar: getSimCallManager: SimCallManager for subId 1 queried, returning: null: TSI.rPA@ABw
05-12 13:51:37.555  1237  1253 I Telecom : PhoneAccountRegistrar: Notifying telephony of voice service override change for 1 SIMs, hasService = false: TSI.rPA@ABw
05-12 13:51:37.646  1237  1421 I ActivityTaskManager: Config changes=3 {1.0 405mcc52mnc [en_IN] ldltr sw400dp w400dp h852dp 432dpi nrml long port night finger -keyb/v/h -nav/h winConfig={ mBounds=Rect(0, 0 - 1080, 2400) mAppBounds=Rect(0, 100 - 1080, 2400) mMaxBounds=Rect(0, 0 - 1080, 2400) mDisplayRotation=ROTATION_0 mWindowingMode=fullscreen mDisplayWindowingMode=fullscreen mActivityType=undefined mAlwaysOnTop=undefined mRotation=ROTATION_0} as.5 s.66 fontWeightAdjustment=300}
05-12 13:51:37.658  1237  1421 I WindowManager: Override config changes=3 {1.0 405mcc52mnc [en_IN] ldltr sw400dp w400dp h852dp 432dpi nrml long port night finger -keyb/v/h -nav/h winConfig={ mBounds=Rect(0, 0 - 1080, 2400) mAppBounds=Rect(0, 100 - 1080, 2400) mMaxBounds=Rect(0, 0 - 1080, 2400) mDisplayRotation=ROTATION_0 mWindowingMode=fullscreen mDisplayWindowingMode=fullscreen mActivityType=undefined mAlwaysOnTop=undefined mRotation=ROTATION_0} as.5 s.66 fontWeightAdjustment=300} for displayId=0
05-12 13:51:37.667  1436  1520 V WindowManagerShell: Display changed: 0
05-12 13:51:37.732  1237  1253 D CompatibilityChangeReporter: Compat change id reported: 161252188; UID 10446; state: DISABLED
05-12 13:51:37.787  1237  1253 I Telecom : PhoneAccountRegistrar: New phone account registered: [[ ] PhoneAccount: ComponentInfo{com.android.phone/com.android.services.telephony.TelephonyConnectionService}, 1, UserHandle{0} Capabilities: SuppVideo CallProvider MultiUser PlaceEmerg SimSub  Audio Routes: BESW Schemes: tel voicemail  Extras: Bundle[{android.telecom.extra.SUPPORTS_VIDEO_CALLING_FALLBACK=true}] GroupId: ***]: TSI.rPA@ACA
05-12 13:51:37.789  1237  1253 I Telecom : CallsManager: Sending phone-account ComponentInfo{com.android.phone/com.android.services.telephony.TelephonyConnectionService}, 1, UserHandle{0} registered intent as user: TSI.rPA@ACA
05-12 13:51:37.789  1237  1421 D CompatibilityChangeReporter: Compat change id reported: 161145287; UID 10447; state: DISABLED
05-12 13:51:37.789  1237  1253 I Telecom : CallsManager: Sending phone-account registered intent to default dialer: TSI.rPA@ACA
05-12 13:51:37.793  1237  1253 I Telecom : PhoneAccountRegistrar: getSimCallManager: SimCallManager for subId 1 queried, returning: null: TSI.rPA@ACA
05-12 13:51:37.793  1237  1253 I Telecom : PhoneAccountRegistrar: Notifying telephony of voice service override change for 1 SIMs, hasService = false: TSI.rPA@ACA
05-12 13:51:37.795  1237  1421 W ActivityManager: Unable to start service Intent { act=com.google.android.gms.phenotype.service.START pkg=com.google.android.gms } U=0: not found
05-12 13:51:37.795  1237  1421 W ActivityManager: Unbind failed: could not find connection for android.os.BinderProxy@c94da3b
05-12 13:51:37.888  1237  1421 W ActivityManager: Unable to start service Intent { act=com.google.android.gms.phenotype.service.START pkg=com.google.android.gms } U=0: not found
05-12 13:51:37.889  1237  1421 W ActivityManager: Unbind failed: could not find connection for android.os.BinderProxy@ea5a9c
05-12 13:51:37.895  1237  1838 D CompatibilityChangeReporter: Compat change id reported: 161145287; UID 10446; state: DISABLED
05-12 13:51:37.903  1237  1838 I Telecom : CallsManager: Sending phone-account ComponentInfo{com.android.phone/com.android.services.telephony.TelephonyConnectionService}, E, UserHandle{0} unregistered intent as user: TSI.uPA@ACI
05-12 13:51:37.903  1237  1838 I Telecom : CallsManager: Sending phone-account unregistered intent to default dialer: TSI.uPA@ACI
05-12 13:51:37.997  1237  1421 W ActivityManager: Unable to start service Intent { act=com.google.android.chimera.BoundService.START dat=chimera-action: cmp=com.google.android.gms/.chimera.PersistentApiService } U=0: not found
05-12 13:51:37.998  1237  1421 W ActivityManager: Unbind failed: could not find connection for android.os.BinderProxy@2b21fb8
05-12 13:51:38.039  1237  1253 W ActivityManager: Unable to start service Intent { cmp=com.google.android.dialer/com.google.apps.tiktok.concurrent.AndroidFuturesService (has extras) } U=0: not found
05-12 13:51:38.063  1237  1253 W ActivityManager: Unable to start service Intent { act=com.google.android.gms.phenotype.service.START pkg=com.google.android.gms } U=0: not found
05-12 13:51:38.064  1237  1253 W ActivityManager: Unbind failed: could not find connection for android.os.BinderProxy@8a5ff39
05-12 13:51:38.072  1237  1838 W ActivityManager: Unable to start service Intent { cmp=com.google.android.dialer/com.google.apps.tiktok.concurrent.AndroidFuturesService (has extras) } U=0: not found
05-12 13:51:38.104  1237  1253 W ActivityManager: Unable to start service Intent { cmp=com.google.android.dialer/com.google.apps.tiktok.concurrent.AndroidFuturesService (has extras) } U=0: not found
05-12 13:51:38.125  1237  1253 I Telecom : PhoneAccountRegistrar: Modify account: [ComponentInfo{com.android.phone/com.android.services.telephony.TelephonyConnectionService}, 1, UserHandle{0}(addr: tel:********** -> tel:)(subAddr: tel:********** -> tel:)]: TSI.rPA@ACY
05-12 13:51:38.126  1237  1253 I Telecom : CallsManager: handlePhoneAccountChanged: phoneAccount=[[X] PhoneAccount: ComponentInfo{com.android.phone/com.android.services.telephony.TelephonyConnectionService}, 1, UserHandle{0} Capabilities: SuppVideo CallProvider MultiUser PlaceEmerg SimSub  Audio Routes: BESW Schemes: tel voicemail  Extras: Bundle[{android.telecom.extra.SUPPORTS_VIDEO_CALLING_FALLBACK=true}] GroupId: ***]: TSI.rPA@ACY
05-12 13:51:38.129  1237  1254 W ActivityManager: Unable to start service Intent { cmp=com.google.android.dialer/com.google.apps.tiktok.concurrent.AndroidFuturesService (has extras) } U=0: not found
05-12 13:51:38.131  1237  1253 I Telecom : PhoneAccountRegistrar: getSimCallManager: SimCallManager for subId 1 queried, returning: null: TSI.rPA@ACY
05-12 13:51:38.132  1237  1253 I Telecom : PhoneAccountRegistrar: Notifying telephony of voice service override change for 1 SIMs, hasService = false: TSI.rPA@ACY
05-12 13:51:38.145  1237  1253 W BroadcastQueue: Permission Denial: receiving Intent { act=android.intent.action.SERVICE_STATE flg=0x1000010 (has extras) } to com.android.cellbroadcastreceiver.module/com.android.cellbroadcastreceiver.CellBroadcastReceiver requires android.permission.ACCESS_FINE_LOCATION due to sender android (uid 1001)
05-12 13:51:38.147  1237  1271 D CompatibilityChangeReporter: Compat change id reported: 168419799; UID 10513; state: DISABLED
05-12 13:51:38.148  1237  1271 D CompatibilityChangeReporter: Compat change id reported: 273564678; UID 10513; state: DISABLED
05-12 13:51:38.181  2031  2031 V ActivityThread: getPackageInfo() caused update to cached ApplicationInfo for package com.google.android.gms
05-12 13:51:38.193  2031  2031 V ActivityThread: getPackageInfo() caused update to cached ApplicationInfo for package com.google.android.gms
05-12 13:51:38.201  2031  2031 V ActivityThread: getPackageInfo() caused update to cached ApplicationInfo for package com.google.android.gms
05-12 13:51:38.202  1237  1253 W ActivityManager: Unable to start service Intent { cmp=com.google.android.dialer/com.google.apps.tiktok.concurrent.AndroidFuturesService (has extras) } U=0: not found
05-12 13:51:38.204  2031  2051 W FileUtils: Failed to chmod(/data/user/0/com.google.android.gms/app_usage_reporting_db): android.system.ErrnoException: chmod failed: ENOENT (No such file or directory)
05-12 13:51:38.209  2031  2031 V ActivityThread: getPackageInfo() caused update to cached ApplicationInfo for package com.google.android.gms
05-12 13:51:38.215  1237  1254 W BroadcastQueue: Permission Denial: receiving Intent { act=android.intent.action.SERVICE_STATE flg=0x1000010 (has extras) } to com.android.cellbroadcastreceiver.module/com.android.cellbroadcastreceiver.CellBroadcastReceiver requires android.permission.ACCESS_FINE_LOCATION due to sender android (uid 1001)
05-12 13:51:38.254  1237  1253 W ActivityManager: Unable to start service Intent { cmp=com.google.android.dialer/com.google.apps.tiktok.concurrent.AndroidFuturesService (has extras) } U=0: not found
05-12 13:51:38.303  1237  1253 D CustomFaceProvider: bindFaceAuthService 0
05-12 13:51:38.304  1237  1253 D CustomFaceProvider: FaceService disabled
05-12 13:51:38.304  1237  1253 D CustomFaceProvider: bindFaceAuthService 0
05-12 13:51:38.304  1237  1253 D CustomFaceProvider: FaceService disabled
05-12 13:51:38.304  1237  1253 W ActivityManager: Unable to start service Intent { act=android.service.smartspace.SmartspaceService cmp=com.google.android.as/com.google.android.apps.miphone.aiai.app.AiAiSmartspaceService } U=0: not found
05-12 13:51:38.304  1237  1253 W RemoteSmartspaceService: could not bind to Intent { act=android.service.smartspace.SmartspaceService cmp=com.google.android.as/com.google.android.apps.miphone.aiai.app.AiAiSmartspaceService } using flags 67112961
05-12 13:51:38.305  1237  1237 W ActivityManager: Unbind failed: could not find connection for android.app.LoadedApk$ServiceDispatcher$InnerConnection@7a945fa
05-12 13:51:38.306  1237  1253 D Fingerprint21: Daemon was null, reconnecting, current operation: null
05-12 13:51:38.308  1237  1253 W Fingerprint21: NoSuchElementException
05-12 13:51:38.308  1237  1253 W Fingerprint21: java.util.NoSuchElementException
05-12 13:51:38.308  1237  1253 W Fingerprint21: 	at android.os.HwBinder.getService(Native Method)
05-12 13:51:38.308  1237  1253 W Fingerprint21: 	at android.os.HwBinder.getService(HwBinder.java:81)
05-12 13:51:38.308  1237  1253 W Fingerprint21: 	at android.hardware.biometrics.fingerprint.V2_1.IBiometricsFingerprint.getService(IBiometricsFingerprint.java:74)
05-12 13:51:38.308  1237  1253 W Fingerprint21: 	at android.hardware.biometrics.fingerprint.V2_1.IBiometricsFingerprint.getService(IBiometricsFingerprint.java:84)
05-12 13:51:38.308  1237  1253 W Fingerprint21: 	at com.android.server.biometrics.sensors.fingerprint.hidl.Fingerprint21.getDaemon(Fingerprint21.java:422)
05-12 13:51:38.308  1237  1253 W Fingerprint21: 	at com.android.server.biometrics.sensors.fingerprint.hidl.Fingerprint21.isHardwareDetected(Fingerprint21.java:775)
05-12 13:51:38.308  1237  1253 W Fingerprint21: 	at com.android.server.biometrics.sensors.fingerprint.FingerprintService$FingerprintServiceWrapper.isHardwareDetectedDeprecated(FingerprintService.java:683)
05-12 13:51:38.308  1237  1253 W Fingerprint21: 	at android.hardware.fingerprint.IFingerprintService$Stub.onTransact(IFingerprintService.java:689)
05-12 13:51:38.308  1237  1253 W Fingerprint21: 	at android.os.Binder.execTransactInternal(Binder.java:1280)
05-12 13:51:38.308  1237  1253 W Fingerprint21: 	at android.os.Binder.execTransact(Binder.java:1244)
05-12 13:51:38.308  1237  1253 W Fingerprint21: Fingerprint HAL not available
05-12 13:51:38.326  1237  1254 W ActivityManager: Unable to start service Intent { act=android.service.smartspace.SmartspaceService cmp=com.google.android.as/com.google.android.apps.miphone.aiai.app.AiAiSmartspaceService } U=0: not found
05-12 13:51:38.326  1237  1254 W RemoteSmartspaceService: could not bind to Intent { act=android.service.smartspace.SmartspaceService cmp=com.google.android.as/com.google.android.apps.miphone.aiai.app.AiAiSmartspaceService } using flags 67112961
05-12 13:51:38.326  1237  1237 W ActivityManager: Unbind failed: could not find connection for android.app.LoadedApk$ServiceDispatcher$InnerConnection@c2839a1
05-12 13:51:38.329  1237  1254 D Fingerprint21: Daemon was null, reconnecting, current operation: null
05-12 13:51:38.330  1237  1254 W Fingerprint21: NoSuchElementException
05-12 13:51:38.330  1237  1254 W Fingerprint21: java.util.NoSuchElementException
05-12 13:51:38.330  1237  1254 W Fingerprint21: 	at android.os.HwBinder.getService(Native Method)
05-12 13:51:38.330  1237  1254 W Fingerprint21: 	at android.os.HwBinder.getService(HwBinder.java:81)
05-12 13:51:38.330  1237  1254 W Fingerprint21: 	at android.hardware.biometrics.fingerprint.V2_1.IBiometricsFingerprint.getService(IBiometricsFingerprint.java:74)
05-12 13:51:38.330  1237  1254 W Fingerprint21: 	at android.hardware.biometrics.fingerprint.V2_1.IBiometricsFingerprint.getService(IBiometricsFingerprint.java:84)
05-12 13:51:38.330  1237  1254 W Fingerprint21: 	at com.android.server.biometrics.sensors.fingerprint.hidl.Fingerprint21.getDaemon(Fingerprint21.java:422)
05-12 13:51:38.330  1237  1254 W Fingerprint21: 	at com.android.server.biometrics.sensors.fingerprint.hidl.Fingerprint21.isHardwareDetected(Fingerprint21.java:775)
05-12 13:51:38.330  1237  1254 W Fingerprint21: 	at com.android.server.biometrics.sensors.fingerprint.FingerprintService$FingerprintServiceWrapper.isHardwareDetectedDeprecated(FingerprintService.java:683)
05-12 13:51:38.330  1237  1254 W Fingerprint21: 	at android.hardware.fingerprint.IFingerprintService$Stub.onTransact(IFingerprintService.java:689)
05-12 13:51:38.330  1237  1254 W Fingerprint21: 	at android.os.Binder.execTransactInternal(Binder.java:1280)
05-12 13:51:38.330  1237  1254 W Fingerprint21: 	at android.os.Binder.execTransact(Binder.java:1244)
05-12 13:51:38.330  1237  1254 W Fingerprint21: Fingerprint HAL not available
05-12 13:51:38.332  1237  1254 D Fingerprint21: Daemon was null, reconnecting, current operation: null
05-12 13:51:38.333  1237  1254 W Fingerprint21: NoSuchElementException
05-12 13:51:38.333  1237  1254 W Fingerprint21: java.util.NoSuchElementException
05-12 13:51:38.333  1237  1254 W Fingerprint21: 	at android.os.HwBinder.getService(Native Method)
05-12 13:51:38.333  1237  1254 W Fingerprint21: 	at android.os.HwBinder.getService(HwBinder.java:81)
05-12 13:51:38.333  1237  1254 W Fingerprint21: 	at android.hardware.biometrics.fingerprint.V2_1.IBiometricsFingerprint.getService(IBiometricsFingerprint.java:74)
05-12 13:51:38.333  1237  1254 W Fingerprint21: 	at android.hardware.biometrics.fingerprint.V2_1.IBiometricsFingerprint.getService(IBiometricsFingerprint.java:84)
05-12 13:51:38.333  1237  1254 W Fingerprint21: 	at com.android.server.biometrics.sensors.fingerprint.hidl.Fingerprint21.getDaemon(Fingerprint21.java:422)
05-12 13:51:38.333  1237  1254 W Fingerprint21: 	at com.android.server.biometrics.sensors.fingerprint.hidl.Fingerprint21.isHardwareDetected(Fingerprint21.java:775)
05-12 13:51:38.333  1237  1254 W Fingerprint21: 	at com.android.server.biometrics.sensors.fingerprint.FingerprintService$FingerprintServiceWrapper.isHardwareDetectedDeprecated(FingerprintService.java:683)
05-12 13:51:38.333  1237  1254 W Fingerprint21: 	at android.hardware.fingerprint.IFingerprintService$Stub.onTransact(IFingerprintService.java:689)
05-12 13:51:38.333  1237  1254 W Fingerprint21: 	at android.os.Binder.execTransactInternal(Binder.java:1280)
05-12 13:51:38.333  1237  1254 W Fingerprint21: 	at android.os.Binder.execTransact(Binder.java:1244)
05-12 13:51:38.333  1237  1254 W Fingerprint21: Fingerprint HAL not available
05-12 13:51:38.335  1237  1254 D CustomFaceProvider: bindFaceAuthService 0
05-12 13:51:38.335  1237  1254 D CustomFaceProvider: FaceService disabled
05-12 13:51:38.336  1237  1254 D Fingerprint21: Daemon was null, reconnecting, current operation: null
05-12 13:51:38.337  1237  1254 W Fingerprint21: NoSuchElementException
05-12 13:51:38.337  1237  1254 W Fingerprint21: java.util.NoSuchElementException
05-12 13:51:38.337  1237  1254 W Fingerprint21: 	at android.os.HwBinder.getService(Native Method)
05-12 13:51:38.337  1237  1254 W Fingerprint21: 	at android.os.HwBinder.getService(HwBinder.java:81)
05-12 13:51:38.337  1237  1254 W Fingerprint21: 	at android.hardware.biometrics.fingerprint.V2_1.IBiometricsFingerprint.getService(IBiometricsFingerprint.java:74)
05-12 13:51:38.337  1237  1254 W Fingerprint21: 	at android.hardware.biometrics.fingerprint.V2_1.IBiometricsFingerprint.getService(IBiometricsFingerprint.java:84)
05-12 13:51:38.337  1237  1254 W Fingerprint21: 	at com.android.server.biometrics.sensors.fingerprint.hidl.Fingerprint21.getDaemon(Fingerprint21.java:422)
05-12 13:51:38.337  1237  1254 W Fingerprint21: 	at com.android.server.biometrics.sensors.fingerprint.hidl.Fingerprint21.isHardwareDetected(Fingerprint21.java:775)
05-12 13:51:38.337  1237  1254 W Fingerprint21: 	at com.android.server.biometrics.sensors.fingerprint.FingerprintService$FingerprintServiceWrapper.isHardwareDetectedDeprecated(FingerprintService.java:683)
05-12 13:51:38.337  1237  1254 W Fingerprint21: 	at android.hardware.fingerprint.IFingerprintService$Stub.onTransact(IFingerprintService.java:689)
05-12 13:51:38.337  1237  1254 W Fingerprint21: 	at android.os.Binder.execTransactInternal(Binder.java:1280)
05-12 13:51:38.337  1237  1254 W Fingerprint21: 	at android.os.Binder.execTransact(Binder.java:1244)
05-12 13:51:38.337  1237  1254 W Fingerprint21: Fingerprint HAL not available
05-12 13:51:38.338  1237  1254 D CustomFaceProvider: bindFaceAuthService 0
05-12 13:51:38.338  1237  1254 D CustomFaceProvider: FaceService disabled
05-12 13:51:38.343  1237  1253 W ActivityManager: Unable to start service Intent { act=android.service.smartspace.SmartspaceService cmp=com.google.android.as/com.google.android.apps.miphone.aiai.app.AiAiSmartspaceService } U=0: not found
05-12 13:51:38.343  1237  1253 W RemoteSmartspaceService: could not bind to Intent { act=android.service.smartspace.SmartspaceService cmp=com.google.android.as/com.google.android.apps.miphone.aiai.app.AiAiSmartspaceService } using flags 67112961
05-12 13:51:38.343  1237  1237 W ActivityManager: Unbind failed: could not find connection for android.app.LoadedApk$ServiceDispatcher$InnerConnection@77d7bd9
05-12 13:51:38.361  1237  1308 D Fingerprint21: Daemon was null, reconnecting, current operation: null
05-12 13:51:38.362  1237  1308 W Fingerprint21: NoSuchElementException
05-12 13:51:38.362  1237  1308 W Fingerprint21: java.util.NoSuchElementException
05-12 13:51:38.362  1237  1308 W Fingerprint21: 	at android.os.HwBinder.getService(Native Method)
05-12 13:51:38.362  1237  1308 W Fingerprint21: 	at android.os.HwBinder.getService(HwBinder.java:81)
05-12 13:51:38.362  1237  1308 W Fingerprint21: 	at android.hardware.biometrics.fingerprint.V2_1.IBiometricsFingerprint.getService(IBiometricsFingerprint.java:74)
05-12 13:51:38.362  1237  1308 W Fingerprint21: 	at android.hardware.biometrics.fingerprint.V2_1.IBiometricsFingerprint.getService(IBiometricsFingerprint.java:84)
05-12 13:51:38.362  1237  1308 W Fingerprint21: 	at com.android.server.biometrics.sensors.fingerprint.hidl.Fingerprint21.getDaemon(Fingerprint21.java:422)
05-12 13:51:38.362  1237  1308 W Fingerprint21: 	at com.android.server.biometrics.sensors.fingerprint.hidl.Fingerprint21.isHardwareDetected(Fingerprint21.java:775)
05-12 13:51:38.362  1237  1308 W Fingerprint21: 	at com.android.server.biometrics.sensors.fingerprint.FingerprintService$FingerprintServiceWrapper.isHardwareDetectedDeprecated(FingerprintService.java:683)
05-12 13:51:38.362  1237  1308 W Fingerprint21: 	at android.hardware.fingerprint.IFingerprintService$Stub.onTransact(IFingerprintService.java:689)
05-12 13:51:38.362  1237  1308 W Fingerprint21: 	at android.os.Binder.execTransactInternal(Binder.java:1280)
05-12 13:51:38.362  1237  1308 W Fingerprint21: 	at android.os.Binder.execTransact(Binder.java:1244)
05-12 13:51:38.362  1237  1308 W Fingerprint21: Fingerprint HAL not available
05-12 13:51:38.367  1237  1308 D SystemServerTiming: getUserSwitchability-0
05-12 13:51:38.367  1237  1308 D SystemServerTiming: TM.isInCall
05-12 13:51:38.367  1237  1308 D SystemServerTiming: hasUserRestriction-DISALLOW_USER_SWITCH
05-12 13:51:38.367  1237  1308 D SystemServerTiming: getInt-ALLOW_USER_SWITCHING_WHEN_SYSTEM_USER_LOCKED
05-12 13:51:38.367  1237  1308 D SystemServerTiming: isUserUnlocked-USER_SYSTEM
05-12 13:51:38.406  1237  1254 I Telecom : PhoneAccountRegistrar: Modify account: [ComponentInfo{com.android.phone/com.android.services.telephony.TelephonyConnectionService}, 1, UserHandle{0}]: TSI.rPA@ADA
05-12 13:51:38.408  1237  1254 I Telecom : CallsManager: handlePhoneAccountChanged: phoneAccount=[[X] PhoneAccount: ComponentInfo{com.android.phone/com.android.services.telephony.TelephonyConnectionService}, 1, UserHandle{0} Capabilities: SuppVideo CallProvider MultiUser PlaceEmerg SimSub  Audio Routes: BESW Schemes: tel voicemail  Extras: Bundle[{android.telecom.extra.SUPPORTS_VIDEO_CALLING_FALLBACK=true}] GroupId: ***]: TSI.rPA@ADA
05-12 13:51:38.410  1237  1254 I Telecom : PhoneAccountRegistrar: getSimCallManager: SimCallManager for subId 1 queried, returning: null: TSI.rPA@ADA
05-12 13:51:38.411  1237  1254 I Telecom : PhoneAccountRegistrar: Notifying telephony of voice service override change for 1 SIMs, hasService = false: TSI.rPA@ADA
05-12 13:51:38.524  1237  1253 D OomAdjuster: Not killing cached processes
05-12 13:51:38.616  1237  1308 W ActivityManager: Unable to start service Intent { act=android.service.smartspace.SmartspaceService cmp=com.google.android.as/com.google.android.apps.miphone.aiai.app.AiAiSmartspaceService } U=0: not found
05-12 13:51:38.616  1237  1308 W RemoteSmartspaceService: could not bind to Intent { act=android.service.smartspace.SmartspaceService cmp=com.google.android.as/com.google.android.apps.miphone.aiai.app.AiAiSmartspaceService } using flags 67112961
05-12 13:51:38.616  1237  1237 W ActivityManager: Unbind failed: could not find connection for android.app.LoadedApk$ServiceDispatcher$InnerConnection@96b822
05-12 13:51:38.617  1237  1308 W ActivityManager: Unable to start service Intent { act=android.service.smartspace.SmartspaceService cmp=com.google.android.as/com.google.android.apps.miphone.aiai.app.AiAiSmartspaceService } U=0: not found
05-12 13:51:38.617  1237  1308 W RemoteSmartspaceService: could not bind to Intent { act=android.service.smartspace.SmartspaceService cmp=com.google.android.as/com.google.android.apps.miphone.aiai.app.AiAiSmartspaceService } using flags 67112961
05-12 13:51:38.617  1237  1237 W ActivityManager: Unbind failed: could not find connection for android.app.LoadedApk$ServiceDispatcher$InnerConnection@5f61070
05-12 13:51:38.618  1237  1253 W ActivityManager: Unable to start service Intent { act=android.service.smartspace.SmartspaceService cmp=com.google.android.as/com.google.android.apps.miphone.aiai.app.AiAiSmartspaceService } U=0: not found
05-12 13:51:38.618  1237  1253 W RemoteSmartspaceService: could not bind to Intent { act=android.service.smartspace.SmartspaceService cmp=com.google.android.as/com.google.android.apps.miphone.aiai.app.AiAiSmartspaceService } using flags 67112961
05-12 13:51:38.619  1237  1237 W ActivityManager: Unbind failed: could not find connection for android.app.LoadedApk$ServiceDispatcher$InnerConnection@28c346e
05-12 13:51:38.660  1237  1253 I Telecom : PhoneAccountRegistrar: Modify account: [ComponentInfo{com.android.phone/com.android.services.telephony.TelephonyConnectionService}, 1, UserHandle{0}]: TSI.rPA@ADM
05-12 13:51:38.661  1237  1253 I Telecom : CallsManager: handlePhoneAccountChanged: phoneAccount=[[X] PhoneAccount: ComponentInfo{com.android.phone/com.android.services.telephony.TelephonyConnectionService}, 1, UserHandle{0} Capabilities: SuppVideo CallProvider MultiUser PlaceEmerg SimSub  Audio Routes: BESW Schemes: tel voicemail  Extras: Bundle[{android.telecom.extra.SUPPORTS_VIDEO_CALLING_FALLBACK=true}] GroupId: ***]: TSI.rPA@ADM
05-12 13:51:38.664  1237  1253 I Telecom : PhoneAccountRegistrar: getSimCallManager: SimCallManager for subId 1 queried, returning: null: TSI.rPA@ADM
05-12 13:51:38.664  1237  1253 I Telecom : PhoneAccountRegistrar: Notifying telephony of voice service override change for 1 SIMs, hasService = false: TSI.rPA@ADM
05-12 13:51:38.718  1237  1254 W ActivityManager: Unable to start service Intent { act=android.service.smartspace.SmartspaceService cmp=com.google.android.as/com.google.android.apps.miphone.aiai.app.AiAiSmartspaceService } U=0: not found
05-12 13:51:38.718  1237  1254 W RemoteSmartspaceService: could not bind to Intent { act=android.service.smartspace.SmartspaceService cmp=com.google.android.as/com.google.android.apps.miphone.aiai.app.AiAiSmartspaceService } using flags 67112961
05-12 13:51:38.719  1237  1237 W ActivityManager: Unbind failed: could not find connection for android.app.LoadedApk$ServiceDispatcher$InnerConnection@b770559
05-12 13:51:38.719  1237  1254 W ActivityManager: Unable to start service Intent { act=android.service.smartspace.SmartspaceService cmp=com.google.android.as/com.google.android.apps.miphone.aiai.app.AiAiSmartspaceService } U=0: not found
05-12 13:51:38.719  1237  1254 W RemoteSmartspaceService: could not bind to Intent { act=android.service.smartspace.SmartspaceService cmp=com.google.android.as/com.google.android.apps.miphone.aiai.app.AiAiSmartspaceService } using flags 67112961
05-12 13:51:38.719  1237  1237 W ActivityManager: Unbind failed: could not find connection for android.app.LoadedApk$ServiceDispatcher$InnerConnection@3099e15
05-12 13:51:38.720  1237  1254 W ActivityManager: Unable to start service Intent { act=android.service.smartspace.SmartspaceService cmp=com.google.android.as/com.google.android.apps.miphone.aiai.app.AiAiSmartspaceService } U=0: not found
05-12 13:51:38.720  1237  1254 W RemoteSmartspaceService: could not bind to Intent { act=android.service.smartspace.SmartspaceService cmp=com.google.android.as/com.google.android.apps.miphone.aiai.app.AiAiSmartspaceService } using flags 67112961
05-12 13:51:38.720  1237  1237 W ActivityManager: Unbind failed: could not find connection for android.app.LoadedApk$ServiceDispatcher$InnerConnection@f308f1b
05-12 13:51:38.721  1237  1253 W ActivityManager: Unable to start service Intent { act=android.service.smartspace.SmartspaceService cmp=com.google.android.as/com.google.android.apps.miphone.aiai.app.AiAiSmartspaceService } U=0: not found
05-12 13:51:38.721  1237  1253 W RemoteSmartspaceService: could not bind to Intent { act=android.service.smartspace.SmartspaceService cmp=com.google.android.as/com.google.android.apps.miphone.aiai.app.AiAiSmartspaceService } using flags 67112961
05-12 13:51:38.721  1237  1237 W ActivityManager: Unbind failed: could not find connection for android.app.LoadedApk$ServiceDispatcher$InnerConnection@43f01f7
05-12 13:51:38.722  1237  1253 W ActivityManager: Unable to start service Intent { act=android.service.smartspace.SmartspaceService cmp=com.google.android.as/com.google.android.apps.miphone.aiai.app.AiAiSmartspaceService } U=0: not found
05-12 13:51:38.722  1237  1253 W RemoteSmartspaceService: could not bind to Intent { act=android.service.smartspace.SmartspaceService cmp=com.google.android.as/com.google.android.apps.miphone.aiai.app.AiAiSmartspaceService } using flags 67112961
05-12 13:51:38.722  1237  1237 W ActivityManager: Unbind failed: could not find connection for android.app.LoadedApk$ServiceDispatcher$InnerConnection@e57c693
05-12 13:51:38.723  1237  1253 W ActivityManager: Unable to start service Intent { act=android.service.smartspace.SmartspaceService cmp=com.google.android.as/com.google.android.apps.miphone.aiai.app.AiAiSmartspaceService } U=0: not found
05-12 13:51:38.723  1237  1253 W RemoteSmartspaceService: could not bind to Intent { act=android.service.smartspace.SmartspaceService cmp=com.google.android.as/com.google.android.apps.miphone.aiai.app.AiAiSmartspaceService } using flags 67112961
05-12 13:51:38.723  1237  1237 W ActivityManager: Unbind failed: could not find connection for android.app.LoadedApk$ServiceDispatcher$InnerConnection@256f6c9
