05-12 13:51:33.560  1237  1324 E NativeTombstoneManager: Tombstone's UID (1046) not an app, ignoring
05-12 13:51:33.562  1237  1324 E NativeTombstoneManager: Tombstone's UID (1046) not an app, ignoring
05-12 13:51:33.564  1237  1324 E NativeTombstoneManager: Tombstone's UID (1000) not an app, ignoring
05-12 13:51:33.564  1237  1324 E NativeTombstoneManager: Tombstone's UID (1046) not an app, ignoring
05-12 13:51:33.564  1237  1324 E NativeTombstoneManager: Tombstone's UID (50461) not an app, ignoring
05-12 13:51:33.565  1237  1324 E NativeTombstoneManager: Tombstone's UID (1046) not an app, ignoring
05-12 13:51:33.570  1237  1324 E NativeTombstoneManager: Tombstone's UID (1046) not an app, ignoring
05-12 13:51:33.571  1237  1324 E NativeTombstoneManager: Tombstone's UID (1046) not an app, ignoring
05-12 13:51:33.579  1237  1324 E NativeTombstoneManager: Tombstone's UID (1046) not an app, ignoring
05-12 13:51:33.579  1237  1324 E NativeTombstoneManager: Tombstone's UID (1046) not an app, ignoring
05-12 13:51:33.582  1237  1324 E NativeTombstoneManager: Tombstone's UID (1001) not an app, ignoring
05-12 13:51:33.582  1237  1324 E NativeTombstoneManager: Tombstone's UID (1046) not an app, ignoring
05-12 13:51:33.582  1237  1324 E NativeTombstoneManager: Tombstone's UID (1046) not an app, ignoring
05-12 13:51:33.586  1237  1324 E NativeTombstoneManager: Tombstone's UID (1000) not an app, ignoring
05-12 13:51:33.593  1237  1324 E NativeTombstoneManager: Tombstone's UID (1046) not an app, ignoring
05-12 13:51:33.593  1237  1324 E NativeTombstoneManager: Tombstone's UID (1046) not an app, ignoring
05-12 13:51:33.593  1237  1324 E NativeTombstoneManager: Tombstone's UID (50461) not an app, ignoring
05-12 13:51:33.596  1237  1324 E NativeTombstoneManager: Tombstone's UID (50461) not an app, ignoring
05-12 13:51:33.600  1237  1324 E NativeTombstoneManager: Tombstone's UID (1046) not an app, ignoring
05-12 13:51:33.600  1237  1324 E NativeTombstoneManager: Tombstone's UID (1046) not an app, ignoring
05-12 13:51:33.602  1237  1324 E NativeTombstoneManager: Tombstone's UID (1046) not an app, ignoring
05-12 13:51:33.602  1237  1324 E NativeTombstoneManager: Tombstone's UID (1000) not an app, ignoring
05-12 13:51:33.602  1237  1324 E NativeTombstoneManager: Tombstone's UID (1046) not an app, ignoring
05-12 13:51:33.608  1237  1324 E NativeTombstoneManager: Tombstone's UID (1046) not an app, ignoring
05-12 13:51:33.610  1237  1324 E NativeTombstoneManager: Tombstone's UID (1046) not an app, ignoring
05-12 13:51:33.610  1237  1324 E NativeTombstoneManager: Tombstone's UID (1046) not an app, ignoring
05-12 13:51:33.610  1237  1324 E NativeTombstoneManager: Tombstone's UID (1001) not an app, ignoring
05-12 13:51:33.611  1237  1324 E NativeTombstoneManager: Tombstone's UID (1046) not an app, ignoring
05-12 13:51:33.614  1237  1324 E NativeTombstoneManager: Tombstone's UID (1046) not an app, ignoring
05-12 13:51:33.615  1237  1324 E NativeTombstoneManager: Tombstone's UID (1046) not an app, ignoring
05-12 13:51:33.624  1237  1324 E NativeTombstoneManager: Tombstone's UID (1046) not an app, ignoring
05-12 13:51:33.630  1237  1259 I UsbPortManager: USB HAL HIDL version: 11
05-12 13:51:33.631  1237  1324 E NativeTombstoneManager: Tombstone's UID (1046) not an app, ignoring
05-12 13:51:33.631  1237  1324 E NativeTombstoneManager: Tombstone's UID (1046) not an app, ignoring
05-12 13:51:33.632  1237  1324 E NativeTombstoneManager: Tombstone's UID (1046) not an app, ignoring
05-12 13:51:33.634  1237  1324 E NativeTombstoneManager: Tombstone's UID (1046) not an app, ignoring
05-12 13:51:33.635  1237  1324 E NativeTombstoneManager: Tombstone's UID (1001) not an app, ignoring
05-12 13:51:33.636  1237  1324 E NativeTombstoneManager: Tombstone's UID (1046) not an app, ignoring
05-12 13:51:33.640  1237  1324 E NativeTombstoneManager: Tombstone's UID (1046) not an app, ignoring
05-12 13:51:33.640  1237  1324 E NativeTombstoneManager: Tombstone's UID (1000) not an app, ignoring
05-12 13:51:33.640  1237  1324 E NativeTombstoneManager: Tombstone's UID (1046) not an app, ignoring
05-12 13:51:33.647  1237  1324 E NativeTombstoneManager: Tombstone's UID (1046) not an app, ignoring
05-12 13:51:33.647  1237  1324 E NativeTombstoneManager: Tombstone's UID (1046) not an app, ignoring
05-12 13:51:33.649  1237  1324 E NativeTombstoneManager: Tombstone's UID (1046) not an app, ignoring
05-12 13:51:33.650  1237  1324 E NativeTombstoneManager: Tombstone's UID (1046) not an app, ignoring
05-12 13:51:33.650  1237  1324 E NativeTombstoneManager: Tombstone's UID (1046) not an app, ignoring
05-12 13:51:33.651  1237  1324 E NativeTombstoneManager: Tombstone's UID (1046) not an app, ignoring
05-12 13:51:33.652  1237  1324 E NativeTombstoneManager: Tombstone's UID (50461) not an app, ignoring
05-12 13:51:33.652  1237  1324 E NativeTombstoneManager: Tombstone's UID (50461) not an app, ignoring
05-12 13:51:33.652  1237  1324 E NativeTombstoneManager: Tombstone's UID (1001) not an app, ignoring
05-12 13:51:33.652  1237  1324 E NativeTombstoneManager: Tombstone's UID (1001) not an app, ignoring
05-12 13:51:33.653  1237  1324 E NativeTombstoneManager: Tombstone's UID (1046) not an app, ignoring
05-12 13:51:33.653  1237  1324 E NativeTombstoneManager: Tombstone's UID (1000) not an app, ignoring
05-12 13:51:33.653  1237  1324 E NativeTombstoneManager: Tombstone's UID (1046) not an app, ignoring
05-12 13:51:33.653  1237  1324 E NativeTombstoneManager: Tombstone's UID (1046) not an app, ignoring
05-12 13:51:33.654  1237  1324 E NativeTombstoneManager: Tombstone's UID (50461) not an app, ignoring
05-12 13:51:33.654  1237  1324 E NativeTombstoneManager: Tombstone's UID (50461) not an app, ignoring
05-12 13:51:33.654  1237  1324 E NativeTombstoneManager: Tombstone's UID (1046) not an app, ignoring
05-12 13:51:33.655  1237  1324 E NativeTombstoneManager: Tombstone's UID (1046) not an app, ignoring
05-12 13:51:33.655  1237  1324 E NativeTombstoneManager: Tombstone's UID (1046) not an app, ignoring
05-12 13:51:33.655  1237  1324 E NativeTombstoneManager: Tombstone's UID (1000) not an app, ignoring
05-12 13:51:33.662  1237  1237 W SystemServiceManager: Service com.android.server.content.ContentService$Lifecycle took 260 ms in onBootPhase
05-12 13:51:33.662  1237  1237 D SystemServerTiming: OnBootPhase_550_com.android.server.DropBoxManagerService
05-12 13:51:33.662  1237  1237 D SystemServerTiming: OnBootPhase_550_com.android.role.RoleService
05-12 13:51:33.663  1237  1237 D SystemServerTiming: OnBootPhase_550_com.android.server.vibrator.VibratorManagerService$Lifecycle
05-12 13:51:33.663  1237  1237 D SystemServerTiming: OnBootPhase_550_com.android.server.tare.InternalResourceService
05-12 13:51:33.663  1237  1237 D SystemServerTiming: OnBootPhase_550_com.android.server.alarm.AlarmManagerService
05-12 13:51:33.663  1237  1237 D SystemServerTiming: OnBootPhase_550_com.android.server.devicestate.DeviceStateManagerService
05-12 13:51:33.663  1237  1237 D SystemServerTiming: OnBootPhase_550_com.android.server.camera.CameraServiceProxy
05-12 13:51:33.663  1237  1237 D SystemServerTiming: OnBootPhase_550_com.android.server.bluetooth.BluetoothService
05-12 13:51:33.663  1237  1237 D SystemServerTiming: OnBootPhase_550_com.android.server.connectivity.IpConnectivityMetrics
05-12 13:51:33.663  1237  1237 D SystemServerTiming: OnBootPhase_550_com.android.server.net.watchlist.NetworkWatchlistService$Lifecycle
05-12 13:51:33.664  1237  1237 D SystemServerTiming: OnBootPhase_550_com.android.server.PinnerService
05-12 13:51:33.664  1237  1237 D SystemServerTiming: OnBootPhase_550_com.android.server.integrity.AppIntegrityManagerService
05-12 13:51:33.664  1237  1237 D SystemServerTiming: OnBootPhase_550_com.android.server.logcat.LogcatManagerService
05-12 13:51:33.664  1237  1237 D SystemServerTiming: OnBootPhase_550_com.android.server.derp.LineageGlobalActionsService
05-12 13:51:33.664  1237  1237 D SystemServerTiming: OnBootPhase_550_com.android.server.inputmethod.InputMethodManagerService$Lifecycle
05-12 13:51:33.666  1237  1325 D SystemServerTimingAsync: InitThreadPoolExec:Lazily initialize IMMS#mImeDrawsImeNavBarRes
05-12 13:51:33.735  1237  1237 W InputMethodUtils: getApplicationInfo failed. packageName=com.google.android.apps.inputmethod.hindi userId=0
05-12 13:51:33.735  1237  1237 W InputMethodUtils: android.content.pm.PackageManager$NameNotFoundException: com.google.android.apps.inputmethod.hindi
05-12 13:51:33.735  1237  1237 W InputMethodUtils: 	at android.app.ApplicationPackageManager.getApplicationInfoAsUser(ApplicationPackageManager.java:504)
05-12 13:51:33.735  1237  1237 W InputMethodUtils: 	at android.app.ApplicationPackageManager.getApplicationInfo(ApplicationPackageManager.java:487)
05-12 13:51:33.735  1237  1237 W InputMethodUtils: 	at com.android.server.inputmethod.InputMethodUtils.setNonSelectedSystemImesDisabledUntilUsed(InputMethodUtils.java:706)
05-12 13:51:33.735  1237  1237 W InputMethodUtils: 	at com.android.server.inputmethod.InputMethodManagerService.systemRunning(InputMethodManagerService.java:2075)
05-12 13:51:33.735  1237  1237 W InputMethodUtils: 	at com.android.server.inputmethod.InputMethodManagerService$Lifecycle.onBootPhase(InputMethodManagerService.java:1716)
05-12 13:51:33.735  1237  1237 W InputMethodUtils: 	at com.android.server.SystemServiceManager.startBootPhase(SystemServiceManager.java:294)
05-12 13:51:33.735  1237  1237 W InputMethodUtils: 	at com.android.server.SystemServer.lambda$startOtherServices$5(SystemServer.java:2874)
05-12 13:51:33.735  1237  1237 W InputMethodUtils: 	at com.android.server.SystemServer.$r8$lambda$cHpru_0zTEigJU4rvGBr8u7hU4w(Unknown Source:0)
05-12 13:51:33.735  1237  1237 W InputMethodUtils: 	at com.android.server.SystemServer$$ExternalSyntheticLambda5.run(Unknown Source:28)
05-12 13:51:33.735  1237  1237 W InputMethodUtils: 	at com.android.server.am.ActivityManagerService.systemReady(ActivityManagerService.java:8300)
05-12 13:51:33.735  1237  1237 W InputMethodUtils: 	at com.android.server.SystemServer.startOtherServices(SystemServer.java:2871)
05-12 13:51:33.735  1237  1237 W InputMethodUtils: 	at com.android.server.SystemServer.run(SystemServer.java:961)
05-12 13:51:33.735  1237  1237 W InputMethodUtils: 	at com.android.server.SystemServer.main(SystemServer.java:667)
05-12 13:51:33.735  1237  1237 W InputMethodUtils: 	at java.lang.reflect.Method.invoke(Native Method)
05-12 13:51:33.735  1237  1237 W InputMethodUtils: 	at com.android.internal.os.RuntimeInit$MethodAndArgsCaller.run(RuntimeInit.java:548)
05-12 13:51:33.735  1237  1237 W InputMethodUtils: 	at com.android.internal.os.ZygoteInit.main(ZygoteInit.java:920)
05-12 13:51:33.735  1237  1237 W InputMethodUtils: getApplicationInfo failed. packageName=com.google.android.inputmethod.japanese userId=0
05-12 13:51:33.735  1237  1237 W InputMethodUtils: android.content.pm.PackageManager$NameNotFoundException: com.google.android.inputmethod.japanese
05-12 13:51:33.735  1237  1237 W InputMethodUtils: 	at android.app.ApplicationPackageManager.getApplicationInfoAsUser(ApplicationPackageManager.java:504)
05-12 13:51:33.735  1237  1237 W InputMethodUtils: 	at android.app.ApplicationPackageManager.getApplicationInfo(ApplicationPackageManager.java:487)
05-12 13:51:33.735  1237  1237 W InputMethodUtils: 	at com.android.server.inputmethod.InputMethodUtils.setNonSelectedSystemImesDisabledUntilUsed(InputMethodUtils.java:706)
05-12 13:51:33.735  1237  1237 W InputMethodUtils: 	at com.android.server.inputmethod.InputMethodManagerService.systemRunning(InputMethodManagerService.java:2075)
05-12 13:51:33.735  1237  1237 W InputMethodUtils: 	at com.android.server.inputmethod.InputMethodManagerService$Lifecycle.onBootPhase(InputMethodManagerService.java:1716)
05-12 13:51:33.735  1237  1237 W InputMethodUtils: 	at com.android.server.SystemServiceManager.startBootPhase(SystemServiceManager.java:294)
05-12 13:51:33.735  1237  1237 W InputMethodUtils: 	at com.android.server.SystemServer.lambda$startOtherServices$5(SystemServer.java:2874)
05-12 13:51:33.735  1237  1237 W InputMethodUtils: 	at com.android.server.SystemServer.$r8$lambda$cHpru_0zTEigJU4rvGBr8u7hU4w(Unknown Source:0)
05-12 13:51:33.735  1237  1237 W InputMethodUtils: 	at com.android.server.SystemServer$$ExternalSyntheticLambda5.run(Unknown Source:28)
05-12 13:51:33.735  1237  1237 W InputMethodUtils: 	at com.android.server.am.ActivityManagerService.systemReady(ActivityManagerService.java:8300)
05-12 13:51:33.735  1237  1237 W InputMethodUtils: 	at com.android.server.SystemServer.startOtherServices(SystemServer.java:2871)
05-12 13:51:33.735  1237  1237 W InputMethodUtils: 	at com.android.server.SystemServer.run(SystemServer.java:961)
05-12 13:51:33.735  1237  1237 W InputMethodUtils: 	at com.android.server.SystemServer.main(SystemServer.java:667)
05-12 13:51:33.735  1237  1237 W InputMethodUtils: 	at java.lang.reflect.Method.invoke(Native Method)
05-12 13:51:33.735  1237  1237 W InputMethodUtils: 	at com.android.internal.os.RuntimeInit$MethodAndArgsCaller.run(RuntimeInit.java:548)
05-12 13:51:33.735  1237  1237 W InputMethodUtils: 	at com.android.internal.os.ZygoteInit.main(ZygoteInit.java:920)
05-12 13:51:33.735  1237  1237 W InputMethodUtils: getApplicationInfo failed. packageName=com.google.android.inputmethod.korean userId=0
05-12 13:51:33.735  1237  1237 W InputMethodUtils: android.content.pm.PackageManager$NameNotFoundException: com.google.android.inputmethod.korean
05-12 13:51:33.735  1237  1237 W InputMethodUtils: 	at android.app.ApplicationPackageManager.getApplicationInfoAsUser(ApplicationPackageManager.java:504)
05-12 13:51:33.735  1237  1237 W InputMethodUtils: 	at android.app.ApplicationPackageManager.getApplicationInfo(ApplicationPackageManager.java:487)
05-12 13:51:33.735  1237  1237 W InputMethodUtils: 	at com.android.server.inputmethod.InputMethodUtils.setNonSelectedSystemImesDisabledUntilUsed(InputMethodUtils.java:706)
05-12 13:51:33.735  1237  1237 W InputMethodUtils: 	at com.android.server.inputmethod.InputMethodManagerService.systemRunning(InputMethodManagerService.java:2075)
05-12 13:51:33.735  1237  1237 W InputMethodUtils: 	at com.android.server.inputmethod.InputMethodManagerService$Lifecycle.onBootPhase(InputMethodManagerService.java:1716)
05-12 13:51:33.735  1237  1237 W InputMethodUtils: 	at com.android.server.SystemServiceManager.startBootPhase(SystemServiceManager.java:294)
05-12 13:51:33.735  1237  1237 W InputMethodUtils: 	at com.android.server.SystemServer.lambda$startOtherServices$5(SystemServer.java:2874)
05-12 13:51:33.735  1237  1237 W InputMethodUtils: 	at com.android.server.SystemServer.$r8$lambda$cHpru_0zTEigJU4rvGBr8u7hU4w(Unknown Source:0)
05-12 13:51:33.735  1237  1237 W InputMethodUtils: 	at com.android.server.SystemServer$$ExternalSyntheticLambda5.run(Unknown Source:28)
05-12 13:51:33.735  1237  1237 W InputMethodUtils: 	at com.android.server.am.ActivityManagerService.systemReady(ActivityManagerService.java:8300)
05-12 13:51:33.735  1237  1237 W InputMethodUtils: 	at com.android.server.SystemServer.startOtherServices(SystemServer.java:2871)
05-12 13:51:33.735  1237  1237 W InputMethodUtils: 	at com.android.server.SystemServer.run(SystemServer.java:961)
05-12 13:51:33.735  1237  1237 W InputMethodUtils: 	at com.android.server.SystemServer.main(SystemServer.java:667)
05-12 13:51:33.735  1237  1237 W InputMethodUtils: 	at java.lang.reflect.Method.invoke(Native Method)
05-12 13:51:33.735  1237  1237 W InputMethodUtils: 	at com.android.internal.os.RuntimeInit$MethodAndArgsCaller.run(RuntimeInit.java:548)
05-12 13:51:33.735  1237  1237 W InputMethodUtils: 	at com.android.internal.os.ZygoteInit.main(ZygoteInit.java:920)
05-12 13:51:33.735  1237  1237 W InputMethodUtils: getApplicationInfo failed. packageName=com.google.android.inputmethod.pinyin userId=0
05-12 13:51:33.735  1237  1237 W InputMethodUtils: android.content.pm.PackageManager$NameNotFoundException: com.google.android.inputmethod.pinyin
05-12 13:51:33.735  1237  1237 W InputMethodUtils: 	at android.app.ApplicationPackageManager.getApplicationInfoAsUser(ApplicationPackageManager.java:504)
05-12 13:51:33.735  1237  1237 W InputMethodUtils: 	at android.app.ApplicationPackageManager.getApplicationInfo(ApplicationPackageManager.java:487)
05-12 13:51:33.735  1237  1237 W InputMethodUtils: 	at com.android.server.inputmethod.InputMethodUtils.setNonSelectedSystemImesDisabledUntilUsed(InputMethodUtils.java:706)
05-12 13:51:33.735  1237  1237 W InputMethodUtils: 	at com.android.server.inputmethod.InputMethodManagerService.systemRunning(InputMethodManagerService.java:2075)
05-12 13:51:33.735  1237  1237 W InputMethodUtils: 	at com.android.server.inputmethod.InputMethodManagerService$Lifecycle.onBootPhase(InputMethodManagerService.java:1716)
05-12 13:51:33.735  1237  1237 W InputMethodUtils: 	at com.android.server.SystemServiceManager.startBootPhase(SystemServiceManager.java:294)
05-12 13:51:33.735  1237  1237 W InputMethodUtils: 	at com.android.server.SystemServer.lambda$startOtherServices$5(SystemServer.java:2874)
05-12 13:51:33.735  1237  1237 W InputMethodUtils: 	at com.android.server.SystemServer.$r8$lambda$cHpru_0zTEigJU4rvGBr8u7hU4w(Unknown Source:0)
05-12 13:51:33.735  1237  1237 W InputMethodUtils: 	at com.android.server.SystemServer$$ExternalSyntheticLambda5.run(Unknown Source:28)
05-12 13:51:33.735  1237  1237 W InputMethodUtils: 	at com.android.server.am.ActivityManagerService.systemReady(ActivityManagerService.java:8300)
05-12 13:51:33.735  1237  1237 W InputMethodUtils: 	at com.android.server.SystemServer.startOtherServices(SystemServer.java:2871)
05-12 13:51:33.735  1237  1237 W InputMethodUtils: 	at com.android.server.SystemServer.run(SystemServer.java:961)
05-12 13:51:33.735  1237  1237 W InputMethodUtils: 	at com.android.server.SystemServer.main(SystemServer.java:667)
05-12 13:51:33.735  1237  1237 W InputMethodUtils: 	at java.lang.reflect.Method.invoke(Native Method)
05-12 13:51:33.735  1237  1237 W InputMethodUtils: 	at com.android.internal.os.RuntimeInit$MethodAndArgsCaller.run(RuntimeInit.java:548)
05-12 13:51:33.735  1237  1237 W InputMethodUtils: 	at com.android.internal.os.ZygoteInit.main(ZygoteInit.java:920)
05-12 13:51:33.735  1237  1237 W InputMethodUtils: getApplicationInfo failed. packageName=jp.co.omronsoft.iwnnime.ml userId=0
05-12 13:51:33.735  1237  1237 W InputMethodUtils: android.content.pm.PackageManager$NameNotFoundException: jp.co.omronsoft.iwnnime.ml
05-12 13:51:33.735  1237  1237 W InputMethodUtils: 	at android.app.ApplicationPackageManager.getApplicationInfoAsUser(ApplicationPackageManager.java:504)
05-12 13:51:33.735  1237  1237 W InputMethodUtils: 	at android.app.ApplicationPackageManager.getApplicationInfo(ApplicationPackageManager.java:487)
05-12 13:51:33.735  1237  1237 W InputMethodUtils: 	at com.android.server.inputmethod.InputMethodUtils.setNonSelectedSystemImesDisabledUntilUsed(InputMethodUtils.java:706)
05-12 13:51:33.735  1237  1237 W InputMethodUtils: 	at com.android.server.inputmethod.InputMethodManagerService.systemRunning(InputMethodManagerService.java:2075)
05-12 13:51:33.735  1237  1237 W InputMethodUtils: 	at com.android.server.inputmethod.InputMethodManagerService$Lifecycle.onBootPhase(InputMethodManagerService.java:1716)
05-12 13:51:33.735  1237  1237 W InputMethodUtils: 	at com.android.server.SystemServiceManager.startBootPhase(SystemServiceManager.java:294)
05-12 13:51:33.735  1237  1237 W InputMethodUtils: 	at com.android.server.SystemServer.lambda$startOtherServices$5(SystemServer.java:2874)
05-12 13:51:33.735  1237  1237 W InputMethodUtils: 	at com.android.server.SystemServer.$r8$lambda$cHpru_0zTEigJU4rvGBr8u7hU4w(Unknown Source:0)
05-12 13:51:33.735  1237  1237 W InputMethodUtils: 	at com.android.server.SystemServer$$ExternalSyntheticLambda5.run(Unknown Source:28)
05-12 13:51:33.735  1237  1237 W InputMethodUtils: 	at com.android.server.am.ActivityManagerService.systemReady(ActivityManagerService.java:8300)
05-12 13:51:33.735  1237  1237 W InputMethodUtils: 	at com.android.server.SystemServer.startOtherServices(SystemServer.java:2871)
05-12 13:51:33.735  1237  1237 W InputMethodUtils: 	at com.android.server.SystemServer.run(SystemServer.java:961)
05-12 13:51:33.735  1237  1237 W InputMethodUtils: 	at com.android.server.SystemServer.main(SystemServer.java:667)
05-12 13:51:33.735  1237  1237 W InputMethodUtils: 	at java.lang.reflect.Method.invoke(Native Method)
05-12 13:51:33.735  1237  1237 W InputMethodUtils: 	at com.android.internal.os.RuntimeInit$MethodAndArgsCaller.run(RuntimeInit.java:548)
05-12 13:51:33.735  1237  1237 W InputMethodUtils: 	at com.android.internal.os.ZygoteInit.main(ZygoteInit.java:920)
05-12 13:51:33.736  1237  1237 W InputMethodUtils: getApplicationInfo failed. packageName=com.nuance.xt9.input userId=0
05-12 13:51:33.736  1237  1237 W InputMethodUtils: android.content.pm.PackageManager$NameNotFoundException: com.nuance.xt9.input
05-12 13:51:33.736  1237  1237 W InputMethodUtils: 	at android.app.ApplicationPackageManager.getApplicationInfoAsUser(ApplicationPackageManager.java:504)
05-12 13:51:33.736  1237  1237 W InputMethodUtils: 	at android.app.ApplicationPackageManager.getApplicationInfo(ApplicationPackageManager.java:487)
05-12 13:51:33.736  1237  1237 W InputMethodUtils: 	at com.android.server.inputmethod.InputMethodUtils.setNonSelectedSystemImesDisabledUntilUsed(InputMethodUtils.java:706)
05-12 13:51:33.736  1237  1237 W InputMethodUtils: 	at com.android.server.inputmethod.InputMethodManagerService.systemRunning(InputMethodManagerService.java:2075)
05-12 13:51:33.736  1237  1237 W InputMethodUtils: 	at com.android.server.inputmethod.InputMethodManagerService$Lifecycle.onBootPhase(InputMethodManagerService.java:1716)
05-12 13:51:33.736  1237  1237 W InputMethodUtils: 	at com.android.server.SystemServiceManager.startBootPhase(SystemServiceManager.java:294)
05-12 13:51:33.736  1237  1237 W InputMethodUtils: 	at com.android.server.SystemServer.lambda$startOtherServices$5(SystemServer.java:2874)
05-12 13:51:33.736  1237  1237 W InputMethodUtils: 	at com.android.server.SystemServer.$r8$lambda$cHpru_0zTEigJU4rvGBr8u7hU4w(Unknown Source:0)
05-12 13:51:33.736  1237  1237 W InputMethodUtils: 	at com.android.server.SystemServer$$ExternalSyntheticLambda5.run(Unknown Source:28)
05-12 13:51:33.736  1237  1237 W InputMethodUtils: 	at com.android.server.am.ActivityManagerService.systemReady(ActivityManagerService.java:8300)
05-12 13:51:33.736  1237  1237 W InputMethodUtils: 	at com.android.server.SystemServer.startOtherServices(SystemServer.java:2871)
05-12 13:51:33.736  1237  1237 W InputMethodUtils: 	at com.android.server.SystemServer.run(SystemServer.java:961)
05-12 13:51:33.736  1237  1237 W InputMethodUtils: 	at com.android.server.SystemServer.main(SystemServer.java:667)
05-12 13:51:33.736  1237  1237 W InputMethodUtils: 	at java.lang.reflect.Method.invoke(Native Method)
05-12 13:51:33.736  1237  1237 W InputMethodUtils: 	at com.android.internal.os.RuntimeInit$MethodAndArgsCaller.run(RuntimeInit.java:548)
05-12 13:51:33.736  1237  1237 W InputMethodUtils: 	at com.android.internal.os.ZygoteInit.main(ZygoteInit.java:920)
05-12 13:51:33.736  1237  1237 W SystemServiceManager: Service com.android.server.inputmethod.InputMethodManagerService$Lifecycle took 72 ms in onBootPhase
05-12 13:51:33.736  1237  1237 D SystemServerTiming: OnBootPhase_550_com.android.server.accessibility.AccessibilityManagerService$Lifecycle
05-12 13:51:33.736  1237  1237 D SystemServerTiming: OnBootPhase_550_com.android.server.StorageManagerService$Lifecycle
05-12 13:51:33.736  1237  1237 D SystemServerTiming: OnBootPhase_550_com.android.server.usage.StorageStatsService$Lifecycle
05-12 13:51:33.736  1237  1237 D SystemServerTiming: OnBootPhase_550_com.android.server.UiModeManagerService
05-12 13:51:33.736  1237  1237 D SystemServerTiming: OnBootPhase_550_com.android.server.locales.LocaleManagerService
05-12 13:51:33.736  1237  1237 D SystemServerTiming: OnBootPhase_550_com.android.server.locksettings.LockSettingsService$Lifecycle
05-12 13:51:33.737  1237  1237 I RebootEscrowManager: No reboot escrow data found for users, skipping loading escrow data
05-12 13:51:33.741  1237  1237 D SystemServerTiming: OnBootPhase_550_com.android.server.PersistentDataBlockService
05-12 13:51:33.741  1237  1237 D SystemServerTiming: OnBootPhase_550_com.android.server.testharness.TestHarnessModeService
05-12 13:51:33.741  1237  1237 D SystemServerTiming: OnBootPhase_550_com.android.server.oemlock.OemLockService
05-12 13:51:33.741  1237  1237 D SystemServerTiming: OnBootPhase_550_com.android.server.DeviceIdleController
05-12 13:51:33.741  1237  1237 D SystemServerTiming: OnBootPhase_550_com.android.server.devicepolicy.DevicePolicyManagerService$Lifecycle
05-12 13:51:33.741  1237  1237 D SystemServerTiming: OnBootPhase_550_com.android.server.musicrecognition.MusicRecognitionManagerService
05-12 13:51:33.741  1237  1237 D SystemServerTiming: OnBootPhase_550_com.android.server.contentcapture.ContentCaptureManagerService
05-12 13:51:33.741  1237  1237 D SystemServerTiming: OnBootPhase_550_com.android.server.attention.AttentionManagerService
05-12 13:51:33.741  1237  1237 D SystemServerTiming: OnBootPhase_550_com.android.server.rotationresolver.RotationResolverManagerService
05-12 13:51:33.741  1237  1237 D SystemServerTiming: OnBootPhase_550_com.android.server.systemcaptions.SystemCaptionsManagerService
05-12 13:51:33.741  1237  1237 D SystemServerTiming: OnBootPhase_550_com.android.server.texttospeech.TextToSpeechManagerService
05-12 13:51:33.741  1237  1237 D SystemServerTiming: OnBootPhase_550_com.android.server.ambientcontext.AmbientContextManagerService
05-12 13:51:33.741  1237  1237 D SystemServerTiming: OnBootPhase_550_com.android.server.speech.SpeechRecognitionManagerService
05-12 13:51:33.741  1237  1237 D SystemServerTiming: OnBootPhase_550_com.android.server.appprediction.AppPredictionManagerService
05-12 13:51:33.741  1237  1237 D SystemServerTiming: OnBootPhase_550_com.android.server.contentsuggestions.ContentSuggestionsManagerService
05-12 13:51:33.741  1237  1237 D SystemServerTiming: OnBootPhase_550_com.android.server.searchui.SearchUiManagerService
05-12 13:51:33.741  1237  1237 D SystemServerTiming: OnBootPhase_550_com.android.server.smartspace.SmartspaceManagerService
05-12 13:51:33.742  1237  1237 D SystemServerTiming: OnBootPhase_550_com.android.server.graphics.fonts.FontManagerService$Lifecycle
05-12 13:51:33.742  1237  1237 D SystemServerTiming: OnBootPhase_550_com.android.server.textservices.TextServicesManagerService$Lifecycle
05-12 13:51:33.742  1237  1237 D SystemServerTiming: OnBootPhase_550_com.android.server.textclassifier.TextClassificationManagerService$Lifecycle
05-12 13:51:33.742  1237  1237 D SystemServerTiming: OnBootPhase_550_com.android.server.NetworkScoreService$Lifecycle
05-12 13:51:33.742  1237  1237 D SystemServerTiming: OnBootPhase_550_com.android.server.NetworkStatsServiceInitializer
05-12 13:51:33.776  1237  1237 D SystemServerTiming: OnBootPhase_550_com.android.server.wifi.WifiService
05-12 13:51:33.776  1237  1237 D SystemServerTiming: OnBootPhase_550_com.android.server.wifi.scanner.WifiScanningService
05-12 13:51:33.776  1237  1237 D SystemServerTiming: OnBootPhase_550_com.android.server.wifi.p2p.WifiP2pService
05-12 13:51:33.776  1237  1237 D SystemServerTiming: OnBootPhase_550_com.android.server.ConnectivityServiceInitializer
05-12 13:51:33.776  1237  1237 D SystemServerTiming: OnBootPhase_550_com.android.server.notification.NotificationManagerService
05-12 13:51:33.776  1237  1237 D SystemServerTiming: OnBootPhase_550_com.android.server.storage.DeviceStorageMonitorService
05-12 13:51:33.776  1237  1237 D SystemServerTiming: OnBootPhase_550_com.android.server.location.LocationManagerService$Lifecycle
05-12 13:51:33.776  1237  1237 D SystemServerTiming: OnBootPhase_550_com.android.server.timedetector.TimeDetectorService$Lifecycle
05-12 13:51:33.776  1237  1237 D SystemServerTiming: OnBootPhase_550_com.android.server.timezonedetector.TimeZoneDetectorService$Lifecycle
05-12 13:51:33.776  1237  1237 D SystemServerTiming: OnBootPhase_550_com.android.server.timezonedetector.location.LocationTimeZoneManagerService$Lifecycle
05-12 13:51:33.776  1237  1237 D SystemServerTiming: OnBootPhase_550_com.android.server.search.SearchManagerService$Lifecycle
05-12 13:51:33.776  1237  1237 D SystemServerTiming: OnBootPhase_550_com.android.server.wallpaper.WallpaperManagerService$Lifecycle
05-12 13:51:33.778  1237  1237 V WallpaperManagerService: bindWallpaperComponentLocked: componentName=ComponentInfo{com.android.systemui/com.android.systemui.wallpapers.ImageWallpaper}
05-12 13:51:33.778  1237  1237 D WallpaperManagerService: WPMS.bindWallpaperComponentLocked-ComponentInfo{com.android.systemui/com.android.systemui.wallpapers.ImageWallpaper}
05-12 13:51:33.781  1237  1237 D CompatibilityChangeReporter: Compat change id reported: 135634846; UID 10499; state: DISABLED
05-12 13:51:33.781  1237  1237 D CompatibilityChangeReporter: Compat change id reported: 177438394; UID 10499; state: DISABLED
05-12 13:51:33.781  1237  1237 D CompatibilityChangeReporter: Compat change id reported: 135772972; UID 10499; state: DISABLED
05-12 13:51:33.781  1237  1237 D CompatibilityChangeReporter: Compat change id reported: 135754954; UID 10499; state: ENABLED
05-12 13:51:33.781  1237  1272 D CompatibilityChangeReporter: Compat change id reported: 143937733; UID 10499; state: ENABLED
05-12 13:51:33.783  1237  1237 D SystemServerTiming: OnBootPhase_550_com.android.server.wallpapereffectsgeneration.WallpaperEffectsGenerationManagerService
05-12 13:51:33.783  1237  1237 D SystemServerTiming: OnBootPhase_550_com.android.server.audio.AudioService$Lifecycle
05-12 13:51:33.783  1237  1237 D SystemServerTiming: OnBootPhase_550_com.android.server.soundtrigger_middleware.SoundTriggerMiddlewareService$Lifecycle
05-12 13:51:33.783  1237  1237 D SystemServerTiming: OnBootPhase_550_com.android.server.DockObserver
05-12 13:51:33.783  1237  1237 D SystemServerTiming: OnBootPhase_550_com.android.server.midi.MidiService$Lifecycle
05-12 13:51:33.783  1237  1237 D SystemServerTiming: OnBootPhase_550_com.android.server.adb.AdbService$Lifecycle
05-12 13:51:33.784  1237  1237 D SystemServerTiming: OnBootPhase_550_com.android.server.usb.UsbService$Lifecycle
05-12 13:51:33.784  1237  1237 D SystemServerTiming: OnBootPhase_550_com.android.server.twilight.TwilightService
05-12 13:51:33.784  1237  1237 D SystemServerTiming: OnBootPhase_550_com.android.server.display.color.ColorDisplayService
05-12 13:51:33.784  1237  1237 D SystemServerTiming: OnBootPhase_550_com.android.server.job.JobSchedulerService
05-12 13:51:33.784  1237  1326 D SystemServerTimingAsync: InitThreadPoolExec:UsbService$Lifecycle#onBootPhase
05-12 13:51:33.784  1237  1237 D SystemServerTiming: OnBootPhase_550_com.android.server.soundtrigger.SoundTriggerService
05-12 13:51:33.784  1237  1237 D SoundTriggerService: onBootPhase: 550 : false
05-12 13:51:33.784  1237  1237 D SystemServerTiming: OnBootPhase_550_com.android.server.trust.TrustManagerService
05-12 13:51:33.784  1237  1237 D SystemServerTiming: OnBootPhase_550_com.android.server.backup.BackupManagerService$Lifecycle
05-12 13:51:33.784  1237  1237 D SystemServerTiming: OnBootPhase_550_com.android.server.appwidget.AppWidgetService
05-12 13:51:33.784  1237  1237 D SystemServerTiming: OnBootPhase_550_com.android.server.voiceinteraction.VoiceInteractionManagerService
05-12 13:51:33.784  1237  1237 D SystemServerTiming: OnBootPhase_550_com.android.server.apphibernation.AppHibernationService
05-12 13:51:33.784  1237  1237 D SystemServerTiming: OnBootPhase_550_com.android.server.GestureLauncherService
05-12 13:51:33.784  1237  1237 D SystemServerTiming: OnBootPhase_550_com.android.server.SensorNotificationService
05-12 13:51:33.784  1237  1237 D SystemServerTiming: OnBootPhase_550_com.android.server.emergency.EmergencyAffordanceService
05-12 13:51:33.784  1237  1237 D SystemServerTiming: OnBootPhase_550_com.android.server.blob.BlobStoreManagerService
05-12 13:51:33.785  1237  1237 D SystemServerTiming: OnBootPhase_550_com.android.server.dreams.DreamManagerService
05-12 13:51:33.785  1237  1237 D SystemServerTiming: OnBootPhase_550_com.android.server.print.PrintManagerService
05-12 13:51:33.785  1237  1237 D SystemServerTiming: OnBootPhase_550_com.android.server.security.AttestationVerificationManagerService
05-12 13:51:33.785  1237  1237 D SystemServerTiming: OnBootPhase_550_com.android.server.companion.CompanionDeviceManagerService
05-12 13:51:33.785  1237  1237 D SystemServerTiming: OnBootPhase_550_com.android.server.companion.virtual.VirtualDeviceManagerService
05-12 13:51:33.785  1237  1237 D SystemServerTiming: OnBootPhase_550_com.android.server.restrictions.RestrictionsManagerService
05-12 13:51:33.785  1237  1237 D SystemServerTiming: OnBootPhase_550_com.android.server.media.MediaSessionService
05-12 13:51:33.786  1237  1237 D SystemServerTiming: OnBootPhase_550_com.android.server.media.MediaResourceMonitorService
05-12 13:51:33.786  1237  1237 D SystemServerTiming: OnBootPhase_550_com.android.server.biometrics.sensors.face.FaceService
05-12 13:51:33.786  1237  1237 D SystemServerTiming: OnBootPhase_550_com.android.server.biometrics.sensors.fingerprint.FingerprintService
05-12 13:51:33.786  1237  1237 D SystemServerTiming: OnBootPhase_550_com.android.server.biometrics.BiometricService
05-12 13:51:33.786  1237  1237 D SystemServerTiming: OnBootPhase_550_com.android.server.biometrics.AuthService
05-12 13:51:33.786  1237  1237 D SystemServerTiming: OnBootPhase_550_com.android.server.app.AppLockManagerService$Lifecycle
05-12 13:51:33.786  1237  1387 I UsbPortManager: ClientCallback V1_1: dual-role-type_c_port0
05-12 13:51:33.787  1237  1259 I UsbPortManager: USB port added: port=UsbPort{id=dual-role-type_c_port0, supportedModes=dualsupportedContaminantProtectionModes=0supportsEnableContaminantPresenceProtection=falsesupportsEnableContaminantPresenceDetection=false, status=UsbPortStatus{connected=false, currentMode=none, currentPowerRole=no-power, currentDataRole=no-data, supportedRoleCombinations=[no-power:no-data], contaminantDetectionStatus=0, contaminantProtectionStatus=0, usbDataStatus=unknown, isPowerTransferLimited=false, powerBrickConnectionStatus=unknown}, canChangeMode=false, canChangePowerRole=false, canChangeDataRole=false, connectedAtMillis=0, lastConnectDurationMillis=0
05-12 13:51:33.788  1237  1237 I AppLockManagerService: onBootCompleted
05-12 13:51:33.788  1237  1237 D SystemServerTiming: OnBootPhase_550_com.android.server.pm.ShortcutService$Lifecycle
05-12 13:51:33.788  1237  1237 D SystemServerTiming: OnBootPhase_550_com.android.server.pm.LauncherAppsService
05-12 13:51:33.788  1237  1237 D SystemServerTiming: OnBootPhase_550_com.android.server.pm.CrossProfileAppsService
05-12 13:51:33.788  1237  1237 D SystemServerTiming: OnBootPhase_550_com.android.server.pocket.PocketService
05-12 13:51:33.788  1237  1237 W PocketService: Un-handled boot phase:550
05-12 13:51:33.788  1237  1237 D SystemServerTiming: OnBootPhase_550_com.android.server.people.PeopleService
05-12 13:51:33.788  1237  1237 D SystemServerTiming: OnBootPhase_550_com.android.server.media.metrics.MediaMetricsManagerService
05-12 13:51:33.788  1237  1237 D SystemServerTiming: OnBootPhase_550_com.android.server.derp.CustomDeviceConfigService
05-12 13:51:33.788  1237  1237 D SystemServerTiming: OnBootPhase_550_com.android.server.vibrator.LinearmotorVibratorService
05-12 13:51:33.788  1237  1237 D SystemServerTiming: OnBootPhase_550_com.android.server.derp.LineageHardwareService
05-12 13:51:33.788  1237  1237 D SystemServerTiming: OnBootPhase_550_com.android.server.derp.display.LiveDisplayService
05-12 13:51:33.788  1237  1237 D SystemServerTiming: OnBootPhase_550_com.android.server.derp.health.HealthInterfaceService
05-12 13:51:33.788  1237  1237 D SystemServerTiming: OnBootPhase_550_com.android.server.media.projection.MediaProjectionManagerService
05-12 13:51:33.788  1237  1237 D SystemServerTiming: OnBootPhase_550_com.android.server.slice.SliceManagerService$Lifecycle
05-12 13:51:33.788  1237  1237 D SystemServerTiming: OnBootPhase_550_com.android.server.stats.StatsCompanion$Lifecycle
05-12 13:51:33.788  1237  1237 D SystemServerTiming: OnBootPhase_550_com.android.server.scheduling.RebootReadinessManagerService$Lifecycle
05-12 13:51:33.788  1237  1237 D SystemServerTiming: OnBootPhase_550_com.android.server.stats.pull.StatsPullAtomService
05-12 13:51:33.788  1237  1237 D SystemServerTiming: OnBootPhase_550_com.android.server.stats.bootstrap.StatsBootstrapAtomService$Lifecycle
05-12 13:51:33.788  1237  1237 D SystemServerTiming: OnBootPhase_550_com.android.server.incident.IncidentCompanionService
05-12 13:51:33.788  1237  1237 D SystemServerTiming: OnBootPhase_550_com.android.server.sdksandbox.SdkSandboxManagerService$Lifecycle
05-12 13:51:33.788  1237  1237 D SystemServerTiming: OnBootPhase_550_com.android.server.adservices.AdServicesManagerService$Lifecycle
05-12 13:51:33.788  1237  1237 D SystemServerTiming: OnBootPhase_550_com.android.server.MmsServiceBroker
05-12 13:51:33.788  1237  1237 D SystemServerTiming: OnBootPhase_550_com.android.server.autofill.AutofillManagerService
05-12 13:51:33.788  1237  1237 D SystemServerTiming: OnBootPhase_550_com.android.server.translation.TranslationManagerService
05-12 13:51:33.788  1237  1237 D SystemServerTiming: OnBootPhase_550_com.android.server.clipboard.ClipboardService
05-12 13:51:33.788  1237  1237 D SystemServerTiming: OnBootPhase_550_com.android.server.appbinding.AppBindingService$Lifecycle
05-12 13:51:33.789  1237  1237 I AppBindingService: Updating constants with: null
05-12 13:51:33.789  1237  1237 D SystemServerTiming: OnBootPhase_550_com.android.server.tracing.TracingServiceProxy
05-12 13:51:33.789  1237  1237 D SystemServerTiming: OnBootPhase_550_com.android.server.policy.PermissionPolicyService
05-12 13:51:33.789  1237  1237 D SystemServerTiming: Permission_grant_default_permissions-0
05-12 13:51:33.789  1237  1237 D SystemServerTiming: Permission_synchronize_permissions-0
05-12 13:51:33.789  1237  1237 D SystemServerTiming: Permission_synchronize_addPackages-0
05-12 13:51:33.793  1237  1272 I ActivityManager: Start proc 1436:com.android.systemui/u0a499 for service {com.android.systemui/com.android.systemui.wallpapers.ImageWallpaper}
05-12 13:51:33.817  1237  1237 D SystemServerTiming: Permission_syncPackages-0
05-12 13:51:33.822  1237  1427 D CompatibilityChangeReporter: Compat change id reported: 168419799; UID 10499; state: DISABLED
05-12 13:51:33.822  1237  1427 D CompatibilityChangeReporter: Compat change id reported: 273564678; UID 10499; state: DISABLED
05-12 13:51:33.828  1237  1237 D SystemServerTiming: Permission_onInitialized-0
05-12 13:51:33.828  1237  1237 I PackageManager: Permission ownership changed. Updating all permissions.
05-12 13:51:33.857   810  1466 D MtkOmxGsmDec: MtkOmxComponentCreate +++ !!!
05-12 13:51:33.857   810  1466 D MtkOmxGsmDec: MtkOmxGsmDec Construct !!!
05-12 13:51:33.857   810  1466 D MtkOmxGsmDec: Init Audio(GSM) Params!!!
05-12 13:51:33.858   810  1466 D MtkOmxGsmDec: MtkOmxGsmDec Deconstruct !!!
05-12 13:51:33.859  1237  1237 W PackageManager: Package android.ext.services is an APK in APEX, but has permission allowlist on the system image. Please bundle the allowlist in the com.android.extservices APEX instead.
05-12 13:51:33.859  1237  1237 W PackageManager: Package android.ext.services is an APK in APEX, but has permission allowlist on the system image. Please bundle the allowlist in the com.android.extservices APEX instead.
05-12 13:51:33.860  1237  1237 W PackageManager: Package android.ext.services is an APK in APEX, but has permission allowlist on the system image. Please bundle the allowlist in the com.android.extservices APEX instead.
05-12 13:51:33.860  1237  1237 W PackageManager: Package android.ext.services is an APK in APEX, but has permission allowlist on the system image. Please bundle the allowlist in the com.android.extservices APEX instead.
05-12 13:51:33.875   810   810 D MtkOmxMp3Dec: JB MtkOmxMp3Dec::MtkOmxMp3Dec this= 0xebd1c000
05-12 13:51:33.875   810   810 D MtkOmxMp3Dec: JB MtkOmxMp3Dec::InitAudioParams(MP3)
05-12 13:51:33.876   810   810 D MtkOmxMp3Dec: JB ~MtkOmxMp3Dec this= 0xebd1c000
05-12 13:51:33.876   810   810 D MtkOmxMp3Dec: component has been DeInit before,return.
05-12 13:51:33.877  1237  1237 W PackageManager: Package com.android.providers.media.module is an APK in APEX, but has permission allowlist on the system image. Please bundle the allowlist in the com.android.mediaprovider APEX instead.
05-12 13:51:33.877  1237  1237 W PackageManager: Package com.android.providers.media.module is an APK in APEX, but has permission allowlist on the system image. Please bundle the allowlist in the com.android.mediaprovider APEX instead.
05-12 13:51:33.877  1237  1237 W PackageManager: Package com.android.providers.media.module is an APK in APEX, but has permission allowlist on the system image. Please bundle the allowlist in the com.android.mediaprovider APEX instead.
05-12 13:51:33.877  1237  1237 W PackageManager: Package com.android.providers.media.module is an APK in APEX, but has permission allowlist on the system image. Please bundle the allowlist in the com.android.mediaprovider APEX instead.
05-12 13:51:33.878  1237  1237 W PackageManager: Package com.android.providers.media.module is an APK in APEX, but has permission allowlist on the system image. Please bundle the allowlist in the com.android.mediaprovider APEX instead.
05-12 13:51:33.878  1237  1237 W PackageManager: Package com.android.providers.media.module is an APK in APEX, but has permission allowlist on the system image. Please bundle the allowlist in the com.android.mediaprovider APEX instead.
05-12 13:51:33.878  1237  1237 W PackageManager: Package com.android.providers.media.module is an APK in APEX, but has permission allowlist on the system image. Please bundle the allowlist in the com.android.mediaprovider APEX instead.
05-12 13:51:33.878  1237  1237 W PackageManager: Package com.android.providers.media.module is an APK in APEX, but has permission allowlist on the system image. Please bundle the allowlist in the com.android.mediaprovider APEX instead.
05-12 13:51:33.878  1237  1237 W PackageManager: Package com.android.providers.media.module is an APK in APEX, but has permission allowlist on the system image. Please bundle the allowlist in the com.android.mediaprovider APEX instead.
05-12 13:51:33.878  1237  1237 W PackageManager: Package com.android.providers.media.module is an APK in APEX, but has permission allowlist on the system image. Please bundle the allowlist in the com.android.mediaprovider APEX instead.
05-12 13:51:33.878  1237  1237 W PackageManager: Package com.android.providers.media.module is an APK in APEX, but has permission allowlist on the system image. Please bundle the allowlist in the com.android.mediaprovider APEX instead.
05-12 13:51:33.878  1237  1237 W PackageManager: Package com.android.providers.media.module is an APK in APEX, but has permission allowlist on the system image. Please bundle the allowlist in the com.android.mediaprovider APEX instead.
05-12 13:51:33.878  1237  1237 W PackageManager: Package com.android.providers.media.module is an APK in APEX, but has permission allowlist on the system image. Please bundle the allowlist in the com.android.mediaprovider APEX instead.
05-12 13:51:33.885  1237  1237 W SystemServiceManager: Service com.android.server.policy.PermissionPolicyService took 96 ms in onBootPhase
05-12 13:51:33.885  1237  1237 D SystemServerTiming: OnBootPhase_550_com.android.server.pm.StagingManager$Lifecycle
05-12 13:51:33.885  1237  1237 D SystemServerTiming: OnBootPhase_550_com.android.server.app.GameManagerService$Lifecycle
05-12 13:51:33.885  1237  1237 D SystemServerTiming: OnBootPhase_550_com.android.safetycenter.SafetyCenterService
05-12 13:51:33.885  1237  1237 D SystemServerTiming: OnBootPhase_550_com.android.server.appsearch.AppSearchModule$Lifecycle
05-12 13:51:33.885  1237  1237 D SystemServerTiming: OnBootPhase_550_com.android.server.media.MediaCommunicationService
05-12 13:51:33.885  1237  1237 D SystemServerTiming: OnBootPhase_550_com.android.server.compat.overrides.AppCompatOverridesService$Lifecycle
05-12 13:51:33.885  1237  1237 D SystemServerTiming: OnBootPhase_550_com.android.server.derp.ParallelSpaceManagerService
05-12 13:51:33.886  1237  1237 D SystemServerTiming: StartObservingNativeCrashes
05-12 13:51:33.886  1237  1237 D SystemServerTiming: RegisterAppOpsPolicy
05-12 13:51:33.888  1237  1271 I DropBoxManagerService: add tag=system_server_wtf isTagEnabled=true flags=0x2
05-12 13:51:33.889  1237  1266 D SystemServerTimingAsync: InitThreadPoolExec:WebViewFactoryPreparation
05-12 13:51:33.889  1237  1237 D SystemServerTiming: MakeNetworkManagementServiceReady
05-12 13:51:33.889  1237  1266 I SystemServer: WebViewFactoryPreparation
05-12 13:51:33.889  1237  1266 D SystemServerTimingAsync: WebViewFactoryPreparation
05-12 13:51:33.891  1237  1271 I DropBoxManagerService: add tag=system_server_wtf isTagEnabled=true flags=0x2
05-12 13:51:33.891  1237  1266 E AppOps  : Bad call made by uid 1000. Package "android" does not belong to uid 1037.
05-12 13:51:33.892  1237  1266 E AppOps  : Cannot checkOperation
05-12 13:51:33.892  1237  1266 E AppOps  : java.lang.SecurityException: Specified package "android" under uid 1037 but it is not
05-12 13:51:33.892  1237  1266 E AppOps  : 	at com.android.server.appop.AppOpsService.verifyAndGetBypass(AppOpsService.java:4773)
05-12 13:51:33.892  1237  1266 E AppOps  : 	at com.android.server.appop.AppOpsService.verifyAndGetBypass(AppOpsService.java:4621)
05-12 13:51:33.892  1237  1266 E AppOps  : 	at com.android.server.appop.AppOpsService.verifyAndGetBypass(AppOpsService.java:4613)
05-12 13:51:33.892  1237  1266 E AppOps  : 	at com.android.server.appop.AppOpsService.checkOperationUnchecked(AppOpsService.java:3267)
05-12 13:51:33.892  1237  1266 E AppOps  : 	at com.android.server.appop.AppOpsService.checkOperationImpl(AppOpsService.java:3250)
05-12 13:51:33.892  1237  1266 E AppOps  : 	at com.android.server.appop.AppOpsService.-$$Nest$mcheckOperationImpl(Unknown Source:0)
05-12 13:51:33.892  1237  1266 E AppOps  : 	at com.android.server.appop.AppOpsService$CheckOpsDelegateDispatcher.lambda$checkOperation$0(AppOpsService.java:7709)
05-12 13:51:33.892  1237  1266 E AppOps  : 	at com.android.server.appop.AppOpsService$CheckOpsDelegateDispatcher.$r8$lambda$KrwrxMLmGzFSEjEyo0aJ63o5J9E(Unknown Source:0)
05-12 13:51:33.892  1237  1266 E AppOps  : 	at com.android.server.appop.AppOpsService$CheckOpsDelegateDispatcher$$ExternalSyntheticLambda9.apply(Unknown Source:24)
05-12 13:51:33.892  1237  1266 E AppOps  : 	at com.android.server.policy.AppOpsPolicy.checkOperation(AppOpsPolicy.java:211)
05-12 13:51:33.892  1237  1266 E AppOps  : 	at com.android.server.appop.AppOpsService$CheckOpsDelegateDispatcher.checkOperation(AppOpsService.java:7708)
05-12 13:51:33.892  1237  1266 E AppOps  : 	at com.android.server.appop.AppOpsService.checkOperation(AppOpsService.java:3237)
05-12 13:51:33.892  1237  1266 E AppOps  : 	at com.android.server.StorageManagerService$StorageManagerInternalImpl.hasExternalStorageAccess(StorageManagerService.java:4875)
05-12 13:51:33.892  1237  1266 E AppOps  : 	at com.android.server.am.ProcessList.startProcessLocked(ProcessList.java:1713)
05-12 13:51:33.892  1237  1266 E AppOps  : 	at com.android.server.am.ProcessList.startProcessLocked(ProcessList.java:2401)
05-12 13:51:33.892  1237  1266 E AppOps  : 	at com.android.server.am.ProcessList.startProcessLocked(ProcessList.java:2541)
05-12 13:51:33.892  1237  1266 E AppOps  : 	at com.android.server.am.ActivityManagerService.startIsolatedProcess(ActivityManagerService.java:2822)
05-12 13:51:33.892  1237  1266 E AppOps  : 	at com.android.server.am.ActivityManagerService$LocalService.startIsolatedProcess(ActivityManagerService.java:16657)
05-12 13:51:33.892  1237  1266 E AppOps  : 	at android.webkit.WebViewLibraryLoader.createRelroFile(WebViewLibraryLoader.java:126)
05-12 13:51:33.892  1237  1266 E AppOps  : 	at android.webkit.WebViewLibraryLoader.createRelros(WebViewLibraryLoader.java:164)
05-12 13:51:33.892  1237  1266 E AppOps  : 	at android.webkit.WebViewLibraryLoader.prepareNativeLibraries(WebViewLibraryLoader.java:152)
05-12 13:51:33.892  1237  1266 E AppOps  : 	at android.webkit.WebViewFactory.onWebViewProviderChanged(WebViewFactory.java:555)
05-12 13:51:33.892  1237  1266 E AppOps  : 	at com.android.server.webkit.SystemImpl.onWebViewProviderChanged(SystemImpl.java:174)
05-12 13:51:33.892  1237  1266 E AppOps  : 	at com.android.server.webkit.WebViewUpdateServiceImpl.onWebViewProviderChanged(WebViewUpdateServiceImpl.java:351)
05-12 13:51:33.892  1237  1266 E AppOps  : 	at com.android.server.webkit.WebViewUpdateServiceImpl.prepareWebViewInSystemServer(WebViewUpdateServiceImpl.java:182)
05-12 13:51:33.892  1237  1266 E AppOps  : 	at com.android.server.webkit.WebViewUpdateService.prepareWebViewInSystemServer(WebViewUpdateService.java:129)
05-12 13:51:33.892  1237  1266 E AppOps  : 	at com.android.server.SystemServer.lambda$startOtherServices$3(SystemServer.java:2903)
05-12 13:51:33.892  1237  1266 E AppOps  : 	at com.android.server.SystemServer.$r8$lambda$nG7XwJlwV2eNiP3C-iTim-mbKmM(Unknown Source:0)
05-12 13:51:33.892  1237  1266 E AppOps  : 	at com.android.server.SystemServer$$ExternalSyntheticLambda6.run(Unknown Source:2)
05-12 13:51:33.892  1237  1266 E AppOps  : 	at com.android.server.SystemServerInitThreadPool.lambda$submitTask$0(SystemServerInitThreadPool.java:106)
