--------- beginning of system
05-12 13:51:32.525  1237  1237 D SystemServerTiming: StartSearchManagerService
05-12 13:51:32.526  1237  1237 I SystemServiceManager: Starting com.android.server.search.SearchManagerService$Lifecycle
05-12 13:51:32.528  1237  1237 D SystemServerTiming: StartWallpaperManagerService
05-12 13:51:32.528  1237  1237 I SystemServiceManager: Starting com.android.server.wallpaper.WallpaperManagerService$Lifecycle
05-12 13:51:32.530  1237  1237 D SystemServerTiming: StartWallpaperEffectsGenerationService
05-12 13:51:32.530  1237  1237 I SystemServiceManager: Starting com.android.server.wallpapereffectsgeneration.WallpaperEffectsGenerationManagerService
05-12 13:51:32.533  1237  1237 D SystemServerTiming: StartAudioService
05-12 13:51:32.533  1237  1237 I SystemServiceManager: Starting com.android.server.audio.AudioService$Lifecycle
05-12 13:51:32.606  1237  1237 D SystemServerTiming: StartSoundTriggerMiddlewareService
05-12 13:51:32.606  1237  1237 I SystemServiceManager: Starting com.android.server.soundtrigger_middleware.SoundTriggerMiddlewareService$Lifecycle
05-12 13:51:32.612  1237  1237 D SystemServerTiming: StartDockObserver
05-12 13:51:32.612  1237  1237 I SystemServiceManager: Starting com.android.server.DockObserver
05-12 13:51:32.612  1237  1237 I DockObserver: No extcon dock device found in this kernel.
05-12 13:51:32.614  1237  1237 D SystemServerTiming: StartWiredAccessoryManager
05-12 13:51:32.614  1237  1237 W WiredAccessoryManager: This kernel does not have usb audio support
05-12 13:51:32.615  1237  1237 W WiredAccessoryManager: This kernel does not have HDMI audio support
05-12 13:51:32.615  1237  1237 E WiredAccessoryManager: file /sys/devices/platform/soc/soc:qcom,msm-ext-disp/extcon/extcon3/name not found
05-12 13:51:32.615  1237  1237 W WiredAccessoryManager: Conn soc:qcom,msm-ext-disp/3/1 does not have DP audio support
05-12 13:51:32.615  1237  1237 E WiredAccessoryManager: file /sys/devices/platform/soc/soc:qcom,msm-ext-disp/extcon/extcon2/name not found
05-12 13:51:32.615  1237  1237 W WiredAccessoryManager: Conn soc:qcom,msm-ext-disp/2/1 does not have DP audio support
05-12 13:51:32.615  1237  1237 E WiredAccessoryManager: file /sys/devices/platform/soc/soc:qcom,msm-ext-disp/extcon/extcon1/name not found
05-12 13:51:32.615  1237  1237 W WiredAccessoryManager: Conn soc:qcom,msm-ext-disp/1/1 does not have DP audio support
05-12 13:51:32.615  1237  1237 E WiredAccessoryManager: file /sys/devices/platform/soc/soc:qcom,msm-ext-disp/extcon/extcon0/name not found
05-12 13:51:32.615  1237  1237 W WiredAccessoryManager: Conn soc:qcom,msm-ext-disp/0/1 does not have DP audio support
05-12 13:51:32.615  1237  1237 E WiredAccessoryManager: file /sys/devices/platform/soc/soc:qcom,msm-ext-disp/extcon/extcon3/name not found
05-12 13:51:32.615  1237  1237 W WiredAccessoryManager: Conn soc:qcom,msm-ext-disp/3/0 does not have DP audio support
05-12 13:51:32.616  1237  1237 E WiredAccessoryManager: file /sys/devices/platform/soc/soc:qcom,msm-ext-disp/extcon/extcon2/name not found
05-12 13:51:32.616  1237  1237 W WiredAccessoryManager: Conn soc:qcom,msm-ext-disp/2/0 does not have DP audio support
05-12 13:51:32.616  1237  1237 E WiredAccessoryManager: file /sys/devices/platform/soc/soc:qcom,msm-ext-disp/extcon/extcon1/name not found
05-12 13:51:32.616  1237  1237 W WiredAccessoryManager: Conn soc:qcom,msm-ext-disp/1/0 does not have DP audio support
05-12 13:51:32.616  1237  1237 E WiredAccessoryManager: file /sys/devices/platform/soc/soc:qcom,msm-ext-disp/extcon/extcon0/name not found
05-12 13:51:32.616  1237  1237 W WiredAccessoryManager: Conn soc:qcom,msm-ext-disp/0/0 does not have DP audio support
05-12 13:51:32.616  1237  1237 D SystemServerTiming: StartMidiManager
05-12 13:51:32.616  1237  1237 I SystemServiceManager: Starting com.android.server.midi.MidiService$Lifecycle
05-12 13:51:32.618  1237  1237 D SystemServerTiming: StartAdbService
05-12 13:51:32.618  1237  1237 I SystemServiceManager: Starting com.android.server.adb.AdbService$Lifecycle
05-12 13:51:32.621  1237  1237 D SystemServerTiming: StartUsbService
05-12 13:51:32.621  1237  1237 I SystemServiceManager: Starting com.android.server.usb.UsbService$Lifecycle
05-12 13:51:32.621  1237  1237 D SystemServerTiming: StartSerialService
05-12 13:51:32.621  1237  1266 D SystemServerTimingAsync: InitThreadPoolExec:UsbService$Lifecycle#onStart
05-12 13:51:32.622  1237  1266 I UsbDeviceManager: failed to write to /sys/class/android_usb/android0/f_rndis/ethaddr
05-12 13:51:32.624  1237  1237 D SystemServerTiming: StartHardwarePropertiesManagerService
05-12 13:51:32.624  1237  1266 I UsbDeviceManager: USB GADGET HAL not present in the device
05-12 13:51:32.624  1237  1266 I UsbDeviceManager: java.util.NoSuchElementException
05-12 13:51:32.624  1237  1266 I UsbDeviceManager: 	at android.os.HwBinder.getService(Native Method)
05-12 13:51:32.624  1237  1266 I UsbDeviceManager: 	at android.hardware.usb.gadget.V1_0.IUsbGadget.getService(IUsbGadget.java:57)
05-12 13:51:32.624  1237  1266 I UsbDeviceManager: 	at android.hardware.usb.gadget.V1_0.IUsbGadget.getService(IUsbGadget.java:64)
05-12 13:51:32.624  1237  1266 I UsbDeviceManager: 	at com.android.server.usb.UsbDeviceManager.<init>(UsbDeviceManager.java:308)
05-12 13:51:32.624  1237  1266 I UsbDeviceManager: 	at com.android.server.usb.UsbService.<init>(UsbService.java:183)
05-12 13:51:32.624  1237  1266 I UsbDeviceManager: 	at com.android.server.usb.UsbService$Lifecycle.lambda$onStart$0(UsbService.java:97)
05-12 13:51:32.624  1237  1266 I UsbDeviceManager: 	at com.android.server.usb.UsbService$Lifecycle.$r8$lambda$CxV7IL0QHEjIgNnhuBbpakF4-Bg(Unknown Source:0)
05-12 13:51:32.624  1237  1266 I UsbDeviceManager: 	at com.android.server.usb.UsbService$Lifecycle$$ExternalSyntheticLambda2.run(Unknown Source:2)
05-12 13:51:32.624  1237  1266 I UsbDeviceManager: 	at com.android.server.SystemServerInitThreadPool.lambda$submitTask$0(SystemServerInitThreadPool.java:106)
05-12 13:51:32.624  1237  1266 I UsbDeviceManager: 	at com.android.server.SystemServerInitThreadPool.$r8$lambda$aGlXt69ihU44Qi7EB_RNeu8pnrY(Unknown Source:0)
05-12 13:51:32.624  1237  1266 I UsbDeviceManager: 	at com.android.server.SystemServerInitThreadPool$$ExternalSyntheticLambda0.run(Unknown Source:6)
05-12 13:51:32.624  1237  1266 I UsbDeviceManager: 	at java.util.concurrent.Executors$RunnableAdapter.call(Executors.java:463)
05-12 13:51:32.624  1237  1266 I UsbDeviceManager: 	at java.util.concurrent.FutureTask.run(FutureTask.java:264)
05-12 13:51:32.624  1237  1266 I UsbDeviceManager: 	at java.util.concurrent.ThreadPoolExecutor.runWorker(ThreadPoolExecutor.java:1137)
05-12 13:51:32.624  1237  1266 I UsbDeviceManager: 	at java.util.concurrent.ThreadPoolExecutor$Worker.run(ThreadPoolExecutor.java:637)
05-12 13:51:32.624  1237  1266 I UsbDeviceManager: 	at com.android.internal.util.ConcurrentUtils$1$1.run(ConcurrentUtils.java:65)
05-12 13:51:32.625  1237  1266 E UsbDeviceManager: Failed to open control for mtp
05-12 13:51:32.625  1237  1266 E UsbDeviceManager: Failed to open control for ptp
05-12 13:51:32.626  1237  1266 W StorageManagerService: No primary storage defined yet; hacking together a stub
05-12 13:51:32.627  1237  1237 D SystemServerTiming: StartTwilightService
05-12 13:51:32.628  1237  1237 I SystemServiceManager: Starting com.android.server.twilight.TwilightService
05-12 13:51:32.628  1237  1237 D SystemServerTiming: StartColorDisplay
05-12 13:51:32.628  1237  1237 I SystemServiceManager: Starting com.android.server.display.color.ColorDisplayService
05-12 13:51:32.630  1237  1237 D SystemServerTiming: StartJobScheduler
05-12 13:51:32.630  1237  1237 I SystemServiceManager: Starting com.android.server.job.JobSchedulerService
05-12 13:51:32.631  1237  1266 D UsbPortManager: Querying USB HAL version
05-12 13:51:32.634  1237  1237 D JobStore: Start tag: job-info
05-12 13:51:32.635  1237  1266 I UsbPortManager: USB HAL HIDL present
05-12 13:51:32.639  1237  1269 I UsbPortManager: Usb hal service started android.hardware.usb@1.0::IUsb default
05-12 13:51:32.641  1237  1266 D UsbPortManager: getInstance done
05-12 13:51:32.648  1237  1237 I JobStore: Read 113 jobs
05-12 13:51:32.651  1237  1237 V HistoricalRegistry: Interaction before persistence initialized
05-12 13:51:32.652  1237  1237 V HistoricalRegistry: Interaction before persistence initialized
05-12 13:51:32.654  1237  1237 D SystemServerTiming: StartSoundTrigger
05-12 13:51:32.654  1237  1237 I SystemServiceManager: Starting com.android.server.soundtrigger.SoundTriggerService
05-12 13:51:32.654  1237  1237 D SystemServerTiming: StartTrustManager
05-12 13:51:32.654  1237  1237 I SystemServiceManager: Starting com.android.server.trust.TrustManagerService
05-12 13:51:32.657  1237  1237 D SystemServerTiming: StartBackupManager
05-12 13:51:32.658  1237  1237 I SystemServiceManager: Starting com.android.server.backup.BackupManagerService$Lifecycle
05-12 13:51:32.661  1237  1237 D SystemServerTiming: StartAppWidgetService
05-12 13:51:32.661  1237  1237 I SystemServiceManager: Starting com.android.server.appwidget.AppWidgetService
05-12 13:51:32.665  1237  1237 D SystemServerTiming: StartVoiceRecognitionManager
05-12 13:51:32.665  1237  1237 I SystemServiceManager: Starting com.android.server.voiceinteraction.VoiceInteractionManagerService
05-12 13:51:32.832  1237  1237 D SystemServerTiming: StartAppHibernationService
05-12 13:51:32.832  1237  1237 I SystemServiceManager: Starting com.android.server.apphibernation.AppHibernationService
05-12 13:51:32.835  1237  1237 D SystemServerTiming: StartGestureLauncher
05-12 13:51:32.835  1237  1237 I SystemServiceManager: Starting com.android.server.GestureLauncherService
05-12 13:51:32.835  1237  1237 D SystemServerTiming: StartSensorNotification
05-12 13:51:32.835  1237  1237 I SystemServiceManager: Starting com.android.server.SensorNotificationService
05-12 13:51:32.835  1237  1237 D SystemServerTiming: StartDiskStatsService
05-12 13:51:32.836  1237  1237 D CompatibilityChangeReporter: Compat change id reported: 194532703; UID 1000; state: ENABLED
05-12 13:51:32.837  1237  1237 D CompatibilityChangeReporter: Compat change id reported: 194532703; UID 1000; state: DISABLED
05-12 13:51:32.839  1237  1237 D SystemServerTiming: RuntimeService
05-12 13:51:32.841  1237  1237 D SystemServerTiming: StartNetworkTimeUpdateService
05-12 13:51:32.843  1237  1237 D SystemServerTiming: CertBlacklister
05-12 13:51:32.844  1237  1237 D SystemServerTiming: StartEmergencyAffordanceService
05-12 13:51:32.844  1237  1237 I SystemServiceManager: Starting com.android.server.emergency.EmergencyAffordanceService
05-12 13:51:32.846  1237  1237 D SystemServerTiming: startBlobStoreManagerService
05-12 13:51:32.846  1237  1237 I SystemServiceManager: Starting com.android.server.blob.BlobStoreManagerService
05-12 13:51:32.849  1237  1237 D SystemServerTiming: StartDreamManager
05-12 13:51:32.849  1237  1237 I SystemServiceManager: Starting com.android.server.dreams.DreamManagerService
05-12 13:51:32.852  1237  1237 D SystemServerTiming: AddGraphicsStatsService
05-12 13:51:32.855  1237  1237 D SystemServerTiming: StartPrintManager
05-12 13:51:32.855  1237  1237 I SystemServiceManager: Starting com.android.server.print.PrintManagerService
05-12 13:51:32.857  1237  1237 D SystemServerTiming: StartAttestationVerificationService
05-12 13:51:32.857  1237  1237 I SystemServiceManager: Starting com.android.server.security.AttestationVerificationManagerService
05-12 13:51:32.858  1237  1237 D AVF     : Started
05-12 13:51:32.859  1237  1237 D SystemServerTiming: StartCompanionDeviceManager
05-12 13:51:32.859  1237  1237 I SystemServiceManager: Starting com.android.server.companion.CompanionDeviceManagerService
05-12 13:51:32.860  1237  1237 I CompanionDevice_PersistentDataStore: Reading associations for user 0 from disk
05-12 13:51:32.862  1237  1237 D SystemServerTiming: StartVirtualDeviceManager
05-12 13:51:32.862  1237  1237 I SystemServiceManager: Starting com.android.server.companion.virtual.VirtualDeviceManagerService
05-12 13:51:32.864  1237  1237 D SystemServerTiming: StartRestrictionManager
05-12 13:51:32.864  1237  1237 I SystemServiceManager: Starting com.android.server.restrictions.RestrictionsManagerService
05-12 13:51:32.866  1237  1237 D SystemServerTiming: StartMediaSessionService
05-12 13:51:32.866  1237  1237 I SystemServiceManager: Starting com.android.server.media.MediaSessionService
05-12 13:51:32.869  1237  1237 D SystemServerTiming: StartMediaResourceMonitor
05-12 13:51:32.869  1237  1237 I SystemServiceManager: Starting com.android.server.media.MediaResourceMonitorService
05-12 13:51:32.870  1237  1237 D SystemServerTiming: StartMediaRouterService
05-12 13:51:32.870  1237  1237 V HistoricalRegistry: Interaction before persistence initialized
05-12 13:51:32.872  1237  1237 D SystemServerTiming: StartFaceSensor
05-12 13:51:32.872  1237  1237 I SystemServiceManager: Starting com.android.server.biometrics.sensors.face.FaceService
05-12 13:51:32.874  1237  1237 D SystemServerTiming: StartFingerprintSensor
05-12 13:51:32.874  1237  1237 I SystemServiceManager: Starting com.android.server.biometrics.sensors.fingerprint.FingerprintService
05-12 13:51:32.876  1237  1237 D SystemServerTiming: StartBiometricService
05-12 13:51:32.876  1237  1237 I SystemServiceManager: Starting com.android.server.biometrics.BiometricService
05-12 13:51:32.879  1237  1237 D SystemServerTiming: StartAuthService
05-12 13:51:32.879  1237  1237 I SystemServiceManager: Starting com.android.server.biometrics.AuthService
05-12 13:51:32.879  1237  1237 D AuthService: Registering HIDL ID: 0 Modality: 2 Strength: 15
05-12 13:51:32.884  1237  1397 D BiometricService: Registering ID: 0 Modality: 2 Strength: 15
05-12 13:51:32.885  1237  1397 D BiometricStrengthController: updateStrengths: revert sensorId=0 to oemStrength=15
05-12 13:51:32.885  1237  1397 D BiometricService/Sensor: updateStrength: Before(ID(0), oemStrength: 15, updatedStrength: 15, modality 2, state: 0, cookie: 0) After(ID(0), oemStrength: 15, updatedStrength: 15, modality 2, state: 0, cookie: 0)
05-12 13:51:32.885  1237  1237 D SystemServerTiming: AppLockManagerService
05-12 13:51:32.886  1237  1237 I SystemServiceManager: Starting com.android.server.app.AppLockManagerService$Lifecycle
05-12 13:51:32.887  1237  1398 D BiometricService: Registering ID: 1008 Modality: 8 Strength: 255
05-12 13:51:32.887  1237  1398 D BiometricStrengthController: updateStrengths: revert sensorId=0 to oemStrength=15
05-12 13:51:32.888  1237  1398 D BiometricService/Sensor: updateStrength: Before(ID(0), oemStrength: 15, updatedStrength: 15, modality 2, state: 0, cookie: 0) After(ID(0), oemStrength: 15, updatedStrength: 15, modality 2, state: 0, cookie: 0)
05-12 13:51:32.888  1237  1398 D BiometricStrengthController: updateStrengths: revert sensorId=1008 to oemStrength=255
05-12 13:51:32.888  1237  1398 D BiometricService/Sensor: updateStrength: Before(ID(1008), oemStrength: 255, updatedStrength: 255, modality 8, state: 0, cookie: 0) After(ID(1008), oemStrength: 255, updatedStrength: 255, modality 8, state: 0, cookie: 0)
05-12 13:51:32.892  1237  1237 D SystemServerTiming: StartDynamicCodeLoggingService
05-12 13:51:32.893  1237  1237 D SystemServerTiming: StartPruneInstantAppsJobService
05-12 13:51:32.893  1237  1237 D SystemServerTiming: StartShortcutServiceLifecycle
05-12 13:51:32.893  1237  1237 I SystemServiceManager: Starting com.android.server.pm.ShortcutService$Lifecycle
05-12 13:51:32.894  1237  1237 V HistoricalRegistry: Interaction before persistence initialized
05-12 13:51:32.896  1237  1237 D SystemServerTiming: StartLauncherAppsService
05-12 13:51:32.896  1237  1237 I SystemServiceManager: Starting com.android.server.pm.LauncherAppsService
05-12 13:51:32.899  1237  1237 D SystemServerTiming: StartCrossProfileAppsService
05-12 13:51:32.899  1237  1237 I SystemServiceManager: Starting com.android.server.pm.CrossProfileAppsService
05-12 13:51:32.901  1237  1237 D SystemServerTiming: StartPocketService
05-12 13:51:32.901  1237  1237 I SystemServiceManager: Starting com.android.server.pocket.PocketService
05-12 13:51:32.904  1237  1237 D SystemServerTiming: StartPeopleService
05-12 13:51:32.904  1237  1237 I SystemServiceManager: Starting com.android.server.people.PeopleService
05-12 13:51:32.905  1237  1237 D SystemServerTiming: StartMediaMetricsManager
05-12 13:51:32.906  1237  1237 I SystemServiceManager: Starting com.android.server.media.metrics.MediaMetricsManagerService
05-12 13:51:32.908  1237  1237 D SystemServerTiming: StartCustomDeviceConfigService
05-12 13:51:32.908  1237  1237 I SystemServiceManager: Starting com.android.server.derp.CustomDeviceConfigService
05-12 13:51:32.908  1237  1237 D SystemServerTiming: StartLinearmotorVibratorService
05-12 13:51:32.908  1237  1237 I SystemServiceManager: Starting com.android.server.vibrator.LinearmotorVibratorService
05-12 13:51:32.910  1237  1237 D SystemServerTiming: StartLineageHardwareService
05-12 13:51:32.910  1237  1237 I SystemServiceManager: Starting com.android.server.derp.LineageHardwareService
05-12 13:51:32.912  1237  1237 D SystemServerTiming: StartLiveDisplayService
05-12 13:51:32.912  1237  1237 I SystemServiceManager: Starting com.android.server.derp.display.LiveDisplayService
05-12 13:51:32.915  1237  1237 D SystemServerTiming: StartHealthService
05-12 13:51:32.916  1237  1237 I SystemServiceManager: Starting com.android.server.derp.health.HealthInterfaceService
05-12 13:51:32.919  1237  1237 D SystemServerTiming: StartMediaProjectionManager
05-12 13:51:32.919  1237  1237 I SystemServiceManager: Starting com.android.server.media.projection.MediaProjectionManagerService
05-12 13:51:32.924  1237  1237 D SystemServerTiming: StartSliceManagerService
05-12 13:51:32.924  1237  1237 I SystemServiceManager: Starting com.android.server.slice.SliceManagerService$Lifecycle
05-12 13:51:32.926  1237  1237 D SystemServerTiming: StartStatsCompanion
05-12 13:51:32.927  1237  1237 I SystemServiceManager: Starting com.android.server.stats.StatsCompanion$Lifecycle
05-12 13:51:32.930  1237  1237 D SystemServerTiming: StartRebootReadinessManagerService
05-12 13:51:32.931  1237  1237 I SystemServiceManager: Starting com.android.server.scheduling.RebootReadinessManagerService$Lifecycle
05-12 13:51:32.937  1237  1237 D SystemServerTiming: StartStatsPullAtomService
05-12 13:51:32.937  1237  1237 I SystemServiceManager: Starting com.android.server.stats.pull.StatsPullAtomService
05-12 13:51:32.937  1237  1237 D SystemServerTiming: StatsBootstrapAtomService
05-12 13:51:32.937  1237  1237 I SystemServiceManager: Starting com.android.server.stats.bootstrap.StatsBootstrapAtomService$Lifecycle
05-12 13:51:32.939  1237  1237 D SystemServerTiming: StartIncidentCompanionService
05-12 13:51:32.939  1237  1237 I SystemServiceManager: Starting com.android.server.incident.IncidentCompanionService
05-12 13:51:32.941  1237  1237 D SystemServerTiming: StarSdkSandboxManagerService
05-12 13:51:32.942  1237  1237 I SystemServiceManager: Starting com.android.server.sdksandbox.SdkSandboxManagerService$Lifecycle
05-12 13:51:32.945  1237  1237 D SystemServerTiming: StartAdServicesManagerService
05-12 13:51:32.945  1237  1237 I SystemServiceManager: Starting com.android.server.adservices.AdServicesManagerService$Lifecycle
05-12 13:51:32.946  1237  1237 D SystemServerTiming: StartMmsService
05-12 13:51:32.946  1237  1237 I SystemServiceManager: Starting com.android.server.MmsServiceBroker
05-12 13:51:32.948  1237  1237 D SystemServerTiming: StartAutoFillService
05-12 13:51:32.948  1237  1237 I SystemServiceManager: Starting com.android.server.autofill.AutofillManagerService
05-12 13:51:32.950  1237  1237 E AutofillManagerServiceImpl: Bad service name: com.google.android.gms/.autofill.service.AutofillService
05-12 13:51:32.950  1237  1237 E RemoteAugmentedAutofillService: Bad service name for flags 1048704: com.google.android.as/com.google.android.apps.miphone.aiai.app.AiAiAugmentedAutofillService
05-12 13:51:32.952  1237  1237 D SystemServerTiming: StartTranslationManagerService
05-12 13:51:32.952  1237  1237 I SystemServiceManager: Starting com.android.server.translation.TranslationManagerService
05-12 13:51:32.954  1237  1237 D SystemServerTiming: StartClipboardService
05-12 13:51:32.955  1237  1237 I SystemServiceManager: Starting com.android.server.clipboard.ClipboardService
05-12 13:51:32.958  1237  1237 D SystemServerTiming: AppServiceManager
05-12 13:51:32.959  1237  1237 I SystemServiceManager: Starting com.android.server.appbinding.AppBindingService$Lifecycle
05-12 13:51:32.960  1237  1237 D SystemServerTiming: startTracingServiceProxy
05-12 13:51:32.960  1237  1237 I SystemServiceManager: Starting com.android.server.tracing.TracingServiceProxy
05-12 13:51:32.962  1237  1237 D SystemServerTiming: MakeLockSettingsServiceReady
05-12 13:51:32.968  1237  1237 I SyntheticPasswordManager: Device does not support weaver
05-12 13:51:32.969  1237  1237 I LockSettingsService: Device doesn't implement AuthSecret HAL
05-12 13:51:32.971  1237  1237 D SystemServerTiming: StartBootPhaseLockSettingsReady
05-12 13:51:32.971  1237  1237 I SystemServiceManager: Starting phase 480
05-12 13:51:32.971  1237  1237 D SystemServerTiming: OnBootPhase_480
05-12 13:51:32.971  1237  1237 D SystemServerTiming: OnBootPhase_480_com.android.server.security.FileIntegrityService
05-12 13:51:32.971  1237  1237 D SystemServerTiming: OnBootPhase_480_com.android.server.pm.Installer
05-12 13:51:32.971  1237  1237 D SystemServerTiming: OnBootPhase_480_com.android.server.os.DeviceIdentifiersPolicyService
05-12 13:51:32.971  1237  1237 D SystemServerTiming: OnBootPhase_480_com.android.server.uri.UriGrantsManagerService$Lifecycle
05-12 13:51:32.971  1237  1237 D SystemServerTiming: OnBootPhase_480_com.android.server.powerstats.PowerStatsService
05-12 13:51:32.971  1237  1237 D SystemServerTiming: OnBootPhase_480_com.android.server.wm.ActivityTaskManagerService$Lifecycle
05-12 13:51:32.971  1237  1237 D SystemServerTiming: OnBootPhase_480_com.android.server.am.ActivityManagerService$Lifecycle
05-12 13:51:32.971  1237  1237 D SystemServerTiming: OnBootPhase_480_com.android.server.pm.DataLoaderManagerService
05-12 13:51:32.971  1237  1237 D SystemServerTiming: OnBootPhase_480_com.android.server.power.PowerManagerService
05-12 13:51:32.971  1237  1237 D SystemServerTiming: OnBootPhase_480_com.android.server.power.ThermalManagerService
05-12 13:51:32.971  1237  1237 D SystemServerTiming: OnBootPhase_480_com.android.server.power.hint.HintManagerService
05-12 13:51:32.971  1237  1237 D SystemServerTiming: OnBootPhase_480_com.android.server.recoverysystem.RecoverySystemService$Lifecycle
05-12 13:51:32.971  1237  1237 D SystemServerTiming: OnBootPhase_480_com.android.server.lights.LightsService
05-12 13:51:32.971  1237  1237 D SystemServerTiming: OnBootPhase_480_com.android.server.display.DisplayManagerService
05-12 13:51:32.971  1237  1237 D SystemServerTiming: OnBootPhase_480_com.android.server.pm.verify.domain.DomainVerificationService
05-12 13:51:32.971  1237  1237 D SystemServerTiming: OnBootPhase_480_com.android.server.pm.PackageInstallerService$Lifecycle
05-12 13:51:32.972  1237  1237 D SystemServerTiming: OnBootPhase_480_com.android.server.pm.UserManagerService$LifeCycle
05-12 13:51:32.972  1237  1237 D SystemServerTiming: OnBootPhase_480_com.android.server.om.OverlayManagerService
05-12 13:51:32.972  1237  1237 D SystemServerTiming: OnBootPhase_480_com.android.server.resources.ResourcesManagerService
05-12 13:51:32.972  1237  1237 D SystemServerTiming: OnBootPhase_480_com.android.server.sensorprivacy.SensorPrivacyService
05-12 13:51:32.972  1237  1237 D SystemServerTiming: OnBootPhase_480_com.android.server.sensors.SensorService
05-12 13:51:32.972  1237  1237 D SystemServerTiming: OnBootPhase_480_com.android.server.SystemConfigService
05-12 13:51:32.972  1237  1237 D SystemServerTiming: OnBootPhase_480_com.android.server.BatteryService
05-12 13:51:32.972  1237  1237 D SystemServerTiming: OnBootPhase_480_com.android.server.usage.UsageStatsService
05-12 13:51:32.972  1237  1237 D SystemServerTiming: OnBootPhase_480_com.android.server.webkit.WebViewUpdateService
05-12 13:51:32.972  1237  1237 D SystemServerTiming: OnBootPhase_480_com.android.server.CachedDeviceStateService
05-12 13:51:32.972  1237  1237 D SystemServerTiming: OnBootPhase_480_com.android.server.BinderCallsStatsService$LifeCycle
05-12 13:51:32.972  1237  1237 D SystemServerTiming: OnBootPhase_480_com.android.server.LooperStatsService$Lifecycle
05-12 13:51:32.972  1237  1237 D SystemServerTiming: OnBootPhase_480_com.android.server.rollback.RollbackManagerService
05-12 13:51:32.972  1237  1237 D SystemServerTiming: OnBootPhase_480_com.android.server.os.NativeTombstoneManagerService
05-12 13:51:32.972  1237  1237 D SystemServerTiming: OnBootPhase_480_com.android.server.os.BugreportManagerService
05-12 13:51:32.972  1237  1237 D SystemServerTiming: OnBootPhase_480_com.android.server.gpu.GpuService
05-12 13:51:32.972  1237  1237 D SystemServerTiming: OnBootPhase_480_com.android.server.security.KeyChainSystemService
05-12 13:51:32.972  1237  1237 D SystemServerTiming: OnBootPhase_480_com.android.server.BinaryTransparencyService
05-12 13:51:32.972  1237  1237 D SystemServerTiming: OnBootPhase_480_com.android.server.telecom.TelecomLoaderService
05-12 13:51:32.972  1237  1237 D SystemServerTiming: OnBootPhase_480_com.android.server.accounts.AccountManagerService$Lifecycle
05-12 13:51:32.972  1237  1237 D SystemServerTiming: OnBootPhase_480_com.android.server.content.ContentService$Lifecycle
05-12 13:51:32.972  1237  1237 D SystemServerTiming: OnBootPhase_480_com.android.server.DropBoxManagerService
05-12 13:51:32.972  1237  1237 D SystemServerTiming: OnBootPhase_480_com.android.role.RoleService
05-12 13:51:32.972  1237  1237 D SystemServerTiming: OnBootPhase_480_com.android.server.vibrator.VibratorManagerService$Lifecycle
05-12 13:51:32.972  1237  1237 D SystemServerTiming: OnBootPhase_480_com.android.server.tare.InternalResourceService
05-12 13:51:32.972  1237  1237 D SystemServerTiming: OnBootPhase_480_com.android.server.alarm.AlarmManagerService
05-12 13:51:32.972  1237  1237 D SystemServerTiming: OnBootPhase_480_com.android.server.devicestate.DeviceStateManagerService
05-12 13:51:32.972  1237  1237 D SystemServerTiming: OnBootPhase_480_com.android.server.camera.CameraServiceProxy
05-12 13:51:32.972  1237  1237 D SystemServerTiming: OnBootPhase_480_com.android.server.bluetooth.BluetoothService
05-12 13:51:32.972  1237  1237 D SystemServerTiming: OnBootPhase_480_com.android.server.connectivity.IpConnectivityMetrics
05-12 13:51:32.972  1237  1237 D SystemServerTiming: OnBootPhase_480_com.android.server.net.watchlist.NetworkWatchlistService$Lifecycle
05-12 13:51:32.972  1237  1237 D SystemServerTiming: OnBootPhase_480_com.android.server.PinnerService
05-12 13:51:32.972  1237  1237 D SystemServerTiming: OnBootPhase_480_com.android.server.integrity.AppIntegrityManagerService
05-12 13:51:32.972  1237  1237 D SystemServerTiming: OnBootPhase_480_com.android.server.logcat.LogcatManagerService
05-12 13:51:32.972  1237  1237 D SystemServerTiming: OnBootPhase_480_com.android.server.derp.LineageGlobalActionsService
05-12 13:51:32.972  1237  1237 D SystemServerTiming: OnBootPhase_480_com.android.server.inputmethod.InputMethodManagerService$Lifecycle
05-12 13:51:32.972  1237  1237 D SystemServerTiming: OnBootPhase_480_com.android.server.accessibility.AccessibilityManagerService$Lifecycle
05-12 13:51:32.972  1237  1237 D SystemServerTiming: OnBootPhase_480_com.android.server.StorageManagerService$Lifecycle
05-12 13:51:32.972  1237  1237 D SystemServerTiming: OnBootPhase_480_com.android.server.usage.StorageStatsService$Lifecycle
05-12 13:51:32.972  1237  1237 D SystemServerTiming: OnBootPhase_480_com.android.server.UiModeManagerService
05-12 13:51:32.972  1237  1237 D SystemServerTiming: OnBootPhase_480_com.android.server.locales.LocaleManagerService
05-12 13:51:32.972  1237  1237 D SystemServerTiming: OnBootPhase_480_com.android.server.locksettings.LockSettingsService$Lifecycle
05-12 13:51:32.972  1237  1237 D SystemServerTiming: OnBootPhase_480_com.android.server.PersistentDataBlockService
05-12 13:51:32.972  1237  1237 D SystemServerTiming: OnBootPhase_480_com.android.server.testharness.TestHarnessModeService
05-12 13:51:32.972  1237  1237 D SystemServerTiming: OnBootPhase_480_com.android.server.oemlock.OemLockService
05-12 13:51:32.972  1237  1237 D SystemServerTiming: OnBootPhase_480_com.android.server.DeviceIdleController
05-12 13:51:32.972  1237  1237 D SystemServerTiming: OnBootPhase_480_com.android.server.devicepolicy.DevicePolicyManagerService$Lifecycle
05-12 13:51:32.978  1237  1237 I UsbPortManager: USB HAL HIDL version: 11
05-12 13:51:32.978  1237  1237 D SystemServerTiming: OnBootPhase_480_com.android.server.musicrecognition.MusicRecognitionManagerService
05-12 13:51:32.978  1237  1312 D SystemServerTimingAsync: InitThreadPoolExec:DevicePolicyManager
05-12 13:51:32.978  1237  1237 D SystemServerTiming: OnBootPhase_480_com.android.server.contentcapture.ContentCaptureManagerService
05-12 13:51:32.978  1237  1237 D SystemServerTiming: OnBootPhase_480_com.android.server.attention.AttentionManagerService
05-12 13:51:32.978  1237  1237 D SystemServerTiming: OnBootPhase_480_com.android.server.rotationresolver.RotationResolverManagerService
05-12 13:51:32.978  1237  1237 D SystemServerTiming: OnBootPhase_480_com.android.server.systemcaptions.SystemCaptionsManagerService
05-12 13:51:32.978  1237  1237 D SystemServerTiming: OnBootPhase_480_com.android.server.texttospeech.TextToSpeechManagerService
05-12 13:51:32.978  1237  1237 D SystemServerTiming: OnBootPhase_480_com.android.server.ambientcontext.AmbientContextManagerService
05-12 13:51:32.978  1237  1237 D SystemServerTiming: OnBootPhase_480_com.android.server.speech.SpeechRecognitionManagerService
05-12 13:51:32.978  1237  1237 D SystemServerTiming: OnBootPhase_480_com.android.server.appprediction.AppPredictionManagerService
05-12 13:51:32.978  1237  1237 D SystemServerTiming: OnBootPhase_480_com.android.server.contentsuggestions.ContentSuggestionsManagerService
05-12 13:51:32.978  1237  1237 D SystemServerTiming: OnBootPhase_480_com.android.server.searchui.SearchUiManagerService
05-12 13:51:32.978  1237  1237 D SystemServerTiming: OnBootPhase_480_com.android.server.smartspace.SmartspaceManagerService
05-12 13:51:32.978  1237  1237 D SystemServerTiming: OnBootPhase_480_com.android.server.graphics.fonts.FontManagerService$Lifecycle
05-12 13:51:32.978  1237  1237 D SystemServerTiming: OnBootPhase_480_com.android.server.textservices.TextServicesManagerService$Lifecycle
05-12 13:51:32.978  1237  1237 D SystemServerTiming: OnBootPhase_480_com.android.server.textclassifier.TextClassificationManagerService$Lifecycle
05-12 13:51:32.978  1237  1237 D SystemServerTiming: OnBootPhase_480_com.android.server.NetworkScoreService$Lifecycle
05-12 13:51:32.978  1237  1237 D SystemServerTiming: OnBootPhase_480_com.android.server.NetworkStatsServiceInitializer
05-12 13:51:32.978  1237  1237 D SystemServerTiming: OnBootPhase_480_com.android.server.wifi.WifiService
05-12 13:51:32.978  1237  1237 D SystemServerTiming: OnBootPhase_480_com.android.server.wifi.scanner.WifiScanningService
05-12 13:51:32.978  1237  1237 D SystemServerTiming: OnBootPhase_480_com.android.server.wifi.p2p.WifiP2pService
05-12 13:51:32.978  1237  1237 D SystemServerTiming: OnBootPhase_480_com.android.server.ConnectivityServiceInitializer
05-12 13:51:32.978  1237  1237 D SystemServerTiming: OnBootPhase_480_com.android.server.notification.NotificationManagerService
05-12 13:51:32.978  1237  1237 D SystemServerTiming: OnBootPhase_480_com.android.server.storage.DeviceStorageMonitorService
05-12 13:51:32.978  1237  1237 D SystemServerTiming: OnBootPhase_480_com.android.server.location.LocationManagerService$Lifecycle
05-12 13:51:32.978  1237  1237 D SystemServerTiming: OnBootPhase_480_com.android.server.timedetector.TimeDetectorService$Lifecycle
05-12 13:51:32.978  1237  1237 D SystemServerTiming: OnBootPhase_480_com.android.server.timezonedetector.TimeZoneDetectorService$Lifecycle
05-12 13:51:32.978  1237  1237 D SystemServerTiming: OnBootPhase_480_com.android.server.timezonedetector.location.LocationTimeZoneManagerService$Lifecycle
05-12 13:51:32.978  1237  1237 D SystemServerTiming: OnBootPhase_480_com.android.server.search.SearchManagerService$Lifecycle
05-12 13:51:32.978  1237  1237 D SystemServerTiming: OnBootPhase_480_com.android.server.wallpaper.WallpaperManagerService$Lifecycle
05-12 13:51:32.979  1237  1237 D SystemServerTiming: OnBootPhase_480_com.android.server.wallpapereffectsgeneration.WallpaperEffectsGenerationManagerService
05-12 13:51:32.979  1237  1237 D SystemServerTiming: OnBootPhase_480_com.android.server.audio.AudioService$Lifecycle
05-12 13:51:32.979  1237  1237 D SystemServerTiming: OnBootPhase_480_com.android.server.soundtrigger_middleware.SoundTriggerMiddlewareService$Lifecycle
05-12 13:51:32.979  1237  1237 D SystemServerTiming: OnBootPhase_480_com.android.server.DockObserver
05-12 13:51:32.979  1237  1237 D SystemServerTiming: OnBootPhase_480_com.android.server.midi.MidiService$Lifecycle
05-12 13:51:32.979  1237  1237 D SystemServerTiming: OnBootPhase_480_com.android.server.adb.AdbService$Lifecycle
05-12 13:51:32.979  1237  1237 D SystemServerTiming: OnBootPhase_480_com.android.server.usb.UsbService$Lifecycle
05-12 13:51:32.979  1237  1237 D SystemServerTiming: OnBootPhase_480_com.android.server.twilight.TwilightService
05-12 13:51:32.979  1237  1237 D SystemServerTiming: OnBootPhase_480_com.android.server.display.color.ColorDisplayService
05-12 13:51:32.979  1237  1237 D SystemServerTiming: OnBootPhase_480_com.android.server.job.JobSchedulerService
05-12 13:51:32.979  1237  1237 D SystemServerTiming: OnBootPhase_480_com.android.server.soundtrigger.SoundTriggerService
05-12 13:51:32.979  1237  1237 D SoundTriggerService: onBootPhase: 480 : false
05-12 13:51:32.979  1237  1237 D SystemServerTiming: OnBootPhase_480_com.android.server.trust.TrustManagerService
05-12 13:51:32.979  1237  1237 D SystemServerTiming: OnBootPhase_480_com.android.server.backup.BackupManagerService$Lifecycle
05-12 13:51:32.979  1237  1237 D SystemServerTiming: OnBootPhase_480_com.android.server.appwidget.AppWidgetService
05-12 13:51:32.979  1237  1237 D SystemServerTiming: OnBootPhase_480_com.android.server.voiceinteraction.VoiceInteractionManagerService
05-12 13:51:32.979  1237  1237 D SystemServerTiming: OnBootPhase_480_com.android.server.apphibernation.AppHibernationService
05-12 13:51:32.979  1237  1237 D SystemServerTiming: OnBootPhase_480_com.android.server.GestureLauncherService
05-12 13:51:32.979  1237  1237 D SystemServerTiming: OnBootPhase_480_com.android.server.SensorNotificationService
05-12 13:51:32.979  1237  1237 D SystemServerTiming: OnBootPhase_480_com.android.server.emergency.EmergencyAffordanceService
05-12 13:51:32.979  1237  1237 D SystemServerTiming: OnBootPhase_480_com.android.server.blob.BlobStoreManagerService
05-12 13:51:32.979  1237  1237 D SystemServerTiming: OnBootPhase_480_com.android.server.dreams.DreamManagerService
05-12 13:51:32.979  1237  1237 D SystemServerTiming: OnBootPhase_480_com.android.server.print.PrintManagerService
05-12 13:51:32.979  1237  1237 D SystemServerTiming: OnBootPhase_480_com.android.server.security.AttestationVerificationManagerService
05-12 13:51:32.979  1237  1237 D SystemServerTiming: OnBootPhase_480_com.android.server.companion.CompanionDeviceManagerService
05-12 13:51:32.979  1237  1237 D SystemServerTiming: OnBootPhase_480_com.android.server.companion.virtual.VirtualDeviceManagerService
05-12 13:51:32.979  1237  1237 D SystemServerTiming: OnBootPhase_480_com.android.server.restrictions.RestrictionsManagerService
05-12 13:51:32.979  1237  1237 D SystemServerTiming: OnBootPhase_480_com.android.server.media.MediaSessionService
05-12 13:51:32.979  1237  1237 D SystemServerTiming: OnBootPhase_480_com.android.server.media.MediaResourceMonitorService
05-12 13:51:32.979  1237  1237 D SystemServerTiming: OnBootPhase_480_com.android.server.biometrics.sensors.face.FaceService
05-12 13:51:32.979  1237  1237 D SystemServerTiming: OnBootPhase_480_com.android.server.biometrics.sensors.fingerprint.FingerprintService
05-12 13:51:32.979  1237  1237 D SystemServerTiming: OnBootPhase_480_com.android.server.biometrics.BiometricService
05-12 13:51:32.979  1237  1237 D SystemServerTiming: OnBootPhase_480_com.android.server.biometrics.AuthService
05-12 13:51:32.979  1237  1237 D SystemServerTiming: OnBootPhase_480_com.android.server.app.AppLockManagerService$Lifecycle
05-12 13:51:32.979  1237  1237 D SystemServerTiming: OnBootPhase_480_com.android.server.pm.ShortcutService$Lifecycle
05-12 13:51:32.980  1237  1237 D SystemServerTiming: OnBootPhase_480_com.android.server.pm.LauncherAppsService
05-12 13:51:32.980  1237  1237 D SystemServerTiming: OnBootPhase_480_com.android.server.pm.CrossProfileAppsService
05-12 13:51:32.980  1237  1237 D SystemServerTiming: OnBootPhase_480_com.android.server.pocket.PocketService
05-12 13:51:32.980  1237  1237 W PocketService: Un-handled boot phase:480
05-12 13:51:32.980  1237  1237 D SystemServerTiming: OnBootPhase_480_com.android.server.people.PeopleService
05-12 13:51:32.980  1237  1237 D SystemServerTiming: OnBootPhase_480_com.android.server.media.metrics.MediaMetricsManagerService
05-12 13:51:32.980  1237  1237 D SystemServerTiming: OnBootPhase_480_com.android.server.derp.CustomDeviceConfigService
05-12 13:51:32.981  1237  1237 D SystemServerTiming: OnBootPhase_480_com.android.server.vibrator.LinearmotorVibratorService
05-12 13:51:32.981  1237  1237 D SystemServerTiming: OnBootPhase_480_com.android.server.derp.LineageHardwareService
05-12 13:51:32.981  1237  1237 D SystemServerTiming: OnBootPhase_480_com.android.server.derp.display.LiveDisplayService
05-12 13:51:32.981  1237  1237 D SystemServerTiming: OnBootPhase_480_com.android.server.derp.health.HealthInterfaceService
05-12 13:51:32.981  1237  1237 D SystemServerTiming: OnBootPhase_480_com.android.server.media.projection.MediaProjectionManagerService
05-12 13:51:32.981  1237  1237 D SystemServerTiming: OnBootPhase_480_com.android.server.slice.SliceManagerService$Lifecycle
05-12 13:51:32.981  1237  1237 D SystemServerTiming: OnBootPhase_480_com.android.server.stats.StatsCompanion$Lifecycle
05-12 13:51:32.981  1237  1237 D SystemServerTiming: OnBootPhase_480_com.android.server.scheduling.RebootReadinessManagerService$Lifecycle
05-12 13:51:32.981  1237  1237 D SystemServerTiming: OnBootPhase_480_com.android.server.stats.pull.StatsPullAtomService
05-12 13:51:32.981  1237  1237 D SystemServerTiming: OnBootPhase_480_com.android.server.stats.bootstrap.StatsBootstrapAtomService$Lifecycle
05-12 13:51:32.981  1237  1237 D SystemServerTiming: OnBootPhase_480_com.android.server.incident.IncidentCompanionService
05-12 13:51:32.981  1237  1237 D SystemServerTiming: OnBootPhase_480_com.android.server.sdksandbox.SdkSandboxManagerService$Lifecycle
05-12 13:51:32.981  1237  1237 D SystemServerTiming: OnBootPhase_480_com.android.server.adservices.AdServicesManagerService$Lifecycle
05-12 13:51:32.981  1237  1237 D SystemServerTiming: OnBootPhase_480_com.android.server.MmsServiceBroker
05-12 13:51:32.981  1237  1237 D SystemServerTiming: OnBootPhase_480_com.android.server.autofill.AutofillManagerService
05-12 13:51:32.981  1237  1237 D SystemServerTiming: OnBootPhase_480_com.android.server.translation.TranslationManagerService
05-12 13:51:32.981  1237  1237 D SystemServerTiming: OnBootPhase_480_com.android.server.clipboard.ClipboardService
05-12 13:51:32.981  1237  1237 D SystemServerTiming: OnBootPhase_480_com.android.server.appbinding.AppBindingService$Lifecycle
05-12 13:51:32.981  1237  1237 D SystemServerTiming: OnBootPhase_480_com.android.server.tracing.TracingServiceProxy
05-12 13:51:32.981  1237  1237 D SystemServerTiming: StartBootPhaseSystemServicesReady
05-12 13:51:32.981  1237  1237 I SystemServiceManager: Starting phase 500
05-12 13:51:32.981  1237  1237 D SystemServerTiming: OnBootPhase_500
05-12 13:51:32.981  1237  1237 D SystemServerTiming: OnBootPhase_500_com.android.server.security.FileIntegrityService
05-12 13:51:32.981  1237  1237 D SystemServerTiming: OnBootPhase_500_com.android.server.pm.Installer
05-12 13:51:32.981  1237  1237 D SystemServerTiming: OnBootPhase_500_com.android.server.os.DeviceIdentifiersPolicyService
05-12 13:51:32.981  1237  1237 D SystemServerTiming: OnBootPhase_500_com.android.server.uri.UriGrantsManagerService$Lifecycle
05-12 13:51:32.982  1237  1237 D SystemServerTiming: OnBootPhase_500_com.android.server.powerstats.PowerStatsService
05-12 13:51:32.982  1237  1237 E StatsPullAtomCallbackImpl: Failed to start PowerStatsService statsd pullers
05-12 13:51:32.982  1237  1237 D SystemServerTiming: OnBootPhase_500_com.android.server.wm.ActivityTaskManagerService$Lifecycle
05-12 13:51:32.982  1237  1237 D SystemServerTiming: OnBootPhase_500_com.android.server.am.ActivityManagerService$Lifecycle
05-12 13:51:32.984  1237  1237 E BatteryStatsService: Could not register PowerStatsInternal
05-12 13:51:32.985  1237  1237 D SystemServerTiming: OnBootPhase_500_com.android.server.pm.DataLoaderManagerService
05-12 13:51:32.985  1237  1237 D SystemServerTiming: OnBootPhase_500_com.android.server.power.PowerManagerService
05-12 13:51:32.986  1237  1237 I AttentionDetector: readValuesFromDeviceConfig():
05-12 13:51:32.986  1237  1237 I AttentionDetector: mMaximumExtensionMillis=330000
05-12 13:51:32.986  1237  1237 I AttentionDetector: mPreDimCheckDurationMillis=2100
05-12 13:51:32.986  1237  1237 I AttentionDetector: mRequestedPostDimTimeoutMillis=0
05-12 13:51:32.989  1237  1237 W BrightnessThrottler: DeviceConfig BrightnessThrottlingData is null
05-12 13:51:32.990  1237  1237 E DisplayPowerController[0]: failed to set up display white-balance: java.lang.IllegalStateException: cannot find sensor com.google.sensor.color
05-12 13:51:32.995  1237  1237 I FaceDownDetector: readValuesFromDeviceConfig():
05-12 13:51:32.995  1237  1237 I FaceDownDetector: mAccelerationThreshold=0.2
05-12 13:51:32.995  1237  1237 I FaceDownDetector: mZAccelerationThreshold=-9.5
05-12 13:51:32.995  1237  1237 I FaceDownDetector: mTimeThreshold=PT1S
05-12 13:51:32.995  1237  1237 I FaceDownDetector: mIsEnabled=true
05-12 13:51:32.996  1237  1284 W KeyguardServiceDelegate: onScreenTurningOn(): no keyguard service!
05-12 13:51:32.997  1237  1284 V DisplayPowerController[0]: Brightness [0.39763778] reason changing to: 'override', previous reason: '0'.
05-12 13:51:32.998  1237  1284 I DisplayPowerController[0]: BrightnessEvent: disp=0, physDisp=local:0, brt=0.39763778, initBrt=NaN, rcmdBrt=NaN, preBrt=NaN, lux=0.0, preLux=0.0, hbmMax=1.0, hbmMode=off, rbcStrength=0, powerFactor=1.0, thrmMax=1.0, wasShortTermModelActive=false, flags=, reason=override, autoBrightness=false
05-12 13:51:32.998  1237  1284 I DisplayPowerController[0]: BrightnessEvent: disp=0, physDisp=local:0, brt=0.39763778, initBrt=0.39763778, rcmdBrt=NaN, preBrt=NaN, lux=0.0, preLux=0.0, hbmMax=1.0, hbmMode=off, rbcStrength=0, powerFactor=1.0, thrmMax=1.0, wasShortTermModelActive=false, flags=, reason=override, autoBrightness=false
05-12 13:51:32.998  1237  1284 I DisplayPowerController[0]: BrightnessEvent: disp=0, physDisp=local:0, brt=0.39763778, initBrt=0.39763778, rcmdBrt=NaN, preBrt=NaN, lux=0.0, preLux=0.0, hbmMax=1.0, hbmMode=off, rbcStrength=0, powerFactor=1.0, thrmMax=1.0, wasShortTermModelActive=false, flags=, reason=override, autoBrightness=false
05-12 13:51:32.999  1237  1237 I ScreenUndimDetector: readValuesFromDeviceConfig():
05-12 13:51:32.999  1237  1237 I ScreenUndimDetector: mKeepScreenOnForMillis=300000
05-12 13:51:32.999  1237  1237 I ScreenUndimDetector: mKeepScreenOnNotificationEnabled=false
05-12 13:51:32.999  1237  1237 I ScreenUndimDetector: mUndimsRequired=2
05-12 13:51:33.002  1237  1284 I DisplayPowerController[0]: BrightnessEvent: disp=0, physDisp=local:0, brt=0.39763778, initBrt=0.39763778, rcmdBrt=NaN, preBrt=NaN, lux=0.0, preLux=0.0, hbmMax=1.0, hbmMode=off, rbcStrength=0, powerFactor=1.0, thrmMax=1.0, wasShortTermModelActive=false, flags=, reason=override, autoBrightness=false
05-12 13:51:33.003  1237  1237 D SystemServerTiming: OnBootPhase_500_com.android.server.power.ThermalManagerService
05-12 13:51:33.004  1237  1237 D SystemServerTiming: OnBootPhase_500_com.android.server.power.hint.HintManagerService
05-12 13:51:33.004  1237  1237 V HintManagerService: Initializing HintManager service...
05-12 13:51:33.004  1237  1237 V HistoricalRegistry: Interaction before persistence initialized
05-12 13:51:33.004  1237  1237 D SystemServerTiming: OnBootPhase_500_com.android.server.recoverysystem.RecoverySystemService$Lifecycle
05-12 13:51:33.004  1237  1237 D SystemServerTiming: OnBootPhase_500_com.android.server.lights.LightsService
05-12 13:51:33.004  1237  1237 D SystemServerTiming: OnBootPhase_500_com.android.server.display.DisplayManagerService
05-12 13:51:33.004  1237  1237 D SystemServerTiming: OnBootPhase_500_com.android.server.pm.verify.domain.DomainVerificationService
05-12 13:51:33.004  1237  1237 D SystemServerTiming: OnBootPhase_500_com.android.server.pm.PackageInstallerService$Lifecycle
05-12 13:51:33.004  1237  1237 D SystemServerTiming: OnBootPhase_500_com.android.server.pm.UserManagerService$LifeCycle
05-12 13:51:33.004  1237  1237 D SystemServerTiming: OnBootPhase_500_com.android.server.om.OverlayManagerService
05-12 13:51:33.004  1237  1237 D SystemServerTiming: OnBootPhase_500_com.android.server.resources.ResourcesManagerService
05-12 13:51:33.004  1237  1237 D SystemServerTiming: OnBootPhase_500_com.android.server.sensorprivacy.SensorPrivacyService
05-12 13:51:33.006  1237  1237 D SystemServerTiming: OnBootPhase_500_com.android.server.sensors.SensorService
05-12 13:51:33.006  1237  1237 D SystemServerTiming: OnBootPhase_500_com.android.server.SystemConfigService
05-12 13:51:33.006  1237  1237 D SystemServerTiming: OnBootPhase_500_com.android.server.BatteryService
05-12 13:51:33.006  1237  1237 D SystemServerTiming: OnBootPhase_500_com.android.server.usage.UsageStatsService
05-12 13:51:33.006  1237  1237 D AppStandbyController: Setting app idle enabled state
05-12 13:51:33.012  1237  1237 V HistoricalRegistry: Interaction before persistence initialized
05-12 13:51:33.013  1237  1237 D SystemServerTiming: OnBootPhase_500_com.android.server.webkit.WebViewUpdateService
05-12 13:51:33.013  1237  1237 D SystemServerTiming: OnBootPhase_500_com.android.server.CachedDeviceStateService
05-12 13:51:33.013  1237  1237 D SystemServerTiming: OnBootPhase_500_com.android.server.BinderCallsStatsService$LifeCycle
05-12 13:51:33.016  1237  1237 D SystemServerTiming: OnBootPhase_500_com.android.server.LooperStatsService$Lifecycle
05-12 13:51:33.016  1237  1237 D SystemServerTiming: OnBootPhase_500_com.android.server.rollback.RollbackManagerService
05-12 13:51:33.016  1237  1237 D SystemServerTiming: OnBootPhase_500_com.android.server.os.NativeTombstoneManagerService
05-12 13:51:33.016  1237  1237 D SystemServerTiming: OnBootPhase_500_com.android.server.os.BugreportManagerService
05-12 13:51:33.016  1237  1237 D SystemServerTiming: OnBootPhase_500_com.android.server.gpu.GpuService
05-12 13:51:33.016  1237  1237 D SystemServerTiming: OnBootPhase_500_com.android.server.security.KeyChainSystemService
05-12 13:51:33.016  1237  1237 D SystemServerTiming: OnBootPhase_500_com.android.server.BinaryTransparencyService
05-12 13:51:33.016  1237  1237 D SystemServerTiming: OnBootPhase_500_com.android.server.telecom.TelecomLoaderService
05-12 13:51:33.016  1237  1237 D SystemServerTiming: OnBootPhase_500_com.android.server.accounts.AccountManagerService$Lifecycle
05-12 13:51:33.016  1237  1237 D SystemServerTiming: OnBootPhase_500_com.android.server.content.ContentService$Lifecycle
05-12 13:51:33.017  1237  1237 D SystemServerTiming: OnBootPhase_500_com.android.server.DropBoxManagerService
05-12 13:51:33.017  1237  1237 D SystemServerTiming: OnBootPhase_500_com.android.role.RoleService
05-12 13:51:33.017  1237  1237 D SystemServerTiming: OnBootPhase_500_com.android.server.vibrator.VibratorManagerService$Lifecycle
05-12 13:51:33.017  1237  1237 V VibratorManagerService: Initializing VibratorManager service...
05-12 13:51:33.017  1237  1237 V HistoricalRegistry: Interaction before persistence initialized
05-12 13:51:33.018  1237  1237 V VibratorManagerService: VibratorManager service initialized
05-12 13:51:33.018  1237  1237 D SystemServerTiming: OnBootPhase_500_com.android.server.tare.InternalResourceService
05-12 13:51:33.019  1237  1237 D SystemServerTiming: OnBootPhase_500_com.android.server.alarm.AlarmManagerService
05-12 13:51:33.022  1237  1237 D SystemServerTiming: OnBootPhase_500_com.android.server.devicestate.DeviceStateManagerService
05-12 13:51:33.022  1237  1237 D SystemServerTiming: OnBootPhase_500_com.android.server.camera.CameraServiceProxy
05-12 13:51:33.022  1237  1237 D SystemServerTiming: OnBootPhase_500_com.android.server.bluetooth.BluetoothService
05-12 13:51:33.023  1237  1237 D SystemServerTiming: OnBootPhase_500_com.android.server.connectivity.IpConnectivityMetrics
05-12 13:51:33.027  1237  1237 D SystemServerTiming: OnBootPhase_500_com.android.server.net.watchlist.NetworkWatchlistService$Lifecycle
05-12 13:51:33.027  1237  1237 D SystemServerTiming: OnBootPhase_500_com.android.server.PinnerService
05-12 13:51:33.027  1237  1237 D SystemServerTiming: OnBootPhase_500_com.android.server.integrity.AppIntegrityManagerService
05-12 13:51:33.027  1237  1237 D SystemServerTiming: OnBootPhase_500_com.android.server.logcat.LogcatManagerService
