05-12 13:51:34.906  1237  1317 D CompatibilityChangeReporter: Compat change id reported: 218533173; UID 10154; state: ENABLED
05-12 13:51:34.906  1237  1317 D CompatibilityChangeReporter: Compat change id reported: 218533173; UID 10108; state: ENABLED
05-12 13:51:34.907  1237  1317 D CompatibilityChangeReporter: Compat change id reported: 218533173; UID 10420; state: ENABLED
05-12 13:51:34.907  1237  1317 D CompatibilityChangeReporter: Compat change id reported: 218533173; UID 10117; state: ENABLED
05-12 13:51:34.907  1237  1317 D CompatibilityChangeReporter: Compat change id reported: 218533173; UID 10113; state: ENABLED
05-12 13:51:34.908  1237  1317 D CompatibilityChangeReporter: Compat change id reported: 218533173; UID 10038; state: ENABLED
05-12 13:51:34.908  1237  1317 D CompatibilityChangeReporter: Compat change id reported: 218533173; UID 10286; state: ENABLED
05-12 13:51:34.908  1237  1317 D CompatibilityChangeReporter: Compat change id reported: 218533173; UID 10513; state: ENABLED
05-12 13:51:34.909  1237  1317 D CompatibilityChangeReporter: Compat change id reported: 218533173; UID 10574; state: ENABLED
05-12 13:51:34.909  1237  1317 D CompatibilityChangeReporter: Compat change id reported: 218533173; UID 10287; state: ENABLED
05-12 13:51:34.909  1237  1317 D CompatibilityChangeReporter: Compat change id reported: 218533173; UID 10006; state: ENABLED
05-12 13:51:34.910  1237  1317 D CompatibilityChangeReporter: Compat change id reported: 218533173; UID 10391; state: ENABLED
05-12 13:51:34.910  1237  1317 D CompatibilityChangeReporter: Compat change id reported: 218533173; UID 10354; state: ENABLED
05-12 13:51:34.910  1237  1317 D CompatibilityChangeReporter: Compat change id reported: 218533173; UID 10527; state: ENABLED
05-12 13:51:34.910  1237  1317 D CompatibilityChangeReporter: Compat change id reported: 218533173; UID 10452; state: ENABLED
05-12 13:51:34.911  1237  1317 D CompatibilityChangeReporter: Compat change id reported: 218533173; UID 10103; state: ENABLED
05-12 13:51:34.911  1237  1317 D CompatibilityChangeReporter: Compat change id reported: 218533173; UID 10362; state: ENABLED
05-12 13:51:34.911  1237  1317 D CompatibilityChangeReporter: Compat change id reported: 218533173; UID 10057; state: ENABLED
05-12 13:51:34.911  1237  1317 D CompatibilityChangeReporter: Compat change id reported: 218533173; UID 10272; state: ENABLED
05-12 13:51:34.912  1237  1317 D CompatibilityChangeReporter: Compat change id reported: 218533173; UID 10361; state: ENABLED
05-12 13:51:34.912  1237  1317 D CompatibilityChangeReporter: Compat change id reported: 218533173; UID 10215; state: ENABLED
05-12 13:51:34.912  1237  1317 D CompatibilityChangeReporter: Compat change id reported: 218533173; UID 10034; state: ENABLED
05-12 13:51:34.913  1237  1317 D CompatibilityChangeReporter: Compat change id reported: 218533173; UID 10494; state: ENABLED
05-12 13:51:34.913  1237  1317 D CompatibilityChangeReporter: Compat change id reported: 218533173; UID 10318; state: ENABLED
05-12 13:51:34.913  1237  1317 D CompatibilityChangeReporter: Compat change id reported: 218533173; UID 10078; state: ENABLED
05-12 13:51:34.913  1237  1317 D CompatibilityChangeReporter: Compat change id reported: 218533173; UID 10073; state: ENABLED
05-12 13:51:34.914  1237  1317 D CompatibilityChangeReporter: Compat change id reported: 218533173; UID 10441; state: DISABLED
05-12 13:51:34.914  1237  1317 D CompatibilityChangeReporter: Compat change id reported: 218533173; UID 10086; state: ENABLED
05-12 13:51:34.914  1237  1317 D CompatibilityChangeReporter: Compat change id reported: 218533173; UID 10135; state: ENABLED
05-12 13:51:34.915  1237  1317 D CompatibilityChangeReporter: Compat change id reported: 218533173; UID 10329; state: ENABLED
05-12 13:51:34.915  1237  1317 D CompatibilityChangeReporter: Compat change id reported: 171306433; UID 10551; state: ENABLED
05-12 13:51:34.915  1237  1317 D CompatibilityChangeReporter: Compat change id reported: 226439802; UID 10551; state: DISABLED
05-12 13:51:34.916  1237  1317 D CompatibilityChangeReporter: Compat change id reported: 218533173; UID 10265; state: ENABLED
05-12 13:51:34.916  1237  1317 D CompatibilityChangeReporter: Compat change id reported: 218533173; UID 10295; state: ENABLED
05-12 13:51:34.917  1237  1317 D CompatibilityChangeReporter: Compat change id reported: 218533173; UID 10381; state: ENABLED
05-12 13:51:34.917  1237  1317 D CompatibilityChangeReporter: Compat change id reported: 218533173; UID 10067; state: ENABLED
05-12 13:51:34.918  1237  1317 D CompatibilityChangeReporter: Compat change id reported: 218533173; UID 10172; state: ENABLED
05-12 13:51:34.918  1237  1317 D CompatibilityChangeReporter: Compat change id reported: 218533173; UID 10405; state: ENABLED
05-12 13:51:34.918  1237  1317 D CompatibilityChangeReporter: Compat change id reported: 218533173; UID 10160; state: ENABLED
05-12 13:51:34.919  1237  1317 D CompatibilityChangeReporter: Compat change id reported: 218533173; UID 10024; state: ENABLED
05-12 13:51:34.919  1237  1317 D CompatibilityChangeReporter: Compat change id reported: 218533173; UID 10355; state: ENABLED
05-12 13:51:34.920  1237  1317 D CompatibilityChangeReporter: Compat change id reported: 218533173; UID 10375; state: ENABLED
05-12 13:51:34.920  1237  1317 D CompatibilityChangeReporter: Compat change id reported: 218533173; UID 10119; state: ENABLED
05-12 13:51:34.920  1237  1317 D CompatibilityChangeReporter: Compat change id reported: 218533173; UID 10275; state: ENABLED
05-12 13:51:34.921  1237  1317 D CompatibilityChangeReporter: Compat change id reported: 218533173; UID 10166; state: ENABLED
05-12 13:51:34.921  1237  1317 D CompatibilityChangeReporter: Compat change id reported: 218533173; UID 10106; state: ENABLED
05-12 13:51:34.921  1237  1317 D CompatibilityChangeReporter: Compat change id reported: 218533173; UID 10008; state: ENABLED
05-12 13:51:34.922  1237  1317 D CompatibilityChangeReporter: Compat change id reported: 218533173; UID 10144; state: ENABLED
05-12 13:51:34.922  1237  1317 D CompatibilityChangeReporter: Compat change id reported: 218533173; UID 10309; state: ENABLED
05-12 13:51:34.922  1237  1317 D CompatibilityChangeReporter: Compat change id reported: 218533173; UID 10433; state: ENABLED
05-12 13:51:34.923  1237  1317 D CompatibilityChangeReporter: Compat change id reported: 218533173; UID 10343; state: ENABLED
05-12 13:51:34.923  1237  1317 D CompatibilityChangeReporter: Compat change id reported: 218533173; UID 10236; state: ENABLED
05-12 13:51:34.923  1237  1317 D CompatibilityChangeReporter: Compat change id reported: 218533173; UID 10245; state: ENABLED
05-12 13:51:34.924  1237  1317 D CompatibilityChangeReporter: Compat change id reported: 218533173; UID 10348; state: ENABLED
05-12 13:51:34.924  1237  1317 D CompatibilityChangeReporter: Compat change id reported: 218533173; UID 10469; state: ENABLED
05-12 13:51:34.924  1237  1317 D CompatibilityChangeReporter: Compat change id reported: 218533173; UID 10374; state: ENABLED
05-12 13:51:34.925  1237  1317 D CompatibilityChangeReporter: Compat change id reported: 218533173; UID 10089; state: ENABLED
05-12 13:51:34.925  1237  1317 D CompatibilityChangeReporter: Compat change id reported: 171306433; UID 10449; state: ENABLED
05-12 13:51:34.925  1237  1317 D CompatibilityChangeReporter: Compat change id reported: 226439802; UID 10449; state: DISABLED
05-12 13:51:34.925  1237  1317 D CompatibilityChangeReporter: Compat change id reported: 218533173; UID 10453; state: ENABLED
05-12 13:51:34.926  1237  1317 D CompatibilityChangeReporter: Compat change id reported: 218533173; UID 10371; state: ENABLED
05-12 13:51:34.926  1237  1317 D CompatibilityChangeReporter: Compat change id reported: 218533173; UID 10031; state: ENABLED
05-12 13:51:34.926  1237  1317 D CompatibilityChangeReporter: Compat change id reported: 218533173; UID 10490; state: ENABLED
05-12 13:51:34.926  1237  1317 D CompatibilityChangeReporter: Compat change id reported: 218533173; UID 10390; state: ENABLED
05-12 13:51:34.927  1237  1317 D CompatibilityChangeReporter: Compat change id reported: 218533173; UID 10394; state: ENABLED
05-12 13:51:34.927  1237  1317 D CompatibilityChangeReporter: Compat change id reported: 218533173; UID 10504; state: DISABLED
05-12 13:51:34.927  1237  1317 D CompatibilityChangeReporter: Compat change id reported: 218533173; UID 10384; state: ENABLED
05-12 13:51:34.928  1237  1317 D CompatibilityChangeReporter: Compat change id reported: 218533173; UID 10378; state: ENABLED
05-12 13:51:34.928  1237  1317 D CompatibilityChangeReporter: Compat change id reported: 218533173; UID 10401; state: ENABLED
05-12 13:51:34.928  1237  1317 D CompatibilityChangeReporter: Compat change id reported: 218533173; UID 10403; state: ENABLED
05-12 13:51:34.928  1237  1317 D CompatibilityChangeReporter: Compat change id reported: 218533173; UID 10397; state: ENABLED
05-12 13:51:34.929  1237  1317 D CompatibilityChangeReporter: Compat change id reported: 218533173; UID 10356; state: ENABLED
05-12 13:51:34.929  1237  1317 D CompatibilityChangeReporter: Compat change id reported: 218533173; UID 10300; state: ENABLED
05-12 13:51:34.929  1237  1317 D CompatibilityChangeReporter: Compat change id reported: 218533173; UID 10010; state: ENABLED
05-12 13:51:34.930  1237  1317 D CompatibilityChangeReporter: Compat change id reported: 218533173; UID 10322; state: ENABLED
05-12 13:51:34.930  1237  1317 D CompatibilityChangeReporter: Compat change id reported: 218533173; UID 10331; state: ENABLED
05-12 13:51:34.930  1237  1317 D CompatibilityChangeReporter: Compat change id reported: 218533173; UID 10358; state: ENABLED
05-12 13:51:34.931  1237  1317 D CompatibilityChangeReporter: Compat change id reported: 218533173; UID 10387; state: ENABLED
05-12 13:51:34.931  1237  1317 D CompatibilityChangeReporter: Compat change id reported: 218533173; UID 10043; state: ENABLED
05-12 13:51:34.931  1237  1317 D CompatibilityChangeReporter: Compat change id reported: 218533173; UID 10042; state: ENABLED
05-12 13:51:34.931  1237  1317 D CompatibilityChangeReporter: Compat change id reported: 218533173; UID 10529; state: ENABLED
05-12 13:51:34.931  1237  1317 D CompatibilityChangeReporter: Compat change id reported: 218533173; UID 10323; state: ENABLED
05-12 13:51:34.932  1237  1317 D CompatibilityChangeReporter: Compat change id reported: 218533173; UID 10048; state: ENABLED
05-12 13:51:34.932  1237  1317 D CompatibilityChangeReporter: Compat change id reported: 218533173; UID 10174; state: ENABLED
05-12 13:51:34.932  1237  1317 D CompatibilityChangeReporter: Compat change id reported: 218533173; UID 10216; state: ENABLED
05-12 13:51:34.932  1237  1317 D CompatibilityChangeReporter: Compat change id reported: 218533173; UID 10238; state: ENABLED
05-12 13:51:34.933  1237  1317 D CompatibilityChangeReporter: Compat change id reported: 218533173; UID 10130; state: ENABLED
05-12 13:51:34.933  1237  1317 D CompatibilityChangeReporter: Compat change id reported: 218533173; UID 10492; state: DISABLED
05-12 13:51:34.933  1237  1317 D CompatibilityChangeReporter: Compat change id reported: 218533173; UID 10115; state: ENABLED
05-12 13:51:34.933  1237  1317 D CompatibilityChangeReporter: Compat change id reported: 218533173; UID 10020; state: ENABLED
05-12 13:51:34.934  1237  1317 D CompatibilityChangeReporter: Compat change id reported: 218533173; UID 10203; state: ENABLED
05-12 13:51:34.934  1237  1317 D CompatibilityChangeReporter: Compat change id reported: 218533173; UID 10077; state: ENABLED
05-12 13:51:34.934  1237  1317 D CompatibilityChangeReporter: Compat change id reported: 218533173; UID 10410; state: ENABLED
05-12 13:51:34.935  1237  1317 D CompatibilityChangeReporter: Compat change id reported: 218533173; UID 10326; state: ENABLED
05-12 13:51:34.935  1237  1317 D CompatibilityChangeReporter: Compat change id reported: 218533173; UID 10111; state: ENABLED
05-12 13:51:34.935  1237  1317 D CompatibilityChangeReporter: Compat change id reported: 218533173; UID 10460; state: ENABLED
05-12 13:51:34.936  1237  1317 D CompatibilityChangeReporter: Compat change id reported: 218533173; UID 10472; state: DISABLED
05-12 13:51:34.936  1237  1317 D CompatibilityChangeReporter: Compat change id reported: 218533173; UID 10509; state: ENABLED
05-12 13:51:34.937  1237  1317 D CompatibilityChangeReporter: Compat change id reported: 218533173; UID 10382; state: ENABLED
05-12 13:51:34.937  1237  1317 D CompatibilityChangeReporter: Compat change id reported: 218533173; UID 10516; state: ENABLED
05-12 13:51:34.938  1237  1317 D CompatibilityChangeReporter: Compat change id reported: 218533173; UID 10072; state: ENABLED
05-12 13:51:34.938  1237  1317 D CompatibilityChangeReporter: Compat change id reported: 171306433; UID 10501; state: ENABLED
05-12 13:51:34.938  1237  1317 D CompatibilityChangeReporter: Compat change id reported: 226439802; UID 10501; state: DISABLED
05-12 13:51:34.938  1237  1317 D CompatibilityChangeReporter: Compat change id reported: 218533173; UID 10000; state: ENABLED
05-12 13:51:34.939  1237  1317 D CompatibilityChangeReporter: Compat change id reported: 218533173; UID 10334; state: ENABLED
05-12 13:51:34.939  1237  1317 D CompatibilityChangeReporter: Compat change id reported: 218533173; UID 10094; state: ENABLED
05-12 13:51:34.939  1237  1317 D CompatibilityChangeReporter: Compat change id reported: 218533173; UID 10028; state: ENABLED
05-12 13:51:34.939  1237  1317 D CompatibilityChangeReporter: Compat change id reported: 218533173; UID 10506; state: ENABLED
05-12 13:51:34.940  1237  1317 D CompatibilityChangeReporter: Compat change id reported: 218533173; UID 10486; state: ENABLED
05-12 13:51:34.940  1237  1317 D CompatibilityChangeReporter: Compat change id reported: 218533173; UID 10312; state: ENABLED
05-12 13:51:34.941  1237  1317 D CompatibilityChangeReporter: Compat change id reported: 218533173; UID 10109; state: ENABLED
05-12 13:51:34.941  1237  1317 D CompatibilityChangeReporter: Compat change id reported: 218533173; UID 10164; state: ENABLED
05-12 13:51:34.942  1237  1317 D CompatibilityChangeReporter: Compat change id reported: 218533173; UID 10383; state: ENABLED
05-12 13:51:34.942  1237  1317 D CompatibilityChangeReporter: Compat change id reported: 218533173; UID 10499; state: ENABLED
05-12 13:51:34.942  1237  1317 D CompatibilityChangeReporter: Compat change id reported: 218533173; UID 10436; state: ENABLED
05-12 13:51:34.943  1237  1317 D CompatibilityChangeReporter: Compat change id reported: 218533173; UID 10104; state: ENABLED
05-12 13:51:34.943  1237  1317 D CompatibilityChangeReporter: Compat change id reported: 218533173; UID 10406; state: ENABLED
05-12 13:51:34.943  1237  1317 D CompatibilityChangeReporter: Compat change id reported: 218533173; UID 10200; state: ENABLED
05-12 13:51:34.944  1237  1317 D CompatibilityChangeReporter: Compat change id reported: 218533173; UID 10349; state: ENABLED
05-12 13:51:34.944  1237  1317 D CompatibilityChangeReporter: Compat change id reported: 218533173; UID 10090; state: ENABLED
05-12 13:51:34.944  1237  1317 D CompatibilityChangeReporter: Compat change id reported: 218533173; UID 10515; state: DISABLED
05-12 13:51:34.944  1237  1317 D CompatibilityChangeReporter: Compat change id reported: 218533173; UID 10324; state: ENABLED
05-12 13:51:34.945  1237  1317 D CompatibilityChangeReporter: Compat change id reported: 218533173; UID 10177; state: ENABLED
05-12 13:51:34.945  1237  1317 D CompatibilityChangeReporter: Compat change id reported: 218533173; UID 10376; state: ENABLED
05-12 13:51:34.945  1237  1317 D CompatibilityChangeReporter: Compat change id reported: 218533173; UID 10398; state: ENABLED
05-12 13:51:34.945  1237  1317 D CompatibilityChangeReporter: Compat change id reported: 218533173; UID 10091; state: ENABLED
05-12 13:51:34.946  1237  1317 D CompatibilityChangeReporter: Compat change id reported: 218533173; UID 10081; state: ENABLED
05-12 13:51:34.946  1237  1317 D CompatibilityChangeReporter: Compat change id reported: 218533173; UID 10211; state: ENABLED
05-12 13:51:34.946  1237  1317 D CompatibilityChangeReporter: Compat change id reported: 218533173; UID 10290; state: ENABLED
05-12 13:51:34.947  1237  1317 D CompatibilityChangeReporter: Compat change id reported: 218533173; UID 10385; state: ENABLED
05-12 13:51:34.947  1237  1317 D CompatibilityChangeReporter: Compat change id reported: 218533173; UID 10379; state: ENABLED
05-12 13:51:34.947  1237  1317 D CompatibilityChangeReporter: Compat change id reported: 218533173; UID 10402; state: ENABLED
05-12 13:51:34.948  1237  1317 D CompatibilityChangeReporter: Compat change id reported: 218533173; UID 10404; state: ENABLED
05-12 13:51:34.948  1237  1317 D CompatibilityChangeReporter: Compat change id reported: 218533173; UID 10395; state: ENABLED
05-12 13:51:34.948  1237  1317 D CompatibilityChangeReporter: Compat change id reported: 218533173; UID 10357; state: ENABLED
05-12 13:51:34.948  1237  1317 D CompatibilityChangeReporter: Compat change id reported: 218533173; UID 10301; state: ENABLED
05-12 13:51:34.948  1237  1317 D CompatibilityChangeReporter: Compat change id reported: 218533173; UID 10012; state: ENABLED
05-12 13:51:34.949  1237  1317 D CompatibilityChangeReporter: Compat change id reported: 218533173; UID 10399; state: ENABLED
05-12 13:51:34.949  1237  1317 D CompatibilityChangeReporter: Compat change id reported: 218533173; UID 10145; state: ENABLED
05-12 13:51:34.949  1237  1317 D CompatibilityChangeReporter: Compat change id reported: 218533173; UID 10052; state: ENABLED
05-12 13:51:34.949  1237  1317 D CompatibilityChangeReporter: Compat change id reported: 218533173; UID 10116; state: ENABLED
05-12 13:51:34.950  1237  1317 D CompatibilityChangeReporter: Compat change id reported: 218533173; UID 10083; state: ENABLED
05-12 13:51:34.950  1237  1317 D CompatibilityChangeReporter: Compat change id reported: 218533173; UID 10118; state: ENABLED
05-12 13:51:34.951  1237  1317 D CompatibilityChangeReporter: Compat change id reported: 218533173; UID 10518; state: ENABLED
05-12 13:51:34.951  1237  1317 D CompatibilityChangeReporter: Compat change id reported: 218533173; UID 10158; state: ENABLED
05-12 13:51:34.951  1237  1317 D CompatibilityChangeReporter: Compat change id reported: 218533173; UID 10366; state: ENABLED
05-12 13:51:34.951  1237  1317 D CompatibilityChangeReporter: Compat change id reported: 218533173; UID 10070; state: ENABLED
05-12 13:51:34.952  1237  1317 D CompatibilityChangeReporter: Compat change id reported: 218533173; UID 10389; state: ENABLED
05-12 13:51:34.952  1237  1317 D CompatibilityChangeReporter: Compat change id reported: 218533173; UID 10282; state: ENABLED
05-12 13:51:34.952  1237  1317 D CompatibilityChangeReporter: Compat change id reported: 218533173; UID 10327; state: ENABLED
05-12 13:51:34.953  1237  1317 D CompatibilityChangeReporter: Compat change id reported: 218533173; UID 10437; state: ENABLED
05-12 13:51:34.953  1237  1317 D CompatibilityChangeReporter: Compat change id reported: 171306433; UID 10421; state: ENABLED
05-12 13:51:34.953  1237  1317 D CompatibilityChangeReporter: Compat change id reported: 226439802; UID 10421; state: DISABLED
05-12 13:51:34.953  1237  1317 D CompatibilityChangeReporter: Compat change id reported: 218533173; UID 10293; state: ENABLED
05-12 13:51:34.954  1237  1317 D CompatibilityChangeReporter: Compat change id reported: 218533173; UID 10197; state: ENABLED
05-12 13:51:34.954  1237  1317 D CompatibilityChangeReporter: Compat change id reported: 218533173; UID 10112; state: ENABLED
05-12 13:51:34.954  1237  1317 D CompatibilityChangeReporter: Compat change id reported: 218533173; UID 10235; state: ENABLED
05-12 13:51:34.954  1237  1317 D CompatibilityChangeReporter: Compat change id reported: 218533173; UID 10079; state: ENABLED
05-12 13:51:34.955  1237  1317 D CompatibilityChangeReporter: Compat change id reported: 218533173; UID 10314; state: ENABLED
05-12 13:51:34.955  1237  1317 D CompatibilityChangeReporter: Compat change id reported: 218533173; UID 10233; state: ENABLED
05-12 13:51:34.955  1237  1317 D CompatibilityChangeReporter: Compat change id reported: 218533173; UID 10284; state: ENABLED
05-12 13:51:34.956  1237  1317 D CompatibilityChangeReporter: Compat change id reported: 218533173; UID 10170; state: ENABLED
05-12 13:51:34.956  1237  1317 D CompatibilityChangeReporter: Compat change id reported: 218533173; UID 10269; state: ENABLED
05-12 13:51:34.956  1237  1317 D CompatibilityChangeReporter: Compat change id reported: 218533173; UID 10181; state: ENABLED
05-12 13:51:34.956  1237  1317 D CompatibilityChangeReporter: Compat change id reported: 218533173; UID 10212; state: ENABLED
05-12 13:51:34.957  1237  1317 D CompatibilityChangeReporter: Compat change id reported: 218533173; UID 10302; state: ENABLED
05-12 13:51:34.957  1237  1317 D CompatibilityChangeReporter: Compat change id reported: 218533173; UID 10498; state: ENABLED
05-12 13:51:34.957  1237  1317 D CompatibilityChangeReporter: Compat change id reported: 218533173; UID 10237; state: ENABLED
05-12 13:51:34.958  1237  1317 D CompatibilityChangeReporter: Compat change id reported: 218533173; UID 10458; state: ENABLED
05-12 13:51:35.012  1237  1420 D CompatibilityChangeReporter: Compat change id reported: 197654537; UID 1000; state: ENABLED
05-12 13:51:35.079  1237  1237 D AccessibilityManagerService: Ignoring non-encryption-aware service ComponentInfo{com.google.android.marvin.talkback/com.google.android.accessibility.accessibilitymenu.AccessibilityMenuService}
05-12 13:51:35.079  1237  1237 D AccessibilityManagerService: Ignoring non-encryption-aware service ComponentInfo{com.tempmail/com.tempmail.services.AutoFillAccessibilityService}
05-12 13:51:35.081  1237  1237 W WindowMagnificationMgr: requestConnection duplicated request: connect=false, mConnectionState=DISCONNECTED
05-12 13:51:35.081  1237  1237 W Looper  : Slow dispatch took 205ms main h=android.app.ActivityThread$H c=android.app.LoadedApk$ReceiverDispatcher$Args$$ExternalSyntheticLambda0@97a511 m=0
05-12 13:51:35.082  1237  1237 D SystemServerTiming: ManagedServices.unbindOtherUserServices_current0
05-12 13:51:35.083  1237  1237 D SystemServerTiming: ManagedServices.unbindOtherUserServices_current0
05-12 13:51:35.083  1237  1237 V NotificationListeners: enabling notification listener for 0: ComponentInfo{com.android.launcher3/com.android.launcher3.notification.NotificationListener}
05-12 13:51:35.084  1237  1237 V NotificationListeners: binding: Intent { act=android.service.notification.NotificationListenerService cmp=com.android.launcher3/.notification.NotificationListener (has extras) }
05-12 13:51:35.084  1237  1237 W ActivityManager: Unable to start service Intent { act=android.service.notification.NotificationListenerService cmp=com.android.launcher3/.notification.NotificationListener } U=0: not found
05-12 13:51:35.085  1237  1237 W NotificationListeners: Unable to bind notification listener service: Intent { act=android.service.notification.NotificationListenerService cmp=com.android.launcher3/.notification.NotificationListener (has extras) } in user 0
05-12 13:51:35.085  1237  1237 V NotificationListeners: enabling notification listener for 0: ComponentInfo{com.google.android.projection.gearhead/com.google.android.gearhead.notifications.SharedNotificationListenerManager$ListenerService}
05-12 13:51:35.085  1237  1237 V NotificationListeners: binding: Intent { act=android.service.notification.NotificationListenerService cmp=com.google.android.projection.gearhead/com.google.android.gearhead.notifications.SharedNotificationListenerManager$ListenerService (has extras) }
05-12 13:51:35.085  1237  1237 W ActivityManager: Unable to start service Intent { act=android.service.notification.NotificationListenerService cmp=com.google.android.projection.gearhead/com.google.android.gearhead.notifications.SharedNotificationListenerManager$ListenerService } U=0: not found
05-12 13:51:35.085  1237  1237 W NotificationListeners: Unable to bind notification listener service: Intent { act=android.service.notification.NotificationListenerService cmp=com.google.android.projection.gearhead/com.google.android.gearhead.notifications.SharedNotificationListenerManager$ListenerService (has extras) } in user 0
05-12 13:51:35.086  1237  1237 V NotificationListeners: enabling notification listener for 0: ComponentInfo{com.google.android.as/com.google.android.apps.miphone.aiai.common.notification.service.AiAiNotificationListenerService}
05-12 13:51:35.086  1237  1237 V NotificationListeners: binding: Intent { act=android.service.notification.NotificationListenerService cmp=com.google.android.as/com.google.android.apps.miphone.aiai.common.notification.service.AiAiNotificationListenerService (has extras) }
05-12 13:51:35.086  1237  1237 W ActivityManager: Unable to start service Intent { act=android.service.notification.NotificationListenerService cmp=com.google.android.as/com.google.android.apps.miphone.aiai.common.notification.service.AiAiNotificationListenerService } U=0: not found
05-12 13:51:35.086  1237  1237 W NotificationListeners: Unable to bind notification listener service: Intent { act=android.service.notification.NotificationListenerService cmp=com.google.android.as/com.google.android.apps.miphone.aiai.common.notification.service.AiAiNotificationListenerService (has extras) } in user 0
05-12 13:51:35.086  1237  1237 D SystemServerTiming: ManagedServices.unbindOtherUserServices_current0
05-12 13:51:35.087  1237  1237 V NotificationAssistants: enabling notification assistant for 0: ComponentInfo{android.ext.services/android.ext.services.notification.Assistant}
05-12 13:51:35.087  1237  1237 V NotificationAssistants: binding: Intent { act=android.service.notification.NotificationAssistantService cmp=android.ext.services/.notification.Assistant (has extras) }
05-12 13:51:35.089  1237  1237 D CompatibilityChangeReporter: Compat change id reported: 168419799; UID 10512; state: DISABLED
05-12 13:51:35.089  1237  1237 D CompatibilityChangeReporter: Compat change id reported: 273564678; UID 10512; state: DISABLED
05-12 13:51:35.107  1237  1770 D CompatibilityChangeReporter: Compat change id reported: 157233955; UID 10499; state: ENABLED
05-12 13:51:35.122  1237  1427 D CoreBackPreview: Window{e9e8d3 u0 com.android.settings/com.android.settings.FallbackHome}: Setting back callback OnBackInvokedCallbackInfo{mCallback=android.window.IOnBackInvokedCallback$Stub$Proxy@83b9f4b, mPriority=-1}
05-12 13:51:35.123  1237  1427 D CustomFaceProvider: bindFaceAuthService 0
05-12 13:51:35.123  1237  1427 D CustomFaceProvider: FaceService disabled
05-12 13:51:35.125  1237  1427 D CustomFaceProvider: bindFaceAuthService 0
05-12 13:51:35.125  1237  1427 D CustomFaceProvider: FaceService disabled
05-12 13:51:35.130  1237  1427 D CompatibilityChangeReporter: Compat change id reported: 161145287; UID 10512; state: DISABLED
05-12 13:51:35.147  1237  1421 D CompatibilityChangeReporter: Compat change id reported: 161145287; UID 1001; state: DISABLED
05-12 13:51:35.181  1237  1262 D ActivityManagerTiming: FinishBooting
05-12 13:51:35.192  1237  1262 W KeyguardServiceDelegate: onScreenTurningOn(): no keyguard service!
05-12 13:51:35.203  1237  1254 I MR2ServiceImpl: registerManager | uid: 10499, pid: 1436, package: com.android.systemui, user: 0
05-12 13:51:35.208  1237  1237 W Looper  : Slow dispatch took 117ms main h=android.app.ActivityThread$H c=android.app.LoadedApk$ReceiverDispatcher$Args$$ExternalSyntheticLambda0@31dd4f5 m=0
05-12 13:51:35.209  1237  1254 D CompatibilityChangeReporter: Compat change id reported: 161252188; UID 10500; state: DISABLED
05-12 13:51:35.209  1237  1237 I ConnectivityModuleConnector: Networking module service connected
05-12 13:51:35.214  1237  1254 D CompatibilityChangeReporter: Compat change id reported: 135634846; UID 10500; state: DISABLED
05-12 13:51:35.214  1237  1254 D CompatibilityChangeReporter: Compat change id reported: 177438394; UID 10500; state: DISABLED
05-12 13:51:35.214  1237  1254 D CompatibilityChangeReporter: Compat change id reported: 135772972; UID 10500; state: DISABLED
05-12 13:51:35.215  1237  1254 D CompatibilityChangeReporter: Compat change id reported: 135754954; UID 10500; state: ENABLED
05-12 13:51:35.215  1237  1272 D CompatibilityChangeReporter: Compat change id reported: 143937733; UID 10500; state: ENABLED
05-12 13:51:35.221  1237  1237 D ConditionProviders.SCP: onSubscribe condition://android/schedule?days=1.2.3.4.5.6.7&start=22.0&end=7.0&exitAtAlarm=true
05-12 13:51:35.222  1237  1237 D ConditionProviders.SCP: setRegistered true
05-12 13:51:35.223  1237  1307 W ActivityManager: Unable to start service Intent { act=android.service.smartspace.SmartspaceService cmp=com.google.android.as/com.google.android.apps.miphone.aiai.app.AiAiSmartspaceService } U=0: not found
05-12 13:51:35.223  1237  1307 W RemoteSmartspaceService: could not bind to Intent { act=android.service.smartspace.SmartspaceService cmp=com.google.android.as/com.google.android.apps.miphone.aiai.app.AiAiSmartspaceService } using flags 67112961
05-12 13:51:35.227  1237  1421 W ActivityManager: Unable to start service Intent { act=android.service.smartspace.SmartspaceService cmp=com.google.android.as/com.google.android.apps.miphone.aiai.app.AiAiSmartspaceService } U=0: not found
05-12 13:51:35.227  1237  1421 W RemoteSmartspaceService: could not bind to Intent { act=android.service.smartspace.SmartspaceService cmp=com.google.android.as/com.google.android.apps.miphone.aiai.app.AiAiSmartspaceService } using flags 67112961
05-12 13:51:35.228  1237  1272 I ActivityManager: Start proc 1798:com.android.smspush/u0a500 for service {com.android.smspush/com.android.smspush.WapPushManager}
05-12 13:51:35.232  1237  1237 D ConditionProviders.SCP: evaluateSubscriptionLocked cal=ScheduleCalendar[mDays={1, 2, 3, 4, 5, 6, 7}, mSchedule=ScheduleInfo{days=[1, 2, 3, 4, 5, 6, 7], startHour=22, startMinute=0, endHour=7, endMinute=0, exitAtAlarm=true, nextAlarm=Thu Jan 01 05:30:00 GMT+05:30 1970 (0)}], now=Mon May 12 13:51:35 GMT+05:30 2025 (1747038095222), nextUserAlarmTime=Thu Jan 01 05:30:00 GMT+05:30 1970 (0)
05-12 13:51:35.232  1237  1237 D ConditionProviders.SCP: notifyCondition condition://android/schedule?days=1.2.3.4.5.6.7&start=22.0&end=7.0&exitAtAlarm=true STATE_FALSE reason=!meetsSchedule
05-12 13:51:35.233  1237  1237 D ConditionProviders.SCP: Scheduling evaluate for Mon May 12 22:00:00 GMT+05:30 2025 (1747067400000), in +8h8m24s778ms, now=Mon May 12 13:51:35 GMT+05:30 2025 (1747038095222)
05-12 13:51:35.234  1237  1421 W ActivityManager: Unable to start service Intent { act=android.service.smartspace.SmartspaceService cmp=com.google.android.as/com.google.android.apps.miphone.aiai.app.AiAiSmartspaceService } U=0: not found
05-12 13:51:35.234  1237  1421 W RemoteSmartspaceService: could not bind to Intent { act=android.service.smartspace.SmartspaceService cmp=com.google.android.as/com.google.android.apps.miphone.aiai.app.AiAiSmartspaceService } using flags 67112961
05-12 13:51:35.236  1237  1421 W ActivityManager: Unable to start service Intent { act=android.service.smartspace.SmartspaceService cmp=com.google.android.as/com.google.android.apps.miphone.aiai.app.AiAiSmartspaceService } U=0: not found
05-12 13:51:35.236  1237  1421 W RemoteSmartspaceService: could not bind to Intent { act=android.service.smartspace.SmartspaceService cmp=com.google.android.as/com.google.android.apps.miphone.aiai.app.AiAiSmartspaceService } using flags 67112961
05-12 13:51:35.255  1237  1421 D CompatibilityChangeReporter: Compat change id reported: 168419799; UID 10500; state: DISABLED
05-12 13:51:35.255  1237  1421 D CompatibilityChangeReporter: Compat change id reported: 273564678; UID 10500; state: DISABLED
05-12 13:51:35.259  1237  1421 D CompatibilityChangeReporter: Compat change id reported: 168419799; UID 10500; state: DISABLED
05-12 13:51:35.259  1237  1237 D CompatibilityChangeReporter: Compat change id reported: 124107808; UID 1001; state: DISABLED
05-12 13:51:35.260  1237  1237 D CompatibilityChangeReporter: Compat change id reported: 124107808; UID 1001; state: ENABLED
05-12 13:51:35.276  1237  1820 I Telecom : BluetoothRouteManager: getBluetoothAudioConnectedDevice: no service available.
05-12 13:51:35.279  1237  1237 I Telecom : SystemStateHelper: Registering broadcast receiver: android.content.IntentFilter@4ba1b6a: TS.init@AAA
05-12 13:51:35.279  1237  1237 I Telecom : SystemStateHelper: Registering broadcast receiver: android.content.IntentFilter@594285b: TS.init@AAA
05-12 13:51:35.286  1237  1822 I Telecom : Logging.Events: Non-call EVENT: AUDIO_ROUTE, Entering state QuiescentEarpieceRoute
05-12 13:51:35.286  1237  1822 I Telecom : BluetoothRouteManager: getBluetoothAudioConnectedDevice: no service available.
05-12 13:51:35.297  1237  1827 I Telecom : CallAudioModeStateMachine: Audio focus entering UNFOCUSED state
05-12 13:51:35.297  1237  1827 I Telecom : CallAudioModeStateMachine: Message received: null.: TS.init->CAMSM.pM_1@AAA
05-12 13:51:35.304  1237  1237 I Telecom : MissedCallNotifierImpl: reloadFromDatabase: Boot not yet complete -- call log db may not be available. Deferring loading until boot complete for user 0: TS.init@AAA
05-12 13:51:35.308  1237  1237 I Telecom : Class: TelecomSystem.INSTANCE being set
05-12 13:51:35.311  1237  1237 I ConnectivityModuleConnector: Networking module service connected
05-12 13:51:35.314  1237  1237 I ContentCaptureManagerService: Updating for user 0: disabled=false
05-12 13:51:35.314  1237  1237 E ContentCapturePerUserService: Bad service name: com.google.android.as/com.google.android.apps.miphone.aiai.app.AiAiContentCaptureService
05-12 13:51:35.315  1237  1237 E ContentCapturePerUserService: Bad service name: com.google.android.as/com.google.android.apps.miphone.aiai.app.AiAiContentCaptureService
05-12 13:51:35.315  1237  1237 E ContentCapturePerUserService: Bad service name: com.google.android.as/com.google.android.apps.miphone.aiai.app.AiAiContentCaptureService
05-12 13:51:35.315  1237  1237 I ContentSuggestionsManagerService: Updating for user 0: disabled=false
05-12 13:51:35.316  1237  1237 E ContentSuggestionsPerUserService: Bad service name: com.google.android.as/com.google.android.apps.miphone.aiai.app.AiAiContentSuggestionsService
05-12 13:51:35.316  1237  1237 I AutofillManagerService: Updating for user 0: disabled=false
05-12 13:51:35.316  1237  1237 E AutofillManagerServiceImpl: Bad service name: com.google.android.gms/.autofill.service.AutofillService
05-12 13:51:35.316  1237  1237 E RemoteAugmentedAutofillService: Bad service name for flags 1048704: com.google.android.as/com.google.android.apps.miphone.aiai.app.AiAiAugmentedAutofillService
05-12 13:51:35.317  1237  1237 I ExplicitHealthCheckController: Explicit health check service is connected ComponentInfo{android.ext.services/android.ext.services.watchdog.ExplicitHealthCheckServiceImpl}
05-12 13:51:35.317  1237  1237 I ExplicitHealthCheckController: Service initialized, syncing requests
05-12 13:51:35.328  1237  1237 V NotificationAssistants: 0 notification assistant service connected: ComponentInfo{android.ext.services/android.ext.services.notification.Assistant}
05-12 13:51:35.329  1237  1237 I MR2ServiceImpl: addProviderRoutes | provider: com.android.server.media/.SystemMediaRoute2Provider, routes: [DEVICE_ROUTE | Phone]
05-12 13:51:35.334  1237  1237 W ActivityManager: Unbind failed: could not find connection for android.app.LoadedApk$ServiceDispatcher$InnerConnection@74bf5c0
05-12 13:51:35.335  1237  1237 W ActivityManager: Unbind failed: could not find connection for android.app.LoadedApk$ServiceDispatcher$InnerConnection@6f1e89f
05-12 13:51:35.335  1237  1237 W ActivityManager: Unbind failed: could not find connection for android.app.LoadedApk$ServiceDispatcher$InnerConnection@3daadec
05-12 13:51:35.335  1237  1237 W ActivityManager: Unbind failed: could not find connection for android.app.LoadedApk$ServiceDispatcher$InnerConnection@5a225b5
05-12 13:51:35.335  1237  1237 I Telecom : WiredHeadsetManager: ACTION_HEADSET_PLUG event, plugged in: false, : WHC.oADA@AAE
05-12 13:51:35.337  1237  1237 I MediaSessionStack: addSession to bottom of stack | record: com.android.server.telecom/HeadsetMediaButton (userId=0)
05-12 13:51:35.338  1237  1237 I MediaSessionStack: removeSession | record: com.android.server.telecom/HeadsetMediaButton (userId=0)
05-12 13:51:35.339  1237  1237 W ActivityManager: Unable to start service Intent { act=android.service.contentcapture.ContentCaptureService cmp=com.google.android.as/com.google.android.apps.miphone.aiai.app.AiAiContentCaptureService } U=0: not found
05-12 13:51:35.339  1237  1237 W RemoteContentCaptureService: could not bind to Intent { act=android.service.contentcapture.ContentCaptureService cmp=com.google.android.as/com.google.android.apps.miphone.aiai.app.AiAiContentCaptureService } using flags 67112961
05-12 13:51:35.339  1237  1237 W ContentCapturePerUserService: remote service died: RemoteContentCaptureService[ComponentInfo{com.google.android.as/com.google.android.apps.miphone.aiai.app.AiAiContentCaptureService} 42651268 (unbound)]
05-12 13:51:35.341  1237  1237 W ActivityManager: Unbind failed: could not find connection for android.app.LoadedApk$ServiceDispatcher$InnerConnection@e1e566d
05-12 13:51:35.341  1237  1237 W ActivityManager: Unable to start service Intent { act=android.service.contentcapture.ContentCaptureService cmp=com.google.android.as/com.google.android.apps.miphone.aiai.app.AiAiContentCaptureService } U=0: not found
05-12 13:51:35.341  1237  1237 W RemoteContentCaptureService: could not bind to Intent { act=android.service.contentcapture.ContentCaptureService cmp=com.google.android.as/com.google.android.apps.miphone.aiai.app.AiAiContentCaptureService } using flags 67112961
05-12 13:51:35.342  1237  1237 W ContentCapturePerUserService: remote service died: RemoteContentCaptureService[ComponentInfo{com.google.android.as/com.google.android.apps.miphone.aiai.app.AiAiContentCaptureService} 213964526 (unbound)]
05-12 13:51:35.342  1237  1237 W ActivityManager: Unbind failed: could not find connection for android.app.LoadedApk$ServiceDispatcher$InnerConnection@9ac378f
05-12 13:51:35.343  1237  1237 I PackageWatchdog: Syncing health check requests for packages: {}
05-12 13:51:35.343  1237  1237 D ExplicitHealthCheckController: Getting health check supported packages
05-12 13:51:35.346  1237  1237 W Looper  : Drained
05-12 13:51:35.350  1237  1253 I ExplicitHealthCheckController: Explicit health check supported packages [PackageConfig{com.android.networkstack, 86400000}]
05-12 13:51:35.350  1237  1253 D PackageWatchdog: Received supported packages [PackageConfig{com.android.networkstack, 86400000}]
05-12 13:51:35.350  1237  1253 D ExplicitHealthCheckController: Getting health check requested packages
05-12 13:51:35.352  1237  1253 I ExplicitHealthCheckController: Explicit health check requested packages []
05-12 13:51:35.352  1237  1253 I ExplicitHealthCheckController: No more health check requests, unbinding...
05-12 13:51:35.354  1237  1253 I ExplicitHealthCheckController: Explicit health check service is unbound
05-12 13:51:35.359  1237  1253 D CompatibilityChangeReporter: Compat change id reported: 168419799; UID 1001; state: DISABLED
05-12 13:51:35.359  1237  1253 D CompatibilityChangeReporter: Compat change id reported: 273564678; UID 1001; state: DISABLED
05-12 13:51:35.371  1237  1278 W BatteryExternalStatsWorker: error reading modem stats:ERROR_PHONE_NOT_AVAILABLE
05-12 13:51:35.400  1237  1253 D CompatibilityChangeReporter: Compat change id reported: 182478738; UID 1001; state: ENABLED
05-12 13:51:35.402  1237  1357 W BroadcastQueue: Background execution not allowed: receiving Intent { act=android.intent.action.ACTION_POWER_DISCONNECTED flg=0x4000010 (has extras) } to com.google.android.gms/.chimera.GmsIntentOperationService$PersistentTrustedReceiver
05-12 13:51:35.476  1237  1237 D WallpaperManagerService: WPMS.onServiceConnected-ComponentInfo{com.android.systemui/com.android.systemui.wallpapers.ImageWallpaper}
05-12 13:51:35.477  1237  1237 D WallpaperManagerService: WPMS.attachServiceLocked
05-12 13:51:35.477  1237  1237 D WallpaperManagerService: WPMS.onServiceConnected-ComponentInfo{com.android.systemui/com.android.systemui.wallpapers.ImageWallpaper}
05-12 13:51:35.477  1237  1237 D WallpaperManagerService: WPMS.attachServiceLocked
05-12 13:51:35.477  1237  1237 D WallpaperManagerService: WPMS.connectLocked-ComponentInfo{com.android.systemui/com.android.systemui.wallpapers.ImageWallpaper}
05-12 13:51:35.478  1237  1237 D WallpaperManagerService: WPMS.saveSettingsLocked-0
05-12 13:51:35.505  1237  1421 D CompatibilityChangeReporter: Compat change id reported: 135634846; UID 10496; state: DISABLED
05-12 13:51:35.506  1237  1421 D CompatibilityChangeReporter: Compat change id reported: 177438394; UID 10496; state: DISABLED
05-12 13:51:35.506  1237  1421 D CompatibilityChangeReporter: Compat change id reported: 135772972; UID 10496; state: DISABLED
05-12 13:51:35.506  1237  1421 D CompatibilityChangeReporter: Compat change id reported: 135754954; UID 10496; state: ENABLED
05-12 13:51:35.506  1237  1272 D CompatibilityChangeReporter: Compat change id reported: 143937733; UID 10496; state: ENABLED
05-12 13:51:35.513  1237  1421 D CoreBackPreview: Window{5db583a u0 ScreenDecorOverlay}: Setting back callback OnBackInvokedCallbackInfo{mCallback=android.window.IOnBackInvokedCallback$Stub$Proxy@43620e1, mPriority=0}
05-12 13:51:35.519  1237  1272 I ActivityManager: Start proc 1875:com.android.launcher3/u0a496 for service {com.android.launcher3/com.android.quickstep.TouchInteractionService}
05-12 13:51:35.521  1237  1308 D CoreBackPreview: Window{44d8e63 u0 ScreenDecorOverlayBottom}: Setting back callback OnBackInvokedCallbackInfo{mCallback=android.window.IOnBackInvokedCallback$Stub$Proxy@cc187de, mPriority=0}
05-12 13:51:35.561  1237  1838 D CompatibilityChangeReporter: Compat change id reported: 168419799; UID 10496; state: DISABLED
05-12 13:51:35.561  1237  1838 D CompatibilityChangeReporter: Compat change id reported: 273564678; UID 10496; state: DISABLED
05-12 13:51:35.614  1237  1372 I VcnManagementService: new snapshot: TelephonySubscriptionSnapshot{ mActiveDataSubId=1, mSubIdToInfoMap={}, mSubIdToCarrierConfigMap={}, mPrivilegedPackages={} }
05-12 13:51:35.761  1237  1259 I UsbPortManager: USB HAL HIDL version: 11
05-12 13:51:35.787  1237  1770 D CompatibilityChangeReporter: Compat change id reported: 161145287; UID 10496; state: DISABLED
05-12 13:51:35.802  1237  1271 I DropBoxManagerService: add tag=system_server_wtf isTagEnabled=true flags=0x2
05-12 13:51:35.818  1237  1308 D ActivityTaskManager: Top Process State changed to PROCESS_STATE_TOP_SLEEPING
05-12 13:51:35.928  1237  1838 I StatusBarManagerService: registerStatusBar bar=com.android.internal.statusbar.IStatusBar$Stub$Proxy@3bd1af7
05-12 13:51:36.078  1237  1259 I UsbPortManager: USB HAL HIDL version: 11
05-12 13:51:36.113  1237  1838 D CompatibilityChangeReporter: Compat change id reported: 182478738; UID 10499; state: ENABLED
05-12 13:51:36.242  1237  1421 I Telecom : PhoneAccountRegistrar: New phone account registered: [[ ] PhoneAccount: ComponentInfo{com.android.phone/com.android.services.telephony.TelephonyConnectionService}, E, UserHandle{0} Capabilities: SuppVideo CallProvider MultiUser PlaceEmerg SimSub  Audio Routes: BESW Schemes: tel voicemail  Extras: Bundle[{android.telecom.extra.SUPPORTS_VIDEO_CALLING_FALLBACK=true}] GroupId: ***]: TSI.rPA@AAQ
05-12 13:51:36.244  1237  1421 I Telecom : CallsManager: Sending phone-account ComponentInfo{com.android.phone/com.android.services.telephony.TelephonyConnectionService}, E, UserHandle{0} registered intent as user: TSI.rPA@AAQ
05-12 13:51:36.244  1237  1421 I Telecom : CallsManager: Sending phone-account registered intent to default dialer: TSI.rPA@AAQ
05-12 13:51:36.248  1237  1421 I Telecom : PhoneAccountRegistrar: getSimCallManager: SimCallManager for subId -1 queried, returning: null: TSI.rPA@AAQ
05-12 13:51:36.248  1237  1421 I Telecom : PhoneAccountRegistrar: Notifying telephony of voice service override change for 1 SIMs, hasService = false: TSI.rPA@AAQ
05-12 13:51:36.253  1237  1421 I Telecom : CallsManager: Sending phone-account ComponentInfo{com.android.phone/com.android.services.telephony.TelephonyConnectionService}, 1, UserHandle{0} unregistered intent as user: TSI.uPA@AAY
05-12 13:51:36.253  1237  1421 I Telecom : CallsManager: Sending phone-account unregistered intent to default dialer: TSI.uPA@AAY
05-12 13:51:36.330  1237  1421 D CoreBackPreview: Window{d18cb43 u0 NavigationBar0}: Setting back callback OnBackInvokedCallbackInfo{mCallback=android.window.IOnBackInvokedCallback$Stub$Proxy@e88123e, mPriority=0}
05-12 13:51:36.342  1237  1271 D CompatibilityChangeReporter: Compat change id reported: 135634846; UID 10513; state: DISABLED
05-12 13:51:36.343  1237  1271 D CompatibilityChangeReporter: Compat change id reported: 177438394; UID 10513; state: DISABLED
05-12 13:51:36.343  1237  1271 D CompatibilityChangeReporter: Compat change id reported: 135772972; UID 10513; state: DISABLED
05-12 13:51:36.343  1237  1271 D CompatibilityChangeReporter: Compat change id reported: 135754954; UID 10513; state: ENABLED
05-12 13:51:36.344  1237  1272 D CompatibilityChangeReporter: Compat change id reported: 143937733; UID 10513; state: ENABLED
05-12 13:51:36.345  1237  1421 I Telecom : PhoneAccountRegistrar: setUserSelectedOutgoingPhoneAccount: ComponentInfo{com.android.phone/com.android.services.telephony.TelephonyConnectionService}, 1, UserHandle{0}: TSI.sUSOPA@AAc
05-12 13:51:36.345  1237  1421 I Telecom : PhoneAccountRegistrar: setUserSelectedOutgoingPhoneAccount: no change in default phoneAccountHandle.  current is same as new.: TSI.sUSOPA@AAc
05-12 13:51:36.352  1237  1770 D CoreBackPreview: Window{94d879e u0 EdgeBackGestureHandler0}: Setting back callback OnBackInvokedCallbackInfo{mCallback=android.window.IOnBackInvokedCallback$Stub$Proxy@c867faa, mPriority=0}
05-12 13:51:36.356  1237  1272 I ActivityManager: Start proc 1974:com.android.cellbroadcastreceiver.module/u0a513 for broadcast {com.android.cellbroadcastreceiver.module/com.android.cellbroadcastreceiver.CellBroadcastReceiver}
05-12 13:51:36.378  1237  1421 D CompatibilityChangeReporter: Compat change id reported: 168419799; UID 10513; state: DISABLED
05-12 13:51:36.378  1237  1421 D CompatibilityChangeReporter: Compat change id reported: 273564678; UID 10513; state: DISABLED
05-12 13:51:36.398  1237  1770 D CoreBackPreview: Window{9945aba u0 NotificationShade}: Setting back callback OnBackInvokedCallbackInfo{mCallback=android.window.IOnBackInvokedCallback$Stub$Proxy@c5ae561, mPriority=0}
05-12 13:51:36.400  1237  1270 E StatsPullAtomService: subInfo of subId 1 is invalid, ignored.
05-12 13:51:36.413  1237  1770 D CoreBackPreview: Window{8209b0c u0 StatusBar}: Setting back callback OnBackInvokedCallbackInfo{mCallback=android.window.IOnBackInvokedCallback$Stub$Proxy@cca975b, mPriority=0}
05-12 13:51:36.456  1237  1770 D CustomFaceProvider: bindFaceAuthService 0
05-12 13:51:36.456  1237  1770 D CustomFaceProvider: FaceService disabled
05-12 13:51:36.456  1237  1770 D CustomFaceProvider: bindFaceAuthService 0
05-12 13:51:36.456  1237  1770 D CustomFaceProvider: FaceService disabled
05-12 13:51:36.462  1237  1770 I Telecom : PhoneAccountRegistrar: Modify account: [ComponentInfo{com.android.phone/com.android.services.telephony.TelephonyConnectionService}, E, UserHandle{0}]: TSI.rPA@AAk
05-12 13:51:36.463  1237  1770 I Telecom : CallsManager: handlePhoneAccountChanged: phoneAccount=[[X] PhoneAccount: ComponentInfo{com.android.phone/com.android.services.telephony.TelephonyConnectionService}, E, UserHandle{0} Capabilities: SuppVideo CallProvider MultiUser PlaceEmerg SimSub  Audio Routes: BESW Schemes: tel voicemail  Extras: Bundle[{android.telecom.extra.SUPPORTS_VIDEO_CALLING_FALLBACK=true}] GroupId: ***]: TSI.rPA@AAk
05-12 13:51:36.466  1237  1770 I Telecom : PhoneAccountRegistrar: getSimCallManager: SimCallManager for subId 1 queried, returning: null: TSI.rPA@AAk
05-12 13:51:36.466  1237  1770 I Telecom : PhoneAccountRegistrar: Notifying telephony of voice service override change for 1 SIMs, hasService = false: TSI.rPA@AAk
05-12 13:51:36.497  1237  1270 E StatsPullAtomService: subInfo of subId 1 is invalid, ignored.
05-12 13:51:36.504  1237  1770 W ContextImpl: Calling a method in the system process without a qualified user: android.app.ContextImpl.sendBroadcastMultiplePermissions:1228 com.android.server.TelephonyRegistry.broadcastServiceStateChanged:3085 com.android.server.TelephonyRegistry.notifyServiceStateForPhoneId:1616 com.android.internal.telephony.ITelephonyRegistry$Stub.onTransact:492 android.os.Binder.execTransactInternal:1280 
05-12 13:51:36.505  1237  1770 W ContextImpl: Calling a method in the system process without a qualified user: android.app.ContextImpl.sendBroadcastMultiplePermissions:1278 android.content.Context.sendBroadcastMultiplePermissions:2282 com.android.server.TelephonyRegistry.broadcastServiceStateChanged:3089 com.android.server.TelephonyRegistry.notifyServiceStateForPhoneId:1616 com.android.internal.telephony.ITelephonyRegistry$Stub.onTransact:492 
05-12 13:51:36.506  1237  1271 W BroadcastQueue: Permission Denial: receiving Intent { act=android.intent.action.SERVICE_STATE flg=0x1000010 (has extras) } to ProcessRecord{be7796a 1436:com.android.systemui/u0a499} (pid=1436, uid=10499) requires android.permission.ACCESS_FINE_LOCATION due to sender android (uid 1001)
