--------- beginning of system
05-12 15:14:26.280   400   400 I vold    : Vold 3.0 (the awakening) firing up
05-12 15:14:26.280   400   400 D vold    : Detected support for: ext4 f2fs ntfs vfat
05-12 15:14:26.285   400   400 W vold    : [libfs_mgr]Warning: unknown flag: resize
05-12 15:14:26.286   400   400 D vold    : VoldNativeService::start() completed OK
05-12 15:14:26.724   444   444 I keystore2: keystore2_main: Keystore2 is starting.
05-12 15:14:26.724   444   444 I keystore2: keystore2_main: Setting up sqlite logging for keystore2
05-12 15:14:26.727   444   444 W keystore2: keystore2::metrics_store: In update_keystore_crash_sysprop: Failed to read the existing system property due to: In read_keystore_crash_count: Property not set..Therefore, keystore crashes will not be logged.
05-12 15:14:26.729   444   444 I keystore2: keystore2_main: Starting thread pool now.
05-12 15:14:26.770   400   400 I Checkpoint: cp_prepareCheckpoint called
05-12 15:14:26.784   400   400 I vold    : fscrypt_initialize_systemwide_keys
05-12 15:14:26.785   400   400 D vold    : Key exists, using: /data/unencrypted/key
05-12 15:14:26.814   444   454 I keystore2: keystore2::shared_secret_negotiation: Shared secret negotiation concluded successfully.
05-12 15:14:26.814   444   444 I keystore2: keystore2::globals: Add emulation wrapper around Keymaster device for security level: SecurityLevel(1)
05-12 15:14:26.815   444   454 I keystore2: keystore2::shared_secret_negotiation: No StrongBox Keymint available, so no RoT transfer
05-12 15:14:26.818   444   444 I keystore2: keystore2_main: Not publishing IRemotelyProvisionedKeyPool service: In new_native_binder: Failed to get TEE Remote Provisioner instance.
05-12 15:14:26.818   444   444 I keystore2: 
05-12 15:14:26.818   444   444 I keystore2: Caused by:
05-12 15:14:26.818   444   444 I keystore2:     0: In get_remotely_provisioned_component.
05-12 15:14:26.818   444   444 I keystore2:     1: In connect_remotely_provisioned_component.
05-12 15:14:26.818   444   444 I keystore2:     2: Error::Km(ErrorCode(-68))
05-12 15:14:26.819   444   444 I keystore2: keystore2_main: Successfully registered Keystore 2.0 service.
05-12 15:14:26.819   444   444 I keystore2: keystore2_main: Joining thread pool now.
05-12 15:14:26.823   400   400 I vold    : Kernel doesn't support FS_IOC_ADD_ENCRYPTION_KEY.  Falling back to session keyring
05-12 15:14:26.823   400   400 D vold    : Added key 1037675818 (ext4:278fd1575a85ef9b) to keyring 300657258 in process 400
05-12 15:14:26.823   400   400 D vold    : Added key 941402355 (f2fs:278fd1575a85ef9b) to keyring 300657258 in process 400
05-12 15:14:26.823   400   400 D vold    : Added key 927466847 (fscrypt:278fd1575a85ef9b) to keyring 300657258 in process 400
05-12 15:14:26.828   400   400 I vold    : Wrote system DE key reference to:/data/unencrypted/ref
05-12 15:14:26.828   400   400 D vold    : Generating standard storage key
05-12 15:14:26.828   400   400 D vold    : Added key 577750470 (ext4:e8a34a2bf21dc1a4) to keyring 300657258 in process 400
05-12 15:14:26.828   400   400 D vold    : Added key 871864016 (f2fs:e8a34a2bf21dc1a4) to keyring 300657258 in process 400
05-12 15:14:26.828   400   400 D vold    : Added key 457723759 (fscrypt:e8a34a2bf21dc1a4) to keyring 300657258 in process 400
05-12 15:14:26.829   400   400 I vold    : Wrote per boot key reference to:/data/unencrypted/per_boot_ref
05-12 15:14:26.865   400   400 I incfs   : Initial API level of the device: 29
05-12 15:14:26.866   400   400 I incfs   : ro.incremental.enable: 
05-12 15:14:26.866   400   400 E incfs   : IncFs_Features: failed to open features dir, assuming v1/none.: No such file or directory
05-12 15:14:26.868   444   444 I keystore2: keystore2::maintenance: In early_boot_ended.
05-12 15:14:26.878   444   444 I keystore2: keystore2::globals: Touching Keystore 2.0 database for this first time since boot.
05-12 15:14:26.878   444   444 I keystore2: keystore2::globals: Calling cleanup leftovers.
05-12 15:14:26.887   444   444 I keystore2: keystore2::super_key: Starting boot level watcher.
05-12 15:14:26.887   444   444 I keystore2: keystore2::maintenance: Call to earlyBootEnded succeeded for security level TRUSTED_ENVIRONMENT.
05-12 15:14:26.887   444   477 I keystore2: keystore2::super_key: Read keystore.boot_level value 30
05-12 15:14:26.887   444   477 I keystore2: keystore2::super_key: Read keystore.boot_level value 30
05-12 15:14:26.887   444   444 E keystore2: keystore2::maintenance: Call to earlyBootEnded failed for security level STRONGBOX: In call_with_watchdog: getting keymint device.
05-12 15:14:26.887   444   444 E keystore2: keystore2::error: In call_with_watchdog: getting keymint device
05-12 15:14:26.887   444   444 E keystore2: 
05-12 15:14:26.887   444   444 E keystore2: Caused by:
05-12 15:14:26.887   444   444 E keystore2:     0: In get_keymint_device.
05-12 15:14:26.887   444   444 E keystore2:     1: In connect_keymint: Trying to get Legacy wrapper.
05-12 15:14:26.887   444   444 E keystore2:     2: Error::Km(ErrorCode(-68))
05-12 15:14:26.887   400   400 E vold    : keystore2 Keystore earlyBootEnded returned service specific error: -68
05-12 15:14:28.909   400   400 D vold    : fscrypt_init_user0
05-12 15:14:28.909   400   400 D vold    : Preparing: /data/misc/vold/user_keys
05-12 15:14:28.909   400   400 D vold    : Preparing: /data/misc/vold/user_keys/ce
05-12 15:14:28.909   400   400 D vold    : Preparing: /data/misc/vold/user_keys/de
05-12 15:14:28.914   400   400 D vold    : Added key 490403522 (ext4:b80eb78d50d66ba3) to keyring 300657258 in process 400
05-12 15:14:28.914   400   400 D vold    : Added key 332980657 (f2fs:b80eb78d50d66ba3) to keyring 300657258 in process 400
05-12 15:14:28.914   400   400 D vold    : Added key 640205530 (fscrypt:b80eb78d50d66ba3) to keyring 300657258 in process 400
05-12 15:14:28.914   400   400 D vold    : Installed de key for user 0
05-12 15:14:28.914   400   400 D vold    : fscrypt_prepare_user_storage for volume null, user 0, serial 0, flags 1
05-12 15:14:28.914   400   400 D vold    : Preparing: /data/system/users/0
05-12 15:14:28.915   400   400 D vold    : Preparing: /data/misc/profiles/cur/0
05-12 15:14:28.915   400   400 D vold    : Preparing: /data/system_de/0
05-12 15:14:28.916   400   400 D vold    : Preparing: /data/vendor_de/0
05-12 15:14:28.916   400   400 D vold    : Preparing: /data/misc_de/0
05-12 15:14:28.916   400   400 D vold    : Preparing: /data/user_de/0
05-12 15:14:28.917   400   400 I vold    : Verified that /data/system_de/0 has the encryption policy b80eb78d50d66ba3 v1 modes 1/4 flags 0x0
05-12 15:14:28.917   400   400 I vold    : Verified that /data/vendor_de/0 has the encryption policy b80eb78d50d66ba3 v1 modes 1/4 flags 0x0
05-12 15:14:28.917   400   400 I vold    : Verified that /data/misc_de/0 has the encryption policy b80eb78d50d66ba3 v1 modes 1/4 flags 0x0
05-12 15:14:28.917   400   400 I vold    : Verified that /data/user_de/0 has the encryption policy b80eb78d50d66ba3 v1 modes 1/4 flags 0x0
05-12 15:14:28.917   400   400 D vold    : /system/bin/vold_prepare_subdirs
05-12 15:14:28.917   400   400 D vold    :     prepare
05-12 15:14:28.917   400   400 D vold    :     
05-12 15:14:28.917   400   400 D vold    :     0
05-12 15:14:28.917   400   400 D vold    :     1
05-12 15:14:28.997   595   595 I odsign  : Trying to retrieve existing HMAC key...
05-12 15:14:28.998   595   595 I odsign  : Trying to retrieve existing keystore key...
05-12 15:14:29.004   595   595 I odsign  : Verified public key signature.
05-12 15:14:29.004   595   595 I odsign  : Initialized Keystore key.
05-12 15:14:29.004   595   595 I odsign  : Device doesn't support fsverity. Falling back to full verification.
05-12 15:14:29.071   596   596 I odrefresh: ART APEX version 330400000
05-12 15:14:29.071   596   596 I odrefresh: Factory ART APEX mounted.
05-12 15:14:29.071   596   596 I odrefresh: System properties are set to default values.
05-12 15:14:29.072   596   596 I odrefresh: Factory ART APEX mounted.
05-12 15:14:29.072   596   596 I odrefresh: System properties are set to default values.
05-12 15:14:29.072   596   596 I odrefresh: Factory APEXes mounted.
05-12 15:14:29.072   596   596 I odrefresh: System properties are set to default values.
05-12 15:14:29.076   595   595 I odsign  : Metrics report is empty
05-12 15:14:29.076   595   595 I odsign  : /data/misc/odsign/odsign.info not found.
05-12 15:14:29.077   595   595 I odsign  : odrefresh said artifacts are VALID
05-12 15:14:29.077   595   595 I odsign  : On-device signing done.
05-12 15:14:29.087   444   477 I keystore2: keystore2::super_key: keystore.boot_level 1000000000 hits maximum 1000000000, finishing.
05-12 15:14:29.765   400   411 I vold    : Found disk at /devices/platform/externdevice/mmc_host/mmc1/mmc1:59b4/block/mmcblk1 but delaying scan due to secure keyguard
05-12 15:14:29.853   724   724 I gsid    : no DSU: No such file or directory
05-12 15:14:30.305   779   779 I installd: installd firing up
05-12 15:14:30.378   805   805 I wificond: wificond is starting up...
05-12 15:14:30.387   805   805 I HidlServiceManagement: Registered android.system.wifi.keystore@1.0::IKeystore/default
05-12 15:14:30.405   796   796 I storaged: Unable to get AIDL health service, trying HIDL...
--------- beginning of crash
05-12 15:14:30.759   927   946 F libc    : Fatal signal 11 (SIGSEGV), code 1 (SEGV_MAPERR), fault addr 0x0 in tid 946 (android.hardwar), pid 927 (android.hardwar)
05-12 15:14:30.908   956   956 F DEBUG   : *** *** *** *** *** *** *** *** *** *** *** *** *** *** *** ***
05-12 15:14:30.909   956   956 F DEBUG   : Build fingerprint: 'Micromax/derp_yogurt/yogurt:13/TQ3A.230901.001/1746966174:userdebug/release-keys'
05-12 15:14:30.909   956   956 F DEBUG   : Revision: '0'
05-12 15:14:30.909   956   956 F DEBUG   : ABI: 'arm64'
05-12 15:14:30.909   956   956 F DEBUG   : Timestamp: 2025-05-12 15:14:30.822714863+0530
05-12 15:14:30.909   956   956 F DEBUG   : Process uptime: 1s
05-12 15:14:30.909   956   956 F DEBUG   : Cmdline: /vendor/bin/hw/android.hardware.biometrics.fingerprint@2.1-service.yogurt
05-12 15:14:30.909   956   956 F DEBUG   : pid: 927, tid: 946, name: android.hardwar  >>> /vendor/bin/hw/android.hardware.biometrics.fingerprint@2.1-service.yogurt <<<
05-12 15:14:30.909   956   956 F DEBUG   : uid: 1000
05-12 15:14:30.909   956   956 F DEBUG   : signal 11 (SIGSEGV), code 1 (SEGV_MAPERR), fault addr 0x0000000000000000
05-12 15:14:30.909   956   956 F DEBUG   : Cause: null pointer dereference
05-12 15:14:30.909   956   956 F DEBUG   :     x0  0000007428804408  x1  0000000000000000  x2  0000000000000000  x3  0000000000000000
05-12 15:14:30.909   956   956 F DEBUG   :     x4  0000000000000001  x5  0000000000000000  x6  000000742e19e000  x7  0000000000000ffa
05-12 15:14:30.910   956   956 F DEBUG   :     x8  052cbd89ede26100  x9  0000007428fe2000  x10 0000000000000001  x11 0000007380000000
05-12 15:14:30.910   956   956 F DEBUG   :     x12 0000007428804510  x13 0000000000000000  x14 0000000000000228  x15 0000240c5dc6cdc8
05-12 15:14:30.910   956   956 F DEBUG   :     x16 0000007428fe2a88  x17 0000007428fd1c38  x18 00000073a75d0000  x19 0000007428804408
05-12 15:14:30.910   956   956 F DEBUG   :     x20 00000073a83ea178  x21 0000000000000000  x22 00000073a8240000  x23 0000007380000000
05-12 15:14:30.910   956   956 F DEBUG   :     x24 000000000000000e  x25 00000073a823fcb0  x26 00000073a823fff8  x27 00000000000fc000
05-12 15:14:30.910   956   956 F DEBUG   :     x28 00000000000fe000  x29 00000073a823f790
05-12 15:14:30.910   956   956 F DEBUG   :     lr  0000007428f296c8  sp  00000073a823f780  pc  0000007428f48b94  pst 0000000080001000
05-12 15:14:30.910   956   956 F DEBUG   : backtrace:
05-12 15:14:30.910   956   956 F DEBUG   :       #00 pc 0000000000072b94  /apex/com.android.runtime/lib64/bionic/libc.so (je_large_dalloc+52) (BuildId: 6e75f65a4c116d6f37b8361b4f491f36)
05-12 15:14:30.911   956   956 F DEBUG   :       #01 pc 00000000000536c4  /apex/com.android.runtime/lib64/bionic/libc.so (arena_dalloc_no_tcache+636) (BuildId: 6e75f65a4c116d6f37b8361b4f491f36)
05-12 15:14:30.911   956   956 F DEBUG   :       #02 pc 000000000004f8b8  /apex/com.android.runtime/lib64/bionic/libc.so (je_free+744) (BuildId: 6e75f65a4c116d6f37b8361b4f491f36)
05-12 15:14:30.911   956   956 F DEBUG   :       #03 pc 000000000000efb4  /apex/com.android.vndk.v33/lib64/libutils.so (android::RefBase::decStrong(void const*) const+108) (BuildId: e15da9cb0a03c10940c3d40ef2b5dbaa)
05-12 15:14:30.911   956   956 F DEBUG   :       #04 pc 00000000000673a8  /vendor/lib64/hw/fingerprint.default.so (BuildId: c5e613c15325555b1ec17dfb770f5e2c3cb347e1)
05-12 15:14:30.911   956   956 F DEBUG   :       #05 pc 00000000000faf9c  /apex/com.android.runtime/lib64/bionic/libc.so (__pthread_start(void*)+208) (BuildId: 6e75f65a4c116d6f37b8361b4f491f36)
05-12 15:14:30.911   956   956 F DEBUG   :       #06 pc 000000000008e0cc  /apex/com.android.runtime/lib64/bionic/libc.so (__start_thread+64) (BuildId: 6e75f65a4c116d6f37b8361b4f491f36)
05-12 15:14:33.065  1224  1227 D BootAnimation: BootAnimationShownTiming start time: 9165ms
05-12 15:14:34.818  1247  1247 D SystemServerTiming: InitBeforeStartServices
05-12 15:14:34.820  1247  1247 I SystemServer: Entered the Android system server!
05-12 15:14:34.821  1247  1247 I DerpFest: Welcome to DerpFest! We believe that you'll love it. Ready to... uh... Tango!
05-12 15:14:34.975  1247  1247 I SystemServerInitThreadPool: Creating instance with 8 threads
05-12 15:14:35.481   796   796 E storaged: getService package_native failed
05-12 15:14:35.484   796  1267 I storaged: storaged: Start
05-12 15:14:35.881  1247  1247 D SystemServerTiming: StartServices
05-12 15:14:35.882  1247  1247 D SystemServerTiming: startBootstrapServices
05-12 15:14:35.882  1247  1247 D SystemServerTiming: StartWatchdog
05-12 15:14:35.890  1247  1247 I SystemServer: Reading configuration...
05-12 15:14:35.890  1247  1247 D SystemServerTiming: ReadingSystemConfig
05-12 15:14:35.891  1247  1247 D SystemServerTiming: PlatformCompat
05-12 15:14:35.891  1247  1278 D SystemServerTimingAsync: InitThreadPoolExec:ReadingSystemConfig
05-12 15:14:35.892  1247  1247 D CompatConfig: Found a config file: /system/etc/compatconfig/services-platform-compat-config.xml
05-12 15:14:35.893  1247  1278 I SystemConfig: Reading permissions from /system/etc/sysconfig/preinstalled-packages-com.android.providers.media.module.xml
05-12 15:14:35.895  1247  1278 I SystemConfig: Reading permissions from /system/etc/sysconfig/framework-sysconfig.xml
05-12 15:14:35.895  1247  1247 D CompatConfig: Adding: com.android.server.compat.config.Change@9043549
05-12 15:14:35.896  1247  1247 D CompatConfig: Adding: com.android.server.compat.config.Change@e7d1e4e
05-12 15:14:35.896  1247  1247 D CompatConfig: Adding: com.android.server.compat.config.Change@8d5db6f
05-12 15:14:35.896  1247  1247 D CompatConfig: Adding: com.android.server.compat.config.Change@2c4707c
05-12 15:14:35.896  1247  1247 D CompatConfig: Adding: com.android.server.compat.config.Change@3d1dd05
05-12 15:14:35.896  1247  1247 D CompatConfig: Adding: com.android.server.compat.config.Change@890d15a
05-12 15:14:35.896  1247  1247 D CompatConfig: Adding: com.android.server.compat.config.Change@b0ebf8b
05-12 15:14:35.896  1247  1247 D CompatConfig: Adding: com.android.server.compat.config.Change@4261868
05-12 15:14:35.896  1247  1247 D CompatConfig: Adding: com.android.server.compat.config.Change@8184481
05-12 15:14:35.896  1247  1247 D CompatConfig: Adding: com.android.server.compat.config.Change@3faa926
05-12 15:14:35.896  1247  1247 D CompatConfig: Adding: com.android.server.compat.config.Change@aa7c967
05-12 15:14:35.896  1247  1247 D CompatConfig: Adding: com.android.server.compat.config.Change@5785314
05-12 15:14:35.896  1247  1247 D CompatConfig: Adding: com.android.server.compat.config.Change@303a7bd
05-12 15:14:35.896  1247  1247 D CompatConfig: Adding: com.android.server.compat.config.Change@ed831b2
05-12 15:14:35.896  1247  1247 D CompatConfig: Adding: com.android.server.compat.config.Change@2dd9503
05-12 15:14:35.896  1247  1247 D CompatConfig: Adding: com.android.server.compat.config.Change@f118c80
05-12 15:14:35.896  1247  1247 D CompatConfig: Adding: com.android.server.compat.config.Change@e4802b9
05-12 15:14:35.896  1247  1247 D CompatConfig: Adding: com.android.server.compat.config.Change@993b6fe
05-12 15:14:35.896  1247  1247 D CompatConfig: Adding: com.android.server.compat.config.Change@c1a7e5f
05-12 15:14:35.896  1247  1247 D CompatConfig: Adding: com.android.server.compat.config.Change@642f0ac
05-12 15:14:35.896  1247  1247 D CompatConfig: Adding: com.android.server.compat.config.Change@dd1175
05-12 15:14:35.896  1247  1247 D CompatConfig: Adding: com.android.server.compat.config.Change@ef0450a
05-12 15:14:35.896  1247  1247 D CompatConfig: Adding: com.android.server.compat.config.Change@112a17b
05-12 15:14:35.896  1247  1247 D CompatConfig: Adding: com.android.server.compat.config.Change@2446b98
05-12 15:14:35.896  1247  1247 D CompatConfig: Adding: com.android.server.compat.config.Change@f7a4ff1
05-12 15:14:35.896  1247  1247 D CompatConfig: Adding: com.android.server.compat.config.Change@d5a7d6
05-12 15:14:35.896  1247  1247 D CompatConfig: Adding: com.android.server.compat.config.Change@99fda57
05-12 15:14:35.896  1247  1247 D CompatConfig: Adding: com.android.server.compat.config.Change@3e0a944
05-12 15:14:35.896  1247  1247 D CompatConfig: Adding: com.android.server.compat.config.Change@8d2fa2d
05-12 15:14:35.896  1247  1247 D CompatConfig: Adding: com.android.server.compat.config.Change@5dc6b62
05-12 15:14:35.896  1247  1247 D CompatConfig: Adding: com.android.server.compat.config.Change@75dc4f3
05-12 15:14:35.896  1247  1247 D CompatConfig: Adding: com.android.server.compat.config.Change@be115b0
05-12 15:14:35.896  1247  1247 D CompatConfig: Adding: com.android.server.compat.config.Change@9920c29
05-12 15:14:35.896  1247  1247 D CompatConfig: Adding: com.android.server.compat.config.Change@399dbae
05-12 15:14:35.896  1247  1247 D CompatConfig: Adding: com.android.server.compat.config.Change@5bd4f
05-12 15:14:35.896  1247  1247 D CompatConfig: Adding: com.android.server.compat.config.Change@c39dcdc
05-12 15:14:35.896  1247  1247 D CompatConfig: Adding: com.android.server.compat.config.Change@41641e5
05-12 15:14:35.896  1247  1247 D CompatConfig: Adding: com.android.server.compat.config.Change@1ac04ba
05-12 15:14:35.896  1247  1247 D CompatConfig: Adding: com.android.server.compat.config.Change@18adf6b
05-12 15:14:35.896  1247  1247 D CompatConfig: Adding: com.android.server.compat.config.Change@ff5eac8
05-12 15:14:35.897  1247  1247 D CompatConfig: Adding: com.android.server.compat.config.Change@7ee1761
05-12 15:14:35.897  1247  1247 D CompatConfig: Adding: com.android.server.compat.config.Change@185b286
05-12 15:14:35.897  1247  1247 D CompatConfig: Adding: com.android.server.compat.config.Change@bf60747
05-12 15:14:35.897  1247  1247 D CompatConfig: Adding: com.android.server.compat.config.Change@513c89d
05-12 15:14:35.897  1247  1247 D CompatConfig: Adding: com.android.server.compat.config.Change@6fa7112
05-12 15:14:35.897  1247  1247 D CompatConfig: Adding: com.android.server.compat.config.Change@d01d0e3
05-12 15:14:35.897  1247  1278 I SystemConfig: Reading permissions from /system/etc/sysconfig/hiddenapi-package-whitelist.xml
05-12 15:14:35.897  1247  1247 D CompatConfig: Adding: com.android.server.compat.config.Change@9fd4ae0
05-12 15:14:35.897  1247  1247 D CompatConfig: Adding: com.android.server.compat.config.Change@6e95199
05-12 15:14:35.897  1247  1247 D CompatConfig: Adding: com.android.server.compat.config.Change@d8a8c5e
05-12 15:14:35.897  1247  1247 D CompatConfig: Adding: com.android.server.compat.config.Change@976983f
05-12 15:14:35.897  1247  1247 D CompatConfig: Adding: com.android.server.compat.config.Change@99c350c
05-12 15:14:35.897  1247  1247 D CompatConfig: Adding: com.android.server.compat.config.Change@2f46e55
05-12 15:14:35.897  1247  1247 D CompatConfig: Adding: com.android.server.compat.config.Change@66f106a
05-12 15:14:35.897  1247  1247 D CompatConfig: Adding: com.android.server.compat.config.Change@46795b
05-12 15:14:35.897  1247  1247 D CompatConfig: Adding: com.android.server.compat.config.Change@e5d95f8
05-12 15:14:35.897  1247  1247 D CompatConfig: Adding: com.android.server.compat.config.Change@75a9ad1
05-12 15:14:35.897  1247  1247 D CompatConfig: Adding: com.android.server.compat.config.Change@b65c936
05-12 15:14:35.897  1247  1247 D CompatConfig: Adding: com.android.server.compat.config.Change@3695037
05-12 15:14:35.897  1247  1247 D CompatConfig: Adding: com.android.server.compat.config.Change@bd219a4
05-12 15:14:35.897  1247  1247 D CompatConfig: Adding: com.android.server.compat.config.Change@51d130d
05-12 15:14:35.897  1247  1247 D CompatConfig: Adding: com.android.server.compat.config.Change@23d42c2
05-12 15:14:35.897  1247  1247 D CompatConfig: Adding: com.android.server.compat.config.Change@278b8d3
05-12 15:14:35.897  1247  1247 D CompatConfig: Adding: com.android.server.compat.config.Change@be92c10
05-12 15:14:35.897  1247  1247 D CompatConfig: Adding: com.android.server.compat.config.Change@214d309
05-12 15:14:35.897  1247  1247 D CompatConfig: Adding: com.android.server.compat.config.Change@d20c90e
05-12 15:14:35.898  1247  1278 I SystemConfig: Reading permissions from /system/etc/sysconfig/preinstalled-packages-platform-full-base.xml
05-12 15:14:35.899  1247  1247 D CompatConfig: Found a config file: /system/etc/compatconfig/framework-platform-compat-config.xml
05-12 15:14:35.899  1247  1278 I SystemConfig: Reading permissions from /system/etc/sysconfig/hiddenapi-whitelist-org.pixelexperience.faceunlock.xml
05-12 15:14:35.900  1247  1278 I SystemConfig: Reading permissions from /system/etc/sysconfig/preinstalled-packages-platform.xml
05-12 15:14:35.901  1247  1247 D CompatConfig: Adding: com.android.server.compat.config.Change@2d46f4b
05-12 15:14:35.901  1247  1247 D CompatConfig: Adding: com.android.server.compat.config.Change@d5e6d28
05-12 15:14:35.901  1247  1247 D CompatConfig: Adding: com.android.server.compat.config.Change@b66da41
05-12 15:14:35.901  1247  1247 D CompatConfig: Adding: com.android.server.compat.config.Change@90ebe6
05-12 15:14:35.901  1247  1247 D CompatConfig: Adding: com.android.server.compat.config.Change@f78b527
05-12 15:14:35.901  1247  1247 D CompatConfig: Adding: com.android.server.compat.config.Change@c133d4
05-12 15:14:35.901  1247  1247 D CompatConfig: Adding: com.android.server.compat.config.Change@a05d97d
05-12 15:14:35.901  1247  1247 D CompatConfig: Adding: com.android.server.compat.config.Change@6fe072
05-12 15:14:35.901  1247  1247 D CompatConfig: Adding: com.android.server.compat.config.Change@317cc3
05-12 15:14:35.901  1247  1247 D CompatConfig: Adding: com.android.server.compat.config.Change@ae7b940
05-12 15:14:35.901  1247  1247 D CompatConfig: Adding: com.android.server.compat.config.Change@69b9079
05-12 15:14:35.901  1247  1247 D CompatConfig: Adding: com.android.server.compat.config.Change@cd791be
05-12 15:14:35.901  1247  1247 D CompatConfig: Adding: com.android.server.compat.config.Change@d25221f
05-12 15:14:35.901  1247  1247 D CompatConfig: Adding: com.android.server.compat.config.Change@c2f296c
05-12 15:14:35.901  1247  1247 D CompatConfig: Adding: com.android.server.compat.config.Change@43bbb35
05-12 15:14:35.902  1247  1247 D CompatConfig: Adding: com.android.server.compat.config.Change@770bca
05-12 15:14:35.902  1247  1247 D CompatConfig: Adding: com.android.server.compat.config.Change@83c13b
05-12 15:14:35.902  1247  1247 D CompatConfig: Adding: com.android.server.compat.config.Change@979d5b1
05-12 15:14:35.902  1247  1247 D CompatConfig: Adding: com.android.server.compat.config.Change@fe21a96
05-12 15:14:35.902  1247  1247 D CompatConfig: Adding: com.android.server.compat.config.Change@d633617
05-12 15:14:35.902  1247  1247 D CompatConfig: Adding: com.android.server.compat.config.Change@a833a04
05-12 15:14:35.902  1247  1247 D CompatConfig: Adding: com.android.server.compat.config.Change@8a51bed
05-12 15:14:35.902  1247  1247 D CompatConfig: Adding: com.android.server.compat.config.Change@31d4a22
05-12 15:14:35.902  1247  1278 I SystemConfig: Reading permissions from /system/etc/permissions/com.android.intentresolver.xml
05-12 15:14:35.902  1247  1247 D CompatConfig: Adding: com.android.server.compat.config.Change@85b1cb3
05-12 15:14:35.902  1247  1247 D CompatConfig: Adding: com.android.server.compat.config.Change@6fbf270
05-12 15:14:35.902  1247  1247 D CompatConfig: Adding: com.android.server.compat.config.Change@fc489e9
05-12 15:14:35.902  1247  1247 D CompatConfig: Adding: com.android.server.compat.config.Change@be9e66e
05-12 15:14:35.902  1247  1247 D CompatConfig: Adding: com.android.server.compat.config.Change@de0d10f
05-12 15:14:35.902  1247  1247 D CompatConfig: Adding: com.android.server.compat.config.Change@905c59c
05-12 15:14:35.902  1247  1247 D CompatConfig: Adding: com.android.server.compat.config.Change@c52dba5
05-12 15:14:35.902  1247  1247 D CompatConfig: Adding: com.android.server.compat.config.Change@4d1fb7a
05-12 15:14:35.902  1247  1247 D CompatConfig: Adding: com.android.server.compat.config.Change@2636f2b
05-12 15:14:35.902  1247  1247 D CompatConfig: Adding: com.android.server.compat.config.Change@6779f88
05-12 15:14:35.902  1247  1247 D CompatConfig: Adding: com.android.server.compat.config.Change@eba8d21
05-12 15:14:35.902  1247  1247 D CompatConfig: Adding: com.android.server.compat.config.Change@4f45546
05-12 15:14:35.902  1247  1247 D CompatConfig: Adding: com.android.server.compat.config.Change@827d307
05-12 15:14:35.902  1247  1247 D CompatConfig: Adding: com.android.server.compat.config.Change@9ab2c34
05-12 15:14:35.902  1247  1247 D CompatConfig: Adding: com.android.server.compat.config.Change@991da5d
05-12 15:14:35.902  1247  1247 D CompatConfig: Adding: com.android.server.compat.config.Change@4907fd2
05-12 15:14:35.902  1247  1247 D CompatConfig: Adding: com.android.server.compat.config.Change@6e498a3
05-12 15:14:35.902  1247  1247 D CompatConfig: Adding: com.android.server.compat.config.Change@6e8d7a0
05-12 15:14:35.902  1247  1247 D CompatConfig: Adding: com.android.server.compat.config.Change@896bf59
05-12 15:14:35.902  1247  1247 D CompatConfig: Adding: com.android.server.compat.config.Change@e52c71e
05-12 15:14:35.902  1247  1247 D CompatConfig: Adding: com.android.server.compat.config.Change@11e1bff
05-12 15:14:35.902  1247  1247 D CompatConfig: Adding: com.android.server.compat.config.Change@c93cdcc
05-12 15:14:35.902  1247  1247 D CompatConfig: Adding: com.android.server.compat.config.Change@b6af815
05-12 15:14:35.902  1247  1247 D CompatConfig: Adding: com.android.server.compat.config.Change@960372a
05-12 15:14:35.902  1247  1247 D CompatConfig: Adding: com.android.server.compat.config.Change@342791b
05-12 15:14:35.902  1247  1247 D CompatConfig: Adding: com.android.server.compat.config.Change@a15fab8
05-12 15:14:35.902  1247  1247 D CompatConfig: Adding: com.android.server.compat.config.Change@100091
05-12 15:14:35.903  1247  1247 D CompatConfig: Adding: com.android.server.compat.config.Change@8229bf6
05-12 15:14:35.903  1247  1247 D CompatConfig: Adding: com.android.server.compat.config.Change@8858bf7
05-12 15:14:35.903  1247  1247 D CompatConfig: Adding: com.android.server.compat.config.Change@98c0a64
05-12 15:14:35.903  1247  1247 D CompatConfig: Adding: com.android.server.compat.config.Change@92314cd
05-12 15:14:35.903  1247  1247 D CompatConfig: Adding: com.android.server.compat.config.Change@7d48182
05-12 15:14:35.903  1247  1247 D CompatConfig: Adding: com.android.server.compat.config.Change@17cf093
05-12 15:14:35.903  1247  1247 D CompatConfig: Adding: com.android.server.compat.config.Change@83168d0
05-12 15:14:35.903  1247  1247 D CompatConfig: Adding: com.android.server.compat.config.Change@bd930c9
05-12 15:14:35.903  1247  1247 D CompatConfig: Adding: com.android.server.compat.config.Change@ccd33ce
05-12 15:14:35.903  1247  1247 D CompatConfig: Adding: com.android.server.compat.config.Change@87c02ef
05-12 15:14:35.903  1247  1247 D CompatConfig: Adding: com.android.server.compat.config.Change@98c41fc
05-12 15:14:35.903  1247  1247 D CompatConfig: Adding: com.android.server.compat.config.Change@1bb1085
05-12 15:14:35.903  1247  1247 D CompatConfig: Adding: com.android.server.compat.config.Change@78cbeda
05-12 15:14:35.903  1247  1247 D CompatConfig: Adding: com.android.server.compat.config.Change@fafdf0b
05-12 15:14:35.903  1247  1247 D CompatConfig: Adding: com.android.server.compat.config.Change@15981e8
05-12 15:14:35.903  1247  1247 D CompatConfig: Adding: com.android.server.compat.config.Change@a213001
05-12 15:14:35.903  1247  1247 D CompatConfig: Adding: com.android.server.compat.config.Change@e87eea6
05-12 15:14:35.903  1247  1247 D CompatConfig: Adding: com.android.server.compat.config.Change@4fb60e7
05-12 15:14:35.903  1247  1247 D CompatConfig: Adding: com.android.server.compat.config.Change@38d494
05-12 15:14:35.903  1247  1247 D CompatConfig: Adding: com.android.server.compat.config.Change@76fcb3d
05-12 15:14:35.903  1247  1247 D CompatConfig: Adding: com.android.server.compat.config.Change@8b44f32
05-12 15:14:35.903  1247  1247 D CompatConfig: Adding: com.android.server.compat.config.Change@7932483
05-12 15:14:35.903  1247  1247 D CompatConfig: Adding: com.android.server.compat.config.Change@f18a600
05-12 15:14:35.903  1247  1247 D CompatConfig: Adding: com.android.server.compat.config.Change@412de39
05-12 15:14:35.903  1247  1247 D CompatConfig: Adding: com.android.server.compat.config.Change@4d42c7e
05-12 15:14:35.903  1247  1247 D CompatConfig: Adding: com.android.server.compat.config.Change@b5985df
05-12 15:14:35.903  1247  1247 D CompatConfig: Adding: com.android.server.compat.config.Change@562222c
05-12 15:14:35.903  1247  1247 D CompatConfig: Adding: com.android.server.compat.config.Change@b3a24f5
05-12 15:14:35.903  1247  1247 D CompatConfig: Adding: com.android.server.compat.config.Change@982928a
05-12 15:14:35.903  1247  1247 D CompatConfig: Adding: com.android.server.compat.config.Change@5faa0fb
05-12 15:14:35.903  1247  1247 D CompatConfig: Adding: com.android.server.compat.config.Change@5e53518
05-12 15:14:35.903  1247  1247 D CompatConfig: Adding: com.android.server.compat.config.Change@1551b71
05-12 15:14:35.903  1247  1247 D CompatConfig: Adding: com.android.server.compat.config.Change@9ff4d56
05-12 15:14:35.903  1247  1247 D CompatConfig: Adding: com.android.server.compat.config.Change@1c851d7
05-12 15:14:35.903  1247  1247 D CompatConfig: Adding: com.android.server.compat.config.Change@e848ac4
05-12 15:14:35.903  1247  1247 D CompatConfig: Adding: com.android.server.compat.config.Change@84efdad
05-12 15:14:35.903  1247  1247 D CompatConfig: Adding: com.android.server.compat.config.Change@bbae8e2
05-12 15:14:35.903  1247  1247 D CompatConfig: Adding: com.android.server.compat.config.Change@2563473
05-12 15:14:35.903  1247  1247 D CompatConfig: Adding: com.android.server.compat.config.Change@6a18f30
05-12 15:14:35.903  1247  1247 D CompatConfig: Adding: com.android.server.compat.config.Change@b8ac7a9
05-12 15:14:35.903  1247  1247 D CompatConfig: Adding: com.android.server.compat.config.Change@6d5a4cf
05-12 15:14:35.903  1247  1247 D CompatConfig: Adding: com.android.server.compat.config.Change@8486e5c
05-12 15:14:35.903  1247  1247 D CompatConfig: Adding: com.android.server.compat.config.Change@f9f3565
05-12 15:14:35.903  1247  1247 D CompatConfig: Adding: com.android.server.compat.config.Change@a2cb23a
05-12 15:14:35.903  1247  1247 D CompatConfig: Adding: com.android.server.compat.config.Change@631beeb
05-12 15:14:35.903  1247  1278 I SystemConfig: Reading permissions from /system/etc/permissions/privapp-permissions-google.xml
05-12 15:14:35.904  1247  1247 D CompatConfig: Adding: com.android.server.compat.config.Change@1c1448
05-12 15:14:35.904  1247  1247 D CompatConfig: Adding: com.android.server.compat.config.Change@1d2c2e1
05-12 15:14:35.904  1247  1247 D CompatConfig: Adding: com.android.server.compat.config.Change@923b806
05-12 15:14:35.904  1247  1247 D CompatConfig: Adding: com.android.server.compat.config.Change@eb5ec7
05-12 15:14:35.904  1247  1247 D CompatConfig: Adding: com.android.server.compat.config.Change@22cf4
05-12 15:14:35.904  1247  1247 D CompatConfig: Found a config file: /system/etc/compatconfig/icu4j-platform-compat-config.xml
05-12 15:14:35.905  1247  1247 D CompatConfig: Adding: com.android.server.compat.config.Change@e334e92
05-12 15:14:35.905  1247  1278 I SystemConfig: Reading permissions from /system/etc/permissions/org.apache.http.legacy.xml
05-12 15:14:35.906  1247  1247 D CompatConfig: Found a config file: /system/etc/compatconfig/calendar-provider-compat-config.xml
05-12 15:14:35.907  1247  1247 D CompatConfig: Adding: com.android.server.compat.config.Change@c47ed19
05-12 15:14:35.907  1247  1278 I SystemConfig: Reading permissions from /system/etc/permissions/android.test.mock.xml
05-12 15:14:35.908  1247  1247 D CompatConfig: Found a config file: /system/etc/compatconfig/contacts-provider-platform-compat-config.xml
05-12 15:14:35.908  1247  1278 I SystemConfig: Reading permissions from /system/etc/permissions/privapp-permissions-platform.xml
05-12 15:14:35.909  1247  1247 D CompatConfig: Found a config file: /system/etc/compatconfig/documents-ui-compat-config.xml
05-12 15:14:35.910  1247  1247 D CompatConfig: Adding: com.android.server.compat.config.Change@5361dea
05-12 15:14:35.911  1247  1247 D CompatConfig: Found a config file: /system/etc/compatconfig/TeleService-platform-compat-config.xml
05-12 15:14:35.911  1247  1247 D CompatConfig: Adding: com.android.server.compat.config.Change@7211f78
05-12 15:14:35.911  1247  1247 D CompatConfig: Adding: com.android.server.compat.config.Change@f812651
05-12 15:14:35.911  1247  1247 D CompatConfig: Adding: com.android.server.compat.config.Change@7502eb6
05-12 15:14:35.911  1247  1247 D CompatConfig: Adding: com.android.server.compat.config.Change@22387b7
05-12 15:14:35.911  1247  1247 D CompatConfig: Adding: com.android.server.compat.config.Change@b04bb24
05-12 15:14:35.911  1247  1247 D CompatConfig: Adding: com.android.server.compat.config.Change@3e0d68d
05-12 15:14:35.912  1247  1247 D CompatConfig: Found a config file: /system/system_ext/etc/compatconfig/settings-platform-compat-config.xml
05-12 15:14:35.913  1247  1247 D CompatConfig: Adding: com.android.server.compat.config.Change@b5ee853
05-12 15:14:35.914  1247  1247 D ApexManagerTiming: getActiveApexInfos_noCache
05-12 15:14:35.918  1247  1278 I SystemConfig: Reading permissions from /system/etc/permissions/android.test.runner.xml
05-12 15:14:35.919  1247  1278 I SystemConfig: Reading permissions from /system/etc/permissions/javax.obex.xml
05-12 15:14:35.919  1247  1278 I SystemConfig: Reading permissions from /system/etc/permissions/com.android.media.remotedisplay.xml
05-12 15:14:35.920  1247  1278 I SystemConfig: Reading permissions from /system/etc/permissions/android.software.nfc.beam.xml
05-12 15:14:35.921  1247  1278 I SystemConfig: Reading permissions from /system/etc/permissions/com.android.future.usb.accessory.xml
05-12 15:14:35.923  1247  1278 I SystemConfig: Reading permissions from /system/etc/permissions/android.test.base.xml
05-12 15:14:35.925  1247  1278 I SystemConfig: Reading permissions from /system/etc/permissions/android.software.webview.xml
05-12 15:14:35.926  1247  1278 I SystemConfig: Reading permissions from /system/etc/permissions/com.android.mediadrm.signer.xml
05-12 15:14:35.927  1247  1247 D CompatConfig: No directory /apex/com.android.i18n/etc/compatconfig, skipping
05-12 15:14:35.927  1247  1278 I SystemConfig: Reading permissions from /system/etc/permissions/com.android.networkstack.xml
05-12 15:14:35.928  1247  1247 D CompatConfig: Found a config file: /apex/com.android.wifi/etc/compatconfig/wifi-compat-config.xml
05-12 15:14:35.928  1247  1278 I SystemConfig: Reading permissions from /system/etc/permissions/com.android.location.provider.xml
05-12 15:14:35.929  1247  1247 D CompatConfig: Adding: com.android.server.compat.config.Change@47c28fa
05-12 15:14:35.929  1247  1247 D CompatConfig: Adding: com.android.server.compat.config.Change@8b5ceab
05-12 15:14:35.929  1247  1278 I SystemConfig: Reading permissions from /system/etc/permissions/privapp_allowlist_com.android.adservices.api.xml
05-12 15:14:35.930  1247  1278 I SystemConfig: Reading permissions from /system/etc/permissions/android.hardware.biometrics.face.xml
05-12 15:14:35.930  1247  1247 D CompatConfig: Found a config file: /apex/com.android.art/etc/compatconfig/libcore-platform-compat-config.xml
05-12 15:14:35.931  1247  1278 I SystemConfig: Reading permissions from /system/etc/permissions/privapp_allowlist_com.android.providers.media.module.xml
05-12 15:14:35.932  1247  1247 D CompatConfig: Adding: com.android.server.compat.config.Change@5a7edb4
05-12 15:14:35.932  1247  1247 D CompatConfig: Adding: com.android.server.compat.config.Change@253ddd
05-12 15:14:35.932  1247  1247 D CompatConfig: Adding: com.android.server.compat.config.Change@ea2dd52
05-12 15:14:35.932  1247  1247 D CompatConfig: Adding: com.android.server.compat.config.Change@a336823
05-12 15:14:35.932  1247  1247 D CompatConfig: Adding: com.android.server.compat.config.Change@fb03120
05-12 15:14:35.932  1247  1247 D CompatConfig: Adding: com.android.server.compat.config.Change@bbcdad9
05-12 15:14:35.932  1247  1278 I SystemConfig: Reading permissions from /system/etc/permissions/android.software.live_wallpaper.xml
05-12 15:14:35.933  1247  1247 D CompatConfig: No directory /apex/com.android.adbd/etc/compatconfig, skipping
05-12 15:14:35.933  1247  1278 I SystemConfig: Reading permissions from /system/etc/permissions/privapp-permissions-mediatek.xml
05-12 15:14:35.933  1247  1247 D CompatConfig: No directory /apex/com.android.os.statsd/etc/compatconfig, skipping
05-12 15:14:35.933  1247  1247 D CompatConfig: No directory /apex/com.android.cellbroadcast/etc/compatconfig, skipping
05-12 15:14:35.933  1247  1247 D CompatConfig: No directory /apex/com.android.appsearch/etc/compatconfig, skipping
05-12 15:14:35.933  1247  1247 D CompatConfig: No directory /apex/com.android.uwb/etc/compatconfig, skipping
05-12 15:14:35.933  1247  1247 D CompatConfig: No directory /apex/com.android.extservices/etc/compatconfig, skipping
05-12 15:14:35.933  1247  1247 D CompatConfig: No directory /apex/com.android.sdkext/etc/compatconfig, skipping
05-12 15:14:35.934  1247  1247 D CompatConfig: No directory /apex/com.android.adservices/etc/compatconfig, skipping
05-12 15:14:35.934  1247  1247 D CompatConfig: No directory /apex/com.android.media/etc/compatconfig, skipping
05-12 15:14:35.934  1247  1247 D CompatConfig: No directory /apex/com.android.media.swcodec/etc/compatconfig, skipping
05-12 15:14:35.934  1247  1247 D CompatConfig: No directory /apex/com.android.vndk.v33/etc/compatconfig, skipping
05-12 15:14:35.934  1247  1247 D CompatConfig: No directory /apex/com.android.ipsec/etc/compatconfig, skipping
05-12 15:14:35.934  1247  1247 D CompatConfig: No directory /apex/com.android.permission/etc/compatconfig, skipping
05-12 15:14:35.935  1247  1247 D CompatConfig: Found a config file: /apex/com.android.btservices/etc/compatconfig/bluetooth-compat-config.xml
05-12 15:14:35.936  1247  1247 D CompatConfig: Adding: com.android.server.compat.config.Change@d974b95
05-12 15:14:35.936  1247  1278 I SystemConfig: Reading permissions from /system/etc/permissions/privapp-permissions-org.pixelexperience.faceunlock.xml
05-12 15:14:35.937  1247  1247 D CompatConfig: No directory /apex/com.android.tzdata/etc/compatconfig, skipping
05-12 15:14:35.938  1247  1247 D CompatConfig: Found a config file: /apex/com.android.tethering/etc/compatconfig/connectivity-platform-compat-config.xml
05-12 15:14:35.938  1247  1278 I SystemConfig: Reading permissions from /system/etc/permissions/platform.xml
05-12 15:14:35.938  1247  1247 D CompatConfig: Adding: com.android.server.compat.config.Change@76e0c11
05-12 15:14:35.939  1247  1247 D CompatConfig: Found a config file: /apex/com.android.mediaprovider/etc/compatconfig/media-provider-platform-compat-config.xml
05-12 15:14:35.941  1247  1247 D CompatConfig: Adding: com.android.server.compat.config.Change@8034377
05-12 15:14:35.941  1247  1247 D CompatConfig: Adding: com.android.server.compat.config.Change@cfc2be4
05-12 15:14:35.941  1247  1247 D CompatConfig: Adding: com.android.server.compat.config.Change@316584d
05-12 15:14:35.941  1247  1247 D CompatConfig: Adding: com.android.server.compat.config.Change@7f93f02
05-12 15:14:35.941  1247  1247 D CompatConfig: Adding: com.android.server.compat.config.Change@3dea013
05-12 15:14:35.941  1247  1247 D CompatConfig: Adding: com.android.server.compat.config.Change@c422250
05-12 15:14:35.941  1247  1247 D CompatConfig: Adding: com.android.server.compat.config.Change@87d2c49
05-12 15:14:35.942  1247  1247 D CompatConfig: No directory /apex/com.android.apex.cts.shim/etc/compatconfig, skipping
05-12 15:14:35.942  1247  1247 D CompatConfig: No directory /apex/com.android.scheduling/etc/compatconfig, skipping
05-12 15:14:35.942  1247  1247 D CompatConfig: No directory /apex/com.android.conscrypt/etc/compatconfig, skipping
05-12 15:14:35.942  1247  1247 D CompatConfig: No directory /apex/com.android.neuralnetworks/etc/compatconfig, skipping
05-12 15:14:35.943  1247  1247 D CompatConfig: No directory /apex/com.android.ondevicepersonalization/etc/compatconfig, skipping
05-12 15:14:35.943  1247  1247 D CompatConfig: No directory /apex/com.android.resolv/etc/compatconfig, skipping
05-12 15:14:35.943  1247  1247 D CompatConfig: No directory /apex/com.android.runtime/etc/compatconfig, skipping
05-12 15:14:35.944  1247  1278 I SystemConfig: Reading permissions from /vendor/etc/permissions/android.software.ipsec_tunnels.xml
05-12 15:14:35.945  1247  1278 I SystemConfig: Reading permissions from /vendor/etc/permissions/android.hardware.sensor.stepdetector.xml
05-12 15:14:35.946  1247  1278 I SystemConfig: Reading permissions from /vendor/etc/permissions/android.hardware.telephony.gsm.xml
05-12 15:14:35.947  1247  1278 I SystemConfig: Reading permissions from /vendor/etc/permissions/android.hardware.camera.front.xml
05-12 15:14:35.948  1247  1278 I SystemConfig: Reading permissions from /vendor/etc/permissions/android.hardware.touchscreen.multitouch.xml
05-12 15:14:35.948  1247  1247 D SystemServerTiming: StartFileIntegrityService
05-12 15:14:35.949  1247  1247 I SystemServiceManager: Starting com.android.server.security.FileIntegrityService
05-12 15:14:35.949  1247  1278 I SystemConfig: Reading permissions from /vendor/etc/permissions/android.hardware.location.gps.xml
05-12 15:14:35.950  1247  1278 I SystemConfig: Reading permissions from /vendor/etc/permissions/android.hardware.wifi.direct.xml
05-12 15:14:35.951  1247  1278 I SystemConfig: Reading permissions from /vendor/etc/permissions/android.hardware.sensor.proximity.xml
05-12 15:14:35.952  1247  1278 I SystemConfig: Reading permissions from /vendor/etc/permissions/android.hardware.wifi.xml
05-12 15:14:35.953  1247  1278 I SystemConfig: Reading permissions from /vendor/etc/permissions/android.hardware.touchscreen.multitouch.distinct.xml
05-12 15:14:35.953  1247  1278 I SystemConfig: Reading permissions from /vendor/etc/permissions/android.hardware.camera.xml
05-12 15:14:35.954  1247  1247 D SystemServerTiming: StartInstaller
05-12 15:14:35.954  1247  1247 I SystemServiceManager: Starting com.android.server.pm.Installer
05-12 15:14:35.954  1247  1278 I SystemConfig: Reading permissions from /vendor/etc/permissions/android.hardware.sensor.light.xml
05-12 15:14:35.955  1247  1278 I SystemConfig: Reading permissions from /vendor/etc/permissions/handheld_core_hardware.xml
05-12 15:14:35.957  1247  1278 I SystemConfig: Reading permissions from /vendor/etc/permissions/android.hardware.opengles.aep.xml
05-12 15:14:35.957  1247  1247 D SystemServerTiming: DeviceIdentifiersPolicyService
05-12 15:14:35.957  1247  1247 I SystemServiceManager: Starting com.android.server.os.DeviceIdentifiersPolicyService
05-12 15:14:35.958  1247  1278 I SystemConfig: Reading permissions from /vendor/etc/permissions/android.hardware.telephony.ims.xml
05-12 15:14:35.959  1247  1278 I SystemConfig: Reading permissions from /vendor/etc/permissions/android.hardware.sensor.accelerometer.xml
05-12 15:14:35.959  1247  1247 D SystemServerTiming: UriGrantsManagerService
05-12 15:14:35.959  1247  1247 I SystemServiceManager: Starting com.android.server.uri.UriGrantsManagerService$Lifecycle
05-12 15:14:35.960  1247  1278 I SystemConfig: Reading permissions from /vendor/etc/permissions/android.hardware.wifi.passpoint.xml
05-12 15:14:35.961  1247  1278 I SystemConfig: Reading permissions from /vendor/etc/permissions/android.hardware.vulkan.level.xml
05-12 15:14:35.961  1247  1247 D SystemServerTiming: StartPowerStatsService
05-12 15:14:35.961  1247  1247 I SystemServiceManager: Starting com.android.server.powerstats.PowerStatsService
05-12 15:14:35.961  1247  1278 I SystemConfig: Reading permissions from /vendor/etc/permissions/android.hardware.vulkan.compute.xml
05-12 15:14:35.962  1247  1278 I SystemConfig: Reading permissions from /vendor/etc/permissions/android.hardware.sensor.compass.xml
05-12 15:14:35.963  1247  1278 I SystemConfig: Reading permissions from /vendor/etc/permissions/android.hardware.camera.raw.xml
05-12 15:14:35.965  1247  1278 I SystemConfig: Reading permissions from /vendor/etc/permissions/android.software.opengles.deqp.level.xml
05-12 15:14:35.966  1247  1278 I SystemConfig: Reading permissions from /vendor/etc/permissions/android.hardware.sensor.stepcounter.xml
05-12 15:14:35.966  1247  1278 I SystemConfig: Reading permissions from /vendor/etc/permissions/android.software.vulkan.deqp.level.xml
05-12 15:14:35.967  1247  1278 I SystemConfig: Reading permissions from /vendor/etc/permissions/android.software.verified_boot.xml
05-12 15:14:35.967  1247  1247 D SystemServerTiming: StartIStatsService
05-12 15:14:35.968  1247  1278 I SystemConfig: Reading permissions from /vendor/etc/permissions/android.hardware.bluetooth.xml
05-12 15:14:35.969  1247  1278 I SystemConfig: Reading permissions from /vendor/etc/permissions/android.hardware.fingerprint.xml
05-12 15:14:35.970  1247  1278 I SystemConfig: Reading permissions from /vendor/etc/permissions/android.hardware.faketouch.xml
05-12 15:14:35.970  1247  1278 I SystemConfig: Reading permissions from /vendor/etc/permissions/android.hardware.usb.host.xml
05-12 15:14:35.971  1247  1278 I SystemConfig: Reading permissions from /vendor/etc/permissions/android.hardware.bluetooth_le.xml
05-12 15:14:35.972  1247  1278 I SystemConfig: Reading permissions from /vendor/etc/permissions/android.hardware.camera.full.xml
05-12 15:14:35.972  1247  1247 D SystemServerTiming: MemtrackProxyService
05-12 15:14:35.973  1247  1278 I SystemConfig: Reading permissions from /vendor/etc/permissions/android.software.midi.xml
05-12 15:14:35.973  1247  1278 I SystemConfig: Reading permissions from /vendor/etc/permissions/android.hardware.touchscreen.xml
05-12 15:14:35.974  1247  1278 I SystemConfig: Reading permissions from /vendor/etc/permissions/android.hardware.sensor.gyroscope.xml
05-12 15:14:35.975  1247  1278 I SystemConfig: Reading permissions from /vendor/etc/permissions/android.hardware.vulkan.version.xml
05-12 15:14:35.975  1247  1278 I SystemConfig: Reading permissions from /vendor/etc/permissions/android.hardware.usb.accessory.xml
05-12 15:14:35.976  1247  1278 I SystemConfig: Reading permissions from /vendor/etc/permissions/android.hardware.audio.low_latency.xml
05-12 15:14:35.977  1247  1247 D SystemServerTiming: StartActivityManager
05-12 15:14:35.977  1247  1278 I SystemConfig: Reading permissions from /vendor/etc/permissions/android.hardware.camera.flash-autofocus.xml
05-12 15:14:35.977  1247  1247 I SystemServiceManager: Starting com.android.server.wm.ActivityTaskManagerService$Lifecycle
05-12 15:14:35.978  1247  1278 I SystemConfig: Reading permissions from /vendor/etc/permissions/android.hardware.touchscreen.multitouch.jazzhand.xml
05-12 15:14:35.979  1247  1278 I SystemConfig: Reading permissions from /product/etc/sysconfig/google-hiddenapi-package-whitelist.xml
05-12 15:14:35.980  1247  1278 I SystemConfig: Reading permissions from /product/etc/sysconfig/quick_tap.xml
05-12 15:14:35.981  1247  1278 I SystemConfig: Reading permissions from /product/etc/sysconfig/pixel_experience_2018.xml
05-12 15:14:35.981  1247  1247 I SystemServiceManager: Starting com.android.server.am.ActivityManagerService$Lifecycle
05-12 15:14:35.982  1247  1278 I SystemConfig: Adding association: com.google.android.as.oss <- com.google.android.odad
05-12 15:14:35.982  1247  1278 I SystemConfig: Adding association: com.google.android.odad <- com.google.android.as.oss
05-12 15:14:35.982  1247  1278 I SystemConfig: Reading permissions from /product/etc/sysconfig/google_build.xml
05-12 15:14:35.983  1247  1278 I SystemConfig: Reading permissions from /product/etc/sysconfig/nexus.xml
05-12 15:14:35.984  1247  1278 I SystemConfig: Reading permissions from /product/etc/sysconfig/google.xml
05-12 15:14:35.984  1247  1247 I ActivityManager: Memory class: 192
05-12 15:14:35.985  1247  1278 I SystemConfig: Adding association: com.google.android.as <- com.android.bluetooth
05-12 15:14:35.985  1247  1278 I SystemConfig: Adding association: com.google.android.as <- com.android.bluetooth.services
05-12 15:14:35.985  1247  1278 I SystemConfig: Adding association: com.google.android.as <- com.android.providers.contacts
