05-12 15:14:40.235  1247  1247 I DevicePolicyManager: Current version 3, latest version 3, not upgrading.
05-12 15:14:40.238  1247  1247 I DevicePolicyManager: Set ro.organization_owned property to false
05-12 15:14:40.243  1247  1247 D SystemServerTiming: StartStatusBarManagerService
05-12 15:14:40.246  1247  1247 D SystemServerTiming: StartMusicRecognitionManagerService
05-12 15:14:40.246  1247  1247 I SystemServiceManager: Starting com.android.server.musicrecognition.MusicRecognitionManagerService
05-12 15:14:40.251  1247  1247 D SystemServerTiming: StartContentCaptureService
05-12 15:14:40.251  1247  1247 I SystemServiceManager: Starting com.android.server.contentcapture.ContentCaptureManagerService
05-12 15:14:40.256  1247  1247 D SystemServerTiming: StartAttentionManagerService
05-12 15:14:40.256  1247  1247 I SystemServiceManager: Starting com.android.server.attention.AttentionManagerService
05-12 15:14:40.259  1247  1247 D SystemServerTiming: StartRotationResolverService
05-12 15:14:40.260  1247  1247 I SystemServiceManager: Starting com.android.server.rotationresolver.RotationResolverManagerService
05-12 15:14:40.263  1247  1247 D SystemServerTiming: StartSystemCaptionsManagerService
05-12 15:14:40.263  1247  1247 I SystemServiceManager: Starting com.android.server.systemcaptions.SystemCaptionsManagerService
05-12 15:14:40.263  1247  1247 D SystemServerTiming: StartTextToSpeechManagerService
05-12 15:14:40.263  1247  1247 I SystemServiceManager: Starting com.android.server.texttospeech.TextToSpeechManagerService
05-12 15:14:40.267  1247  1247 D SystemServerTiming: StartAmbientContextService
05-12 15:14:40.267  1247  1247 I SystemServiceManager: Starting com.android.server.ambientcontext.AmbientContextManagerService
05-12 15:14:40.270  1247  1247 D SystemServerTiming: StartSpeechRecognitionManagerService
05-12 15:14:40.270  1247  1247 I SystemServiceManager: Starting com.android.server.speech.SpeechRecognitionManagerService
05-12 15:14:40.273  1247  1247 D SystemServerTiming: StartAppPredictionService
05-12 15:14:40.273  1247  1247 I SystemServiceManager: Starting com.android.server.appprediction.AppPredictionManagerService
05-12 15:14:40.276  1247  1247 D SystemServerTiming: StartContentSuggestionsService
05-12 15:14:40.276  1247  1247 I SystemServiceManager: Starting com.android.server.contentsuggestions.ContentSuggestionsManagerService
05-12 15:14:40.279  1247  1247 D SystemServerTiming: StartSearchUiService
05-12 15:14:40.279  1247  1247 I SystemServiceManager: Starting com.android.server.searchui.SearchUiManagerService
05-12 15:14:40.282  1247  1247 D SystemServerTiming: StartSmartspaceService
05-12 15:14:40.283  1247  1247 I SystemServiceManager: Starting com.android.server.smartspace.SmartspaceManagerService
05-12 15:14:40.286  1247  1247 D SystemServerTiming: InitConnectivityModuleConnector
05-12 15:14:40.286  1247  1247 D ConnectivityModuleConnector: Network stack init
05-12 15:14:40.288  1247  1247 D SystemServerTiming: InitNetworkStackClient
05-12 15:14:40.288  1247  1247 D SystemServerTiming: StartNetworkManagementService
05-12 15:14:40.292  1247  1247 D SystemServerTiming: StartFontManagerService
05-12 15:14:40.325  1247  1247 D SystemServerTiming: StartTextServicesManager
05-12 15:14:40.325  1247  1247 I SystemServiceManager: Starting com.android.server.textservices.TextServicesManagerService$Lifecycle
05-12 15:14:40.327  1247  1247 D SystemServerTiming: StartTextClassificationManagerService
05-12 15:14:40.328  1247  1247 I SystemServiceManager: Starting com.android.server.textclassifier.TextClassificationManagerService$Lifecycle
05-12 15:14:40.332  1247  1247 D SystemServerTiming: StartNetworkScoreService
05-12 15:14:40.332  1247  1247 I SystemServiceManager: Starting com.android.server.NetworkScoreService$Lifecycle
05-12 15:14:40.335  1247  1247 D SystemServerTiming: StartNetworkStatsService
05-12 15:14:40.348  1247  1247 I SystemServiceManager: Starting com.android.server.NetworkStatsServiceInitializer
05-12 15:14:40.391  1247  1247 D SystemServerTiming: StartNetworkPolicyManagerService
05-12 15:14:40.396  1247  1247 D SystemServerTiming: StartWifi
05-12 15:14:40.422  1247  1247 I SystemServiceManager: Starting com.android.server.wifi.WifiService
05-12 15:14:40.531   805   805 I wificond: New wificond event callback registered
05-12 15:14:40.536  1247  1247 V HistoricalRegistry: Interaction before persistence initialized
05-12 15:14:40.541  1247  1247 D SystemServerTiming: StartWifiScanning
05-12 15:14:40.541  1247  1247 I SystemServiceManager: Starting com.android.server.wifi.scanner.WifiScanningService
05-12 15:14:40.545  1247  1247 D SystemServerTiming: StartWifiP2P
05-12 15:14:40.546  1247  1247 I SystemServiceManager: Starting com.android.server.wifi.p2p.WifiP2pService
05-12 15:14:40.553  1247  1247 D SystemServerTiming: StartPacProxyService
05-12 15:14:40.556  1247  1247 D SystemServerTiming: StartConnectivityService
05-12 15:14:40.556  1247  1247 I SystemServiceManager: Starting com.android.server.ConnectivityServiceInitializer
05-12 15:14:40.589  1247  1247 D CompatibilityChangeReporter: Compat change id reported: 182478738; UID 1000; state: ENABLED
05-12 15:14:40.618  1247  1247 D SystemServerTiming: StartVpnManagerService
05-12 15:14:40.622  1247  1247 D SystemServerTiming: StartVcnManagementService
05-12 15:14:40.625  1247  1247 D SystemServerTiming: StartSystemUpdateManagerService
05-12 15:14:40.625  1247  1247 I SystemUpdateManagerService: No existing info file /data/system/system-update-info.xml
05-12 15:14:40.627  1247  1247 D SystemServerTiming: StartUpdateLockService
05-12 15:14:40.629  1247  1247 D SystemServerTiming: StartNotificationManager
05-12 15:14:40.629  1247  1247 I SystemServiceManager: Starting com.android.server.notification.NotificationManagerService
05-12 15:14:40.635  1247  1247 D ConditionProviders.SCP: new ScheduleConditionProvider()
05-12 15:14:40.691  1247  1247 I NotificationListeners: Read notification listener permissions from xml
05-12 15:14:40.691  1247  1247 I NotificationAssistants: Read notification assistant permissions from xml
05-12 15:14:40.692  1247  1247 I ConditionProviders: Read condition provider permissions from xml
05-12 15:14:40.692  1247  1247 I ConditionProviders: Read condition provider permissions from xml
05-12 15:14:40.692  1247  1247 D NotificationAssistants: Approving default notification assistant for user 0
05-12 15:14:40.694  1247  1247 I ConditionProviders:  Allowing condition provider android.ext.services/android.ext.services.notification.Assistant (userSet: true)
05-12 15:14:40.698  1247  1247 D CompatibilityChangeReporter: Compat change id reported: 157233955; UID 1000; state: ENABLED
05-12 15:14:40.705  1247  1247 W SystemServiceManager: Service com.android.server.notification.NotificationManagerService took 74 ms in onStart
05-12 15:14:40.708  1247  1247 D SystemServerTiming: StartDeviceMonitor
05-12 15:14:40.708  1247  1247 I SystemServiceManager: Starting com.android.server.storage.DeviceStorageMonitorService
05-12 15:14:40.711  1247  1247 D SystemServerTiming: StartLocationManagerService
05-12 15:14:40.711  1247  1247 I SystemServiceManager: Starting com.android.server.location.LocationManagerService$Lifecycle
05-12 15:14:40.715  1247  1247 D SystemServerTiming: StartCountryDetectorService
05-12 15:14:40.717  1247  1247 D SystemServerTiming: StartTimeDetectorService
05-12 15:14:40.718  1247  1247 I SystemServiceManager: Starting com.android.server.timedetector.TimeDetectorService$Lifecycle
05-12 15:14:40.720  1247  1247 D SystemServerTiming: StartTimeZoneDetectorService
05-12 15:14:40.720  1247  1247 I SystemServiceManager: Starting com.android.server.timezonedetector.TimeZoneDetectorService$Lifecycle
05-12 15:14:40.726  1247  1247 D SystemServerTiming: StartLocationTimeZoneManagerService
05-12 15:14:40.726  1247  1247 I SystemServiceManager: Starting com.android.server.timezonedetector.location.LocationTimeZoneManagerService$Lifecycle
05-12 15:14:40.727  1247  1247 D SystemServerTiming: StartSearchManagerService
05-12 15:14:40.727  1247  1247 I SystemServiceManager: Starting com.android.server.search.SearchManagerService$Lifecycle
05-12 15:14:40.729  1247  1247 D SystemServerTiming: StartWallpaperManagerService
05-12 15:14:40.729  1247  1247 I SystemServiceManager: Starting com.android.server.wallpaper.WallpaperManagerService$Lifecycle
05-12 15:14:40.730  1247  1247 D SystemServerTiming: StartWallpaperEffectsGenerationService
05-12 15:14:40.731  1247  1247 I SystemServiceManager: Starting com.android.server.wallpapereffectsgeneration.WallpaperEffectsGenerationManagerService
05-12 15:14:40.732  1247  1247 D SystemServerTiming: StartAudioService
05-12 15:14:40.732  1247  1247 I SystemServiceManager: Starting com.android.server.audio.AudioService$Lifecycle
05-12 15:14:40.782  1247  1247 D SystemServerTiming: StartSoundTriggerMiddlewareService
05-12 15:14:40.782  1247  1247 I SystemServiceManager: Starting com.android.server.soundtrigger_middleware.SoundTriggerMiddlewareService$Lifecycle
05-12 15:14:40.787  1247  1247 D SystemServerTiming: StartDockObserver
05-12 15:14:40.788  1247  1247 I SystemServiceManager: Starting com.android.server.DockObserver
05-12 15:14:40.788  1247  1247 I DockObserver: No extcon dock device found in this kernel.
05-12 15:14:40.789  1247  1247 D SystemServerTiming: StartWiredAccessoryManager
05-12 15:14:40.790  1247  1247 W WiredAccessoryManager: This kernel does not have usb audio support
05-12 15:14:40.790  1247  1247 W WiredAccessoryManager: This kernel does not have HDMI audio support
05-12 15:14:40.790  1247  1247 E WiredAccessoryManager: file /sys/devices/platform/soc/soc:qcom,msm-ext-disp/extcon/extcon3/name not found
05-12 15:14:40.790  1247  1247 W WiredAccessoryManager: Conn soc:qcom,msm-ext-disp/3/1 does not have DP audio support
05-12 15:14:40.790  1247  1247 E WiredAccessoryManager: file /sys/devices/platform/soc/soc:qcom,msm-ext-disp/extcon/extcon2/name not found
05-12 15:14:40.790  1247  1247 W WiredAccessoryManager: Conn soc:qcom,msm-ext-disp/2/1 does not have DP audio support
05-12 15:14:40.791  1247  1247 E WiredAccessoryManager: file /sys/devices/platform/soc/soc:qcom,msm-ext-disp/extcon/extcon1/name not found
05-12 15:14:40.791  1247  1247 W WiredAccessoryManager: Conn soc:qcom,msm-ext-disp/1/1 does not have DP audio support
05-12 15:14:40.791  1247  1247 E WiredAccessoryManager: file /sys/devices/platform/soc/soc:qcom,msm-ext-disp/extcon/extcon0/name not found
05-12 15:14:40.791  1247  1247 W WiredAccessoryManager: Conn soc:qcom,msm-ext-disp/0/1 does not have DP audio support
05-12 15:14:40.791  1247  1247 E WiredAccessoryManager: file /sys/devices/platform/soc/soc:qcom,msm-ext-disp/extcon/extcon3/name not found
05-12 15:14:40.791  1247  1247 W WiredAccessoryManager: Conn soc:qcom,msm-ext-disp/3/0 does not have DP audio support
05-12 15:14:40.791  1247  1247 E WiredAccessoryManager: file /sys/devices/platform/soc/soc:qcom,msm-ext-disp/extcon/extcon2/name not found
05-12 15:14:40.791  1247  1247 W WiredAccessoryManager: Conn soc:qcom,msm-ext-disp/2/0 does not have DP audio support
05-12 15:14:40.791  1247  1247 E WiredAccessoryManager: file /sys/devices/platform/soc/soc:qcom,msm-ext-disp/extcon/extcon1/name not found
05-12 15:14:40.791  1247  1247 W WiredAccessoryManager: Conn soc:qcom,msm-ext-disp/1/0 does not have DP audio support
05-12 15:14:40.791  1247  1247 E WiredAccessoryManager: file /sys/devices/platform/soc/soc:qcom,msm-ext-disp/extcon/extcon0/name not found
05-12 15:14:40.791  1247  1247 W WiredAccessoryManager: Conn soc:qcom,msm-ext-disp/0/0 does not have DP audio support
05-12 15:14:40.791  1247  1247 D SystemServerTiming: StartMidiManager
05-12 15:14:40.792  1247  1247 I SystemServiceManager: Starting com.android.server.midi.MidiService$Lifecycle
05-12 15:14:40.794  1247  1247 D SystemServerTiming: StartAdbService
05-12 15:14:40.794  1247  1247 I SystemServiceManager: Starting com.android.server.adb.AdbService$Lifecycle
05-12 15:14:40.796  1247  1247 D SystemServerTiming: StartUsbService
05-12 15:14:40.796  1247  1247 I SystemServiceManager: Starting com.android.server.usb.UsbService$Lifecycle
05-12 15:14:40.796  1247  1278 D SystemServerTimingAsync: InitThreadPoolExec:UsbService$Lifecycle#onStart
05-12 15:14:40.797  1247  1247 D SystemServerTiming: StartSerialService
05-12 15:14:40.798  1247  1278 I UsbDeviceManager: failed to write to /sys/class/android_usb/android0/f_rndis/ethaddr
05-12 15:14:40.799  1247  1247 D SystemServerTiming: StartHardwarePropertiesManagerService
05-12 15:14:40.799  1247  1278 I UsbDeviceManager: USB GADGET HAL not present in the device
05-12 15:14:40.799  1247  1278 I UsbDeviceManager: java.util.NoSuchElementException
05-12 15:14:40.799  1247  1278 I UsbDeviceManager: 	at android.os.HwBinder.getService(Native Method)
05-12 15:14:40.799  1247  1278 I UsbDeviceManager: 	at android.hardware.usb.gadget.V1_0.IUsbGadget.getService(IUsbGadget.java:57)
05-12 15:14:40.799  1247  1278 I UsbDeviceManager: 	at android.hardware.usb.gadget.V1_0.IUsbGadget.getService(IUsbGadget.java:64)
05-12 15:14:40.799  1247  1278 I UsbDeviceManager: 	at com.android.server.usb.UsbDeviceManager.<init>(UsbDeviceManager.java:308)
05-12 15:14:40.799  1247  1278 I UsbDeviceManager: 	at com.android.server.usb.UsbService.<init>(UsbService.java:183)
05-12 15:14:40.799  1247  1278 I UsbDeviceManager: 	at com.android.server.usb.UsbService$Lifecycle.lambda$onStart$0(UsbService.java:97)
05-12 15:14:40.799  1247  1278 I UsbDeviceManager: 	at com.android.server.usb.UsbService$Lifecycle.$r8$lambda$CxV7IL0QHEjIgNnhuBbpakF4-Bg(Unknown Source:0)
05-12 15:14:40.799  1247  1278 I UsbDeviceManager: 	at com.android.server.usb.UsbService$Lifecycle$$ExternalSyntheticLambda2.run(Unknown Source:2)
05-12 15:14:40.799  1247  1278 I UsbDeviceManager: 	at com.android.server.SystemServerInitThreadPool.lambda$submitTask$0(SystemServerInitThreadPool.java:106)
05-12 15:14:40.799  1247  1278 I UsbDeviceManager: 	at com.android.server.SystemServerInitThreadPool.$r8$lambda$aGlXt69ihU44Qi7EB_RNeu8pnrY(Unknown Source:0)
05-12 15:14:40.799  1247  1278 I UsbDeviceManager: 	at com.android.server.SystemServerInitThreadPool$$ExternalSyntheticLambda0.run(Unknown Source:6)
05-12 15:14:40.799  1247  1278 I UsbDeviceManager: 	at java.util.concurrent.Executors$RunnableAdapter.call(Executors.java:463)
05-12 15:14:40.799  1247  1278 I UsbDeviceManager: 	at java.util.concurrent.FutureTask.run(FutureTask.java:264)
05-12 15:14:40.799  1247  1278 I UsbDeviceManager: 	at java.util.concurrent.ThreadPoolExecutor.runWorker(ThreadPoolExecutor.java:1137)
05-12 15:14:40.799  1247  1278 I UsbDeviceManager: 	at java.util.concurrent.ThreadPoolExecutor$Worker.run(ThreadPoolExecutor.java:637)
05-12 15:14:40.799  1247  1278 I UsbDeviceManager: 	at com.android.internal.util.ConcurrentUtils$1$1.run(ConcurrentUtils.java:65)
05-12 15:14:40.800  1247  1278 E UsbDeviceManager: Failed to open control for mtp
05-12 15:14:40.800  1247  1278 E UsbDeviceManager: Failed to open control for ptp
05-12 15:14:40.802  1247  1247 D SystemServerTiming: StartTwilightService
05-12 15:14:40.802  1247  1247 I SystemServiceManager: Starting com.android.server.twilight.TwilightService
05-12 15:14:40.802  1247  1278 W StorageManagerService: No primary storage defined yet; hacking together a stub
05-12 15:14:40.802  1247  1247 D SystemServerTiming: StartColorDisplay
05-12 15:14:40.802  1247  1247 I SystemServiceManager: Starting com.android.server.display.color.ColorDisplayService
05-12 15:14:40.805  1247  1247 D SystemServerTiming: StartJobScheduler
05-12 15:14:40.805  1247  1247 I SystemServiceManager: Starting com.android.server.job.JobSchedulerService
05-12 15:14:40.807  1247  1278 D UsbPortManager: Querying USB HAL version
05-12 15:14:40.810  1247  1247 D JobStore: Start tag: job-info
05-12 15:14:40.812  1247  1278 I UsbPortManager: USB HAL HIDL present
05-12 15:14:40.815  1247  1279 I UsbPortManager: Usb hal service started android.hardware.usb@1.0::IUsb default
05-12 15:14:40.817  1247  1278 D UsbPortManager: getInstance done
05-12 15:14:40.825  1247  1247 I JobStore: Read 113 jobs
05-12 15:14:40.829  1247  1247 V HistoricalRegistry: Interaction before persistence initialized
05-12 15:14:40.829  1247  1247 V HistoricalRegistry: Interaction before persistence initialized
05-12 15:14:40.831  1247  1247 D SystemServerTiming: StartSoundTrigger
05-12 15:14:40.831  1247  1247 I SystemServiceManager: Starting com.android.server.soundtrigger.SoundTriggerService
05-12 15:14:40.832  1247  1247 D SystemServerTiming: StartTrustManager
05-12 15:14:40.832  1247  1247 I SystemServiceManager: Starting com.android.server.trust.TrustManagerService
05-12 15:14:40.834  1247  1247 D SystemServerTiming: StartBackupManager
05-12 15:14:40.834  1247  1247 I SystemServiceManager: Starting com.android.server.backup.BackupManagerService$Lifecycle
05-12 15:14:40.837  1247  1247 D SystemServerTiming: StartAppWidgetService
05-12 15:14:40.837  1247  1247 I SystemServiceManager: Starting com.android.server.appwidget.AppWidgetService
05-12 15:14:40.841  1247  1247 D SystemServerTiming: StartVoiceRecognitionManager
05-12 15:14:40.841  1247  1247 I SystemServiceManager: Starting com.android.server.voiceinteraction.VoiceInteractionManagerService
05-12 15:14:41.008  1247  1247 D SystemServerTiming: StartAppHibernationService
05-12 15:14:41.008  1247  1247 I SystemServiceManager: Starting com.android.server.apphibernation.AppHibernationService
05-12 15:14:41.011  1247  1247 D SystemServerTiming: StartGestureLauncher
05-12 15:14:41.011  1247  1247 I SystemServiceManager: Starting com.android.server.GestureLauncherService
05-12 15:14:41.011  1247  1247 D SystemServerTiming: StartSensorNotification
05-12 15:14:41.011  1247  1247 I SystemServiceManager: Starting com.android.server.SensorNotificationService
05-12 15:14:41.011  1247  1247 D SystemServerTiming: StartDiskStatsService
05-12 15:14:41.012  1247  1247 D CompatibilityChangeReporter: Compat change id reported: 194532703; UID 1000; state: ENABLED
05-12 15:14:41.012  1247  1247 D CompatibilityChangeReporter: Compat change id reported: 194532703; UID 1000; state: DISABLED
05-12 15:14:41.015  1247  1247 D SystemServerTiming: RuntimeService
05-12 15:14:41.017  1247  1247 D SystemServerTiming: StartNetworkTimeUpdateService
05-12 15:14:41.018  1247  1247 D SystemServerTiming: CertBlacklister
05-12 15:14:41.019  1247  1247 D SystemServerTiming: StartEmergencyAffordanceService
05-12 15:14:41.019  1247  1247 I SystemServiceManager: Starting com.android.server.emergency.EmergencyAffordanceService
05-12 15:14:41.021  1247  1247 D SystemServerTiming: startBlobStoreManagerService
05-12 15:14:41.021  1247  1247 I SystemServiceManager: Starting com.android.server.blob.BlobStoreManagerService
05-12 15:14:41.023  1247  1247 D SystemServerTiming: StartDreamManager
05-12 15:14:41.023  1247  1247 I SystemServiceManager: Starting com.android.server.dreams.DreamManagerService
05-12 15:14:41.026  1247  1247 D SystemServerTiming: AddGraphicsStatsService
05-12 15:14:41.031  1247  1247 D SystemServerTiming: StartPrintManager
05-12 15:14:41.031  1247  1247 I SystemServiceManager: Starting com.android.server.print.PrintManagerService
05-12 15:14:41.033  1247  1247 D SystemServerTiming: StartAttestationVerificationService
05-12 15:14:41.033  1247  1247 I SystemServiceManager: Starting com.android.server.security.AttestationVerificationManagerService
05-12 15:14:41.034  1247  1247 D AVF     : Started
05-12 15:14:41.036  1247  1247 D SystemServerTiming: StartCompanionDeviceManager
05-12 15:14:41.036  1247  1247 I SystemServiceManager: Starting com.android.server.companion.CompanionDeviceManagerService
05-12 15:14:41.036  1247  1247 I CompanionDevice_PersistentDataStore: Reading associations for user 0 from disk
05-12 15:14:41.039  1247  1247 D SystemServerTiming: StartVirtualDeviceManager
05-12 15:14:41.039  1247  1247 I SystemServiceManager: Starting com.android.server.companion.virtual.VirtualDeviceManagerService
05-12 15:14:41.041  1247  1247 D SystemServerTiming: StartRestrictionManager
05-12 15:14:41.041  1247  1247 I SystemServiceManager: Starting com.android.server.restrictions.RestrictionsManagerService
05-12 15:14:41.043  1247  1247 D SystemServerTiming: StartMediaSessionService
05-12 15:14:41.043  1247  1247 I SystemServiceManager: Starting com.android.server.media.MediaSessionService
05-12 15:14:41.046  1247  1247 D SystemServerTiming: StartMediaResourceMonitor
05-12 15:14:41.046  1247  1247 I SystemServiceManager: Starting com.android.server.media.MediaResourceMonitorService
05-12 15:14:41.047  1247  1247 D SystemServerTiming: StartMediaRouterService
05-12 15:14:41.047  1247  1247 V HistoricalRegistry: Interaction before persistence initialized
05-12 15:14:41.050  1247  1247 D SystemServerTiming: StartFaceSensor
05-12 15:14:41.050  1247  1247 I SystemServiceManager: Starting com.android.server.biometrics.sensors.face.FaceService
05-12 15:14:41.052  1247  1247 D SystemServerTiming: StartFingerprintSensor
05-12 15:14:41.052  1247  1247 I SystemServiceManager: Starting com.android.server.biometrics.sensors.fingerprint.FingerprintService
05-12 15:14:41.054  1247  1247 D SystemServerTiming: StartBiometricService
05-12 15:14:41.054  1247  1247 I SystemServiceManager: Starting com.android.server.biometrics.BiometricService
05-12 15:14:41.057  1247  1247 D SystemServerTiming: StartAuthService
05-12 15:14:41.057  1247  1247 I SystemServiceManager: Starting com.android.server.biometrics.AuthService
05-12 15:14:41.057  1247  1247 D AuthService: Registering HIDL ID: 0 Modality: 2 Strength: 15
05-12 15:14:41.062  1247  1407 D BiometricService: Registering ID: 0 Modality: 2 Strength: 15
05-12 15:14:41.063  1247  1407 D BiometricStrengthController: updateStrengths: revert sensorId=0 to oemStrength=15
05-12 15:14:41.063  1247  1407 D BiometricService/Sensor: updateStrength: Before(ID(0), oemStrength: 15, updatedStrength: 15, modality 2, state: 0, cookie: 0) After(ID(0), oemStrength: 15, updatedStrength: 15, modality 2, state: 0, cookie: 0)
05-12 15:14:41.063  1247  1247 D SystemServerTiming: AppLockManagerService
05-12 15:14:41.064  1247  1247 I SystemServiceManager: Starting com.android.server.app.AppLockManagerService$Lifecycle
05-12 15:14:41.065  1247  1408 D BiometricService: Registering ID: 1008 Modality: 8 Strength: 255
05-12 15:14:41.066  1247  1408 D BiometricStrengthController: updateStrengths: revert sensorId=0 to oemStrength=15
05-12 15:14:41.066  1247  1408 D BiometricService/Sensor: updateStrength: Before(ID(0), oemStrength: 15, updatedStrength: 15, modality 2, state: 0, cookie: 0) After(ID(0), oemStrength: 15, updatedStrength: 15, modality 2, state: 0, cookie: 0)
05-12 15:14:41.066  1247  1408 D BiometricStrengthController: updateStrengths: revert sensorId=1008 to oemStrength=255
05-12 15:14:41.066  1247  1408 D BiometricService/Sensor: updateStrength: Before(ID(1008), oemStrength: 255, updatedStrength: 255, modality 8, state: 0, cookie: 0) After(ID(1008), oemStrength: 255, updatedStrength: 255, modality 8, state: 0, cookie: 0)
05-12 15:14:41.070  1247  1247 D SystemServerTiming: StartDynamicCodeLoggingService
05-12 15:14:41.071  1247  1247 D SystemServerTiming: StartPruneInstantAppsJobService
05-12 15:14:41.071  1247  1247 D SystemServerTiming: StartShortcutServiceLifecycle
05-12 15:14:41.071  1247  1247 I SystemServiceManager: Starting com.android.server.pm.ShortcutService$Lifecycle
05-12 15:14:41.072  1247  1247 V HistoricalRegistry: Interaction before persistence initialized
05-12 15:14:41.073  1247  1247 D SystemServerTiming: StartLauncherAppsService
05-12 15:14:41.074  1247  1247 I SystemServiceManager: Starting com.android.server.pm.LauncherAppsService
05-12 15:14:41.077  1247  1247 D SystemServerTiming: StartCrossProfileAppsService
05-12 15:14:41.077  1247  1247 I SystemServiceManager: Starting com.android.server.pm.CrossProfileAppsService
05-12 15:14:41.079  1247  1247 D SystemServerTiming: StartPocketService
05-12 15:14:41.079  1247  1247 I SystemServiceManager: Starting com.android.server.pocket.PocketService
05-12 15:14:41.082  1247  1247 D SystemServerTiming: StartPeopleService
05-12 15:14:41.082  1247  1247 I SystemServiceManager: Starting com.android.server.people.PeopleService
05-12 15:14:41.084  1247  1247 D SystemServerTiming: StartMediaMetricsManager
05-12 15:14:41.084  1247  1247 I SystemServiceManager: Starting com.android.server.media.metrics.MediaMetricsManagerService
05-12 15:14:41.087  1247  1247 D SystemServerTiming: StartCustomDeviceConfigService
05-12 15:14:41.087  1247  1247 I SystemServiceManager: Starting com.android.server.derp.CustomDeviceConfigService
05-12 15:14:41.087  1247  1247 D SystemServerTiming: StartLinearmotorVibratorService
05-12 15:14:41.087  1247  1247 I SystemServiceManager: Starting com.android.server.vibrator.LinearmotorVibratorService
05-12 15:14:41.089  1247  1247 D SystemServerTiming: StartLineageHardwareService
05-12 15:14:41.089  1247  1247 I SystemServiceManager: Starting com.android.server.derp.LineageHardwareService
05-12 15:14:41.091  1247  1247 D SystemServerTiming: StartLiveDisplayService
05-12 15:14:41.091  1247  1247 I SystemServiceManager: Starting com.android.server.derp.display.LiveDisplayService
05-12 15:14:41.094  1247  1247 D SystemServerTiming: StartHealthService
05-12 15:14:41.094  1247  1247 I SystemServiceManager: Starting com.android.server.derp.health.HealthInterfaceService
05-12 15:14:41.098  1247  1247 D SystemServerTiming: StartMediaProjectionManager
05-12 15:14:41.098  1247  1247 I SystemServiceManager: Starting com.android.server.media.projection.MediaProjectionManagerService
05-12 15:14:41.102  1247  1247 D SystemServerTiming: StartSliceManagerService
05-12 15:14:41.102  1247  1247 I SystemServiceManager: Starting com.android.server.slice.SliceManagerService$Lifecycle
05-12 15:14:41.104  1247  1247 D SystemServerTiming: StartStatsCompanion
05-12 15:14:41.105  1247  1247 I SystemServiceManager: Starting com.android.server.stats.StatsCompanion$Lifecycle
05-12 15:14:41.109  1247  1247 D SystemServerTiming: StartRebootReadinessManagerService
05-12 15:14:41.109  1247  1247 I SystemServiceManager: Starting com.android.server.scheduling.RebootReadinessManagerService$Lifecycle
05-12 15:14:41.115  1247  1247 D SystemServerTiming: StartStatsPullAtomService
05-12 15:14:41.115  1247  1247 I SystemServiceManager: Starting com.android.server.stats.pull.StatsPullAtomService
05-12 15:14:41.115  1247  1247 D SystemServerTiming: StatsBootstrapAtomService
05-12 15:14:41.116  1247  1247 I SystemServiceManager: Starting com.android.server.stats.bootstrap.StatsBootstrapAtomService$Lifecycle
05-12 15:14:41.117  1247  1247 D SystemServerTiming: StartIncidentCompanionService
05-12 15:14:41.117  1247  1247 I SystemServiceManager: Starting com.android.server.incident.IncidentCompanionService
05-12 15:14:41.119  1247  1247 D SystemServerTiming: StarSdkSandboxManagerService
05-12 15:14:41.119  1247  1247 I SystemServiceManager: Starting com.android.server.sdksandbox.SdkSandboxManagerService$Lifecycle
05-12 15:14:41.123  1247  1247 D SystemServerTiming: StartAdServicesManagerService
05-12 15:14:41.123  1247  1247 I SystemServiceManager: Starting com.android.server.adservices.AdServicesManagerService$Lifecycle
05-12 15:14:41.124  1247  1247 D SystemServerTiming: StartMmsService
05-12 15:14:41.124  1247  1247 I SystemServiceManager: Starting com.android.server.MmsServiceBroker
05-12 15:14:41.125  1247  1247 D SystemServerTiming: StartAutoFillService
05-12 15:14:41.126  1247  1247 I SystemServiceManager: Starting com.android.server.autofill.AutofillManagerService
05-12 15:14:41.128  1247  1247 E AutofillManagerServiceImpl: Bad service name: com.google.android.gms/.autofill.service.AutofillService
05-12 15:14:41.128  1247  1247 E RemoteAugmentedAutofillService: Bad service name for flags 1048704: com.google.android.as/com.google.android.apps.miphone.aiai.app.AiAiAugmentedAutofillService
05-12 15:14:41.130  1247  1247 D SystemServerTiming: StartTranslationManagerService
05-12 15:14:41.130  1247  1247 I SystemServiceManager: Starting com.android.server.translation.TranslationManagerService
05-12 15:14:41.132  1247  1247 D SystemServerTiming: StartClipboardService
05-12 15:14:41.132  1247  1247 I SystemServiceManager: Starting com.android.server.clipboard.ClipboardService
05-12 15:14:41.136  1247  1247 D SystemServerTiming: AppServiceManager
05-12 15:14:41.136  1247  1247 I SystemServiceManager: Starting com.android.server.appbinding.AppBindingService$Lifecycle
05-12 15:14:41.138  1247  1247 D SystemServerTiming: startTracingServiceProxy
05-12 15:14:41.138  1247  1247 I SystemServiceManager: Starting com.android.server.tracing.TracingServiceProxy
05-12 15:14:41.140  1247  1247 D SystemServerTiming: MakeLockSettingsServiceReady
05-12 15:14:41.146  1247  1247 I SyntheticPasswordManager: Device does not support weaver
05-12 15:14:41.148  1247  1247 I LockSettingsService: Device doesn't implement AuthSecret HAL
05-12 15:14:41.150  1247  1247 D SystemServerTiming: StartBootPhaseLockSettingsReady
05-12 15:14:41.150  1247  1247 I SystemServiceManager: Starting phase 480
05-12 15:14:41.150  1247  1247 D SystemServerTiming: OnBootPhase_480
05-12 15:14:41.150  1247  1247 D SystemServerTiming: OnBootPhase_480_com.android.server.security.FileIntegrityService
05-12 15:14:41.150  1247  1247 D SystemServerTiming: OnBootPhase_480_com.android.server.pm.Installer
05-12 15:14:41.150  1247  1247 D SystemServerTiming: OnBootPhase_480_com.android.server.os.DeviceIdentifiersPolicyService
05-12 15:14:41.150  1247  1247 D SystemServerTiming: OnBootPhase_480_com.android.server.uri.UriGrantsManagerService$Lifecycle
05-12 15:14:41.150  1247  1247 D SystemServerTiming: OnBootPhase_480_com.android.server.powerstats.PowerStatsService
05-12 15:14:41.150  1247  1247 D SystemServerTiming: OnBootPhase_480_com.android.server.wm.ActivityTaskManagerService$Lifecycle
05-12 15:14:41.150  1247  1247 D SystemServerTiming: OnBootPhase_480_com.android.server.am.ActivityManagerService$Lifecycle
05-12 15:14:41.150  1247  1247 D SystemServerTiming: OnBootPhase_480_com.android.server.pm.DataLoaderManagerService
05-12 15:14:41.150  1247  1247 D SystemServerTiming: OnBootPhase_480_com.android.server.power.PowerManagerService
05-12 15:14:41.150  1247  1247 D SystemServerTiming: OnBootPhase_480_com.android.server.power.ThermalManagerService
05-12 15:14:41.150  1247  1247 D SystemServerTiming: OnBootPhase_480_com.android.server.power.hint.HintManagerService
05-12 15:14:41.150  1247  1247 D SystemServerTiming: OnBootPhase_480_com.android.server.recoverysystem.RecoverySystemService$Lifecycle
05-12 15:14:41.150  1247  1247 D SystemServerTiming: OnBootPhase_480_com.android.server.lights.LightsService
05-12 15:14:41.150  1247  1247 D SystemServerTiming: OnBootPhase_480_com.android.server.display.DisplayManagerService
05-12 15:14:41.150  1247  1247 D SystemServerTiming: OnBootPhase_480_com.android.server.pm.verify.domain.DomainVerificationService
05-12 15:14:41.150  1247  1247 D SystemServerTiming: OnBootPhase_480_com.android.server.pm.PackageInstallerService$Lifecycle
05-12 15:14:41.150  1247  1247 D SystemServerTiming: OnBootPhase_480_com.android.server.pm.UserManagerService$LifeCycle
05-12 15:14:41.150  1247  1247 D SystemServerTiming: OnBootPhase_480_com.android.server.om.OverlayManagerService
05-12 15:14:41.150  1247  1247 D SystemServerTiming: OnBootPhase_480_com.android.server.resources.ResourcesManagerService
05-12 15:14:41.150  1247  1247 D SystemServerTiming: OnBootPhase_480_com.android.server.sensorprivacy.SensorPrivacyService
05-12 15:14:41.150  1247  1247 D SystemServerTiming: OnBootPhase_480_com.android.server.sensors.SensorService
05-12 15:14:41.150  1247  1247 D SystemServerTiming: OnBootPhase_480_com.android.server.SystemConfigService
05-12 15:14:41.150  1247  1247 D SystemServerTiming: OnBootPhase_480_com.android.server.BatteryService
05-12 15:14:41.150  1247  1247 D SystemServerTiming: OnBootPhase_480_com.android.server.usage.UsageStatsService
05-12 15:14:41.150  1247  1247 D SystemServerTiming: OnBootPhase_480_com.android.server.webkit.WebViewUpdateService
05-12 15:14:41.150  1247  1247 D SystemServerTiming: OnBootPhase_480_com.android.server.CachedDeviceStateService
05-12 15:14:41.150  1247  1247 D SystemServerTiming: OnBootPhase_480_com.android.server.BinderCallsStatsService$LifeCycle
05-12 15:14:41.150  1247  1247 D SystemServerTiming: OnBootPhase_480_com.android.server.LooperStatsService$Lifecycle
05-12 15:14:41.150  1247  1247 D SystemServerTiming: OnBootPhase_480_com.android.server.rollback.RollbackManagerService
05-12 15:14:41.150  1247  1247 D SystemServerTiming: OnBootPhase_480_com.android.server.os.NativeTombstoneManagerService
05-12 15:14:41.150  1247  1247 D SystemServerTiming: OnBootPhase_480_com.android.server.os.BugreportManagerService
05-12 15:14:41.150  1247  1247 D SystemServerTiming: OnBootPhase_480_com.android.server.gpu.GpuService
05-12 15:14:41.150  1247  1247 D SystemServerTiming: OnBootPhase_480_com.android.server.security.KeyChainSystemService
05-12 15:14:41.150  1247  1247 D SystemServerTiming: OnBootPhase_480_com.android.server.BinaryTransparencyService
05-12 15:14:41.150  1247  1247 D SystemServerTiming: OnBootPhase_480_com.android.server.telecom.TelecomLoaderService
05-12 15:14:41.150  1247  1247 D SystemServerTiming: OnBootPhase_480_com.android.server.accounts.AccountManagerService$Lifecycle
05-12 15:14:41.150  1247  1247 D SystemServerTiming: OnBootPhase_480_com.android.server.content.ContentService$Lifecycle
05-12 15:14:41.150  1247  1247 D SystemServerTiming: OnBootPhase_480_com.android.server.DropBoxManagerService
05-12 15:14:41.150  1247  1247 D SystemServerTiming: OnBootPhase_480_com.android.role.RoleService
05-12 15:14:41.150  1247  1247 D SystemServerTiming: OnBootPhase_480_com.android.server.vibrator.VibratorManagerService$Lifecycle
05-12 15:14:41.150  1247  1247 D SystemServerTiming: OnBootPhase_480_com.android.server.tare.InternalResourceService
05-12 15:14:41.151  1247  1247 D SystemServerTiming: OnBootPhase_480_com.android.server.alarm.AlarmManagerService
05-12 15:14:41.151  1247  1247 D SystemServerTiming: OnBootPhase_480_com.android.server.devicestate.DeviceStateManagerService
05-12 15:14:41.151  1247  1247 D SystemServerTiming: OnBootPhase_480_com.android.server.camera.CameraServiceProxy
05-12 15:14:41.151  1247  1247 D SystemServerTiming: OnBootPhase_480_com.android.server.bluetooth.BluetoothService
05-12 15:14:41.151  1247  1247 D SystemServerTiming: OnBootPhase_480_com.android.server.connectivity.IpConnectivityMetrics
05-12 15:14:41.151  1247  1247 D SystemServerTiming: OnBootPhase_480_com.android.server.net.watchlist.NetworkWatchlistService$Lifecycle
05-12 15:14:41.151  1247  1247 D SystemServerTiming: OnBootPhase_480_com.android.server.PinnerService
05-12 15:14:41.151  1247  1247 D SystemServerTiming: OnBootPhase_480_com.android.server.integrity.AppIntegrityManagerService
05-12 15:14:41.151  1247  1247 D SystemServerTiming: OnBootPhase_480_com.android.server.logcat.LogcatManagerService
05-12 15:14:41.151  1247  1247 D SystemServerTiming: OnBootPhase_480_com.android.server.derp.LineageGlobalActionsService
05-12 15:14:41.151  1247  1247 D SystemServerTiming: OnBootPhase_480_com.android.server.inputmethod.InputMethodManagerService$Lifecycle
05-12 15:14:41.151  1247  1247 D SystemServerTiming: OnBootPhase_480_com.android.server.accessibility.AccessibilityManagerService$Lifecycle
05-12 15:14:41.151  1247  1247 D SystemServerTiming: OnBootPhase_480_com.android.server.StorageManagerService$Lifecycle
05-12 15:14:41.151  1247  1247 D SystemServerTiming: OnBootPhase_480_com.android.server.usage.StorageStatsService$Lifecycle
05-12 15:14:41.151  1247  1247 D SystemServerTiming: OnBootPhase_480_com.android.server.UiModeManagerService
05-12 15:14:41.151  1247  1247 D SystemServerTiming: OnBootPhase_480_com.android.server.locales.LocaleManagerService
05-12 15:14:41.151  1247  1247 D SystemServerTiming: OnBootPhase_480_com.android.server.locksettings.LockSettingsService$Lifecycle
05-12 15:14:41.151  1247  1247 D SystemServerTiming: OnBootPhase_480_com.android.server.PersistentDataBlockService
05-12 15:14:41.151  1247  1247 D SystemServerTiming: OnBootPhase_480_com.android.server.testharness.TestHarnessModeService
05-12 15:14:41.151  1247  1247 D SystemServerTiming: OnBootPhase_480_com.android.server.oemlock.OemLockService
05-12 15:14:41.151  1247  1247 D SystemServerTiming: OnBootPhase_480_com.android.server.DeviceIdleController
05-12 15:14:41.151  1247  1247 D SystemServerTiming: OnBootPhase_480_com.android.server.devicepolicy.DevicePolicyManagerService$Lifecycle
05-12 15:14:41.156  1247  1247 I UsbPortManager: USB HAL HIDL version: 11
05-12 15:14:41.157  1247  1247 D SystemServerTiming: OnBootPhase_480_com.android.server.musicrecognition.MusicRecognitionManagerService
05-12 15:14:41.157  1247  1317 D SystemServerTimingAsync: InitThreadPoolExec:DevicePolicyManager
05-12 15:14:41.157  1247  1247 D SystemServerTiming: OnBootPhase_480_com.android.server.contentcapture.ContentCaptureManagerService
05-12 15:14:41.157  1247  1247 D SystemServerTiming: OnBootPhase_480_com.android.server.attention.AttentionManagerService
05-12 15:14:41.157  1247  1247 D SystemServerTiming: OnBootPhase_480_com.android.server.rotationresolver.RotationResolverManagerService
05-12 15:14:41.157  1247  1247 D SystemServerTiming: OnBootPhase_480_com.android.server.systemcaptions.SystemCaptionsManagerService
05-12 15:14:41.157  1247  1247 D SystemServerTiming: OnBootPhase_480_com.android.server.texttospeech.TextToSpeechManagerService
05-12 15:14:41.157  1247  1247 D SystemServerTiming: OnBootPhase_480_com.android.server.ambientcontext.AmbientContextManagerService
05-12 15:14:41.157  1247  1247 D SystemServerTiming: OnBootPhase_480_com.android.server.speech.SpeechRecognitionManagerService
05-12 15:14:41.157  1247  1247 D SystemServerTiming: OnBootPhase_480_com.android.server.appprediction.AppPredictionManagerService
05-12 15:14:41.157  1247  1247 D SystemServerTiming: OnBootPhase_480_com.android.server.contentsuggestions.ContentSuggestionsManagerService
05-12 15:14:41.157  1247  1247 D SystemServerTiming: OnBootPhase_480_com.android.server.searchui.SearchUiManagerService
05-12 15:14:41.157  1247  1247 D SystemServerTiming: OnBootPhase_480_com.android.server.smartspace.SmartspaceManagerService
05-12 15:14:41.157  1247  1247 D SystemServerTiming: OnBootPhase_480_com.android.server.graphics.fonts.FontManagerService$Lifecycle
05-12 15:14:41.157  1247  1247 D SystemServerTiming: OnBootPhase_480_com.android.server.textservices.TextServicesManagerService$Lifecycle
05-12 15:14:41.157  1247  1247 D SystemServerTiming: OnBootPhase_480_com.android.server.textclassifier.TextClassificationManagerService$Lifecycle
05-12 15:14:41.157  1247  1247 D SystemServerTiming: OnBootPhase_480_com.android.server.NetworkScoreService$Lifecycle
05-12 15:14:41.157  1247  1247 D SystemServerTiming: OnBootPhase_480_com.android.server.NetworkStatsServiceInitializer
05-12 15:14:41.157  1247  1247 D SystemServerTiming: OnBootPhase_480_com.android.server.wifi.WifiService
05-12 15:14:41.157  1247  1247 D SystemServerTiming: OnBootPhase_480_com.android.server.wifi.scanner.WifiScanningService
05-12 15:14:41.157  1247  1247 D SystemServerTiming: OnBootPhase_480_com.android.server.wifi.p2p.WifiP2pService
05-12 15:14:41.157  1247  1247 D SystemServerTiming: OnBootPhase_480_com.android.server.ConnectivityServiceInitializer
05-12 15:14:41.157  1247  1247 D SystemServerTiming: OnBootPhase_480_com.android.server.notification.NotificationManagerService
05-12 15:14:41.157  1247  1247 D SystemServerTiming: OnBootPhase_480_com.android.server.storage.DeviceStorageMonitorService
05-12 15:14:41.157  1247  1247 D SystemServerTiming: OnBootPhase_480_com.android.server.location.LocationManagerService$Lifecycle
05-12 15:14:41.157  1247  1247 D SystemServerTiming: OnBootPhase_480_com.android.server.timedetector.TimeDetectorService$Lifecycle
05-12 15:14:41.157  1247  1247 D SystemServerTiming: OnBootPhase_480_com.android.server.timezonedetector.TimeZoneDetectorService$Lifecycle
05-12 15:14:41.157  1247  1247 D SystemServerTiming: OnBootPhase_480_com.android.server.timezonedetector.location.LocationTimeZoneManagerService$Lifecycle
05-12 15:14:41.157  1247  1247 D SystemServerTiming: OnBootPhase_480_com.android.server.search.SearchManagerService$Lifecycle
05-12 15:14:41.157  1247  1247 D SystemServerTiming: OnBootPhase_480_com.android.server.wallpaper.WallpaperManagerService$Lifecycle
05-12 15:14:41.158  1247  1247 D SystemServerTiming: OnBootPhase_480_com.android.server.wallpapereffectsgeneration.WallpaperEffectsGenerationManagerService
05-12 15:14:41.158  1247  1247 D SystemServerTiming: OnBootPhase_480_com.android.server.audio.AudioService$Lifecycle
05-12 15:14:41.158  1247  1247 D SystemServerTiming: OnBootPhase_480_com.android.server.soundtrigger_middleware.SoundTriggerMiddlewareService$Lifecycle
05-12 15:14:41.158  1247  1247 D SystemServerTiming: OnBootPhase_480_com.android.server.DockObserver
05-12 15:14:41.158  1247  1247 D SystemServerTiming: OnBootPhase_480_com.android.server.midi.MidiService$Lifecycle
05-12 15:14:41.158  1247  1247 D SystemServerTiming: OnBootPhase_480_com.android.server.adb.AdbService$Lifecycle
05-12 15:14:41.158  1247  1247 D SystemServerTiming: OnBootPhase_480_com.android.server.usb.UsbService$Lifecycle
05-12 15:14:41.158  1247  1247 D SystemServerTiming: OnBootPhase_480_com.android.server.twilight.TwilightService
05-12 15:14:41.158  1247  1247 D SystemServerTiming: OnBootPhase_480_com.android.server.display.color.ColorDisplayService
05-12 15:14:41.158  1247  1247 D SystemServerTiming: OnBootPhase_480_com.android.server.job.JobSchedulerService
05-12 15:14:41.158  1247  1247 D SystemServerTiming: OnBootPhase_480_com.android.server.soundtrigger.SoundTriggerService
05-12 15:14:41.158  1247  1247 D SoundTriggerService: onBootPhase: 480 : false
05-12 15:14:41.158  1247  1247 D SystemServerTiming: OnBootPhase_480_com.android.server.trust.TrustManagerService
05-12 15:14:41.158  1247  1247 D SystemServerTiming: OnBootPhase_480_com.android.server.backup.BackupManagerService$Lifecycle
05-12 15:14:41.158  1247  1247 D SystemServerTiming: OnBootPhase_480_com.android.server.appwidget.AppWidgetService
05-12 15:14:41.158  1247  1247 D SystemServerTiming: OnBootPhase_480_com.android.server.voiceinteraction.VoiceInteractionManagerService
05-12 15:14:41.158  1247  1247 D SystemServerTiming: OnBootPhase_480_com.android.server.apphibernation.AppHibernationService
05-12 15:14:41.158  1247  1247 D SystemServerTiming: OnBootPhase_480_com.android.server.GestureLauncherService
05-12 15:14:41.158  1247  1247 D SystemServerTiming: OnBootPhase_480_com.android.server.SensorNotificationService
05-12 15:14:41.158  1247  1247 D SystemServerTiming: OnBootPhase_480_com.android.server.emergency.EmergencyAffordanceService
05-12 15:14:41.158  1247  1247 D SystemServerTiming: OnBootPhase_480_com.android.server.blob.BlobStoreManagerService
05-12 15:14:41.158  1247  1247 D SystemServerTiming: OnBootPhase_480_com.android.server.dreams.DreamManagerService
05-12 15:14:41.158  1247  1247 D SystemServerTiming: OnBootPhase_480_com.android.server.print.PrintManagerService
05-12 15:14:41.158  1247  1247 D SystemServerTiming: OnBootPhase_480_com.android.server.security.AttestationVerificationManagerService
05-12 15:14:41.158  1247  1247 D SystemServerTiming: OnBootPhase_480_com.android.server.companion.CompanionDeviceManagerService
05-12 15:14:41.158  1247  1247 D SystemServerTiming: OnBootPhase_480_com.android.server.companion.virtual.VirtualDeviceManagerService
05-12 15:14:41.158  1247  1247 D SystemServerTiming: OnBootPhase_480_com.android.server.restrictions.RestrictionsManagerService
05-12 15:14:41.158  1247  1247 D SystemServerTiming: OnBootPhase_480_com.android.server.media.MediaSessionService
05-12 15:14:41.158  1247  1247 D SystemServerTiming: OnBootPhase_480_com.android.server.media.MediaResourceMonitorService
05-12 15:14:41.158  1247  1247 D SystemServerTiming: OnBootPhase_480_com.android.server.biometrics.sensors.face.FaceService
05-12 15:14:41.158  1247  1247 D SystemServerTiming: OnBootPhase_480_com.android.server.biometrics.sensors.fingerprint.FingerprintService
05-12 15:14:41.158  1247  1247 D SystemServerTiming: OnBootPhase_480_com.android.server.biometrics.BiometricService
05-12 15:14:41.158  1247  1247 D SystemServerTiming: OnBootPhase_480_com.android.server.biometrics.AuthService
05-12 15:14:41.158  1247  1247 D SystemServerTiming: OnBootPhase_480_com.android.server.app.AppLockManagerService$Lifecycle
05-12 15:14:41.158  1247  1247 D SystemServerTiming: OnBootPhase_480_com.android.server.pm.ShortcutService$Lifecycle
05-12 15:14:41.159  1247  1247 D SystemServerTiming: OnBootPhase_480_com.android.server.pm.LauncherAppsService
05-12 15:14:41.159  1247  1247 D SystemServerTiming: OnBootPhase_480_com.android.server.pm.CrossProfileAppsService
05-12 15:14:41.159  1247  1247 D SystemServerTiming: OnBootPhase_480_com.android.server.pocket.PocketService
05-12 15:14:41.159  1247  1247 W PocketService: Un-handled boot phase:480
05-12 15:14:41.159  1247  1247 D SystemServerTiming: OnBootPhase_480_com.android.server.people.PeopleService
05-12 15:14:41.159  1247  1247 D SystemServerTiming: OnBootPhase_480_com.android.server.media.metrics.MediaMetricsManagerService
05-12 15:14:41.159  1247  1247 D SystemServerTiming: OnBootPhase_480_com.android.server.derp.CustomDeviceConfigService
05-12 15:14:41.159  1247  1247 D SystemServerTiming: OnBootPhase_480_com.android.server.vibrator.LinearmotorVibratorService
05-12 15:14:41.159  1247  1247 D SystemServerTiming: OnBootPhase_480_com.android.server.derp.LineageHardwareService
05-12 15:14:41.159  1247  1247 D SystemServerTiming: OnBootPhase_480_com.android.server.derp.display.LiveDisplayService
05-12 15:14:41.159  1247  1247 D SystemServerTiming: OnBootPhase_480_com.android.server.derp.health.HealthInterfaceService
05-12 15:14:41.159  1247  1247 D SystemServerTiming: OnBootPhase_480_com.android.server.media.projection.MediaProjectionManagerService
05-12 15:14:41.160  1247  1247 D SystemServerTiming: OnBootPhase_480_com.android.server.slice.SliceManagerService$Lifecycle
05-12 15:14:41.160  1247  1247 D SystemServerTiming: OnBootPhase_480_com.android.server.stats.StatsCompanion$Lifecycle
05-12 15:14:41.160  1247  1247 D SystemServerTiming: OnBootPhase_480_com.android.server.scheduling.RebootReadinessManagerService$Lifecycle
05-12 15:14:41.160  1247  1247 D SystemServerTiming: OnBootPhase_480_com.android.server.stats.pull.StatsPullAtomService
05-12 15:14:41.160  1247  1247 D SystemServerTiming: OnBootPhase_480_com.android.server.stats.bootstrap.StatsBootstrapAtomService$Lifecycle
05-12 15:14:41.160  1247  1247 D SystemServerTiming: OnBootPhase_480_com.android.server.incident.IncidentCompanionService
05-12 15:14:41.160  1247  1247 D SystemServerTiming: OnBootPhase_480_com.android.server.sdksandbox.SdkSandboxManagerService$Lifecycle
05-12 15:14:41.160  1247  1247 D SystemServerTiming: OnBootPhase_480_com.android.server.adservices.AdServicesManagerService$Lifecycle
05-12 15:14:41.160  1247  1247 D SystemServerTiming: OnBootPhase_480_com.android.server.MmsServiceBroker
05-12 15:14:41.160  1247  1247 D SystemServerTiming: OnBootPhase_480_com.android.server.autofill.AutofillManagerService
05-12 15:14:41.160  1247  1247 D SystemServerTiming: OnBootPhase_480_com.android.server.translation.TranslationManagerService
05-12 15:14:41.160  1247  1247 D SystemServerTiming: OnBootPhase_480_com.android.server.clipboard.ClipboardService
05-12 15:14:41.160  1247  1247 D SystemServerTiming: OnBootPhase_480_com.android.server.appbinding.AppBindingService$Lifecycle
05-12 15:14:41.160  1247  1247 D SystemServerTiming: OnBootPhase_480_com.android.server.tracing.TracingServiceProxy
05-12 15:14:41.160  1247  1247 D SystemServerTiming: StartBootPhaseSystemServicesReady
05-12 15:14:41.160  1247  1247 I SystemServiceManager: Starting phase 500
05-12 15:14:41.160  1247  1247 D SystemServerTiming: OnBootPhase_500
05-12 15:14:41.160  1247  1247 D SystemServerTiming: OnBootPhase_500_com.android.server.security.FileIntegrityService
05-12 15:14:41.160  1247  1247 D SystemServerTiming: OnBootPhase_500_com.android.server.pm.Installer
05-12 15:14:41.160  1247  1247 D SystemServerTiming: OnBootPhase_500_com.android.server.os.DeviceIdentifiersPolicyService
05-12 15:14:41.160  1247  1247 D SystemServerTiming: OnBootPhase_500_com.android.server.uri.UriGrantsManagerService$Lifecycle
05-12 15:14:41.161  1247  1247 D SystemServerTiming: OnBootPhase_500_com.android.server.powerstats.PowerStatsService
05-12 15:14:41.161  1247  1247 E StatsPullAtomCallbackImpl: Failed to start PowerStatsService statsd pullers
05-12 15:14:41.161  1247  1247 D SystemServerTiming: OnBootPhase_500_com.android.server.wm.ActivityTaskManagerService$Lifecycle
05-12 15:14:41.161  1247  1247 D SystemServerTiming: OnBootPhase_500_com.android.server.am.ActivityManagerService$Lifecycle
05-12 15:14:41.163  1247  1247 E BatteryStatsService: Could not register PowerStatsInternal
05-12 15:14:41.164  1247  1247 D SystemServerTiming: OnBootPhase_500_com.android.server.pm.DataLoaderManagerService
05-12 15:14:41.164  1247  1247 D SystemServerTiming: OnBootPhase_500_com.android.server.power.PowerManagerService
05-12 15:14:41.166  1247  1247 I AttentionDetector: readValuesFromDeviceConfig():
05-12 15:14:41.166  1247  1247 I AttentionDetector: mMaximumExtensionMillis=330000
05-12 15:14:41.166  1247  1247 I AttentionDetector: mPreDimCheckDurationMillis=2100
05-12 15:14:41.166  1247  1247 I AttentionDetector: mRequestedPostDimTimeoutMillis=0
05-12 15:14:41.169  1247  1247 W BrightnessThrottler: DeviceConfig BrightnessThrottlingData is null
