05-12 15:14:37.524  1247  1247 W PackageManager: Failed to scan /product/app/CalculatorGooglePrebuilt: Package com.google.android.calculator at /product/app/CalculatorGooglePrebuilt ignored: updated version 85006267 better than this 84000598
05-12 15:14:37.527  1247  1247 W PackageManager: Failed to scan /product/app/arcore: Package com.google.ar.core at /product/app/arcore ignored: updated version 250900093 better than this 0
05-12 15:14:37.537  1247  1247 W PackageManager: Failed to scan /product/app/CalendarGooglePrebuilt: Package com.google.android.calendar at /product/app/CalendarGooglePrebuilt ignored: updated version 2017753812 better than this 2017095958
05-12 15:14:37.542  1247  1247 W PackageManager: Failed to scan /product/app/Photos: Package com.google.android.apps.photos at /product/app/Photos ignored: updated version 50050824 better than this 47595614
05-12 15:14:37.553  1247  1310 D CompatibilityChangeReporter: Compat change id reported: 132742131; UID -1; state: ENABLED
05-12 15:14:37.565  1247  1247 W PackageManager: Failed to parse /system/system_ext/priv-app/TurboAdapter: Targeting R+ (version 30 and above) requires the resources.arsc of installed APKs to be stored uncompressed and aligned on a 4-byte boundary
05-12 15:14:37.638  1247  1247 I ApexManager: Registering com.android.wifi.resources as apk-in-apex of com.android.wifi
05-12 15:14:37.646  1247  1247 I ApexManager: Registering com.android.hotspot2.osulogin as apk-in-apex of com.android.wifi
05-12 15:14:37.651  1247  1247 I ApexManager: Registering com.android.wifi.dialog as apk-in-apex of com.android.wifi
05-12 15:14:37.656  1247  1247 I ApexManager: Registering com.android.cellbroadcastservice as apk-in-apex of com.android.cellbroadcast
05-12 15:14:37.659  1247  1247 I ApexManager: Registering com.android.cellbroadcastreceiver.module as apk-in-apex of com.android.cellbroadcast
05-12 15:14:37.664  1247  1247 I ApexManager: Registering com.android.uwb.resources as apk-in-apex of com.android.uwb
05-12 15:14:37.672  1247  1247 I ApexManager: Registering android.ext.services as apk-in-apex of com.android.extservices
05-12 15:14:37.685  1247  1247 I ApexManager: Registering com.android.adservices.api as apk-in-apex of com.android.adservices
05-12 15:14:37.691  1247  1247 I ApexManager: Registering com.android.sdksandbox as apk-in-apex of com.android.adservices
05-12 15:14:37.698  1247  1247 I ApexManager: Registering com.android.safetycenter.resources as apk-in-apex of com.android.permission
05-12 15:14:37.699  1247  1247 I ApexManager: Registering com.android.permissioncontroller as apk-in-apex of com.android.permission
05-12 15:14:37.704  1247  1247 I ApexManager: Registering com.android.bluetooth as apk-in-apex of com.android.btservices
05-12 15:14:37.708  1247  1247 I ApexManager: Registering com.android.connectivity.resources as apk-in-apex of com.android.tethering
05-12 15:14:37.710  1247  1247 I ApexManager: Registering com.android.networkstack.tethering as apk-in-apex of com.android.tethering
05-12 15:14:37.716  1247  1247 I ApexManager: Registering com.android.nearby.halfsheet as apk-in-apex of com.android.tethering
05-12 15:14:37.723  1247  1247 I ApexManager: Registering com.android.providers.media.module as apk-in-apex of com.android.mediaprovider
05-12 15:14:37.726  1247  1247 I ApexManager: Registering com.android.cts.priv.ctsshim as apk-in-apex of com.android.apex.cts.shim
05-12 15:14:37.731  1247  1247 I ApexManager: Registering com.android.cts.ctsshim as apk-in-apex of com.android.apex.cts.shim
05-12 15:14:37.735  1247  1247 I ApexManager: Registering com.android.ondevicepersonalization.services as apk-in-apex of com.android.ondevicepersonalization
05-12 15:14:37.779  1247  1247 I PackageManager: Finished scanning system apps. Time: 909 ms, packageCount: 524 , timePerPackage: 1 , cached: 585
05-12 15:14:37.797  1247  1247 W PackageManager: Relax SCAN_REQUIRE_KNOWN requirement for package com.google.android.calculator
05-12 15:14:37.800  1247  1247 D CompatibilityChangeReporter: Compat change id reported: 133396946; UID -1; state: ENABLED
05-12 15:14:37.813  1247  1247 W PackageManager: Relax SCAN_REQUIRE_KNOWN requirement for package com.google.android.as
05-12 15:14:37.831  1247  1247 W PackageManager: Relax SCAN_REQUIRE_KNOWN requirement for package com.google.android.partnersetup
05-12 15:14:37.834  1247  1247 W PackageManager: Relax SCAN_REQUIRE_KNOWN requirement for package com.google.android.tts
05-12 15:14:37.840  1247  1247 W PackageManager: Relax SCAN_REQUIRE_KNOWN requirement for package com.google.android.accessibility.soundamplifier
05-12 15:14:37.843  1247  1247 W PackageManager: Relax SCAN_REQUIRE_KNOWN requirement for package com.google.ar.core
05-12 15:14:37.846  1247  1247 W PackageManager: Relax SCAN_REQUIRE_KNOWN requirement for package com.google.android.settings.intelligence
05-12 15:14:37.848  1247  1247 W PackageManager: Skipping provider name com.google.android.settings.intelligence (in package com.google.android.settings.intelligence): name already used by com.google.android.settings.intelligence
05-12 15:14:37.856  1247  1247 W PackageManager: Relax SCAN_REQUIRE_KNOWN requirement for package com.google.android.soundpicker
05-12 15:14:37.858  1247  1247 W PackageManager: Relax SCAN_REQUIRE_KNOWN requirement for package com.google.android.apps.recorder
05-12 15:14:37.865  1247  1247 W PackageManager: Relax SCAN_REQUIRE_KNOWN requirement for package com.google.android.apps.wellbeing
05-12 15:14:37.874  1247  1247 W PackageManager: Relax SCAN_REQUIRE_KNOWN requirement for package com.google.android.apps.photos
05-12 15:14:37.882  1247  1247 W PackageManager: Relax SCAN_REQUIRE_KNOWN requirement for package com.google.android.webview
05-12 15:14:37.885  1247  1247 W PackageManager: Relax SCAN_REQUIRE_KNOWN requirement for package com.google.android.deskclock
05-12 15:14:37.888  1247  1247 W PackageManager: Relax SCAN_REQUIRE_KNOWN requirement for package com.google.android.inputmethod.latin
05-12 15:14:37.898  1247  1247 W PackageManager: Relax SCAN_REQUIRE_KNOWN requirement for package com.google.android.marvin.talkback
05-12 15:14:37.901  1247  1247 W PackageManager: Relax SCAN_REQUIRE_KNOWN requirement for package com.android.chrome
05-12 15:14:37.905  1247  1247 W PackageManager: Relax SCAN_REQUIRE_KNOWN requirement for package com.google.android.trichromelibrary_541412333
05-12 15:14:37.917  1247  1247 W PackageManager: Relax SCAN_REQUIRE_KNOWN requirement for package com.google.audio.hearing.visualization.accessibility.scribe
05-12 15:14:37.944  1247  1247 W PackageManager: Relax SCAN_REQUIRE_KNOWN requirement for package com.google.android.apps.nbu.files
05-12 15:14:37.953  1247  1247 W PackageManager: Relax SCAN_REQUIRE_KNOWN requirement for package com.google.android.apps.turbo
05-12 15:14:37.955  1247  1247 W PackageManager: Relax SCAN_REQUIRE_KNOWN requirement for package com.google.android.contacts
05-12 15:14:37.959  1247  1247 W PackageManager: Relax SCAN_REQUIRE_KNOWN requirement for package com.google.android.calendar
05-12 15:14:37.963  1247  1247 W PackageManager: Relax SCAN_REQUIRE_KNOWN requirement for package com.google.android.googlequicksearchbox
05-12 15:14:37.972  1247  1247 W PackageManager: Relax SCAN_REQUIRE_KNOWN requirement for package com.android.vending
05-12 15:14:37.986  1247  1247 W PackageManager: Relax SCAN_REQUIRE_KNOWN requirement for package com.google.android.apps.safetyhub
05-12 15:14:37.993  1247  1247 W PackageManager: Relax SCAN_REQUIRE_KNOWN requirement for package com.google.android.apps.restore
05-12 15:14:37.997  1247  1247 W PackageManager: Relax SCAN_REQUIRE_KNOWN requirement for package com.google.android.gms
05-12 15:14:38.033  1247  1247 W PackageManager: Relax SCAN_REQUIRE_KNOWN requirement for package com.google.android.apps.messaging
05-12 15:14:38.036  1247  1247 W PackageManager: Skipping provider name com.google.android.apps.messaging.photopicker_images (in package com.google.android.apps.messaging): name already used by com.google.android.apps.messaging
05-12 15:14:38.041  1247  1247 W PackageManager: Relax SCAN_REQUIRE_KNOWN requirement for package com.google.android.dialer
05-12 15:14:38.048  1247  1247 W PackageManager: Relax SCAN_REQUIRE_KNOWN requirement for package com.google.android.projection.gearhead
05-12 15:14:38.053  1247  1247 W PackageManager: Relax SCAN_REQUIRE_KNOWN requirement for package com.google.android.as.oss
05-12 15:14:38.055  1247  1247 I PackageManager: Finished scanning non-system apps. Time: 276 ms, packageCount: 58 , timePerPackage: 4 , cached: 58
05-12 15:14:38.056  1247  1247 W PackageManager: There should probably be exactly one storage manager; found 2: matches=[ResolveInfo{549d4a1 com.google.android.apps.nbu.files/.home.HomeActivity p=100 m=0x108000}, ResolveInfo{4bec6c6 com.google.android.storagemanager/com.android.storagemanager.deletionhelper.DeletionHelperActivity m=0x108000}]
05-12 15:14:38.065  1247  1247 I PackageManager: Time to scan packages: 1.195 seconds
05-12 15:14:38.065  1247  1247 I PackageManager: Permission ownership changed. Updating all permissions.
05-12 15:14:38.093  1247  1247 W PackageManager: Package android.ext.services is an APK in APEX, but has permission allowlist on the system image. Please bundle the allowlist in the com.android.extservices APEX instead.
05-12 15:14:38.093  1247  1247 W PackageManager: Package android.ext.services is an APK in APEX, but has permission allowlist on the system image. Please bundle the allowlist in the com.android.extservices APEX instead.
05-12 15:14:38.093  1247  1247 W PackageManager: Package android.ext.services is an APK in APEX, but has permission allowlist on the system image. Please bundle the allowlist in the com.android.extservices APEX instead.
05-12 15:14:38.093  1247  1247 W PackageManager: Package android.ext.services is an APK in APEX, but has permission allowlist on the system image. Please bundle the allowlist in the com.android.extservices APEX instead.
05-12 15:14:38.109  1247  1247 W PackageManager: Package com.android.providers.media.module is an APK in APEX, but has permission allowlist on the system image. Please bundle the allowlist in the com.android.mediaprovider APEX instead.
05-12 15:14:38.109  1247  1247 W PackageManager: Package com.android.providers.media.module is an APK in APEX, but has permission allowlist on the system image. Please bundle the allowlist in the com.android.mediaprovider APEX instead.
05-12 15:14:38.109  1247  1247 W PackageManager: Package com.android.providers.media.module is an APK in APEX, but has permission allowlist on the system image. Please bundle the allowlist in the com.android.mediaprovider APEX instead.
05-12 15:14:38.109  1247  1247 W PackageManager: Package com.android.providers.media.module is an APK in APEX, but has permission allowlist on the system image. Please bundle the allowlist in the com.android.mediaprovider APEX instead.
05-12 15:14:38.109  1247  1247 W PackageManager: Package com.android.providers.media.module is an APK in APEX, but has permission allowlist on the system image. Please bundle the allowlist in the com.android.mediaprovider APEX instead.
05-12 15:14:38.109  1247  1247 W PackageManager: Package com.android.providers.media.module is an APK in APEX, but has permission allowlist on the system image. Please bundle the allowlist in the com.android.mediaprovider APEX instead.
05-12 15:14:38.109  1247  1247 W PackageManager: Package com.android.providers.media.module is an APK in APEX, but has permission allowlist on the system image. Please bundle the allowlist in the com.android.mediaprovider APEX instead.
05-12 15:14:38.109  1247  1247 W PackageManager: Package com.android.providers.media.module is an APK in APEX, but has permission allowlist on the system image. Please bundle the allowlist in the com.android.mediaprovider APEX instead.
05-12 15:14:38.109  1247  1247 W PackageManager: Package com.android.providers.media.module is an APK in APEX, but has permission allowlist on the system image. Please bundle the allowlist in the com.android.mediaprovider APEX instead.
05-12 15:14:38.109  1247  1247 W PackageManager: Package com.android.providers.media.module is an APK in APEX, but has permission allowlist on the system image. Please bundle the allowlist in the com.android.mediaprovider APEX instead.
05-12 15:14:38.109  1247  1247 W PackageManager: Package com.android.providers.media.module is an APK in APEX, but has permission allowlist on the system image. Please bundle the allowlist in the com.android.mediaprovider APEX instead.
05-12 15:14:38.109  1247  1247 W PackageManager: Package com.android.providers.media.module is an APK in APEX, but has permission allowlist on the system image. Please bundle the allowlist in the com.android.mediaprovider APEX instead.
05-12 15:14:38.109  1247  1247 W PackageManager: Package com.android.providers.media.module is an APK in APEX, but has permission allowlist on the system image. Please bundle the allowlist in the com.android.mediaprovider APEX instead.
05-12 15:14:38.116  1247  1247 V PackageManager: Changing enabled state of com.google.android.gms/com.google.android.gms.nearby.messages.service.NearbyMessagesService to false
05-12 15:14:38.116  1247  1247 V PackageManager: Changing enabled state of com.google.android.gms/com.google.android.gms.nearby.discovery.service.DiscoveryService to false
05-12 15:14:38.117  1247  1247 V PackageManager: Changing enabled state of com.android.vending/com.google.android.finsky.systemupdate.SystemUpdateSettingsContentProvider to false
05-12 15:14:38.117  1247  1247 W PackageManager: Unable to change enabled state of com.android.vending/com.google.android.finsky.systemupdate.SystemUpdateSettingsContentProvider to false
05-12 15:14:38.117  1247  1247 V PackageManager: Changing enabled state of com.android.vending/com.google.android.finsky.systemupdateactivity.SettingsSecurityEntryPoint to false
05-12 15:14:38.117  1247  1247 W PackageManager: Unable to change enabled state of com.android.vending/com.google.android.finsky.systemupdateactivity.SettingsSecurityEntryPoint to false
05-12 15:14:38.117  1247  1247 V PackageManager: Changing enabled state of com.android.vending/com.google.android.finsky.systemupdateactivity.SystemUpdateActivity to false
05-12 15:14:38.117  1247  1247 V PackageManager: Changing enabled state of com.google.android.gms/com.google.android.gms.update.OtaSuggestionActivity to false
05-12 15:14:38.117  1247  1247 V PackageManager: Changing enabled state of com.google.android.gms/com.google.android.gms.update.OtaSuggestionSummaryProvider to false
05-12 15:14:38.117  1247  1247 V PackageManager: Changing enabled state of com.google.android.gms/com.google.android.gms.update.SystemUpdateActivity to false
05-12 15:14:38.117  1247  1247 V PackageManager: Changing enabled state of com.google.android.gms/com.google.android.gms.chimera.GmsIntentOperationService$GmsExternalReceiver to false
05-12 15:14:38.117  1247  1247 V PackageManager: Changing enabled state of com.google.android.gms/com.google.android.gms.update.control.NotificationControl to false
05-12 15:14:38.117  1247  1247 W PackageManager: Unable to change enabled state of com.google.android.gms/com.google.android.gms.update.control.NotificationControl to false
05-12 15:14:38.117  1247  1247 V PackageManager: Changing enabled state of com.google.android.gms/com.google.android.gms.update.phone.PopupDialog to false
05-12 15:14:38.117  1247  1247 V PackageManager: Changing enabled state of com.google.android.gms/com.google.android.gms.update.SystemUpdateGcmTaskService to false
05-12 15:14:38.117  1247  1247 V PackageManager: Changing enabled state of com.google.android.gms/com.google.android.gms.update.SystemUpdatePersistentListenerService to false
05-12 15:14:38.117  1247  1247 V PackageManager: Changing enabled state of com.google.android.gms/com.google.android.gms.update.SystemUpdateService to false
05-12 15:14:38.117  1247  1247 V PackageManager: Changing enabled state of com.google.android.gms/com.google.android.gms.update.SystemUpdateService.ActiveReceiver to false
05-12 15:14:38.117  1247  1247 W PackageManager: Unable to change enabled state of com.google.android.gms/com.google.android.gms.update.SystemUpdateService.ActiveReceiver to false
05-12 15:14:38.118  1247  1247 V PackageManager: Changing enabled state of com.google.android.gms/com.google.android.gms.update.SystemUpdateService.Receiver to false
05-12 15:14:38.118  1247  1247 W PackageManager: Unable to change enabled state of com.google.android.gms/com.google.android.gms.update.SystemUpdateService.Receiver to false
05-12 15:14:38.118  1247  1247 V PackageManager: Changing enabled state of com.google.android.gms/com.google.android.gms.update.SystemUpdateService.SecretCodeReceiver to false
05-12 15:14:38.118  1247  1247 W PackageManager: Unable to change enabled state of com.google.android.gms/com.google.android.gms.update.SystemUpdateService.SecretCodeReceiver to false
05-12 15:14:38.118  1247  1247 V PackageManager: Changing enabled state of com.google.android.as/com.google.intelligence.sense.ambientmusic.AmbientMusicSettingsActivity to false
05-12 15:14:38.118  1247  1247 V PackageManager: Changing enabled state of com.google.android.as/com.google.intelligence.sense.ambientmusic.history.HistoryActivity to false
05-12 15:14:38.118  1247  1247 V PackageManager: Changing enabled state of com.google.android.as/com.google.intelligence.sense.ambientmusic.AmbientMusicSetupWizardActivity to false
05-12 15:14:38.118  1247  1247 V PackageManager: Changing enabled state of com.google.android.as/com.google.intelligence.sense.ambientmusic.AmbientMusicNotificationsSettingsActivity to false
05-12 15:14:38.118  1247  1247 V PackageManager: Changing enabled state of com.google.android.as/com.google.intelligence.sense.ambientmusic.history.AddShortcutActivity to false
05-12 15:14:38.118  1247  1247 V PackageManager: Changing enabled state of com.google.android.as/com.google.intelligence.sense.ambientmusic.history.HistoryContentProvider to false
05-12 15:14:38.118  1247  1247 V PackageManager: Changing enabled state of com.google.android.setupwizard/com.google.android.setupwizard.update.OtaUpdateActivity to false
05-12 15:14:38.118  1247  1247 V PackageManager: reconcileAppsData for null u0 0x1 migrateAppData=true
05-12 15:14:38.168  1247  1247 V PackageManager: reconcileAppsData finished 26 packages
05-12 15:14:38.169  1247  1247 D PackageManagerTiming: write settings
05-12 15:14:38.169  1247  1311 D SystemServerTimingAsync: InitThreadPoolExec:prepareAppData
05-12 15:14:38.288  1247  1247 D PackageManagerTiming: GC
05-12 15:14:38.288  1247  1247 I PackageManager: Fix for b/169414761 is applied
05-12 15:14:38.288  1247  1247 V UserSystemPackageInstaller: Checking that all system packages are whitelisted.
05-12 15:14:38.297  1247  1247 W UserSystemPackageInstaller: checkWhitelistedSystemPackages(mode=d) has 8 warnings:
05-12 15:14:38.297  1247  1247 W UserSystemPackageInstaller: com.android.wallpapercropper is allowlisted but not present.
05-12 15:14:38.297  1247  1247 W UserSystemPackageInstaller: com.android.internal.systemui.onehanded.gestural is allowlisted but not present.
05-12 15:14:38.297  1247  1247 W UserSystemPackageInstaller: com.android.theme.icon_pack.circular.themepicker is allowlisted but not present.
05-12 15:14:38.297  1247  1247 W UserSystemPackageInstaller: com.android.theme.icon_pack.kai.themepicker is allowlisted but not present.
05-12 15:14:38.297  1247  1247 W UserSystemPackageInstaller: com.android.theme.icon_pack.rounded.themepicker is allowlisted but not present.
05-12 15:14:38.297  1247  1247 W UserSystemPackageInstaller: com.android.theme.icon_pack.filled.themepicker is allowlisted but not present.
05-12 15:14:38.297  1247  1247 W UserSystemPackageInstaller: com.android.theme.icon_pack.victor.themepicker is allowlisted but not present.
05-12 15:14:38.297  1247  1247 W UserSystemPackageInstaller: com.android.theme.icon_pack.sam.themepicker is allowlisted but not present.
05-12 15:14:38.300  1247  1247 I Watchdog: Resuming HandlerChecker: main thread for reason: packagemanagermain. Pause count: 0
05-12 15:14:38.300  1247  1247 I SystemServerDexLoadReporter: Configuring system server dex reporter
05-12 15:14:38.307  1247  1247 D SystemServerTiming: StartOtaDexOptService
05-12 15:14:38.307  1247  1247 I Watchdog: Pausing HandlerChecker: main thread for reason: moveab. Pause count: 1
05-12 15:14:38.310  1247  1247 D OTADexopt: No upgrade, skipping A/B artifacts check.
05-12 15:14:38.310  1247  1247 I Watchdog: Resuming HandlerChecker: main thread for reason: moveab. Pause count: 0
05-12 15:14:38.310  1247  1247 D SystemServerTiming: StartUserManagerService
05-12 15:14:38.310  1247  1247 I SystemServiceManager: Starting com.android.server.pm.UserManagerService$LifeCycle
05-12 15:14:38.311  1247  1247 D SystemServerTiming: InitAttributerCache
05-12 15:14:38.312  1247  1247 D SystemServerTiming: SetSystemProcess
05-12 15:14:38.320  1247  1283 I ActivityManager: Connection with lmkd established
05-12 15:14:38.323  1247  1247 D CompatibilityChangeReporter: Compat change id reported: 161145287; UID 1000; state: DISABLED
05-12 15:14:38.323  1247  1247 D SystemServerTiming: InitWatchdog
05-12 15:14:38.324  1247  1247 D SystemServerTiming: StartOverlayManagerService
05-12 15:14:38.326  1247  1264 V HistoricalRegistry: Interaction before persistence initialized
05-12 15:14:38.326  1247  1263 V HistoricalRegistry: Interaction before persistence initialized
05-12 15:14:39.286  1247  1247 D SystemServerTiming: StartResourcesManagerService
05-12 15:14:39.288  1247  1247 D SystemServerTiming: StartSensorPrivacyService
05-12 15:14:39.290  1247  1271 W ActivityTaskManager: Skip updateConfiguration because mWindowManager isn't set
05-12 15:14:39.292  1247  1247 D SystemServerTiming: StartSensorService
05-12 15:14:39.292  1247  1247 I SystemServiceManager: Starting com.android.server.sensors.SensorService
05-12 15:14:39.292  1247  1247 D SystemServerTiming: startCoreServices
05-12 15:14:39.292  1247  1247 D SystemServerTiming: StartSystemConfigService
05-12 15:14:39.292  1247  1247 I SystemServiceManager: Starting com.android.server.SystemConfigService
05-12 15:14:39.292  1247  1317 D SystemServerTimingAsync: InitThreadPoolExec:StartNativeSensorService
05-12 15:14:39.292  1247  1317 D SystemServerTimingAsync: StartNativeSensorService
05-12 15:14:39.294  1247  1247 D SystemServerTiming: StartBatteryService
05-12 15:14:39.294  1247  1247 I SystemServiceManager: Starting com.android.server.BatteryService
05-12 15:14:39.301  1247  1311 W PackageManager: Skipping preparing app data for com.android.sdksandbox
05-12 15:14:39.307  1247  1317 V HistoricalRegistry: Interaction before persistence initialized
05-12 15:14:39.309  1247  1247 I HealthServiceWrapperHidl: health: HealthServiceWrapper listening to instance default
05-12 15:14:39.309  1247  1247 I BatteryService: health: Waited 0ms and received the update.
05-12 15:14:39.312  1247  1247 D SystemServerTiming: StartUsageService
05-12 15:14:39.312  1247  1247 I SystemServiceManager: Starting com.android.server.usage.UsageStatsService
05-12 15:14:39.317  1247  1247 D SystemServerTiming: StartWebViewUpdateService
05-12 15:14:39.317  1247  1247 I SystemServiceManager: Starting com.android.server.webkit.WebViewUpdateService
05-12 15:14:39.319  1247  1247 D SystemServerTiming: StartCachedDeviceStateService
05-12 15:14:39.319  1247  1247 I SystemServiceManager: Starting com.android.server.CachedDeviceStateService
05-12 15:14:39.320  1247  1247 D SystemServerTiming: StartBinderCallsStatsService
05-12 15:14:39.320  1247  1247 I SystemServiceManager: Starting com.android.server.BinderCallsStatsService$LifeCycle
05-12 15:14:39.322  1247  1247 D SystemServerTiming: StartLooperStatsService
05-12 15:14:39.322  1247  1247 I SystemServiceManager: Starting com.android.server.LooperStatsService$Lifecycle
05-12 15:14:39.324  1247  1247 D SystemServerTiming: StartRollbackManagerService
05-12 15:14:39.324  1247  1247 I SystemServiceManager: Starting com.android.server.rollback.RollbackManagerService
05-12 15:14:39.328  1247  1247 I PackageWatchdog: Syncing state, reason: added new observer
05-12 15:14:39.328  1247  1247 I PackageWatchdog: Not pruning observers, elapsed time: 0ms
05-12 15:14:39.334  1247  1247 D SystemServerTiming: StartNativeTombstoneManagerService
05-12 15:14:39.334  1247  1247 I SystemServiceManager: Starting com.android.server.os.NativeTombstoneManagerService
05-12 15:14:39.335  1247  1247 D SystemServerTiming: StartBugreportManagerService
05-12 15:14:39.335  1247  1247 I SystemServiceManager: Starting com.android.server.os.BugreportManagerService
05-12 15:14:39.336  1247  1247 D SystemServerTiming: GpuService
05-12 15:14:39.336  1247  1247 I SystemServiceManager: Starting com.android.server.gpu.GpuService
05-12 15:14:39.336  1247  1247 D SystemServerTiming: startOtherServices
05-12 15:14:39.337  1247  1247 D SystemServerTiming: StartKeyAttestationApplicationIdProviderService
05-12 15:14:39.337  1247  1329 D SystemServerTimingAsync: InitThreadPoolExec:SecondaryZygotePreload
05-12 15:14:39.337  1247  1329 I SystemServer: SecondaryZygotePreload
05-12 15:14:39.337  1247  1329 D SystemServerTimingAsync: SecondaryZygotePreload
05-12 15:14:39.339  1247  1247 D SystemServerTiming: StartKeyChainSystemService
05-12 15:14:39.339  1247  1247 I SystemServiceManager: Starting com.android.server.security.KeyChainSystemService
05-12 15:14:39.339  1247  1247 D SystemServerTiming: StartBinaryTransparencyService
05-12 15:14:39.339  1247  1247 I SystemServiceManager: Starting com.android.server.BinaryTransparencyService
05-12 15:14:39.341  1247  1247 I TransparencyService: Started BinaryTransparencyService
05-12 15:14:39.341  1247  1247 D SystemServerTiming: StartSchedulingPolicyService
05-12 15:14:39.341  1247  1330 D SystemServerTimingAsync: InitThreadPoolExec:SchedulingPolicyService.<init>
05-12 15:14:39.342  1247  1247 D SystemServerTiming: StartTelecomLoaderService
05-12 15:14:39.343  1247  1247 I SystemServiceManager: Starting com.android.server.telecom.TelecomLoaderService
05-12 15:14:39.343  1247  1247 D SystemServerTiming: StartTelephonyRegistry
05-12 15:14:39.345  1247  1247 D SystemServerTiming: StartEntropyMixer
05-12 15:14:39.346  1247  1247 I EntropyMixer: Loaded existing seed file
05-12 15:14:39.350  1247  1247 I EntropyMixer: Updated seed file
05-12 15:14:39.351  1247  1247 D SystemServerTiming: StartAccountManagerService
05-12 15:14:39.351  1247  1247 I SystemServiceManager: Starting com.android.server.accounts.AccountManagerService$Lifecycle
05-12 15:14:39.353  1247  1280 I PackageWatchdog: Saving observer state to file
05-12 15:14:39.356  1247  1247 D SystemServerTiming: StartContentService
05-12 15:14:39.356  1247  1247 I SystemServiceManager: Starting com.android.server.content.ContentService$Lifecycle
05-12 15:14:39.358  1247  1247 D SystemServerTiming: InstallSystemProviders
05-12 15:14:39.484  1247  1247 W ActivityManager: cgroup.freeze not present
05-12 15:14:39.484  1247  1281 D ActivityManager: Freezer disabled
05-12 15:14:39.499  1247  1247 D SystemServerTiming: UpdateWatchdogTimeout
05-12 15:14:39.500  1247  1247 I Watchdog: Watchdog timeout updated to 60000 millis
05-12 15:14:39.500  1247  1247 D SystemServerTiming: StartDropBoxManager
05-12 15:14:39.500  1247  1247 I SystemServiceManager: Starting com.android.server.DropBoxManagerService
05-12 15:14:39.502  1247  1247 D SystemServerTiming: StartRoleManagerService
05-12 15:14:39.503  1247  1247 I SystemServiceManager: Starting com.android.role.RoleService
05-12 15:14:39.503   444   466 I keystore2: keystore2::watchdog: Watchdog thread idle -> terminating. Have a great day.
05-12 15:14:39.508  1247  1247 D SystemServerTiming: StartVibratorManagerService
05-12 15:14:39.509  1247  1247 I SystemServiceManager: Starting com.android.server.vibrator.VibratorManagerService$Lifecycle
05-12 15:14:39.519  1247  1247 D SystemServerTiming: StartDynamicSystemService
05-12 15:14:39.521  1247  1247 D SystemServerTiming: StartConsumerIrService
05-12 15:14:39.527  1247  1247 D SystemServerTiming: StartResourceEconomy
05-12 15:14:39.527  1247  1247 I SystemServiceManager: Starting com.android.server.tare.InternalResourceService
05-12 15:14:39.531  1247  1247 D SystemServerTiming: StartAlarmManagerService
05-12 15:14:39.531  1247  1247 I SystemServiceManager: Starting com.android.server.alarm.AlarmManagerService
05-12 15:14:39.539  1247  1247 D SystemServerTiming: StartInputManagerService
05-12 15:14:39.546  1247  1247 I InputManager: Initializing input manager, mUseDevInputEventForAudioJack=true
05-12 15:14:39.546  1247  1247 D SystemServerTiming: DeviceStateManagerService
05-12 15:14:39.546  1247  1247 I SystemServiceManager: Starting com.android.server.devicestate.DeviceStateManagerService
05-12 15:14:39.553  1247  1247 D SystemServerTiming: StartCameraServiceProxy
05-12 15:14:39.553  1247  1247 I SystemServiceManager: Starting com.android.server.camera.CameraServiceProxy
05-12 15:14:39.556  1247  1247 D SystemServerTiming: StartWindowManagerService
05-12 15:14:39.556  1247  1247 I SystemServiceManager: Starting phase 200
05-12 15:14:39.556  1247  1247 D SystemServerTiming: OnBootPhase_200
05-12 15:14:39.556  1247  1247 D SystemServerTiming: OnBootPhase_200_com.android.server.security.FileIntegrityService
05-12 15:14:39.556  1247  1247 D SystemServerTiming: OnBootPhase_200_com.android.server.pm.Installer
05-12 15:14:39.556  1247  1247 D SystemServerTiming: OnBootPhase_200_com.android.server.os.DeviceIdentifiersPolicyService
05-12 15:14:39.556  1247  1247 D SystemServerTiming: OnBootPhase_200_com.android.server.uri.UriGrantsManagerService$Lifecycle
05-12 15:14:39.556  1247  1247 D SystemServerTiming: OnBootPhase_200_com.android.server.powerstats.PowerStatsService
05-12 15:14:39.556  1247  1247 D SystemServerTiming: OnBootPhase_200_com.android.server.wm.ActivityTaskManagerService$Lifecycle
05-12 15:14:39.556  1247  1247 D SystemServerTiming: OnBootPhase_200_com.android.server.am.ActivityManagerService$Lifecycle
05-12 15:14:39.556  1247  1247 D SystemServerTiming: OnBootPhase_200_com.android.server.pm.DataLoaderManagerService
05-12 15:14:39.556  1247  1247 D SystemServerTiming: OnBootPhase_200_com.android.server.power.PowerManagerService
05-12 15:14:39.556  1247  1247 D SystemServerTiming: OnBootPhase_200_com.android.server.power.ThermalManagerService
05-12 15:14:39.556  1247  1247 D SystemServerTiming: OnBootPhase_200_com.android.server.power.hint.HintManagerService
05-12 15:14:39.556  1247  1247 D SystemServerTiming: OnBootPhase_200_com.android.server.recoverysystem.RecoverySystemService$Lifecycle
05-12 15:14:39.557  1247  1247 D SystemServerTiming: OnBootPhase_200_com.android.server.lights.LightsService
05-12 15:14:39.557  1247  1247 D SystemServerTiming: OnBootPhase_200_com.android.server.display.DisplayManagerService
05-12 15:14:39.557  1247  1247 D SystemServerTiming: OnBootPhase_200_com.android.server.pm.verify.domain.DomainVerificationService
05-12 15:14:39.557  1247  1247 D SystemServerTiming: OnBootPhase_200_com.android.server.pm.PackageInstallerService$Lifecycle
05-12 15:14:39.557  1247  1247 D SystemServerTiming: OnBootPhase_200_com.android.server.pm.UserManagerService$LifeCycle
05-12 15:14:39.557  1247  1247 D SystemServerTiming: OnBootPhase_200_com.android.server.om.OverlayManagerService
05-12 15:14:39.557  1247  1247 D SystemServerTiming: OnBootPhase_200_com.android.server.resources.ResourcesManagerService
05-12 15:14:39.557  1247  1247 D SystemServerTiming: OnBootPhase_200_com.android.server.sensorprivacy.SensorPrivacyService
05-12 15:14:39.557  1247  1247 D SystemServerTiming: OnBootPhase_200_com.android.server.sensors.SensorService
05-12 15:14:39.557  1247  1247 D SystemServerTiming: OnBootPhase_200_com.android.server.SystemConfigService
05-12 15:14:39.557  1247  1247 D SystemServerTiming: OnBootPhase_200_com.android.server.BatteryService
05-12 15:14:39.557  1247  1247 D SystemServerTiming: OnBootPhase_200_com.android.server.usage.UsageStatsService
05-12 15:14:39.557  1247  1247 D SystemServerTiming: OnBootPhase_200_com.android.server.webkit.WebViewUpdateService
05-12 15:14:39.557  1247  1247 D SystemServerTiming: OnBootPhase_200_com.android.server.CachedDeviceStateService
05-12 15:14:39.557  1247  1247 D SystemServerTiming: OnBootPhase_200_com.android.server.BinderCallsStatsService$LifeCycle
05-12 15:14:39.557  1247  1247 D SystemServerTiming: OnBootPhase_200_com.android.server.LooperStatsService$Lifecycle
05-12 15:14:39.557  1247  1247 D SystemServerTiming: OnBootPhase_200_com.android.server.rollback.RollbackManagerService
05-12 15:14:39.557  1247  1247 D SystemServerTiming: OnBootPhase_200_com.android.server.os.NativeTombstoneManagerService
05-12 15:14:39.557  1247  1247 D SystemServerTiming: OnBootPhase_200_com.android.server.os.BugreportManagerService
05-12 15:14:39.557  1247  1247 D SystemServerTiming: OnBootPhase_200_com.android.server.gpu.GpuService
05-12 15:14:39.557  1247  1247 D SystemServerTiming: OnBootPhase_200_com.android.server.security.KeyChainSystemService
05-12 15:14:39.557  1247  1247 D SystemServerTiming: OnBootPhase_200_com.android.server.BinaryTransparencyService
05-12 15:14:39.557  1247  1247 D SystemServerTiming: OnBootPhase_200_com.android.server.telecom.TelecomLoaderService
05-12 15:14:39.557  1247  1247 D SystemServerTiming: OnBootPhase_200_com.android.server.accounts.AccountManagerService$Lifecycle
05-12 15:14:39.557  1247  1247 D SystemServerTiming: OnBootPhase_200_com.android.server.content.ContentService$Lifecycle
05-12 15:14:39.557  1247  1247 D SystemServerTiming: OnBootPhase_200_com.android.server.DropBoxManagerService
05-12 15:14:39.558  1247  1247 D SystemServerTiming: OnBootPhase_200_com.android.role.RoleService
05-12 15:14:39.558  1247  1247 D SystemServerTiming: OnBootPhase_200_com.android.server.vibrator.VibratorManagerService$Lifecycle
05-12 15:14:39.558  1247  1247 D SystemServerTiming: OnBootPhase_200_com.android.server.tare.InternalResourceService
05-12 15:14:39.558  1247  1247 D SystemServerTiming: OnBootPhase_200_com.android.server.alarm.AlarmManagerService
05-12 15:14:39.558  1247  1247 D SystemServerTiming: OnBootPhase_200_com.android.server.devicestate.DeviceStateManagerService
05-12 15:14:39.558  1247  1247 D SystemServerTiming: OnBootPhase_200_com.android.server.camera.CameraServiceProxy
05-12 15:14:39.559  1247  1247 I WindowManager: No existing display settings, starting empty
05-12 15:14:39.586  1247  1247 D SystemServerTiming: SetWindowManagerService
05-12 15:14:39.626  1247  1247 I ActivityTaskManager: Loaded persisted task ids for user 0
05-12 15:14:39.629  1247  1247 D SystemServerTiming: WindowManagerServiceOnInitReady
05-12 15:14:39.944  1247  1311 I PackageManager: Deferred reconcileAppsData finished 556 packages
05-12 15:14:40.066  1247  1272 W Looper  : Slow dispatch took 435ms android.ui h=android.os.Handler c=android.os.Handler$BlockingRunnable@4c9a316 m=0
05-12 15:14:40.066  1247  1272 W Looper  : Slow delivery took 425ms android.ui h=com.android.server.policy.PhoneWindowManager$PolicyHandler c=android.hardware.camera2.CameraManager$CameraManagerGlobal$$ExternalSyntheticLambda2@28f5497 m=0
05-12 15:14:40.066  1247  1272 W Looper  : Drained
05-12 15:14:40.067  1247  1247 D SystemServerTiming: StartInputManager
05-12 15:14:40.067  1247  1247 I InputManager: Starting input manager
05-12 15:14:40.067  1247  1344 D SystemServerTimingAsync: InitThreadPoolExec:StartHidlServices
05-12 15:14:40.067  1247  1344 D SystemServerTimingAsync: StartHidlServices
05-12 15:14:40.072  1247  1247 D SystemServerTiming: DisplayManagerWindowManagerAndInputReady
05-12 15:14:40.072  1247  1247 D SystemServerTiming: StartBluetoothService
05-12 15:14:40.079  1247  1247 I SystemServiceManager: Starting com.android.server.bluetooth.BluetoothService
05-12 15:14:40.087  1247  1247 D SystemServerTiming: IpConnectivityMetrics
05-12 15:14:40.087  1247  1247 I SystemServiceManager: Starting com.android.server.connectivity.IpConnectivityMetrics
05-12 15:14:40.087  1247  1247 D SystemServerTiming: NetworkWatchlistService
05-12 15:14:40.088  1247  1247 I SystemServiceManager: Starting com.android.server.net.watchlist.NetworkWatchlistService$Lifecycle
05-12 15:14:40.091  1247  1247 I WatchlistSettings: Reload watchlist settings done
05-12 15:14:40.093  1247  1348 I WatchlistLoggingHandler: No need to aggregate record yet.
05-12 15:14:40.093  1247  1348 I WatchlistLoggingHandler: Milliseconds spent on tryAggregateRecords(): 1
05-12 15:14:40.094  1247  1247 D SystemServerTiming: PinnerService
05-12 15:14:40.094  1247  1247 I SystemServiceManager: Starting com.android.server.PinnerService
05-12 15:14:40.095  1247  1247 V HistoricalRegistry: Interaction before persistence initialized
05-12 15:14:40.097  1247  1247 D SystemServerTiming: SignedConfigService
05-12 15:14:40.098  1247  1280 D PinnerService: pinRangeStream: null
05-12 15:14:40.098  1247  1247 D SystemServerTiming: AppIntegrityService
05-12 15:14:40.098  1247  1247 I SystemServiceManager: Starting com.android.server.integrity.AppIntegrityManagerService
05-12 15:14:40.100  1247  1280 D PinnerService: pinRangeStream: null
05-12 15:14:40.101  1247  1247 E IntegrityFileManager: Error creating staging and rules directory
05-12 15:14:40.106  1247  1247 D SystemServerTiming: StartLogcatManager
05-12 15:14:40.106  1247  1247 I SystemServiceManager: Starting com.android.server.logcat.LogcatManagerService
05-12 15:14:40.109  1247  1280 D PinnerService: pinRangeStream: null
05-12 15:14:40.109  1247  1247 D SystemServerTiming: LineageGlobalActionsService
05-12 15:14:40.109  1247  1247 I SystemServiceManager: Starting com.android.server.derp.LineageGlobalActionsService
05-12 15:14:40.109  1247  1280 D PinnerService: pinRangeStream: null
05-12 15:14:40.110  1247  1280 D PinnerService: pinRangeStream: null
05-12 15:14:40.114  1247  1247 I WindowManager: SAFE MODE not enabled
05-12 15:14:40.114  1247  1247 D SystemServerTiming: StartInputMethodManagerLifecycle
05-12 15:14:40.114  1247  1247 I SystemServiceManager: Starting com.android.server.inputmethod.InputMethodManagerService$Lifecycle
05-12 15:14:40.122  1247  1280 D PinnerService: pinRangeStream: null
05-12 15:14:40.127  1247  1247 D SystemServerTiming: StartAccessibilityManagerService
05-12 15:14:40.128  1247  1247 I SystemServiceManager: Starting com.android.server.accessibility.AccessibilityManagerService$Lifecycle
05-12 15:14:40.131  1247  1280 D PinnerService: pinRangeStream: null
05-12 15:14:40.131  1247  1280 D PinnerService: pinRangeStream: null
05-12 15:14:40.133  1247  1247 D SystemServerTiming: MakeDisplayReady
05-12 15:14:40.137  1247  1280 D PinnerService: pinRangeStream: null
05-12 15:14:40.137  1247  1247 I ActivityTaskManager: Config changes=20005df8 {1.0 ?mcc?mnc [en_IN] ldltr sw400dp w400dp h852dp 432dpi nrml long port ?uimode ?night -touch -keyb/h/h -nav/h winConfig={ mBounds=Rect(0, 0 - 1080, 2400) mAppBounds=Rect(0, 100 - 1080, 2400) mMaxBounds=Rect(0, 0 - 1080, 2400) mDisplayRotation=ROTATION_0 mWindowingMode=fullscreen mDisplayWindowingMode=fullscreen mActivityType=undefined mAlwaysOnTop=undefined mRotation=ROTATION_0} s.2 ?fontWeightAdjustment}
05-12 15:14:40.140  1247  1280 D PinnerService: pinRangeStream: null
05-12 15:14:40.140  1247  1280 D PinnerService: pinRangeStream: null
05-12 15:14:40.141  1247  1280 D PinnerService: pinRangeStream: null
05-12 15:14:40.142  1247  1247 I WindowManager: Override config changes=60007dfc {1.0 ?mcc?mnc [en_IN] ldltr sw400dp w400dp h852dp 432dpi nrml long port ?uimode ?night -touch -keyb/h/h -nav/h winConfig={ mBounds=Rect(0, 0 - 1080, 2400) mAppBounds=Rect(0, 100 - 1080, 2400) mMaxBounds=Rect(0, 0 - 1080, 2400) mDisplayRotation=ROTATION_0 mWindowingMode=fullscreen mDisplayWindowingMode=fullscreen mActivityType=undefined mAlwaysOnTop=undefined mRotation=ROTATION_0} s.2 ?fontWeightAdjustment} for displayId=0
05-12 15:14:40.143  1247  1280 D PinnerService: pinRangeStream: null
05-12 15:14:40.143  1247  1280 D PinnerService: pinRangeStream: null
05-12 15:14:40.144  1247  1280 D PinnerService: pinRangeStream: null
05-12 15:14:40.144  1247  1280 E PinnerService: Could not pin file /system_ext/priv-app/SystemUI/SystemUI.apk
05-12 15:14:40.144  1247  1280 E PinnerService: android.system.ErrnoException: open failed: ENOENT (No such file or directory)
05-12 15:14:40.144  1247  1280 E PinnerService: 	at libcore.io.Linux.open(Native Method)
05-12 15:14:40.144  1247  1280 E PinnerService: 	at libcore.io.ForwardingOs.open(ForwardingOs.java:563)
05-12 15:14:40.144  1247  1280 E PinnerService: 	at libcore.io.BlockGuardOs.open(BlockGuardOs.java:274)
05-12 15:14:40.144  1247  1280 E PinnerService: 	at android.system.Os.open(Os.java:494)
05-12 15:14:40.144  1247  1280 E PinnerService: 	at com.android.server.PinnerService.pinFileRanges(PinnerService.java:975)
05-12 15:14:40.144  1247  1280 E PinnerService: 	at com.android.server.PinnerService.pinFile(PinnerService.java:850)
05-12 15:14:40.144  1247  1280 E PinnerService: 	at com.android.server.PinnerService.handlePinOnStart(PinnerService.java:305)
05-12 15:14:40.144  1247  1280 E PinnerService: 	at com.android.server.PinnerService.-$$Nest$mhandlePinOnStart(Unknown Source:0)
05-12 15:14:40.144  1247  1280 E PinnerService: 	at com.android.server.PinnerService$PinnerHandler.handleMessage(PinnerService.java:1219)
05-12 15:14:40.144  1247  1280 E PinnerService: 	at android.os.Handler.dispatchMessage(Handler.java:106)
05-12 15:14:40.144  1247  1280 E PinnerService: 	at android.os.Looper.loopOnce(Looper.java:201)
05-12 15:14:40.144  1247  1280 E PinnerService: 	at android.os.Looper.loop(Looper.java:288)
05-12 15:14:40.144  1247  1280 E PinnerService: 	at android.os.HandlerThread.run(HandlerThread.java:67)
05-12 15:14:40.144  1247  1280 E PinnerService: Failed to pin file = /system_ext/priv-app/SystemUI/SystemUI.apk
05-12 15:14:40.144  1247  1280 D PinnerService: pinRangeStream: null
05-12 15:14:40.145  1247  1280 E PinnerService: Could not pin file /system_ext/priv-app/SystemUI/oat/arm64/SystemUI.odex
05-12 15:14:40.145  1247  1280 E PinnerService: android.system.ErrnoException: open failed: ENOENT (No such file or directory)
05-12 15:14:40.145  1247  1280 E PinnerService: 	at libcore.io.Linux.open(Native Method)
05-12 15:14:40.145  1247  1280 E PinnerService: 	at libcore.io.ForwardingOs.open(ForwardingOs.java:563)
05-12 15:14:40.145  1247  1280 E PinnerService: 	at libcore.io.BlockGuardOs.open(BlockGuardOs.java:274)
05-12 15:14:40.145  1247  1280 E PinnerService: 	at android.system.Os.open(Os.java:494)
05-12 15:14:40.145  1247  1280 E PinnerService: 	at com.android.server.PinnerService.pinFileRanges(PinnerService.java:975)
05-12 15:14:40.145  1247  1280 E PinnerService: 	at com.android.server.PinnerService.pinFile(PinnerService.java:850)
05-12 15:14:40.145  1247  1280 E PinnerService: 	at com.android.server.PinnerService.handlePinOnStart(PinnerService.java:305)
05-12 15:14:40.145  1247  1280 E PinnerService: 	at com.android.server.PinnerService.-$$Nest$mhandlePinOnStart(Unknown Source:0)
05-12 15:14:40.145  1247  1280 E PinnerService: 	at com.android.server.PinnerService$PinnerHandler.handleMessage(PinnerService.java:1219)
05-12 15:14:40.145  1247  1280 E PinnerService: 	at android.os.Handler.dispatchMessage(Handler.java:106)
05-12 15:14:40.145  1247  1280 E PinnerService: 	at android.os.Looper.loopOnce(Looper.java:201)
05-12 15:14:40.145  1247  1280 E PinnerService: 	at android.os.Looper.loop(Looper.java:288)
05-12 15:14:40.145  1247  1280 E PinnerService: 	at android.os.HandlerThread.run(HandlerThread.java:67)
05-12 15:14:40.145  1247  1280 E PinnerService: Failed to pin file = /system_ext/priv-app/SystemUI/oat/arm64/SystemUI.odex
05-12 15:14:40.145  1247  1280 D PinnerService: pinRangeStream: null
05-12 15:14:40.145  1247  1247 I DisplayDevice: [0] Layerstack set to 0 for local:0
05-12 15:14:40.145  1247  1280 E PinnerService: Could not pin file /system/lib64/libsurfaceflinger.so
05-12 15:14:40.145  1247  1280 E PinnerService: android.system.ErrnoException: open failed: ENOENT (No such file or directory)
05-12 15:14:40.145  1247  1280 E PinnerService: 	at libcore.io.Linux.open(Native Method)
05-12 15:14:40.145  1247  1280 E PinnerService: 	at libcore.io.ForwardingOs.open(ForwardingOs.java:563)
05-12 15:14:40.145  1247  1280 E PinnerService: 	at libcore.io.BlockGuardOs.open(BlockGuardOs.java:274)
05-12 15:14:40.145  1247  1280 E PinnerService: 	at android.system.Os.open(Os.java:494)
05-12 15:14:40.145  1247  1280 E PinnerService: 	at com.android.server.PinnerService.pinFileRanges(PinnerService.java:975)
05-12 15:14:40.145  1247  1280 E PinnerService: 	at com.android.server.PinnerService.pinFile(PinnerService.java:850)
05-12 15:14:40.145  1247  1280 E PinnerService: 	at com.android.server.PinnerService.handlePinOnStart(PinnerService.java:305)
05-12 15:14:40.145  1247  1280 E PinnerService: 	at com.android.server.PinnerService.-$$Nest$mhandlePinOnStart(Unknown Source:0)
05-12 15:14:40.145  1247  1280 E PinnerService: 	at com.android.server.PinnerService$PinnerHandler.handleMessage(PinnerService.java:1219)
05-12 15:14:40.145  1247  1280 E PinnerService: 	at android.os.Handler.dispatchMessage(Handler.java:106)
05-12 15:14:40.145  1247  1280 E PinnerService: 	at android.os.Looper.loopOnce(Looper.java:201)
05-12 15:14:40.145  1247  1280 E PinnerService: 	at android.os.Looper.loop(Looper.java:288)
05-12 15:14:40.145  1247  1280 E PinnerService: 	at android.os.HandlerThread.run(HandlerThread.java:67)
05-12 15:14:40.145  1247  1280 E PinnerService: Failed to pin file = /system/lib64/libsurfaceflinger.so
05-12 15:14:40.151  1247  1247 I ActivityTaskManager: Config changes=8 {1.0 ?mcc?mnc [en_IN] ldltr sw400dp w400dp h852dp 432dpi nrml long port ?uimode ?night finger -keyb/h/h -nav/h winConfig={ mBounds=Rect(0, 0 - 1080, 2400) mAppBounds=Rect(0, 100 - 1080, 2400) mMaxBounds=Rect(0, 0 - 1080, 2400) mDisplayRotation=ROTATION_0 mWindowingMode=fullscreen mDisplayWindowingMode=fullscreen mActivityType=undefined mAlwaysOnTop=undefined mRotation=ROTATION_0} s.4 ?fontWeightAdjustment}
05-12 15:14:40.154  1247  1247 I WindowManager: Override config changes=8 {1.0 ?mcc?mnc [en_IN] ldltr sw400dp w400dp h852dp 432dpi nrml long port ?uimode ?night finger -keyb/h/h -nav/h winConfig={ mBounds=Rect(0, 0 - 1080, 2400) mAppBounds=Rect(0, 100 - 1080, 2400) mMaxBounds=Rect(0, 0 - 1080, 2400) mDisplayRotation=ROTATION_0 mWindowingMode=fullscreen mDisplayWindowingMode=fullscreen mActivityType=undefined mAlwaysOnTop=undefined mRotation=ROTATION_0} s.4 ?fontWeightAdjustment} for displayId=0
05-12 15:14:40.156  1247  1247 D SystemServerTiming: StartStorageManagerService
05-12 15:14:40.156  1247  1247 I SystemServiceManager: Starting com.android.server.StorageManagerService$Lifecycle
05-12 15:14:40.170  1247  1352 D StorageManagerService: Thinking about init, mBootCompleted=false, mDaemonConnected=true
05-12 15:14:40.170  1247  1352 D StorageManagerService: Thinking about reset, mBootCompleted=false, mDaemonConnected=true
05-12 15:14:40.172  1247  1352 D StorageManagerService: Thinking about init, mBootCompleted=false, mDaemonConnected=true
05-12 15:14:40.172  1247  1352 D StorageManagerService: Thinking about reset, mBootCompleted=false, mDaemonConnected=true
05-12 15:14:40.172  1247  1247 D SystemServerTiming: StartStorageStatsService
05-12 15:14:40.172  1247  1247 I SystemServiceManager: Starting com.android.server.usage.StorageStatsService$Lifecycle
05-12 15:14:40.182  1247  1247 D SystemServerTiming: StartUiModeManager
05-12 15:14:40.182  1247  1247 I SystemServiceManager: Starting com.android.server.UiModeManagerService
05-12 15:14:40.183  1247  1353 D SystemServerTimingAsync: InitThreadPoolExec:UiModeManager.onStart
05-12 15:14:40.184  1247  1247 D SystemServerTiming: StartLocaleManagerService
05-12 15:14:40.185  1247  1247 I SystemServiceManager: Starting com.android.server.locales.LocaleManagerService
05-12 15:14:40.189  1247  1247 D SystemServerTiming: UpdatePackagesIfNeeded
05-12 15:14:40.189  1247  1247 I Watchdog: Pausing HandlerChecker: main thread for reason: dexopt. Pause count: 1
05-12 15:14:40.191  1247  1247 I Watchdog: Resuming HandlerChecker: main thread for reason: dexopt. Pause count: 0
05-12 15:14:40.191  1247  1247 D SystemServerTiming: PerformFstrimIfNeeded
05-12 15:14:40.192  1247  1247 D SystemServerTiming: StartLockSettingsService
05-12 15:14:40.192  1247  1247 I SystemServiceManager: Starting com.android.server.locksettings.LockSettingsService$Lifecycle
05-12 15:14:40.209  1247  1247 D SystemServerTiming: StartPersistentDataBlock
05-12 15:14:40.209  1247  1247 I SystemServiceManager: Starting com.android.server.PersistentDataBlockService
05-12 15:14:40.210  1247  1247 D SystemServerTiming: StartTestHarnessMode
05-12 15:14:40.210  1247  1247 I SystemServiceManager: Starting com.android.server.testharness.TestHarnessModeService
05-12 15:14:40.211  1247  1356 D SystemServerTimingAsync: InitThreadPoolExec:PersistentDataBlockService.onStart
05-12 15:14:40.212  1247  1247 D SystemServerTiming: StartOemLockService
05-12 15:14:40.212  1247  1247 I SystemServiceManager: Starting com.android.server.oemlock.OemLockService
05-12 15:14:40.214  1247  1247 I OemLock : OemLock HAL not present on device
05-12 15:14:40.214  1247  1247 I OemLock : Using persistent data block based lock
05-12 15:14:40.216  1247  1247 D SystemServerTiming: StartDeviceIdleController
05-12 15:14:40.216  1247  1247 I SystemServiceManager: Starting com.android.server.DeviceIdleController
05-12 15:14:40.226  1247  1247 D SystemServerTiming: StartDevicePolicyManager
05-12 15:14:40.226  1247  1247 I SystemServiceManager: Starting com.android.server.devicepolicy.DevicePolicyManagerService$Lifecycle
