05-12 15:23:16.549  1248  1248 W PackageManager: Failed to scan /product/app/Photos: Package com.google.android.apps.photos at /product/app/Photos ignored: updated version 50050824 better than this 47595614
05-12 15:23:16.561  1248  1308 D CompatibilityChangeReporter: Compat change id reported: 132742131; UID -1; state: ENABLED
05-12 15:23:16.592  1248  1248 W PackageManager: Failed to parse /system/system_ext/priv-app/TurboAdapter: Targeting R+ (version 30 and above) requires the resources.arsc of installed APKs to be stored uncompressed and aligned on a 4-byte boundary
05-12 15:23:16.663  1248  1248 I ApexManager: Registering com.android.cellbroadcastservice as apk-in-apex of com.android.cellbroadcast
05-12 15:23:16.668  1248  1248 I ApexManager: Registering com.android.cellbroadcastreceiver.module as apk-in-apex of com.android.cellbroadcast
05-12 15:23:16.676  1248  1248 I ApexManager: Registering com.android.uwb.resources as apk-in-apex of com.android.uwb
05-12 15:23:16.685  1248  1248 I ApexManager: Registering com.android.providers.media.module as apk-in-apex of com.android.mediaprovider
05-12 15:23:16.698  1248  1248 I ApexManager: Registering com.android.bluetooth as apk-in-apex of com.android.btservices
05-12 15:23:16.704  1248  1248 I ApexManager: Registering com.android.cts.priv.ctsshim as apk-in-apex of com.android.apex.cts.shim
05-12 15:23:16.707  1248  1248 I ApexManager: Registering com.android.cts.ctsshim as apk-in-apex of com.android.apex.cts.shim
05-12 15:23:16.711  1248  1248 I ApexManager: Registering com.android.ondevicepersonalization.services as apk-in-apex of com.android.ondevicepersonalization
05-12 15:23:16.715  1248  1248 I ApexManager: Registering com.android.safetycenter.resources as apk-in-apex of com.android.permission
05-12 15:23:16.717  1248  1248 I ApexManager: Registering com.android.permissioncontroller as apk-in-apex of com.android.permission
05-12 15:23:16.725  1248  1248 I ApexManager: Registering com.android.connectivity.resources as apk-in-apex of com.android.tethering
05-12 15:23:16.728  1248  1248 I ApexManager: Registering com.android.networkstack.tethering as apk-in-apex of com.android.tethering
05-12 15:23:16.731  1248  1248 I ApexManager: Registering com.android.nearby.halfsheet as apk-in-apex of com.android.tethering
05-12 15:23:16.735  1248  1248 I ApexManager: Registering com.android.wifi.resources as apk-in-apex of com.android.wifi
05-12 15:23:16.739  1248  1248 I ApexManager: Registering com.android.wifi.dialog as apk-in-apex of com.android.wifi
05-12 15:23:16.740  1248  1248 I ApexManager: Registering com.android.hotspot2.osulogin as apk-in-apex of com.android.wifi
05-12 15:23:16.743  1248  1248 I ApexManager: Registering com.android.adservices.api as apk-in-apex of com.android.adservices
05-12 15:23:16.746  1248  1248 I ApexManager: Registering com.android.sdksandbox as apk-in-apex of com.android.adservices
05-12 15:23:16.751  1248  1248 I ApexManager: Registering android.ext.services as apk-in-apex of com.android.extservices
05-12 15:23:16.796  1248  1248 I PackageManager: Finished scanning system apps. Time: 885 ms, packageCount: 524 , timePerPackage: 1 , cached: 585
05-12 15:23:16.818  1248  1248 W PackageManager: Relax SCAN_REQUIRE_KNOWN requirement for package com.google.android.calculator
05-12 15:23:16.823  1248  1248 D CompatibilityChangeReporter: Compat change id reported: 133396946; UID -1; state: ENABLED
05-12 15:23:16.832  1248  1248 W PackageManager: Relax SCAN_REQUIRE_KNOWN requirement for package com.google.android.as
05-12 15:23:16.839  1248  1248 W PackageManager: Relax SCAN_REQUIRE_KNOWN requirement for package com.google.android.partnersetup
05-12 15:23:16.865  1248  1248 W PackageManager: Relax SCAN_REQUIRE_KNOWN requirement for package com.google.android.tts
05-12 15:23:16.870  1248  1248 W PackageManager: Relax SCAN_REQUIRE_KNOWN requirement for package com.google.android.accessibility.soundamplifier
05-12 15:23:16.873  1248  1248 W PackageManager: Relax SCAN_REQUIRE_KNOWN requirement for package com.google.ar.core
05-12 15:23:16.875  1248  1248 W PackageManager: Relax SCAN_REQUIRE_KNOWN requirement for package com.google.android.settings.intelligence
05-12 15:23:16.876  1248  1248 W PackageManager: Skipping provider name com.google.android.settings.intelligence (in package com.google.android.settings.intelligence): name already used by com.google.android.settings.intelligence
05-12 15:23:16.883  1248  1248 W PackageManager: Relax SCAN_REQUIRE_KNOWN requirement for package com.google.android.soundpicker
05-12 15:23:16.893  1248  1248 W PackageManager: Relax SCAN_REQUIRE_KNOWN requirement for package com.google.android.apps.recorder
05-12 15:23:16.898  1248  1248 W PackageManager: Relax SCAN_REQUIRE_KNOWN requirement for package com.google.android.apps.wellbeing
05-12 15:23:16.904  1248  1248 W PackageManager: Relax SCAN_REQUIRE_KNOWN requirement for package com.google.android.webview
05-12 15:23:16.907  1248  1248 W PackageManager: Relax SCAN_REQUIRE_KNOWN requirement for package com.google.android.apps.photos
05-12 15:23:16.912  1248  1248 W PackageManager: Relax SCAN_REQUIRE_KNOWN requirement for package com.google.android.deskclock
05-12 15:23:16.915  1248  1248 W PackageManager: Relax SCAN_REQUIRE_KNOWN requirement for package com.google.android.inputmethod.latin
05-12 15:23:16.922  1248  1248 W PackageManager: Relax SCAN_REQUIRE_KNOWN requirement for package com.android.chrome
05-12 15:23:16.925  1248  1248 W PackageManager: Relax SCAN_REQUIRE_KNOWN requirement for package com.google.android.marvin.talkback
05-12 15:23:16.928  1248  1248 W PackageManager: Relax SCAN_REQUIRE_KNOWN requirement for package com.google.android.trichromelibrary_541412333
05-12 15:23:16.939  1248  1248 W PackageManager: Relax SCAN_REQUIRE_KNOWN requirement for package com.google.audio.hearing.visualization.accessibility.scribe
05-12 15:23:16.962  1248  1248 W PackageManager: Relax SCAN_REQUIRE_KNOWN requirement for package com.google.android.apps.nbu.files
05-12 15:23:16.970  1248  1248 W PackageManager: Relax SCAN_REQUIRE_KNOWN requirement for package com.google.android.apps.turbo
05-12 15:23:16.972  1248  1248 W PackageManager: Relax SCAN_REQUIRE_KNOWN requirement for package com.google.android.contacts
05-12 15:23:16.976  1248  1248 W PackageManager: Relax SCAN_REQUIRE_KNOWN requirement for package com.google.android.calendar
05-12 15:23:16.980  1248  1248 W PackageManager: Relax SCAN_REQUIRE_KNOWN requirement for package com.android.vending
05-12 15:23:16.985  1248  1248 W PackageManager: Relax SCAN_REQUIRE_KNOWN requirement for package com.google.android.googlequicksearchbox
05-12 15:23:17.002  1248  1248 W PackageManager: Relax SCAN_REQUIRE_KNOWN requirement for package com.google.android.apps.restore
05-12 15:23:17.005  1248  1248 W PackageManager: Relax SCAN_REQUIRE_KNOWN requirement for package com.google.android.apps.safetyhub
05-12 15:23:17.019  1248  1248 W PackageManager: Relax SCAN_REQUIRE_KNOWN requirement for package com.google.android.gms
05-12 15:23:17.043  1248  1248 W PackageManager: Relax SCAN_REQUIRE_KNOWN requirement for package com.google.android.apps.messaging
05-12 15:23:17.047  1248  1248 W PackageManager: Skipping provider name com.google.android.apps.messaging.photopicker_images (in package com.google.android.apps.messaging): name already used by com.google.android.apps.messaging
05-12 15:23:17.054  1248  1248 W PackageManager: Relax SCAN_REQUIRE_KNOWN requirement for package com.google.android.dialer
05-12 15:23:17.065  1248  1248 W PackageManager: Relax SCAN_REQUIRE_KNOWN requirement for package com.google.android.projection.gearhead
05-12 15:23:17.070  1248  1248 W PackageManager: Relax SCAN_REQUIRE_KNOWN requirement for package com.google.android.as.oss
05-12 15:23:17.072  1248  1248 I PackageManager: Finished scanning non-system apps. Time: 276 ms, packageCount: 58 , timePerPackage: 4 , cached: 58
05-12 15:23:17.073  1248  1248 W PackageManager: There should probably be exactly one storage manager; found 2: matches=[ResolveInfo{7076b4e com.google.android.apps.nbu.files/.home.HomeActivity p=100 m=0x108000}, ResolveInfo{d2ea46f com.google.android.storagemanager/com.android.storagemanager.deletionhelper.DeletionHelperActivity m=0x108000}]
05-12 15:23:17.082  1248  1248 I PackageManager: Time to scan packages: 1.171 seconds
05-12 15:23:17.082  1248  1248 I PackageManager: Permission ownership changed. Updating all permissions.
05-12 15:23:17.109  1248  1248 W PackageManager: Package android.ext.services is an APK in APEX, but has permission allowlist on the system image. Please bundle the allowlist in the com.android.extservices APEX instead.
05-12 15:23:17.109  1248  1248 W PackageManager: Package android.ext.services is an APK in APEX, but has permission allowlist on the system image. Please bundle the allowlist in the com.android.extservices APEX instead.
05-12 15:23:17.109  1248  1248 W PackageManager: Package android.ext.services is an APK in APEX, but has permission allowlist on the system image. Please bundle the allowlist in the com.android.extservices APEX instead.
05-12 15:23:17.109  1248  1248 W PackageManager: Package android.ext.services is an APK in APEX, but has permission allowlist on the system image. Please bundle the allowlist in the com.android.extservices APEX instead.
05-12 15:23:17.123  1248  1248 W PackageManager: Package com.android.providers.media.module is an APK in APEX, but has permission allowlist on the system image. Please bundle the allowlist in the com.android.mediaprovider APEX instead.
05-12 15:23:17.123  1248  1248 W PackageManager: Package com.android.providers.media.module is an APK in APEX, but has permission allowlist on the system image. Please bundle the allowlist in the com.android.mediaprovider APEX instead.
05-12 15:23:17.123  1248  1248 W PackageManager: Package com.android.providers.media.module is an APK in APEX, but has permission allowlist on the system image. Please bundle the allowlist in the com.android.mediaprovider APEX instead.
05-12 15:23:17.123  1248  1248 W PackageManager: Package com.android.providers.media.module is an APK in APEX, but has permission allowlist on the system image. Please bundle the allowlist in the com.android.mediaprovider APEX instead.
05-12 15:23:17.123  1248  1248 W PackageManager: Package com.android.providers.media.module is an APK in APEX, but has permission allowlist on the system image. Please bundle the allowlist in the com.android.mediaprovider APEX instead.
05-12 15:23:17.124  1248  1248 W PackageManager: Package com.android.providers.media.module is an APK in APEX, but has permission allowlist on the system image. Please bundle the allowlist in the com.android.mediaprovider APEX instead.
05-12 15:23:17.124  1248  1248 W PackageManager: Package com.android.providers.media.module is an APK in APEX, but has permission allowlist on the system image. Please bundle the allowlist in the com.android.mediaprovider APEX instead.
05-12 15:23:17.124  1248  1248 W PackageManager: Package com.android.providers.media.module is an APK in APEX, but has permission allowlist on the system image. Please bundle the allowlist in the com.android.mediaprovider APEX instead.
05-12 15:23:17.124  1248  1248 W PackageManager: Package com.android.providers.media.module is an APK in APEX, but has permission allowlist on the system image. Please bundle the allowlist in the com.android.mediaprovider APEX instead.
05-12 15:23:17.124  1248  1248 W PackageManager: Package com.android.providers.media.module is an APK in APEX, but has permission allowlist on the system image. Please bundle the allowlist in the com.android.mediaprovider APEX instead.
05-12 15:23:17.124  1248  1248 W PackageManager: Package com.android.providers.media.module is an APK in APEX, but has permission allowlist on the system image. Please bundle the allowlist in the com.android.mediaprovider APEX instead.
05-12 15:23:17.124  1248  1248 W PackageManager: Package com.android.providers.media.module is an APK in APEX, but has permission allowlist on the system image. Please bundle the allowlist in the com.android.mediaprovider APEX instead.
05-12 15:23:17.124  1248  1248 W PackageManager: Package com.android.providers.media.module is an APK in APEX, but has permission allowlist on the system image. Please bundle the allowlist in the com.android.mediaprovider APEX instead.
05-12 15:23:17.130  1248  1248 V PackageManager: Changing enabled state of com.google.android.gms/com.google.android.gms.nearby.messages.service.NearbyMessagesService to false
05-12 15:23:17.130  1248  1248 V PackageManager: Changing enabled state of com.google.android.gms/com.google.android.gms.nearby.discovery.service.DiscoveryService to false
05-12 15:23:17.131  1248  1248 V PackageManager: Changing enabled state of com.android.vending/com.google.android.finsky.systemupdate.SystemUpdateSettingsContentProvider to false
05-12 15:23:17.131  1248  1248 W PackageManager: Unable to change enabled state of com.android.vending/com.google.android.finsky.systemupdate.SystemUpdateSettingsContentProvider to false
05-12 15:23:17.131  1248  1248 V PackageManager: Changing enabled state of com.android.vending/com.google.android.finsky.systemupdateactivity.SettingsSecurityEntryPoint to false
05-12 15:23:17.131  1248  1248 W PackageManager: Unable to change enabled state of com.android.vending/com.google.android.finsky.systemupdateactivity.SettingsSecurityEntryPoint to false
05-12 15:23:17.131  1248  1248 V PackageManager: Changing enabled state of com.android.vending/com.google.android.finsky.systemupdateactivity.SystemUpdateActivity to false
05-12 15:23:17.131  1248  1248 V PackageManager: Changing enabled state of com.google.android.gms/com.google.android.gms.update.OtaSuggestionActivity to false
05-12 15:23:17.131  1248  1248 V PackageManager: Changing enabled state of com.google.android.gms/com.google.android.gms.update.OtaSuggestionSummaryProvider to false
05-12 15:23:17.131  1248  1248 V PackageManager: Changing enabled state of com.google.android.gms/com.google.android.gms.update.SystemUpdateActivity to false
05-12 15:23:17.131  1248  1248 V PackageManager: Changing enabled state of com.google.android.gms/com.google.android.gms.chimera.GmsIntentOperationService$GmsExternalReceiver to false
05-12 15:23:17.131  1248  1248 V PackageManager: Changing enabled state of com.google.android.gms/com.google.android.gms.update.control.NotificationControl to false
05-12 15:23:17.131  1248  1248 W PackageManager: Unable to change enabled state of com.google.android.gms/com.google.android.gms.update.control.NotificationControl to false
05-12 15:23:17.131  1248  1248 V PackageManager: Changing enabled state of com.google.android.gms/com.google.android.gms.update.phone.PopupDialog to false
05-12 15:23:17.131  1248  1248 V PackageManager: Changing enabled state of com.google.android.gms/com.google.android.gms.update.SystemUpdateGcmTaskService to false
05-12 15:23:17.131  1248  1248 V PackageManager: Changing enabled state of com.google.android.gms/com.google.android.gms.update.SystemUpdatePersistentListenerService to false
05-12 15:23:17.132  1248  1248 V PackageManager: Changing enabled state of com.google.android.gms/com.google.android.gms.update.SystemUpdateService to false
05-12 15:23:17.132  1248  1248 V PackageManager: Changing enabled state of com.google.android.gms/com.google.android.gms.update.SystemUpdateService.ActiveReceiver to false
05-12 15:23:17.132  1248  1248 W PackageManager: Unable to change enabled state of com.google.android.gms/com.google.android.gms.update.SystemUpdateService.ActiveReceiver to false
05-12 15:23:17.132  1248  1248 V PackageManager: Changing enabled state of com.google.android.gms/com.google.android.gms.update.SystemUpdateService.Receiver to false
05-12 15:23:17.132  1248  1248 W PackageManager: Unable to change enabled state of com.google.android.gms/com.google.android.gms.update.SystemUpdateService.Receiver to false
05-12 15:23:17.132  1248  1248 V PackageManager: Changing enabled state of com.google.android.gms/com.google.android.gms.update.SystemUpdateService.SecretCodeReceiver to false
05-12 15:23:17.132  1248  1248 W PackageManager: Unable to change enabled state of com.google.android.gms/com.google.android.gms.update.SystemUpdateService.SecretCodeReceiver to false
05-12 15:23:17.132  1248  1248 V PackageManager: Changing enabled state of com.google.android.as/com.google.intelligence.sense.ambientmusic.AmbientMusicSettingsActivity to false
05-12 15:23:17.132  1248  1248 V PackageManager: Changing enabled state of com.google.android.as/com.google.intelligence.sense.ambientmusic.history.HistoryActivity to false
05-12 15:23:17.132  1248  1248 V PackageManager: Changing enabled state of com.google.android.as/com.google.intelligence.sense.ambientmusic.AmbientMusicSetupWizardActivity to false
05-12 15:23:17.132  1248  1248 V PackageManager: Changing enabled state of com.google.android.as/com.google.intelligence.sense.ambientmusic.AmbientMusicNotificationsSettingsActivity to false
05-12 15:23:17.132  1248  1248 V PackageManager: Changing enabled state of com.google.android.as/com.google.intelligence.sense.ambientmusic.history.AddShortcutActivity to false
05-12 15:23:17.132  1248  1248 V PackageManager: Changing enabled state of com.google.android.as/com.google.intelligence.sense.ambientmusic.history.HistoryContentProvider to false
05-12 15:23:17.132  1248  1248 V PackageManager: Changing enabled state of com.google.android.setupwizard/com.google.android.setupwizard.update.OtaUpdateActivity to false
05-12 15:23:17.132  1248  1248 V PackageManager: reconcileAppsData for null u0 0x1 migrateAppData=true
05-12 15:23:17.183  1248  1248 V PackageManager: reconcileAppsData finished 26 packages
05-12 15:23:17.183  1248  1248 D PackageManagerTiming: write settings
05-12 15:23:17.183  1248  1311 D SystemServerTimingAsync: InitThreadPoolExec:prepareAppData
05-12 15:23:17.302  1248  1248 D PackageManagerTiming: GC
05-12 15:23:17.302  1248  1248 I PackageManager: Fix for b/169414761 is applied
05-12 15:23:17.302  1248  1248 V UserSystemPackageInstaller: Checking that all system packages are whitelisted.
05-12 15:23:17.311  1248  1248 W UserSystemPackageInstaller: checkWhitelistedSystemPackages(mode=d) has 8 warnings:
05-12 15:23:17.311  1248  1248 W UserSystemPackageInstaller: com.android.wallpapercropper is allowlisted but not present.
05-12 15:23:17.311  1248  1248 W UserSystemPackageInstaller: com.android.internal.systemui.onehanded.gestural is allowlisted but not present.
05-12 15:23:17.311  1248  1248 W UserSystemPackageInstaller: com.android.theme.icon_pack.circular.themepicker is allowlisted but not present.
05-12 15:23:17.311  1248  1248 W UserSystemPackageInstaller: com.android.theme.icon_pack.kai.themepicker is allowlisted but not present.
05-12 15:23:17.311  1248  1248 W UserSystemPackageInstaller: com.android.theme.icon_pack.rounded.themepicker is allowlisted but not present.
05-12 15:23:17.311  1248  1248 W UserSystemPackageInstaller: com.android.theme.icon_pack.filled.themepicker is allowlisted but not present.
05-12 15:23:17.311  1248  1248 W UserSystemPackageInstaller: com.android.theme.icon_pack.victor.themepicker is allowlisted but not present.
05-12 15:23:17.311  1248  1248 W UserSystemPackageInstaller: com.android.theme.icon_pack.sam.themepicker is allowlisted but not present.
05-12 15:23:17.313  1248  1248 I Watchdog: Resuming HandlerChecker: main thread for reason: packagemanagermain. Pause count: 0
05-12 15:23:17.313  1248  1248 I SystemServerDexLoadReporter: Configuring system server dex reporter
05-12 15:23:17.319  1248  1248 D SystemServerTiming: StartOtaDexOptService
05-12 15:23:17.319  1248  1248 I Watchdog: Pausing HandlerChecker: main thread for reason: moveab. Pause count: 1
05-12 15:23:17.320  1248  1248 D OTADexopt: No upgrade, skipping A/B artifacts check.
05-12 15:23:17.320  1248  1248 I Watchdog: Resuming HandlerChecker: main thread for reason: moveab. Pause count: 0
05-12 15:23:17.320  1248  1248 D SystemServerTiming: StartUserManagerService
05-12 15:23:17.320  1248  1248 I SystemServiceManager: Starting com.android.server.pm.UserManagerService$LifeCycle
05-12 15:23:17.321  1248  1248 D SystemServerTiming: InitAttributerCache
05-12 15:23:17.321  1248  1248 D SystemServerTiming: SetSystemProcess
05-12 15:23:17.331  1248  1284 I ActivityManager: Connection with lmkd established
05-12 15:23:17.333  1248  1248 D CompatibilityChangeReporter: Compat change id reported: 161145287; UID 1000; state: DISABLED
05-12 15:23:17.334  1248  1248 D SystemServerTiming: InitWatchdog
05-12 15:23:17.334  1248  1248 D SystemServerTiming: StartOverlayManagerService
05-12 15:23:17.341  1248  1264 V HistoricalRegistry: Interaction before persistence initialized
05-12 15:23:17.341  1248  1265 V HistoricalRegistry: Interaction before persistence initialized
05-12 15:23:18.303  1248  1248 D SystemServerTiming: StartResourcesManagerService
05-12 15:23:18.305  1248  1248 D SystemServerTiming: StartSensorPrivacyService
05-12 15:23:18.307  1248  1272 W ActivityTaskManager: Skip updateConfiguration because mWindowManager isn't set
05-12 15:23:18.309  1248  1248 D SystemServerTiming: StartSensorService
05-12 15:23:18.309  1248  1248 I SystemServiceManager: Starting com.android.server.sensors.SensorService
05-12 15:23:18.309  1248  1248 D SystemServerTiming: startCoreServices
05-12 15:23:18.309  1248  1248 D SystemServerTiming: StartSystemConfigService
05-12 15:23:18.309  1248  1248 I SystemServiceManager: Starting com.android.server.SystemConfigService
05-12 15:23:18.309  1248  1317 D SystemServerTimingAsync: InitThreadPoolExec:StartNativeSensorService
05-12 15:23:18.309  1248  1317 D SystemServerTimingAsync: StartNativeSensorService
05-12 15:23:18.311  1248  1248 D SystemServerTiming: StartBatteryService
05-12 15:23:18.311  1248  1248 I SystemServiceManager: Starting com.android.server.BatteryService
05-12 15:23:18.326  1248  1317 V HistoricalRegistry: Interaction before persistence initialized
05-12 15:23:18.327  1248  1248 I HealthServiceWrapperHidl: health: HealthServiceWrapper listening to instance default
05-12 15:23:18.327  1248  1248 I BatteryService: health: Waited 0ms and received the update.
05-12 15:23:18.331  1248  1248 D SystemServerTiming: StartUsageService
05-12 15:23:18.332  1248  1248 I SystemServiceManager: Starting com.android.server.usage.UsageStatsService
05-12 15:23:18.336  1248  1248 D SystemServerTiming: StartWebViewUpdateService
05-12 15:23:18.336  1248  1248 I SystemServiceManager: Starting com.android.server.webkit.WebViewUpdateService
05-12 15:23:18.340  1248  1248 D SystemServerTiming: StartCachedDeviceStateService
05-12 15:23:18.340  1248  1248 I SystemServiceManager: Starting com.android.server.CachedDeviceStateService
05-12 15:23:18.340  1248  1248 D SystemServerTiming: StartBinderCallsStatsService
05-12 15:23:18.340  1248  1248 I SystemServiceManager: Starting com.android.server.BinderCallsStatsService$LifeCycle
05-12 15:23:18.341  1248  1248 D SystemServerTiming: StartLooperStatsService
05-12 15:23:18.341  1248  1248 I SystemServiceManager: Starting com.android.server.LooperStatsService$Lifecycle
05-12 15:23:18.342  1248  1248 D SystemServerTiming: StartRollbackManagerService
05-12 15:23:18.343  1248  1248 I SystemServiceManager: Starting com.android.server.rollback.RollbackManagerService
05-12 15:23:18.344  1248  1311 W PackageManager: Skipping preparing app data for com.android.sdksandbox
05-12 15:23:18.349  1248  1248 I PackageWatchdog: Syncing state, reason: added new observer
05-12 15:23:18.349  1248  1248 I PackageWatchdog: Not pruning observers, elapsed time: 0ms
05-12 15:23:18.354  1248  1248 D SystemServerTiming: StartNativeTombstoneManagerService
05-12 15:23:18.354  1248  1248 I SystemServiceManager: Starting com.android.server.os.NativeTombstoneManagerService
05-12 15:23:18.355  1248  1248 D SystemServerTiming: StartBugreportManagerService
05-12 15:23:18.355  1248  1248 I SystemServiceManager: Starting com.android.server.os.BugreportManagerService
05-12 15:23:18.356  1248  1248 D SystemServerTiming: GpuService
05-12 15:23:18.356  1248  1248 I SystemServiceManager: Starting com.android.server.gpu.GpuService
05-12 15:23:18.356  1248  1248 D SystemServerTiming: startOtherServices
05-12 15:23:18.357  1248  1248 D SystemServerTiming: StartKeyAttestationApplicationIdProviderService
05-12 15:23:18.357  1248  1329 D SystemServerTimingAsync: InitThreadPoolExec:SecondaryZygotePreload
05-12 15:23:18.357  1248  1329 I SystemServer: SecondaryZygotePreload
05-12 15:23:18.357  1248  1329 D SystemServerTimingAsync: SecondaryZygotePreload
05-12 15:23:18.358  1248  1248 D SystemServerTiming: StartKeyChainSystemService
05-12 15:23:18.358  1248  1248 I SystemServiceManager: Starting com.android.server.security.KeyChainSystemService
05-12 15:23:18.358  1248  1248 D SystemServerTiming: StartBinaryTransparencyService
05-12 15:23:18.358  1248  1248 I SystemServiceManager: Starting com.android.server.BinaryTransparencyService
05-12 15:23:18.360  1248  1248 I TransparencyService: Started BinaryTransparencyService
05-12 15:23:18.360  1248  1248 D SystemServerTiming: StartSchedulingPolicyService
05-12 15:23:18.360  1248  1330 D SystemServerTimingAsync: InitThreadPoolExec:SchedulingPolicyService.<init>
05-12 15:23:18.362  1248  1248 D SystemServerTiming: StartTelecomLoaderService
05-12 15:23:18.362  1248  1248 I SystemServiceManager: Starting com.android.server.telecom.TelecomLoaderService
05-12 15:23:18.363  1248  1248 D SystemServerTiming: StartTelephonyRegistry
05-12 15:23:18.365  1248  1248 D SystemServerTiming: StartEntropyMixer
05-12 15:23:18.366  1248  1248 I EntropyMixer: Loaded existing seed file
05-12 15:23:18.369  1248  1248 I EntropyMixer: Updated seed file
05-12 15:23:18.369  1248  1281 I PackageWatchdog: Saving observer state to file
05-12 15:23:18.370  1248  1248 D SystemServerTiming: StartAccountManagerService
05-12 15:23:18.370  1248  1248 I SystemServiceManager: Starting com.android.server.accounts.AccountManagerService$Lifecycle
05-12 15:23:18.374  1248  1248 D SystemServerTiming: StartContentService
05-12 15:23:18.374  1248  1248 I SystemServiceManager: Starting com.android.server.content.ContentService$Lifecycle
05-12 15:23:18.376  1248  1248 D SystemServerTiming: InstallSystemProviders
05-12 15:23:18.488  1248  1248 W ActivityManager: cgroup.freeze not present
05-12 15:23:18.488  1248  1282 D ActivityManager: Freezer disabled
05-12 15:23:18.495  1248  1248 D SystemServerTiming: UpdateWatchdogTimeout
05-12 15:23:18.495  1248  1248 I Watchdog: Watchdog timeout updated to 60000 millis
05-12 15:23:18.495  1248  1248 D SystemServerTiming: StartDropBoxManager
05-12 15:23:18.495  1248  1248 I SystemServiceManager: Starting com.android.server.DropBoxManagerService
05-12 15:23:18.497  1248  1248 D SystemServerTiming: StartRoleManagerService
05-12 15:23:18.497  1248  1248 I SystemServiceManager: Starting com.android.role.RoleService
05-12 15:23:18.502  1248  1248 D SystemServerTiming: StartVibratorManagerService
05-12 15:23:18.502  1248  1248 I SystemServiceManager: Starting com.android.server.vibrator.VibratorManagerService$Lifecycle
05-12 15:23:18.512  1248  1248 D SystemServerTiming: StartDynamicSystemService
05-12 15:23:18.514  1248  1248 D SystemServerTiming: StartConsumerIrService
05-12 15:23:18.519  1248  1248 D SystemServerTiming: StartResourceEconomy
05-12 15:23:18.520  1248  1248 I SystemServiceManager: Starting com.android.server.tare.InternalResourceService
05-12 15:23:18.524   444   466 I keystore2: keystore2::watchdog: Watchdog thread idle -> terminating. Have a great day.
05-12 15:23:18.524  1248  1248 D SystemServerTiming: StartAlarmManagerService
05-12 15:23:18.524  1248  1248 I SystemServiceManager: Starting com.android.server.alarm.AlarmManagerService
05-12 15:23:18.532  1248  1248 D SystemServerTiming: StartInputManagerService
05-12 15:23:18.541  1248  1248 I InputManager: Initializing input manager, mUseDevInputEventForAudioJack=true
05-12 15:23:18.541  1248  1248 D SystemServerTiming: DeviceStateManagerService
05-12 15:23:18.541  1248  1248 I SystemServiceManager: Starting com.android.server.devicestate.DeviceStateManagerService
05-12 15:23:18.547  1248  1248 D SystemServerTiming: StartCameraServiceProxy
05-12 15:23:18.547  1248  1248 I SystemServiceManager: Starting com.android.server.camera.CameraServiceProxy
05-12 15:23:18.550  1248  1248 D SystemServerTiming: StartWindowManagerService
05-12 15:23:18.550  1248  1248 I SystemServiceManager: Starting phase 200
05-12 15:23:18.550  1248  1248 D SystemServerTiming: OnBootPhase_200
05-12 15:23:18.550  1248  1248 D SystemServerTiming: OnBootPhase_200_com.android.server.security.FileIntegrityService
05-12 15:23:18.550  1248  1248 D SystemServerTiming: OnBootPhase_200_com.android.server.pm.Installer
05-12 15:23:18.550  1248  1248 D SystemServerTiming: OnBootPhase_200_com.android.server.os.DeviceIdentifiersPolicyService
05-12 15:23:18.550  1248  1248 D SystemServerTiming: OnBootPhase_200_com.android.server.uri.UriGrantsManagerService$Lifecycle
05-12 15:23:18.550  1248  1248 D SystemServerTiming: OnBootPhase_200_com.android.server.powerstats.PowerStatsService
05-12 15:23:18.550  1248  1248 D SystemServerTiming: OnBootPhase_200_com.android.server.wm.ActivityTaskManagerService$Lifecycle
05-12 15:23:18.550  1248  1248 D SystemServerTiming: OnBootPhase_200_com.android.server.am.ActivityManagerService$Lifecycle
05-12 15:23:18.551  1248  1248 D SystemServerTiming: OnBootPhase_200_com.android.server.pm.DataLoaderManagerService
05-12 15:23:18.551  1248  1248 D SystemServerTiming: OnBootPhase_200_com.android.server.power.PowerManagerService
05-12 15:23:18.551  1248  1248 D SystemServerTiming: OnBootPhase_200_com.android.server.power.ThermalManagerService
05-12 15:23:18.551  1248  1248 D SystemServerTiming: OnBootPhase_200_com.android.server.power.hint.HintManagerService
05-12 15:23:18.551  1248  1248 D SystemServerTiming: OnBootPhase_200_com.android.server.recoverysystem.RecoverySystemService$Lifecycle
05-12 15:23:18.551  1248  1248 D SystemServerTiming: OnBootPhase_200_com.android.server.lights.LightsService
05-12 15:23:18.551  1248  1248 D SystemServerTiming: OnBootPhase_200_com.android.server.display.DisplayManagerService
05-12 15:23:18.551  1248  1248 D SystemServerTiming: OnBootPhase_200_com.android.server.pm.verify.domain.DomainVerificationService
05-12 15:23:18.551  1248  1248 D SystemServerTiming: OnBootPhase_200_com.android.server.pm.PackageInstallerService$Lifecycle
05-12 15:23:18.551  1248  1248 D SystemServerTiming: OnBootPhase_200_com.android.server.pm.UserManagerService$LifeCycle
05-12 15:23:18.551  1248  1248 D SystemServerTiming: OnBootPhase_200_com.android.server.om.OverlayManagerService
05-12 15:23:18.551  1248  1248 D SystemServerTiming: OnBootPhase_200_com.android.server.resources.ResourcesManagerService
05-12 15:23:18.551  1248  1248 D SystemServerTiming: OnBootPhase_200_com.android.server.sensorprivacy.SensorPrivacyService
05-12 15:23:18.551  1248  1248 D SystemServerTiming: OnBootPhase_200_com.android.server.sensors.SensorService
05-12 15:23:18.551  1248  1248 D SystemServerTiming: OnBootPhase_200_com.android.server.SystemConfigService
05-12 15:23:18.551  1248  1248 D SystemServerTiming: OnBootPhase_200_com.android.server.BatteryService
05-12 15:23:18.551  1248  1248 D SystemServerTiming: OnBootPhase_200_com.android.server.usage.UsageStatsService
05-12 15:23:18.551  1248  1248 D SystemServerTiming: OnBootPhase_200_com.android.server.webkit.WebViewUpdateService
05-12 15:23:18.551  1248  1248 D SystemServerTiming: OnBootPhase_200_com.android.server.CachedDeviceStateService
05-12 15:23:18.551  1248  1248 D SystemServerTiming: OnBootPhase_200_com.android.server.BinderCallsStatsService$LifeCycle
05-12 15:23:18.551  1248  1248 D SystemServerTiming: OnBootPhase_200_com.android.server.LooperStatsService$Lifecycle
05-12 15:23:18.551  1248  1248 D SystemServerTiming: OnBootPhase_200_com.android.server.rollback.RollbackManagerService
05-12 15:23:18.552  1248  1248 D SystemServerTiming: OnBootPhase_200_com.android.server.os.NativeTombstoneManagerService
05-12 15:23:18.552  1248  1248 D SystemServerTiming: OnBootPhase_200_com.android.server.os.BugreportManagerService
05-12 15:23:18.552  1248  1248 D SystemServerTiming: OnBootPhase_200_com.android.server.gpu.GpuService
05-12 15:23:18.552  1248  1248 D SystemServerTiming: OnBootPhase_200_com.android.server.security.KeyChainSystemService
05-12 15:23:18.552  1248  1248 D SystemServerTiming: OnBootPhase_200_com.android.server.BinaryTransparencyService
05-12 15:23:18.552  1248  1248 D SystemServerTiming: OnBootPhase_200_com.android.server.telecom.TelecomLoaderService
05-12 15:23:18.552  1248  1248 D SystemServerTiming: OnBootPhase_200_com.android.server.accounts.AccountManagerService$Lifecycle
05-12 15:23:18.552  1248  1248 D SystemServerTiming: OnBootPhase_200_com.android.server.content.ContentService$Lifecycle
05-12 15:23:18.552  1248  1248 D SystemServerTiming: OnBootPhase_200_com.android.server.DropBoxManagerService
05-12 15:23:18.552  1248  1248 D SystemServerTiming: OnBootPhase_200_com.android.role.RoleService
05-12 15:23:18.552  1248  1248 D SystemServerTiming: OnBootPhase_200_com.android.server.vibrator.VibratorManagerService$Lifecycle
05-12 15:23:18.552  1248  1248 D SystemServerTiming: OnBootPhase_200_com.android.server.tare.InternalResourceService
05-12 15:23:18.552  1248  1248 D SystemServerTiming: OnBootPhase_200_com.android.server.alarm.AlarmManagerService
05-12 15:23:18.552  1248  1248 D SystemServerTiming: OnBootPhase_200_com.android.server.devicestate.DeviceStateManagerService
05-12 15:23:18.552  1248  1248 D SystemServerTiming: OnBootPhase_200_com.android.server.camera.CameraServiceProxy
05-12 15:23:18.554  1248  1248 I WindowManager: No existing display settings, starting empty
05-12 15:23:18.579  1248  1248 D SystemServerTiming: SetWindowManagerService
05-12 15:23:18.622  1248  1248 I ActivityTaskManager: Loaded persisted task ids for user 0
05-12 15:23:18.625  1248  1248 D SystemServerTiming: WindowManagerServiceOnInitReady
05-12 15:23:19.002  1248  1311 I PackageManager: Deferred reconcileAppsData finished 556 packages
05-12 15:23:19.090  1248  1273 W Looper  : Slow dispatch took 463ms android.ui h=android.os.Handler c=android.os.Handler$BlockingRunnable@3f2d7d9 m=0
05-12 15:23:19.090  1248  1273 W Looper  : Slow delivery took 453ms android.ui h=com.android.server.policy.PhoneWindowManager$PolicyHandler c=android.hardware.camera2.CameraManager$CameraManagerGlobal$$ExternalSyntheticLambda2@700359e m=0
05-12 15:23:19.090  1248  1273 W Looper  : Drained
05-12 15:23:19.091  1248  1248 D SystemServerTiming: StartInputManager
05-12 15:23:19.091  1248  1248 I InputManager: Starting input manager
05-12 15:23:19.092  1248  1345 D SystemServerTimingAsync: InitThreadPoolExec:StartHidlServices
05-12 15:23:19.092  1248  1345 D SystemServerTimingAsync: StartHidlServices
05-12 15:23:19.097  1248  1248 D SystemServerTiming: DisplayManagerWindowManagerAndInputReady
05-12 15:23:19.097  1248  1248 D SystemServerTiming: StartBluetoothService
05-12 15:23:19.103  1248  1248 I SystemServiceManager: Starting com.android.server.bluetooth.BluetoothService
05-12 15:23:19.112  1248  1248 D SystemServerTiming: IpConnectivityMetrics
05-12 15:23:19.112  1248  1248 I SystemServiceManager: Starting com.android.server.connectivity.IpConnectivityMetrics
05-12 15:23:19.112  1248  1248 D SystemServerTiming: NetworkWatchlistService
05-12 15:23:19.112  1248  1248 I SystemServiceManager: Starting com.android.server.net.watchlist.NetworkWatchlistService$Lifecycle
05-12 15:23:19.116  1248  1248 I WatchlistSettings: Reload watchlist settings done
05-12 15:23:19.117  1248  1349 I WatchlistLoggingHandler: No need to aggregate record yet.
05-12 15:23:19.117  1248  1349 I WatchlistLoggingHandler: Milliseconds spent on tryAggregateRecords(): 0
05-12 15:23:19.118  1248  1248 D SystemServerTiming: PinnerService
05-12 15:23:19.119  1248  1248 I SystemServiceManager: Starting com.android.server.PinnerService
05-12 15:23:19.119  1248  1248 V HistoricalRegistry: Interaction before persistence initialized
05-12 15:23:19.122  1248  1248 D SystemServerTiming: SignedConfigService
05-12 15:23:19.122  1248  1281 D PinnerService: pinRangeStream: null
05-12 15:23:19.122  1248  1248 D SystemServerTiming: AppIntegrityService
05-12 15:23:19.122  1248  1248 I SystemServiceManager: Starting com.android.server.integrity.AppIntegrityManagerService
05-12 15:23:19.125  1248  1281 D PinnerService: pinRangeStream: null
05-12 15:23:19.125  1248  1248 E IntegrityFileManager: Error creating staging and rules directory
05-12 15:23:19.131  1248  1248 D SystemServerTiming: StartLogcatManager
05-12 15:23:19.131  1248  1248 I SystemServiceManager: Starting com.android.server.logcat.LogcatManagerService
05-12 15:23:19.133  1248  1248 D SystemServerTiming: LineageGlobalActionsService
05-12 15:23:19.133  1248  1281 D PinnerService: pinRangeStream: null
05-12 15:23:19.134  1248  1248 I SystemServiceManager: Starting com.android.server.derp.LineageGlobalActionsService
05-12 15:23:19.134  1248  1281 D PinnerService: pinRangeStream: null
05-12 15:23:19.135  1248  1281 D PinnerService: pinRangeStream: null
05-12 15:23:19.138  1248  1248 I WindowManager: SAFE MODE not enabled
05-12 15:23:19.138  1248  1248 D SystemServerTiming: StartInputMethodManagerLifecycle
05-12 15:23:19.139  1248  1248 I SystemServiceManager: Starting com.android.server.inputmethod.InputMethodManagerService$Lifecycle
05-12 15:23:19.147  1248  1281 D PinnerService: pinRangeStream: null
05-12 15:23:19.152  1248  1248 D SystemServerTiming: StartAccessibilityManagerService
05-12 15:23:19.152  1248  1248 I SystemServiceManager: Starting com.android.server.accessibility.AccessibilityManagerService$Lifecycle
05-12 15:23:19.156  1248  1281 D PinnerService: pinRangeStream: null
05-12 15:23:19.156  1248  1281 D PinnerService: pinRangeStream: null
05-12 15:23:19.158  1248  1248 D SystemServerTiming: MakeDisplayReady
05-12 15:23:19.162  1248  1281 D PinnerService: pinRangeStream: null
05-12 15:23:19.162  1248  1248 I ActivityTaskManager: Config changes=20005df8 {1.0 ?mcc?mnc [en_IN] ldltr sw400dp w400dp h852dp 432dpi nrml long port ?uimode ?night -touch -keyb/h/h -nav/h winConfig={ mBounds=Rect(0, 0 - 1080, 2400) mAppBounds=Rect(0, 100 - 1080, 2400) mMaxBounds=Rect(0, 0 - 1080, 2400) mDisplayRotation=ROTATION_0 mWindowingMode=fullscreen mDisplayWindowingMode=fullscreen mActivityType=undefined mAlwaysOnTop=undefined mRotation=ROTATION_0} s.2 ?fontWeightAdjustment}
05-12 15:23:19.165  1248  1281 D PinnerService: pinRangeStream: null
05-12 15:23:19.165  1248  1281 D PinnerService: pinRangeStream: null
05-12 15:23:19.166  1248  1281 D PinnerService: pinRangeStream: null
05-12 15:23:19.167  1248  1248 I WindowManager: Override config changes=60007dfc {1.0 ?mcc?mnc [en_IN] ldltr sw400dp w400dp h852dp 432dpi nrml long port ?uimode ?night -touch -keyb/h/h -nav/h winConfig={ mBounds=Rect(0, 0 - 1080, 2400) mAppBounds=Rect(0, 100 - 1080, 2400) mMaxBounds=Rect(0, 0 - 1080, 2400) mDisplayRotation=ROTATION_0 mWindowingMode=fullscreen mDisplayWindowingMode=fullscreen mActivityType=undefined mAlwaysOnTop=undefined mRotation=ROTATION_0} s.2 ?fontWeightAdjustment} for displayId=0
05-12 15:23:19.168  1248  1281 D PinnerService: pinRangeStream: null
05-12 15:23:19.168  1248  1281 D PinnerService: pinRangeStream: null
05-12 15:23:19.169  1248  1281 D PinnerService: pinRangeStream: null
05-12 15:23:19.169  1248  1281 E PinnerService: Could not pin file /system_ext/priv-app/SystemUI/SystemUI.apk
05-12 15:23:19.169  1248  1281 E PinnerService: android.system.ErrnoException: open failed: ENOENT (No such file or directory)
05-12 15:23:19.169  1248  1281 E PinnerService: 	at libcore.io.Linux.open(Native Method)
05-12 15:23:19.169  1248  1281 E PinnerService: 	at libcore.io.ForwardingOs.open(ForwardingOs.java:563)
05-12 15:23:19.169  1248  1281 E PinnerService: 	at libcore.io.BlockGuardOs.open(BlockGuardOs.java:274)
05-12 15:23:19.169  1248  1281 E PinnerService: 	at android.system.Os.open(Os.java:494)
05-12 15:23:19.169  1248  1281 E PinnerService: 	at com.android.server.PinnerService.pinFileRanges(PinnerService.java:975)
05-12 15:23:19.169  1248  1281 E PinnerService: 	at com.android.server.PinnerService.pinFile(PinnerService.java:850)
05-12 15:23:19.169  1248  1281 E PinnerService: 	at com.android.server.PinnerService.handlePinOnStart(PinnerService.java:305)
05-12 15:23:19.169  1248  1281 E PinnerService: 	at com.android.server.PinnerService.-$$Nest$mhandlePinOnStart(Unknown Source:0)
05-12 15:23:19.169  1248  1281 E PinnerService: 	at com.android.server.PinnerService$PinnerHandler.handleMessage(PinnerService.java:1219)
05-12 15:23:19.169  1248  1281 E PinnerService: 	at android.os.Handler.dispatchMessage(Handler.java:106)
05-12 15:23:19.169  1248  1281 E PinnerService: 	at android.os.Looper.loopOnce(Looper.java:201)
05-12 15:23:19.169  1248  1281 E PinnerService: 	at android.os.Looper.loop(Looper.java:288)
05-12 15:23:19.169  1248  1281 E PinnerService: 	at android.os.HandlerThread.run(HandlerThread.java:67)
05-12 15:23:19.169  1248  1281 E PinnerService: Failed to pin file = /system_ext/priv-app/SystemUI/SystemUI.apk
05-12 15:23:19.169  1248  1281 D PinnerService: pinRangeStream: null
05-12 15:23:19.170  1248  1248 I DisplayDevice: [0] Layerstack set to 0 for local:0
05-12 15:23:19.170  1248  1281 E PinnerService: Could not pin file /system_ext/priv-app/SystemUI/oat/arm64/SystemUI.odex
05-12 15:23:19.170  1248  1281 E PinnerService: android.system.ErrnoException: open failed: ENOENT (No such file or directory)
05-12 15:23:19.170  1248  1281 E PinnerService: 	at libcore.io.Linux.open(Native Method)
05-12 15:23:19.170  1248  1281 E PinnerService: 	at libcore.io.ForwardingOs.open(ForwardingOs.java:563)
05-12 15:23:19.170  1248  1281 E PinnerService: 	at libcore.io.BlockGuardOs.open(BlockGuardOs.java:274)
05-12 15:23:19.170  1248  1281 E PinnerService: 	at android.system.Os.open(Os.java:494)
05-12 15:23:19.170  1248  1281 E PinnerService: 	at com.android.server.PinnerService.pinFileRanges(PinnerService.java:975)
05-12 15:23:19.170  1248  1281 E PinnerService: 	at com.android.server.PinnerService.pinFile(PinnerService.java:850)
05-12 15:23:19.170  1248  1281 E PinnerService: 	at com.android.server.PinnerService.handlePinOnStart(PinnerService.java:305)
05-12 15:23:19.170  1248  1281 E PinnerService: 	at com.android.server.PinnerService.-$$Nest$mhandlePinOnStart(Unknown Source:0)
05-12 15:23:19.170  1248  1281 E PinnerService: 	at com.android.server.PinnerService$PinnerHandler.handleMessage(PinnerService.java:1219)
05-12 15:23:19.170  1248  1281 E PinnerService: 	at android.os.Handler.dispatchMessage(Handler.java:106)
05-12 15:23:19.170  1248  1281 E PinnerService: 	at android.os.Looper.loopOnce(Looper.java:201)
05-12 15:23:19.170  1248  1281 E PinnerService: 	at android.os.Looper.loop(Looper.java:288)
05-12 15:23:19.170  1248  1281 E PinnerService: 	at android.os.HandlerThread.run(HandlerThread.java:67)
05-12 15:23:19.170  1248  1281 E PinnerService: Failed to pin file = /system_ext/priv-app/SystemUI/oat/arm64/SystemUI.odex
05-12 15:23:19.170  1248  1281 D PinnerService: pinRangeStream: null
05-12 15:23:19.170  1248  1281 E PinnerService: Could not pin file /system/lib64/libsurfaceflinger.so
05-12 15:23:19.170  1248  1281 E PinnerService: android.system.ErrnoException: open failed: ENOENT (No such file or directory)
05-12 15:23:19.170  1248  1281 E PinnerService: 	at libcore.io.Linux.open(Native Method)
05-12 15:23:19.170  1248  1281 E PinnerService: 	at libcore.io.ForwardingOs.open(ForwardingOs.java:563)
05-12 15:23:19.170  1248  1281 E PinnerService: 	at libcore.io.BlockGuardOs.open(BlockGuardOs.java:274)
05-12 15:23:19.170  1248  1281 E PinnerService: 	at android.system.Os.open(Os.java:494)
05-12 15:23:19.170  1248  1281 E PinnerService: 	at com.android.server.PinnerService.pinFileRanges(PinnerService.java:975)
05-12 15:23:19.170  1248  1281 E PinnerService: 	at com.android.server.PinnerService.pinFile(PinnerService.java:850)
05-12 15:23:19.170  1248  1281 E PinnerService: 	at com.android.server.PinnerService.handlePinOnStart(PinnerService.java:305)
05-12 15:23:19.170  1248  1281 E PinnerService: 	at com.android.server.PinnerService.-$$Nest$mhandlePinOnStart(Unknown Source:0)
05-12 15:23:19.170  1248  1281 E PinnerService: 	at com.android.server.PinnerService$PinnerHandler.handleMessage(PinnerService.java:1219)
05-12 15:23:19.170  1248  1281 E PinnerService: 	at android.os.Handler.dispatchMessage(Handler.java:106)
05-12 15:23:19.170  1248  1281 E PinnerService: 	at android.os.Looper.loopOnce(Looper.java:201)
05-12 15:23:19.170  1248  1281 E PinnerService: 	at android.os.Looper.loop(Looper.java:288)
05-12 15:23:19.170  1248  1281 E PinnerService: 	at android.os.HandlerThread.run(HandlerThread.java:67)
05-12 15:23:19.170  1248  1281 E PinnerService: Failed to pin file = /system/lib64/libsurfaceflinger.so
05-12 15:23:19.176  1248  1248 I ActivityTaskManager: Config changes=8 {1.0 ?mcc?mnc [en_IN] ldltr sw400dp w400dp h852dp 432dpi nrml long port ?uimode ?night finger -keyb/h/h -nav/h winConfig={ mBounds=Rect(0, 0 - 1080, 2400) mAppBounds=Rect(0, 100 - 1080, 2400) mMaxBounds=Rect(0, 0 - 1080, 2400) mDisplayRotation=ROTATION_0 mWindowingMode=fullscreen mDisplayWindowingMode=fullscreen mActivityType=undefined mAlwaysOnTop=undefined mRotation=ROTATION_0} s.4 ?fontWeightAdjustment}
05-12 15:23:19.180  1248  1248 I WindowManager: Override config changes=8 {1.0 ?mcc?mnc [en_IN] ldltr sw400dp w400dp h852dp 432dpi nrml long port ?uimode ?night finger -keyb/h/h -nav/h winConfig={ mBounds=Rect(0, 0 - 1080, 2400) mAppBounds=Rect(0, 100 - 1080, 2400) mMaxBounds=Rect(0, 0 - 1080, 2400) mDisplayRotation=ROTATION_0 mWindowingMode=fullscreen mDisplayWindowingMode=fullscreen mActivityType=undefined mAlwaysOnTop=undefined mRotation=ROTATION_0} s.4 ?fontWeightAdjustment} for displayId=0
05-12 15:23:19.182  1248  1248 D SystemServerTiming: StartStorageManagerService
05-12 15:23:19.182  1248  1248 I SystemServiceManager: Starting com.android.server.StorageManagerService$Lifecycle
05-12 15:23:19.195  1248  1353 D StorageManagerService: Thinking about init, mBootCompleted=false, mDaemonConnected=true
05-12 15:23:19.195  1248  1353 D StorageManagerService: Thinking about reset, mBootCompleted=false, mDaemonConnected=true
05-12 15:23:19.197  1248  1353 D StorageManagerService: Thinking about init, mBootCompleted=false, mDaemonConnected=true
05-12 15:23:19.197  1248  1353 D StorageManagerService: Thinking about reset, mBootCompleted=false, mDaemonConnected=true
05-12 15:23:19.197  1248  1248 D SystemServerTiming: StartStorageStatsService
05-12 15:23:19.197  1248  1248 I SystemServiceManager: Starting com.android.server.usage.StorageStatsService$Lifecycle
05-12 15:23:19.203  1248  1248 D SystemServerTiming: StartUiModeManager
05-12 15:23:19.203  1248  1248 I SystemServiceManager: Starting com.android.server.UiModeManagerService
05-12 15:23:19.204  1248  1354 D SystemServerTimingAsync: InitThreadPoolExec:UiModeManager.onStart
05-12 15:23:19.206  1248  1248 D SystemServerTiming: StartLocaleManagerService
05-12 15:23:19.206  1248  1248 I SystemServiceManager: Starting com.android.server.locales.LocaleManagerService
05-12 15:23:19.210  1248  1248 D SystemServerTiming: UpdatePackagesIfNeeded
05-12 15:23:19.211  1248  1248 I Watchdog: Pausing HandlerChecker: main thread for reason: dexopt. Pause count: 1
05-12 15:23:19.212  1248  1248 I Watchdog: Resuming HandlerChecker: main thread for reason: dexopt. Pause count: 0
05-12 15:23:19.212  1248  1248 D SystemServerTiming: PerformFstrimIfNeeded
05-12 15:23:19.213  1248  1248 D SystemServerTiming: StartLockSettingsService
05-12 15:23:19.213  1248  1248 I SystemServiceManager: Starting com.android.server.locksettings.LockSettingsService$Lifecycle
05-12 15:23:19.230  1248  1248 D SystemServerTiming: StartPersistentDataBlock
05-12 15:23:19.230  1248  1248 I SystemServiceManager: Starting com.android.server.PersistentDataBlockService
05-12 15:23:19.230  1248  1248 D SystemServerTiming: StartTestHarnessMode
05-12 15:23:19.230  1248  1248 I SystemServiceManager: Starting com.android.server.testharness.TestHarnessModeService
05-12 15:23:19.231  1248  1357 D SystemServerTimingAsync: InitThreadPoolExec:PersistentDataBlockService.onStart
05-12 15:23:19.232  1248  1248 D SystemServerTiming: StartOemLockService
05-12 15:23:19.233  1248  1248 I SystemServiceManager: Starting com.android.server.oemlock.OemLockService
05-12 15:23:19.235  1248  1248 I OemLock : OemLock HAL not present on device
05-12 15:23:19.235  1248  1248 I OemLock : Using persistent data block based lock
05-12 15:23:19.237  1248  1248 D SystemServerTiming: StartDeviceIdleController
05-12 15:23:19.237  1248  1248 I SystemServiceManager: Starting com.android.server.DeviceIdleController
05-12 15:23:19.247  1248  1248 D SystemServerTiming: StartDevicePolicyManager
05-12 15:23:19.247  1248  1248 I SystemServiceManager: Starting com.android.server.devicepolicy.DevicePolicyManagerService$Lifecycle
05-12 15:23:19.256  1248  1248 I DevicePolicyManager: Current version 3, latest version 3, not upgrading.
05-12 15:23:19.258  1248  1248 I DevicePolicyManager: Set ro.organization_owned property to false
05-12 15:23:19.263  1248  1248 D SystemServerTiming: StartStatusBarManagerService
05-12 15:23:19.266  1248  1248 D SystemServerTiming: StartMusicRecognitionManagerService
05-12 15:23:19.266  1248  1248 I SystemServiceManager: Starting com.android.server.musicrecognition.MusicRecognitionManagerService
05-12 15:23:19.270  1248  1248 D SystemServerTiming: StartContentCaptureService
