--------- beginning of system
05-12 15:23:05.295   400   400 I vold    : Vold 3.0 (the awakening) firing up
05-12 15:23:05.295   400   400 D vold    : Detected support for: ext4 f2fs ntfs vfat
05-12 15:23:05.301   400   400 W vold    : [libfs_mgr]Warning: unknown flag: resize
05-12 15:23:05.303   400   400 D vold    : VoldNativeService::start() completed OK
05-12 15:23:05.746   444   444 I keystore2: keystore2_main: Keystore2 is starting.
05-12 15:23:05.746   444   444 I keystore2: keystore2_main: Setting up sqlite logging for keystore2
05-12 15:23:05.752   444   444 W keystore2: keystore2::metrics_store: In update_keystore_crash_sysprop: Failed to read the existing system property due to: In read_keystore_crash_count: Property not set..Therefore, keystore crashes will not be logged.
05-12 15:23:05.754   444   444 I keystore2: keystore2_main: Starting thread pool now.
05-12 15:23:05.783   400   400 I Checkpoint: cp_prepareCheckpoint called
05-12 15:23:05.796   400   400 I vold    : fscrypt_initialize_systemwide_keys
05-12 15:23:05.796   400   400 D vold    : Key exists, using: /data/unencrypted/key
05-12 15:23:05.828   444   456 I keystore2: keystore2::shared_secret_negotiation: Shared secret negotiation concluded successfully.
05-12 15:23:05.828   444   444 I keystore2: keystore2::globals: Add emulation wrapper around Keymaster device for security level: SecurityLevel(1)
05-12 15:23:05.829   444   456 I keystore2: keystore2::shared_secret_negotiation: No StrongBox Keymint available, so no RoT transfer
05-12 15:23:05.832   444   444 I keystore2: keystore2_main: Not publishing IRemotelyProvisionedKeyPool service: In new_native_binder: Failed to get TEE Remote Provisioner instance.
05-12 15:23:05.832   444   444 I keystore2: 
05-12 15:23:05.832   444   444 I keystore2: Caused by:
05-12 15:23:05.832   444   444 I keystore2:     0: In get_remotely_provisioned_component.
05-12 15:23:05.832   444   444 I keystore2:     1: In connect_remotely_provisioned_component.
05-12 15:23:05.832   444   444 I keystore2:     2: Error::Km(ErrorCode(-68))
05-12 15:23:05.832   444   444 I keystore2: keystore2_main: Successfully registered Keystore 2.0 service.
05-12 15:23:05.832   444   444 I keystore2: keystore2_main: Joining thread pool now.
05-12 15:23:05.837   400   400 I vold    : Kernel doesn't support FS_IOC_ADD_ENCRYPTION_KEY.  Falling back to session keyring
05-12 15:23:05.837   400   400 D vold    : Added key 405688948 (ext4:278fd1575a85ef9b) to keyring 210320897 in process 400
05-12 15:23:05.837   400   400 D vold    : Added key 617917527 (f2fs:278fd1575a85ef9b) to keyring 210320897 in process 400
05-12 15:23:05.837   400   400 D vold    : Added key 270396275 (fscrypt:278fd1575a85ef9b) to keyring 210320897 in process 400
05-12 15:23:05.843   400   400 I vold    : Wrote system DE key reference to:/data/unencrypted/ref
05-12 15:23:05.844   400   400 D vold    : Generating standard storage key
05-12 15:23:05.844   400   400 D vold    : Added key 783001357 (ext4:c34b6b282f9d83af) to keyring 210320897 in process 400
05-12 15:23:05.844   400   400 D vold    : Added key 13137757 (f2fs:c34b6b282f9d83af) to keyring 210320897 in process 400
05-12 15:23:05.844   400   400 D vold    : Added key 989942600 (fscrypt:c34b6b282f9d83af) to keyring 210320897 in process 400
05-12 15:23:05.845   400   400 I vold    : Wrote per boot key reference to:/data/unencrypted/per_boot_ref
05-12 15:23:05.878   400   400 I incfs   : Initial API level of the device: 29
05-12 15:23:05.878   400   400 I incfs   : ro.incremental.enable: 
05-12 15:23:05.878   400   400 E incfs   : IncFs_Features: failed to open features dir, assuming v1/none.: No such file or directory
05-12 15:23:05.880   444   444 I keystore2: keystore2::maintenance: In early_boot_ended.
05-12 15:23:05.888   444   444 I keystore2: keystore2::globals: Touching Keystore 2.0 database for this first time since boot.
05-12 15:23:05.888   444   444 I keystore2: keystore2::globals: Calling cleanup leftovers.
05-12 15:23:05.896   444   444 I keystore2: keystore2::super_key: Starting boot level watcher.
05-12 15:23:05.897   444   444 I keystore2: keystore2::maintenance: Call to earlyBootEnded succeeded for security level TRUSTED_ENVIRONMENT.
05-12 15:23:05.897   444   477 I keystore2: keystore2::super_key: Read keystore.boot_level value 30
05-12 15:23:05.897   444   444 E keystore2: keystore2::maintenance: Call to earlyBootEnded failed for security level STRONGBOX: In call_with_watchdog: getting keymint device.
05-12 15:23:05.897   444   477 I keystore2: keystore2::super_key: Read keystore.boot_level value 30
05-12 15:23:05.897   444   444 E keystore2: keystore2::error: In call_with_watchdog: getting keymint device
05-12 15:23:05.897   444   444 E keystore2: 
05-12 15:23:05.897   444   444 E keystore2: Caused by:
05-12 15:23:05.897   444   444 E keystore2:     0: In get_keymint_device.
05-12 15:23:05.897   444   444 E keystore2:     1: In connect_keymint: Trying to get Legacy wrapper.
05-12 15:23:05.897   444   444 E keystore2:     2: Error::Km(ErrorCode(-68))
05-12 15:23:05.897   400   400 E vold    : keystore2 Keystore earlyBootEnded returned service specific error: -68
05-12 15:23:07.930   400   400 D vold    : fscrypt_init_user0
05-12 15:23:07.930   400   400 D vold    : Preparing: /data/misc/vold/user_keys
05-12 15:23:07.931   400   400 D vold    : Preparing: /data/misc/vold/user_keys/ce
05-12 15:23:07.931   400   400 D vold    : Preparing: /data/misc/vold/user_keys/de
05-12 15:23:07.936   400   400 D vold    : Added key 173781829 (ext4:b80eb78d50d66ba3) to keyring 210320897 in process 400
05-12 15:23:07.936   400   400 D vold    : Added key 671332650 (f2fs:b80eb78d50d66ba3) to keyring 210320897 in process 400
05-12 15:23:07.936   400   400 D vold    : Added key 558726252 (fscrypt:b80eb78d50d66ba3) to keyring 210320897 in process 400
05-12 15:23:07.936   400   400 D vold    : Installed de key for user 0
05-12 15:23:07.936   400   400 D vold    : fscrypt_prepare_user_storage for volume null, user 0, serial 0, flags 1
05-12 15:23:07.936   400   400 D vold    : Preparing: /data/system/users/0
05-12 15:23:07.937   400   400 D vold    : Preparing: /data/misc/profiles/cur/0
05-12 15:23:07.937   400   400 D vold    : Preparing: /data/system_de/0
05-12 15:23:07.937   400   400 D vold    : Preparing: /data/vendor_de/0
05-12 15:23:07.938   400   400 D vold    : Preparing: /data/misc_de/0
05-12 15:23:07.938   400   400 D vold    : Preparing: /data/user_de/0
05-12 15:23:07.938   400   400 I vold    : Verified that /data/system_de/0 has the encryption policy b80eb78d50d66ba3 v1 modes 1/4 flags 0x0
05-12 15:23:07.939   400   400 I vold    : Verified that /data/vendor_de/0 has the encryption policy b80eb78d50d66ba3 v1 modes 1/4 flags 0x0
05-12 15:23:07.939   400   400 I vold    : Verified that /data/misc_de/0 has the encryption policy b80eb78d50d66ba3 v1 modes 1/4 flags 0x0
05-12 15:23:07.939   400   400 I vold    : Verified that /data/user_de/0 has the encryption policy b80eb78d50d66ba3 v1 modes 1/4 flags 0x0
05-12 15:23:07.939   400   400 D vold    : /system/bin/vold_prepare_subdirs
05-12 15:23:07.939   400   400 D vold    :     prepare
05-12 15:23:07.939   400   400 D vold    :     
05-12 15:23:07.939   400   400 D vold    :     0
05-12 15:23:07.939   400   400 D vold    :     1
05-12 15:23:08.017   596   596 I odsign  : Trying to retrieve existing HMAC key...
05-12 15:23:08.019   596   596 I odsign  : Trying to retrieve existing keystore key...
05-12 15:23:08.024   596   596 I odsign  : Verified public key signature.
05-12 15:23:08.024   596   596 I odsign  : Initialized Keystore key.
05-12 15:23:08.024   596   596 I odsign  : Device doesn't support fsverity. Falling back to full verification.
05-12 15:23:08.092   597   597 I odrefresh: ART APEX version 330400000
05-12 15:23:08.092   597   597 I odrefresh: Factory ART APEX mounted.
05-12 15:23:08.092   597   597 I odrefresh: System properties are set to default values.
05-12 15:23:08.092   597   597 I odrefresh: Factory ART APEX mounted.
05-12 15:23:08.092   597   597 I odrefresh: System properties are set to default values.
05-12 15:23:08.093   597   597 I odrefresh: Factory APEXes mounted.
05-12 15:23:08.093   597   597 I odrefresh: System properties are set to default values.
05-12 15:23:08.097   596   596 I odsign  : Metrics report is empty
05-12 15:23:08.097   596   596 I odsign  : /data/misc/odsign/odsign.info not found.
05-12 15:23:08.098   596   596 I odsign  : odrefresh said artifacts are VALID
05-12 15:23:08.098   596   596 I odsign  : On-device signing done.
05-12 15:23:08.107   444   477 I keystore2: keystore2::super_key: keystore.boot_level 1000000000 hits maximum 1000000000, finishing.
05-12 15:23:08.777   400   411 I vold    : Found disk at /devices/platform/externdevice/mmc_host/mmc1/mmc1:59b4/block/mmcblk1 but delaying scan due to secure keyguard
05-12 15:23:08.863   712   712 I gsid    : no DSU: No such file or directory
05-12 15:23:09.304   785   785 I installd: installd firing up
05-12 15:23:09.363   790   790 I wificond: wificond is starting up...
05-12 15:23:09.372   789   789 I storaged: Unable to get AIDL health service, trying HIDL...
05-12 15:23:09.380   790   790 I HidlServiceManagement: Registered android.system.wifi.keystore@1.0::IKeystore/default
--------- beginning of crash
05-12 15:23:09.733   908   946 F libc    : Fatal signal 11 (SIGSEGV), code 1 (SEGV_MAPERR), fault addr 0x0 in tid 946 (android.hardwar), pid 908 (android.hardwar)
05-12 15:23:09.896   958   958 F DEBUG   : *** *** *** *** *** *** *** *** *** *** *** *** *** *** *** ***
05-12 15:23:09.896   958   958 F DEBUG   : Build fingerprint: 'Micromax/derp_yogurt/yogurt:13/TQ3A.230901.001/1746966174:userdebug/release-keys'
05-12 15:23:09.896   958   958 F DEBUG   : Revision: '0'
05-12 15:23:09.896   958   958 F DEBUG   : ABI: 'arm64'
05-12 15:23:09.896   958   958 F DEBUG   : Timestamp: 2025-05-12 15:23:09.814639477+0530
05-12 15:23:09.896   958   958 F DEBUG   : Process uptime: 1s
05-12 15:23:09.896   958   958 F DEBUG   : Cmdline: /vendor/bin/hw/android.hardware.biometrics.fingerprint@2.1-service.yogurt
05-12 15:23:09.896   958   958 F DEBUG   : pid: 908, tid: 946, name: android.hardwar  >>> /vendor/bin/hw/android.hardware.biometrics.fingerprint@2.1-service.yogurt <<<
05-12 15:23:09.896   958   958 F DEBUG   : uid: 1000
05-12 15:23:09.896   958   958 F DEBUG   : signal 11 (SIGSEGV), code 1 (SEGV_MAPERR), fault addr 0x0000000000000000
05-12 15:23:09.896   958   958 F DEBUG   : Cause: null pointer dereference
05-12 15:23:09.897   958   958 F DEBUG   :     x0  00000075ee204408  x1  0000000000000000  x2  0000000000000000  x3  0000000000000000
05-12 15:23:09.897   958   958 F DEBUG   :     x4  0000000000000001  x5  0000000000000000  x6  00000075f3fcb000  x7  0000000000000fe6
05-12 15:23:09.906   958   958 F DEBUG   :     x8  5700a94e36c40400  x9  00000075f23b4000  x10 0000000000000001  x11 0000007540000000
05-12 15:23:09.906   958   958 F DEBUG   :     x12 00000075ee204480  x13 0000000000000000  x14 0000000000000228  x15 000022ef82b0c698
05-12 15:23:09.907   958   958 F DEBUG   :     x16 00000075f23b4a88  x17 00000075f23a3c38  x18 000000756d2d0000  x19 00000075ee204408
05-12 15:23:09.907   958   958 F DEBUG   :     x20 000000756dcf2178  x21 0000000000000000  x22 000000756dc0a000  x23 0000007540000000
05-12 15:23:09.907   958   958 F DEBUG   :     x24 0000000000000005  x25 000000756dc09cb0  x26 000000756dc09ff8  x27 00000000000fc000
05-12 15:23:09.907   958   958 F DEBUG   :     x28 00000000000fe000  x29 000000756dc09790
05-12 15:23:09.907   958   958 F DEBUG   :     lr  00000075f22fb6c8  sp  000000756dc09780  pc  00000075f231ab94  pst 0000000080001000
05-12 15:23:09.907   958   958 F DEBUG   : backtrace:
05-12 15:23:09.907   958   958 F DEBUG   :       #00 pc 0000000000072b94  /apex/com.android.runtime/lib64/bionic/libc.so (je_large_dalloc+52) (BuildId: 6e75f65a4c116d6f37b8361b4f491f36)
05-12 15:23:09.907   958   958 F DEBUG   :       #01 pc 00000000000536c4  /apex/com.android.runtime/lib64/bionic/libc.so (arena_dalloc_no_tcache+636) (BuildId: 6e75f65a4c116d6f37b8361b4f491f36)
05-12 15:23:09.907   958   958 F DEBUG   :       #02 pc 000000000004f8b8  /apex/com.android.runtime/lib64/bionic/libc.so (je_free+744) (BuildId: 6e75f65a4c116d6f37b8361b4f491f36)
05-12 15:23:09.907   958   958 F DEBUG   :       #03 pc 000000000000efb4  /apex/com.android.vndk.v33/lib64/libutils.so (android::RefBase::decStrong(void const*) const+108) (BuildId: e15da9cb0a03c10940c3d40ef2b5dbaa)
05-12 15:23:09.908   958   958 F DEBUG   :       #04 pc 00000000000673a8  /vendor/lib64/hw/fingerprint.default.so (BuildId: c5e613c15325555b1ec17dfb770f5e2c3cb347e1)
05-12 15:23:09.908   958   958 F DEBUG   :       #05 pc 00000000000faf9c  /apex/com.android.runtime/lib64/bionic/libc.so (__pthread_start(void*)+208) (BuildId: 6e75f65a4c116d6f37b8361b4f491f36)
05-12 15:23:09.908   958   958 F DEBUG   :       #06 pc 000000000008e0cc  /apex/com.android.runtime/lib64/bionic/libc.so (__start_thread+64) (BuildId: 6e75f65a4c116d6f37b8361b4f491f36)
05-12 15:23:12.009  1226  1229 D BootAnimation: BootAnimationShownTiming start time: 9100ms
05-12 15:23:13.853  1248  1248 D SystemServerTiming: InitBeforeStartServices
05-12 15:23:13.855  1248  1248 I SystemServer: Entered the Android system server!
05-12 15:23:13.855  1248  1248 I DerpFest: Welcome to DerpFest! We believe that you'll love it. Ready to... uh... Tango!
05-12 15:23:14.010  1248  1248 I SystemServerInitThreadPool: Creating instance with 8 threads
05-12 15:23:14.468   789   789 E storaged: getService package_native failed
05-12 15:23:14.472   789  1268 I storaged: storaged: Start
05-12 15:23:14.936  1248  1248 D SystemServerTiming: StartServices
05-12 15:23:14.936  1248  1248 D SystemServerTiming: startBootstrapServices
05-12 15:23:14.936  1248  1248 D SystemServerTiming: StartWatchdog
05-12 15:23:14.945  1248  1248 I SystemServer: Reading configuration...
05-12 15:23:14.945  1248  1248 D SystemServerTiming: ReadingSystemConfig
05-12 15:23:14.945  1248  1248 D SystemServerTiming: PlatformCompat
05-12 15:23:14.946  1248  1279 D SystemServerTimingAsync: InitThreadPoolExec:ReadingSystemConfig
05-12 15:23:14.946  1248  1248 D CompatConfig: Found a config file: /system/etc/compatconfig/services-platform-compat-config.xml
05-12 15:23:14.947  1248  1279 I SystemConfig: Reading permissions from /system/etc/sysconfig/preinstalled-packages-com.android.providers.media.module.xml
05-12 15:23:14.948  1248  1248 D CompatConfig: Adding: com.android.server.compat.config.Change@21b179b
05-12 15:23:14.948  1248  1248 D CompatConfig: Adding: com.android.server.compat.config.Change@3420311
05-12 15:23:14.948  1248  1279 I SystemConfig: Reading permissions from /system/etc/sysconfig/framework-sysconfig.xml
05-12 15:23:14.948  1248  1248 D CompatConfig: Adding: com.android.server.compat.config.Change@30ac76
05-12 15:23:14.948  1248  1248 D CompatConfig: Adding: com.android.server.compat.config.Change@2899277
05-12 15:23:14.948  1248  1248 D CompatConfig: Adding: com.android.server.compat.config.Change@e3dcee4
05-12 15:23:14.948  1248  1248 D CompatConfig: Adding: com.android.server.compat.config.Change@db2bf4d
05-12 15:23:14.948  1248  1248 D CompatConfig: Adding: com.android.server.compat.config.Change@df31a02
05-12 15:23:14.948  1248  1248 D CompatConfig: Adding: com.android.server.compat.config.Change@1fadf13
05-12 15:23:14.948  1248  1248 D CompatConfig: Adding: com.android.server.compat.config.Change@37af550
05-12 15:23:14.948  1248  1248 D CompatConfig: Adding: com.android.server.compat.config.Change@df90349
05-12 15:23:14.948  1248  1248 D CompatConfig: Adding: com.android.server.compat.config.Change@57cd44e
05-12 15:23:14.948  1248  1248 D CompatConfig: Adding: com.android.server.compat.config.Change@12a596f
05-12 15:23:14.948  1248  1248 D CompatConfig: Adding: com.android.server.compat.config.Change@122167c
05-12 15:23:14.948  1248  1248 D CompatConfig: Adding: com.android.server.compat.config.Change@e458b05
05-12 15:23:14.948  1248  1248 D CompatConfig: Adding: com.android.server.compat.config.Change@ed5e75a
05-12 15:23:14.948  1248  1248 D CompatConfig: Adding: com.android.server.compat.config.Change@72d1d8b
05-12 15:23:14.948  1248  1248 D CompatConfig: Adding: com.android.server.compat.config.Change@1b81e68
05-12 15:23:14.949  1248  1248 D CompatConfig: Adding: com.android.server.compat.config.Change@118d281
05-12 15:23:14.949  1248  1248 D CompatConfig: Adding: com.android.server.compat.config.Change@87b1f26
05-12 15:23:14.949  1248  1248 D CompatConfig: Adding: com.android.server.compat.config.Change@d4e0767
05-12 15:23:14.949  1248  1248 D CompatConfig: Adding: com.android.server.compat.config.Change@124b914
05-12 15:23:14.949  1248  1248 D CompatConfig: Adding: com.android.server.compat.config.Change@67f15bd
05-12 15:23:14.949  1248  1248 D CompatConfig: Adding: com.android.server.compat.config.Change@9ea07b2
05-12 15:23:14.949  1248  1248 D CompatConfig: Adding: com.android.server.compat.config.Change@ca9b303
05-12 15:23:14.949  1248  1248 D CompatConfig: Adding: com.android.server.compat.config.Change@1e5280
05-12 15:23:14.949  1248  1248 D CompatConfig: Adding: com.android.server.compat.config.Change@90c50b9
05-12 15:23:14.949  1248  1248 D CompatConfig: Adding: com.android.server.compat.config.Change@2ececfe
05-12 15:23:14.949  1248  1248 D CompatConfig: Adding: com.android.server.compat.config.Change@98a7c5f
05-12 15:23:14.949  1248  1248 D CompatConfig: Adding: com.android.server.compat.config.Change@25616ac
05-12 15:23:14.949  1248  1248 D CompatConfig: Adding: com.android.server.compat.config.Change@e983f75
05-12 15:23:14.949  1248  1248 D CompatConfig: Adding: com.android.server.compat.config.Change@3a6db0a
05-12 15:23:14.949  1248  1248 D CompatConfig: Adding: com.android.server.compat.config.Change@8847f7b
05-12 15:23:14.949  1248  1248 D CompatConfig: Adding: com.android.server.compat.config.Change@363f198
05-12 15:23:14.949  1248  1248 D CompatConfig: Adding: com.android.server.compat.config.Change@8ba5df1
05-12 15:23:14.949  1248  1248 D CompatConfig: Adding: com.android.server.compat.config.Change@95f9dd6
05-12 15:23:14.949  1248  1248 D CompatConfig: Adding: com.android.server.compat.config.Change@9519857
05-12 15:23:14.949  1248  1248 D CompatConfig: Adding: com.android.server.compat.config.Change@e728f44
05-12 15:23:14.949  1248  1248 D CompatConfig: Adding: com.android.server.compat.config.Change@105e82d
05-12 15:23:14.949  1248  1248 D CompatConfig: Adding: com.android.server.compat.config.Change@c0fc162
05-12 15:23:14.949  1248  1248 D CompatConfig: Adding: com.android.server.compat.config.Change@36d62f3
05-12 15:23:14.949  1248  1248 D CompatConfig: Adding: com.android.server.compat.config.Change@d05da29
05-12 15:23:14.949  1248  1248 D CompatConfig: Adding: com.android.server.compat.config.Change@8ac91ae
05-12 15:23:14.949  1248  1248 D CompatConfig: Adding: com.android.server.compat.config.Change@713b4f
05-12 15:23:14.949  1248  1248 D CompatConfig: Adding: com.android.server.compat.config.Change@e6282dc
05-12 15:23:14.949  1248  1248 D CompatConfig: Adding: com.android.server.compat.config.Change@5f8efe5
05-12 15:23:14.949  1248  1248 D CompatConfig: Adding: com.android.server.compat.config.Change@4341aba
05-12 15:23:14.949  1248  1248 D CompatConfig: Adding: com.android.server.compat.config.Change@303d6b
05-12 15:23:14.949  1248  1279 I SystemConfig: Reading permissions from /system/etc/sysconfig/hiddenapi-package-whitelist.xml
05-12 15:23:14.949  1248  1248 D CompatConfig: Adding: com.android.server.compat.config.Change@302f0c8
05-12 15:23:14.949  1248  1248 D CompatConfig: Adding: com.android.server.compat.config.Change@4da561
05-12 15:23:14.949  1248  1248 D CompatConfig: Adding: com.android.server.compat.config.Change@3792886
05-12 15:23:14.949  1248  1248 D CompatConfig: Adding: com.android.server.compat.config.Change@2934547
05-12 15:23:14.949  1248  1248 D CompatConfig: Adding: com.android.server.compat.config.Change@3ba5174
05-12 15:23:14.949  1248  1248 D CompatConfig: Adding: com.android.server.compat.config.Change@ede369d
05-12 15:23:14.949  1248  1248 D CompatConfig: Adding: com.android.server.compat.config.Change@3af4712
05-12 15:23:14.949  1248  1248 D CompatConfig: Adding: com.android.server.compat.config.Change@334eee3
05-12 15:23:14.949  1248  1248 D CompatConfig: Adding: com.android.server.compat.config.Change@4e510e0
05-12 15:23:14.949  1248  1248 D CompatConfig: Adding: com.android.server.compat.config.Change@dec9f99
05-12 15:23:14.949  1248  1248 D CompatConfig: Adding: com.android.server.compat.config.Change@fb6c25e
05-12 15:23:14.949  1248  1248 D CompatConfig: Adding: com.android.server.compat.config.Change@2bd963f
05-12 15:23:14.949  1248  1248 D CompatConfig: Adding: com.android.server.compat.config.Change@23a5b0c
05-12 15:23:14.949  1248  1248 D CompatConfig: Adding: com.android.server.compat.config.Change@1de9c55
05-12 15:23:14.950  1248  1248 D CompatConfig: Adding: com.android.server.compat.config.Change@e28a66a
05-12 15:23:14.950  1248  1248 D CompatConfig: Adding: com.android.server.compat.config.Change@9ff575b
05-12 15:23:14.950  1248  1248 D CompatConfig: Adding: com.android.server.compat.config.Change@9b81bf8
05-12 15:23:14.950  1248  1248 D CompatConfig: Adding: com.android.server.compat.config.Change@5b9a8d1
05-12 15:23:14.951  1248  1279 I SystemConfig: Reading permissions from /system/etc/sysconfig/preinstalled-packages-platform-full-base.xml
05-12 15:23:14.951  1248  1248 D CompatConfig: Found a config file: /system/etc/compatconfig/framework-platform-compat-config.xml
05-12 15:23:14.952  1248  1279 I SystemConfig: Reading permissions from /system/etc/sysconfig/hiddenapi-whitelist-org.pixelexperience.faceunlock.xml
05-12 15:23:14.953  1248  1279 I SystemConfig: Reading permissions from /system/etc/sysconfig/preinstalled-packages-platform.xml
05-12 15:23:14.954  1248  1248 D CompatConfig: Adding: com.android.server.compat.config.Change@8d398c2
05-12 15:23:14.954  1248  1248 D CompatConfig: Adding: com.android.server.compat.config.Change@2af56d3
05-12 15:23:14.954  1248  1248 D CompatConfig: Adding: com.android.server.compat.config.Change@b4e7210
05-12 15:23:14.954  1248  1248 D CompatConfig: Adding: com.android.server.compat.config.Change@f87a109
05-12 15:23:14.954  1248  1248 D CompatConfig: Adding: com.android.server.compat.config.Change@5c67f0e
05-12 15:23:14.954  1248  1248 D CompatConfig: Adding: com.android.server.compat.config.Change@30e8d2f
05-12 15:23:14.954  1248  1248 D CompatConfig: Adding: com.android.server.compat.config.Change@d909f3c
05-12 15:23:14.954  1248  1248 D CompatConfig: Adding: com.android.server.compat.config.Change@b8044c5
05-12 15:23:14.954  1248  1248 D CompatConfig: Adding: com.android.server.compat.config.Change@fef7e1a
05-12 15:23:14.954  1248  1248 D CompatConfig: Adding: com.android.server.compat.config.Change@380cd4b
05-12 15:23:14.954  1248  1248 D CompatConfig: Adding: com.android.server.compat.config.Change@f667328
05-12 15:23:14.954  1248  1248 D CompatConfig: Adding: com.android.server.compat.config.Change@ea56841
05-12 15:23:14.954  1248  1248 D CompatConfig: Adding: com.android.server.compat.config.Change@57761e6
05-12 15:23:14.954  1248  1248 D CompatConfig: Adding: com.android.server.compat.config.Change@18cf327
05-12 15:23:14.954  1248  1248 D CompatConfig: Adding: com.android.server.compat.config.Change@24399d4
05-12 15:23:14.954  1248  1248 D CompatConfig: Adding: com.android.server.compat.config.Change@d9f477d
05-12 15:23:14.954  1248  1248 D CompatConfig: Adding: com.android.server.compat.config.Change@c47b672
05-12 15:23:14.954  1248  1248 D CompatConfig: Adding: com.android.server.compat.config.Change@24b9ac3
05-12 15:23:14.954  1248  1248 D CompatConfig: Adding: com.android.server.compat.config.Change@92a7f40
05-12 15:23:14.954  1248  1248 D CompatConfig: Adding: com.android.server.compat.config.Change@55dde79
05-12 15:23:14.954  1248  1248 D CompatConfig: Adding: com.android.server.compat.config.Change@d56c7be
05-12 15:23:14.954  1248  1248 D CompatConfig: Adding: com.android.server.compat.config.Change@9c3201f
05-12 15:23:14.954  1248  1248 D CompatConfig: Adding: com.android.server.compat.config.Change@2d84f6c
05-12 15:23:14.954  1248  1248 D CompatConfig: Adding: com.android.server.compat.config.Change@7d4e935
05-12 15:23:14.954  1248  1248 D CompatConfig: Adding: com.android.server.compat.config.Change@8b3a1ca
05-12 15:23:14.954  1248  1248 D CompatConfig: Adding: com.android.server.compat.config.Change@c039f3b
05-12 15:23:14.954  1248  1248 D CompatConfig: Adding: com.android.server.compat.config.Change@ab0f658
05-12 15:23:14.954  1248  1248 D CompatConfig: Adding: com.android.server.compat.config.Change@877e3b1
05-12 15:23:14.954  1248  1248 D CompatConfig: Adding: com.android.server.compat.config.Change@e521096
05-12 15:23:14.954  1248  1248 D CompatConfig: Adding: com.android.server.compat.config.Change@402f417
05-12 15:23:14.954  1248  1248 D CompatConfig: Adding: com.android.server.compat.config.Change@c6b2004
05-12 15:23:14.954  1248  1248 D CompatConfig: Adding: com.android.server.compat.config.Change@47609ed
05-12 15:23:14.954  1248  1248 D CompatConfig: Adding: com.android.server.compat.config.Change@796a022
05-12 15:23:14.954  1248  1248 D CompatConfig: Adding: com.android.server.compat.config.Change@c38bab3
05-12 15:23:14.954  1248  1248 D CompatConfig: Adding: com.android.server.compat.config.Change@67c3870
05-12 15:23:14.954  1248  1248 D CompatConfig: Adding: com.android.server.compat.config.Change@2b657e9
05-12 15:23:14.954  1248  1248 D CompatConfig: Adding: com.android.server.compat.config.Change@da29c6e
05-12 15:23:14.955  1248  1248 D CompatConfig: Adding: com.android.server.compat.config.Change@4fa4f0f
05-12 15:23:14.955  1248  1248 D CompatConfig: Adding: com.android.server.compat.config.Change@7446b9c
05-12 15:23:14.955  1248  1248 D CompatConfig: Adding: com.android.server.compat.config.Change@860117a
05-12 15:23:14.955  1248  1248 D CompatConfig: Adding: com.android.server.compat.config.Change@496cd2b
05-12 15:23:14.955  1248  1248 D CompatConfig: Adding: com.android.server.compat.config.Change@faa588
05-12 15:23:14.955  1248  1248 D CompatConfig: Adding: com.android.server.compat.config.Change@8581b21
05-12 15:23:14.955  1248  1248 D CompatConfig: Adding: com.android.server.compat.config.Change@24dcb46
05-12 15:23:14.955  1248  1248 D CompatConfig: Adding: com.android.server.compat.config.Change@d331107
05-12 15:23:14.955  1248  1248 D CompatConfig: Adding: com.android.server.compat.config.Change@589234
05-12 15:23:14.955  1248  1248 D CompatConfig: Adding: com.android.server.compat.config.Change@a7a485d
05-12 15:23:14.955  1248  1248 D CompatConfig: Adding: com.android.server.compat.config.Change@d0b55d2
05-12 15:23:14.955  1248  1248 D CompatConfig: Adding: com.android.server.compat.config.Change@465b6a3
05-12 15:23:14.955  1248  1279 I SystemConfig: Reading permissions from /system/etc/permissions/com.android.intentresolver.xml
05-12 15:23:14.955  1248  1248 D CompatConfig: Adding: com.android.server.compat.config.Change@2069da0
05-12 15:23:14.955  1248  1248 D CompatConfig: Adding: com.android.server.compat.config.Change@a980d59
05-12 15:23:14.955  1248  1248 D CompatConfig: Adding: com.android.server.compat.config.Change@2a4fd1e
05-12 15:23:14.955  1248  1248 D CompatConfig: Adding: com.android.server.compat.config.Change@89319ff
05-12 15:23:14.955  1248  1248 D CompatConfig: Adding: com.android.server.compat.config.Change@2c7f3cc
05-12 15:23:14.955  1248  1248 D CompatConfig: Adding: com.android.server.compat.config.Change@7332615
05-12 15:23:14.955  1248  1248 D CompatConfig: Adding: com.android.server.compat.config.Change@f9fcd2a
05-12 15:23:14.955  1248  1248 D CompatConfig: Adding: com.android.server.compat.config.Change@9571b
05-12 15:23:14.955  1248  1248 D CompatConfig: Adding: com.android.server.compat.config.Change@66680b8
05-12 15:23:14.955  1248  1248 D CompatConfig: Adding: com.android.server.compat.config.Change@b2d0e91
05-12 15:23:14.955  1248  1248 D CompatConfig: Adding: com.android.server.compat.config.Change@1c591f6
05-12 15:23:14.955  1248  1248 D CompatConfig: Adding: com.android.server.compat.config.Change@ddc49f7
05-12 15:23:14.955  1248  1248 D CompatConfig: Adding: com.android.server.compat.config.Change@15ef064
05-12 15:23:14.955  1248  1248 D CompatConfig: Adding: com.android.server.compat.config.Change@40302cd
05-12 15:23:14.955  1248  1248 D CompatConfig: Adding: com.android.server.compat.config.Change@7b0d782
05-12 15:23:14.955  1248  1248 D CompatConfig: Adding: com.android.server.compat.config.Change@8818e93
05-12 15:23:14.956  1248  1248 D CompatConfig: Adding: com.android.server.compat.config.Change@14caed0
05-12 15:23:14.956  1248  1248 D CompatConfig: Adding: com.android.server.compat.config.Change@fc9fec9
05-12 15:23:14.956  1248  1248 D CompatConfig: Adding: com.android.server.compat.config.Change@d18e9ce
05-12 15:23:14.956  1248  1248 D CompatConfig: Adding: com.android.server.compat.config.Change@e2c80ef
05-12 15:23:14.956  1248  1248 D CompatConfig: Adding: com.android.server.compat.config.Change@15e7fc
05-12 15:23:14.956  1248  1248 D CompatConfig: Adding: com.android.server.compat.config.Change@eeabe85
05-12 15:23:14.956  1248  1248 D CompatConfig: Adding: com.android.server.compat.config.Change@fddd4da
05-12 15:23:14.956  1248  1248 D CompatConfig: Adding: com.android.server.compat.config.Change@2ea3d0b
05-12 15:23:14.956  1248  1248 D CompatConfig: Adding: com.android.server.compat.config.Change@dd787e8
05-12 15:23:14.956  1248  1248 D CompatConfig: Adding: com.android.server.compat.config.Change@59dbe01
05-12 15:23:14.956  1248  1248 D CompatConfig: Adding: com.android.server.compat.config.Change@9d464a6
05-12 15:23:14.956  1248  1248 D CompatConfig: Adding: com.android.server.compat.config.Change@47d9ee7
05-12 15:23:14.956  1248  1248 D CompatConfig: Adding: com.android.server.compat.config.Change@d913a94
05-12 15:23:14.956  1248  1248 D CompatConfig: Adding: com.android.server.compat.config.Change@927393d
05-12 15:23:14.956  1248  1248 D CompatConfig: Adding: com.android.server.compat.config.Change@b522532
05-12 15:23:14.956  1248  1248 D CompatConfig: Adding: com.android.server.compat.config.Change@ffb4283
05-12 15:23:14.956  1248  1248 D CompatConfig: Adding: com.android.server.compat.config.Change@916c00
05-12 15:23:14.956  1248  1248 D CompatConfig: Adding: com.android.server.compat.config.Change@4d32c39
05-12 15:23:14.956  1248  1248 D CompatConfig: Adding: com.android.server.compat.config.Change@279627e
05-12 15:23:14.956  1248  1248 D CompatConfig: Adding: com.android.server.compat.config.Change@52583df
05-12 15:23:14.956  1248  1248 D CompatConfig: Adding: com.android.server.compat.config.Change@ca1482c
05-12 15:23:14.956  1248  1248 D CompatConfig: Adding: com.android.server.compat.config.Change@2b152f5
05-12 15:23:14.956  1248  1248 D CompatConfig: Adding: com.android.server.compat.config.Change@b45288a
05-12 15:23:14.956  1248  1248 D CompatConfig: Adding: com.android.server.compat.config.Change@3887efb
05-12 15:23:14.956  1248  1248 D CompatConfig: Adding: com.android.server.compat.config.Change@8f0bb18
05-12 15:23:14.956  1248  1248 D CompatConfig: Adding: com.android.server.compat.config.Change@4112971
05-12 15:23:14.956  1248  1248 D CompatConfig: Adding: com.android.server.compat.config.Change@4554356
05-12 15:23:14.956  1248  1248 D CompatConfig: Adding: com.android.server.compat.config.Change@d560fd7
05-12 15:23:14.956  1248  1248 D CompatConfig: Adding: com.android.server.compat.config.Change@dc270c4
05-12 15:23:14.956  1248  1248 D CompatConfig: Adding: com.android.server.compat.config.Change@5bdebad
05-12 15:23:14.956  1248  1248 D CompatConfig: Adding: com.android.server.compat.config.Change@47a3ee2
05-12 15:23:14.956  1248  1248 D CompatConfig: Adding: com.android.server.compat.config.Change@c01d273
05-12 15:23:14.956  1248  1248 D CompatConfig: Adding: com.android.server.compat.config.Change@2d7d530
05-12 15:23:14.956  1248  1248 D CompatConfig: Adding: com.android.server.compat.config.Change@bfa95a9
05-12 15:23:14.956  1248  1248 D CompatConfig: Adding: com.android.server.compat.config.Change@d01672e
05-12 15:23:14.957  1248  1279 I SystemConfig: Reading permissions from /system/etc/permissions/privapp-permissions-google.xml
05-12 15:23:14.957  1248  1248 D CompatConfig: Found a config file: /system/etc/compatconfig/icu4j-platform-compat-config.xml
05-12 15:23:14.958  1248  1248 D CompatConfig: Adding: com.android.server.compat.config.Change@23de365
05-12 15:23:14.958  1248  1248 D CompatConfig: Found a config file: /system/etc/compatconfig/calendar-provider-compat-config.xml
05-12 15:23:14.959  1248  1279 I SystemConfig: Reading permissions from /system/etc/permissions/org.apache.http.legacy.xml
05-12 15:23:14.959  1248  1248 D CompatConfig: Adding: com.android.server.compat.config.Change@8151a48
05-12 15:23:14.959  1248  1248 D CompatConfig: Found a config file: /system/etc/compatconfig/contacts-provider-platform-compat-config.xml
05-12 15:23:14.960  1248  1279 I SystemConfig: Reading permissions from /system/etc/permissions/android.test.mock.xml
05-12 15:23:14.960  1248  1248 D CompatConfig: Found a config file: /system/etc/compatconfig/documents-ui-compat-config.xml
05-12 15:23:14.960  1248  1248 D CompatConfig: Adding: com.android.server.compat.config.Change@58592f4
05-12 15:23:14.961  1248  1248 D CompatConfig: Found a config file: /system/etc/compatconfig/TeleService-platform-compat-config.xml
05-12 15:23:14.961  1248  1279 I SystemConfig: Reading permissions from /system/etc/permissions/privapp-permissions-platform.xml
05-12 15:23:14.962  1248  1248 D CompatConfig: Adding: com.android.server.compat.config.Change@7843e63
05-12 15:23:14.962  1248  1248 D CompatConfig: Adding: com.android.server.compat.config.Change@1e2ea60
05-12 15:23:14.962  1248  1248 D CompatConfig: Adding: com.android.server.compat.config.Change@7473b19
05-12 15:23:14.962  1248  1248 D CompatConfig: Adding: com.android.server.compat.config.Change@babf7de
05-12 15:23:14.962  1248  1248 D CompatConfig: Adding: com.android.server.compat.config.Change@1725dbf
05-12 15:23:14.962  1248  1248 D CompatConfig: Adding: com.android.server.compat.config.Change@6fc4c8c
05-12 15:23:14.963  1248  1248 D CompatConfig: Found a config file: /system/system_ext/etc/compatconfig/settings-platform-compat-config.xml
05-12 15:23:14.964  1248  1248 D CompatConfig: Adding: com.android.server.compat.config.Change@ffbb3ea
05-12 15:23:14.964  1248  1279 I SystemConfig: Reading permissions from /system/etc/permissions/android.test.runner.xml
05-12 15:23:14.966  1248  1248 D ApexManagerTiming: getActiveApexInfos_noCache
05-12 15:23:14.966  1248  1279 I SystemConfig: Reading permissions from /system/etc/permissions/javax.obex.xml
05-12 15:23:14.967  1248  1279 I SystemConfig: Reading permissions from /system/etc/permissions/com.android.media.remotedisplay.xml
05-12 15:23:14.968  1248  1279 I SystemConfig: Reading permissions from /system/etc/permissions/android.software.nfc.beam.xml
05-12 15:23:14.969  1248  1279 I SystemConfig: Reading permissions from /system/etc/permissions/com.android.future.usb.accessory.xml
05-12 15:23:14.971  1248  1279 I SystemConfig: Reading permissions from /system/etc/permissions/android.test.base.xml
05-12 15:23:14.972  1248  1279 I SystemConfig: Reading permissions from /system/etc/permissions/android.software.webview.xml
05-12 15:23:14.973  1248  1279 I SystemConfig: Reading permissions from /system/etc/permissions/com.android.mediadrm.signer.xml
05-12 15:23:14.975  1248  1279 I SystemConfig: Reading permissions from /system/etc/permissions/com.android.networkstack.xml
05-12 15:23:14.976  1248  1279 I SystemConfig: Reading permissions from /system/etc/permissions/com.android.location.provider.xml
05-12 15:23:14.977  1248  1279 I SystemConfig: Reading permissions from /system/etc/permissions/privapp_allowlist_com.android.adservices.api.xml
05-12 15:23:14.977  1248  1279 I SystemConfig: Reading permissions from /system/etc/permissions/android.hardware.biometrics.face.xml
05-12 15:23:14.978  1248  1279 I SystemConfig: Reading permissions from /system/etc/permissions/privapp_allowlist_com.android.providers.media.module.xml
05-12 15:23:14.979  1248  1279 I SystemConfig: Reading permissions from /system/etc/permissions/android.software.live_wallpaper.xml
05-12 15:23:14.980  1248  1279 I SystemConfig: Reading permissions from /system/etc/permissions/privapp-permissions-mediatek.xml
05-12 15:23:14.983  1248  1279 I SystemConfig: Reading permissions from /system/etc/permissions/privapp-permissions-org.pixelexperience.faceunlock.xml
05-12 15:23:14.984  1248  1279 I SystemConfig: Reading permissions from /system/etc/permissions/platform.xml
05-12 15:23:14.984  1248  1248 D CompatConfig: No directory /apex/com.android.adbd/etc/compatconfig, skipping
05-12 15:23:14.984  1248  1248 D CompatConfig: No directory /apex/com.android.i18n/etc/compatconfig, skipping
05-12 15:23:14.984  1248  1248 D CompatConfig: No directory /apex/com.android.cellbroadcast/etc/compatconfig, skipping
05-12 15:23:14.984  1248  1248 D CompatConfig: No directory /apex/com.android.uwb/etc/compatconfig, skipping
05-12 15:23:14.984  1248  1248 D CompatConfig: No directory /apex/com.android.vndk.v33/etc/compatconfig, skipping
05-12 15:23:14.984  1248  1248 D CompatConfig: No directory /apex/com.android.sdkext/etc/compatconfig, skipping
05-12 15:23:14.985  1248  1248 D CompatConfig: No directory /apex/com.android.media.swcodec/etc/compatconfig, skipping
05-12 15:23:14.985  1248  1248 D CompatConfig: Found a config file: /apex/com.android.mediaprovider/etc/compatconfig/media-provider-platform-compat-config.xml
05-12 15:23:14.986  1248  1248 D CompatConfig: Adding: com.android.server.compat.config.Change@72c7d1c
05-12 15:23:14.986  1248  1248 D CompatConfig: Adding: com.android.server.compat.config.Change@bb7fd25
05-12 15:23:14.986  1248  1248 D CompatConfig: Adding: com.android.server.compat.config.Change@c163efa
05-12 15:23:14.986  1248  1248 D CompatConfig: Adding: com.android.server.compat.config.Change@c052cab
05-12 15:23:14.986  1248  1248 D CompatConfig: Adding: com.android.server.compat.config.Change@9124f08
05-12 15:23:14.987  1248  1248 D CompatConfig: Adding: com.android.server.compat.config.Change@91046a1
05-12 15:23:14.987  1248  1248 D CompatConfig: Adding: com.android.server.compat.config.Change@2f950c6
05-12 15:23:14.987  1248  1279 I SystemConfig: Reading permissions from /vendor/etc/permissions/android.software.ipsec_tunnels.xml
05-12 15:23:14.988  1248  1248 D CompatConfig: No directory /apex/com.android.tzdata/etc/compatconfig, skipping
05-12 15:23:14.988  1248  1279 I SystemConfig: Reading permissions from /vendor/etc/permissions/android.hardware.sensor.stepdetector.xml
05-12 15:23:14.988  1248  1248 D CompatConfig: Found a config file: /apex/com.android.btservices/etc/compatconfig/bluetooth-compat-config.xml
05-12 15:23:14.989  1248  1279 I SystemConfig: Reading permissions from /vendor/etc/permissions/android.hardware.telephony.gsm.xml
05-12 15:23:14.989  1248  1248 D CompatConfig: Adding: com.android.server.compat.config.Change@508623
05-12 15:23:14.990  1248  1279 I SystemConfig: Reading permissions from /vendor/etc/permissions/android.hardware.camera.front.xml
05-12 15:23:14.990  1248  1248 D CompatConfig: No directory /apex/com.android.apex.cts.shim/etc/compatconfig, skipping
05-12 15:23:14.991  1248  1248 D CompatConfig: No directory /apex/com.android.ipsec/etc/compatconfig, skipping
05-12 15:23:14.991  1248  1279 I SystemConfig: Reading permissions from /vendor/etc/permissions/android.hardware.touchscreen.multitouch.xml
05-12 15:23:14.991  1248  1248 D CompatConfig: No directory /apex/com.android.conscrypt/etc/compatconfig, skipping
05-12 15:23:14.991  1248  1248 D CompatConfig: No directory /apex/com.android.resolv/etc/compatconfig, skipping
05-12 15:23:14.991  1248  1248 D CompatConfig: No directory /apex/com.android.ondevicepersonalization/etc/compatconfig, skipping
05-12 15:23:14.991  1248  1248 D CompatConfig: No directory /apex/com.android.media/etc/compatconfig, skipping
05-12 15:23:14.992  1248  1248 D CompatConfig: No directory /apex/com.android.runtime/etc/compatconfig, skipping
05-12 15:23:14.992  1248  1279 I SystemConfig: Reading permissions from /vendor/etc/permissions/android.hardware.location.gps.xml
05-12 15:23:14.992  1248  1248 D CompatConfig: No directory /apex/com.android.permission/etc/compatconfig, skipping
05-12 15:23:14.993  1248  1279 I SystemConfig: Reading permissions from /vendor/etc/permissions/android.hardware.wifi.direct.xml
05-12 15:23:14.993  1248  1248 D CompatConfig: Found a config file: /apex/com.android.tethering/etc/compatconfig/connectivity-platform-compat-config.xml
05-12 15:23:14.993  1248  1279 I SystemConfig: Reading permissions from /vendor/etc/permissions/android.hardware.sensor.proximity.xml
05-12 15:23:14.994  1248  1248 D CompatConfig: Adding: com.android.server.compat.config.Change@1fc5aaa
05-12 15:23:14.995  1248  1279 I SystemConfig: Reading permissions from /vendor/etc/permissions/android.hardware.wifi.xml
05-12 15:23:14.997  1248  1248 D CompatConfig: Found a config file: /apex/com.android.wifi/etc/compatconfig/wifi-compat-config.xml
05-12 15:23:14.997  1248  1279 I SystemConfig: Reading permissions from /vendor/etc/permissions/android.hardware.touchscreen.multitouch.distinct.xml
05-12 15:23:14.997  1248  1248 D CompatConfig: Adding: com.android.server.compat.config.Change@51d7776
05-12 15:23:14.997  1248  1248 D CompatConfig: Adding: com.android.server.compat.config.Change@3360177
05-12 15:23:14.999  1248  1248 D CompatConfig: No directory /apex/com.android.adservices/etc/compatconfig, skipping
05-12 15:23:14.999  1248  1248 D CompatConfig: No directory /apex/com.android.appsearch/etc/compatconfig, skipping
05-12 15:23:14.999  1248  1279 I SystemConfig: Reading permissions from /vendor/etc/permissions/android.hardware.camera.xml
05-12 15:23:14.999  1248  1248 D CompatConfig: No directory /apex/com.android.neuralnetworks/etc/compatconfig, skipping
05-12 15:23:14.999  1248  1248 D CompatConfig: No directory /apex/com.android.os.statsd/etc/compatconfig, skipping
05-12 15:23:14.999  1248  1248 D CompatConfig: No directory /apex/com.android.extservices/etc/compatconfig, skipping
05-12 15:23:14.999  1248  1248 D CompatConfig: No directory /apex/com.android.scheduling/etc/compatconfig, skipping
05-12 15:23:15.000  1248  1248 D CompatConfig: Found a config file: /apex/com.android.art/etc/compatconfig/libcore-platform-compat-config.xml
05-12 15:23:15.000  1248  1279 I SystemConfig: Reading permissions from /vendor/etc/permissions/android.hardware.sensor.light.xml
05-12 15:23:15.001  1248  1248 D CompatConfig: Adding: com.android.server.compat.config.Change@27f3e13
05-12 15:23:15.001  1248  1248 D CompatConfig: Adding: com.android.server.compat.config.Change@ac96850
05-12 15:23:15.001  1248  1248 D CompatConfig: Adding: com.android.server.compat.config.Change@369fa49
05-12 15:23:15.001  1248  1248 D CompatConfig: Adding: com.android.server.compat.config.Change@bd7ff4e
05-12 15:23:15.001  1248  1248 D CompatConfig: Adding: com.android.server.compat.config.Change@f15a86f
05-12 15:23:15.001  1248  1248 D CompatConfig: Adding: com.android.server.compat.config.Change@a64b97c
05-12 15:23:15.001  1248  1279 I SystemConfig: Reading permissions from /vendor/etc/permissions/handheld_core_hardware.xml
05-12 15:23:15.003  1248  1279 I SystemConfig: Reading permissions from /vendor/etc/permissions/android.hardware.opengles.aep.xml
05-12 15:23:15.004  1248  1279 I SystemConfig: Reading permissions from /vendor/etc/permissions/android.hardware.telephony.ims.xml
05-12 15:23:15.005  1248  1279 I SystemConfig: Reading permissions from /vendor/etc/permissions/android.hardware.sensor.accelerometer.xml
05-12 15:23:15.006  1248  1248 D SystemServerTiming: StartFileIntegrityService
05-12 15:23:15.006  1248  1248 I SystemServiceManager: Starting com.android.server.security.FileIntegrityService
05-12 15:23:15.006  1248  1279 I SystemConfig: Reading permissions from /vendor/etc/permissions/android.hardware.wifi.passpoint.xml
05-12 15:23:15.007  1248  1279 I SystemConfig: Reading permissions from /vendor/etc/permissions/android.hardware.vulkan.level.xml
05-12 15:23:15.008  1248  1279 I SystemConfig: Reading permissions from /vendor/etc/permissions/android.hardware.vulkan.compute.xml
05-12 15:23:15.009  1248  1279 I SystemConfig: Reading permissions from /vendor/etc/permissions/android.hardware.sensor.compass.xml
05-12 15:23:15.009  1248  1279 I SystemConfig: Reading permissions from /vendor/etc/permissions/android.hardware.camera.raw.xml
05-12 15:23:15.010  1248  1279 I SystemConfig: Reading permissions from /vendor/etc/permissions/android.software.opengles.deqp.level.xml
05-12 15:23:15.010  1248  1279 I SystemConfig: Reading permissions from /vendor/etc/permissions/android.hardware.sensor.stepcounter.xml
05-12 15:23:15.012  1248  1279 I SystemConfig: Reading permissions from /vendor/etc/permissions/android.software.vulkan.deqp.level.xml
05-12 15:23:15.012  1248  1248 D SystemServerTiming: StartInstaller
05-12 15:23:15.012  1248  1248 I SystemServiceManager: Starting com.android.server.pm.Installer
05-12 15:23:15.013  1248  1279 I SystemConfig: Reading permissions from /vendor/etc/permissions/android.software.verified_boot.xml
05-12 15:23:15.014  1248  1279 I SystemConfig: Reading permissions from /vendor/etc/permissions/android.hardware.bluetooth.xml
05-12 15:23:15.015  1248  1279 I SystemConfig: Reading permissions from /vendor/etc/permissions/android.hardware.fingerprint.xml
05-12 15:23:15.016  1248  1279 I SystemConfig: Reading permissions from /vendor/etc/permissions/android.hardware.faketouch.xml
05-12 15:23:15.017  1248  1248 D SystemServerTiming: DeviceIdentifiersPolicyService
05-12 15:23:15.017  1248  1248 I SystemServiceManager: Starting com.android.server.os.DeviceIdentifiersPolicyService
05-12 15:23:15.018  1248  1279 I SystemConfig: Reading permissions from /vendor/etc/permissions/android.hardware.usb.host.xml
05-12 15:23:15.019  1248  1248 D SystemServerTiming: UriGrantsManagerService
05-12 15:23:15.019  1248  1248 I SystemServiceManager: Starting com.android.server.uri.UriGrantsManagerService$Lifecycle
05-12 15:23:15.019  1248  1279 I SystemConfig: Reading permissions from /vendor/etc/permissions/android.hardware.bluetooth_le.xml
05-12 15:23:15.020  1248  1279 I SystemConfig: Reading permissions from /vendor/etc/permissions/android.hardware.camera.full.xml
05-12 15:23:15.021  1248  1279 I SystemConfig: Reading permissions from /vendor/etc/permissions/android.software.midi.xml
05-12 15:23:15.022  1248  1248 D SystemServerTiming: StartPowerStatsService
05-12 15:23:15.022  1248  1248 I SystemServiceManager: Starting com.android.server.powerstats.PowerStatsService
05-12 15:23:15.022  1248  1279 I SystemConfig: Reading permissions from /vendor/etc/permissions/android.hardware.touchscreen.xml
05-12 15:23:15.023  1248  1279 I SystemConfig: Reading permissions from /vendor/etc/permissions/android.hardware.sensor.gyroscope.xml
05-12 15:23:15.024  1248  1279 I SystemConfig: Reading permissions from /vendor/etc/permissions/android.hardware.vulkan.version.xml
05-12 15:23:15.025  1248  1279 I SystemConfig: Reading permissions from /vendor/etc/permissions/android.hardware.usb.accessory.xml
05-12 15:23:15.026  1248  1279 I SystemConfig: Reading permissions from /vendor/etc/permissions/android.hardware.audio.low_latency.xml
05-12 15:23:15.026  1248  1279 I SystemConfig: Reading permissions from /vendor/etc/permissions/android.hardware.camera.flash-autofocus.xml
05-12 15:23:15.027  1248  1279 I SystemConfig: Reading permissions from /vendor/etc/permissions/android.hardware.touchscreen.multitouch.jazzhand.xml
05-12 15:23:15.028  1248  1248 D SystemServerTiming: StartIStatsService
05-12 15:23:15.029  1248  1279 I SystemConfig: Reading permissions from /product/etc/sysconfig/google-hiddenapi-package-whitelist.xml
05-12 15:23:15.030  1248  1279 I SystemConfig: Reading permissions from /product/etc/sysconfig/quick_tap.xml
05-12 15:23:15.031  1248  1279 I SystemConfig: Reading permissions from /product/etc/sysconfig/pixel_experience_2018.xml
05-12 15:23:15.032  1248  1279 I SystemConfig: Adding association: com.google.android.as.oss <- com.google.android.odad
05-12 15:23:15.032  1248  1279 I SystemConfig: Adding association: com.google.android.odad <- com.google.android.as.oss
05-12 15:23:15.032  1248  1279 I SystemConfig: Reading permissions from /product/etc/sysconfig/google_build.xml
05-12 15:23:15.032  1248  1248 D SystemServerTiming: MemtrackProxyService
05-12 15:23:15.033  1248  1279 I SystemConfig: Reading permissions from /product/etc/sysconfig/nexus.xml
05-12 15:23:15.034  1248  1279 I SystemConfig: Reading permissions from /product/etc/sysconfig/google.xml
05-12 15:23:15.035  1248  1279 I SystemConfig: Adding association: com.google.android.as <- com.android.bluetooth
05-12 15:23:15.035  1248  1279 I SystemConfig: Adding association: com.google.android.as <- com.android.bluetooth.services
05-12 15:23:15.035  1248  1279 I SystemConfig: Adding association: com.google.android.as <- com.android.providers.contacts
05-12 15:23:15.035  1248  1279 I SystemConfig: Adding association: com.google.android.as <- com.android.providers.media
05-12 15:23:15.035  1248  1279 I SystemConfig: Adding association: com.google.android.as <- com.android.providers.telephony
05-12 15:23:15.035  1248  1279 I SystemConfig: Adding association: com.google.android.as <- com.android.systemui
05-12 15:23:15.035  1248  1279 I SystemConfig: Adding association: com.google.android.as <- com.google.android.bluetooth
