05-12 15:23:20.591  1248  1248 D SystemServerTiming: StartActivityManagerReadyPhase
05-12 15:23:20.591  1248  1248 I SystemServiceManager: Starting phase 550
05-12 15:23:20.591  1248  1248 D SystemServerTiming: OnBootPhase_550
05-12 15:23:20.591  1248  1248 D SystemServerTiming: OnBootPhase_550_com.android.server.security.FileIntegrityService
05-12 15:23:20.591  1248  1248 D SystemServerTiming: OnBootPhase_550_com.android.server.pm.Installer
05-12 15:23:20.591  1248  1248 D SystemServerTiming: OnBootPhase_550_com.android.server.os.DeviceIdentifiersPolicyService
05-12 15:23:20.591  1248  1248 D SystemServerTiming: OnBootPhase_550_com.android.server.uri.UriGrantsManagerService$Lifecycle
05-12 15:23:20.591  1248  1248 D SystemServerTiming: OnBootPhase_550_com.android.server.powerstats.PowerStatsService
05-12 15:23:20.591  1248  1248 D SystemServerTiming: OnBootPhase_550_com.android.server.wm.ActivityTaskManagerService$Lifecycle
05-12 15:23:20.591  1248  1248 D SystemServerTiming: OnBootPhase_550_com.android.server.am.ActivityManagerService$Lifecycle
05-12 15:23:20.591  1248  1248 D SystemServerTiming: OnBootPhase_550_com.android.server.pm.DataLoaderManagerService
05-12 15:23:20.592  1248  1248 D SystemServerTiming: OnBootPhase_550_com.android.server.power.PowerManagerService
05-12 15:23:20.592  1248  1248 D SystemServerTiming: OnBootPhase_550_com.android.server.power.ThermalManagerService
05-12 15:23:20.592  1248  1248 E ThermalHalWrapper: Thermal HAL 2.0 service not connected.
05-12 15:23:20.593  1248  1248 E ThermalHalWrapper: Thermal HAL 1.1 service not connected.
05-12 15:23:20.593  1248  1248 E ThermalHalWrapper: Thermal HAL 1.0 service not connected.
05-12 15:23:20.593  1248  1248 W ThermalManagerService: No Thermal HAL service on this device
05-12 15:23:20.593  1248  1248 D SystemServerTiming: OnBootPhase_550_com.android.server.power.hint.HintManagerService
05-12 15:23:20.594  1248  1248 D SystemServerTiming: OnBootPhase_550_com.android.server.recoverysystem.RecoverySystemService$Lifecycle
05-12 15:23:20.594  1248  1248 D SystemServerTiming: OnBootPhase_550_com.android.server.lights.LightsService
05-12 15:23:20.594  1248  1248 D SystemServerTiming: OnBootPhase_550_com.android.server.display.DisplayManagerService
05-12 15:23:20.594  1248  1248 D SystemServerTiming: OnBootPhase_550_com.android.server.pm.verify.domain.DomainVerificationService
05-12 15:23:20.594  1248  1248 D SystemServerTiming: OnBootPhase_550_com.android.server.pm.PackageInstallerService$Lifecycle
05-12 15:23:20.594  1248  1248 D SystemServerTiming: OnBootPhase_550_com.android.server.pm.UserManagerService$LifeCycle
05-12 15:23:20.594  1248  1248 D SystemServerTiming: OnBootPhase_550_com.android.server.om.OverlayManagerService
05-12 15:23:20.594  1248  1248 D SystemServerTiming: OnBootPhase_550_com.android.server.resources.ResourcesManagerService
05-12 15:23:20.594  1248  1248 D SystemServerTiming: OnBootPhase_550_com.android.server.sensorprivacy.SensorPrivacyService
05-12 15:23:20.594  1248  1248 D SystemServerTiming: OnBootPhase_550_com.android.server.sensors.SensorService
05-12 15:23:20.594  1248  1248 D SystemServerTiming: OnBootPhase_550_com.android.server.SystemConfigService
05-12 15:23:20.594  1248  1248 D SystemServerTiming: OnBootPhase_550_com.android.server.BatteryService
05-12 15:23:20.595  1248  1248 D SystemServerTiming: OnBootPhase_550_com.android.server.usage.UsageStatsService
05-12 15:23:20.595  1248  1248 D SystemServerTiming: OnBootPhase_550_com.android.server.webkit.WebViewUpdateService
05-12 15:23:20.595  1248  1248 D SystemServerTiming: OnBootPhase_550_com.android.server.CachedDeviceStateService
05-12 15:23:20.595  1248  1248 D SystemServerTiming: OnBootPhase_550_com.android.server.BinderCallsStatsService$LifeCycle
05-12 15:23:20.595  1248  1248 D SystemServerTiming: OnBootPhase_550_com.android.server.LooperStatsService$Lifecycle
05-12 15:23:20.595  1248  1248 D SystemServerTiming: OnBootPhase_550_com.android.server.rollback.RollbackManagerService
05-12 15:23:20.595  1248  1248 D SystemServerTiming: OnBootPhase_550_com.android.server.os.NativeTombstoneManagerService
05-12 15:23:20.595  1248  1248 D SystemServerTiming: OnBootPhase_550_com.android.server.os.BugreportManagerService
05-12 15:23:20.595  1248  1248 D SystemServerTiming: OnBootPhase_550_com.android.server.gpu.GpuService
05-12 15:23:20.595  1248  1248 D SystemServerTiming: OnBootPhase_550_com.android.server.security.KeyChainSystemService
05-12 15:23:20.595  1248  1248 D SystemServerTiming: OnBootPhase_550_com.android.server.BinaryTransparencyService
05-12 15:23:20.595  1248  1248 D SystemServerTiming: OnBootPhase_550_com.android.server.telecom.TelecomLoaderService
05-12 15:23:20.597  1248  1248 W ActivityManager: Too early to start/bind service in system_server: Phase=550 ComponentInfo{com.android.server.telecom/com.android.server.telecom.components.TelecomService}
05-12 15:23:20.598  1248  1248 D CompatibilityChangeReporter: Compat change id reported: 168419799; UID 1000; state: DISABLED
05-12 15:23:20.598  1248  1248 D CompatibilityChangeReporter: Compat change id reported: 273564678; UID 1000; state: DISABLED
05-12 15:23:20.598  1248  1328 E NativeTombstoneManager: Tombstone's UID (1001) not an app, ignoring
05-12 15:23:20.598  1248  1248 W ActivityManager: Too early to start/bind service in system_server: Phase=550 ComponentInfo{com.android.server.telecom/com.android.server.telecom.components.TelecomService}
05-12 15:23:20.598  1248  1248 D OomAdjuster: Not killing cached processes
05-12 15:23:20.599  1248  1248 D SystemServerTiming: OnBootPhase_550_com.android.server.accounts.AccountManagerService$Lifecycle
05-12 15:23:20.599  1248  1248 D SystemServerTiming: OnBootPhase_550_com.android.server.content.ContentService$Lifecycle
05-12 15:23:20.610  1248  1328 E NativeTombstoneManager: Tombstone's UID (1046) not an app, ignoring
05-12 15:23:20.628  1248  1328 E NativeTombstoneManager: Tombstone's UID (1046) not an app, ignoring
05-12 15:23:20.642  1248  1328 E NativeTombstoneManager: Tombstone's UID (1001) not an app, ignoring
05-12 15:23:20.642  1248  1328 I DropBoxManagerService: add tag=SYSTEM_TOMBSTONE_PROTO isTagEnabled=true flags=0x4
05-12 15:23:20.707  1248  1328 E NativeTombstoneManager: Tombstone's UID (1000) not an app, ignoring
05-12 15:23:20.719  1248  1328 E NativeTombstoneManager: Tombstone's UID (50461) not an app, ignoring
05-12 15:23:20.730  1248  1328 E NativeTombstoneManager: Tombstone's UID (1046) not an app, ignoring
05-12 15:23:20.731  1248  1328 E NativeTombstoneManager: Tombstone's UID (50461) not an app, ignoring
05-12 15:23:20.731  1248  1328 E NativeTombstoneManager: Tombstone's UID (1046) not an app, ignoring
05-12 15:23:20.732  1248  1328 E NativeTombstoneManager: Tombstone's UID (1000) not an app, ignoring
05-12 15:23:20.733  1248  1328 E NativeTombstoneManager: Tombstone's UID (1046) not an app, ignoring
05-12 15:23:20.734  1248  1328 E NativeTombstoneManager: Tombstone's UID (1046) not an app, ignoring
05-12 15:23:20.734  1248  1328 E NativeTombstoneManager: Tombstone's UID (1000) not an app, ignoring
05-12 15:23:20.735  1248  1328 E NativeTombstoneManager: Tombstone's UID (1046) not an app, ignoring
05-12 15:23:20.736  1248  1328 E NativeTombstoneManager: Tombstone's UID (1046) not an app, ignoring
05-12 15:23:20.737  1248  1328 E NativeTombstoneManager: Tombstone's UID (1000) not an app, ignoring
05-12 15:23:20.738  1248  1328 E NativeTombstoneManager: Tombstone's UID (50461) not an app, ignoring
05-12 15:23:20.738  1248  1328 E NativeTombstoneManager: Tombstone's UID (1046) not an app, ignoring
05-12 15:23:20.739  1248  1328 E NativeTombstoneManager: Tombstone's UID (1046) not an app, ignoring
05-12 15:23:20.744  1248  1328 E NativeTombstoneManager: Tombstone's UID (1000) not an app, ignoring
05-12 15:23:20.745  1248  1328 E NativeTombstoneManager: Tombstone's UID (1046) not an app, ignoring
05-12 15:23:20.745  1248  1328 E NativeTombstoneManager: Tombstone's UID (50461) not an app, ignoring
05-12 15:23:20.745  1248  1328 E NativeTombstoneManager: Tombstone's UID (1046) not an app, ignoring
05-12 15:23:20.753  1248  1328 E NativeTombstoneManager: Tombstone's UID (1046) not an app, ignoring
05-12 15:23:20.753  1248  1328 E NativeTombstoneManager: Tombstone's UID (1000) not an app, ignoring
05-12 15:23:20.754  1248  1328 E NativeTombstoneManager: Tombstone's UID (1001) not an app, ignoring
05-12 15:23:20.756  1248  1328 E NativeTombstoneManager: Tombstone's UID (1046) not an app, ignoring
05-12 15:23:20.758  1248  1328 E NativeTombstoneManager: Tombstone's UID (1046) not an app, ignoring
05-12 15:23:20.758  1248  1328 E NativeTombstoneManager: Tombstone's UID (1046) not an app, ignoring
05-12 15:23:20.760  1248  1328 E NativeTombstoneManager: Tombstone's UID (1001) not an app, ignoring
05-12 15:23:20.761  1248  1328 E NativeTombstoneManager: Tombstone's UID (1046) not an app, ignoring
05-12 15:23:20.761  1248  1328 E NativeTombstoneManager: Tombstone's UID (1046) not an app, ignoring
05-12 15:23:20.763  1248  1328 E NativeTombstoneManager: Tombstone's UID (1000) not an app, ignoring
05-12 15:23:20.766  1248  1328 E NativeTombstoneManager: Tombstone's UID (1000) not an app, ignoring
05-12 15:23:20.776  1248  1328 E NativeTombstoneManager: Tombstone's UID (1046) not an app, ignoring
05-12 15:23:20.776  1248  1328 E NativeTombstoneManager: Tombstone's UID (1046) not an app, ignoring
05-12 15:23:20.776  1248  1328 E NativeTombstoneManager: Tombstone's UID (50461) not an app, ignoring
05-12 15:23:20.780  1248  1328 E NativeTombstoneManager: Tombstone's UID (50461) not an app, ignoring
05-12 15:23:20.780  1248  1328 E NativeTombstoneManager: Tombstone's UID (1000) not an app, ignoring
05-12 15:23:20.786  1248  1328 E NativeTombstoneManager: Tombstone's UID (1046) not an app, ignoring
05-12 15:23:20.787  1248  1328 E NativeTombstoneManager: Tombstone's UID (1046) not an app, ignoring
05-12 15:23:20.790  1248  1328 E NativeTombstoneManager: Tombstone's UID (1046) not an app, ignoring
05-12 15:23:20.790  1248  1328 E NativeTombstoneManager: Tombstone's UID (1000) not an app, ignoring
05-12 15:23:20.791  1248  1328 E NativeTombstoneManager: Tombstone's UID (1046) not an app, ignoring
05-12 15:23:20.794  1248  1328 E NativeTombstoneManager: Tombstone's UID (1046) not an app, ignoring
05-12 15:23:20.798  1248  1328 E NativeTombstoneManager: Tombstone's UID (1046) not an app, ignoring
05-12 15:23:20.798  1248  1328 E NativeTombstoneManager: Tombstone's UID (1046) not an app, ignoring
05-12 15:23:20.798  1248  1328 E NativeTombstoneManager: Tombstone's UID (1001) not an app, ignoring
05-12 15:23:20.798  1248  1328 E NativeTombstoneManager: Tombstone's UID (1046) not an app, ignoring
05-12 15:23:20.799  1248  1328 E NativeTombstoneManager: Tombstone's UID (1046) not an app, ignoring
05-12 15:23:20.800  1248  1328 E NativeTombstoneManager: Tombstone's UID (1046) not an app, ignoring
05-12 15:23:20.801  1248  1328 E NativeTombstoneManager: Tombstone's UID (1046) not an app, ignoring
05-12 15:23:20.807  1248  1328 E NativeTombstoneManager: Tombstone's UID (1046) not an app, ignoring
05-12 15:23:20.807  1248  1328 E NativeTombstoneManager: Tombstone's UID (1046) not an app, ignoring
05-12 15:23:20.808  1248  1328 E NativeTombstoneManager: Tombstone's UID (1046) not an app, ignoring
05-12 15:23:20.810  1248  1272 I UsbPortManager: USB HAL HIDL version: 11
05-12 15:23:20.812  1248  1328 E NativeTombstoneManager: Tombstone's UID (1046) not an app, ignoring
05-12 15:23:20.813  1248  1328 E NativeTombstoneManager: Tombstone's UID (1001) not an app, ignoring
05-12 15:23:20.816  1248  1328 E NativeTombstoneManager: Tombstone's UID (1046) not an app, ignoring
05-12 15:23:20.822  1248  1328 E NativeTombstoneManager: Tombstone's UID (1046) not an app, ignoring
05-12 15:23:20.822  1248  1328 E NativeTombstoneManager: Tombstone's UID (1000) not an app, ignoring
05-12 15:23:20.822  1248  1328 E NativeTombstoneManager: Tombstone's UID (1046) not an app, ignoring
05-12 15:23:20.825  1248  1328 E NativeTombstoneManager: Tombstone's UID (1046) not an app, ignoring
05-12 15:23:20.829  1248  1328 E NativeTombstoneManager: Tombstone's UID (1000) not an app, ignoring
05-12 15:23:20.829  1248  1328 E NativeTombstoneManager: Tombstone's UID (1046) not an app, ignoring
05-12 15:23:20.832  1248  1328 E NativeTombstoneManager: Tombstone's UID (1046) not an app, ignoring
05-12 15:23:20.834  1248  1328 E NativeTombstoneManager: Tombstone's UID (1046) not an app, ignoring
05-12 15:23:20.834  1248  1328 E NativeTombstoneManager: Tombstone's UID (1046) not an app, ignoring
05-12 15:23:20.834  1248  1328 E NativeTombstoneManager: Tombstone's UID (1046) not an app, ignoring
05-12 15:23:20.838  1248  1328 E NativeTombstoneManager: Tombstone's UID (50461) not an app, ignoring
05-12 15:23:20.838  1248  1328 E NativeTombstoneManager: Tombstone's UID (50461) not an app, ignoring
05-12 15:23:20.838  1248  1328 E NativeTombstoneManager: Tombstone's UID (1001) not an app, ignoring
05-12 15:23:20.839  1248  1328 E NativeTombstoneManager: Tombstone's UID (1001) not an app, ignoring
05-12 15:23:20.839  1248  1328 E NativeTombstoneManager: Tombstone's UID (1001) not an app, ignoring
05-12 15:23:20.839  1248  1328 E NativeTombstoneManager: Tombstone's UID (1046) not an app, ignoring
05-12 15:23:20.839  1248  1328 E NativeTombstoneManager: Tombstone's UID (1000) not an app, ignoring
05-12 15:23:20.839  1248  1328 E NativeTombstoneManager: Tombstone's UID (1001) not an app, ignoring
05-12 15:23:20.840  1248  1328 E NativeTombstoneManager: Tombstone's UID (1000) not an app, ignoring
05-12 15:23:20.840  1248  1328 E NativeTombstoneManager: Tombstone's UID (1046) not an app, ignoring
05-12 15:23:20.840  1248  1328 E NativeTombstoneManager: Tombstone's UID (1046) not an app, ignoring
05-12 15:23:20.840  1248  1328 E NativeTombstoneManager: Tombstone's UID (1000) not an app, ignoring
05-12 15:23:20.841  1248  1328 E NativeTombstoneManager: Tombstone's UID (50461) not an app, ignoring
05-12 15:23:20.841  1248  1328 E NativeTombstoneManager: Tombstone's UID (50461) not an app, ignoring
05-12 15:23:20.841  1248  1328 E NativeTombstoneManager: Tombstone's UID (1046) not an app, ignoring
05-12 15:23:20.841  1248  1328 E NativeTombstoneManager: Tombstone's UID (1046) not an app, ignoring
05-12 15:23:20.842  1248  1328 E NativeTombstoneManager: Tombstone's UID (1046) not an app, ignoring
05-12 15:23:20.842  1248  1328 E NativeTombstoneManager: Tombstone's UID (1000) not an app, ignoring
05-12 15:23:20.858  1248  1248 W SystemServiceManager: Service com.android.server.content.ContentService$Lifecycle took 259 ms in onBootPhase
05-12 15:23:20.858  1248  1248 D SystemServerTiming: OnBootPhase_550_com.android.server.DropBoxManagerService
05-12 15:23:20.858  1248  1248 D SystemServerTiming: OnBootPhase_550_com.android.role.RoleService
05-12 15:23:20.858  1248  1248 D SystemServerTiming: OnBootPhase_550_com.android.server.vibrator.VibratorManagerService$Lifecycle
05-12 15:23:20.858  1248  1248 D SystemServerTiming: OnBootPhase_550_com.android.server.tare.InternalResourceService
05-12 15:23:20.858  1248  1248 D SystemServerTiming: OnBootPhase_550_com.android.server.alarm.AlarmManagerService
05-12 15:23:20.858  1248  1248 D SystemServerTiming: OnBootPhase_550_com.android.server.devicestate.DeviceStateManagerService
05-12 15:23:20.858  1248  1248 D SystemServerTiming: OnBootPhase_550_com.android.server.camera.CameraServiceProxy
05-12 15:23:20.858  1248  1248 D SystemServerTiming: OnBootPhase_550_com.android.server.bluetooth.BluetoothService
05-12 15:23:20.858  1248  1248 D SystemServerTiming: OnBootPhase_550_com.android.server.connectivity.IpConnectivityMetrics
05-12 15:23:20.858  1248  1248 D SystemServerTiming: OnBootPhase_550_com.android.server.net.watchlist.NetworkWatchlistService$Lifecycle
05-12 15:23:20.859  1248  1248 D SystemServerTiming: OnBootPhase_550_com.android.server.PinnerService
05-12 15:23:20.859  1248  1248 D SystemServerTiming: OnBootPhase_550_com.android.server.integrity.AppIntegrityManagerService
05-12 15:23:20.859  1248  1248 D SystemServerTiming: OnBootPhase_550_com.android.server.logcat.LogcatManagerService
05-12 15:23:20.859  1248  1248 D SystemServerTiming: OnBootPhase_550_com.android.server.derp.LineageGlobalActionsService
05-12 15:23:20.859  1248  1248 D SystemServerTiming: OnBootPhase_550_com.android.server.inputmethod.InputMethodManagerService$Lifecycle
05-12 15:23:20.861  1248  1354 D SystemServerTimingAsync: InitThreadPoolExec:Lazily initialize IMMS#mImeDrawsImeNavBarRes
05-12 15:23:20.929  1248  1248 W InputMethodUtils: getApplicationInfo failed. packageName=com.google.android.apps.inputmethod.hindi userId=0
05-12 15:23:20.929  1248  1248 W InputMethodUtils: android.content.pm.PackageManager$NameNotFoundException: com.google.android.apps.inputmethod.hindi
05-12 15:23:20.929  1248  1248 W InputMethodUtils: 	at android.app.ApplicationPackageManager.getApplicationInfoAsUser(ApplicationPackageManager.java:504)
05-12 15:23:20.929  1248  1248 W InputMethodUtils: 	at android.app.ApplicationPackageManager.getApplicationInfo(ApplicationPackageManager.java:487)
05-12 15:23:20.929  1248  1248 W InputMethodUtils: 	at com.android.server.inputmethod.InputMethodUtils.setNonSelectedSystemImesDisabledUntilUsed(InputMethodUtils.java:706)
05-12 15:23:20.929  1248  1248 W InputMethodUtils: 	at com.android.server.inputmethod.InputMethodManagerService.systemRunning(InputMethodManagerService.java:2075)
05-12 15:23:20.929  1248  1248 W InputMethodUtils: 	at com.android.server.inputmethod.InputMethodManagerService$Lifecycle.onBootPhase(InputMethodManagerService.java:1716)
05-12 15:23:20.929  1248  1248 W InputMethodUtils: 	at com.android.server.SystemServiceManager.startBootPhase(SystemServiceManager.java:294)
05-12 15:23:20.929  1248  1248 W InputMethodUtils: 	at com.android.server.SystemServer.lambda$startOtherServices$5(SystemServer.java:2874)
05-12 15:23:20.929  1248  1248 W InputMethodUtils: 	at com.android.server.SystemServer.$r8$lambda$cHpru_0zTEigJU4rvGBr8u7hU4w(Unknown Source:0)
05-12 15:23:20.929  1248  1248 W InputMethodUtils: 	at com.android.server.SystemServer$$ExternalSyntheticLambda5.run(Unknown Source:28)
05-12 15:23:20.929  1248  1248 W InputMethodUtils: 	at com.android.server.am.ActivityManagerService.systemReady(ActivityManagerService.java:8300)
05-12 15:23:20.929  1248  1248 W InputMethodUtils: 	at com.android.server.SystemServer.startOtherServices(SystemServer.java:2871)
05-12 15:23:20.929  1248  1248 W InputMethodUtils: 	at com.android.server.SystemServer.run(SystemServer.java:961)
05-12 15:23:20.929  1248  1248 W InputMethodUtils: 	at com.android.server.SystemServer.main(SystemServer.java:667)
05-12 15:23:20.929  1248  1248 W InputMethodUtils: 	at java.lang.reflect.Method.invoke(Native Method)
05-12 15:23:20.929  1248  1248 W InputMethodUtils: 	at com.android.internal.os.RuntimeInit$MethodAndArgsCaller.run(RuntimeInit.java:548)
05-12 15:23:20.929  1248  1248 W InputMethodUtils: 	at com.android.internal.os.ZygoteInit.main(ZygoteInit.java:920)
05-12 15:23:20.930  1248  1248 W InputMethodUtils: getApplicationInfo failed. packageName=com.google.android.inputmethod.japanese userId=0
05-12 15:23:20.930  1248  1248 W InputMethodUtils: android.content.pm.PackageManager$NameNotFoundException: com.google.android.inputmethod.japanese
05-12 15:23:20.930  1248  1248 W InputMethodUtils: 	at android.app.ApplicationPackageManager.getApplicationInfoAsUser(ApplicationPackageManager.java:504)
05-12 15:23:20.930  1248  1248 W InputMethodUtils: 	at android.app.ApplicationPackageManager.getApplicationInfo(ApplicationPackageManager.java:487)
05-12 15:23:20.930  1248  1248 W InputMethodUtils: 	at com.android.server.inputmethod.InputMethodUtils.setNonSelectedSystemImesDisabledUntilUsed(InputMethodUtils.java:706)
05-12 15:23:20.930  1248  1248 W InputMethodUtils: 	at com.android.server.inputmethod.InputMethodManagerService.systemRunning(InputMethodManagerService.java:2075)
05-12 15:23:20.930  1248  1248 W InputMethodUtils: 	at com.android.server.inputmethod.InputMethodManagerService$Lifecycle.onBootPhase(InputMethodManagerService.java:1716)
05-12 15:23:20.930  1248  1248 W InputMethodUtils: 	at com.android.server.SystemServiceManager.startBootPhase(SystemServiceManager.java:294)
05-12 15:23:20.930  1248  1248 W InputMethodUtils: 	at com.android.server.SystemServer.lambda$startOtherServices$5(SystemServer.java:2874)
05-12 15:23:20.930  1248  1248 W InputMethodUtils: 	at com.android.server.SystemServer.$r8$lambda$cHpru_0zTEigJU4rvGBr8u7hU4w(Unknown Source:0)
05-12 15:23:20.930  1248  1248 W InputMethodUtils: 	at com.android.server.SystemServer$$ExternalSyntheticLambda5.run(Unknown Source:28)
05-12 15:23:20.930  1248  1248 W InputMethodUtils: 	at com.android.server.am.ActivityManagerService.systemReady(ActivityManagerService.java:8300)
05-12 15:23:20.930  1248  1248 W InputMethodUtils: 	at com.android.server.SystemServer.startOtherServices(SystemServer.java:2871)
05-12 15:23:20.930  1248  1248 W InputMethodUtils: 	at com.android.server.SystemServer.run(SystemServer.java:961)
05-12 15:23:20.930  1248  1248 W InputMethodUtils: 	at com.android.server.SystemServer.main(SystemServer.java:667)
05-12 15:23:20.930  1248  1248 W InputMethodUtils: 	at java.lang.reflect.Method.invoke(Native Method)
05-12 15:23:20.930  1248  1248 W InputMethodUtils: 	at com.android.internal.os.RuntimeInit$MethodAndArgsCaller.run(RuntimeInit.java:548)
05-12 15:23:20.930  1248  1248 W InputMethodUtils: 	at com.android.internal.os.ZygoteInit.main(ZygoteInit.java:920)
05-12 15:23:20.930  1248  1248 W InputMethodUtils: getApplicationInfo failed. packageName=com.google.android.inputmethod.korean userId=0
05-12 15:23:20.930  1248  1248 W InputMethodUtils: android.content.pm.PackageManager$NameNotFoundException: com.google.android.inputmethod.korean
05-12 15:23:20.930  1248  1248 W InputMethodUtils: 	at android.app.ApplicationPackageManager.getApplicationInfoAsUser(ApplicationPackageManager.java:504)
05-12 15:23:20.930  1248  1248 W InputMethodUtils: 	at android.app.ApplicationPackageManager.getApplicationInfo(ApplicationPackageManager.java:487)
05-12 15:23:20.930  1248  1248 W InputMethodUtils: 	at com.android.server.inputmethod.InputMethodUtils.setNonSelectedSystemImesDisabledUntilUsed(InputMethodUtils.java:706)
05-12 15:23:20.930  1248  1248 W InputMethodUtils: 	at com.android.server.inputmethod.InputMethodManagerService.systemRunning(InputMethodManagerService.java:2075)
05-12 15:23:20.930  1248  1248 W InputMethodUtils: 	at com.android.server.inputmethod.InputMethodManagerService$Lifecycle.onBootPhase(InputMethodManagerService.java:1716)
05-12 15:23:20.930  1248  1248 W InputMethodUtils: 	at com.android.server.SystemServiceManager.startBootPhase(SystemServiceManager.java:294)
05-12 15:23:20.930  1248  1248 W InputMethodUtils: 	at com.android.server.SystemServer.lambda$startOtherServices$5(SystemServer.java:2874)
05-12 15:23:20.930  1248  1248 W InputMethodUtils: 	at com.android.server.SystemServer.$r8$lambda$cHpru_0zTEigJU4rvGBr8u7hU4w(Unknown Source:0)
05-12 15:23:20.930  1248  1248 W InputMethodUtils: 	at com.android.server.SystemServer$$ExternalSyntheticLambda5.run(Unknown Source:28)
05-12 15:23:20.930  1248  1248 W InputMethodUtils: 	at com.android.server.am.ActivityManagerService.systemReady(ActivityManagerService.java:8300)
05-12 15:23:20.930  1248  1248 W InputMethodUtils: 	at com.android.server.SystemServer.startOtherServices(SystemServer.java:2871)
05-12 15:23:20.930  1248  1248 W InputMethodUtils: 	at com.android.server.SystemServer.run(SystemServer.java:961)
05-12 15:23:20.930  1248  1248 W InputMethodUtils: 	at com.android.server.SystemServer.main(SystemServer.java:667)
05-12 15:23:20.930  1248  1248 W InputMethodUtils: 	at java.lang.reflect.Method.invoke(Native Method)
05-12 15:23:20.930  1248  1248 W InputMethodUtils: 	at com.android.internal.os.RuntimeInit$MethodAndArgsCaller.run(RuntimeInit.java:548)
05-12 15:23:20.930  1248  1248 W InputMethodUtils: 	at com.android.internal.os.ZygoteInit.main(ZygoteInit.java:920)
05-12 15:23:20.930  1248  1248 W InputMethodUtils: getApplicationInfo failed. packageName=com.google.android.inputmethod.pinyin userId=0
05-12 15:23:20.930  1248  1248 W InputMethodUtils: android.content.pm.PackageManager$NameNotFoundException: com.google.android.inputmethod.pinyin
05-12 15:23:20.930  1248  1248 W InputMethodUtils: 	at android.app.ApplicationPackageManager.getApplicationInfoAsUser(ApplicationPackageManager.java:504)
05-12 15:23:20.930  1248  1248 W InputMethodUtils: 	at android.app.ApplicationPackageManager.getApplicationInfo(ApplicationPackageManager.java:487)
05-12 15:23:20.930  1248  1248 W InputMethodUtils: 	at com.android.server.inputmethod.InputMethodUtils.setNonSelectedSystemImesDisabledUntilUsed(InputMethodUtils.java:706)
05-12 15:23:20.930  1248  1248 W InputMethodUtils: 	at com.android.server.inputmethod.InputMethodManagerService.systemRunning(InputMethodManagerService.java:2075)
05-12 15:23:20.930  1248  1248 W InputMethodUtils: 	at com.android.server.inputmethod.InputMethodManagerService$Lifecycle.onBootPhase(InputMethodManagerService.java:1716)
05-12 15:23:20.930  1248  1248 W InputMethodUtils: 	at com.android.server.SystemServiceManager.startBootPhase(SystemServiceManager.java:294)
05-12 15:23:20.930  1248  1248 W InputMethodUtils: 	at com.android.server.SystemServer.lambda$startOtherServices$5(SystemServer.java:2874)
05-12 15:23:20.930  1248  1248 W InputMethodUtils: 	at com.android.server.SystemServer.$r8$lambda$cHpru_0zTEigJU4rvGBr8u7hU4w(Unknown Source:0)
05-12 15:23:20.930  1248  1248 W InputMethodUtils: 	at com.android.server.SystemServer$$ExternalSyntheticLambda5.run(Unknown Source:28)
05-12 15:23:20.930  1248  1248 W InputMethodUtils: 	at com.android.server.am.ActivityManagerService.systemReady(ActivityManagerService.java:8300)
05-12 15:23:20.930  1248  1248 W InputMethodUtils: 	at com.android.server.SystemServer.startOtherServices(SystemServer.java:2871)
05-12 15:23:20.930  1248  1248 W InputMethodUtils: 	at com.android.server.SystemServer.run(SystemServer.java:961)
05-12 15:23:20.930  1248  1248 W InputMethodUtils: 	at com.android.server.SystemServer.main(SystemServer.java:667)
05-12 15:23:20.930  1248  1248 W InputMethodUtils: 	at java.lang.reflect.Method.invoke(Native Method)
05-12 15:23:20.930  1248  1248 W InputMethodUtils: 	at com.android.internal.os.RuntimeInit$MethodAndArgsCaller.run(RuntimeInit.java:548)
05-12 15:23:20.930  1248  1248 W InputMethodUtils: 	at com.android.internal.os.ZygoteInit.main(ZygoteInit.java:920)
05-12 15:23:20.930  1248  1248 W InputMethodUtils: getApplicationInfo failed. packageName=jp.co.omronsoft.iwnnime.ml userId=0
05-12 15:23:20.930  1248  1248 W InputMethodUtils: android.content.pm.PackageManager$NameNotFoundException: jp.co.omronsoft.iwnnime.ml
05-12 15:23:20.930  1248  1248 W InputMethodUtils: 	at android.app.ApplicationPackageManager.getApplicationInfoAsUser(ApplicationPackageManager.java:504)
05-12 15:23:20.930  1248  1248 W InputMethodUtils: 	at android.app.ApplicationPackageManager.getApplicationInfo(ApplicationPackageManager.java:487)
05-12 15:23:20.930  1248  1248 W InputMethodUtils: 	at com.android.server.inputmethod.InputMethodUtils.setNonSelectedSystemImesDisabledUntilUsed(InputMethodUtils.java:706)
05-12 15:23:20.930  1248  1248 W InputMethodUtils: 	at com.android.server.inputmethod.InputMethodManagerService.systemRunning(InputMethodManagerService.java:2075)
05-12 15:23:20.930  1248  1248 W InputMethodUtils: 	at com.android.server.inputmethod.InputMethodManagerService$Lifecycle.onBootPhase(InputMethodManagerService.java:1716)
05-12 15:23:20.930  1248  1248 W InputMethodUtils: 	at com.android.server.SystemServiceManager.startBootPhase(SystemServiceManager.java:294)
05-12 15:23:20.930  1248  1248 W InputMethodUtils: 	at com.android.server.SystemServer.lambda$startOtherServices$5(SystemServer.java:2874)
05-12 15:23:20.930  1248  1248 W InputMethodUtils: 	at com.android.server.SystemServer.$r8$lambda$cHpru_0zTEigJU4rvGBr8u7hU4w(Unknown Source:0)
05-12 15:23:20.930  1248  1248 W InputMethodUtils: 	at com.android.server.SystemServer$$ExternalSyntheticLambda5.run(Unknown Source:28)
05-12 15:23:20.930  1248  1248 W InputMethodUtils: 	at com.android.server.am.ActivityManagerService.systemReady(ActivityManagerService.java:8300)
05-12 15:23:20.930  1248  1248 W InputMethodUtils: 	at com.android.server.SystemServer.startOtherServices(SystemServer.java:2871)
05-12 15:23:20.930  1248  1248 W InputMethodUtils: 	at com.android.server.SystemServer.run(SystemServer.java:961)
05-12 15:23:20.930  1248  1248 W InputMethodUtils: 	at com.android.server.SystemServer.main(SystemServer.java:667)
05-12 15:23:20.930  1248  1248 W InputMethodUtils: 	at java.lang.reflect.Method.invoke(Native Method)
05-12 15:23:20.930  1248  1248 W InputMethodUtils: 	at com.android.internal.os.RuntimeInit$MethodAndArgsCaller.run(RuntimeInit.java:548)
05-12 15:23:20.930  1248  1248 W InputMethodUtils: 	at com.android.internal.os.ZygoteInit.main(ZygoteInit.java:920)
05-12 15:23:20.930  1248  1248 W InputMethodUtils: getApplicationInfo failed. packageName=com.nuance.xt9.input userId=0
05-12 15:23:20.930  1248  1248 W InputMethodUtils: android.content.pm.PackageManager$NameNotFoundException: com.nuance.xt9.input
05-12 15:23:20.930  1248  1248 W InputMethodUtils: 	at android.app.ApplicationPackageManager.getApplicationInfoAsUser(ApplicationPackageManager.java:504)
05-12 15:23:20.930  1248  1248 W InputMethodUtils: 	at android.app.ApplicationPackageManager.getApplicationInfo(ApplicationPackageManager.java:487)
05-12 15:23:20.930  1248  1248 W InputMethodUtils: 	at com.android.server.inputmethod.InputMethodUtils.setNonSelectedSystemImesDisabledUntilUsed(InputMethodUtils.java:706)
05-12 15:23:20.930  1248  1248 W InputMethodUtils: 	at com.android.server.inputmethod.InputMethodManagerService.systemRunning(InputMethodManagerService.java:2075)
05-12 15:23:20.930  1248  1248 W InputMethodUtils: 	at com.android.server.inputmethod.InputMethodManagerService$Lifecycle.onBootPhase(InputMethodManagerService.java:1716)
05-12 15:23:20.930  1248  1248 W InputMethodUtils: 	at com.android.server.SystemServiceManager.startBootPhase(SystemServiceManager.java:294)
05-12 15:23:20.930  1248  1248 W InputMethodUtils: 	at com.android.server.SystemServer.lambda$startOtherServices$5(SystemServer.java:2874)
05-12 15:23:20.930  1248  1248 W InputMethodUtils: 	at com.android.server.SystemServer.$r8$lambda$cHpru_0zTEigJU4rvGBr8u7hU4w(Unknown Source:0)
05-12 15:23:20.930  1248  1248 W InputMethodUtils: 	at com.android.server.SystemServer$$ExternalSyntheticLambda5.run(Unknown Source:28)
05-12 15:23:20.930  1248  1248 W InputMethodUtils: 	at com.android.server.am.ActivityManagerService.systemReady(ActivityManagerService.java:8300)
05-12 15:23:20.930  1248  1248 W InputMethodUtils: 	at com.android.server.SystemServer.startOtherServices(SystemServer.java:2871)
05-12 15:23:20.930  1248  1248 W InputMethodUtils: 	at com.android.server.SystemServer.run(SystemServer.java:961)
05-12 15:23:20.930  1248  1248 W InputMethodUtils: 	at com.android.server.SystemServer.main(SystemServer.java:667)
05-12 15:23:20.930  1248  1248 W InputMethodUtils: 	at java.lang.reflect.Method.invoke(Native Method)
05-12 15:23:20.930  1248  1248 W InputMethodUtils: 	at com.android.internal.os.RuntimeInit$MethodAndArgsCaller.run(RuntimeInit.java:548)
05-12 15:23:20.930  1248  1248 W InputMethodUtils: 	at com.android.internal.os.ZygoteInit.main(ZygoteInit.java:920)
05-12 15:23:20.930  1248  1248 W SystemServiceManager: Service com.android.server.inputmethod.InputMethodManagerService$Lifecycle took 71 ms in onBootPhase
05-12 15:23:20.930  1248  1248 D SystemServerTiming: OnBootPhase_550_com.android.server.accessibility.AccessibilityManagerService$Lifecycle
05-12 15:23:20.930  1248  1248 D SystemServerTiming: OnBootPhase_550_com.android.server.StorageManagerService$Lifecycle
05-12 15:23:20.931  1248  1248 D SystemServerTiming: OnBootPhase_550_com.android.server.usage.StorageStatsService$Lifecycle
05-12 15:23:20.931  1248  1248 D SystemServerTiming: OnBootPhase_550_com.android.server.UiModeManagerService
05-12 15:23:20.931  1248  1248 D SystemServerTiming: OnBootPhase_550_com.android.server.locales.LocaleManagerService
05-12 15:23:20.931  1248  1248 D SystemServerTiming: OnBootPhase_550_com.android.server.locksettings.LockSettingsService$Lifecycle
05-12 15:23:20.932  1248  1248 I RebootEscrowManager: No reboot escrow data found for users, skipping loading escrow data
05-12 15:23:20.935  1248  1248 D SystemServerTiming: OnBootPhase_550_com.android.server.PersistentDataBlockService
05-12 15:23:20.935  1248  1248 D SystemServerTiming: OnBootPhase_550_com.android.server.testharness.TestHarnessModeService
05-12 15:23:20.935  1248  1248 D SystemServerTiming: OnBootPhase_550_com.android.server.oemlock.OemLockService
05-12 15:23:20.935  1248  1248 D SystemServerTiming: OnBootPhase_550_com.android.server.DeviceIdleController
05-12 15:23:20.936  1248  1248 D SystemServerTiming: OnBootPhase_550_com.android.server.devicepolicy.DevicePolicyManagerService$Lifecycle
05-12 15:23:20.936  1248  1248 D SystemServerTiming: OnBootPhase_550_com.android.server.musicrecognition.MusicRecognitionManagerService
05-12 15:23:20.936  1248  1248 D SystemServerTiming: OnBootPhase_550_com.android.server.contentcapture.ContentCaptureManagerService
05-12 15:23:20.936  1248  1248 D SystemServerTiming: OnBootPhase_550_com.android.server.attention.AttentionManagerService
05-12 15:23:20.936  1248  1248 D SystemServerTiming: OnBootPhase_550_com.android.server.rotationresolver.RotationResolverManagerService
05-12 15:23:20.936  1248  1248 D SystemServerTiming: OnBootPhase_550_com.android.server.systemcaptions.SystemCaptionsManagerService
05-12 15:23:20.936  1248  1248 D SystemServerTiming: OnBootPhase_550_com.android.server.texttospeech.TextToSpeechManagerService
05-12 15:23:20.936  1248  1248 D SystemServerTiming: OnBootPhase_550_com.android.server.ambientcontext.AmbientContextManagerService
05-12 15:23:20.936  1248  1248 D SystemServerTiming: OnBootPhase_550_com.android.server.speech.SpeechRecognitionManagerService
05-12 15:23:20.936  1248  1248 D SystemServerTiming: OnBootPhase_550_com.android.server.appprediction.AppPredictionManagerService
05-12 15:23:20.936  1248  1248 D SystemServerTiming: OnBootPhase_550_com.android.server.contentsuggestions.ContentSuggestionsManagerService
05-12 15:23:20.936  1248  1248 D SystemServerTiming: OnBootPhase_550_com.android.server.searchui.SearchUiManagerService
05-12 15:23:20.936  1248  1248 D SystemServerTiming: OnBootPhase_550_com.android.server.smartspace.SmartspaceManagerService
05-12 15:23:20.936  1248  1248 D SystemServerTiming: OnBootPhase_550_com.android.server.graphics.fonts.FontManagerService$Lifecycle
05-12 15:23:20.936  1248  1248 D SystemServerTiming: OnBootPhase_550_com.android.server.textservices.TextServicesManagerService$Lifecycle
05-12 15:23:20.936  1248  1248 D SystemServerTiming: OnBootPhase_550_com.android.server.textclassifier.TextClassificationManagerService$Lifecycle
05-12 15:23:20.936  1248  1248 D SystemServerTiming: OnBootPhase_550_com.android.server.NetworkScoreService$Lifecycle
05-12 15:23:20.936  1248  1248 D SystemServerTiming: OnBootPhase_550_com.android.server.NetworkStatsServiceInitializer
05-12 15:23:20.969  1248  1248 D SystemServerTiming: OnBootPhase_550_com.android.server.wifi.WifiService
05-12 15:23:20.969  1248  1248 D SystemServerTiming: OnBootPhase_550_com.android.server.wifi.scanner.WifiScanningService
05-12 15:23:20.969  1248  1248 D SystemServerTiming: OnBootPhase_550_com.android.server.wifi.p2p.WifiP2pService
05-12 15:23:20.969  1248  1248 D SystemServerTiming: OnBootPhase_550_com.android.server.ConnectivityServiceInitializer
05-12 15:23:20.969  1248  1248 D SystemServerTiming: OnBootPhase_550_com.android.server.notification.NotificationManagerService
05-12 15:23:20.969  1248  1248 D SystemServerTiming: OnBootPhase_550_com.android.server.storage.DeviceStorageMonitorService
05-12 15:23:20.969  1248  1248 D SystemServerTiming: OnBootPhase_550_com.android.server.location.LocationManagerService$Lifecycle
05-12 15:23:20.969  1248  1248 D SystemServerTiming: OnBootPhase_550_com.android.server.timedetector.TimeDetectorService$Lifecycle
05-12 15:23:20.969  1248  1248 D SystemServerTiming: OnBootPhase_550_com.android.server.timezonedetector.TimeZoneDetectorService$Lifecycle
05-12 15:23:20.969  1248  1248 D SystemServerTiming: OnBootPhase_550_com.android.server.timezonedetector.location.LocationTimeZoneManagerService$Lifecycle
05-12 15:23:20.969  1248  1248 D SystemServerTiming: OnBootPhase_550_com.android.server.search.SearchManagerService$Lifecycle
05-12 15:23:20.969  1248  1248 D SystemServerTiming: OnBootPhase_550_com.android.server.wallpaper.WallpaperManagerService$Lifecycle
05-12 15:23:20.971  1248  1248 V WallpaperManagerService: bindWallpaperComponentLocked: componentName=ComponentInfo{com.android.systemui/com.android.systemui.wallpapers.ImageWallpaper}
05-12 15:23:20.971  1248  1248 D WallpaperManagerService: WPMS.bindWallpaperComponentLocked-ComponentInfo{com.android.systemui/com.android.systemui.wallpapers.ImageWallpaper}
05-12 15:23:20.973  1248  1248 D CompatibilityChangeReporter: Compat change id reported: 135634846; UID 10499; state: DISABLED
05-12 15:23:20.973  1248  1248 D CompatibilityChangeReporter: Compat change id reported: 177438394; UID 10499; state: DISABLED
05-12 15:23:20.973  1248  1248 D CompatibilityChangeReporter: Compat change id reported: 135772972; UID 10499; state: DISABLED
05-12 15:23:20.973  1248  1248 D CompatibilityChangeReporter: Compat change id reported: 135754954; UID 10499; state: ENABLED
05-12 15:23:20.974  1248  1283 D CompatibilityChangeReporter: Compat change id reported: 143937733; UID 10499; state: ENABLED
05-12 15:23:20.975  1248  1248 D SystemServerTiming: OnBootPhase_550_com.android.server.wallpapereffectsgeneration.WallpaperEffectsGenerationManagerService
05-12 15:23:20.975  1248  1248 D SystemServerTiming: OnBootPhase_550_com.android.server.audio.AudioService$Lifecycle
05-12 15:23:20.975  1248  1248 D SystemServerTiming: OnBootPhase_550_com.android.server.soundtrigger_middleware.SoundTriggerMiddlewareService$Lifecycle
05-12 15:23:20.975  1248  1248 D SystemServerTiming: OnBootPhase_550_com.android.server.DockObserver
05-12 15:23:20.975  1248  1248 D SystemServerTiming: OnBootPhase_550_com.android.server.midi.MidiService$Lifecycle
05-12 15:23:20.975  1248  1248 D SystemServerTiming: OnBootPhase_550_com.android.server.adb.AdbService$Lifecycle
05-12 15:23:20.976  1248  1248 D SystemServerTiming: OnBootPhase_550_com.android.server.usb.UsbService$Lifecycle
05-12 15:23:20.976  1248  1248 D SystemServerTiming: OnBootPhase_550_com.android.server.twilight.TwilightService
05-12 15:23:20.976  1248  1311 D SystemServerTimingAsync: InitThreadPoolExec:UsbService$Lifecycle#onBootPhase
05-12 15:23:20.976  1248  1248 D SystemServerTiming: OnBootPhase_550_com.android.server.display.color.ColorDisplayService
05-12 15:23:20.976  1248  1248 D SystemServerTiming: OnBootPhase_550_com.android.server.job.JobSchedulerService
05-12 15:23:20.976  1248  1248 D SystemServerTiming: OnBootPhase_550_com.android.server.soundtrigger.SoundTriggerService
05-12 15:23:20.976  1248  1248 D SoundTriggerService: onBootPhase: 550 : false
05-12 15:23:20.976  1248  1248 D SystemServerTiming: OnBootPhase_550_com.android.server.trust.TrustManagerService
05-12 15:23:20.976  1248  1248 D SystemServerTiming: OnBootPhase_550_com.android.server.backup.BackupManagerService$Lifecycle
05-12 15:23:20.976  1248  1248 D SystemServerTiming: OnBootPhase_550_com.android.server.appwidget.AppWidgetService
05-12 15:23:20.976  1248  1248 D SystemServerTiming: OnBootPhase_550_com.android.server.voiceinteraction.VoiceInteractionManagerService
05-12 15:23:20.976  1248  1248 D SystemServerTiming: OnBootPhase_550_com.android.server.apphibernation.AppHibernationService
05-12 15:23:20.976  1248  1248 D SystemServerTiming: OnBootPhase_550_com.android.server.GestureLauncherService
05-12 15:23:20.976  1248  1248 D SystemServerTiming: OnBootPhase_550_com.android.server.SensorNotificationService
05-12 15:23:20.976  1248  1248 D SystemServerTiming: OnBootPhase_550_com.android.server.emergency.EmergencyAffordanceService
05-12 15:23:20.976  1248  1248 D SystemServerTiming: OnBootPhase_550_com.android.server.blob.BlobStoreManagerService
05-12 15:23:20.977  1248  1248 D SystemServerTiming: OnBootPhase_550_com.android.server.dreams.DreamManagerService
05-12 15:23:20.977  1248  1248 D SystemServerTiming: OnBootPhase_550_com.android.server.print.PrintManagerService
05-12 15:23:20.977  1248  1248 D SystemServerTiming: OnBootPhase_550_com.android.server.security.AttestationVerificationManagerService
05-12 15:23:20.977  1248  1248 D SystemServerTiming: OnBootPhase_550_com.android.server.companion.CompanionDeviceManagerService
05-12 15:23:20.977  1248  1248 D SystemServerTiming: OnBootPhase_550_com.android.server.companion.virtual.VirtualDeviceManagerService
05-12 15:23:20.977  1248  1248 D SystemServerTiming: OnBootPhase_550_com.android.server.restrictions.RestrictionsManagerService
05-12 15:23:20.977  1248  1248 D SystemServerTiming: OnBootPhase_550_com.android.server.media.MediaSessionService
05-12 15:23:20.978  1248  1248 D SystemServerTiming: OnBootPhase_550_com.android.server.media.MediaResourceMonitorService
05-12 15:23:20.978  1248  1248 D SystemServerTiming: OnBootPhase_550_com.android.server.biometrics.sensors.face.FaceService
05-12 15:23:20.978  1248  1248 D SystemServerTiming: OnBootPhase_550_com.android.server.biometrics.sensors.fingerprint.FingerprintService
05-12 15:23:20.978  1248  1248 D SystemServerTiming: OnBootPhase_550_com.android.server.biometrics.BiometricService
05-12 15:23:20.978  1248  1248 D SystemServerTiming: OnBootPhase_550_com.android.server.biometrics.AuthService
05-12 15:23:20.978  1248  1248 D SystemServerTiming: OnBootPhase_550_com.android.server.app.AppLockManagerService$Lifecycle
05-12 15:23:20.978  1248  1394 I UsbPortManager: ClientCallback V1_1: dual-role-type_c_port0
05-12 15:23:20.979  1248  1272 I UsbPortManager: USB port added: port=UsbPort{id=dual-role-type_c_port0, supportedModes=dualsupportedContaminantProtectionModes=0supportsEnableContaminantPresenceProtection=falsesupportsEnableContaminantPresenceDetection=false, status=UsbPortStatus{connected=false, currentMode=none, currentPowerRole=no-power, currentDataRole=no-data, supportedRoleCombinations=[no-power:no-data], contaminantDetectionStatus=0, contaminantProtectionStatus=0, usbDataStatus=unknown, isPowerTransferLimited=false, powerBrickConnectionStatus=unknown}, canChangeMode=false, canChangePowerRole=false, canChangeDataRole=false, connectedAtMillis=0, lastConnectDurationMillis=0
05-12 15:23:20.980  1248  1248 I AppLockManagerService: onBootCompleted
05-12 15:23:20.981  1248  1248 D SystemServerTiming: OnBootPhase_550_com.android.server.pm.ShortcutService$Lifecycle
05-12 15:23:20.981  1248  1248 D SystemServerTiming: OnBootPhase_550_com.android.server.pm.LauncherAppsService
05-12 15:23:20.981  1248  1248 D SystemServerTiming: OnBootPhase_550_com.android.server.pm.CrossProfileAppsService
05-12 15:23:20.981  1248  1248 D SystemServerTiming: OnBootPhase_550_com.android.server.pocket.PocketService
05-12 15:23:20.981  1248  1248 W PocketService: Un-handled boot phase:550
05-12 15:23:20.981  1248  1248 D SystemServerTiming: OnBootPhase_550_com.android.server.people.PeopleService
05-12 15:23:20.981  1248  1248 D SystemServerTiming: OnBootPhase_550_com.android.server.media.metrics.MediaMetricsManagerService
05-12 15:23:20.981  1248  1248 D SystemServerTiming: OnBootPhase_550_com.android.server.derp.CustomDeviceConfigService
05-12 15:23:20.981  1248  1248 D SystemServerTiming: OnBootPhase_550_com.android.server.vibrator.LinearmotorVibratorService
05-12 15:23:20.981  1248  1248 D SystemServerTiming: OnBootPhase_550_com.android.server.derp.LineageHardwareService
05-12 15:23:20.981  1248  1248 D SystemServerTiming: OnBootPhase_550_com.android.server.derp.display.LiveDisplayService
05-12 15:23:20.981  1248  1248 D SystemServerTiming: OnBootPhase_550_com.android.server.derp.health.HealthInterfaceService
05-12 15:23:20.981  1248  1248 D SystemServerTiming: OnBootPhase_550_com.android.server.media.projection.MediaProjectionManagerService
05-12 15:23:20.981  1248  1248 D SystemServerTiming: OnBootPhase_550_com.android.server.slice.SliceManagerService$Lifecycle
05-12 15:23:20.981  1248  1248 D SystemServerTiming: OnBootPhase_550_com.android.server.stats.StatsCompanion$Lifecycle
05-12 15:23:20.981  1248  1248 D SystemServerTiming: OnBootPhase_550_com.android.server.scheduling.RebootReadinessManagerService$Lifecycle
05-12 15:23:20.981  1248  1248 D SystemServerTiming: OnBootPhase_550_com.android.server.stats.pull.StatsPullAtomService
05-12 15:23:20.981  1248  1248 D SystemServerTiming: OnBootPhase_550_com.android.server.stats.bootstrap.StatsBootstrapAtomService$Lifecycle
05-12 15:23:20.981  1248  1248 D SystemServerTiming: OnBootPhase_550_com.android.server.incident.IncidentCompanionService
05-12 15:23:20.981  1248  1248 D SystemServerTiming: OnBootPhase_550_com.android.server.sdksandbox.SdkSandboxManagerService$Lifecycle
05-12 15:23:20.981  1248  1248 D SystemServerTiming: OnBootPhase_550_com.android.server.adservices.AdServicesManagerService$Lifecycle
05-12 15:23:20.981  1248  1248 D SystemServerTiming: OnBootPhase_550_com.android.server.MmsServiceBroker
05-12 15:23:20.981  1248  1248 D SystemServerTiming: OnBootPhase_550_com.android.server.autofill.AutofillManagerService
05-12 15:23:20.981  1248  1248 D SystemServerTiming: OnBootPhase_550_com.android.server.translation.TranslationManagerService
05-12 15:23:20.981  1248  1248 D SystemServerTiming: OnBootPhase_550_com.android.server.clipboard.ClipboardService
05-12 15:23:20.981  1248  1248 D SystemServerTiming: OnBootPhase_550_com.android.server.appbinding.AppBindingService$Lifecycle
05-12 15:23:20.982  1248  1248 I AppBindingService: Updating constants with: null
05-12 15:23:20.982  1248  1248 D SystemServerTiming: OnBootPhase_550_com.android.server.tracing.TracingServiceProxy
05-12 15:23:20.982  1248  1248 D SystemServerTiming: OnBootPhase_550_com.android.server.policy.PermissionPolicyService
05-12 15:23:20.982  1248  1248 D SystemServerTiming: Permission_grant_default_permissions-0
05-12 15:23:20.982  1248  1248 D SystemServerTiming: Permission_synchronize_permissions-0
05-12 15:23:20.982  1248  1248 D SystemServerTiming: Permission_synchronize_addPackages-0
05-12 15:23:20.985  1248  1283 I ActivityManager: Start proc 1449:com.android.systemui/u0a499 for service {com.android.systemui/com.android.systemui.wallpapers.ImageWallpaper}
05-12 15:23:21.007  1248  1248 D SystemServerTiming: Permission_syncPackages-0
05-12 15:23:21.014  1248  1314 D CompatibilityChangeReporter: Compat change id reported: 168419799; UID 10499; state: DISABLED
05-12 15:23:21.014  1248  1314 D CompatibilityChangeReporter: Compat change id reported: 273564678; UID 10499; state: DISABLED
05-12 15:23:21.018  1248  1248 D SystemServerTiming: Permission_onInitialized-0
05-12 15:23:21.018  1248  1248 I PackageManager: Permission ownership changed. Updating all permissions.
05-12 15:23:21.048   792   792 D MtkOmxGsmDec: MtkOmxComponentCreate +++ !!!
05-12 15:23:21.048   792   792 D MtkOmxGsmDec: MtkOmxGsmDec Construct !!!
05-12 15:23:21.048   792   792 D MtkOmxGsmDec: Init Audio(GSM) Params!!!
05-12 15:23:21.049   792   792 D MtkOmxGsmDec: MtkOmxGsmDec Deconstruct !!!
05-12 15:23:21.050  1248  1248 W PackageManager: Package android.ext.services is an APK in APEX, but has permission allowlist on the system image. Please bundle the allowlist in the com.android.extservices APEX instead.
05-12 15:23:21.050  1248  1248 W PackageManager: Package android.ext.services is an APK in APEX, but has permission allowlist on the system image. Please bundle the allowlist in the com.android.extservices APEX instead.
05-12 15:23:21.051  1248  1248 W PackageManager: Package android.ext.services is an APK in APEX, but has permission allowlist on the system image. Please bundle the allowlist in the com.android.extservices APEX instead.
05-12 15:23:21.051  1248  1248 W PackageManager: Package android.ext.services is an APK in APEX, but has permission allowlist on the system image. Please bundle the allowlist in the com.android.extservices APEX instead.
05-12 15:23:21.056   792   792 D MtkOmxMp3Dec: JB MtkOmxMp3Dec::MtkOmxMp3Dec this= 0xf254e000
05-12 15:23:21.056   792   792 D MtkOmxMp3Dec: JB MtkOmxMp3Dec::InitAudioParams(MP3)
05-12 15:23:21.057   792   792 D MtkOmxMp3Dec: JB ~MtkOmxMp3Dec this= 0xf254e000
05-12 15:23:21.057   792   792 D MtkOmxMp3Dec: component has been DeInit before,return.
05-12 15:23:21.064  1248  1248 W PackageManager: Package com.android.providers.media.module is an APK in APEX, but has permission allowlist on the system image. Please bundle the allowlist in the com.android.mediaprovider APEX instead.
05-12 15:23:21.064  1248  1248 W PackageManager: Package com.android.providers.media.module is an APK in APEX, but has permission allowlist on the system image. Please bundle the allowlist in the com.android.mediaprovider APEX instead.
05-12 15:23:21.064  1248  1248 W PackageManager: Package com.android.providers.media.module is an APK in APEX, but has permission allowlist on the system image. Please bundle the allowlist in the com.android.mediaprovider APEX instead.
05-12 15:23:21.064  1248  1248 W PackageManager: Package com.android.providers.media.module is an APK in APEX, but has permission allowlist on the system image. Please bundle the allowlist in the com.android.mediaprovider APEX instead.
