05-12 15:23:19.270  1248  1248 I SystemServiceManager: Starting com.android.server.contentcapture.ContentCaptureManagerService
05-12 15:23:19.276  1248  1248 D SystemServerTiming: StartAttentionManagerService
05-12 15:23:19.276  1248  1248 I SystemServiceManager: Starting com.android.server.attention.AttentionManagerService
05-12 15:23:19.279  1248  1248 D SystemServerTiming: StartRotationResolverService
05-12 15:23:19.279  1248  1248 I SystemServiceManager: Starting com.android.server.rotationresolver.RotationResolverManagerService
05-12 15:23:19.282  1248  1248 D SystemServerTiming: StartSystemCaptionsManagerService
05-12 15:23:19.282  1248  1248 I SystemServiceManager: Starting com.android.server.systemcaptions.SystemCaptionsManagerService
05-12 15:23:19.283  1248  1248 D SystemServerTiming: StartTextToSpeechManagerService
05-12 15:23:19.283  1248  1248 I SystemServiceManager: Starting com.android.server.texttospeech.TextToSpeechManagerService
05-12 15:23:19.286  1248  1248 D SystemServerTiming: StartAmbientContextService
05-12 15:23:19.286  1248  1248 I SystemServiceManager: Starting com.android.server.ambientcontext.AmbientContextManagerService
05-12 15:23:19.289  1248  1248 D SystemServerTiming: StartSpeechRecognitionManagerService
05-12 15:23:19.289  1248  1248 I SystemServiceManager: Starting com.android.server.speech.SpeechRecognitionManagerService
05-12 15:23:19.292  1248  1248 D SystemServerTiming: StartAppPredictionService
05-12 15:23:19.292  1248  1248 I SystemServiceManager: Starting com.android.server.appprediction.AppPredictionManagerService
05-12 15:23:19.295  1248  1248 D SystemServerTiming: StartContentSuggestionsService
05-12 15:23:19.295  1248  1248 I SystemServiceManager: Starting com.android.server.contentsuggestions.ContentSuggestionsManagerService
05-12 15:23:19.297  1248  1248 D SystemServerTiming: StartSearchUiService
05-12 15:23:19.298  1248  1248 I SystemServiceManager: Starting com.android.server.searchui.SearchUiManagerService
05-12 15:23:19.300  1248  1248 D SystemServerTiming: StartSmartspaceService
05-12 15:23:19.301  1248  1248 I SystemServiceManager: Starting com.android.server.smartspace.SmartspaceManagerService
05-12 15:23:19.304  1248  1248 D SystemServerTiming: InitConnectivityModuleConnector
05-12 15:23:19.304  1248  1248 D ConnectivityModuleConnector: Network stack init
05-12 15:23:19.305  1248  1248 D SystemServerTiming: InitNetworkStackClient
05-12 15:23:19.306  1248  1248 D SystemServerTiming: StartNetworkManagementService
05-12 15:23:19.310  1248  1248 D SystemServerTiming: StartFontManagerService
05-12 15:23:19.334  1248  1248 D SystemServerTiming: StartTextServicesManager
05-12 15:23:19.334  1248  1248 I SystemServiceManager: Starting com.android.server.textservices.TextServicesManagerService$Lifecycle
05-12 15:23:19.337  1248  1248 D SystemServerTiming: StartTextClassificationManagerService
05-12 15:23:19.337  1248  1248 I SystemServiceManager: Starting com.android.server.textclassifier.TextClassificationManagerService$Lifecycle
05-12 15:23:19.342  1248  1248 D SystemServerTiming: StartNetworkScoreService
05-12 15:23:19.342  1248  1248 I SystemServiceManager: Starting com.android.server.NetworkScoreService$Lifecycle
05-12 15:23:19.344  1248  1248 D SystemServerTiming: StartNetworkStatsService
05-12 15:23:19.358  1248  1248 I SystemServiceManager: Starting com.android.server.NetworkStatsServiceInitializer
05-12 15:23:19.398  1248  1248 D SystemServerTiming: StartNetworkPolicyManagerService
05-12 15:23:19.405  1248  1248 D SystemServerTiming: StartWifi
05-12 15:23:19.424  1248  1248 I SystemServiceManager: Starting com.android.server.wifi.WifiService
05-12 15:23:19.534   790   790 I wificond: New wificond event callback registered
05-12 15:23:19.542  1248  1248 V HistoricalRegistry: Interaction before persistence initialized
05-12 15:23:19.548  1248  1248 D SystemServerTiming: StartWifiScanning
05-12 15:23:19.549  1248  1248 I SystemServiceManager: Starting com.android.server.wifi.scanner.WifiScanningService
05-12 15:23:19.554  1248  1248 D SystemServerTiming: StartWifiP2P
05-12 15:23:19.554  1248  1248 I SystemServiceManager: Starting com.android.server.wifi.p2p.WifiP2pService
05-12 15:23:19.561  1248  1248 D SystemServerTiming: StartPacProxyService
05-12 15:23:19.564  1248  1248 D SystemServerTiming: StartConnectivityService
05-12 15:23:19.564  1248  1248 I SystemServiceManager: Starting com.android.server.ConnectivityServiceInitializer
05-12 15:23:19.600  1248  1248 D CompatibilityChangeReporter: Compat change id reported: 182478738; UID 1000; state: ENABLED
05-12 15:23:19.637  1248  1248 D SystemServerTiming: StartVpnManagerService
05-12 15:23:19.640  1248  1248 D SystemServerTiming: StartVcnManagementService
05-12 15:23:19.644  1248  1248 D SystemServerTiming: StartSystemUpdateManagerService
05-12 15:23:19.644  1248  1248 I SystemUpdateManagerService: No existing info file /data/system/system-update-info.xml
05-12 15:23:19.646  1248  1248 D SystemServerTiming: StartUpdateLockService
05-12 15:23:19.647  1248  1248 D SystemServerTiming: StartNotificationManager
05-12 15:23:19.647  1248  1248 I SystemServiceManager: Starting com.android.server.notification.NotificationManagerService
05-12 15:23:19.652  1248  1248 D ConditionProviders.SCP: new ScheduleConditionProvider()
05-12 15:23:19.675  1248  1248 I NotificationListeners: Read notification listener permissions from xml
05-12 15:23:19.675  1248  1248 I NotificationAssistants: Read notification assistant permissions from xml
05-12 15:23:19.676  1248  1248 I ConditionProviders: Read condition provider permissions from xml
05-12 15:23:19.676  1248  1248 I ConditionProviders: Read condition provider permissions from xml
05-12 15:23:19.676  1248  1248 D NotificationAssistants: Approving default notification assistant for user 0
05-12 15:23:19.677  1248  1248 I ConditionProviders:  Allowing condition provider android.ext.services/android.ext.services.notification.Assistant (userSet: true)
05-12 15:23:19.679  1248  1248 D CompatibilityChangeReporter: Compat change id reported: 157233955; UID 1000; state: ENABLED
05-12 15:23:19.688  1248  1248 D SystemServerTiming: StartDeviceMonitor
05-12 15:23:19.688  1248  1248 I SystemServiceManager: Starting com.android.server.storage.DeviceStorageMonitorService
05-12 15:23:19.691  1248  1248 D SystemServerTiming: StartLocationManagerService
05-12 15:23:19.691  1248  1248 I SystemServiceManager: Starting com.android.server.location.LocationManagerService$Lifecycle
05-12 15:23:19.695  1248  1248 D SystemServerTiming: StartCountryDetectorService
05-12 15:23:19.697  1248  1248 D SystemServerTiming: StartTimeDetectorService
05-12 15:23:19.697  1248  1248 I SystemServiceManager: Starting com.android.server.timedetector.TimeDetectorService$Lifecycle
05-12 15:23:19.700  1248  1248 D SystemServerTiming: StartTimeZoneDetectorService
05-12 15:23:19.700  1248  1248 I SystemServiceManager: Starting com.android.server.timezonedetector.TimeZoneDetectorService$Lifecycle
05-12 15:23:19.706  1248  1248 D SystemServerTiming: StartLocationTimeZoneManagerService
05-12 15:23:19.706  1248  1248 I SystemServiceManager: Starting com.android.server.timezonedetector.location.LocationTimeZoneManagerService$Lifecycle
05-12 15:23:19.709  1248  1248 D SystemServerTiming: StartSearchManagerService
05-12 15:23:19.709  1248  1248 I SystemServiceManager: Starting com.android.server.search.SearchManagerService$Lifecycle
05-12 15:23:19.711  1248  1248 D SystemServerTiming: StartWallpaperManagerService
05-12 15:23:19.712  1248  1248 I SystemServiceManager: Starting com.android.server.wallpaper.WallpaperManagerService$Lifecycle
05-12 15:23:19.714  1248  1248 D SystemServerTiming: StartWallpaperEffectsGenerationService
05-12 15:23:19.714  1248  1248 I SystemServiceManager: Starting com.android.server.wallpapereffectsgeneration.WallpaperEffectsGenerationManagerService
05-12 15:23:19.718  1248  1248 D SystemServerTiming: StartAudioService
05-12 15:23:19.718  1248  1248 I SystemServiceManager: Starting com.android.server.audio.AudioService$Lifecycle
05-12 15:23:19.787  1248  1248 D SystemServerTiming: StartSoundTriggerMiddlewareService
05-12 15:23:19.787  1248  1248 I SystemServiceManager: Starting com.android.server.soundtrigger_middleware.SoundTriggerMiddlewareService$Lifecycle
05-12 15:23:19.792  1248  1248 D SystemServerTiming: StartDockObserver
05-12 15:23:19.792  1248  1248 I SystemServiceManager: Starting com.android.server.DockObserver
05-12 15:23:19.792  1248  1248 I DockObserver: No extcon dock device found in this kernel.
05-12 15:23:19.794  1248  1248 D SystemServerTiming: StartWiredAccessoryManager
05-12 15:23:19.795  1248  1248 W WiredAccessoryManager: This kernel does not have usb audio support
05-12 15:23:19.795  1248  1248 W WiredAccessoryManager: This kernel does not have HDMI audio support
05-12 15:23:19.795  1248  1248 E WiredAccessoryManager: file /sys/devices/platform/soc/soc:qcom,msm-ext-disp/extcon/extcon3/name not found
05-12 15:23:19.795  1248  1248 W WiredAccessoryManager: Conn soc:qcom,msm-ext-disp/3/1 does not have DP audio support
05-12 15:23:19.795  1248  1248 E WiredAccessoryManager: file /sys/devices/platform/soc/soc:qcom,msm-ext-disp/extcon/extcon2/name not found
05-12 15:23:19.796  1248  1248 W WiredAccessoryManager: Conn soc:qcom,msm-ext-disp/2/1 does not have DP audio support
05-12 15:23:19.796  1248  1248 E WiredAccessoryManager: file /sys/devices/platform/soc/soc:qcom,msm-ext-disp/extcon/extcon1/name not found
05-12 15:23:19.796  1248  1248 W WiredAccessoryManager: Conn soc:qcom,msm-ext-disp/1/1 does not have DP audio support
05-12 15:23:19.796  1248  1248 E WiredAccessoryManager: file /sys/devices/platform/soc/soc:qcom,msm-ext-disp/extcon/extcon0/name not found
05-12 15:23:19.796  1248  1248 W WiredAccessoryManager: Conn soc:qcom,msm-ext-disp/0/1 does not have DP audio support
05-12 15:23:19.796  1248  1248 E WiredAccessoryManager: file /sys/devices/platform/soc/soc:qcom,msm-ext-disp/extcon/extcon3/name not found
05-12 15:23:19.796  1248  1248 W WiredAccessoryManager: Conn soc:qcom,msm-ext-disp/3/0 does not have DP audio support
05-12 15:23:19.796  1248  1248 E WiredAccessoryManager: file /sys/devices/platform/soc/soc:qcom,msm-ext-disp/extcon/extcon2/name not found
05-12 15:23:19.796  1248  1248 W WiredAccessoryManager: Conn soc:qcom,msm-ext-disp/2/0 does not have DP audio support
05-12 15:23:19.796  1248  1248 E WiredAccessoryManager: file /sys/devices/platform/soc/soc:qcom,msm-ext-disp/extcon/extcon1/name not found
05-12 15:23:19.796  1248  1248 W WiredAccessoryManager: Conn soc:qcom,msm-ext-disp/1/0 does not have DP audio support
05-12 15:23:19.796  1248  1248 E WiredAccessoryManager: file /sys/devices/platform/soc/soc:qcom,msm-ext-disp/extcon/extcon0/name not found
05-12 15:23:19.796  1248  1248 W WiredAccessoryManager: Conn soc:qcom,msm-ext-disp/0/0 does not have DP audio support
05-12 15:23:19.797  1248  1248 D SystemServerTiming: StartMidiManager
05-12 15:23:19.797  1248  1248 I SystemServiceManager: Starting com.android.server.midi.MidiService$Lifecycle
05-12 15:23:19.799  1248  1248 D SystemServerTiming: StartAdbService
05-12 15:23:19.799  1248  1248 I SystemServiceManager: Starting com.android.server.adb.AdbService$Lifecycle
05-12 15:23:19.801  1248  1248 D SystemServerTiming: StartUsbService
05-12 15:23:19.801  1248  1248 I SystemServiceManager: Starting com.android.server.usb.UsbService$Lifecycle
05-12 15:23:19.801  1248  1248 D SystemServerTiming: StartSerialService
05-12 15:23:19.801  1248  1279 D SystemServerTimingAsync: InitThreadPoolExec:UsbService$Lifecycle#onStart
05-12 15:23:19.802  1248  1279 I UsbDeviceManager: failed to write to /sys/class/android_usb/android0/f_rndis/ethaddr
05-12 15:23:19.803  1248  1248 D SystemServerTiming: StartHardwarePropertiesManagerService
05-12 15:23:19.804  1248  1279 I UsbDeviceManager: USB GADGET HAL not present in the device
05-12 15:23:19.804  1248  1279 I UsbDeviceManager: java.util.NoSuchElementException
05-12 15:23:19.804  1248  1279 I UsbDeviceManager: 	at android.os.HwBinder.getService(Native Method)
05-12 15:23:19.804  1248  1279 I UsbDeviceManager: 	at android.hardware.usb.gadget.V1_0.IUsbGadget.getService(IUsbGadget.java:57)
05-12 15:23:19.804  1248  1279 I UsbDeviceManager: 	at android.hardware.usb.gadget.V1_0.IUsbGadget.getService(IUsbGadget.java:64)
05-12 15:23:19.804  1248  1279 I UsbDeviceManager: 	at com.android.server.usb.UsbDeviceManager.<init>(UsbDeviceManager.java:308)
05-12 15:23:19.804  1248  1279 I UsbDeviceManager: 	at com.android.server.usb.UsbService.<init>(UsbService.java:183)
05-12 15:23:19.804  1248  1279 I UsbDeviceManager: 	at com.android.server.usb.UsbService$Lifecycle.lambda$onStart$0(UsbService.java:97)
05-12 15:23:19.804  1248  1279 I UsbDeviceManager: 	at com.android.server.usb.UsbService$Lifecycle.$r8$lambda$CxV7IL0QHEjIgNnhuBbpakF4-Bg(Unknown Source:0)
05-12 15:23:19.804  1248  1279 I UsbDeviceManager: 	at com.android.server.usb.UsbService$Lifecycle$$ExternalSyntheticLambda2.run(Unknown Source:2)
05-12 15:23:19.804  1248  1279 I UsbDeviceManager: 	at com.android.server.SystemServerInitThreadPool.lambda$submitTask$0(SystemServerInitThreadPool.java:106)
05-12 15:23:19.804  1248  1279 I UsbDeviceManager: 	at com.android.server.SystemServerInitThreadPool.$r8$lambda$aGlXt69ihU44Qi7EB_RNeu8pnrY(Unknown Source:0)
05-12 15:23:19.804  1248  1279 I UsbDeviceManager: 	at com.android.server.SystemServerInitThreadPool$$ExternalSyntheticLambda0.run(Unknown Source:6)
05-12 15:23:19.804  1248  1279 I UsbDeviceManager: 	at java.util.concurrent.Executors$RunnableAdapter.call(Executors.java:463)
05-12 15:23:19.804  1248  1279 I UsbDeviceManager: 	at java.util.concurrent.FutureTask.run(FutureTask.java:264)
05-12 15:23:19.804  1248  1279 I UsbDeviceManager: 	at java.util.concurrent.ThreadPoolExecutor.runWorker(ThreadPoolExecutor.java:1137)
05-12 15:23:19.804  1248  1279 I UsbDeviceManager: 	at java.util.concurrent.ThreadPoolExecutor$Worker.run(ThreadPoolExecutor.java:637)
05-12 15:23:19.804  1248  1279 I UsbDeviceManager: 	at com.android.internal.util.ConcurrentUtils$1$1.run(ConcurrentUtils.java:65)
05-12 15:23:19.804  1248  1279 E UsbDeviceManager: Failed to open control for mtp
05-12 15:23:19.804  1248  1279 E UsbDeviceManager: Failed to open control for ptp
05-12 15:23:19.805  1248  1279 W StorageManagerService: No primary storage defined yet; hacking together a stub
05-12 15:23:19.807  1248  1248 D SystemServerTiming: StartTwilightService
05-12 15:23:19.807  1248  1248 I SystemServiceManager: Starting com.android.server.twilight.TwilightService
05-12 15:23:19.807  1248  1248 D SystemServerTiming: StartColorDisplay
05-12 15:23:19.807  1248  1248 I SystemServiceManager: Starting com.android.server.display.color.ColorDisplayService
05-12 15:23:19.810  1248  1248 D SystemServerTiming: StartJobScheduler
05-12 15:23:19.810  1248  1248 I SystemServiceManager: Starting com.android.server.job.JobSchedulerService
05-12 15:23:19.811  1248  1279 D UsbPortManager: Querying USB HAL version
05-12 15:23:19.815  1248  1248 D JobStore: Start tag: job-info
05-12 15:23:19.817  1248  1279 I UsbPortManager: USB HAL HIDL present
05-12 15:23:19.821  1248  1280 I UsbPortManager: Usb hal service started android.hardware.usb@1.0::IUsb default
05-12 15:23:19.824  1248  1279 D UsbPortManager: getInstance done
05-12 15:23:19.840  1248  1248 I JobStore: Read 115 jobs
05-12 15:23:19.843  1248  1248 V HistoricalRegistry: Interaction before persistence initialized
05-12 15:23:19.844  1248  1248 V HistoricalRegistry: Interaction before persistence initialized
05-12 15:23:19.846  1248  1248 D SystemServerTiming: StartSoundTrigger
05-12 15:23:19.846  1248  1248 I SystemServiceManager: Starting com.android.server.soundtrigger.SoundTriggerService
05-12 15:23:19.847  1248  1248 D SystemServerTiming: StartTrustManager
05-12 15:23:19.847  1248  1248 I SystemServiceManager: Starting com.android.server.trust.TrustManagerService
05-12 15:23:19.849  1248  1248 D SystemServerTiming: StartBackupManager
05-12 15:23:19.849  1248  1248 I SystemServiceManager: Starting com.android.server.backup.BackupManagerService$Lifecycle
05-12 15:23:19.853  1248  1248 D SystemServerTiming: StartAppWidgetService
05-12 15:23:19.853  1248  1248 I SystemServiceManager: Starting com.android.server.appwidget.AppWidgetService
05-12 15:23:19.857  1248  1248 D SystemServerTiming: StartVoiceRecognitionManager
05-12 15:23:19.857  1248  1248 I SystemServiceManager: Starting com.android.server.voiceinteraction.VoiceInteractionManagerService
05-12 15:23:20.022  1248  1248 D SystemServerTiming: StartAppHibernationService
05-12 15:23:20.022  1248  1248 I SystemServiceManager: Starting com.android.server.apphibernation.AppHibernationService
05-12 15:23:20.025  1248  1248 D SystemServerTiming: StartGestureLauncher
05-12 15:23:20.025  1248  1248 I SystemServiceManager: Starting com.android.server.GestureLauncherService
05-12 15:23:20.025  1248  1248 D SystemServerTiming: StartSensorNotification
05-12 15:23:20.025  1248  1248 I SystemServiceManager: Starting com.android.server.SensorNotificationService
05-12 15:23:20.025  1248  1248 D SystemServerTiming: StartDiskStatsService
05-12 15:23:20.026  1248  1248 D CompatibilityChangeReporter: Compat change id reported: 194532703; UID 1000; state: ENABLED
05-12 15:23:20.027  1248  1248 D CompatibilityChangeReporter: Compat change id reported: 194532703; UID 1000; state: DISABLED
05-12 15:23:20.030  1248  1248 D SystemServerTiming: RuntimeService
05-12 15:23:20.031  1248  1248 D SystemServerTiming: StartNetworkTimeUpdateService
05-12 15:23:20.032  1248  1248 D SystemServerTiming: CertBlacklister
05-12 15:23:20.033  1248  1248 D SystemServerTiming: StartEmergencyAffordanceService
05-12 15:23:20.033  1248  1248 I SystemServiceManager: Starting com.android.server.emergency.EmergencyAffordanceService
05-12 15:23:20.034  1248  1248 D SystemServerTiming: startBlobStoreManagerService
05-12 15:23:20.034  1248  1248 I SystemServiceManager: Starting com.android.server.blob.BlobStoreManagerService
05-12 15:23:20.037  1248  1248 D SystemServerTiming: StartDreamManager
05-12 15:23:20.037  1248  1248 I SystemServiceManager: Starting com.android.server.dreams.DreamManagerService
05-12 15:23:20.039  1248  1248 D SystemServerTiming: AddGraphicsStatsService
05-12 15:23:20.042  1248  1248 D SystemServerTiming: StartPrintManager
05-12 15:23:20.042  1248  1248 I SystemServiceManager: Starting com.android.server.print.PrintManagerService
05-12 15:23:20.045  1248  1248 D SystemServerTiming: StartAttestationVerificationService
05-12 15:23:20.045  1248  1248 I SystemServiceManager: Starting com.android.server.security.AttestationVerificationManagerService
05-12 15:23:20.045  1248  1248 D AVF     : Started
05-12 15:23:20.047  1248  1248 D SystemServerTiming: StartCompanionDeviceManager
05-12 15:23:20.047  1248  1248 I SystemServiceManager: Starting com.android.server.companion.CompanionDeviceManagerService
05-12 15:23:20.047  1248  1248 I CompanionDevice_PersistentDataStore: Reading associations for user 0 from disk
05-12 15:23:20.050  1248  1248 D SystemServerTiming: StartVirtualDeviceManager
05-12 15:23:20.050  1248  1248 I SystemServiceManager: Starting com.android.server.companion.virtual.VirtualDeviceManagerService
05-12 15:23:20.051  1248  1248 D SystemServerTiming: StartRestrictionManager
05-12 15:23:20.051  1248  1248 I SystemServiceManager: Starting com.android.server.restrictions.RestrictionsManagerService
05-12 15:23:20.053  1248  1248 D SystemServerTiming: StartMediaSessionService
05-12 15:23:20.053  1248  1248 I SystemServiceManager: Starting com.android.server.media.MediaSessionService
05-12 15:23:20.056  1248  1248 D SystemServerTiming: StartMediaResourceMonitor
05-12 15:23:20.056  1248  1248 I SystemServiceManager: Starting com.android.server.media.MediaResourceMonitorService
05-12 15:23:20.056  1248  1248 D SystemServerTiming: StartMediaRouterService
05-12 15:23:20.056  1248  1248 V HistoricalRegistry: Interaction before persistence initialized
05-12 15:23:20.058  1248  1248 D SystemServerTiming: StartFaceSensor
05-12 15:23:20.059  1248  1248 I SystemServiceManager: Starting com.android.server.biometrics.sensors.face.FaceService
05-12 15:23:20.060  1248  1248 D SystemServerTiming: StartFingerprintSensor
05-12 15:23:20.060  1248  1248 I SystemServiceManager: Starting com.android.server.biometrics.sensors.fingerprint.FingerprintService
05-12 15:23:20.062  1248  1248 D SystemServerTiming: StartBiometricService
05-12 15:23:20.062  1248  1248 I SystemServiceManager: Starting com.android.server.biometrics.BiometricService
05-12 15:23:20.066  1248  1248 D SystemServerTiming: StartAuthService
05-12 15:23:20.066  1248  1248 I SystemServiceManager: Starting com.android.server.biometrics.AuthService
05-12 15:23:20.066  1248  1248 D AuthService: Registering HIDL ID: 0 Modality: 2 Strength: 15
05-12 15:23:20.071  1248  1409 D BiometricService: Registering ID: 0 Modality: 2 Strength: 15
05-12 15:23:20.071  1248  1409 D BiometricStrengthController: updateStrengths: revert sensorId=0 to oemStrength=15
05-12 15:23:20.072  1248  1409 D BiometricService/Sensor: updateStrength: Before(ID(0), oemStrength: 15, updatedStrength: 15, modality 2, state: 0, cookie: 0) After(ID(0), oemStrength: 15, updatedStrength: 15, modality 2, state: 0, cookie: 0)
05-12 15:23:20.072  1248  1248 D SystemServerTiming: AppLockManagerService
05-12 15:23:20.072  1248  1248 I SystemServiceManager: Starting com.android.server.app.AppLockManagerService$Lifecycle
05-12 15:23:20.074  1248  1410 D BiometricService: Registering ID: 1008 Modality: 8 Strength: 255
05-12 15:23:20.074  1248  1410 D BiometricStrengthController: updateStrengths: revert sensorId=0 to oemStrength=15
05-12 15:23:20.074  1248  1410 D BiometricService/Sensor: updateStrength: Before(ID(0), oemStrength: 15, updatedStrength: 15, modality 2, state: 0, cookie: 0) After(ID(0), oemStrength: 15, updatedStrength: 15, modality 2, state: 0, cookie: 0)
05-12 15:23:20.074  1248  1410 D BiometricStrengthController: updateStrengths: revert sensorId=1008 to oemStrength=255
05-12 15:23:20.074  1248  1410 D BiometricService/Sensor: updateStrength: Before(ID(1008), oemStrength: 255, updatedStrength: 255, modality 8, state: 0, cookie: 0) After(ID(1008), oemStrength: 255, updatedStrength: 255, modality 8, state: 0, cookie: 0)
05-12 15:23:20.078  1248  1248 D SystemServerTiming: StartDynamicCodeLoggingService
05-12 15:23:20.079  1248  1248 D SystemServerTiming: StartPruneInstantAppsJobService
05-12 15:23:20.079  1248  1248 D SystemServerTiming: StartShortcutServiceLifecycle
05-12 15:23:20.079  1248  1248 I SystemServiceManager: Starting com.android.server.pm.ShortcutService$Lifecycle
05-12 15:23:20.080  1248  1248 V HistoricalRegistry: Interaction before persistence initialized
05-12 15:23:20.082  1248  1248 D SystemServerTiming: StartLauncherAppsService
05-12 15:23:20.082  1248  1248 I SystemServiceManager: Starting com.android.server.pm.LauncherAppsService
05-12 15:23:20.085  1248  1248 D SystemServerTiming: StartCrossProfileAppsService
05-12 15:23:20.085  1248  1248 I SystemServiceManager: Starting com.android.server.pm.CrossProfileAppsService
05-12 15:23:20.087  1248  1248 D SystemServerTiming: StartPocketService
05-12 15:23:20.087  1248  1248 I SystemServiceManager: Starting com.android.server.pocket.PocketService
05-12 15:23:20.090  1248  1248 D SystemServerTiming: StartPeopleService
05-12 15:23:20.090  1248  1248 I SystemServiceManager: Starting com.android.server.people.PeopleService
05-12 15:23:20.092  1248  1248 D SystemServerTiming: StartMediaMetricsManager
05-12 15:23:20.092  1248  1248 I SystemServiceManager: Starting com.android.server.media.metrics.MediaMetricsManagerService
05-12 15:23:20.095  1248  1248 D SystemServerTiming: StartCustomDeviceConfigService
05-12 15:23:20.095  1248  1248 I SystemServiceManager: Starting com.android.server.derp.CustomDeviceConfigService
05-12 15:23:20.095  1248  1248 D SystemServerTiming: StartLinearmotorVibratorService
05-12 15:23:20.095  1248  1248 I SystemServiceManager: Starting com.android.server.vibrator.LinearmotorVibratorService
05-12 15:23:20.097  1248  1248 D SystemServerTiming: StartLineageHardwareService
05-12 15:23:20.097  1248  1248 I SystemServiceManager: Starting com.android.server.derp.LineageHardwareService
05-12 15:23:20.099  1248  1248 D SystemServerTiming: StartLiveDisplayService
05-12 15:23:20.099  1248  1248 I SystemServiceManager: Starting com.android.server.derp.display.LiveDisplayService
05-12 15:23:20.103  1248  1248 D SystemServerTiming: StartHealthService
05-12 15:23:20.103  1248  1248 I SystemServiceManager: Starting com.android.server.derp.health.HealthInterfaceService
05-12 15:23:20.106  1248  1248 D SystemServerTiming: StartMediaProjectionManager
05-12 15:23:20.106  1248  1248 I SystemServiceManager: Starting com.android.server.media.projection.MediaProjectionManagerService
05-12 15:23:20.111  1248  1248 D SystemServerTiming: StartSliceManagerService
05-12 15:23:20.111  1248  1248 I SystemServiceManager: Starting com.android.server.slice.SliceManagerService$Lifecycle
05-12 15:23:20.114  1248  1248 D SystemServerTiming: StartStatsCompanion
05-12 15:23:20.114  1248  1248 I SystemServiceManager: Starting com.android.server.stats.StatsCompanion$Lifecycle
05-12 15:23:20.118  1248  1248 D SystemServerTiming: StartRebootReadinessManagerService
05-12 15:23:20.118  1248  1248 I SystemServiceManager: Starting com.android.server.scheduling.RebootReadinessManagerService$Lifecycle
05-12 15:23:20.125  1248  1248 D SystemServerTiming: StartStatsPullAtomService
05-12 15:23:20.125  1248  1248 I SystemServiceManager: Starting com.android.server.stats.pull.StatsPullAtomService
05-12 15:23:20.125  1248  1248 D SystemServerTiming: StatsBootstrapAtomService
05-12 15:23:20.125  1248  1248 I SystemServiceManager: Starting com.android.server.stats.bootstrap.StatsBootstrapAtomService$Lifecycle
05-12 15:23:20.127  1248  1248 D SystemServerTiming: StartIncidentCompanionService
05-12 15:23:20.128  1248  1248 I SystemServiceManager: Starting com.android.server.incident.IncidentCompanionService
05-12 15:23:20.130  1248  1248 D SystemServerTiming: StarSdkSandboxManagerService
05-12 15:23:20.130  1248  1248 I SystemServiceManager: Starting com.android.server.sdksandbox.SdkSandboxManagerService$Lifecycle
05-12 15:23:20.133  1248  1248 D SystemServerTiming: StartAdServicesManagerService
05-12 15:23:20.133  1248  1248 I SystemServiceManager: Starting com.android.server.adservices.AdServicesManagerService$Lifecycle
05-12 15:23:20.134  1248  1248 D SystemServerTiming: StartMmsService
05-12 15:23:20.134  1248  1248 I SystemServiceManager: Starting com.android.server.MmsServiceBroker
05-12 15:23:20.136  1248  1248 D SystemServerTiming: StartAutoFillService
05-12 15:23:20.136  1248  1248 I SystemServiceManager: Starting com.android.server.autofill.AutofillManagerService
05-12 15:23:20.138  1248  1248 E AutofillManagerServiceImpl: Bad service name: com.google.android.gms/.autofill.service.AutofillService
05-12 15:23:20.138  1248  1248 E RemoteAugmentedAutofillService: Bad service name for flags 1048704: com.google.android.as/com.google.android.apps.miphone.aiai.app.AiAiAugmentedAutofillService
05-12 15:23:20.140  1248  1248 D SystemServerTiming: StartTranslationManagerService
05-12 15:23:20.140  1248  1248 I SystemServiceManager: Starting com.android.server.translation.TranslationManagerService
05-12 15:23:20.143  1248  1248 D SystemServerTiming: StartClipboardService
05-12 15:23:20.143  1248  1248 I SystemServiceManager: Starting com.android.server.clipboard.ClipboardService
05-12 15:23:20.147  1248  1248 D SystemServerTiming: AppServiceManager
05-12 15:23:20.147  1248  1248 I SystemServiceManager: Starting com.android.server.appbinding.AppBindingService$Lifecycle
05-12 15:23:20.148  1248  1248 D SystemServerTiming: startTracingServiceProxy
05-12 15:23:20.148  1248  1248 I SystemServiceManager: Starting com.android.server.tracing.TracingServiceProxy
05-12 15:23:20.150  1248  1248 D SystemServerTiming: MakeLockSettingsServiceReady
05-12 15:23:20.155  1248  1248 I SyntheticPasswordManager: Device does not support weaver
05-12 15:23:20.157  1248  1248 I LockSettingsService: Device doesn't implement AuthSecret HAL
05-12 15:23:20.158  1248  1248 D SystemServerTiming: StartBootPhaseLockSettingsReady
05-12 15:23:20.158  1248  1248 I SystemServiceManager: Starting phase 480
05-12 15:23:20.158  1248  1248 D SystemServerTiming: OnBootPhase_480
05-12 15:23:20.158  1248  1248 D SystemServerTiming: OnBootPhase_480_com.android.server.security.FileIntegrityService
05-12 15:23:20.158  1248  1248 D SystemServerTiming: OnBootPhase_480_com.android.server.pm.Installer
05-12 15:23:20.158  1248  1248 D SystemServerTiming: OnBootPhase_480_com.android.server.os.DeviceIdentifiersPolicyService
05-12 15:23:20.158  1248  1248 D SystemServerTiming: OnBootPhase_480_com.android.server.uri.UriGrantsManagerService$Lifecycle
05-12 15:23:20.158  1248  1248 D SystemServerTiming: OnBootPhase_480_com.android.server.powerstats.PowerStatsService
05-12 15:23:20.158  1248  1248 D SystemServerTiming: OnBootPhase_480_com.android.server.wm.ActivityTaskManagerService$Lifecycle
05-12 15:23:20.158  1248  1248 D SystemServerTiming: OnBootPhase_480_com.android.server.am.ActivityManagerService$Lifecycle
05-12 15:23:20.158  1248  1248 D SystemServerTiming: OnBootPhase_480_com.android.server.pm.DataLoaderManagerService
05-12 15:23:20.159  1248  1248 D SystemServerTiming: OnBootPhase_480_com.android.server.power.PowerManagerService
05-12 15:23:20.159  1248  1248 D SystemServerTiming: OnBootPhase_480_com.android.server.power.ThermalManagerService
05-12 15:23:20.159  1248  1248 D SystemServerTiming: OnBootPhase_480_com.android.server.power.hint.HintManagerService
05-12 15:23:20.159  1248  1248 D SystemServerTiming: OnBootPhase_480_com.android.server.recoverysystem.RecoverySystemService$Lifecycle
05-12 15:23:20.159  1248  1248 D SystemServerTiming: OnBootPhase_480_com.android.server.lights.LightsService
05-12 15:23:20.159  1248  1248 D SystemServerTiming: OnBootPhase_480_com.android.server.display.DisplayManagerService
05-12 15:23:20.159  1248  1248 D SystemServerTiming: OnBootPhase_480_com.android.server.pm.verify.domain.DomainVerificationService
05-12 15:23:20.159  1248  1248 D SystemServerTiming: OnBootPhase_480_com.android.server.pm.PackageInstallerService$Lifecycle
05-12 15:23:20.159  1248  1248 D SystemServerTiming: OnBootPhase_480_com.android.server.pm.UserManagerService$LifeCycle
05-12 15:23:20.159  1248  1248 D SystemServerTiming: OnBootPhase_480_com.android.server.om.OverlayManagerService
05-12 15:23:20.159  1248  1248 D SystemServerTiming: OnBootPhase_480_com.android.server.resources.ResourcesManagerService
05-12 15:23:20.159  1248  1248 D SystemServerTiming: OnBootPhase_480_com.android.server.sensorprivacy.SensorPrivacyService
05-12 15:23:20.159  1248  1248 D SystemServerTiming: OnBootPhase_480_com.android.server.sensors.SensorService
05-12 15:23:20.159  1248  1248 D SystemServerTiming: OnBootPhase_480_com.android.server.SystemConfigService
05-12 15:23:20.159  1248  1248 D SystemServerTiming: OnBootPhase_480_com.android.server.BatteryService
05-12 15:23:20.159  1248  1248 D SystemServerTiming: OnBootPhase_480_com.android.server.usage.UsageStatsService
05-12 15:23:20.159  1248  1248 D SystemServerTiming: OnBootPhase_480_com.android.server.webkit.WebViewUpdateService
05-12 15:23:20.159  1248  1248 D SystemServerTiming: OnBootPhase_480_com.android.server.CachedDeviceStateService
05-12 15:23:20.159  1248  1248 D SystemServerTiming: OnBootPhase_480_com.android.server.BinderCallsStatsService$LifeCycle
05-12 15:23:20.159  1248  1248 D SystemServerTiming: OnBootPhase_480_com.android.server.LooperStatsService$Lifecycle
05-12 15:23:20.159  1248  1248 D SystemServerTiming: OnBootPhase_480_com.android.server.rollback.RollbackManagerService
05-12 15:23:20.159  1248  1248 D SystemServerTiming: OnBootPhase_480_com.android.server.os.NativeTombstoneManagerService
05-12 15:23:20.159  1248  1248 D SystemServerTiming: OnBootPhase_480_com.android.server.os.BugreportManagerService
05-12 15:23:20.159  1248  1248 D SystemServerTiming: OnBootPhase_480_com.android.server.gpu.GpuService
05-12 15:23:20.159  1248  1248 D SystemServerTiming: OnBootPhase_480_com.android.server.security.KeyChainSystemService
05-12 15:23:20.159  1248  1248 D SystemServerTiming: OnBootPhase_480_com.android.server.BinaryTransparencyService
05-12 15:23:20.159  1248  1248 D SystemServerTiming: OnBootPhase_480_com.android.server.telecom.TelecomLoaderService
05-12 15:23:20.159  1248  1248 D SystemServerTiming: OnBootPhase_480_com.android.server.accounts.AccountManagerService$Lifecycle
05-12 15:23:20.159  1248  1248 D SystemServerTiming: OnBootPhase_480_com.android.server.content.ContentService$Lifecycle
05-12 15:23:20.159  1248  1248 D SystemServerTiming: OnBootPhase_480_com.android.server.DropBoxManagerService
05-12 15:23:20.159  1248  1248 D SystemServerTiming: OnBootPhase_480_com.android.role.RoleService
05-12 15:23:20.159  1248  1248 D SystemServerTiming: OnBootPhase_480_com.android.server.vibrator.VibratorManagerService$Lifecycle
05-12 15:23:20.159  1248  1248 D SystemServerTiming: OnBootPhase_480_com.android.server.tare.InternalResourceService
05-12 15:23:20.159  1248  1248 D SystemServerTiming: OnBootPhase_480_com.android.server.alarm.AlarmManagerService
05-12 15:23:20.159  1248  1248 D SystemServerTiming: OnBootPhase_480_com.android.server.devicestate.DeviceStateManagerService
05-12 15:23:20.159  1248  1248 D SystemServerTiming: OnBootPhase_480_com.android.server.camera.CameraServiceProxy
05-12 15:23:20.159  1248  1248 D SystemServerTiming: OnBootPhase_480_com.android.server.bluetooth.BluetoothService
05-12 15:23:20.159  1248  1248 D SystemServerTiming: OnBootPhase_480_com.android.server.connectivity.IpConnectivityMetrics
05-12 15:23:20.159  1248  1248 D SystemServerTiming: OnBootPhase_480_com.android.server.net.watchlist.NetworkWatchlistService$Lifecycle
05-12 15:23:20.159  1248  1248 D SystemServerTiming: OnBootPhase_480_com.android.server.PinnerService
05-12 15:23:20.159  1248  1248 D SystemServerTiming: OnBootPhase_480_com.android.server.integrity.AppIntegrityManagerService
05-12 15:23:20.159  1248  1248 D SystemServerTiming: OnBootPhase_480_com.android.server.logcat.LogcatManagerService
05-12 15:23:20.159  1248  1248 D SystemServerTiming: OnBootPhase_480_com.android.server.derp.LineageGlobalActionsService
05-12 15:23:20.159  1248  1248 D SystemServerTiming: OnBootPhase_480_com.android.server.inputmethod.InputMethodManagerService$Lifecycle
05-12 15:23:20.159  1248  1248 D SystemServerTiming: OnBootPhase_480_com.android.server.accessibility.AccessibilityManagerService$Lifecycle
05-12 15:23:20.159  1248  1248 D SystemServerTiming: OnBootPhase_480_com.android.server.StorageManagerService$Lifecycle
05-12 15:23:20.159  1248  1248 D SystemServerTiming: OnBootPhase_480_com.android.server.usage.StorageStatsService$Lifecycle
05-12 15:23:20.159  1248  1248 D SystemServerTiming: OnBootPhase_480_com.android.server.UiModeManagerService
05-12 15:23:20.160  1248  1248 D SystemServerTiming: OnBootPhase_480_com.android.server.locales.LocaleManagerService
05-12 15:23:20.160  1248  1248 D SystemServerTiming: OnBootPhase_480_com.android.server.locksettings.LockSettingsService$Lifecycle
05-12 15:23:20.160  1248  1248 D SystemServerTiming: OnBootPhase_480_com.android.server.PersistentDataBlockService
05-12 15:23:20.160  1248  1248 D SystemServerTiming: OnBootPhase_480_com.android.server.testharness.TestHarnessModeService
05-12 15:23:20.160  1248  1248 D SystemServerTiming: OnBootPhase_480_com.android.server.oemlock.OemLockService
05-12 15:23:20.160  1248  1248 D SystemServerTiming: OnBootPhase_480_com.android.server.DeviceIdleController
05-12 15:23:20.160  1248  1248 D SystemServerTiming: OnBootPhase_480_com.android.server.devicepolicy.DevicePolicyManagerService$Lifecycle
05-12 15:23:20.165  1248  1248 I UsbPortManager: USB HAL HIDL version: 11
05-12 15:23:20.165  1248  1248 D SystemServerTiming: OnBootPhase_480_com.android.server.musicrecognition.MusicRecognitionManagerService
05-12 15:23:20.165  1248  1317 D SystemServerTimingAsync: InitThreadPoolExec:DevicePolicyManager
05-12 15:23:20.165  1248  1248 D SystemServerTiming: OnBootPhase_480_com.android.server.contentcapture.ContentCaptureManagerService
05-12 15:23:20.165  1248  1248 D SystemServerTiming: OnBootPhase_480_com.android.server.attention.AttentionManagerService
05-12 15:23:20.165  1248  1248 D SystemServerTiming: OnBootPhase_480_com.android.server.rotationresolver.RotationResolverManagerService
05-12 15:23:20.165  1248  1248 D SystemServerTiming: OnBootPhase_480_com.android.server.systemcaptions.SystemCaptionsManagerService
05-12 15:23:20.165  1248  1248 D SystemServerTiming: OnBootPhase_480_com.android.server.texttospeech.TextToSpeechManagerService
05-12 15:23:20.165  1248  1248 D SystemServerTiming: OnBootPhase_480_com.android.server.ambientcontext.AmbientContextManagerService
05-12 15:23:20.165  1248  1248 D SystemServerTiming: OnBootPhase_480_com.android.server.speech.SpeechRecognitionManagerService
05-12 15:23:20.165  1248  1248 D SystemServerTiming: OnBootPhase_480_com.android.server.appprediction.AppPredictionManagerService
05-12 15:23:20.165  1248  1248 D SystemServerTiming: OnBootPhase_480_com.android.server.contentsuggestions.ContentSuggestionsManagerService
05-12 15:23:20.166  1248  1248 D SystemServerTiming: OnBootPhase_480_com.android.server.searchui.SearchUiManagerService
05-12 15:23:20.166  1248  1248 D SystemServerTiming: OnBootPhase_480_com.android.server.smartspace.SmartspaceManagerService
05-12 15:23:20.166  1248  1248 D SystemServerTiming: OnBootPhase_480_com.android.server.graphics.fonts.FontManagerService$Lifecycle
05-12 15:23:20.166  1248  1248 D SystemServerTiming: OnBootPhase_480_com.android.server.textservices.TextServicesManagerService$Lifecycle
05-12 15:23:20.166  1248  1248 D SystemServerTiming: OnBootPhase_480_com.android.server.textclassifier.TextClassificationManagerService$Lifecycle
05-12 15:23:20.166  1248  1248 D SystemServerTiming: OnBootPhase_480_com.android.server.NetworkScoreService$Lifecycle
05-12 15:23:20.166  1248  1248 D SystemServerTiming: OnBootPhase_480_com.android.server.NetworkStatsServiceInitializer
05-12 15:23:20.166  1248  1248 D SystemServerTiming: OnBootPhase_480_com.android.server.wifi.WifiService
05-12 15:23:20.166  1248  1248 D SystemServerTiming: OnBootPhase_480_com.android.server.wifi.scanner.WifiScanningService
05-12 15:23:20.166  1248  1248 D SystemServerTiming: OnBootPhase_480_com.android.server.wifi.p2p.WifiP2pService
05-12 15:23:20.166  1248  1248 D SystemServerTiming: OnBootPhase_480_com.android.server.ConnectivityServiceInitializer
05-12 15:23:20.166  1248  1248 D SystemServerTiming: OnBootPhase_480_com.android.server.notification.NotificationManagerService
05-12 15:23:20.166  1248  1248 D SystemServerTiming: OnBootPhase_480_com.android.server.storage.DeviceStorageMonitorService
05-12 15:23:20.166  1248  1248 D SystemServerTiming: OnBootPhase_480_com.android.server.location.LocationManagerService$Lifecycle
05-12 15:23:20.166  1248  1248 D SystemServerTiming: OnBootPhase_480_com.android.server.timedetector.TimeDetectorService$Lifecycle
05-12 15:23:20.166  1248  1248 D SystemServerTiming: OnBootPhase_480_com.android.server.timezonedetector.TimeZoneDetectorService$Lifecycle
05-12 15:23:20.166  1248  1248 D SystemServerTiming: OnBootPhase_480_com.android.server.timezonedetector.location.LocationTimeZoneManagerService$Lifecycle
05-12 15:23:20.166  1248  1248 D SystemServerTiming: OnBootPhase_480_com.android.server.search.SearchManagerService$Lifecycle
05-12 15:23:20.166  1248  1248 D SystemServerTiming: OnBootPhase_480_com.android.server.wallpaper.WallpaperManagerService$Lifecycle
05-12 15:23:20.166  1248  1248 D SystemServerTiming: OnBootPhase_480_com.android.server.wallpapereffectsgeneration.WallpaperEffectsGenerationManagerService
05-12 15:23:20.166  1248  1248 D SystemServerTiming: OnBootPhase_480_com.android.server.audio.AudioService$Lifecycle
05-12 15:23:20.166  1248  1248 D SystemServerTiming: OnBootPhase_480_com.android.server.soundtrigger_middleware.SoundTriggerMiddlewareService$Lifecycle
05-12 15:23:20.166  1248  1248 D SystemServerTiming: OnBootPhase_480_com.android.server.DockObserver
05-12 15:23:20.166  1248  1248 D SystemServerTiming: OnBootPhase_480_com.android.server.midi.MidiService$Lifecycle
05-12 15:23:20.166  1248  1248 D SystemServerTiming: OnBootPhase_480_com.android.server.adb.AdbService$Lifecycle
05-12 15:23:20.166  1248  1248 D SystemServerTiming: OnBootPhase_480_com.android.server.usb.UsbService$Lifecycle
05-12 15:23:20.166  1248  1248 D SystemServerTiming: OnBootPhase_480_com.android.server.twilight.TwilightService
05-12 15:23:20.166  1248  1248 D SystemServerTiming: OnBootPhase_480_com.android.server.display.color.ColorDisplayService
05-12 15:23:20.166  1248  1248 D SystemServerTiming: OnBootPhase_480_com.android.server.job.JobSchedulerService
05-12 15:23:20.166  1248  1248 D SystemServerTiming: OnBootPhase_480_com.android.server.soundtrigger.SoundTriggerService
05-12 15:23:20.166  1248  1248 D SoundTriggerService: onBootPhase: 480 : false
05-12 15:23:20.167  1248  1248 D SystemServerTiming: OnBootPhase_480_com.android.server.trust.TrustManagerService
05-12 15:23:20.167  1248  1248 D SystemServerTiming: OnBootPhase_480_com.android.server.backup.BackupManagerService$Lifecycle
05-12 15:23:20.167  1248  1248 D SystemServerTiming: OnBootPhase_480_com.android.server.appwidget.AppWidgetService
05-12 15:23:20.167  1248  1248 D SystemServerTiming: OnBootPhase_480_com.android.server.voiceinteraction.VoiceInteractionManagerService
05-12 15:23:20.167  1248  1248 D SystemServerTiming: OnBootPhase_480_com.android.server.apphibernation.AppHibernationService
05-12 15:23:20.167  1248  1248 D SystemServerTiming: OnBootPhase_480_com.android.server.GestureLauncherService
05-12 15:23:20.167  1248  1248 D SystemServerTiming: OnBootPhase_480_com.android.server.SensorNotificationService
05-12 15:23:20.167  1248  1248 D SystemServerTiming: OnBootPhase_480_com.android.server.emergency.EmergencyAffordanceService
05-12 15:23:20.167  1248  1248 D SystemServerTiming: OnBootPhase_480_com.android.server.blob.BlobStoreManagerService
05-12 15:23:20.167  1248  1248 D SystemServerTiming: OnBootPhase_480_com.android.server.dreams.DreamManagerService
05-12 15:23:20.167  1248  1248 D SystemServerTiming: OnBootPhase_480_com.android.server.print.PrintManagerService
05-12 15:23:20.167  1248  1248 D SystemServerTiming: OnBootPhase_480_com.android.server.security.AttestationVerificationManagerService
05-12 15:23:20.167  1248  1248 D SystemServerTiming: OnBootPhase_480_com.android.server.companion.CompanionDeviceManagerService
05-12 15:23:20.167  1248  1248 D SystemServerTiming: OnBootPhase_480_com.android.server.companion.virtual.VirtualDeviceManagerService
05-12 15:23:20.167  1248  1248 D SystemServerTiming: OnBootPhase_480_com.android.server.restrictions.RestrictionsManagerService
05-12 15:23:20.167  1248  1248 D SystemServerTiming: OnBootPhase_480_com.android.server.media.MediaSessionService
05-12 15:23:20.167  1248  1248 D SystemServerTiming: OnBootPhase_480_com.android.server.media.MediaResourceMonitorService
05-12 15:23:20.167  1248  1248 D SystemServerTiming: OnBootPhase_480_com.android.server.biometrics.sensors.face.FaceService
05-12 15:23:20.167  1248  1248 D SystemServerTiming: OnBootPhase_480_com.android.server.biometrics.sensors.fingerprint.FingerprintService
05-12 15:23:20.167  1248  1248 D SystemServerTiming: OnBootPhase_480_com.android.server.biometrics.BiometricService
05-12 15:23:20.167  1248  1248 D SystemServerTiming: OnBootPhase_480_com.android.server.biometrics.AuthService
05-12 15:23:20.167  1248  1248 D SystemServerTiming: OnBootPhase_480_com.android.server.app.AppLockManagerService$Lifecycle
05-12 15:23:20.167  1248  1248 D SystemServerTiming: OnBootPhase_480_com.android.server.pm.ShortcutService$Lifecycle
05-12 15:23:20.168  1248  1248 D SystemServerTiming: OnBootPhase_480_com.android.server.pm.LauncherAppsService
05-12 15:23:20.168  1248  1248 D SystemServerTiming: OnBootPhase_480_com.android.server.pm.CrossProfileAppsService
05-12 15:23:20.168  1248  1248 D SystemServerTiming: OnBootPhase_480_com.android.server.pocket.PocketService
05-12 15:23:20.168  1248  1248 W PocketService: Un-handled boot phase:480
05-12 15:23:20.168  1248  1248 D SystemServerTiming: OnBootPhase_480_com.android.server.people.PeopleService
05-12 15:23:20.168  1248  1248 D SystemServerTiming: OnBootPhase_480_com.android.server.media.metrics.MediaMetricsManagerService
05-12 15:23:20.168  1248  1248 D SystemServerTiming: OnBootPhase_480_com.android.server.derp.CustomDeviceConfigService
05-12 15:23:20.168  1248  1248 D SystemServerTiming: OnBootPhase_480_com.android.server.vibrator.LinearmotorVibratorService
05-12 15:23:20.168  1248  1248 D SystemServerTiming: OnBootPhase_480_com.android.server.derp.LineageHardwareService
05-12 15:23:20.168  1248  1248 D SystemServerTiming: OnBootPhase_480_com.android.server.derp.display.LiveDisplayService
05-12 15:23:20.168  1248  1248 D SystemServerTiming: OnBootPhase_480_com.android.server.derp.health.HealthInterfaceService
05-12 15:23:20.168  1248  1248 D SystemServerTiming: OnBootPhase_480_com.android.server.media.projection.MediaProjectionManagerService
05-12 15:23:20.168  1248  1248 D SystemServerTiming: OnBootPhase_480_com.android.server.slice.SliceManagerService$Lifecycle
05-12 15:23:20.168  1248  1248 D SystemServerTiming: OnBootPhase_480_com.android.server.stats.StatsCompanion$Lifecycle
05-12 15:23:20.168  1248  1248 D SystemServerTiming: OnBootPhase_480_com.android.server.scheduling.RebootReadinessManagerService$Lifecycle
05-12 15:23:20.168  1248  1248 D SystemServerTiming: OnBootPhase_480_com.android.server.stats.pull.StatsPullAtomService
05-12 15:23:20.169  1248  1248 D SystemServerTiming: OnBootPhase_480_com.android.server.stats.bootstrap.StatsBootstrapAtomService$Lifecycle
05-12 15:23:20.169  1248  1248 D SystemServerTiming: OnBootPhase_480_com.android.server.incident.IncidentCompanionService
05-12 15:23:20.169  1248  1248 D SystemServerTiming: OnBootPhase_480_com.android.server.sdksandbox.SdkSandboxManagerService$Lifecycle
05-12 15:23:20.169  1248  1248 D SystemServerTiming: OnBootPhase_480_com.android.server.adservices.AdServicesManagerService$Lifecycle
05-12 15:23:20.169  1248  1248 D SystemServerTiming: OnBootPhase_480_com.android.server.MmsServiceBroker
05-12 15:23:20.169  1248  1248 D SystemServerTiming: OnBootPhase_480_com.android.server.autofill.AutofillManagerService
05-12 15:23:20.169  1248  1248 D SystemServerTiming: OnBootPhase_480_com.android.server.translation.TranslationManagerService
05-12 15:23:20.169  1248  1248 D SystemServerTiming: OnBootPhase_480_com.android.server.clipboard.ClipboardService
05-12 15:23:20.169  1248  1248 D SystemServerTiming: OnBootPhase_480_com.android.server.appbinding.AppBindingService$Lifecycle
05-12 15:23:20.169  1248  1248 D SystemServerTiming: OnBootPhase_480_com.android.server.tracing.TracingServiceProxy
05-12 15:23:20.169  1248  1248 D SystemServerTiming: StartBootPhaseSystemServicesReady
05-12 15:23:20.169  1248  1248 I SystemServiceManager: Starting phase 500
05-12 15:23:20.169  1248  1248 D SystemServerTiming: OnBootPhase_500
05-12 15:23:20.169  1248  1248 D SystemServerTiming: OnBootPhase_500_com.android.server.security.FileIntegrityService
05-12 15:23:20.169  1248  1248 D SystemServerTiming: OnBootPhase_500_com.android.server.pm.Installer
05-12 15:23:20.169  1248  1248 D SystemServerTiming: OnBootPhase_500_com.android.server.os.DeviceIdentifiersPolicyService
05-12 15:23:20.169  1248  1248 D SystemServerTiming: OnBootPhase_500_com.android.server.uri.UriGrantsManagerService$Lifecycle
05-12 15:23:20.169  1248  1248 D SystemServerTiming: OnBootPhase_500_com.android.server.powerstats.PowerStatsService
05-12 15:23:20.170  1248  1248 E StatsPullAtomCallbackImpl: Failed to start PowerStatsService statsd pullers
05-12 15:23:20.170  1248  1248 D SystemServerTiming: OnBootPhase_500_com.android.server.wm.ActivityTaskManagerService$Lifecycle
05-12 15:23:20.170  1248  1248 D SystemServerTiming: OnBootPhase_500_com.android.server.am.ActivityManagerService$Lifecycle
05-12 15:23:20.172  1248  1248 E BatteryStatsService: Could not register PowerStatsInternal
05-12 15:23:20.173  1248  1248 D SystemServerTiming: OnBootPhase_500_com.android.server.pm.DataLoaderManagerService
05-12 15:23:20.173  1248  1248 D SystemServerTiming: OnBootPhase_500_com.android.server.power.PowerManagerService
05-12 15:23:20.174  1248  1248 I AttentionDetector: readValuesFromDeviceConfig():
05-12 15:23:20.174  1248  1248 I AttentionDetector: mMaximumExtensionMillis=330000
05-12 15:23:20.174  1248  1248 I AttentionDetector: mPreDimCheckDurationMillis=2100
05-12 15:23:20.174  1248  1248 I AttentionDetector: mRequestedPostDimTimeoutMillis=0
05-12 15:23:20.177  1248  1248 W BrightnessThrottler: DeviceConfig BrightnessThrottlingData is null
05-12 15:23:20.178  1248  1248 E DisplayPowerController[0]: failed to set up display white-balance: java.lang.IllegalStateException: cannot find sensor com.google.sensor.color
05-12 15:23:20.184  1248  1248 I FaceDownDetector: readValuesFromDeviceConfig():
05-12 15:23:20.184  1248  1248 I FaceDownDetector: mAccelerationThreshold=0.2
05-12 15:23:20.184  1248  1248 I FaceDownDetector: mZAccelerationThreshold=-9.5
05-12 15:23:20.184  1248  1248 I FaceDownDetector: mTimeThreshold=PT1S
05-12 15:23:20.184  1248  1248 I FaceDownDetector: mIsEnabled=true
05-12 15:23:20.184  1248  1296 W KeyguardServiceDelegate: onScreenTurningOn(): no keyguard service!
