05-26 23:04:23.391  1259  1259 D SystemServerTiming: OnBootPhase_520_com.android.server.pm.StagingManager$Lifecycle
05-26 23:04:23.391  1259  1259 V SystemServerTiming: OnBootPhase_520_com.android.server.pm.StagingManager$Lifecycle took to complete: 0ms
05-26 23:04:23.391  1259  1259 D SystemServerTiming: OnBootPhase_520_com.android.server.app.GameManagerService$Lifecycle
05-26 23:04:23.391  1259  1259 V SystemServerTiming: OnBootPhase_520_com.android.server.app.GameManagerService$Lifecycle took to complete: 0ms
05-26 23:04:23.391  1259  1259 V SystemServerTiming: OnBootPhase_520 took to complete: 79ms
05-26 23:04:23.391  1259  1259 V SystemServerTiming: StartBootPhaseDeviceSpecificServicesReady took to complete: 79ms
05-26 23:04:23.392  1259  1259 D SystemServerTiming: StartSafetyCenterService
05-26 23:04:23.392  1259  1259 I SystemServiceManager: Starting com.android.safetycenter.SafetyCenterService
05-26 23:04:23.426  1259  1259 V SystemServerTiming: StartSafetyCenterService took to complete: 34ms
05-26 23:04:23.426  1259  1259 D SystemServerTiming: AppSearchModule
05-26 23:04:23.430  1259  1259 I SystemServiceManager: Starting com.android.server.appsearch.AppSearchModule$Lifecycle
05-26 23:04:23.481  1259  1259 V SystemServerTiming: AppSearchModule took to complete: 54ms
05-26 23:04:23.481  1259  1259 D SystemServerTiming: StartMediaCommunicationService
05-26 23:04:23.483  1259  1259 I SystemServiceManager: Starting com.android.server.media.MediaCommunicationService
05-26 23:04:23.488  1259  1259 V SystemServerTiming: StartMediaCommunicationService took to complete: 7ms
05-26 23:04:23.488  1259  1259 D SystemServerTiming: AppCompatOverridesService
05-26 23:04:23.489  1259  1259 I SystemServiceManager: Starting com.android.server.compat.overrides.AppCompatOverridesService$Lifecycle
05-26 23:04:23.494  1259  1259 V SystemServerTiming: AppCompatOverridesService took to complete: 5ms
05-26 23:04:23.494  1259  1259 D SystemServerTiming: StartParallelSpaceManagerService
05-26 23:04:23.497  1259  1259 I SystemServiceManager: Starting com.android.server.derp.ParallelSpaceManagerService
05-26 23:04:23.511  1259  1259 V SystemServerTiming: StartParallelSpaceManagerService took to complete: 16ms
05-26 23:04:23.511  1259  1259 D SystemServerTiming: PhaseActivityManagerReady
05-26 23:04:23.511  1259  1259 D SystemServerTiming: controllersReady
05-26 23:04:23.529  1259  1316 D SystemServerTimingAsync: InitThreadPoolExec:Update app-ops uidState in case package com.golgappa.studyrays changed
05-26 23:04:23.530  1259  1316 D SystemServerInitThreadPool: Started executing Update app-ops uidState in case package com.golgappa.studyrays changed
05-26 23:04:23.530  1259  1327 D SystemServerTimingAsync: InitThreadPoolExec:Update app-ops uidState in case package com.google.android.apps.youtube.music changed
05-26 23:04:23.530  1259  1327 D SystemServerInitThreadPool: Started executing Update app-ops uidState in case package com.google.android.apps.youtube.music changed
05-26 23:04:23.530  1259  1341 D SystemServerTimingAsync: InitThreadPoolExec:Update app-ops uidState in case package oss.krtirtho.spotube changed
05-26 23:04:23.531  1259  1352 D SystemServerTimingAsync: InitThreadPoolExec:Update app-ops uidState in case package com.google.android.videos changed
05-26 23:04:23.531  1259  1355 D SystemServerTimingAsync: InitThreadPoolExec:Update app-ops uidState in case package com.github.android changed
05-26 23:04:23.531  1259  1341 D SystemServerInitThreadPool: Started executing Update app-ops uidState in case package oss.krtirtho.spotube changed
05-26 23:04:23.531  1259  1352 D SystemServerInitThreadPool: Started executing Update app-ops uidState in case package com.google.android.videos changed
05-26 23:04:23.531  1259  1355 D SystemServerInitThreadPool: Started executing Update app-ops uidState in case package com.github.android changed
05-26 23:04:23.532  1259  1310 D SystemServerTimingAsync: InitThreadPoolExec:Update app-ops uidState in case package com.microsoft.office.word changed
05-26 23:04:23.532  1259  1283 D SystemServerTimingAsync: InitThreadPoolExec:Update app-ops uidState in case package idm.internet.download.manager.plus changed
05-26 23:04:23.532  1259  1310 D SystemServerInitThreadPool: Started executing Update app-ops uidState in case package com.microsoft.office.word changed
05-26 23:04:23.532  1259  1283 D SystemServerInitThreadPool: Started executing Update app-ops uidState in case package idm.internet.download.manager.plus changed
05-26 23:04:23.562  1259  1316 D SystemServerInitThreadPool: Finished executing Update app-ops uidState in case package com.golgappa.studyrays changed
05-26 23:04:23.562  1259  1352 D SystemServerInitThreadPool: Finished executing Update app-ops uidState in case package com.google.android.videos changed
05-26 23:04:23.563  1259  1316 V SystemServerTimingAsync: InitThreadPoolExec:Update app-ops uidState in case package com.golgappa.studyrays changed took to complete: 33ms
05-26 23:04:23.563  1259  1352 V SystemServerTimingAsync: InitThreadPoolExec:Update app-ops uidState in case package com.google.android.videos changed took to complete: 32ms
05-26 23:04:23.563  1259  1352 D SystemServerTimingAsync: InitThreadPoolExec:Update app-ops uidState in case package com.bittorrent.client changed
05-26 23:04:23.563  1259  1316 D SystemServerTimingAsync: InitThreadPoolExec:Update app-ops uidState in case package com.google.android.apps.docs changed
05-26 23:04:23.563  1259  1352 D SystemServerInitThreadPool: Started executing Update app-ops uidState in case package com.bittorrent.client changed
05-26 23:04:23.563  1259  1355 D SystemServerInitThreadPool: Finished executing Update app-ops uidState in case package com.github.android changed
05-26 23:04:23.563  1259  1316 D SystemServerInitThreadPool: Started executing Update app-ops uidState in case package com.google.android.apps.docs changed
05-26 23:04:23.564  1259  1355 V SystemServerTimingAsync: InitThreadPoolExec:Update app-ops uidState in case package com.github.android changed took to complete: 33ms
05-26 23:04:23.564  1259  1352 D SystemServerInitThreadPool: Finished executing Update app-ops uidState in case package com.bittorrent.client changed
05-26 23:04:23.564  1259  1355 D SystemServerTimingAsync: InitThreadPoolExec:Update app-ops uidState in case package app.netmirror.netmirrornew changed
05-26 23:04:23.564  1259  1352 V SystemServerTimingAsync: InitThreadPoolExec:Update app-ops uidState in case package com.bittorrent.client changed took to complete: 0ms
05-26 23:04:23.564  1259  1355 D SystemServerInitThreadPool: Started executing Update app-ops uidState in case package app.netmirror.netmirrornew changed
05-26 23:04:23.564  1259  1283 D SystemServerInitThreadPool: Finished executing Update app-ops uidState in case package idm.internet.download.manager.plus changed
05-26 23:04:23.564  1259  1283 V SystemServerTimingAsync: InitThreadPoolExec:Update app-ops uidState in case package idm.internet.download.manager.plus changed took to complete: 33ms
05-26 23:04:23.564  1259  1352 D SystemServerTimingAsync: InitThreadPoolExec:Update app-ops uidState in case package com.termux changed
05-26 23:04:23.564  1259  1341 D SystemServerInitThreadPool: Finished executing Update app-ops uidState in case package oss.krtirtho.spotube changed
05-26 23:04:23.565  1259  1327 D SystemServerInitThreadPool: Finished executing Update app-ops uidState in case package com.google.android.apps.youtube.music changed
05-26 23:04:23.565  1259  1316 D SystemServerInitThreadPool: Finished executing Update app-ops uidState in case package com.google.android.apps.docs changed
05-26 23:04:23.565  1259  1352 D SystemServerInitThreadPool: Started executing Update app-ops uidState in case package com.termux changed
05-26 23:04:23.565  1259  1283 D SystemServerTimingAsync: InitThreadPoolExec:Update app-ops uidState in case package com.google.android.apps.bard changed
05-26 23:04:23.565  1259  1316 V SystemServerTimingAsync: InitThreadPoolExec:Update app-ops uidState in case package com.google.android.apps.docs changed took to complete: 1ms
05-26 23:04:23.565  1259  1283 D SystemServerInitThreadPool: Started executing Update app-ops uidState in case package com.google.android.apps.bard changed
05-26 23:04:23.565  1259  1341 V SystemServerTimingAsync: InitThreadPoolExec:Update app-ops uidState in case package oss.krtirtho.spotube changed took to complete: 35ms
05-26 23:04:23.565  1259  1316 D SystemServerTimingAsync: InitThreadPoolExec:Update app-ops uidState in case package com.tananaev.logcat changed
05-26 23:04:23.565  1259  1310 D SystemServerInitThreadPool: Finished executing Update app-ops uidState in case package com.microsoft.office.word changed
05-26 23:04:23.565  1259  1341 D SystemServerTimingAsync: InitThreadPoolExec:Update app-ops uidState in case package com.tempmail changed
05-26 23:04:23.565  1259  1316 D SystemServerInitThreadPool: Started executing Update app-ops uidState in case package com.tananaev.logcat changed
05-26 23:04:23.565  1259  1310 V SystemServerTimingAsync: InitThreadPoolExec:Update app-ops uidState in case package com.microsoft.office.word changed took to complete: 34ms
05-26 23:04:23.566  1259  1341 D SystemServerInitThreadPool: Started executing Update app-ops uidState in case package com.tempmail changed
05-26 23:04:23.566  1259  1352 D SystemServerInitThreadPool: Finished executing Update app-ops uidState in case package com.termux changed
05-26 23:04:23.566  1259  1310 D SystemServerTimingAsync: InitThreadPoolExec:Update app-ops uidState in case package com.openai.chatgpt changed
05-26 23:04:23.566  1259  1352 V SystemServerTimingAsync: InitThreadPoolExec:Update app-ops uidState in case package com.termux changed took to complete: 1ms
05-26 23:04:23.566  1259  1316 D SystemServerInitThreadPool: Finished executing Update app-ops uidState in case package com.tananaev.logcat changed
05-26 23:04:23.566  1259  1310 D SystemServerInitThreadPool: Started executing Update app-ops uidState in case package com.openai.chatgpt changed
05-26 23:04:23.566  1259  1341 D SystemServerInitThreadPool: Finished executing Update app-ops uidState in case package com.tempmail changed
05-26 23:04:23.566  1259  1316 V SystemServerTimingAsync: InitThreadPoolExec:Update app-ops uidState in case package com.tananaev.logcat changed took to complete: 0ms
05-26 23:04:23.566  1259  1352 D SystemServerTimingAsync: InitThreadPoolExec:Update app-ops uidState in case package com.f0x1d.logfox changed
05-26 23:04:23.566  1259  1341 V SystemServerTimingAsync: InitThreadPoolExec:Update app-ops uidState in case package com.tempmail changed took to complete: 1ms
05-26 23:04:23.566  1259  1316 D SystemServerTimingAsync: InitThreadPoolExec:Update app-ops uidState in case package com.oyeah.alpha changed
05-26 23:04:23.566  1259  1352 D SystemServerInitThreadPool: Started executing Update app-ops uidState in case package com.f0x1d.logfox changed
05-26 23:04:23.566  1259  1310 D SystemServerInitThreadPool: Finished executing Update app-ops uidState in case package com.openai.chatgpt changed
05-26 23:04:23.566  1259  1316 D SystemServerInitThreadPool: Started executing Update app-ops uidState in case package com.oyeah.alpha changed
05-26 23:04:23.566  1259  1327 V SystemServerTimingAsync: InitThreadPoolExec:Update app-ops uidState in case package com.google.android.apps.youtube.music changed took to complete: 34ms
05-26 23:04:23.567  1259  1355 D SystemServerInitThreadPool: Finished executing Update app-ops uidState in case package app.netmirror.netmirrornew changed
05-26 23:04:23.567  1259  1341 D SystemServerTimingAsync: InitThreadPoolExec:Update app-ops uidState in case package com.discord changed
05-26 23:04:23.567  1259  1352 D SystemServerInitThreadPool: Finished executing Update app-ops uidState in case package com.f0x1d.logfox changed
05-26 23:04:23.567  1259  1355 V SystemServerTimingAsync: InitThreadPoolExec:Update app-ops uidState in case package app.netmirror.netmirrornew changed took to complete: 3ms
05-26 23:04:23.567  1259  1283 D SystemServerInitThreadPool: Finished executing Update app-ops uidState in case package com.google.android.apps.bard changed
05-26 23:04:23.567  1259  1327 D SystemServerTimingAsync: InitThreadPoolExec:Update app-ops uidState in case package com.medium.reader changed
05-26 23:04:23.567  1259  1355 D SystemServerTimingAsync: InitThreadPoolExec:Update app-ops uidState in case package tw.nekomimi.nekogram changed
05-26 23:04:23.567  1259  1352 V SystemServerTimingAsync: InitThreadPoolExec:Update app-ops uidState in case package com.f0x1d.logfox changed took to complete: 0ms
05-26 23:04:23.567  1259  1327 D SystemServerInitThreadPool: Started executing Update app-ops uidState in case package com.medium.reader changed
05-26 23:04:23.567  1259  1283 V SystemServerTimingAsync: InitThreadPoolExec:Update app-ops uidState in case package com.google.android.apps.bard changed took to complete: 3ms
05-26 23:04:23.567  1259  1355 D SystemServerInitThreadPool: Started executing Update app-ops uidState in case package tw.nekomimi.nekogram changed
05-26 23:04:23.567  1259  1352 D SystemServerTimingAsync: InitThreadPoolExec:Update app-ops uidState in case package com.whatsapp changed
05-26 23:04:23.567  1259  1283 D SystemServerTimingAsync: InitThreadPoolExec:Update app-ops uidState in case package com.google.android.youtube changed
05-26 23:04:23.568  1259  1341 D SystemServerInitThreadPool: Started executing Update app-ops uidState in case package com.discord changed
05-26 23:04:23.568  1259  1352 D SystemServerInitThreadPool: Started executing Update app-ops uidState in case package com.whatsapp changed
05-26 23:04:23.568  1259  1355 D SystemServerInitThreadPool: Finished executing Update app-ops uidState in case package tw.nekomimi.nekogram changed
05-26 23:04:23.568  1259  1283 D SystemServerInitThreadPool: Started executing Update app-ops uidState in case package com.google.android.youtube changed
05-26 23:04:23.568  1259  1341 D SystemServerInitThreadPool: Finished executing Update app-ops uidState in case package com.discord changed
05-26 23:04:23.568  1259  1327 D SystemServerInitThreadPool: Finished executing Update app-ops uidState in case package com.medium.reader changed
05-26 23:04:23.568  1259  1310 V SystemServerTimingAsync: InitThreadPoolExec:Update app-ops uidState in case package com.openai.chatgpt changed took to complete: 3ms
05-26 23:04:23.568  1259  1341 V SystemServerTimingAsync: InitThreadPoolExec:Update app-ops uidState in case package com.discord changed took to complete: 2ms
05-26 23:04:23.568  1259  1327 V SystemServerTimingAsync: InitThreadPoolExec:Update app-ops uidState in case package com.medium.reader changed took to complete: 1ms
05-26 23:04:23.569  1259  1352 D SystemServerInitThreadPool: Finished executing Update app-ops uidState in case package com.whatsapp changed
05-26 23:04:23.569  1259  1310 D SystemServerTimingAsync: InitThreadPoolExec:Update app-ops uidState in case package com.google.android.gm changed
05-26 23:04:23.569  1259  1341 D SystemServerTimingAsync: InitThreadPoolExec:Update app-ops uidState in case package com.supercell.brawlstars changed
05-26 23:04:23.569  1259  1327 D SystemServerTimingAsync: InitThreadPoolExec:Update app-ops uidState in case package ru.zdevs.zarchiver changed
05-26 23:04:23.569  1259  1352 V SystemServerTimingAsync: InitThreadPoolExec:Update app-ops uidState in case package com.whatsapp changed took to complete: 1ms
05-26 23:04:23.569  1259  1310 D SystemServerInitThreadPool: Started executing Update app-ops uidState in case package com.google.android.gm changed
05-26 23:04:23.569  1259  1341 D SystemServerInitThreadPool: Started executing Update app-ops uidState in case package com.supercell.brawlstars changed
05-26 23:04:23.569  1259  1352 D SystemServerTimingAsync: InitThreadPoolExec:Update app-ops uidState in case package com.android.providers.media.module changed
05-26 23:04:23.569  1259  1283 D SystemServerInitThreadPool: Finished executing Update app-ops uidState in case package com.google.android.youtube changed
05-26 23:04:23.569  1259  1283 V SystemServerTimingAsync: InitThreadPoolExec:Update app-ops uidState in case package com.google.android.youtube changed took to complete: 2ms
05-26 23:04:23.569  1259  1327 D SystemServerInitThreadPool: Started executing Update app-ops uidState in case package ru.zdevs.zarchiver changed
05-26 23:04:23.569  1259  1352 D SystemServerInitThreadPool: Started executing Update app-ops uidState in case package com.android.providers.media.module changed
05-26 23:04:23.570  1259  1310 D SystemServerInitThreadPool: Finished executing Update app-ops uidState in case package com.google.android.gm changed
05-26 23:04:23.570  1259  1283 D SystemServerTimingAsync: InitThreadPoolExec:Update app-ops uidState in case package com.android.permissioncontroller changed
05-26 23:04:23.570  1259  1355 V SystemServerTimingAsync: InitThreadPoolExec:Update app-ops uidState in case package tw.nekomimi.nekogram changed took to complete: 1ms
05-26 23:04:23.570  1259  1327 D SystemServerInitThreadPool: Finished executing Update app-ops uidState in case package ru.zdevs.zarchiver changed
05-26 23:04:23.570  1259  1355 D SystemServerTimingAsync: InitThreadPoolExec:Update app-ops uidState in case package com.android.cellbroadcastreceiver.module changed
05-26 23:04:23.570  1259  1283 D SystemServerInitThreadPool: Started executing Update app-ops uidState in case package com.android.permissioncontroller changed
05-26 23:04:23.570  1259  1327 V SystemServerTimingAsync: InitThreadPoolExec:Update app-ops uidState in case package ru.zdevs.zarchiver changed took to complete: 2ms
05-26 23:04:23.570  1259  1310 V SystemServerTimingAsync: InitThreadPoolExec:Update app-ops uidState in case package com.google.android.gm changed took to complete: 2ms
05-26 23:04:23.570  1259  1327 D SystemServerTimingAsync: InitThreadPoolExec:Update app-ops uidState in case package android.ext.services changed
05-26 23:04:23.571  1259  1341 D SystemServerInitThreadPool: Finished executing Update app-ops uidState in case package com.supercell.brawlstars changed
05-26 23:04:23.571  1259  1310 D SystemServerTimingAsync: InitThreadPoolExec:Update app-ops uidState in case package com.android.systemui changed
05-26 23:04:23.571  1259  1341 V SystemServerTimingAsync: InitThreadPoolExec:Update app-ops uidState in case package com.supercell.brawlstars changed took to complete: 2ms
05-26 23:04:23.571  1259  1327 D SystemServerInitThreadPool: Started executing Update app-ops uidState in case package android.ext.services changed
05-26 23:04:23.571  1259  1310 D SystemServerInitThreadPool: Started executing Update app-ops uidState in case package com.android.systemui changed
05-26 23:04:23.571  1259  1341 D SystemServerTimingAsync: InitThreadPoolExec:Update app-ops uidState in case package org.derpfest.prospect changed
05-26 23:04:23.571  1259  1316 D SystemServerInitThreadPool: Finished executing Update app-ops uidState in case package com.oyeah.alpha changed
05-26 23:04:23.571  1259  1341 D SystemServerInitThreadPool: Started executing Update app-ops uidState in case package org.derpfest.prospect changed
05-26 23:04:23.571  1259  1316 V SystemServerTimingAsync: InitThreadPoolExec:Update app-ops uidState in case package com.oyeah.alpha changed took to complete: 5ms
05-26 23:04:23.572  1259  1355 D SystemServerInitThreadPool: Started executing Update app-ops uidState in case package com.android.cellbroadcastreceiver.module changed
05-26 23:04:23.572  1259  1316 D SystemServerTimingAsync: InitThreadPoolExec:Update app-ops uidState in case package com.android.launcher3 changed
05-26 23:04:23.572  1259  1316 D SystemServerInitThreadPool: Started executing Update app-ops uidState in case package com.android.launcher3 changed
05-26 23:04:23.573  1259  1283 D SystemServerInitThreadPool: Finished executing Update app-ops uidState in case package com.android.permissioncontroller changed
05-26 23:04:23.573  1259  1327 D SystemServerInitThreadPool: Finished executing Update app-ops uidState in case package android.ext.services changed
05-26 23:04:23.573  1259  1283 V SystemServerTimingAsync: InitThreadPoolExec:Update app-ops uidState in case package com.android.permissioncontroller changed took to complete: 3ms
05-26 23:04:23.573  1259  1327 V SystemServerTimingAsync: InitThreadPoolExec:Update app-ops uidState in case package android.ext.services changed took to complete: 3ms
05-26 23:04:23.573  1259  1283 D SystemServerTimingAsync: InitThreadPoolExec:Update app-ops uidState in case package org.calyxos.panic changed
05-26 23:04:23.573  1259  1327 D SystemServerTimingAsync: InitThreadPoolExec:Update app-ops uidState in case package com.google.android.pixel.setupwizard changed
05-26 23:04:23.574  1259  1283 D SystemServerInitThreadPool: Started executing Update app-ops uidState in case package org.calyxos.panic changed
05-26 23:04:23.574  1259  1327 D SystemServerInitThreadPool: Started executing Update app-ops uidState in case package com.google.android.pixel.setupwizard changed
05-26 23:04:23.574  1259  1283 D SystemServerInitThreadPool: Finished executing Update app-ops uidState in case package org.calyxos.panic changed
05-26 23:04:23.575  1259  1283 V SystemServerTimingAsync: InitThreadPoolExec:Update app-ops uidState in case package org.calyxos.panic changed took to complete: 1ms
05-26 23:04:23.575  1259  1310 D SystemServerInitThreadPool: Finished executing Update app-ops uidState in case package com.android.systemui changed
05-26 23:04:23.575  1259  1352 D SystemServerInitThreadPool: Finished executing Update app-ops uidState in case package com.android.providers.media.module changed
05-26 23:04:23.575  1259  1310 V SystemServerTimingAsync: InitThreadPoolExec:Update app-ops uidState in case package com.android.systemui changed took to complete: 4ms
05-26 23:04:23.575  1259  1283 D SystemServerTimingAsync: InitThreadPoolExec:Update app-ops uidState in case package com.android.wallpaper changed
05-26 23:04:23.575  1259  1355 D SystemServerInitThreadPool: Finished executing Update app-ops uidState in case package com.android.cellbroadcastreceiver.module changed
05-26 23:04:23.575  1259  1310 D SystemServerTimingAsync: InitThreadPoolExec:Update app-ops uidState in case package com.google.android.apps.photos changed
05-26 23:04:23.575  1259  1283 D SystemServerInitThreadPool: Started executing Update app-ops uidState in case package com.android.wallpaper changed
05-26 23:04:23.575  1259  1355 V SystemServerTimingAsync: InitThreadPoolExec:Update app-ops uidState in case package com.android.cellbroadcastreceiver.module changed took to complete: 5ms
05-26 23:04:23.575  1259  1316 D SystemServerInitThreadPool: Finished executing Update app-ops uidState in case package com.android.launcher3 changed
05-26 23:04:23.575  1259  1310 D SystemServerInitThreadPool: Started executing Update app-ops uidState in case package com.google.android.apps.photos changed
05-26 23:04:23.576  1259  1327 D SystemServerInitThreadPool: Finished executing Update app-ops uidState in case package com.google.android.pixel.setupwizard changed
05-26 23:04:23.576  1259  1341 D SystemServerInitThreadPool: Finished executing Update app-ops uidState in case package org.derpfest.prospect changed
05-26 23:04:23.576  1259  1316 V SystemServerTimingAsync: InitThreadPoolExec:Update app-ops uidState in case package com.android.launcher3 changed took to complete: 4ms
05-26 23:04:23.576  1259  1355 D SystemServerTimingAsync: InitThreadPoolExec:Update app-ops uidState in case package com.google.android.gms.location.history changed
05-26 23:04:23.576  1259  1327 V SystemServerTimingAsync: InitThreadPoolExec:Update app-ops uidState in case package com.google.android.pixel.setupwizard changed took to complete: 2ms
05-26 23:04:23.576  1259  1341 V SystemServerTimingAsync: InitThreadPoolExec:Update app-ops uidState in case package org.derpfest.prospect changed took to complete: 4ms
05-26 23:04:23.576  1259  1316 D SystemServerTimingAsync: InitThreadPoolExec:Update app-ops uidState in case package com.google.android.calculator changed
05-26 23:04:23.576  1259  1310 D SystemServerInitThreadPool: Finished executing Update app-ops uidState in case package com.google.android.apps.photos changed
05-26 23:04:23.576  1259  1355 D SystemServerInitThreadPool: Started executing Update app-ops uidState in case package com.google.android.gms.location.history changed
05-26 23:04:23.576  1259  1316 D SystemServerInitThreadPool: Started executing Update app-ops uidState in case package com.google.android.calculator changed
05-26 23:04:23.576  1259  1310 V SystemServerTimingAsync: InitThreadPoolExec:Update app-ops uidState in case package com.google.android.apps.photos changed took to complete: 1ms
05-26 23:04:23.576  1259  1310 D SystemServerTimingAsync: InitThreadPoolExec:Update app-ops uidState in case package org.derpfest.flash changed
05-26 23:04:23.576  1259  1355 D SystemServerInitThreadPool: Finished executing Update app-ops uidState in case package com.google.android.gms.location.history changed
05-26 23:04:23.576  1259  1327 D SystemServerTimingAsync: InitThreadPoolExec:Update app-ops uidState in case package com.google.android.calendar changed
05-26 23:04:23.576  1259  1341 D SystemServerTimingAsync: InitThreadPoolExec:Update app-ops uidState in case package com.google.android.deskclock changed
05-26 23:04:23.577  1259  1310 D SystemServerInitThreadPool: Started executing Update app-ops uidState in case package org.derpfest.flash changed
05-26 23:04:23.577  1259  1355 V SystemServerTimingAsync: InitThreadPoolExec:Update app-ops uidState in case package com.google.android.gms.location.history changed took to complete: 1ms
05-26 23:04:23.577  1259  1327 D SystemServerInitThreadPool: Started executing Update app-ops uidState in case package com.google.android.calendar changed
05-26 23:04:23.577  1259  1341 D SystemServerInitThreadPool: Started executing Update app-ops uidState in case package com.google.android.deskclock changed
05-26 23:04:23.577  1259  1352 V SystemServerTimingAsync: InitThreadPoolExec:Update app-ops uidState in case package com.android.providers.media.module changed took to complete: 6ms
05-26 23:04:23.577  1259  1355 D SystemServerTimingAsync: InitThreadPoolExec:Update app-ops uidState in case package org.calyxos.ripple changed
05-26 23:04:23.577  1259  1352 D SystemServerTimingAsync: InitThreadPoolExec:Update app-ops uidState in case package com.google.android.contacts changed
05-26 23:04:23.577  1259  1355 D SystemServerInitThreadPool: Started executing Update app-ops uidState in case package org.calyxos.ripple changed
05-26 23:04:23.578  1259  1310 D SystemServerInitThreadPool: Finished executing Update app-ops uidState in case package org.derpfest.flash changed
05-26 23:04:23.578  1259  1310 V SystemServerTimingAsync: InitThreadPoolExec:Update app-ops uidState in case package org.derpfest.flash changed took to complete: 2ms
05-26 23:04:23.579  1259  1327 D SystemServerInitThreadPool: Finished executing Update app-ops uidState in case package com.google.android.calendar changed
05-26 23:04:23.579  1259  1341 D SystemServerInitThreadPool: Finished executing Update app-ops uidState in case package com.google.android.deskclock changed
05-26 23:04:23.579  1259  1341 V SystemServerTimingAsync: InitThreadPoolExec:Update app-ops uidState in case package com.google.android.deskclock changed took to complete: 2ms
05-26 23:04:23.579  1259  1327 V SystemServerTimingAsync: InitThreadPoolExec:Update app-ops uidState in case package com.google.android.calendar changed took to complete: 2ms
05-26 23:04:23.579  1259  1341 D SystemServerTimingAsync: InitThreadPoolExec:Update app-ops uidState in case package com.google.android.accessibility.soundamplifier changed
05-26 23:04:23.580  1259  1310 D SystemServerTimingAsync: InitThreadPoolExec:Update app-ops uidState in case package com.google.android.tts changed
05-26 23:04:23.580  1259  1355 D SystemServerInitThreadPool: Finished executing Update app-ops uidState in case package org.calyxos.ripple changed
05-26 23:04:23.580  1259  1341 D SystemServerInitThreadPool: Started executing Update app-ops uidState in case package com.google.android.accessibility.soundamplifier changed
05-26 23:04:23.580  1259  1310 D SystemServerInitThreadPool: Started executing Update app-ops uidState in case package com.google.android.tts changed
05-26 23:04:23.580  1259  1355 V SystemServerTimingAsync: InitThreadPoolExec:Update app-ops uidState in case package org.calyxos.ripple changed took to complete: 2ms
05-26 23:04:23.580  1259  1352 D SystemServerInitThreadPool: Started executing Update app-ops uidState in case package com.google.android.contacts changed
05-26 23:04:23.580  1259  1316 D SystemServerInitThreadPool: Finished executing Update app-ops uidState in case package com.google.android.calculator changed
05-26 23:04:23.580  1259  1341 D SystemServerInitThreadPool: Finished executing Update app-ops uidState in case package com.google.android.accessibility.soundamplifier changed
05-26 23:04:23.580  1259  1327 D SystemServerTimingAsync: InitThreadPoolExec:Update app-ops uidState in case package com.google.android.inputmethod.latin changed
05-26 23:04:23.580  1259  1310 D SystemServerInitThreadPool: Finished executing Update app-ops uidState in case package com.google.android.tts changed
05-26 23:04:23.580  1259  1341 V SystemServerTimingAsync: InitThreadPoolExec:Update app-ops uidState in case package com.google.android.accessibility.soundamplifier changed took to complete: 1ms
05-26 23:04:23.580  1259  1355 D SystemServerTimingAsync: InitThreadPoolExec:Update app-ops uidState in case package com.google.android.marvin.talkback changed
05-26 23:04:23.580  1259  1327 D SystemServerInitThreadPool: Started executing Update app-ops uidState in case package com.google.android.inputmethod.latin changed
05-26 23:04:23.581  1259  1310 V SystemServerTimingAsync: InitThreadPoolExec:Update app-ops uidState in case package com.google.android.tts changed took to complete: 1ms
05-26 23:04:23.581  1259  1316 V SystemServerTimingAsync: InitThreadPoolExec:Update app-ops uidState in case package com.google.android.calculator changed took to complete: 4ms
05-26 23:04:23.581  1259  1310 D SystemServerTimingAsync: InitThreadPoolExec:Update app-ops uidState in case package com.android.chrome changed
05-26 23:04:23.581  1259  1316 D SystemServerTimingAsync: InitThreadPoolExec:Update app-ops uidState in case package com.google.android.webview changed
05-26 23:04:23.582  1259  1316 D SystemServerInitThreadPool: Started executing Update app-ops uidState in case package com.google.android.webview changed
05-26 23:04:23.582  1259  1327 D SystemServerInitThreadPool: Finished executing Update app-ops uidState in case package com.google.android.inputmethod.latin changed
05-26 23:04:23.582  1259  1341 D SystemServerTimingAsync: InitThreadPoolExec:Update app-ops uidState in case package org.akanework.symphonica changed
05-26 23:04:23.582  1259  1327 V SystemServerTimingAsync: InitThreadPoolExec:Update app-ops uidState in case package com.google.android.inputmethod.latin changed took to complete: 1ms
05-26 23:04:23.582  1259  1341 D SystemServerInitThreadPool: Started executing Update app-ops uidState in case package org.akanework.symphonica changed
05-26 23:04:23.582  1259  1316 D SystemServerInitThreadPool: Finished executing Update app-ops uidState in case package com.google.android.webview changed
05-26 23:04:23.582  1259  1327 D SystemServerTimingAsync: InitThreadPoolExec:Update app-ops uidState in case package com.google.android.markup changed
05-26 23:04:23.582  1259  1341 D SystemServerInitThreadPool: Finished executing Update app-ops uidState in case package org.akanework.symphonica changed
05-26 23:04:23.583  1259  1316 V SystemServerTimingAsync: InitThreadPoolExec:Update app-ops uidState in case package com.google.android.webview changed took to complete: 1ms
05-26 23:04:23.583  1259  1327 D SystemServerInitThreadPool: Started executing Update app-ops uidState in case package com.google.android.markup changed
05-26 23:04:23.583  1259  1341 V SystemServerTimingAsync: InitThreadPoolExec:Update app-ops uidState in case package org.akanework.symphonica changed took to complete: 1ms
05-26 23:04:23.583  1259  1316 D SystemServerTimingAsync: InitThreadPoolExec:Update app-ops uidState in case package com.android.vending changed
05-26 23:04:23.583  1259  1341 D SystemServerTimingAsync: InitThreadPoolExec:Update app-ops uidState in case package com.google.android.apps.nbu.files changed
05-26 23:04:23.583  1259  1316 D SystemServerInitThreadPool: Started executing Update app-ops uidState in case package com.android.vending changed
05-26 23:04:23.583  1259  1327 D SystemServerInitThreadPool: Finished executing Update app-ops uidState in case package com.google.android.markup changed
05-26 23:04:23.583  1259  1341 D SystemServerInitThreadPool: Started executing Update app-ops uidState in case package com.google.android.apps.nbu.files changed
05-26 23:04:23.583  1259  1283 D SystemServerInitThreadPool: Finished executing Update app-ops uidState in case package com.android.wallpaper changed
05-26 23:04:23.583  1259  1327 V SystemServerTimingAsync: InitThreadPoolExec:Update app-ops uidState in case package com.google.android.markup changed took to complete: 1ms
05-26 23:04:23.584  1259  1341 D SystemServerInitThreadPool: Finished executing Update app-ops uidState in case package com.google.android.apps.nbu.files changed
05-26 23:04:23.584  1259  1355 D SystemServerInitThreadPool: Started executing Update app-ops uidState in case package com.google.android.marvin.talkback changed
05-26 23:04:23.584  1259  1310 D SystemServerInitThreadPool: Started executing Update app-ops uidState in case package com.android.chrome changed
05-26 23:04:23.584  1259  1283 V SystemServerTimingAsync: InitThreadPoolExec:Update app-ops uidState in case package com.android.wallpaper changed took to complete: 8ms
05-26 23:04:23.584  1259  1327 D SystemServerTimingAsync: InitThreadPoolExec:Update app-ops uidState in case package com.google.android.googlequicksearchbox changed
05-26 23:04:23.584  1259  1341 V SystemServerTimingAsync: InitThreadPoolExec:Update app-ops uidState in case package com.google.android.apps.nbu.files changed took to complete: 0ms
05-26 23:04:23.584  1259  1355 D SystemServerInitThreadPool: Finished executing Update app-ops uidState in case package com.google.android.marvin.talkback changed
05-26 23:04:23.585  1259  1327 D SystemServerInitThreadPool: Started executing Update app-ops uidState in case package com.google.android.googlequicksearchbox changed
05-26 23:04:23.585  1259  1310 D SystemServerInitThreadPool: Finished executing Update app-ops uidState in case package com.android.chrome changed
05-26 23:04:23.585  1259  1341 D SystemServerTimingAsync: InitThreadPoolExec:Update app-ops uidState in case package com.google.android.setupwizard changed
05-26 23:04:23.585  1259  1355 V SystemServerTimingAsync: InitThreadPoolExec:Update app-ops uidState in case package com.google.android.marvin.talkback changed took to complete: 4ms
05-26 23:04:23.585  1259  1283 D SystemServerTimingAsync: InitThreadPoolExec:Update app-ops uidState in case package com.google.android.apps.restore changed
05-26 23:04:23.585  1259  1310 V SystemServerTimingAsync: InitThreadPoolExec:Update app-ops uidState in case package com.android.chrome changed took to complete: 3ms
05-26 23:04:23.585  1259  1341 D SystemServerInitThreadPool: Started executing Update app-ops uidState in case package com.google.android.setupwizard changed
05-26 23:04:23.585  1259  1283 D SystemServerInitThreadPool: Started executing Update app-ops uidState in case package com.google.android.apps.restore changed
05-26 23:04:23.585  1259  1352 D SystemServerInitThreadPool: Finished executing Update app-ops uidState in case package com.google.android.contacts changed
05-26 23:04:23.585  1259  1310 D SystemServerTimingAsync: InitThreadPoolExec:Update app-ops uidState in case package com.google.android.partnersetup changed
05-26 23:04:23.585  1259  1316 D SystemServerInitThreadPool: Finished executing Update app-ops uidState in case package com.android.vending changed
05-26 23:04:23.586  1259  1352 V SystemServerTimingAsync: InitThreadPoolExec:Update app-ops uidState in case package com.google.android.contacts changed took to complete: 8ms
05-26 23:04:23.586  1259  1316 V SystemServerTimingAsync: InitThreadPoolExec:Update app-ops uidState in case package com.android.vending changed took to complete: 3ms
05-26 23:04:23.586  1259  1310 D SystemServerInitThreadPool: Started executing Update app-ops uidState in case package com.google.android.partnersetup changed
05-26 23:04:23.586  1259  1283 D SystemServerInitThreadPool: Finished executing Update app-ops uidState in case package com.google.android.apps.restore changed
05-26 23:04:23.586  1259  1316 D SystemServerTimingAsync: InitThreadPoolExec:Update app-ops uidState in case package com.google.android.apps.safetyhub changed
05-26 23:04:23.586  1259  1283 V SystemServerTimingAsync: InitThreadPoolExec:Update app-ops uidState in case package com.google.android.apps.restore changed took to complete: 0ms
05-26 23:04:23.586  1259  1352 D SystemServerTimingAsync: InitThreadPoolExec:Update app-ops uidState in case package com.google.audio.hearing.visualization.accessibility.scribe changed
05-26 23:04:23.586  1259  1310 D SystemServerInitThreadPool: Finished executing Update app-ops uidState in case package com.google.android.partnersetup changed
05-26 23:04:23.586  1259  1352 D SystemServerInitThreadPool: Started executing Update app-ops uidState in case package com.google.audio.hearing.visualization.accessibility.scribe changed
05-26 23:04:23.586  1259  1310 V SystemServerTimingAsync: InitThreadPoolExec:Update app-ops uidState in case package com.google.android.partnersetup changed took to complete: 1ms
05-26 23:04:23.587  1259  1316 D SystemServerInitThreadPool: Started executing Update app-ops uidState in case package com.google.android.apps.safetyhub changed
05-26 23:04:23.587  1259  1310 D SystemServerTimingAsync: InitThreadPoolExec:Update app-ops uidState in case package com.android.imsserviceentitlement changed
05-26 23:04:23.587  1259  1283 D SystemServerTimingAsync: InitThreadPoolExec:Update app-ops uidState in case package com.google.android.apps.turbo changed
05-26 23:04:23.587  1259  1341 D SystemServerInitThreadPool: Finished executing Update app-ops uidState in case package com.google.android.setupwizard changed
05-26 23:04:23.587  1259  1310 D SystemServerInitThreadPool: Started executing Update app-ops uidState in case package com.android.imsserviceentitlement changed
05-26 23:04:23.587  1259  1283 D SystemServerInitThreadPool: Started executing Update app-ops uidState in case package com.google.android.apps.turbo changed
05-26 23:04:23.587  1259  1341 V SystemServerTimingAsync: InitThreadPoolExec:Update app-ops uidState in case package com.google.android.setupwizard changed took to complete: 1ms
05-26 23:04:23.587  1259  1352 D SystemServerInitThreadPool: Finished executing Update app-ops uidState in case package com.google.audio.hearing.visualization.accessibility.scribe changed
05-26 23:04:23.587  1259  1352 V SystemServerTimingAsync: InitThreadPoolExec:Update app-ops uidState in case package com.google.audio.hearing.visualization.accessibility.scribe changed took to complete: 1ms
05-26 23:04:23.587  1259  1310 D SystemServerInitThreadPool: Finished executing Update app-ops uidState in case package com.android.imsserviceentitlement changed
05-26 23:04:23.588  1259  1352 D SystemServerTimingAsync: InitThreadPoolExec:Update app-ops uidState in case package com.google.android.apps.messaging changed
05-26 23:04:23.588  1259  1316 D SystemServerInitThreadPool: Finished executing Update app-ops uidState in case package com.google.android.apps.safetyhub changed
05-26 23:04:23.588  1259  1355 D SystemServerTimingAsync: InitThreadPoolExec:Update app-ops uidState in case package com.google.android.apps.wellbeing changed
05-26 23:04:23.588  1259  1283 D SystemServerInitThreadPool: Finished executing Update app-ops uidState in case package com.google.android.apps.turbo changed
05-26 23:04:23.588  1259  1341 D SystemServerTimingAsync: InitThreadPoolExec:Update app-ops uidState in case package com.google.android.projection.gearhead changed
05-26 23:04:23.588  1259  1310 V SystemServerTimingAsync: InitThreadPoolExec:Update app-ops uidState in case package com.android.imsserviceentitlement changed took to complete: 2ms
05-26 23:04:23.589  1259  1283 V SystemServerTimingAsync: InitThreadPoolExec:Update app-ops uidState in case package com.google.android.apps.turbo changed took to complete: 2ms
05-26 23:04:23.589  1259  1316 V SystemServerTimingAsync: InitThreadPoolExec:Update app-ops uidState in case package com.google.android.apps.safetyhub changed took to complete: 2ms
05-26 23:04:23.589  1259  1341 D SystemServerInitThreadPool: Started executing Update app-ops uidState in case package com.google.android.projection.gearhead changed
05-26 23:04:23.589  1259  1355 D SystemServerInitThreadPool: Started executing Update app-ops uidState in case package com.google.android.apps.wellbeing changed
05-26 23:04:23.589  1259  1316 D SystemServerTimingAsync: InitThreadPoolExec:Update app-ops uidState in case package com.google.android.settings.intelligence changed
05-26 23:04:23.589  1259  1316 D SystemServerInitThreadPool: Started executing Update app-ops uidState in case package com.google.android.settings.intelligence changed
05-26 23:04:23.589  1259  1283 D SystemServerTimingAsync: InitThreadPoolExec:Update app-ops uidState in case package com.google.android.apps.security.securityhub changed
05-26 23:04:23.589  1259  1352 D SystemServerInitThreadPool: Started executing Update app-ops uidState in case package com.google.android.apps.messaging changed
05-26 23:04:23.589  1259  1283 D SystemServerInitThreadPool: Started executing Update app-ops uidState in case package com.google.android.apps.security.securityhub changed
05-26 23:04:23.589  1259  1341 D SystemServerInitThreadPool: Finished executing Update app-ops uidState in case package com.google.android.projection.gearhead changed
05-26 23:04:23.589  1259  1310 D SystemServerTimingAsync: InitThreadPoolExec:Update app-ops uidState in case package com.google.android.dialer changed
05-26 23:04:23.590  1259  1341 V SystemServerTimingAsync: InitThreadPoolExec:Update app-ops uidState in case package com.google.android.projection.gearhead changed took to complete: 1ms
05-26 23:04:23.590  1259  1355 D SystemServerInitThreadPool: Finished executing Update app-ops uidState in case package com.google.android.apps.wellbeing changed
05-26 23:04:23.590  1259  1310 D SystemServerInitThreadPool: Started executing Update app-ops uidState in case package com.google.android.dialer changed
05-26 23:04:23.590  1259  1316 D SystemServerInitThreadPool: Finished executing Update app-ops uidState in case package com.google.android.settings.intelligence changed
05-26 23:04:23.590  1259  1341 D SystemServerTimingAsync: InitThreadPoolExec:Update app-ops uidState in case package com.google.android.gms changed
05-26 23:04:23.590  1259  1316 V SystemServerTimingAsync: InitThreadPoolExec:Update app-ops uidState in case package com.google.android.settings.intelligence changed took to complete: 2ms
05-26 23:04:23.590  1259  1341 D SystemServerInitThreadPool: Started executing Update app-ops uidState in case package com.google.android.gms changed
05-26 23:04:23.590  1259  1355 V SystemServerTimingAsync: InitThreadPoolExec:Update app-ops uidState in case package com.google.android.apps.wellbeing changed took to complete: 2ms
05-26 23:04:23.590  1259  1316 D SystemServerTimingAsync: InitThreadPoolExec:Update app-ops uidState in case package com.google.android.gsf changed
05-26 23:04:23.591  1259  1355 D SystemServerTimingAsync: InitThreadPoolExec:Update app-ops uidState in case package com.google.android.as changed
05-26 23:04:23.591  1259  1355 D SystemServerInitThreadPool: Started executing Update app-ops uidState in case package com.google.android.as changed
05-26 23:04:23.596  1259  1316 D SystemServerInitThreadPool: Started executing Update app-ops uidState in case package com.google.android.gsf changed
05-26 23:04:23.596  1259  1310 D SystemServerInitThreadPool: Finished executing Update app-ops uidState in case package com.google.android.dialer changed
05-26 23:04:23.596  1259  1352 D SystemServerInitThreadPool: Finished executing Update app-ops uidState in case package com.google.android.apps.messaging changed
05-26 23:04:23.596  1259  1283 D SystemServerInitThreadPool: Finished executing Update app-ops uidState in case package com.google.android.apps.security.securityhub changed
05-26 23:04:23.596  1259  1310 V SystemServerTimingAsync: InitThreadPoolExec:Update app-ops uidState in case package com.google.android.dialer changed took to complete: 7ms
05-26 23:04:23.596  1259  1352 V SystemServerTimingAsync: InitThreadPoolExec:Update app-ops uidState in case package com.google.android.apps.messaging changed took to complete: 8ms
05-26 23:04:23.596  1259  1283 V SystemServerTimingAsync: InitThreadPoolExec:Update app-ops uidState in case package com.google.android.apps.security.securityhub changed took to complete: 7ms
05-26 23:04:23.597  1259  1352 D SystemServerTimingAsync: InitThreadPoolExec:Update app-ops uidState in case package com.google.android.as.oss changed
05-26 23:04:23.597  1259  1310 D SystemServerTimingAsync: InitThreadPoolExec:Update app-ops uidState in case package com.google.android.apps.recorder changed
05-26 23:04:23.597  1259  1283 D SystemServerTimingAsync: InitThreadPoolExec:Update app-ops uidState in case package com.android.companiondevicemanager changed
05-26 23:04:23.597  1259  1316 D SystemServerInitThreadPool: Finished executing Update app-ops uidState in case package com.google.android.gsf changed
05-26 23:04:23.597  1259  1283 D SystemServerInitThreadPool: Started executing Update app-ops uidState in case package com.android.companiondevicemanager changed
05-26 23:04:23.597  1259  1316 V SystemServerTimingAsync: InitThreadPoolExec:Update app-ops uidState in case package com.google.android.gsf changed took to complete: 7ms
05-26 23:04:23.598  1259  1352 D SystemServerInitThreadPool: Started executing Update app-ops uidState in case package com.google.android.as.oss changed
05-26 23:04:23.598  1259  1355 D SystemServerInitThreadPool: Finished executing Update app-ops uidState in case package com.google.android.as changed
05-26 23:04:23.598  1259  1310 D SystemServerInitThreadPool: Started executing Update app-ops uidState in case package com.google.android.apps.recorder changed
05-26 23:04:23.598  1259  1327 D SystemServerInitThreadPool: Finished executing Update app-ops uidState in case package com.google.android.googlequicksearchbox changed
05-26 23:04:23.598  1259  1316 D SystemServerTimingAsync: InitThreadPoolExec:Update app-ops uidState in case package com.android.printspooler changed
05-26 23:04:23.598  1259  1327 V SystemServerTimingAsync: InitThreadPoolExec:Update app-ops uidState in case package com.google.android.googlequicksearchbox changed took to complete: 14ms
05-26 23:04:23.598  1259  1316 D SystemServerInitThreadPool: Started executing Update app-ops uidState in case package com.android.printspooler changed
05-26 23:04:23.598  1259  1283 D SystemServerInitThreadPool: Finished executing Update app-ops uidState in case package com.android.companiondevicemanager changed
05-26 23:04:23.599  1259  1327 D SystemServerTimingAsync: InitThreadPoolExec:Update app-ops uidState in case package com.android.externalstorage changed
05-26 23:04:23.599  1259  1355 V SystemServerTimingAsync: InitThreadPoolExec:Update app-ops uidState in case package com.google.android.as changed took to complete: 7ms
05-26 23:04:23.599  1259  1283 V SystemServerTimingAsync: InitThreadPoolExec:Update app-ops uidState in case package com.android.companiondevicemanager changed took to complete: 1ms
05-26 23:04:23.599  1259  1310 D SystemServerInitThreadPool: Finished executing Update app-ops uidState in case package com.google.android.apps.recorder changed
05-26 23:04:23.599  1259  1327 D SystemServerInitThreadPool: Started executing Update app-ops uidState in case package com.android.externalstorage changed
05-26 23:04:23.599  1259  1355 D SystemServerTimingAsync: InitThreadPoolExec:Update app-ops uidState in case package org.pixelexperience.faceunlock changed
05-26 23:04:23.599  1259  1316 D SystemServerInitThreadPool: Finished executing Update app-ops uidState in case package com.android.printspooler changed
05-26 23:04:23.599  1259  1310 V SystemServerTimingAsync: InitThreadPoolExec:Update app-ops uidState in case package com.google.android.apps.recorder changed took to complete: 3ms
05-26 23:04:23.599  1259  1352 D SystemServerInitThreadPool: Finished executing Update app-ops uidState in case package com.google.android.as.oss changed
05-26 23:04:23.599  1259  1316 V SystemServerTimingAsync: InitThreadPoolExec:Update app-ops uidState in case package com.android.printspooler changed took to complete: 1ms
05-26 23:04:23.599  1259  1310 D SystemServerTimingAsync: InitThreadPoolExec:Update app-ops uidState in case package com.google.android.packageinstaller changed
05-26 23:04:23.600  1259  1352 V SystemServerTimingAsync: InitThreadPoolExec:Update app-ops uidState in case package com.google.android.as.oss changed took to complete: 3ms
05-26 23:04:23.600  1259  1355 D SystemServerInitThreadPool: Started executing Update app-ops uidState in case package org.pixelexperience.faceunlock changed
