05-12 01:21:51.071  1437  1566 V WindowManagerShell: 	DisplayChangeController init took 1ms
05-12 01:21:51.073  1437  1566 V WindowManagerShell: 	DisplayController init took 3ms
05-12 01:21:51.074  1437  1566 V WindowManagerShell: 	DisplayInsetsController init took 1ms
05-12 01:21:51.075  1437  1566 V WindowManagerShell: 	DisplayImeController init took 0ms
05-12 01:21:51.075  1437  1566 V WindowManagerShell: Adding dump callback for ShellController
05-12 01:21:51.075  1437  1566 V WindowManagerShell: 	ShellController init took 1ms
05-12 01:21:51.075  1437  1566 V WindowManagerShell: 	DragAndDropController init took 0ms
05-12 01:21:51.075  1437  1566 V WindowManagerShell: Adding command class compatui for CompatUIShellCommandHandler
05-12 01:21:51.076  1437  1566 V WindowManagerShell: 	CompatUIController init took 0ms
05-12 01:21:51.076  1437  1566 V WindowManagerShell: Adding external interface from RecentTasksController with key extra_shell_recent_tasks
05-12 01:21:51.076  1437  1566 V WindowManagerShell: Adding dump callback for RecentTasksController
05-12 01:21:51.077  1437  1566 V WindowManagerShell: 	RecentTasksController init took 1ms
05-12 01:21:51.077  1437  1566 V WindowManagerShell: Adding dump callback for ShellTaskOrganizer
05-12 01:21:51.078  1437  1566 V WindowManagerShell: 	ShellTaskOrganizer init took 2ms
05-12 01:21:51.078  1437  1566 V WindowManagerShell: Adding dump callback for OneHandedController
05-12 01:21:51.087  1437  1566 V WindowManagerShell: Adding external interface from OneHandedController with key extra_shell_one_handed
05-12 01:21:51.087  1437  1566 V WindowManagerShell: 	OneHandedController init took 9ms
05-12 01:21:51.090  1437  1566 V WindowManagerShell: 	DefaultTransitionHandler init took 2ms
05-12 01:21:51.090  1437  1566 V WindowManagerShell: Adding external interface from Transitions with key extra_shell_shell_transitions
05-12 01:21:51.091  1437  1566 V WindowManagerShell: 	Transitions init took 1ms
05-12 01:21:51.095  1437  1566 V WindowManagerShell: Adding dump callback for BubbleController
05-12 01:21:51.095  1437  1566 V WindowManagerShell: 	BubbleController init took 3ms
05-12 01:21:51.095  1437  1566 V WindowManagerShell: Adding dump callback for SplitScreenController
05-12 01:21:51.095  1437  1566 V WindowManagerShell: Adding command class splitscreen for SplitScreenController
05-12 01:21:51.095  1437  1566 V WindowManagerShell: Adding external interface from SplitScreenController with key extra_shell_split_screen
05-12 01:21:51.107  1437  1566 V WindowManagerShell: addHandler: StageCoordinator
05-12 01:21:51.107  1437  1566 V WindowManagerShell: 	SplitScreenController init took 13ms
05-12 01:21:51.111  1245  1347 I ActivityManager: Process WebViewLoader-armeabi-v7a (pid 1500) has died: psvc PER 
05-12 01:21:51.149  1437  1566 V WindowManagerShell: 	PipTouchHandler init took 41ms
05-12 01:21:51.149  1437  1566 V WindowManagerShell: 	DevicePostureController init took 1ms
05-12 01:21:51.149  1437  1566 V WindowManagerShell: 	TabletopModeController init took 0ms
05-12 01:21:51.149  1437  1566 V WindowManagerShell: Adding dump callback for PipController
05-12 01:21:51.153  1437  1566 V WindowManagerShell: Adding external interface from PipController with key extra_shell_pip
05-12 01:21:51.154  1437  1566 V WindowManagerShell: 	PipController init took 4ms
05-12 01:21:51.156  1437  1566 V WindowManagerShell: 	FullscreenTaskListener init took 3ms
05-12 01:21:51.156  1437  1566 V WindowManagerShell: Adding external interface from StartingWindowController with key extra_shell_starting_window
05-12 01:21:51.156  1437  1566 V WindowManagerShell: 	StartingWindowController init took 0ms
05-12 01:21:51.156  1437  1566 V WindowManagerShell: Adding command class protolog for ProtoLogController
05-12 01:21:51.156  1437  1566 V WindowManagerShell: 	ProtoLogController init took 0ms
05-12 01:21:51.156  1437  1566 V WindowManagerShell: Adding dump callback for KidsModeTaskOrganizer
05-12 01:21:51.159  1437  1566 V WindowManagerShell: 	KidsModeTaskOrganizer init took 3ms
05-12 01:21:51.161  1437  1566 D ShellBackPreview: Back animation enabled=false
05-12 01:21:51.161  1437  1566 V WindowManagerShell: Adding external interface from BackAnimationController with key extra_shell_back_animation
05-12 01:21:51.161  1437  1566 V WindowManagerShell: 	BackAnimationController init took 1ms
05-12 01:21:51.161  1437  1566 V WindowManagerShell: Display added: 0
05-12 01:21:51.176  1245  1347 D CompatibilityChangeReporter: Compat change id reported: 171306433; UID 1000; state: ENABLED
05-12 01:21:51.176  1245  1347 D CompatibilityChangeReporter: Compat change id reported: 218533173; UID 1000; state: ENABLED
05-12 01:21:51.181  1245  1466 D CompatibilityChangeReporter: Compat change id reported: 135634846; UID 10467; state: DISABLED
05-12 01:21:51.181  1245  1347 D CompatibilityChangeReporter: Compat change id reported: 168419799; UID 10499; state: DISABLED
05-12 01:21:51.181  1245  1466 D CompatibilityChangeReporter: Compat change id reported: 177438394; UID 10467; state: DISABLED
05-12 01:21:51.182  1245  1347 D CompatibilityChangeReporter: Compat change id reported: 273564678; UID 10499; state: DISABLED
05-12 01:21:51.182  1245  1466 D CompatibilityChangeReporter: Compat change id reported: 135772972; UID 10467; state: DISABLED
05-12 01:21:51.182  1245  1466 D CompatibilityChangeReporter: Compat change id reported: 135754954; UID 10467; state: ENABLED
05-12 01:21:51.190  1245  1347 D CoreBackPreview: Window{bb4315e u0 ShellDropTarget}: Setting back callback OnBackInvokedCallbackInfo{mCallback=android.window.IOnBackInvokedCallback$Stub$Proxy@b9aca5b, mPriority=0}
05-12 01:21:51.195  1245  1347 I ActivityManager: Process WebViewLoader-arm64-v8a (pid 1501) has died: psvc PER 
05-12 01:21:51.212  1245  1347 D CompatibilityChangeReporter: Compat change id reported: 194532703; UID 1073; state: ENABLED
05-12 01:21:51.278  1245  1285 W BatteryExternalStatsWorker: error reading modem stats:ERROR_PHONE_NOT_AVAILABLE
05-12 01:21:51.283  1245  1347 D CompatibilityChangeReporter: Compat change id reported: 135634846; UID 10502; state: DISABLED
05-12 01:21:51.283  1245  1347 D CompatibilityChangeReporter: Compat change id reported: 177438394; UID 10502; state: DISABLED
05-12 01:21:51.283  1245  1347 D CompatibilityChangeReporter: Compat change id reported: 135772972; UID 10502; state: DISABLED
05-12 01:21:51.283  1245  1347 D CompatibilityChangeReporter: Compat change id reported: 135754954; UID 10502; state: ENABLED
05-12 01:21:51.284  1245  1279 D CompatibilityChangeReporter: Compat change id reported: 143937733; UID 10502; state: ENABLED
05-12 01:21:51.300  1245  1279 I ActivityManager: Start proc 1678:com.google.android.flipendo/u0a502 for content provider {com.google.android.flipendo/com.google.android.flipendo.api.FlipendoStateContentProvider}
05-12 01:21:51.305  1245  1347 D CompatibilityChangeReporter: Compat change id reported: 161145287; UID 1073; state: DISABLED
05-12 01:21:51.322  1245  1347 D CompatibilityChangeReporter: Compat change id reported: 168419799; UID 10502; state: DISABLED
05-12 01:21:51.323  1245  1347 D CompatibilityChangeReporter: Compat change id reported: 273564678; UID 10502; state: DISABLED
05-12 01:21:51.331  1245  1423 D CompatibilityChangeReporter: Compat change id reported: 182478738; UID 1073; state: ENABLED
05-12 01:21:51.503  1245  1347 D CompatibilityChangeReporter: Compat change id reported: 157233955; UID 10499; state: ENABLED
05-12 01:21:51.515  1245  1423 D CustomFaceProvider: bindFaceAuthService 0
05-12 01:21:51.515  1245  1423 D CustomFaceProvider: FaceService disabled
05-12 01:21:51.517  1245  1423 D CustomFaceProvider: bindFaceAuthService 0
05-12 01:21:51.517  1245  1423 D CustomFaceProvider: FaceService disabled
05-12 01:21:51.620  1245  1423 I MR2ServiceImpl: registerManager | uid: 10499, pid: 1437, package: com.android.systemui, user: 0
05-12 01:21:51.634  1245  1347 W ActivityManager: Unable to start service Intent { act=android.service.smartspace.SmartspaceService cmp=com.google.android.as/com.google.android.apps.miphone.aiai.app.AiAiSmartspaceService } U=0: not found
05-12 01:21:51.634  1245  1347 W RemoteSmartspaceService: could not bind to Intent { act=android.service.smartspace.SmartspaceService cmp=com.google.android.as/com.google.android.apps.miphone.aiai.app.AiAiSmartspaceService } using flags 67112961
05-12 01:21:51.635  1245  1347 W ActivityManager: Unable to start service Intent { act=android.service.smartspace.SmartspaceService cmp=com.google.android.as/com.google.android.apps.miphone.aiai.app.AiAiSmartspaceService } U=0: not found
05-12 01:21:51.636  1245  1347 W RemoteSmartspaceService: could not bind to Intent { act=android.service.smartspace.SmartspaceService cmp=com.google.android.as/com.google.android.apps.miphone.aiai.app.AiAiSmartspaceService } using flags 67112961
05-12 01:21:51.637  1245  1347 W ActivityManager: Unable to start service Intent { act=android.service.smartspace.SmartspaceService cmp=com.google.android.as/com.google.android.apps.miphone.aiai.app.AiAiSmartspaceService } U=0: not found
05-12 01:21:51.637  1245  1347 W RemoteSmartspaceService: could not bind to Intent { act=android.service.smartspace.SmartspaceService cmp=com.google.android.as/com.google.android.apps.miphone.aiai.app.AiAiSmartspaceService } using flags 67112961
05-12 01:21:51.637  1245  1347 W ActivityManager: Unable to start service Intent { act=android.service.smartspace.SmartspaceService cmp=com.google.android.as/com.google.android.apps.miphone.aiai.app.AiAiSmartspaceService } U=0: not found
05-12 01:21:51.637  1245  1347 W RemoteSmartspaceService: could not bind to Intent { act=android.service.smartspace.SmartspaceService cmp=com.google.android.as/com.google.android.apps.miphone.aiai.app.AiAiSmartspaceService } using flags 67112961
05-12 01:21:52.101  1245  1245 W SystemServiceManager: Service com.android.role.RoleService took 1159 ms in onStartUser-0
05-12 01:21:52.101  1245  1245 D SystemServerTiming: ssm.onStartUser-0_com.android.server.vibrator.VibratorManagerService$Lifecycle
05-12 01:21:52.101  1245  1245 D SystemServerTiming: ssm.onStartUser-0_com.android.server.tare.InternalResourceService
05-12 01:21:52.101  1245  1245 D SystemServerTiming: ssm.onStartUser-0_com.android.server.alarm.AlarmManagerService
05-12 01:21:52.101  1245  1245 D SystemServerTiming: ssm.onStartUser-0_com.android.server.devicestate.DeviceStateManagerService
05-12 01:21:52.101  1245  1245 D SystemServerTiming: ssm.onStartUser-0_com.android.server.camera.CameraServiceProxy
05-12 01:21:52.102  1245  1245 D SystemServerTiming: ssm.onStartUser-0_com.android.server.bluetooth.BluetoothService
05-12 01:21:52.107  1245  1245 D SystemServerTiming: ssm.onStartUser-0_com.android.server.connectivity.IpConnectivityMetrics
05-12 01:21:52.107  1245  1245 D SystemServerTiming: ssm.onStartUser-0_com.android.server.net.watchlist.NetworkWatchlistService$Lifecycle
05-12 01:21:52.107  1245  1245 D SystemServerTiming: ssm.onStartUser-0_com.android.server.PinnerService
05-12 01:21:52.107  1245  1245 D SystemServerTiming: ssm.onStartUser-0_com.android.server.integrity.AppIntegrityManagerService
05-12 01:21:52.107  1245  1245 D SystemServerTiming: ssm.onStartUser-0_com.android.server.logcat.LogcatManagerService
05-12 01:21:52.107  1245  1245 D SystemServerTiming: ssm.onStartUser-0_com.android.server.derp.LineageGlobalActionsService
05-12 01:21:52.107  1245  1245 D SystemServerTiming: ssm.onStartUser-0_com.android.server.inputmethod.InputMethodManagerService$Lifecycle
05-12 01:21:52.107  1245  1245 D SystemServerTiming: ssm.onStartUser-0_com.android.server.accessibility.AccessibilityManagerService$Lifecycle
05-12 01:21:52.107  1245  1245 D SystemServerTiming: ssm.onStartUser-0_com.android.server.StorageManagerService$Lifecycle
05-12 01:21:52.110  1245  1245 V StorageManagerService: Package com.bootleggers.shishufied.clockfont.alienleague does not have legacy storage
05-12 01:21:52.110  1245  1245 V StorageManagerService: Package com.android.internal.display.cutout.emulation.noCutout does not have legacy storage
05-12 01:21:52.110  1245  1245 V StorageManagerService: Package com.mediatek.ims does not have legacy storage
05-12 01:21:52.110  1245  1245 V StorageManagerService: Package org.derpfest.overlay.customization.launcher3.nohint does not have legacy storage
05-12 01:21:52.111  1245  1245 V StorageManagerService: Package com.bootleggers.shishufied.clockfont.galaxysans does not have legacy storage
05-12 01:21:52.111  1245  1245 V StorageManagerService: Package com.android.theme.font.punkmono does not have legacy storage
05-12 01:21:52.111  1245  1245 V StorageManagerService: Package com.android.cts.priv.ctsshim does not have legacy storage
05-12 01:21:52.111  1245  1245 V StorageManagerService: Package com.android.theme.icon.leaf does not have legacy storage
05-12 01:21:52.111  1245  1245 V StorageManagerService: Package com.google.android.youtube does not have legacy storage
05-12 01:21:52.111  1245  1245 V StorageManagerService: Package com.android.settings.switch.style_emoji does not have legacy storage
05-12 01:21:52.111  1245  1245 V StorageManagerService: Package com.android.settings.switch.style_foggy does not have legacy storage
05-12 01:21:52.111  1245  1245 V StorageManagerService: Package com.android.theme.font.jicaleta does not have legacy storage
05-12 01:21:52.111  1245  1245 V StorageManagerService: Package com.android.uwb.resources does not have legacy storage
05-12 01:21:52.111  1245  1245 V StorageManagerService: Package com.android.internal.display.cutout.emulation.corner does not have legacy storage
05-12 01:21:52.111  1245  1245 V StorageManagerService: Package com.android.settings.overlay.pixel2021 does not have legacy storage
05-12 01:21:52.111  1245  1245 V StorageManagerService: Package xyz.penpencil.physicswala does not have legacy storage
05-12 01:21:52.111  1245  1245 V StorageManagerService: Package com.android.adservices.api does not have legacy storage
05-12 01:21:52.111  1245  1245 V StorageManagerService: Package org.derpfest.overlay.customization.navbar.keyboard.nonavbar does not have legacy storage
05-12 01:21:52.111  1245  1245 V StorageManagerService: Package com.android.theme.font.storopia does not have legacy storage
05-12 01:21:52.111  1245  1245 V StorageManagerService: Package com.android.internal.display.cutout.emulation.double does not have legacy storage
05-12 01:21:52.111  1245  1245 V StorageManagerService: Package com.google.android.overlay.pixelconfig2018 does not have legacy storage
05-12 01:21:52.111  1245  1245 V StorageManagerService: Package com.google.android.overlay.pixelconfig2019 does not have legacy storage
05-12 01:21:52.111  1245  1245 V StorageManagerService: Package com.google.android.overlay.pixelconfig2021 does not have legacy storage
05-12 01:21:52.111  1245  1245 V StorageManagerService: Package com.bootleggers.shishufied.clockfont.AlphaWood does not have legacy storage
05-12 01:21:52.111  1245  1245 V StorageManagerService: Package com.android.providers.telephony does not have legacy storage
05-12 01:21:52.111  1245  1245 V StorageManagerService: Package com.android.dynsystem does not have legacy storage
05-12 01:21:52.111  1245  1245 V StorageManagerService: Package com.bootleggers.shishufied.theme.optronic.systemui does not have legacy storage
05-12 01:21:52.111  1245  1245 V StorageManagerService: Package com.android.theme.icon_pack.outline.settings does not have legacy storage
05-12 01:21:52.112  1245  1245 V StorageManagerService: Package com.android.theme.icon.pebble does not have legacy storage
05-12 01:21:52.112  1245  1245 V StorageManagerService: Package com.google.android.googlequicksearchbox does not have legacy storage
05-12 01:21:52.112  1245  1245 V StorageManagerService: Package com.android.providers.calendar does not have legacy storage
05-12 01:21:52.112  1245  1245 V StorageManagerService: Package com.bootleggers.shishufied.theme.shishu.systemui does not have legacy storage
05-12 01:21:52.112  1245  1245 V StorageManagerService: Package com.bootleggers.shishufied.clockfont.atkinson does not have legacy storage
05-12 01:21:52.112  1245  1245 V StorageManagerService: Package com.bootleggers.shishufied.clockfont.balticdune does not have legacy storage
05-12 01:21:52.112  1245  1245 V StorageManagerService: Package com.android.providers.media does not have legacy storage
05-12 01:21:52.112  1245  1245 V StorageManagerService: Package com.android.theme.font.giganticfshezaedrus does not have legacy storage
05-12 01:21:52.112  1245  1245 V StorageManagerService: Package com.android.theme.icon_pack.xperia.settings does not have legacy storage
05-12 01:21:52.112  1245  1245 V StorageManagerService: Package com.android.theme.icon_pack.gradicon.android does not have legacy storage
05-12 01:21:52.112  1245  1245 V StorageManagerService: Package com.android.theme.icon.square does not have legacy storage
05-12 01:21:52.112  1245  1245 V StorageManagerService: Package com.google.android.onetimeinitializer does not have legacy storage
05-12 01:21:52.112  1245  1245 V StorageManagerService: Package org.derpfest.overlay.customization.navbar.nohint does not have legacy storage
05-12 01:21:52.112  1245  1245 V StorageManagerService: Package com.bootleggers.shishufied.theme.shishunights.android does not have legacy storage
05-12 01:21:52.112  1245  1245 V StorageManagerService: Package com.google.android.ext.shared does not have legacy storage
05-12 01:21:52.112  1245  1245 V StorageManagerService: Package com.bootleggers.shishufied.clockfont.KGOnlyHope does not have legacy storage
05-12 01:21:52.112  1245  1245 V StorageManagerService: Package com.android.internal.systemui.navbar.gestural_wide_back does not have legacy storage
05-12 01:21:52.112  1245  1245 V StorageManagerService: Package com.android.theme.icon.vessel does not have legacy storage
05-12 01:21:52.112  1245  1245 V StorageManagerService: Package com.bootleggers.shishufied.clockfont.ZnikomitNo24 does not have legacy storage
05-12 01:21:52.112  1245  1245 V StorageManagerService: Package com.android.theme.font.leonsans does not have legacy storage
05-12 01:21:52.112  1245  1245 V StorageManagerService: Package com.android.theme.icon_pack.victor.settings does not have legacy storage
05-12 01:21:52.112  1245  1245 V StorageManagerService: Package com.android.internal.display.cutout.emulation.narrow does not have legacy storage
05-12 01:21:52.113  1245  1245 V StorageManagerService: Package com.bootleggers.shishufied.clockfont.Hanged does not have legacy storage
05-12 01:21:52.113  1245  1245 V StorageManagerService: Package com.golgappa.studyrays does not have legacy storage
05-12 01:21:52.113  1245  1245 V StorageManagerService: Package com.android.theme.icon_pack.acherus.systemui does not have legacy storage
05-12 01:21:52.113  1245  1245 V StorageManagerService: Package com.google.android.flipendo does not have legacy storage
05-12 01:21:52.113  1245  1245 V StorageManagerService: Package com.android.theme.icon_pack.rounded.systemui does not have legacy storage
05-12 01:21:52.113  1245  1245 V StorageManagerService: Package com.bootleggers.shishufied.clockfont.bignoodle does not have legacy storage
05-12 01:21:52.113  1245  1245 V StorageManagerService: Package com.android.theme.icon_pack.pui.settings does not have legacy storage
05-12 01:21:52.113  1245  1245 V StorageManagerService: Package com.android.theme.icon.taperedrect does not have legacy storage
05-12 01:21:52.113  1245  1245 V StorageManagerService: Package com.android.theme.icon_pack.oos.android does not have legacy storage
05-12 01:21:52.113  1245  1245 V StorageManagerService: Package com.android.settings.overlay.pixel does not have legacy storage
05-12 01:21:52.113  1245  1245 V StorageManagerService: Package com.android.theme.font.lgsmartgothicsource does not have legacy storage
05-12 01:21:52.113  1245  1245 V StorageManagerService: Package com.android.settings.switch.style_checkmark does not have legacy storage
05-12 01:21:52.113  1245  1245 V StorageManagerService: Package com.android.theme.font.manrope does not have legacy storage
05-12 01:21:52.113  1245  1245 V StorageManagerService: Package com.android.systemui.signalbar_windows does not have legacy storage
05-12 01:21:52.113  1245  1245 V StorageManagerService: Package com.android.bips.overlay.pixel does not have legacy storage
05-12 01:21:52.113  1245  1245 V StorageManagerService: Package com.bootleggers.shishufied.theme.shishuamalgamation.android does not have legacy storage
05-12 01:21:52.113  1245  1245 V StorageManagerService: Package com.bootleggers.shishufied.clockfont.NINJAS does not have legacy storage
05-12 01:21:52.113  1245  1245 V StorageManagerService: Package com.android.externalstorage does not have legacy storage
05-12 01:21:52.113  1245  1245 V StorageManagerService: Package com.bootleggers.shishufied.clockfont.liquidcrystal does not have legacy storage
05-12 01:21:52.113  1245  1245 V StorageManagerService: Package com.android.theme.icon_pack.oos.settings does not have legacy storage
05-12 01:21:52.113  1245  1245 V StorageManagerService: Package com.bootleggers.shishufied.clockfont.DiscoMidnight does not have legacy storage
05-12 01:21:52.113  1245  1245 V StorageManagerService: Package com.android.theme.font.bariolsource does not have legacy storage
05-12 01:21:52.113  1245  1245 V StorageManagerService: Package com.whatsapp does not have legacy storage
05-12 01:21:52.113  1245  1245 V StorageManagerService: Package com.android.bluetooth.bthelper does not have legacy storage
05-12 01:21:52.114  1245  1245 V StorageManagerService: Package com.android.companiondevicemanager does not have legacy storage
05-12 01:21:52.114  1245  1245 V StorageManagerService: Package com.android.mms.service does not have legacy storage
05-12 01:21:52.114  1245  1245 V StorageManagerService: Package com.android.theme.font.circularstd does not have legacy storage
05-12 01:21:52.114  1245  1245 V StorageManagerService: Package com.bootleggers.shishufied.clockfont.zerofour does not have legacy storage
05-12 01:21:52.114  1245  1245 V StorageManagerService: Package com.bootleggers.shishufied.theme.shishuillusions.settings does not have legacy storage
05-12 01:21:52.114  1245  1245 V StorageManagerService: Package com.bootleggers.shishufied.theme.nexodus.android does not have legacy storage
05-12 01:21:52.114  1245  1245 V StorageManagerService: Package com.android.theme.font.comfortaa does not have legacy storage
05-12 01:21:52.114  1245  1245 V StorageManagerService: Package com.android.theme.font.coolstorysource does not have legacy storage
05-12 01:21:52.114  1245  1245 V StorageManagerService: Package com.bootleggers.shishufied.clockfont.c24decoshadow does not have legacy storage
05-12 01:21:52.114  1245  1245 V StorageManagerService: Package com.bootleggers.shishufied.clockfont.tourney does not have legacy storage
05-12 01:21:52.114  1245  1245 V StorageManagerService: Package com.android.theme.font.jakartaplus does not have legacy storage
05-12 01:21:52.114  1245  1245 V StorageManagerService: Package com.android.providers.downloads does not have legacy storage
05-12 01:21:52.114  1245  1245 V StorageManagerService: Package com.android.theme.icon_pack.outline.systemui does not have legacy storage
05-12 01:21:52.114  1245  1245 V StorageManagerService: Package com.android.systemui.brightness_slider.leafyoutline does not have legacy storage
05-12 01:21:52.114  1245  1245 V StorageManagerService: Package com.google.android.apps.messaging does not have legacy storage
05-12 01:21:52.114  1245  1245 V StorageManagerService: Package com.android.theme.font.comicneue does not have legacy storage
05-12 01:21:52.114  1245  1245 V StorageManagerService: Package com.android.theme.font.comicsans does not have legacy storage
05-12 01:21:52.114  1245  1245 V StorageManagerService: Package ru.zdevs.zarchiver does not have legacy storage
05-12 01:21:52.114  1245  1245 V StorageManagerService: Package com.google.android.soundpicker does not have legacy storage
05-12 01:21:52.114  1245  1245 V StorageManagerService: Package com.android.theme.icon_pack.rounded.android does not have legacy storage
05-12 01:21:52.114  1245  1245 V StorageManagerService: Package com.android.theme.navbar.kronic does not have legacy storage
05-12 01:21:52.114  1245  1245 V StorageManagerService: Package com.discord does not have legacy storage
05-12 01:21:52.114  1245  1245 V StorageManagerService: Package com.bootleggers.shishufied.clockfont.museomod does not have legacy storage
05-12 01:21:52.114  1245  1245 V StorageManagerService: Package com.android.theme.icon_pack.xperia.systemui does not have legacy storage
05-12 01:21:52.115  1245  1245 V StorageManagerService: Package com.openai.chatgpt does not have legacy storage
05-12 01:21:52.115  1245  1245 V StorageManagerService: Package com.bootleggers.shishufied.clockfont.forta does not have legacy storage
05-12 01:21:52.115  1245  1245 V StorageManagerService: Package com.bootleggers.shishufied.clockfont.neon2 does not have legacy storage
05-12 01:21:52.115  1245  1245 V StorageManagerService: Package com.bootleggers.shishufied.clockfont.alexana does not have legacy storage
05-12 01:21:52.115  1245  1245 V StorageManagerService: Package com.bootleggers.shishufied.clockfont.union does not have legacy storage
05-12 01:21:52.115  1245  1245 V StorageManagerService: Package com.bootleggers.shishufied.clockfont.vibur does not have legacy storage
05-12 01:21:52.115  1245  1245 V StorageManagerService: Package oss.krtirtho.spotube does not have legacy storage
05-12 01:21:52.115  1245  1245 V StorageManagerService: Package com.bootleggers.shishufied.clockfont.ACFilmstrip does not have legacy storage
05-12 01:21:52.115  1245  1245 V StorageManagerService: Package com.android.theme.font.vladivostok does not have legacy storage
05-12 01:21:52.115  1245  1245 V StorageManagerService: Package com.android.systemui.brightness_slider.cyberpunk does not have legacy storage
05-12 01:21:52.115  1245  1245 V StorageManagerService: Package com.android.theme.icon_pack.victor.systemui does not have legacy storage
05-12 01:21:52.115  1245  1245 V StorageManagerService: Package com.bootleggers.shishufied.clockfont.CFBadNews does not have legacy storage
05-12 01:21:52.115  1245  1245 V StorageManagerService: Package com.bootleggers.shishufied.clockfont.cherryswash does not have legacy storage
05-12 01:21:52.115  1245  1245 V StorageManagerService: Package com.google.android.configupdater does not have legacy storage
05-12 01:21:52.115  1245  1245 V StorageManagerService: Package com.bootleggers.shishufied.clockfont.NewYorkSemibold does not have legacy storage
05-12 01:21:52.115  1245  1245 V StorageManagerService: Package com.bootleggers.shishufied.theme.black.android does not have legacy storage
05-12 01:21:52.115  1245  1245 V StorageManagerService: Package com.android.providers.contacts.overlay.pixel does not have legacy storage
05-12 01:21:52.115  1245  1245 V StorageManagerService: Package com.github.android does not have legacy storage
05-12 01:21:52.115  1245  1245 V StorageManagerService: Package com.android.systemui.brightness_slider.outline does not have legacy storage
05-12 01:21:52.115  1245  1245 V StorageManagerService: Package com.bootleggers.shishufied.theme.nexodus.settings does not have legacy storage
05-12 01:21:52.116  1245  1245 V StorageManagerService: Package com.bootleggers.shishufied.clockfont.LMSClifford does not have legacy storage
05-12 01:21:52.116  1245  1245 V StorageManagerService: Package com.android.theme.icon_pack.pui.systemui does not have legacy storage
05-12 01:21:52.116  1245  1245 V StorageManagerService: Package com.google.android.overlay.googlewebview does not have legacy storage
05-12 01:21:52.116  1245  1245 V StorageManagerService: Package com.android.systemui.signalbar_wanna does not have legacy storage
05-12 01:21:52.116  1245  1245 V StorageManagerService: Package com.google.android.apps.safetyhub does not have legacy storage
05-12 01:21:52.116  1245  1245 V StorageManagerService: Package org.derpfest.flash does not have legacy storage
05-12 01:21:52.116  1245  1245 V StorageManagerService: Package com.bootleggers.shishufied.theme.pacleggers.settings does not have legacy storage
05-12 01:21:52.116  1245  1245 V StorageManagerService: Package org.derpfest.walls does not have legacy storage
05-12 01:21:52.116  1245  1245 V StorageManagerService: Package com.android.systemui.plugin.globalactions.wallet does not have legacy storage
05-12 01:21:52.116  1245  1245 V StorageManagerService: Package com.google.ar.core does not have legacy storage
05-12 01:21:52.116  1245  1245 V StorageManagerService: Package com.android.safetycenter.resources does not have legacy storage
05-12 01:21:52.116  1245  1245 V StorageManagerService: Package com.android.providers.downloads.ui does not have legacy storage
05-12 01:21:52.116  1245  1245 V StorageManagerService: Package com.android.vending does not have legacy storage
05-12 01:21:52.116  1245  1245 V StorageManagerService: Package com.android.pacprocessor does not have legacy storage
05-12 01:21:52.116  1245  1245 V StorageManagerService: Package com.bootleggers.shishufied.clockfont.ELRIOTT2 does not have legacy storage
05-12 01:21:52.116  1245  1245 V StorageManagerService: Package com.android.simappdialog does not have legacy storage
05-12 01:21:52.116  1245  1245 V StorageManagerService: Package com.android.networkstack does not have legacy storage
05-12 01:21:52.116  1245  1245 V StorageManagerService: Package com.android.theme.font.harmonysans does not have legacy storage
05-12 01:21:52.116  1245  1245 V StorageManagerService: Package com.android.theme.icon_pack.oos.systemui does not have legacy storage
05-12 01:21:52.116  1245  1245 V StorageManagerService: Package com.google.android.overlay.pixelconfig2019midyear does not have legacy storage
05-12 01:21:52.116  1245  1245 V StorageManagerService: Package com.android.theme.font.sonysketchsource does not have legacy storage
05-12 01:21:52.116  1245  1245 V StorageManagerService: Package com.android.connectivity.resources does not have legacy storage
05-12 01:21:52.116  1245  1245 V StorageManagerService: Package com.bootleggers.shishufied.clockfont.EasterBunny does not have legacy storage
05-12 01:21:52.116  1245  1245 V StorageManagerService: Package com.android.internal.display.cutout.emulation.hole does not have legacy storage
05-12 01:21:52.117  1245  1245 V StorageManagerService: Package com.android.internal.display.cutout.emulation.tall does not have legacy storage
05-12 01:21:52.117  1245  1245 V StorageManagerService: Package com.android.internal.display.cutout.emulation.wide does not have legacy storage
05-12 01:21:52.117  1245  1245 V StorageManagerService: Package com.bootleggers.shishufied.theme.shishuillusions.systemui does not have legacy storage
05-12 01:21:52.117  1245  1245 V StorageManagerService: Package com.android.internal.display.cutout.emulation.notchbarkillerleft does not have legacy storage
05-12 01:21:52.117  1245  1245 V StorageManagerService: Package com.android.theme.font.bikohanken does not have legacy storage
05-12 01:21:52.117  1245  1245 V StorageManagerService: Package com.android.networkstack.overlay does not have legacy storage
05-12 01:21:52.117  1245  1245 V StorageManagerService: Package com.android.modulemetadata does not have legacy storage
05-12 01:21:52.117  1245  1245 V StorageManagerService: Package com.android.certinstaller does not have legacy storage
05-12 01:21:52.117  1245  1245 V StorageManagerService: Package com.android.carrierconfig does not have legacy storage
05-12 01:21:52.117  1245  1245 V StorageManagerService: Package com.google.android.marvin.talkback does not have legacy storage
05-12 01:21:52.117  1245  1245 V StorageManagerService: Package com.bootleggers.shishufied.clockfont.dotcom does not have legacy storage
05-12 01:21:52.117  1245  1245 V StorageManagerService: Package com.android.theme.icon_pack.lorn.android does not have legacy storage
05-12 01:21:52.117  1245  1245 V StorageManagerService: Package com.android.internal.systemui.navbar.threebutton does not have legacy storage
05-12 01:21:52.117  1245  1245 V StorageManagerService: Package com.bootleggers.shishufied.clockfont.BigCheese does not have legacy storage
05-12 01:21:52.117  1245  1245 V StorageManagerService: Package com.bootleggers.shishufied.clockfont.balticbodden does not have legacy storage
05-12 01:21:52.117  1245  1245 V StorageManagerService: Package com.android.wifi.dialog does not have legacy storage
05-12 01:21:52.117  1245  1245 V StorageManagerService: Package com.bootleggers.shishufied.clockfont.exodar does not have legacy storage
05-12 01:21:52.117  1245  1245 V StorageManagerService: Package android does not have legacy storage
05-12 01:21:52.117  1245  1245 V StorageManagerService: Package com.custom.overlay.systemui.data1 does not have legacy storage
05-12 01:21:52.117  1245  1245 V StorageManagerService: Package com.custom.overlay.systemui.data2 does not have legacy storage
05-12 01:21:52.117  1245  1245 V StorageManagerService: Package com.custom.overlay.systemui.data3 does not have legacy storage
05-12 01:21:52.117  1245  1245 V StorageManagerService: Package com.custom.overlay.systemui.data4 does not have legacy storage
05-12 01:21:52.117  1245  1245 V StorageManagerService: Package com.custom.overlay.systemui.data5 does not have legacy storage
05-12 01:21:52.117  1245  1245 V StorageManagerService: Package com.custom.overlay.systemui.data6 does not have legacy storage
05-12 01:21:52.117  1245  1245 V StorageManagerService: Package com.custom.overlay.systemui.data7 does not have legacy storage
05-12 01:21:52.117  1245  1245 V StorageManagerService: Package com.custom.overlay.systemui.data8 does not have legacy storage
05-12 01:21:52.117  1245  1245 V StorageManagerService: Package com.custom.overlay.systemui.data9 does not have legacy storage
05-12 01:21:52.117  1245  1245 V StorageManagerService: Package com.bootleggers.shishufied.clockfont.ginora does not have legacy storage
05-12 01:21:52.118  1245  1245 V StorageManagerService: Package com.android.theme.icon_pack.acherus.launcher does not have legacy storage
05-12 01:21:52.118  1245  1245 V StorageManagerService: Package com.google.android.pixel.setupwizard does not have legacy storage
05-12 01:21:52.118  1245  1245 V StorageManagerService: Package com.android.theme.icon_pack.rounded.launcher does not have legacy storage
05-12 01:21:52.118  1245  1245 V StorageManagerService: Package com.android.theme.font.milimetre does not have legacy storage
05-12 01:21:52.118  1245  1245 V StorageManagerService: Package com.android.theme.font.amarantesource does not have legacy storage
05-12 01:21:52.118  1245  1245 V StorageManagerService: Package com.bootleggers.shishufied.theme.solarized.android does not have legacy storage
05-12 01:21:52.118  1245  1245 V StorageManagerService: Package com.android.theme.icon_pack.kai.settings does not have legacy storage
05-12 01:21:52.118  1245  1245 V StorageManagerService: Package com.bootleggers.shishufied.clockfont.kroppenround does not have legacy storage
05-12 01:21:52.118  1245  1245 V StorageManagerService: Package com.android.theme.font.ignazio does not have legacy storage
05-12 01:21:52.118  1245  1245 V StorageManagerService: Package com.android.theme.icon.riceballs does not have legacy storage
05-12 01:21:52.118  1245  1245 V StorageManagerService: Package com.android.theme.icon_pack.acherus.android does not have legacy storage
05-12 01:21:52.118  1245  1245 V StorageManagerService: Package com.android.egg does not have legacy storage
05-12 01:21:52.118  1245  1245 V StorageManagerService: Package com.android.mtp does not have legacy storage
05-12 01:21:52.118  1245  1245 V StorageManagerService: Package com.android.nfc does not have legacy storage
05-12 01:21:52.118  1245  1245 V StorageManagerService: Package com.android.ons does not have legacy storage
05-12 01:21:52.118  1245  1245 V StorageManagerService: Package com.android.stk does not have legacy storage
05-12 01:21:52.118  1245  1245 V StorageManagerService: Package com.android.launcher3 does not have legacy storage
05-12 01:21:52.118  1245  1245 V StorageManagerService: Package com.bootleggers.shishufied.clockfont.neptuncat does not have legacy storage
05-12 01:21:52.118  1245  1245 V StorageManagerService: Package com.google.android.overlay.flipendo does not have legacy storage
05-12 01:21:52.118  1245  1245 V StorageManagerService: Package com.android.systemui.brightness_slider.translucent does not have legacy storage
05-12 01:21:52.118  1245  1245 V StorageManagerService: Package com.android.theme.font.gsans does not have legacy storage
05-12 01:21:52.118  1245  1245 V StorageManagerService: Package com.android.theme.font.inter does not have legacy storage
05-12 01:21:52.118  1245  1245 V StorageManagerService: Package com.android.theme.font.lumie does not have legacy storage
05-12 01:21:52.118  1245  1245 V StorageManagerService: Package com.android.backupconfirm does not have legacy storage
05-12 01:21:52.118  1245  1245 V StorageManagerService: Package com.android.theme.font.fluidsans does not have legacy storage
05-12 01:21:52.118  1245  1245 V StorageManagerService: Package com.bootleggers.shishufied.clockfont.odibee does not have legacy storage
05-12 01:21:52.118  1245  1245 V StorageManagerService: Package com.android.theme.font.arvolato does not have legacy storage
05-12 01:21:52.119  1245  1245 V StorageManagerService: Package com.bootleggers.shishufied.theme.nexodus.systemui does not have legacy storage
05-12 01:21:52.119  1245  1245 V StorageManagerService: Package com.google.android.deskclock does not have legacy storage
05-12 01:21:52.119  1245  1245 V StorageManagerService: Package com.android.internal.systemui.navbar.twobutton does not have legacy storage
05-12 01:21:52.119  1245  1245 V StorageManagerService: Package com.bootleggers.shishufied.clockfont.BunnyRabbits does not have legacy storage
05-12 01:21:52.119  1245  1245 V StorageManagerService: Package com.android.systemui.wifibar_l does not have legacy storage
05-12 01:21:52.119  1245  1245 V StorageManagerService: Package com.android.systemui.wifibar_m does not have legacy storage
05-12 01:21:52.119  1245  1245 V StorageManagerService: Package com.android.statementservice does not have legacy storage
05-12 01:21:52.119  1245  1245 V StorageManagerService: Package com.android.theme.icon.roundedhexagon does not have legacy storage
05-12 01:21:52.119  1245  1245 V StorageManagerService: Package com.android.theme.icon_pack.xperia.android does not have legacy storage
05-12 01:21:52.119  1245  1245 V StorageManagerService: Package com.bootleggers.shishufied.clockfont.MessingLettern does not have legacy storage
05-12 01:21:52.119  1245  1245 V StorageManagerService: Package com.google.android.as does not have legacy storage
05-12 01:21:52.119  1245  1245 V StorageManagerService: Package com.google.android.gm does not have legacy storage
05-12 01:21:52.119  1245  1245 V StorageManagerService: Package com.bootleggers.shishufied.theme.pacleggers.systemui does not have legacy storage
05-12 01:21:52.119  1245  1245 V StorageManagerService: Package com.android.theme.font.aclonicasource does not have legacy storage
05-12 01:21:52.119  1245  1245 V StorageManagerService: Package com.android.theme.icon_pack.outline.launcher does not have legacy storage
05-12 01:21:52.119  1245  1245 V StorageManagerService: Package com.custom.overlay.systemui.data10 does not have legacy storage
05-12 01:21:52.119  1245  1245 V StorageManagerService: Package com.android.theme.navbar.oneplus does not have legacy storage
05-12 01:21:52.119  1245  1245 V StorageManagerService: Package com.tempmail does not have legacy storage
05-12 01:21:52.119  1245  1245 V StorageManagerService: Package com.android.theme.font.oneplusslate does not have legacy storage
05-12 01:21:52.119  1245  1245 V StorageManagerService: Package com.bootleggers.shishufied.clockfont.nothingdot does not have legacy storage
05-12 01:21:52.119  1245  1245 V StorageManagerService: Package com.android.theme.icon_pack.sam.settings does not have legacy storage
05-12 01:21:52.119  1245  1245 V StorageManagerService: Package com.android.theme.font.authenticsans does not have legacy storage
05-12 01:21:52.120  1245  1245 V StorageManagerService: Package com.google.android.apps.security.securityhub does not have legacy storage
05-12 01:21:52.120  1245  1245 V StorageManagerService: Package com.android.touch.gestures does not have legacy storage
05-12 01:21:52.120  1245  1245 V StorageManagerService: Package com.bootleggers.shishufied.clockfont.rubikglitch does not have legacy storage
05-12 01:21:52.120  1245  1245 V StorageManagerService: Package com.android.systemui.AcherusSubsSignalG does not have legacy storage
05-12 01:21:52.120  1245  1245 V StorageManagerService: Package com.android.systemui.AcherusSubsSignalT does not have legacy storage
05-12 01:21:52.120  1245  1245 V StorageManagerService: Package com.bootleggers.shishufied.clockfont.AlphaFlowers does not have legacy storage
05-12 01:21:52.120  1245  1245 V StorageManagerService: Package com.bootleggers.shishufied.clockfont.vg5000 does not have legacy storage
05-12 01:21:52.120  1245  1245 V StorageManagerService: Package com.android.theme.font.ptsansmono does not have legacy storage
05-12 01:21:52.120  1245  1245 V StorageManagerService: Package com.android.internal.systemui.navbar.gestural_extra_wide_back does not have legacy storage
05-12 01:21:52.120  1245  1245 V StorageManagerService: Package com.android.theme.font.rosemarysource does not have legacy storage
05-12 01:21:52.120  1245  1245 V StorageManagerService: Package com.android.systemui.brightness_slider.gradientroundedbar does not have legacy storage
05-12 01:21:52.120  1245  1245 V StorageManagerService: Package com.google.android.setupwizard does not have legacy storage
05-12 01:21:52.120  1245  1245 V StorageManagerService: Package com.android.theme.icon.heart does not have legacy storage
05-12 01:21:52.120  1245  1245 V StorageManagerService: Package com.android.theme.font.nothingdot does not have legacy storage
05-12 01:21:52.120  1245  1245 V StorageManagerService: Package com.bootleggers.shishufied.theme.shishuimmensity.android does not have legacy storage
05-12 01:21:52.120  1245  1245 V StorageManagerService: Package com.bootleggers.shishufied.clockfont.arcadeinterlaced does not have legacy storage
05-12 01:21:52.120  1245  1245 V StorageManagerService: Package com.android.providers.settings does not have legacy storage
05-12 01:21:52.120  1245  1245 V StorageManagerService: Package com.bootleggers.shishufied.theme.unmonet.android does not have legacy storage
05-12 01:21:52.120  1245  1245 V StorageManagerService: Package com.android.sharedstoragebackup does not have legacy storage
05-12 01:21:52.120  1245  1245 V StorageManagerService: Package com.android.theme.icon_pack.victor.launcher does not have legacy storage
05-12 01:21:52.120  1245  1245 V StorageManagerService: Package org.derpfest.parallelspace does not have legacy storage
05-12 01:21:52.120  1245  1245 V StorageManagerService: Package com.android.printspooler does not have legacy storage
05-12 01:21:52.120  1245  1245 V StorageManagerService: Package com.bootleggers.shishufied.clockfont.xtrusion does not have legacy storage
05-12 01:21:52.120  1245  1245 V StorageManagerService: Package com.android.theme.icon_pack.filled.settings does not have legacy storage
05-12 01:21:52.120  1245  1245 V StorageManagerService: Package com.android.dreams.basic does not have legacy storage
05-12 01:21:52.121  1245  1245 V StorageManagerService: Package com.android.theme.icon_pack.pui.launcher does not have legacy storage
05-12 01:21:52.121  1245  1245 V StorageManagerService: Package dev.kdrag0n.dyntheme.privileged.sys does not have legacy storage
05-12 01:21:52.121  1245  1245 V StorageManagerService: Package com.google.android.as.oss does not have legacy storage
05-12 01:21:52.121  1245  1245 V StorageManagerService: Package com.bootleggers.shishufied.clockfont.prodeltco does not have legacy storage
05-12 01:21:52.121  1245  1245 V StorageManagerService: Package com.android.theme.icon_pack.kai.systemui does not have legacy storage
05-12 01:21:52.121  1245  1245 V StorageManagerService: Package com.android.theme.font.reemkufi does not have legacy storage
05-12 01:21:52.121  1245  1245 V StorageManagerService: Package com.android.se does not have legacy storage
05-12 01:21:52.121  1245  1245 V StorageManagerService: Package com.bootleggers.shishufied.clockfont.NewYorkHeavy does not have legacy storage
05-12 01:21:52.121  1245  1245 V StorageManagerService: Package com.android.inputdevices does not have legacy storage
05-12 01:21:52.121  1245  1245 V StorageManagerService: Package com.android.systemui.signalbar_odinee does not have legacy storage
05-12 01:21:52.121  1245  1245 V StorageManagerService: Package com.google.android.apps.wellbeing does not have legacy storage
05-12 01:21:52.121  1245  1245 V StorageManagerService: Package com.android.traceur.overlay.pixel does not have legacy storage
05-12 01:21:52.121  1245  1245 V StorageManagerService: Package com.android.launcher3.overlay does not have legacy storage
05-12 01:21:52.121  1245  1245 V StorageManagerService: Package com.google.android.dialer does not have legacy storage
05-12 01:21:52.121  1245  1245 V StorageManagerService: Package com.android.theme.icon_pack.oos.launcher does not have legacy storage
05-12 01:21:52.121  1245  1245 V StorageManagerService: Package com.android.theme.navbar.pd does not have legacy storage
05-12 01:21:52.121  1245  1245 V StorageManagerService: Package com.bootleggers.shishufied.clockfont.PlaidEvent does not have legacy storage
05-12 01:21:52.121  1245  1245 V StorageManagerService: Package com.android.bips does not have legacy storage
05-12 01:21:52.121  1245  1245 V StorageManagerService: Package com.google.audio.hearing.visualization.accessibility.scribe does not have legacy storage
05-12 01:21:52.121  1245  1245 V StorageManagerService: Package com.bootleggers.shishufied.clockfont.v5prophit does not have legacy storage
05-12 01:21:52.121  1245  1245 V StorageManagerService: Package com.android.theme.icon.stretched does not have legacy storage
05-12 01:21:52.121  1245  1245 V StorageManagerService: Package com.google.android.apps.nbu.files does not have legacy storage
05-12 01:21:52.121  1245  1245 V StorageManagerService: Package com.android.theme.navbar.android does not have legacy storage
05-12 01:21:52.121  1245  1245 V StorageManagerService: Package com.android.theme.font.cardelina does not have legacy storage
05-12 01:21:52.122  1245  1245 V StorageManagerService: Package com.android.settings.switch.style_material does not have legacy storage
05-12 01:21:52.122  1245  1245 V StorageManagerService: Package com.android.theme.icon_pack.circular.settings does not have legacy storage
05-12 01:21:52.122  1245  1245 V StorageManagerService: Package com.android.theme.font.atkinson.alt does not have legacy storage
05-12 01:21:52.122  1245  1245 V StorageManagerService: Package com.google.android.accessibility.soundamplifier does not have legacy storage
05-12 01:21:52.122  1245  1245 V StorageManagerService: Package com.android.theme.icon_pack.outline.android does not have legacy storage
05-12 01:21:52.122  1245  1245 V StorageManagerService: Package com.android.musicfx does not have legacy storage
05-12 01:21:52.122  1245  1245 V StorageManagerService: Package com.android.phone.overlay.pixel does not have legacy storage
05-12 01:21:52.122  1245  1245 V StorageManagerService: Package com.bootleggers.shishufied.theme.pacleggers.android does not have legacy storage
05-12 01:21:52.122  1245  1245 V StorageManagerService: Package com.google.android.apps.bard does not have legacy storage
05-12 01:21:52.122  1245  1245 V StorageManagerService: Package com.google.android.apps.docs does not have legacy storage
05-12 01:21:52.122  1245  1245 V StorageManagerService: Package com.custom.overlay.systemui.signalGradicon does not have legacy storage
05-12 01:21:52.122  1245  1245 V StorageManagerService: Package com.google.android.documentsui.theme.pixel does not have legacy storage
05-12 01:21:52.122  1245  1245 V StorageManagerService: Package com.android.theme.icon_pack.sam.systemui does not have legacy storage
05-12 01:21:52.122  1245  1245 V StorageManagerService: Package com.android.customization.themes does not have legacy storage
05-12 01:21:52.122  1245  1245 V StorageManagerService: Package com.android.systemui.AcherusSubsWifiG does not have legacy storage
05-12 01:21:52.122  1245  1245 V StorageManagerService: Package com.android.systemui.AcherusSubsWifiT does not have legacy storage
05-12 01:21:52.122  1245  1245 V StorageManagerService: Package com.microsoft.office.word does not have legacy storage
05-12 01:21:52.122  1245  1245 V StorageManagerService: Package com.android.systemui.brightness_slider.filled does not have legacy storage
05-12 01:21:52.122  1245  1245 V StorageManagerService: Package com.google.android.markup does not have legacy storage
05-12 01:21:52.122  1245  1245 V StorageManagerService: Package com.android.cellbroadcastreceiver does not have legacy storage
05-12 01:21:52.122  1245  1245 V StorageManagerService: Package com.google.android.webview does not have legacy storage
05-12 01:21:52.122  1245  1245 V StorageManagerService: Package com.android.theme.font.leaguemononarrow does not have legacy storage
05-12 01:21:52.122  1245  1245 V StorageManagerService: Package com.android.theme.icon.teardrop does not have legacy storage
