05-12 01:21:52.184  1245  1245 D SystemServerTiming: ssm.onStartUser-0_com.android.server.pm.StagingManager$Lifecycle
05-12 01:21:52.184  1245  1245 D SystemServerTiming: ssm.onStartUser-0_com.android.server.app.GameManagerService$Lifecycle
05-12 01:21:52.190  1245  1245 V GameManagerService: Settings file doesn't exists, skip reading
05-12 01:21:52.190  1245  1245 D SystemServerTiming: ssm.onStartUser-0_com.android.safetycenter.SafetyCenterService
05-12 01:21:52.190  1245  1245 D SystemServerTiming: ssm.onStartUser-0_com.android.server.appsearch.AppSearchModule$Lifecycle
05-12 01:21:52.190  1245  1245 D SystemServerTiming: ssm.onStartUser-0_com.android.server.media.MediaCommunicationService
05-12 01:21:52.190  1245  1245 D SystemServerTiming: ssm.onStartUser-0_com.android.server.compat.overrides.AppCompatOverridesService$Lifecycle
05-12 01:21:52.190  1245  1245 D SystemServerTiming: ssm.onStartUser-0_com.android.server.derp.ParallelSpaceManagerService
05-12 01:21:52.190  1245  1245 D SystemServerTiming: startPersistentApps
05-12 01:21:52.192  1245  1245 D CompatibilityChangeReporter: Compat change id reported: 135634846; UID 1068; state: DISABLED
05-12 01:21:52.193  1245  1245 D CompatibilityChangeReporter: Compat change id reported: 135634846; UID 1001; state: DISABLED
05-12 01:21:52.193  1245  1245 D CompatibilityChangeReporter: Compat change id reported: 177438394; UID 1001; state: DISABLED
05-12 01:21:52.193  1245  1245 D CompatibilityChangeReporter: Compat change id reported: 135772972; UID 1001; state: DISABLED
05-12 01:21:52.193  1245  1245 D CompatibilityChangeReporter: Compat change id reported: 135754954; UID 1001; state: ENABLED
05-12 01:21:52.193  1245  1245 D SystemServerTiming: startHomeOnAllDisplays
05-12 01:21:52.195  1245  1245 I ActivityTaskManager: START u0 {act=android.intent.action.MAIN cat=[android.intent.category.HOME] flg=0x10000100 cmp=com.android.settings/.FallbackHome (has extras)} from uid 0
05-12 01:21:52.197  1245  1245 D CompatibilityChangeReporter: Compat change id reported: 265464455; UID 1000; state: DISABLED
05-12 01:21:52.197  1245  1245 D CompatibilityChangeReporter: Compat change id reported: 265452344; UID 1000; state: DISABLED
05-12 01:21:52.197  1245  1245 D CompatibilityChangeReporter: Compat change id reported: 266124927; UID 1000; state: DISABLED
05-12 01:21:52.197  1245  1245 D CompatibilityChangeReporter: Compat change id reported: 265451093; UID 1000; state: DISABLED
05-12 01:21:52.197  1245  1245 D CompatibilityChangeReporter: Compat change id reported: 265456536; UID 1000; state: DISABLED
05-12 01:21:52.198  1245  1245 D CompatibilityChangeReporter: Compat change id reported: 255940284; UID 1000; state: DISABLED
05-12 01:21:52.198  1245  1245 D CompatibilityChangeReporter: Compat change id reported: 236283604; UID 1000; state: DISABLED
05-12 01:21:52.198  1245  1245 D CompatibilityChangeReporter: Compat change id reported: 263959004; UID 1000; state: DISABLED
05-12 01:21:52.198  1245  1245 D CompatibilityChangeReporter: Compat change id reported: 264304459; UID 1000; state: DISABLED
05-12 01:21:52.198  1245  1245 D CompatibilityChangeReporter: Compat change id reported: 264301586; UID 1000; state: DISABLED
05-12 01:21:52.198  1245  1245 D CompatibilityChangeReporter: Compat change id reported: 254631730; UID 1000; state: DISABLED
05-12 01:21:52.198  1245  1245 D CompatibilityChangeReporter: Compat change id reported: 273509367; UID 1000; state: DISABLED
05-12 01:21:52.198  1245  1245 D CompatibilityChangeReporter: Compat change id reported: 263259275; UID 1000; state: DISABLED
05-12 01:21:52.205  1245  1421 V GameManagerService_GamePackageConfiguration: No android.game_mode_config meta-data found for package com.supercell.brawlstars
05-12 01:21:52.207  1245  1421 I GameManagerService: Disabling downscale for com.supercell.brawlstars
05-12 01:21:52.213  1245  1245 D CompatibilityChangeReporter: Compat change id reported: 174042980; UID 1000; state: DISABLED
05-12 01:21:52.214  1245  1245 D CompatibilityChangeReporter: Compat change id reported: 194480991; UID 1000; state: ENABLED
05-12 01:21:52.219  1245  1421 V GameManagerService: Package configuration not found for com.supercell.brawlstars
05-12 01:21:52.226  1245  1245 D CompatibilityChangeReporter: Compat change id reported: 197654537; UID 1000; state: ENABLED
05-12 01:21:52.232  1245  1245 D SystemServerTiming: showSystemReadyErrorDialogs
05-12 01:21:52.378  1245  1245 D SystemServerTiming: sendUserStartBroadcast
05-12 01:21:52.378  1245  1245 D SystemServerTiming: resumeTopActivities
05-12 01:21:52.379  1245  1245 D SystemServerTiming: sendUserSwitchBroadcasts
05-12 01:21:52.380  1245  1245 D SystemServerTiming: setBinderProxies
05-12 01:21:52.380  1245  1245 D SystemServerTiming: componentAlias
05-12 01:21:52.380  1245  1245 D ComponentAliasResolver: Compat listener set.
05-12 01:21:52.380  1245  1245 D SystemServerTiming: StartSystemUI
05-12 01:21:52.381  1245  1279 W ActivityManager: Slow operation: 189ms so far, now at startProcess: done updating battery stats
05-12 01:21:52.381  1245  1279 W ActivityManager: Slow operation: 189ms so far, now at startProcess: building log message
05-12 01:21:52.381  1245  1279 I ActivityManager: Start proc 1743:com.android.se/1068 for added application com.android.se
05-12 01:21:52.381  1245  1279 W ActivityManager: Slow operation: 189ms so far, now at startProcess: starting to update pids map
05-12 01:21:52.381  1245  1279 W ActivityManager: Slow operation: 189ms so far, now at startProcess: done updating pids map
05-12 01:21:52.381  1245  1279 W ActivityManager: Slow operation: 189ms so far, now at startProcess: asking zygote to start proc
05-12 01:21:52.382  1245  1347 D CompatibilityChangeReporter: Compat change id reported: 168419799; UID 1068; state: DISABLED
05-12 01:21:52.382  1245  1347 D CompatibilityChangeReporter: Compat change id reported: 273564678; UID 1068; state: DISABLED
05-12 01:21:52.390  1245  1271 D CompatibilityChangeReporter: Compat change id reported: 135634846; UID 1000; state: DISABLED
05-12 01:21:52.390  1245  1271 D CompatibilityChangeReporter: Compat change id reported: 177438394; UID 1000; state: DISABLED
05-12 01:21:52.390  1245  1271 D CompatibilityChangeReporter: Compat change id reported: 135772972; UID 1000; state: DISABLED
05-12 01:21:52.390  1245  1271 D CompatibilityChangeReporter: Compat change id reported: 135754954; UID 1000; state: ENABLED
05-12 01:21:52.394  1245  1279 W ActivityManager: Slow operation: 201ms so far, now at startProcess: returned from zygote!
05-12 01:21:52.399  1245  1279 W ActivityManager: Slow operation: 207ms so far, now at startProcess: done updating battery stats
05-12 01:21:52.399  1245  1279 I Watchdog: Interesting Java process com.android.phone started. Pid 1772
05-12 01:21:52.399  1245  1279 W ActivityManager: Slow operation: 207ms so far, now at startProcess: building log message
05-12 01:21:52.399  1245  1279 I ActivityManager: Start proc 1772:com.android.phone/1001 for added application com.android.phone
05-12 01:21:52.399  1245  1279 W ActivityManager: Slow operation: 207ms so far, now at startProcess: starting to update pids map
05-12 01:21:52.401  1245  1279 W ActivityManager: Slow operation: 208ms so far, now at startProcess: done updating pids map
05-12 01:21:52.405  1245  1245 D SystemServerTiming: startApexServices
05-12 01:21:52.405  1245  1245 D SystemServerTiming: starting com.android.server.scheduling.RebootReadinessManagerService$Lifecycle
05-12 01:21:52.405  1245  1245 I SystemServiceManager: Starting com.android.server.scheduling.RebootReadinessManagerService$Lifecycle
05-12 01:21:52.405  1245  1245 I SystemServiceManager: Not starting an already started service com.android.server.scheduling.RebootReadinessManagerService$Lifecycle
05-12 01:21:52.410  1245  1245 W Looper  : Slow delivery took 9102ms main h=android.app.PropertyInvalidatedCache$AutoCorker$1 c=null m=0
05-12 01:21:52.415  1245  1279 I ActivityManager: Start proc 1780:com.android.settings/1000 for top-activity {com.android.settings/com.android.settings.FallbackHome}
05-12 01:21:52.433  1245  1317 D CompatibilityChangeReporter: Compat change id reported: 218533173; UID 10037; state: ENABLED
05-12 01:21:52.434  1245  1317 D CompatibilityChangeReporter: Compat change id reported: 218533173; UID 10138; state: ENABLED
05-12 01:21:52.435  1245  1317 D CompatibilityChangeReporter: Compat change id reported: 218533173; UID 10305; state: ENABLED
05-12 01:21:52.441  1245  1258 D CompatibilityChangeReporter: Compat change id reported: 168419799; UID 1001; state: DISABLED
05-12 01:21:52.441  1245  1258 D CompatibilityChangeReporter: Compat change id reported: 273564678; UID 1001; state: DISABLED
05-12 01:21:52.444  1245  1317 D CompatibilityChangeReporter: Compat change id reported: 218533173; UID 10030; state: ENABLED
05-12 01:21:52.445  1245  1258 D CompatibilityChangeReporter: Compat change id reported: 181136395; UID 1000; state: DISABLED
05-12 01:21:52.446  1245  1258 D CompatibilityChangeReporter: Compat change id reported: 174042936; UID 1000; state: DISABLED
05-12 01:21:52.447  1245  1317 D CompatibilityChangeReporter: Compat change id reported: 218533173; UID 10205; state: ENABLED
05-12 01:21:52.448  1245  1317 D CompatibilityChangeReporter: Compat change id reported: 218533173; UID 10503; state: DISABLED
05-12 01:21:52.449  1245  1317 D CompatibilityChangeReporter: Compat change id reported: 218533173; UID 10288; state: ENABLED
05-12 01:21:52.450  1245  1317 D CompatibilityChangeReporter: Compat change id reported: 218533173; UID 10524; state: ENABLED
05-12 01:21:52.452  1245  1245 D CompatibilityChangeReporter: Compat change id reported: 161145287; UID 1000; state: DISABLED
05-12 01:21:52.453  1245  1245 D ConditionProviders.SCP: onConnected
05-12 01:21:52.454  1245  1317 D CompatibilityChangeReporter: Compat change id reported: 218533173; UID 10146; state: ENABLED
05-12 01:21:52.455  1245  1245 D ConditionProviders: Subscribing to condition://android/event?userId=-10000&calendar=&reply=1 with ComponentInfo{android/com.android.server.notification.EventConditionProvider}
05-12 01:21:52.455  1245  1245 D ConditionProviders: Subscribing to condition://android/schedule?days=1.2.3.4.5.6.7&start=22.0&end=7.0&exitAtAlarm=true with ComponentInfo{android/com.android.server.notification.ScheduleConditionProvider}
05-12 01:21:52.455  1245  1317 D CompatibilityChangeReporter: Compat change id reported: 218533173; UID 10149; state: ENABLED
05-12 01:21:52.457  1245  1317 D CompatibilityChangeReporter: Compat change id reported: 218533173; UID 10183; state: ENABLED
05-12 01:21:52.458  1245  1317 D CompatibilityChangeReporter: Compat change id reported: 218533173; UID 10517; state: ENABLED
05-12 01:21:52.467  1245  1317 D CompatibilityChangeReporter: Compat change id reported: 218533173; UID 10139; state: ENABLED
05-12 01:21:52.469  1245  1317 D CompatibilityChangeReporter: Compat change id reported: 218533173; UID 10360; state: ENABLED
05-12 01:21:52.470  1245  1317 D CompatibilityChangeReporter: Compat change id reported: 171306433; UID 10528; state: ENABLED
05-12 01:21:52.470  1245  1317 D CompatibilityChangeReporter: Compat change id reported: 226439802; UID 10528; state: DISABLED
05-12 01:21:52.470  1245  1317 D CompatibilityChangeReporter: Compat change id reported: 218533173; UID 10508; state: ENABLED
05-12 01:21:52.471  1245  1317 D CompatibilityChangeReporter: Compat change id reported: 218533173; UID 10303; state: ENABLED
05-12 01:21:52.471  1245  1317 D CompatibilityChangeReporter: Compat change id reported: 218533173; UID 10214; state: ENABLED
05-12 01:21:52.471  1245  1317 D CompatibilityChangeReporter: Compat change id reported: 218533173; UID 10137; state: ENABLED
05-12 01:21:52.472  1245  1317 D CompatibilityChangeReporter: Compat change id reported: 218533173; UID 10339; state: ENABLED
05-12 01:21:52.472  1245  1317 D CompatibilityChangeReporter: Compat change id reported: 218533173; UID 10340; state: ENABLED
05-12 01:21:52.473  1245  1317 D CompatibilityChangeReporter: Compat change id reported: 218533173; UID 10342; state: ENABLED
05-12 01:21:52.473  1245  1317 D CompatibilityChangeReporter: Compat change id reported: 218533173; UID 10041; state: ENABLED
05-12 01:21:52.473  1245  1317 D CompatibilityChangeReporter: Compat change id reported: 218533173; UID 10350; state: ENABLED
05-12 01:21:52.473  1245  1317 D CompatibilityChangeReporter: Compat change id reported: 218533173; UID 10256; state: ENABLED
05-12 01:21:52.474  1245  1317 D CompatibilityChangeReporter: Compat change id reported: 218533173; UID 10289; state: ENABLED
05-12 01:21:52.474  1245  1317 D CompatibilityChangeReporter: Compat change id reported: 171306433; UID 10461; state: ENABLED
05-12 01:21:52.474  1245  1317 D CompatibilityChangeReporter: Compat change id reported: 226439802; UID 10461; state: DISABLED
05-12 01:21:52.474  1245  1317 D CompatibilityChangeReporter: Compat change id reported: 218533173; UID 10409; state: ENABLED
05-12 01:21:52.475  1245  1317 D CompatibilityChangeReporter: Compat change id reported: 218533173; UID 10377; state: ENABLED
05-12 01:21:52.475  1245  1245 D CompatibilityChangeReporter: Compat change id reported: 135634846; UID 10512; state: DISABLED
05-12 01:21:52.475  1245  1317 D CompatibilityChangeReporter: Compat change id reported: 218533173; UID 10044; state: ENABLED
05-12 01:21:52.475  1245  1245 D CompatibilityChangeReporter: Compat change id reported: 177438394; UID 10512; state: DISABLED
05-12 01:21:52.475  1245  1245 D CompatibilityChangeReporter: Compat change id reported: 135772972; UID 10512; state: DISABLED
05-12 01:21:52.475  1245  1317 D CompatibilityChangeReporter: Compat change id reported: 218533173; UID 10047; state: ENABLED
05-12 01:21:52.475  1245  1245 D CompatibilityChangeReporter: Compat change id reported: 135754954; UID 10512; state: ENABLED
05-12 01:21:52.475  1245  1317 D CompatibilityChangeReporter: Compat change id reported: 218533173; UID 10412; state: ENABLED
05-12 01:21:52.476  1245  1317 D CompatibilityChangeReporter: Compat change id reported: 218533173; UID 10175; state: ENABLED
05-12 01:21:52.476  1245  1279 D CompatibilityChangeReporter: Compat change id reported: 143937733; UID 10512; state: ENABLED
05-12 01:21:52.476  1245  1317 D CompatibilityChangeReporter: Compat change id reported: 218533173; UID 10280; state: ENABLED
05-12 01:21:52.480  1245  1425 D CompatibilityChangeReporter: Compat change id reported: 168419799; UID 1068; state: DISABLED
05-12 01:21:52.480  1245  1425 D CompatibilityChangeReporter: Compat change id reported: 273564678; UID 1068; state: DISABLED
05-12 01:21:52.481  1245  1423 D CoreBackPreview: Window{a1e13fd u0 ScreenDecorOverlay}: Setting back callback OnBackInvokedCallbackInfo{mCallback=android.window.IOnBackInvokedCallback$Stub$Proxy@2d0c5b5, mPriority=0}
05-12 01:21:52.482  1245  1317 D CompatibilityChangeReporter: Compat change id reported: 218533173; UID 10242; state: ENABLED
05-12 01:21:52.483  1245  1317 D CompatibilityChangeReporter: Compat change id reported: 218533173; UID 10294; state: ENABLED
05-12 01:21:52.484  1245  1317 D CompatibilityChangeReporter: Compat change id reported: 218533173; UID 10443; state: ENABLED
05-12 01:21:52.484  1245  1317 D CompatibilityChangeReporter: Compat change id reported: 218533173; UID 10316; state: ENABLED
05-12 01:21:52.484  1245  1317 D CompatibilityChangeReporter: Compat change id reported: 218533173; UID 10372; state: ENABLED
05-12 01:21:52.485  1245  1317 D CompatibilityChangeReporter: Compat change id reported: 218533173; UID 10430; state: ENABLED
05-12 01:21:52.485  1245  1317 D CompatibilityChangeReporter: Compat change id reported: 218533173; UID 10080; state: ENABLED
05-12 01:21:52.485  1245  1317 D CompatibilityChangeReporter: Compat change id reported: 218533173; UID 10315; state: ENABLED
05-12 01:21:52.486  1245  1317 D CompatibilityChangeReporter: Compat change id reported: 218533173; UID 10299; state: ENABLED
05-12 01:21:52.486  1245  1279 I ActivityManager: Start proc 1806:android.ext.services/u0a512 for service {android.ext.services/android.ext.services.autofill.InlineSuggestionRenderServiceImpl}
05-12 01:21:52.486  1245  1317 D CompatibilityChangeReporter: Compat change id reported: 218533173; UID 10127; state: ENABLED
05-12 01:21:52.487  1245  1317 D CompatibilityChangeReporter: Compat change id reported: 218533173; UID 10184; state: ENABLED
05-12 01:21:52.487  1245  1317 D CompatibilityChangeReporter: Compat change id reported: 218533173; UID 10277; state: ENABLED
05-12 01:21:52.489  1245  1317 D CompatibilityChangeReporter: Compat change id reported: 218533173; UID 10140; state: ENABLED
05-12 01:21:52.490  1245  1258 D CompatibilityChangeReporter: Compat change id reported: 161145287; UID 1068; state: DISABLED
05-12 01:21:52.490  1245  1317 D CompatibilityChangeReporter: Compat change id reported: 218533173; UID 10075; state: ENABLED
05-12 01:21:52.491  1245  1347 D CoreBackPreview: Window{636ef0 u0 ScreenDecorOverlayBottom}: Setting back callback OnBackInvokedCallbackInfo{mCallback=android.window.IOnBackInvokedCallback$Stub$Proxy@cc22c08, mPriority=0}
05-12 01:21:52.492  1245  1317 D CompatibilityChangeReporter: Compat change id reported: 218533173; UID 10234; state: ENABLED
05-12 01:21:52.492  1245  1425 D CompatibilityChangeReporter: Compat change id reported: 135634846; UID 10496; state: DISABLED
05-12 01:21:52.492  1245  1425 D CompatibilityChangeReporter: Compat change id reported: 177438394; UID 10496; state: DISABLED
05-12 01:21:52.492  1245  1425 D CompatibilityChangeReporter: Compat change id reported: 135772972; UID 10496; state: DISABLED
05-12 01:21:52.492  1245  1425 D CompatibilityChangeReporter: Compat change id reported: 135754954; UID 10496; state: ENABLED
05-12 01:21:52.493  1245  1317 D CompatibilityChangeReporter: Compat change id reported: 171306433; UID 10502; state: ENABLED
05-12 01:21:52.494  1245  1279 D CompatibilityChangeReporter: Compat change id reported: 143937733; UID 10496; state: ENABLED
05-12 01:21:52.497  1245  1317 D CompatibilityChangeReporter: Compat change id reported: 226439802; UID 10502; state: DISABLED
05-12 01:21:52.498  1245  1317 D CompatibilityChangeReporter: Compat change id reported: 218533173; UID 10270; state: ENABLED
05-12 01:21:52.500  1245  1317 D CompatibilityChangeReporter: Compat change id reported: 218533173; UID 10051; state: ENABLED
05-12 01:21:52.501  1245  1317 D CompatibilityChangeReporter: Compat change id reported: 218533173; UID 10263; state: ENABLED
05-12 01:21:52.502  1245  1317 D CompatibilityChangeReporter: Compat change id reported: 218533173; UID 10297; state: ENABLED
05-12 01:21:52.503  1245  1317 D CompatibilityChangeReporter: Compat change id reported: 218533173; UID 10253; state: ENABLED
05-12 01:21:52.505  1245  1317 D CompatibilityChangeReporter: Compat change id reported: 218533173; UID 10359; state: ENABLED
05-12 01:21:52.506  1245  1317 D CompatibilityChangeReporter: Compat change id reported: 218533173; UID 10182; state: ENABLED
05-12 01:21:52.507  1245  1317 D CompatibilityChangeReporter: Compat change id reported: 218533173; UID 10032; state: ENABLED
05-12 01:21:52.508  1245  1317 D CompatibilityChangeReporter: Compat change id reported: 218533173; UID 10193; state: ENABLED
05-12 01:21:52.511  1245  1317 D CompatibilityChangeReporter: Compat change id reported: 218533173; UID 10400; state: ENABLED
05-12 01:21:52.513  1245  1317 D CompatibilityChangeReporter: Compat change id reported: 218533173; UID 10027; state: ENABLED
05-12 01:21:52.513  1245  1279 I ActivityManager: Start proc 1819:com.android.launcher3/u0a496 for service {com.android.launcher3/com.android.quickstep.TouchInteractionService}
05-12 01:21:52.514  1245  1317 D CompatibilityChangeReporter: Compat change id reported: 218533173; UID 10363; state: ENABLED
05-12 01:21:52.515  1245  1317 D CompatibilityChangeReporter: Compat change id reported: 218533173; UID 10096; state: ENABLED
05-12 01:21:52.516  1245  1317 D CompatibilityChangeReporter: Compat change id reported: 218533173; UID 10422; state: ENABLED
05-12 01:21:52.517  1245  1317 D CompatibilityChangeReporter: Compat change id reported: 218533173; UID 10092; state: ENABLED
05-12 01:21:52.518  1245  1317 D CompatibilityChangeReporter: Compat change id reported: 218533173; UID 10255; state: ENABLED
05-12 01:21:52.519  1245  1317 D CompatibilityChangeReporter: Compat change id reported: 218533173; UID 10063; state: ENABLED
05-12 01:21:52.520  1245  1317 D CompatibilityChangeReporter: Compat change id reported: 218533173; UID 10157; state: ENABLED
05-12 01:21:52.520  1245  1425 D CompatibilityChangeReporter: Compat change id reported: 168419799; UID 10512; state: DISABLED
05-12 01:21:52.521  1245  1425 D CompatibilityChangeReporter: Compat change id reported: 273564678; UID 10512; state: DISABLED
05-12 01:21:52.521  1245  1317 D CompatibilityChangeReporter: Compat change id reported: 171306433; UID 10525; state: ENABLED
05-12 01:21:52.521  1245  1317 D CompatibilityChangeReporter: Compat change id reported: 226439802; UID 10525; state: DISABLED
05-12 01:21:52.521  1245  1317 D CompatibilityChangeReporter: Compat change id reported: 218533173; UID 10428; state: ENABLED
05-12 01:21:52.521  1245  1317 D CompatibilityChangeReporter: Compat change id reported: 218533173; UID 10163; state: ENABLED
05-12 01:21:52.522  1245  1317 D CompatibilityChangeReporter: Compat change id reported: 218533173; UID 10126; state: ENABLED
05-12 01:21:52.522  1245  1317 D CompatibilityChangeReporter: Compat change id reported: 218533173; UID 10367; state: ENABLED
05-12 01:21:52.523  1245  1317 D CompatibilityChangeReporter: Compat change id reported: 218533173; UID 10319; state: ENABLED
05-12 01:21:52.523  1245  1425 D CompatibilityChangeReporter: Compat change id reported: 181136395; UID 1000; state: DISABLED
05-12 01:21:52.523  1245  1317 D CompatibilityChangeReporter: Compat change id reported: 218533173; UID 10161; state: ENABLED
05-12 01:21:52.523  1245  1425 D CompatibilityChangeReporter: Compat change id reported: 174042936; UID 1000; state: DISABLED
05-12 01:21:52.523  1245  1317 D CompatibilityChangeReporter: Compat change id reported: 218533173; UID 10168; state: ENABLED
05-12 01:21:52.524  1245  1317 D CompatibilityChangeReporter: Compat change id reported: 218533173; UID 10059; state: ENABLED
05-12 01:21:52.524  1245  1425 D CompatibilityChangeReporter: Compat change id reported: 174042980; UID 1000; state: DISABLED
05-12 01:21:52.524  1245  1317 D CompatibilityChangeReporter: Compat change id reported: 218533173; UID 10120; state: ENABLED
05-12 01:21:52.524  1245  1317 D CompatibilityChangeReporter: Compat change id reported: 218533173; UID 10185; state: ENABLED
05-12 01:21:52.525  1245  1317 D CompatibilityChangeReporter: Compat change id reported: 218533173; UID 10260; state: ENABLED
05-12 01:21:52.526  1245  1317 D CompatibilityChangeReporter: Compat change id reported: 218533173; UID 10022; state: ENABLED
05-12 01:21:52.526  1245  1317 D CompatibilityChangeReporter: Compat change id reported: 171306433; UID 10450; state: ENABLED
05-12 01:21:52.527  1245  1317 D CompatibilityChangeReporter: Compat change id reported: 226439802; UID 10450; state: DISABLED
05-12 01:21:52.529  1245  1317 D CompatibilityChangeReporter: Compat change id reported: 218533173; UID 10165; state: ENABLED
05-12 01:21:52.529  1245  1317 D CompatibilityChangeReporter: Compat change id reported: 218533173; UID 10169; state: ENABLED
05-12 01:21:52.530  1245  1317 D CompatibilityChangeReporter: Compat change id reported: 218533173; UID 10480; state: ENABLED
05-12 01:21:52.530  1245  1317 D CompatibilityChangeReporter: Compat change id reported: 218533173; UID 10267; state: ENABLED
05-12 01:21:52.530  1245  1317 D CompatibilityChangeReporter: Compat change id reported: 218533173; UID 10304; state: ENABLED
05-12 01:21:52.531  1245  1317 D CompatibilityChangeReporter: Compat change id reported: 218533173; UID 10095; state: ENABLED
05-12 01:21:52.531  1245  1317 D CompatibilityChangeReporter: Compat change id reported: 218533173; UID 10281; state: ENABLED
05-12 01:21:52.531  1245  1317 D CompatibilityChangeReporter: Compat change id reported: 218533173; UID 10534; state: ENABLED
05-12 01:21:52.532  1245  1317 D CompatibilityChangeReporter: Compat change id reported: 218533173; UID 10069; state: ENABLED
05-12 01:21:52.532  1245  1425 D CompatibilityChangeReporter: Compat change id reported: 168419799; UID 10512; state: DISABLED
05-12 01:21:52.533  1245  1425 D CompatibilityChangeReporter: Compat change id reported: 273564678; UID 10512; state: DISABLED
05-12 01:21:52.533  1245  1317 D CompatibilityChangeReporter: Compat change id reported: 218533173; UID 10131; state: ENABLED
05-12 01:21:52.533  1245  1317 D CompatibilityChangeReporter: Compat change id reported: 218533173; UID 10036; state: ENABLED
05-12 01:21:52.534  1245  1317 D CompatibilityChangeReporter: Compat change id reported: 218533173; UID 10121; state: ENABLED
05-12 01:21:52.534  1245  1317 D CompatibilityChangeReporter: Compat change id reported: 218533173; UID 10125; state: ENABLED
05-12 01:21:52.535  1245  1317 D CompatibilityChangeReporter: Compat change id reported: 218533173; UID 10033; state: ENABLED
05-12 01:21:52.536  1245  1317 D CompatibilityChangeReporter: Compat change id reported: 218533173; UID 10218; state: ENABLED
05-12 01:21:52.536  1245  1317 D CompatibilityChangeReporter: Compat change id reported: 218533173; UID 10016; state: ENABLED
05-12 01:21:52.537  1245  1317 D CompatibilityChangeReporter: Compat change id reported: 218533173; UID 10278; state: ENABLED
05-12 01:21:52.537  1245  1317 D CompatibilityChangeReporter: Compat change id reported: 218533173; UID 10056; state: ENABLED
05-12 01:21:52.537  1245  1317 D CompatibilityChangeReporter: Compat change id reported: 218533173; UID 10064; state: ENABLED
05-12 01:21:52.538  1245  1317 D CompatibilityChangeReporter: Compat change id reported: 218533173; UID 10444; state: ENABLED
05-12 01:21:52.538  1245  1317 D CompatibilityChangeReporter: Compat change id reported: 218533173; UID 10100; state: ENABLED
05-12 01:21:52.538  1245  1317 D CompatibilityChangeReporter: Compat change id reported: 218533173; UID 10011; state: ENABLED
05-12 01:21:52.539  1245  1317 D CompatibilityChangeReporter: Compat change id reported: 218533173; UID 10133; state: ENABLED
05-12 01:21:52.540  1245  1317 D CompatibilityChangeReporter: Compat change id reported: 218533173; UID 10553; state: ENABLED
05-12 01:21:52.540  1245  1317 D CompatibilityChangeReporter: Compat change id reported: 218533173; UID 10021; state: ENABLED
05-12 01:21:52.540  1245  1317 D CompatibilityChangeReporter: Compat change id reported: 218533173; UID 10320; state: ENABLED
05-12 01:21:52.541  1245  1317 D CompatibilityChangeReporter: Compat change id reported: 218533173; UID 10085; state: ENABLED
05-12 01:21:52.541  1245  1317 D CompatibilityChangeReporter: Compat change id reported: 218533173; UID 10264; state: ENABLED
05-12 01:21:52.541  1245  1317 D CompatibilityChangeReporter: Compat change id reported: 218533173; UID 10221; state: ENABLED
05-12 01:21:52.542  1245  1317 D CompatibilityChangeReporter: Compat change id reported: 218533173; UID 10396; state: ENABLED
05-12 01:21:52.542  1245  1317 D CompatibilityChangeReporter: Compat change id reported: 171306433; UID 10454; state: ENABLED
05-12 01:21:52.543  1245  1317 D CompatibilityChangeReporter: Compat change id reported: 226439802; UID 10454; state: DISABLED
05-12 01:21:52.543  1245  1317 D CompatibilityChangeReporter: Compat change id reported: 218533173; UID 10336; state: ENABLED
05-12 01:21:52.544  1245  1317 D CompatibilityChangeReporter: Compat change id reported: 218533173; UID 10488; state: ENABLED
05-12 01:21:52.544  1245  1317 D CompatibilityChangeReporter: Compat change id reported: 218533173; UID 10489; state: ENABLED
05-12 01:21:52.545  1245  1317 D CompatibilityChangeReporter: Compat change id reported: 218533173; UID 10485; state: ENABLED
05-12 01:21:52.546  1245  1317 D CompatibilityChangeReporter: Compat change id reported: 218533173; UID 10514; state: DISABLED
05-12 01:21:52.547  1245  1317 D CompatibilityChangeReporter: Compat change id reported: 218533173; UID 10463; state: ENABLED
05-12 01:21:52.547  1245  1317 D CompatibilityChangeReporter: Compat change id reported: 218533173; UID 10432; state: ENABLED
05-12 01:21:52.547  1245  1765 D CompatibilityChangeReporter: Compat change id reported: 168419799; UID 10496; state: DISABLED
05-12 01:21:52.547  1245  1317 D CompatibilityChangeReporter: Compat change id reported: 218533173; UID 10062; state: ENABLED
05-12 01:21:52.547  1245  1765 D CompatibilityChangeReporter: Compat change id reported: 273564678; UID 10496; state: DISABLED
05-12 01:21:52.548  1245  1317 D CompatibilityChangeReporter: Compat change id reported: 218533173; UID 10434; state: ENABLED
05-12 01:21:52.548  1245  1317 D CompatibilityChangeReporter: Compat change id reported: 218533173; UID 10179; state: ENABLED
05-12 01:21:52.548  1245  1317 D CompatibilityChangeReporter: Compat change id reported: 218533173; UID 10259; state: ENABLED
05-12 01:21:52.548  1245  1317 D CompatibilityChangeReporter: Compat change id reported: 218533173; UID 10341; state: ENABLED
05-12 01:21:52.549  1245  1317 D CompatibilityChangeReporter: Compat change id reported: 218533173; UID 10213; state: ENABLED
05-12 01:21:52.549  1245  1317 D CompatibilityChangeReporter: Compat change id reported: 218533173; UID 10510; state: ENABLED
05-12 01:21:52.549  1245  1317 D CompatibilityChangeReporter: Compat change id reported: 218533173; UID 10066; state: ENABLED
05-12 01:21:52.549  1245  1317 D CompatibilityChangeReporter: Compat change id reported: 218533173; UID 10136; state: ENABLED
05-12 01:21:52.550  1245  1317 D CompatibilityChangeReporter: Compat change id reported: 218533173; UID 10141; state: ENABLED
05-12 01:21:52.550  1245  1317 D CompatibilityChangeReporter: Compat change id reported: 218533173; UID 10143; state: ENABLED
05-12 01:21:52.550  1245  1317 D CompatibilityChangeReporter: Compat change id reported: 218533173; UID 10368; state: ENABLED
05-12 01:21:52.550  1245  1317 D CompatibilityChangeReporter: Compat change id reported: 218533173; UID 10325; state: ENABLED
05-12 01:21:52.551  1245  1317 D CompatibilityChangeReporter: Compat change id reported: 218533173; UID 10159; state: ENABLED
05-12 01:21:52.551  1245  1317 D CompatibilityChangeReporter: Compat change id reported: 218533173; UID 10317; state: ENABLED
05-12 01:21:52.551  1245  1317 D CompatibilityChangeReporter: Compat change id reported: 218533173; UID 10476; state: DISABLED
05-12 01:21:52.552  1245  1317 D CompatibilityChangeReporter: Compat change id reported: 218533173; UID 10438; state: ENABLED
05-12 01:21:52.553  1245  1317 D CompatibilityChangeReporter: Compat change id reported: 218533173; UID 10491; state: ENABLED
05-12 01:21:52.553  1245  1317 D CompatibilityChangeReporter: Compat change id reported: 218533173; UID 10473; state: ENABLED
05-12 01:21:52.554  1245  1317 D CompatibilityChangeReporter: Compat change id reported: 218533173; UID 10061; state: ENABLED
05-12 01:21:52.554  1245  1317 D CompatibilityChangeReporter: Compat change id reported: 218533173; UID 10251; state: ENABLED
05-12 01:21:52.554  1245  1317 D CompatibilityChangeReporter: Compat change id reported: 218533173; UID 10311; state: ENABLED
05-12 01:21:52.554  1245  1317 D CompatibilityChangeReporter: Compat change id reported: 218533173; UID 10050; state: ENABLED
05-12 01:21:52.555  1245  1317 D CompatibilityChangeReporter: Compat change id reported: 218533173; UID 10045; state: ENABLED
05-12 01:21:52.555  1245  1317 D CompatibilityChangeReporter: Compat change id reported: 218533173; UID 10507; state: ENABLED
05-12 01:21:52.555  1245  1317 D CompatibilityChangeReporter: Compat change id reported: 218533173; UID 10074; state: ENABLED
05-12 01:21:52.555  1245  1317 D CompatibilityChangeReporter: Compat change id reported: 218533173; UID 10231; state: DISABLED
05-12 01:21:52.556  1245  1317 D CompatibilityChangeReporter: Compat change id reported: 218533173; UID 10230; state: DISABLED
05-12 01:21:52.556  1245  1317 D CompatibilityChangeReporter: Compat change id reported: 218533173; UID 10226; state: DISABLED
05-12 01:21:52.556  1245  1317 D CompatibilityChangeReporter: Compat change id reported: 218533173; UID 10227; state: DISABLED
05-12 01:21:52.556  1245  1317 D CompatibilityChangeReporter: Compat change id reported: 218533173; UID 10229; state: DISABLED
05-12 01:21:52.557  1245  1317 D CompatibilityChangeReporter: Compat change id reported: 218533173; UID 10009; state: ENABLED
05-12 01:21:52.557  1245  1317 D CompatibilityChangeReporter: Compat change id reported: 218533173; UID 10147; state: ENABLED
05-12 01:21:52.557  1245  1317 D CompatibilityChangeReporter: Compat change id reported: 218533173; UID 10222; state: ENABLED
05-12 01:21:52.557  1245  1317 D CompatibilityChangeReporter: Compat change id reported: 218533173; UID 10307; state: ENABLED
05-12 01:21:52.557  1245  1317 D CompatibilityChangeReporter: Compat change id reported: 218533173; UID 10071; state: ENABLED
05-12 01:21:52.558  1245  1317 D CompatibilityChangeReporter: Compat change id reported: 218533173; UID 10232; state: ENABLED
05-12 01:21:52.558  1245  1317 D CompatibilityChangeReporter: Compat change id reported: 171306433; UID 10493; state: ENABLED
05-12 01:21:52.558  1245  1317 D CompatibilityChangeReporter: Compat change id reported: 226439802; UID 10493; state: DISABLED
05-12 01:21:52.558  1245  1317 D CompatibilityChangeReporter: Compat change id reported: 218533173; UID 10268; state: ENABLED
05-12 01:21:52.559  1245  1317 D CompatibilityChangeReporter: Compat change id reported: 218533173; UID 10192; state: ENABLED
05-12 01:21:52.559  1245  1317 D CompatibilityChangeReporter: Compat change id reported: 218533173; UID 10151; state: ENABLED
05-12 01:21:52.559  1245  1317 D CompatibilityChangeReporter: Compat change id reported: 218533173; UID 10380; state: ENABLED
05-12 01:21:52.560  1245  1317 D CompatibilityChangeReporter: Compat change id reported: 218533173; UID 10252; state: ENABLED
05-12 01:21:52.560  1245  1317 D CompatibilityChangeReporter: Compat change id reported: 218533173; UID 10087; state: ENABLED
05-12 01:21:52.560  1245  1317 D CompatibilityChangeReporter: Compat change id reported: 218533173; UID 10180; state: ENABLED
05-12 01:21:52.561  1245  1317 D CompatibilityChangeReporter: Compat change id reported: 218533173; UID 10291; state: ENABLED
05-12 01:21:52.561  1245  1317 D CompatibilityChangeReporter: Compat change id reported: 218533173; UID 10228; state: ENABLED
05-12 01:21:52.561  1245  1317 D CompatibilityChangeReporter: Compat change id reported: 218533173; UID 10431; state: ENABLED
05-12 01:21:52.562  1245  1317 D CompatibilityChangeReporter: Compat change id reported: 218533173; UID 10496; state: ENABLED
05-12 01:21:52.562  1245  1317 D CompatibilityChangeReporter: Compat change id reported: 218533173; UID 10101; state: ENABLED
05-12 01:21:52.562  1245  1317 D CompatibilityChangeReporter: Compat change id reported: 218533173; UID 10148; state: ENABLED
05-12 01:21:52.563  1245  1317 D CompatibilityChangeReporter: Compat change id reported: 218533173; UID 10026; state: ENABLED
05-12 01:21:52.563  1245  1317 D CompatibilityChangeReporter: Compat change id reported: 218533173; UID 10176; state: ENABLED
05-12 01:21:52.563  1245  1317 D CompatibilityChangeReporter: Compat change id reported: 218533173; UID 10178; state: ENABLED
05-12 01:21:52.563  1245  1317 D CompatibilityChangeReporter: Compat change id reported: 218533173; UID 10189; state: ENABLED
05-12 01:21:52.564  1245  1317 D CompatibilityChangeReporter: Compat change id reported: 218533173; UID 10416; state: ENABLED
05-12 01:21:52.564  1245  1317 D CompatibilityChangeReporter: Compat change id reported: 218533173; UID 10173; state: ENABLED
05-12 01:21:52.564  1245  1317 D CompatibilityChangeReporter: Compat change id reported: 218533173; UID 10102; state: ENABLED
05-12 01:21:52.564  1245  1317 D CompatibilityChangeReporter: Compat change id reported: 218533173; UID 10153; state: ENABLED
05-12 01:21:52.565  1245  1317 D CompatibilityChangeReporter: Compat change id reported: 218533173; UID 10321; state: ENABLED
05-12 01:21:52.565  1245  1317 D CompatibilityChangeReporter: Compat change id reported: 218533173; UID 10481; state: ENABLED
05-12 01:21:52.565  1245  1317 D CompatibilityChangeReporter: Compat change id reported: 218533173; UID 10310; state: ENABLED
05-12 01:21:52.565  1245  1317 D CompatibilityChangeReporter: Compat change id reported: 218533173; UID 10055; state: ENABLED
05-12 01:21:52.565  1245  1317 D CompatibilityChangeReporter: Compat change id reported: 218533173; UID 10005; state: ENABLED
05-12 01:21:52.566  1245  1317 D CompatibilityChangeReporter: Compat change id reported: 218533173; UID 10338; state: ENABLED
05-12 01:21:52.566  1245  1317 D CompatibilityChangeReporter: Compat change id reported: 218533173; UID 10424; state: DISABLED
05-12 01:21:52.566  1245  1317 D CompatibilityChangeReporter: Compat change id reported: 218533173; UID 10292; state: ENABLED
05-12 01:21:52.566  1245  1317 D CompatibilityChangeReporter: Compat change id reported: 218533173; UID 10279; state: ENABLED
05-12 01:21:52.567  1245  1317 D CompatibilityChangeReporter: Compat change id reported: 218533173; UID 10093; state: ENABLED
05-12 01:21:52.567  1245  1317 D CompatibilityChangeReporter: Compat change id reported: 218533173; UID 10445; state: ENABLED
05-12 01:21:52.567  1245  1317 D CompatibilityChangeReporter: Compat change id reported: 218533173; UID 10523; state: ENABLED
05-12 01:21:52.567  1245  1317 D CompatibilityChangeReporter: Compat change id reported: 218533173; UID 10337; state: ENABLED
05-12 01:21:52.567  1245  1317 D CompatibilityChangeReporter: Compat change id reported: 218533173; UID 10150; state: ENABLED
05-12 01:21:52.568  1245  1317 D CompatibilityChangeReporter: Compat change id reported: 218533173; UID 10258; state: ENABLED
05-12 01:21:52.568  1245  1317 D CompatibilityChangeReporter: Compat change id reported: 218533173; UID 10347; state: ENABLED
05-12 01:21:52.568  1245  1317 D CompatibilityChangeReporter: Compat change id reported: 218533173; UID 10330; state: ENABLED
05-12 01:21:52.568  1245  1317 D CompatibilityChangeReporter: Compat change id reported: 218533173; UID 10199; state: ENABLED
05-12 01:21:52.569  1245  1317 D CompatibilityChangeReporter: Compat change id reported: 218533173; UID 10098; state: ENABLED
05-12 01:21:52.569  1245  1317 D CompatibilityChangeReporter: Compat change id reported: 218533173; UID 10273; state: ENABLED
05-12 01:21:52.569  1245  1317 D CompatibilityChangeReporter: Compat change id reported: 218533173; UID 10156; state: ENABLED
05-12 01:21:52.569  1245  1317 D CompatibilityChangeReporter: Compat change id reported: 218533173; UID 10448; state: ENABLED
05-12 01:21:52.570  1245  1317 D CompatibilityChangeReporter: Compat change id reported: 218533173; UID 10110; state: ENABLED
05-12 01:21:52.570  1245  1317 D CompatibilityChangeReporter: Compat change id reported: 218533173; UID 10002; state: ENABLED
05-12 01:21:52.570  1245  1317 D CompatibilityChangeReporter: Compat change id reported: 218533173; UID 10003; state: ENABLED
05-12 01:21:52.570  1245  1317 D CompatibilityChangeReporter: Compat change id reported: 218533173; UID 10040; state: ENABLED
05-12 01:21:52.570  1245  1317 D CompatibilityChangeReporter: Compat change id reported: 218533173; UID 10123; state: ENABLED
05-12 01:21:52.571  1245  1317 D CompatibilityChangeReporter: Compat change id reported: 218533173; UID 10202; state: ENABLED
05-12 01:21:52.571  1245  1317 D CompatibilityChangeReporter: Compat change id reported: 218533173; UID 10313; state: ENABLED
05-12 01:21:52.571  1245  1317 D CompatibilityChangeReporter: Compat change id reported: 218533173; UID 10208; state: ENABLED
05-12 01:21:52.571  1245  1317 D CompatibilityChangeReporter: Compat change id reported: 218533173; UID 10019; state: ENABLED
05-12 01:21:52.572  1245  1317 D CompatibilityChangeReporter: Compat change id reported: 218533173; UID 10459; state: ENABLED
05-12 01:21:52.572  1245  1317 D CompatibilityChangeReporter: Compat change id reported: 218533173; UID 10285; state: ENABLED
05-12 01:21:52.572  1245  1317 D CompatibilityChangeReporter: Compat change id reported: 218533173; UID 10195; state: ENABLED
05-12 01:21:52.572  1245  1317 D CompatibilityChangeReporter: Compat change id reported: 218533173; UID 10369; state: ENABLED
05-12 01:21:52.573  1245  1317 D CompatibilityChangeReporter: Compat change id reported: 218533173; UID 10046; state: ENABLED
05-12 01:21:52.573  1245  1317 D CompatibilityChangeReporter: Compat change id reported: 218533173; UID 10393; state: ENABLED
05-12 01:21:52.573  1245  1317 D CompatibilityChangeReporter: Compat change id reported: 218533173; UID 10418; state: ENABLED
05-12 01:21:52.573  1245  1317 D CompatibilityChangeReporter: Compat change id reported: 218533173; UID 10276; state: ENABLED
05-12 01:21:52.574  1245  1317 D CompatibilityChangeReporter: Compat change id reported: 218533173; UID 10427; state: ENABLED
05-12 01:21:52.574  1245  1317 D CompatibilityChangeReporter: Compat change id reported: 218533173; UID 10132; state: ENABLED
05-12 01:21:52.574  1245  1317 D CompatibilityChangeReporter: Compat change id reported: 218533173; UID 10243; state: ENABLED
05-12 01:21:52.574  1245  1317 D CompatibilityChangeReporter: Compat change id reported: 218533173; UID 10429; state: ENABLED
05-12 01:21:52.575  1245  1317 D CompatibilityChangeReporter: Compat change id reported: 218533173; UID 10262; state: ENABLED
05-12 01:21:52.575  1245  1317 D CompatibilityChangeReporter: Compat change id reported: 218533173; UID 10495; state: ENABLED
05-12 01:21:52.575  1245  1317 D CompatibilityChangeReporter: Compat change id reported: 218533173; UID 10440; state: ENABLED
05-12 01:21:52.576  1245  1317 D CompatibilityChangeReporter: Compat change id reported: 218533173; UID 10107; state: ENABLED
05-12 01:21:52.576  1245  1317 D CompatibilityChangeReporter: Compat change id reported: 218533173; UID 10250; state: ENABLED
05-12 01:21:52.576  1245  1317 D CompatibilityChangeReporter: Compat change id reported: 218533173; UID 10206; state: ENABLED
05-12 01:21:52.577  1245  1317 D CompatibilityChangeReporter: Compat change id reported: 218533173; UID 10099; state: ENABLED
05-12 01:21:52.577  1245  1317 D CompatibilityChangeReporter: Compat change id reported: 218533173; UID 10328; state: ENABLED
05-12 01:21:52.577  1245  1317 D CompatibilityChangeReporter: Compat change id reported: 171306433; UID 10456; state: ENABLED
05-12 01:21:52.577  1245  1317 D CompatibilityChangeReporter: Compat change id reported: 226439802; UID 10456; state: DISABLED
05-12 01:21:52.578  1245  1317 D CompatibilityChangeReporter: Compat change id reported: 218533173; UID 10392; state: ENABLED
05-12 01:21:52.578  1245  1317 D CompatibilityChangeReporter: Compat change id reported: 218533173; UID 10134; state: ENABLED
05-12 01:21:52.579  1245  1317 D CompatibilityChangeReporter: Compat change id reported: 218533173; UID 10447; state: ENABLED
05-12 01:21:52.579  1245  1317 D CompatibilityChangeReporter: Compat change id reported: 218533173; UID 10254; state: ENABLED
05-12 01:21:52.579  1245  1317 D CompatibilityChangeReporter: Compat change id reported: 218533173; UID 10333; state: ENABLED
05-12 01:21:52.580  1245  1317 D CompatibilityChangeReporter: Compat change id reported: 218533173; UID 10105; state: ENABLED
05-12 01:21:52.580  1245  1317 D CompatibilityChangeReporter: Compat change id reported: 218533173; UID 10413; state: ENABLED
05-12 01:21:52.580  1245  1317 D CompatibilityChangeReporter: Compat change id reported: 218533173; UID 10122; state: ENABLED
05-12 01:21:52.581  1245  1317 D CompatibilityChangeReporter: Compat change id reported: 218533173; UID 10296; state: ENABLED
05-12 01:21:52.581  1245  1317 D CompatibilityChangeReporter: Compat change id reported: 218533173; UID 10007; state: ENABLED
05-12 01:21:52.581  1245  1317 D CompatibilityChangeReporter: Compat change id reported: 218533173; UID 10162; state: ENABLED
05-12 01:21:52.582  1245  1317 D CompatibilityChangeReporter: Compat change id reported: 218533173; UID 10308; state: ENABLED
05-12 01:21:52.582  1245  1317 D CompatibilityChangeReporter: Compat change id reported: 218533173; UID 10239; state: ENABLED
05-12 01:21:52.582  1245  1317 D CompatibilityChangeReporter: Compat change id reported: 218533173; UID 10155; state: ENABLED
05-12 01:21:52.583  1245  1317 D CompatibilityChangeReporter: Compat change id reported: 218533173; UID 10257; state: ENABLED
05-12 01:21:52.583  1245  1317 D CompatibilityChangeReporter: Compat change id reported: 218533173; UID 10417; state: ENABLED
05-12 01:21:52.583  1245  1317 D CompatibilityChangeReporter: Compat change id reported: 218533173; UID 10388; state: ENABLED
05-12 01:21:52.583  1245  1317 D CompatibilityChangeReporter: Compat change id reported: 218533173; UID 10335; state: ENABLED
05-12 01:21:52.584  1245  1317 D CompatibilityChangeReporter: Compat change id reported: 218533173; UID 10223; state: ENABLED
05-12 01:21:52.584  1245  1317 D CompatibilityChangeReporter: Compat change id reported: 218533173; UID 10344; state: ENABLED
05-12 01:21:52.585  1245  1317 D CompatibilityChangeReporter: Compat change id reported: 218533173; UID 10274; state: ENABLED
05-12 01:21:52.585  1245  1317 D CompatibilityChangeReporter: Compat change id reported: 218533173; UID 10464; state: ENABLED
05-12 01:21:52.585  1245  1317 D CompatibilityChangeReporter: Compat change id reported: 218533173; UID 10001; state: ENABLED
05-12 01:21:52.586  1245  1317 D CompatibilityChangeReporter: Compat change id reported: 218533173; UID 10004; state: ENABLED
05-12 01:21:52.586  1245  1317 D CompatibilityChangeReporter: Compat change id reported: 218533173; UID 10018; state: ENABLED
05-12 01:21:52.586  1245  1317 D CompatibilityChangeReporter: Compat change id reported: 218533173; UID 10466; state: ENABLED
05-12 01:21:52.587  1245  1317 D CompatibilityChangeReporter: Compat change id reported: 218533173; UID 10408; state: ENABLED
05-12 01:21:52.587  1245  1317 D CompatibilityChangeReporter: Compat change id reported: 218533173; UID 10467; state: ENABLED
05-12 01:21:52.587  1245  1317 D CompatibilityChangeReporter: Compat change id reported: 218533173; UID 10186; state: ENABLED
05-12 01:21:52.588  1245  1317 D CompatibilityChangeReporter: Compat change id reported: 218533173; UID 10298; state: ENABLED
05-12 01:21:52.588  1245  1317 D CompatibilityChangeReporter: Compat change id reported: 218533173; UID 10224; state: ENABLED
05-12 01:21:52.588  1245  1317 D CompatibilityChangeReporter: Compat change id reported: 218533173; UID 10035; state: ENABLED
05-12 01:21:52.589  1245  1317 D CompatibilityChangeReporter: Compat change id reported: 218533173; UID 10114; state: ENABLED
05-12 01:21:52.589  1245  1317 D CompatibilityChangeReporter: Compat change id reported: 218533173; UID 10014; state: ENABLED
05-12 01:21:52.590  1245  1317 D CompatibilityChangeReporter: Compat change id reported: 218533173; UID 10364; state: ENABLED
05-12 01:21:52.590  1245  1317 D CompatibilityChangeReporter: Compat change id reported: 218533173; UID 10097; state: ENABLED
05-12 01:21:52.590  1245  1317 D CompatibilityChangeReporter: Compat change id reported: 218533173; UID 10351; state: ENABLED
05-12 01:21:52.590  1245  1317 D CompatibilityChangeReporter: Compat change id reported: 218533173; UID 10219; state: ENABLED
05-12 01:21:52.591  1245  1317 D CompatibilityChangeReporter: Compat change id reported: 218533173; UID 10049; state: ENABLED
05-12 01:21:52.591  1245  1317 D CompatibilityChangeReporter: Compat change id reported: 218533173; UID 10188; state: ENABLED
05-12 01:21:52.592  1245  1317 D CompatibilityChangeReporter: Compat change id reported: 218533173; UID 10468; state: ENABLED
05-12 01:21:52.592  1245  1317 D CompatibilityChangeReporter: Compat change id reported: 218533173; UID 10088; state: ENABLED
05-12 01:21:52.593  1245  1317 D CompatibilityChangeReporter: Compat change id reported: 218533173; UID 10129; state: ENABLED
05-12 01:21:52.593  1245  1245 I PackageWatchdog: Syncing health check requests for packages: {}
05-12 01:21:52.593  1245  1245 I ExplicitHealthCheckController: Service not ready to get health check supported packages. Binding...
05-12 01:21:52.594  1245  1317 D CompatibilityChangeReporter: Compat change id reported: 218533173; UID 10058; state: ENABLED
05-12 01:21:52.595  1245  1317 D CompatibilityChangeReporter: Compat change id reported: 218533173; UID 10244; state: ENABLED
05-12 01:21:52.595  1245  1245 I ExplicitHealthCheckController: Explicit health check service is bound
05-12 01:21:52.596  1245  1317 D CompatibilityChangeReporter: Compat change id reported: 218533173; UID 10225; state: ENABLED
05-12 01:21:52.597  1245  1317 D CompatibilityChangeReporter: Compat change id reported: 218533173; UID 10414; state: ENABLED
05-12 01:21:52.598  1245  1317 D CompatibilityChangeReporter: Compat change id reported: 218533173; UID 10497; state: ENABLED
05-12 01:21:52.598  1245  1317 D CompatibilityChangeReporter: Compat change id reported: 218533173; UID 10194; state: ENABLED
05-12 01:21:52.599  1245  1317 D CompatibilityChangeReporter: Compat change id reported: 218533173; UID 10446; state: ENABLED
05-12 01:21:52.599  1245  1317 D CompatibilityChangeReporter: Compat change id reported: 218533173; UID 10415; state: ENABLED
05-12 01:21:52.600  1245  1317 D CompatibilityChangeReporter: Compat change id reported: 218533173; UID 10475; state: ENABLED
05-12 01:21:52.600  1245  1317 D CompatibilityChangeReporter: Compat change id reported: 218533173; UID 10512; state: DISABLED
