05-26 23:03:33.543    48    48 I         : (6)[48:kworker/6:1]Start 0x10a800 of disk mmcblk0 not write group aligned
05-26 23:03:33.543    48    48 I         : (6)[48:kworker/6:1]End 0x10a800 of disk mmcblk0 not write group aligned
05-26 23:03:33.543    48    48 I (6)[48:kworker/6:1]mmc0: device cq off
05-26 23:03:33.543    48    48 I (6)[48:kworker/6:1]mmc0: device cq on
05-26 23:03:33.543    48    48 I         : (6)[48:kworker/6:1]0x10a800 ~ 0x10d800 of mmcblk0 is fully write protected
05-26 23:03:33.543    48    48 I         : (6)[48:kworker/6:1]Start 0x10d800 of disk mmcblk0 not write group aligned
05-26 23:03:33.543    48    48 I         : (6)[48:kworker/6:1]End 0x10d800 of disk mmcblk0 not write group aligned
05-26 23:03:33.543    48    48 I (6)[48:kworker/6:1]mmc0: device cq off
05-26 23:03:33.543    48    48 I (6)[48:kworker/6:1]mmc0: device cq on
05-26 23:03:33.543    48    48 I         : (6)[48:kworker/6:1]0x10d800 ~ 0x110800 of mmcblk0 is fully write protected
05-26 23:03:33.543    48    48 I         : (6)[48:kworker/6:1]Start 0x110800 of disk mmcblk0 not write group aligned
05-26 23:03:33.543    48    48 I         : (6)[48:kworker/6:1]End 0x110800 of disk mmcblk0 not write group aligned
05-26 23:03:33.543    48    48 I (6)[48:kworker/6:1]mmc0: device cq off
05-26 23:03:33.543    48    48 I (6)[48:kworker/6:1]mmc0: device cq on
05-26 23:03:33.543    48    48 I         : (6)[48:kworker/6:1]0x110800 ~ 0x111000 of mmcblk0 is fully write protected
05-26 23:03:33.543    48    48 I         : (6)[48:kworker/6:1]Start 0x111000 of disk mmcblk0 not write group aligned
05-26 23:03:33.543    48    48 I         : (6)[48:kworker/6:1]End 0x111000 of disk mmcblk0 not write group aligned
05-26 23:03:33.543    48    48 I (6)[48:kworker/6:1]mmc0: device cq off
05-26 23:03:33.543    48    48 I (6)[48:kworker/6:1]mmc0: device cq on
05-26 23:03:33.543    48    48 I         : (6)[48:kworker/6:1]0x111000 ~ 0x111800 of mmcblk0 is fully write protected
05-26 23:03:33.543    48    48 I         : (6)[48:kworker/6:1]Start 0x111800 of disk mmcblk0 not write group aligned
05-26 23:03:33.543    48    48 I         : (6)[48:kworker/6:1]End 0x111800 of disk mmcblk0 not write group aligned
05-26 23:03:33.543    48    48 I (6)[48:kworker/6:1]mmc0: device cq off
05-26 23:03:33.543    48    48 I (6)[48:kworker/6:1]mmc0: device cq on
05-26 23:03:33.543    48    48 I         : (6)[48:kworker/6:1]0x111800 ~ 0x119800 of mmcblk0 is fully write protected
05-26 23:03:33.543    48    48 I         : (6)[48:kworker/6:1]Start 0x119800 of disk mmcblk0 not write group aligned
05-26 23:03:33.543    48    48 I         : (6)[48:kworker/6:1]End 0x119800 of disk mmcblk0 not write group aligned
05-26 23:03:33.543    48    48 I (6)[48:kworker/6:1]mmc0: device cq off
05-26 23:03:33.543    48    48 I (6)[48:kworker/6:1]mmc0: device cq on
05-26 23:03:33.544    48    48 I         : (6)[48:kworker/6:1]0x119800 ~ 0x121800 of mmcblk0 is fully write protected
05-26 23:03:33.544    48    48 I         : (6)[48:kworker/6:1]Start 0x121800 of disk mmcblk0 not write group aligned
05-26 23:03:33.544    48    48 I         : (6)[48:kworker/6:1]End 0x121800 of disk mmcblk0 not write group aligned
05-26 23:03:33.544    48    48 I (6)[48:kworker/6:1]mmc0: device cq off
05-26 23:03:33.544    48    48 I (6)[48:kworker/6:1]mmc0: device cq on
05-26 23:03:33.544   249   249 I (0)[249:kworker/u16:2][FTS_TS/I]fts_get_ic_information: get ic information, chip id = 0x8756
05-26 23:03:33.544    48    48 I         : (6)[48:kworker/6:1]0x121800 ~ 0x122800 of mmcblk0 is fully write protected
05-26 23:03:33.544    48    48 I         : (6)[48:kworker/6:1]Start 0x122800 of disk mmcblk0 not write group aligned
05-26 23:03:33.544    48    48 I         : (6)[48:kworker/6:1]End 0x122800 of disk mmcblk0 not write group aligned
05-26 23:03:33.544   249   249 I (0)[249:kworker/u16:2][FTS_TS/I]fts_create_apk_debug_channel: Create proc entry success!
05-26 23:03:33.544    48    48 I (6)[48:kworker/6:1]mmc0: device cq off
05-26 23:03:33.544   249   249 I (0)[249:kworker/u16:2][FTS_TS/I]fts_create_sysfs: [EX]: sysfs_create_group() succeeded!!
05-26 23:03:33.544    48    48 I (6)[48:kworker/6:1]mmc0: device cq on
05-26 23:03:33.544    48    48 I         : (6)[48:kworker/6:1]0x122800 ~ 0x123800 of mmcblk0 is fully write protected
05-26 23:03:33.544    48    48 I         : (6)[48:kworker/6:1]Start 0x123800 of disk mmcblk0 not write group aligned
05-26 23:03:33.544    48    48 I         : (6)[48:kworker/6:1]End 0x123800 of disk mmcblk0 not write group aligned
05-26 23:03:33.545    48    48 I (6)[48:kworker/6:1]mmc0: device cq off
05-26 23:03:33.545    48    48 I (6)[48:kworker/6:1]mmc0: device cq on
05-26 23:03:33.545    48    48 I         : (6)[48:kworker/6:1]0x123800 ~ 0x133800 of mmcblk0 is fully write protected
05-26 23:03:33.545   249   249 I (0)[249:kworker/u16:2]mtk-tpd: [tpd_gpio_as_int:152] [tpd] tpd_gpio_as_int
05-26 23:03:33.545    48    48 I         : (6)[48:kworker/6:1]Start 0x133800 of disk mmcblk0 not write group aligned
05-26 23:03:33.545    48    48 I         : (6)[48:kworker/6:1]End 0x133800 of disk mmcblk0 not write group aligned
05-26 23:03:33.545    48    48 I (6)[48:kworker/6:1]mmc0: device cq off
05-26 23:03:33.545   249   249 I (0)[249:kworker/u16:2][FTS_TS/I]fts_irq_registration: irq:26, flag:2
05-26 23:03:33.545    48    48 I (6)[48:kworker/6:1]mmc0: device cq on
05-26 23:03:33.545    48    48 I         : (6)[48:kworker/6:1]0x133800 ~ 0x137800 of mmcblk0 is fully write protected
05-26 23:03:33.545    48    48 I         : (6)[48:kworker/6:1]Start 0x137800 of disk mmcblk0 not write group aligned
05-26 23:03:33.545    48    48 I         : (6)[48:kworker/6:1]End 0x137800 of disk mmcblk0 not write group aligned
05-26 23:03:33.545   249   249 I (0)[249:kworker/u16:2][FTS_TS/I]fts_fwupg_init: fw upgrade init function
05-26 23:03:33.545   249   249 I (0)[249:kworker/u16:2][FTS_TS/I]fts_fwupg_init: match upgrade setting,type(ID):0x8756
05-26 23:03:33.545    48    48 I (6)[48:kworker/6:1]mmc0: device cq off
05-26 23:03:33.545   260   260 I (6)[260:kworker/u16:4][FTS_TS/I]fts_fwupg_work: fw upgrade work function
05-26 23:03:33.545   249   249 I (0)[249:kworker/u16:2][FTS_TS/I]fts_ts_probe: Touch Screen(SPI BUS) driver prboe successfully
05-26 23:03:33.545    48    48 I (6)[48:kworker/6:1]mmc0: device cq on
05-26 23:03:33.545    48    48 I         : (6)[48:kworker/6:1]0x137800 ~ 0x13a000 of mmcblk0 is fully write protected
05-26 23:03:33.545    48    48 I         : (6)[48:kworker/6:1]Start 0x13a000 of disk mmcblk0 not write group aligned
05-26 23:03:33.545    48    48 I (6)[48:kworker/6:1]mmc0: device cq off
05-26 23:03:33.545   249   249 I (0)[249:kworker/u16:2]mtk-tpd: [tpd_probe:656] tpd_probe, tpd_driver_name=fts_ts
05-26 23:03:33.546    48    48 I (6)[48:kworker/6:1]mmc0: device cq on
05-26 23:03:33.546    48    48 I         : (6)[48:kworker/6:1]0x13a000 ~ 0x140000 of mmcblk0 is fully write protected
05-26 23:03:33.546    48    48 I (6)[48:kworker/6:1]mmc0: device cq off
05-26 23:03:33.546   249   249 I (1)[249:kworker/u16:2]mtk-tpd: [tpd_probe:709] Cap touch panel driver
05-26 23:03:33.546   249   249 I (1)[249:kworker/u16:2]input: mtk-tpd as /devices/virtual/input/input2
05-26 23:03:33.546     1     1 I (7)[1:swapper/0]mtk_charger_probe: starts
05-26 23:03:33.546     1     1 I (7)[1:swapper/0]mtk_charger_parse_dt: starts
05-26 23:03:33.546     1     1 I         : (7)[1:swapper/0]Found primary charger [(null)]
05-26 23:03:33.546     1     1 I         : (7)[1:swapper/0]Found secondary charger [rt9471_chg]
05-26 23:03:33.546     1     1 I         : (7)[1:swapper/0]use default TA_AC_12V_INPUT_CURRENT:3200000
05-26 23:03:33.546     1     1 I         : (7)[1:swapper/0]use default pe40_max_vbus:11000
05-26 23:03:33.546     1     1 I         : (7)[1:swapper/0]use default pe40_max_ibus:3000
05-26 23:03:33.546     1     1 I         : (7)[1:swapper/0]use default CHG2_EFF:90
05-26 23:03:33.546     1     1 I         : (7)[1:swapper/0]use default MAX_CHARGING_TIME:43200
05-26 23:03:33.546     1     1 I         : (7)[1:swapper/0]use default BC12_CHARGER:0
05-26 23:03:33.546     1     1 I (7)[1:swapper/0]algorithm name: DualSwitchCharging
05-26 23:03:33.546     1     1 I (7)[1:swapper/0]mtk_charger_start_timer: alarm timer start:0, 10 642621600
05-26 23:03:33.546    48    48 I (6)[48:kworker/6:1]mmc0: device cq on
05-26 23:03:33.546     1     1 I         : -(7)[1:swapper/0]alarmtimer_enqueue, 10642621600
05-26 23:03:33.546    48    48 I         : (6)[48:kworker/6:1]0x140000 ~ 0x940000 of mmcblk0 is fully write protected
05-26 23:03:33.546    48    48 I (6)[48:kworker/6:1]mmc0: device cq off
05-26 23:03:33.546    48    48 I (6)[48:kworker/6:1]mmc0: device cq on
05-26 23:03:33.546     1     1 W         : (0)[1:swapper/0]------------[ cut here ]------------
05-26 23:03:33.546    48    48 I         : (6)[48:kworker/6:1]End 0xa18000 of disk mmcblk0 not write group aligned
05-26 23:03:33.546     1     1 W (0)[1:swapper/0]WARNING: CPU: 0 PID: 1 at ../../../../../../kernel/micromax/yogurt/drivers/base/core.c:1307 device_create_file+0x7c/0xa4
05-26 23:03:33.546     1     1 W (0)[1:swapper/0]Attribute chg2_exist: write permission without 'store'
05-26 23:03:33.546     1     1 W         : (0)[1:swapper/0]Modules linked in:
05-26 23:03:33.546     1     1 W -(0)[1:swapper/0]CPU: 0 PID: 1 Comm: swapper/0 Tainted: G S      W       4.14.141-yogurt-v1.x #3
05-26 23:03:33.546    48    48 I (6)[48:kworker/6:1]mmc0: device cq off
05-26 23:03:33.546     1     1 W -(0)[1:swapper/0]Hardware name: MT6769V/CT (DT)
05-26 23:03:33.546     1     1 W -(0)[1:swapper/0]Call trace:  
05-26 23:03:33.546     1     1 W         : -(0)[1:swapper/0][<ffffff84a4e8c9e8>] dump_backtrace+0x0/0x508
05-26 23:03:33.546     1     1 W         : -(0)[1:swapper/0][<ffffff84a4e8cf04>] show_stack+0x14/0x1c
05-26 23:03:33.546     1     1 W         : -(0)[1:swapper/0][<ffffff84a5cf2f7c>] dump_stack+0xc4/0xfc
05-26 23:03:33.546     1     1 W         : -(0)[1:swapper/0][<ffffff84a4eadf04>] __warn+0xdc/0x168
05-26 23:03:33.546     1     1 W         : -(0)[1:swapper/0][<ffffff84a4eae000>] warn_slowpath_fmt+0x70/0x94
05-26 23:03:33.546     1     1 W         : -(0)[1:swapper/0][<ffffff84a531e754>] device_create_file+0x7c/0xa4
05-26 23:03:33.546     1     1 W         : -(0)[1:swapper/0][<ffffff84a5974f0c>] mtk_charger_probe+0x2240/0x22d0
05-26 23:03:33.546     1     1 W         : -(0)[1:swapper/0][<ffffff84a5326e50>] platform_drv_probe+0x80/0xb8
05-26 23:03:33.546     1     1 W         : -(0)[1:swapper/0][<ffffff84a53243b8>] driver_probe_device+0x478/0x5f8
05-26 23:03:33.546     1     1 W         : -(0)[1:swapper/0][<ffffff84a5324808>] __driver_attach+0xe0/0x180
05-26 23:03:33.546     1     1 W         : -(0)[1:swapper/0][<ffffff84a5321f40>] bus_for_each_dev+0x80/0xc8
05-26 23:03:33.546     1     1 W         : -(0)[1:swapper/0][<ffffff84a5324720>] driver_attach+0x20/0x28
05-26 23:03:33.546     1     1 W         : -(0)[1:swapper/0][<ffffff84a5322724>] bus_add_driver+0x134/0x23c
05-26 23:03:33.546     1     1 W         : -(0)[1:swapper/0][<ffffff84a5325858>] driver_register+0xa4/0xf0
05-26 23:03:33.546     1     1 W         : -(0)[1:swapper/0][<ffffff84a5326dc8>] __platform_driver_register+0x40/0x48
05-26 23:03:33.546     1     1 W         : -(0)[1:swapper/0][<ffffff84a6229698>] mtk_charger_init+0x18/0x20
05-26 23:03:33.546     1     1 W         : -(0)[1:swapper/0][<ffffff84a4e84150>] do_one_initcall+0x118/0x1dc
05-26 23:03:33.546     1     1 W         : -(0)[1:swapper/0][<ffffff84a61d0fd8>] kernel_init_freeable+0x198/0x234
05-26 23:03:33.546     1     1 W         : -(0)[1:swapper/0][<ffffff84a5d07448>] kernel_init+0x10/0x208
05-26 23:03:33.546     1     1 W         : -(0)[1:swapper/0][<ffffff84a4e8561c>] ret_from_fork+0x10/0x18
05-26 23:03:33.546     1     1 W         : (0)[1:swapper/0]---[ end trace dfed7c631b0ff4d5 ]---
05-26 23:03:33.546     1     1 I         : (0)[1:swapper/0]Found PD adapter [(null)]
05-26 23:03:33.547     1     1 I (0)[1:swapper/0]mtk_charger_get_atm_mode: atm_enabled = 0
05-26 23:03:33.547   249   249 I         : (1)[249:kworker/u16:2][wdk] bind thread 294 to cpu 0
05-26 23:03:33.548   249   249 I         : (2)[249:kworker/u16:2][wdk] bind thread 295 to cpu 1
05-26 23:03:33.548   249   249 I         : (2)[249:kworker/u16:2][wdk] bind thread 296 to cpu 2
05-26 23:03:33.548   292   292 I         : (7)[292:charger_thread][CH3_DBG] bat_cur = -9761
05-26 23:03:33.548     1     1 I (0)[1:swapper/0]vdram1: disabling
05-26 23:03:33.548     1     1 I (0)[1:swapper/0]regulator regulator.1: mt6358_regulator_disable:VDRAM1 should not be disable.(use_count=0)
05-26 23:03:33.548     1     1 E (0)[1:swapper/0]vdram1: couldn't disable: -1
05-26 23:03:33.548     1     1 I (0)[1:swapper/0]vcore: disabling
05-26 23:03:33.548   249   249 I         : (2)[249:kworker/u16:2][wdk] bind thread 297 to cpu 3
05-26 23:03:33.548     1     1 I (0)[1:swapper/0]regulator regulator.2: mt6358_regulator_disable:VCORE should not be disable.(use_count=0)
05-26 23:03:33.548     1     1 E (0)[1:swapper/0]vcore: couldn't disable: -1
05-26 23:03:33.548     1     1 I (0)[1:swapper/0]vproc11: disabling
05-26 23:03:33.548     1     1 I (0)[1:swapper/0]regulator regulator.4: mt6358_regulator_disable:VPROC11 should not be disable.(use_count=0)
05-26 23:03:33.548     1     1 E (0)[1:swapper/0]vproc11: couldn't disable: -1
05-26 23:03:33.548     1     1 I (0)[1:swapper/0]vproc12: disabling
05-26 23:03:33.548     1     1 I (0)[1:swapper/0]regulator regulator.5: mt6358_regulator_disable:VPROC12 should not be disable.(use_count=0)
05-26 23:03:33.548     1     1 E (0)[1:swapper/0]vproc12: couldn't disable: -1
05-26 23:03:33.548   249   249 I         : (2)[249:kworker/u16:2][wdk] bind thread 298 to cpu 4
05-26 23:03:33.548     1     1 I (0)[1:swapper/0]vs2: disabling
05-26 23:03:33.548     1     1 I (0)[1:swapper/0]regulator regulator.7: mt6358_regulator_disable:VS2 should not be disable.(use_count=0)
05-26 23:03:33.548     1     1 E (0)[1:swapper/0]vs2: couldn't disable: -1
05-26 23:03:33.548     1     1 I (0)[1:swapper/0]vmodem: disabling
05-26 23:03:33.548     1     1 I (0)[1:swapper/0]regulator regulator.8: mt6358_regulator_disable:VMODEM should not be disable.(use_count=0)
05-26 23:03:33.548     1     1 E (0)[1:swapper/0]vmodem: couldn't disable: -1
05-26 23:03:33.548     1     1 I (0)[1:swapper/0]vs1: disabling
05-26 23:03:33.548     1     1 I (0)[1:swapper/0]regulator regulator.9: mt6358_regulator_disable:VS1 should not be disable.(use_count=0)
05-26 23:03:33.548     1     1 E (0)[1:swapper/0]vs1: couldn't disable: -1
05-26 23:03:33.548     1     1 I (0)[1:swapper/0]vdram2: disabling
05-26 23:03:33.548     1     1 I (0)[1:swapper/0]regulator regulator.10: mt6358_regulator_disable:VDRAM2 should not be disable.(use_count=0)
05-26 23:03:33.548     1     1 E (0)[1:swapper/0]vdram2: couldn't disable: -1
05-26 23:03:33.548   249   249 I         : (7)[249:kworker/u16:2][wdk] bind thread 299 to cpu 5
05-26 23:03:33.548     1     1 I (0)[1:swapper/0]vsram_proc11: disabling
05-26 23:03:33.548     1     1 I (0)[1:swapper/0]regulator regulator.20: mt6358_regulator_disable:VSRAM_PROC11 should not be disable.(use_count=0)
05-26 23:03:33.548     1     1 E (0)[1:swapper/0]vsram_proc11: couldn't disable: -1
05-26 23:03:33.548     1     1 I (0)[1:swapper/0]vsram_others: disabling
05-26 23:03:33.548     1     1 I (0)[1:swapper/0]regulator regulator.22: mt6358_regulator_disable:VSRAM_OTHERS should not be disable.(use_count=0)
05-26 23:03:33.548     1     1 E (0)[1:swapper/0]vsram_others: couldn't disable: -1
05-26 23:03:33.548   249   249 I         : (1)[249:kworker/u16:2][wdk] bind thread 300 to cpu 6
05-26 23:03:33.548     1     1 I (0)[1:swapper/0]vxo22: disabling
05-26 23:03:33.548     1     1 I (0)[1:swapper/0]regulator regulator.24: mt6358_regulator_disable:VXO22 should not be disable.(use_count=0)
05-26 23:03:33.548     1     1 E (0)[1:swapper/0]vxo22: couldn't disable: -1
05-26 23:03:33.548     1     1 I (0)[1:swapper/0]vaux18: disabling
05-26 23:03:33.548     1     1 I (0)[1:swapper/0]regulator regulator.26: mt6358_regulator_disable:VAUX18 should not be disable.(use_count=0)
05-26 23:03:33.548     1     1 E (0)[1:swapper/0]vaux18: couldn't disable: -1
05-26 23:03:33.548     1     1 I (0)[1:swapper/0]vbif28: disabling
05-26 23:03:33.548     1     1 I (0)[1:swapper/0]regulator regulator.28: mt6358_regulator_disable:VBIF28 should not be disable.(use_count=0)
05-26 23:03:33.548     1     1 E (0)[1:swapper/0]vbif28: couldn't disable: -1
05-26 23:03:33.548     1     1 I (0)[1:swapper/0]vsram_proc12: disabling
05-26 23:03:33.548     1     1 I (0)[1:swapper/0]regulator regulator.29: mt6358_regulator_disable:VSRAM_PROC12 should not be disable.(use_count=0)
05-26 23:03:33.548     1     1 E (0)[1:swapper/0]vsram_proc12: couldn't disable: -1
05-26 23:03:33.548   292   292 I (7)[292:charger_thread]Vbat=0,Ibat=-9761,I=0,VChr=0,T=42,Soc=0: 0,CT:0:0 hv:1 pd:0:0
05-26 23:03:33.548   249   249 I         : (2)[249:kworker/u16:2][wdk] bind thread 301 to cpu 7
05-26 23:03:33.548     1     1 I (0)[1:swapper/0]vio28: disabling
05-26 23:03:33.548     1     1 I (0)[1:swapper/0]regulator regulator.32: mt6358_regulator_disable:VIO28 should not be disable.(use_count=0)
05-26 23:03:33.548     1     1 E (0)[1:swapper/0]vio28: couldn't disable: -1
05-26 23:03:33.548   249   249 I         : (2)[249:kworker/u16:2][wdk] WDT start kicker done CPU_NR=8
05-26 23:03:33.548   249   249 I         : (2)[249:kworker/u16:2][wdk]init_wk done late_initcall cpus_kick_bit=0xff -----
05-26 23:03:33.548     1     1 I (0)[1:swapper/0]vaud28: disabling
05-26 23:03:33.548     1     1 I (0)[1:swapper/0]regulator regulator.40: mt6358_regulator_disable:VAUD28 should not be disable.(use_count=0)
05-26 23:03:33.548     1     1 E (0)[1:swapper/0]vaud28: couldn't disable: -1
05-26 23:03:33.548     1     1 I (0)[1:swapper/0]va09: disabling
05-26 23:03:33.548     1     1 I (0)[1:swapper/0]regulator regulator.42: regulator ext_pmic2 disable
05-26 23:03:33.548     1     1 I (0)[1:swapper/0]regulator regulator.42: pmic_regulator_ext2_disable:VA09 should not be disable.(use_count=0)
05-26 23:03:33.549     1     1 E (0)[1:swapper/0]va09: couldn't disable: -1
05-26 23:03:33.549   292   292 I         : (7)[292:charger_thread][CH3_DBG] bat_cur = -9811
05-26 23:03:33.549     1     1 I         : (0)[1:swapper/0]__tcpc_class_complete_work = type_c_port0
05-26 23:03:33.550   292   292 I (7)[292:charger_thread]rt9467 7-005b: __rt9467_set_mivr: mivr = 4200000(0x03)
05-26 23:03:33.550     0     0 I         : (6)[300:wdtk-6][thread:300][RT:649449923] 2025-05-26 17:33:33.548385 UTC;android time 2025-05-26 17:33:33.548385
05-26 23:03:33.550    48    48 I (6)[48:kworker/6:1]mmc0: device cq on
05-26 23:03:33.550    48    48 I         : (6)[48:kworker/6:1]Start 0x745e7c0 of disk mmcblk0 not write group aligned
05-26 23:03:33.550    48    48 I         : (6)[48:kworker/6:1]End 0x745e7c0 of disk mmcblk0 not write group aligned
05-26 23:03:33.550    48    48 I (6)[48:kworker/6:1]mmc0: device cq off
05-26 23:03:33.551    48    48 I (6)[48:kworker/6:1]mmc0: device cq on
05-26 23:03:33.551    48    48 I         : (6)[48:kworker/6:1]Start 0x7473fc0 of disk mmcblk0 not write group aligned
05-26 23:03:33.551    48    48 I         : (6)[48:kworker/6:1]End 0x7473fc0 of disk mmcblk0 not write group aligned
05-26 23:03:33.551    48    48 I (6)[48:kworker/6:1]mmc0: device cq off
05-26 23:03:33.551    48    48 I (6)[48:kworker/6:1]mmc0: device cq on
05-26 23:03:33.553    94    94 I         : (6)[94:pd_dbg_info]///PD dbg info 42d
05-26 23:03:33.553    94    94 W (6)[94:pd_dbg_info]<    0.652>TCPC-TYPEC: typec_init: TrySNK
05-26 23:03:33.555     1     1 I         : (6)[1:swapper/0]pd_tcp_notifier_call sink vbus 0mv 0ma type(0)
05-26 23:03:33.555     1     1 I         : (6)[1:swapper/0]pd_tcp_notifier_call ext discharge = 1
05-26 23:03:33.555     1     1 I (6)[1:swapper/0]rt9467 7-005b: rt9467_enable_discharge: en = 1
05-26 23:03:33.556     1     1 I (6)[1:swapper/0]tcpc_device_irq_enable: tcpc irq enable OK!
05-26 23:03:33.556     1     1 I         : (6)[1:swapper/0][VcoreFS] flavor name: mediatek/k69v1_64
05-26 23:03:33.556     1     1 I (6)[1:swapper/0]flavor check: k69v1_64, is_vcore_ct: 0, is_mini_sqc: 0
05-26 23:03:33.556     1     1 I (6)[1:swapper/0]get_vb_volt: ptpod64: 0x3
05-26 23:03:33.556     1     1 I (6)[1:swapper/0]flavor check: k69v1_64, is_vcore_ct: 0, is_mini_sqc: 0 dvfs_v_mode: 0
05-26 23:03:33.556     1     1 I (6)[1:swapper/0]dvfsrc_opp_level_mapping: FINAL vcore_opp_uv: 800000, 700000, 650000, 650000
05-26 23:03:33.556     1     1 I         : (6)[1:swapper/0]dvfsrc_flag = 0
05-26 23:03:33.556     1     1 I (6)[1:swapper/0]mtk_rgu_cfg_dvfsrc: MTK_WDT_DEBUG_CTL2(0x2ff)
05-26 23:03:33.556     1     1 I (6)[1:swapper/0]mtk_rgu_cfg_dvfsrc: MTK_WDT_LATCH_CTL(0x23e71)
05-26 23:03:33.556     1     1 I (6)[1:swapper/0]flavor check: mediatek/k69v1_64, is_bypass: 0
05-26 23:03:33.556     1     1 I         : (6)[1:swapper/0]VCORE DVFS enable default
05-26 23:03:33.558     1     1 I         : (6)[1:swapper/0]dvfsrc init config index 0
05-26 23:03:33.558     1     1 I (6)[1:swapper/0][mmdvfs]mmdvfs_autok_qos_enable: step_size=3 current_max_step=0
05-26 23:03:33.559     1     1 I         : (6)[1:swapper/0][mmdvfs]mmdvfs_autok enabled? 0
05-26 23:03:33.559     1     1 I         : (6)[1:swapper/0][mmdvfs]mmdvfs service is disabled for calibration
05-26 23:03:33.559     1     1 I         : (6)[1:swapper/0]emmc autok
05-26 23:03:33.559     1     1 I         : (6)[1:swapper/0]msdc fix vcore, PMIC_RG_BUCK_VCORE_VOSEL: 48
05-26 23:03:33.559     1     1 I         : (6)[1:swapper/0][AUTOK]eMMC HS400 Tune
05-26 23:03:33.561     1     1 I         : (6)[1:swapper/0][AUTOK]CMD 0 	 42 	 OOOOOOOOOOOOOOOOOOOOOOOOOOOOOOOOOOOOOOOOOOXXXOOOOOOOOOOOOOOOOOOO
05-26 23:03:33.563     1     1 I         : (6)[1:swapper/0][AUTOK]CMD 1 	 44 	 OOOOOOOOOOOOOOOOOOOXOOOOOOOOOOOOOOOOOOOOOOOOOOOOOOOOOOOOOOOOOOOO
05-26 23:03:33.563     1     1 I (6)[1:swapper/0][AUTOK]Analysis Result: 1T = 48
05-26 23:03:33.563     1     1 I         : (6)[1:swapper/0][AUTOK]device status 0x00000900
05-26 23:03:33.566     1     1 I         : (6)[1:swapper/0][AUTOK]DLY1/2 0 	 21 	 XXOOOOOOOOOOOOOOOOOOOOOXXXXXXXXXXXXXXXXXXXXXXXXXXXXXXXXXXXXXXXXX
05-26 23:03:33.566     1     1 I (6)[1:swapper/0][AUTOK]CMD [EDGE: 0 CMD_FIFO_EDGE:0 DLY1:19 DLY2:0]
05-26 23:03:33.566     1     1 I (6)[1:swapper/0][AUTOK]DAT [RDAT_EDGE: 0 RD_FIFO_EDGE:0 WD_FIFO_EDGE:0]
05-26 23:03:33.566     1     1 I (6)[1:swapper/0][AUTOK]DAT [LATCH_CK: 0 DLY1:0 DLY2:0]
05-26 23:03:33.566     1     1 I (6)[1:swapper/0][AUTOK]DS  [DLY1: 12 DLY2:0 DLY3:20]
05-26 23:03:33.566     1     1 I         : (6)[1:swapper/0][AUTOK]CLK TX  [0]
05-26 23:03:33.566     1     1 I         : (6)[1:swapper/0][AUTOK]CMD TX  [0]
05-26 23:03:33.566     1     1 I         : (6)[1:swapper/0][AUTOK]DAT TX  [D0:0 D1:0 D2:0 D3:0]
05-26 23:03:33.566     1     1 I         : (6)[1:swapper/0][AUTOK]DAT TX  [D4:0 D5:0 D6:0 D7:0]
05-26 23:03:33.566     1     1 I (6)[1:swapper/0][AUTOK][HS400]======Cost: 7 ms======
05-26 23:03:33.566     1     1 I         : (6)[1:swapper/0]msdc fix vcore, PMIC_RG_BUCK_VCORE_VOSEL: 32
05-26 23:03:33.566     1     1 I         : (6)[1:swapper/0][AUTOK]eMMC HS400 Tune
05-26 23:03:33.569     1     1 I         : (6)[1:swapper/0][AUTOK]CMD 0 	 31 	 OOOOOOOOOOOOOOOOOOOOOOOOOOOOOOOXXOOOOOOOOOOOOOOOOOOOOOOOOOOOOOOO
05-26 23:03:33.570     1     1 I         : (6)[1:swapper/0][AUTOK]CMD 1 	 39 	 OOOOOOOOOOOXXOOOOOOOOOOOOOOOOOOOOOOOOOOOOOOOOOOOOOOOXXOOOOOOOOOO
05-26 23:03:33.570     1     1 I (6)[1:swapper/0][AUTOK]Analysis Result: 1T = 40
05-26 23:03:33.570     1     1 I         : (6)[1:swapper/0][AUTOK]device status 0x00000900
05-26 23:03:33.572    46    46 I (7)[46:kworker/7:0]rt9467 7-005b: rt9467_enable_ilim: en = 0
05-26 23:03:33.573     1     1 I         : (6)[1:swapper/0][AUTOK]DLY1/2 0 	 18 	 XXOOOOOOOOOOOOOOOOOOXXXXXXXXXXXXXXXXXXXXXXXXXXXXXXXXXXXXXXXXXXXX
05-26 23:03:33.573     1     1 I (6)[1:swapper/0][AUTOK]CMD [EDGE: 0 CMD_FIFO_EDGE:0 DLY1:11 DLY2:0]
05-26 23:03:33.573     1     1 I (6)[1:swapper/0][AUTOK]DAT [RDAT_EDGE: 0 RD_FIFO_EDGE:0 WD_FIFO_EDGE:0]
05-26 23:03:33.573     1     1 I (6)[1:swapper/0][AUTOK]DAT [LATCH_CK: 0 DLY1:0 DLY2:0]
05-26 23:03:33.573     1     1 I (6)[1:swapper/0][AUTOK]DS  [DLY1: 10 DLY2:0 DLY3:20]
05-26 23:03:33.573     1     1 I         : (6)[1:swapper/0][AUTOK]CLK TX  [0]
05-26 23:03:33.573     1     1 I         : (6)[1:swapper/0][AUTOK]CMD TX  [0]
05-26 23:03:33.573     1     1 I         : (6)[1:swapper/0][AUTOK]DAT TX  [D0:0 D1:0 D2:0 D3:0]
05-26 23:03:33.573     1     1 I         : (6)[1:swapper/0][AUTOK]DAT TX  [D4:0 D5:0 D6:0 D7:0]
05-26 23:03:33.573     1     1 I (6)[1:swapper/0][AUTOK][HS400]======Cost: 6 ms======
05-26 23:03:33.573     1     1 I         : (6)[1:swapper/0]msdc fix vcore, PMIC_RG_BUCK_VCORE_VOSEL: 24
05-26 23:03:33.573     1     1 I         : (6)[1:swapper/0][AUTOK]eMMC HS400 Tune
05-26 23:03:33.576     1     1 I         : (6)[1:swapper/0][AUTOK]CMD 0 	 33 	 OOOOOOOOOOOOOOOOOOOOOOOOOOXXXOOOOOOOOOOOOOOOOOOOOOOOOOOOOOOOOOXX
05-26 23:03:33.577    94    94 I         : (7)[94:pd_dbg_info]///PD dbg info 41d
05-26 23:03:33.577    94    94 W (7)[94:pd_dbg_info]<    0.653>TCPC-TYPEC: ** Unattached.SNK
05-26 23:03:33.577     1     1 I         : (6)[1:swapper/0][AUTOK]CMD 1 	 35 	 OOOOOOOOOXOOOOOOOOOOOOOOOOOOOOOOOOOOOOOOOOOOOXXXXXOOOOOOOOOOOOOO
05-26 23:03:33.577     1     1 I (6)[1:swapper/0][AUTOK]Analysis Result: 1T = 36
05-26 23:03:33.577     1     1 I         : (6)[1:swapper/0][AUTOK]device status 0x00000900
05-26 23:03:33.580     1     1 I         : (6)[1:swapper/0][AUTOK]DLY1/2 0 	 16 	 XOOOOOOOOOOOOOOOOXXXXXXXXXXXXXXXXXXXXXXXXXXXXXXXXXXXXXXXXXXXXXXX
05-26 23:03:33.580     1     1 I (6)[1:swapper/0][AUTOK]CMD [EDGE: 0 CMD_FIFO_EDGE:0 DLY1:9 DLY2:0]
05-26 23:03:33.580     1     1 I (6)[1:swapper/0][AUTOK]DAT [RDAT_EDGE: 0 RD_FIFO_EDGE:0 WD_FIFO_EDGE:0]
05-26 23:03:33.580     1     1 I (6)[1:swapper/0][AUTOK]DAT [LATCH_CK: 0 DLY1:0 DLY2:0]
05-26 23:03:33.580     1     1 I (6)[1:swapper/0][AUTOK]DS  [DLY1: 8 DLY2:0 DLY3:20]
05-26 23:03:33.580     1     1 I         : (6)[1:swapper/0][AUTOK]CLK TX  [0]
05-26 23:03:33.580     1     1 I         : (6)[1:swapper/0][AUTOK]CMD TX  [0]
05-26 23:03:33.580     1     1 I         : (6)[1:swapper/0][AUTOK]DAT TX  [D0:0 D1:0 D2:0 D3:0]
05-26 23:03:33.580     1     1 I         : (6)[1:swapper/0][AUTOK]DAT TX  [D4:0 D5:0 D6:0 D7:0]
05-26 23:03:33.580     1     1 I (6)[1:swapper/0][AUTOK][HS400]======Cost: 6 ms======
05-26 23:03:33.580     1     1 I         : (6)[1:swapper/0]msdc fix vcore, PMIC_RG_BUCK_VCORE_VOSEL: 24
05-26 23:03:33.580     1     1 I         : (6)[1:swapper/0]skip duplicated vcore autok
05-26 23:03:33.580     1     1 I         : (6)[1:swapper/0][AUTOK]CMD 0 	 26 	 OOOOOOOOOOOOOOOOOOOOOOOOOOXXXOOXXOOOOOOOOOXXXOOOOOOOOOOOOOOOOOXX merge
05-26 23:03:33.580     1     1 I         : (6)[1:swapper/0][AUTOK]CMD 1 	 25 	 OOOOOOOOOXOXXOOOOOOXOOOOOOOOOOOOOOOOOOOOOOOOOXXXXXOOXXOOOOOOOOOO merge
05-26 23:03:33.580     1     1 I         : (6)[1:swapper/0][AUTOK]cmd edge = 0 cmd dly = 12 max win = 25
05-26 23:03:33.580     1     1 I         : (6)[1:swapper/0][AUTOK]dat dly = 0
05-26 23:03:33.580     1     1 I         : (6)[1:swapper/0][AUTOK]DLY1/2 	 15 	 XXOOOOOOOOOOOOOOOXXXXXXXXXXXXXXXXXXXXXXXXXXXXXXXXXXXXXXXXXXXXXXX merge
05-26 23:03:33.580     1     1 I         : (6)[1:swapper/0][AUTOK]DS dly = 9
05-26 23:03:33.580     1     1 I (6)[1:swapper/0][AUTOK][merge]======Time Cost: 0 ms======
05-26 23:03:33.580     1     1 I         : (6)[1:swapper/0][AUTOK]merge_value = 25
05-26 23:03:33.580     1     1 I         : (6)[1:swapper/0][AUTOK]merge_value = 14
05-26 23:03:33.580     1     1 I         : (6)[1:swapper/0][AUTOK]No need change para when dvfs
05-26 23:03:33.580     1     1 I         : (6)[1:swapper/0]EMMC autok done: Yes
05-26 23:03:33.580     1     1 I         : (6)[1:swapper/0]sd autok
05-26 23:03:33.580     1     1 I         : (6)[1:swapper/0]SD autok done: Yes
05-26 23:03:33.580     1     1 I         : (6)[1:swapper/0]SDIO autok done: Yes
05-26 23:03:33.580     1     1 I (6)[1:swapper/0][mmdvfs]mmdvfs_autok_qos_enable: step_size=3 current_max_step=2
05-26 23:03:33.580     1     1 I         : (6)[1:swapper/0][mmdvfs]mmdvfs_autok enabled? 1
05-26 23:03:33.580     1     1 I         : (6)[1:swapper/0][mmdvfs]mmdvfs service is enabled after calibration
05-26 23:03:33.580     1     1 I (6)[1:swapper/0]helio_dvfsrc_probe: init done
05-26 23:03:33.580     1     1 I         : (6)[1:swapper/0]ALSA device list:
05-26 23:03:33.580     1     1 I (6)[1:swapper/0]  #0: mt6768-mt6358
05-26 23:03:33.582     1     1 I         : (6)[1:swapper/0]Freeing unused kernel memory: 5248K
05-26 23:03:33.584     1     1 I (6)[1:init]: init first stage started!
05-26 23:03:33.585     1     1 I (6)[1:init]: Unable to open /lib/modules, skipping module loading.
05-26 23:03:33.585     1     1 I (6)[1:init]: Copied ramdisk prop to /second_stage_resources/system/etc/ramdisk/build.prop
05-26 23:03:33.585     1     1 I (6)[1:init]: [libfs_mgr]ReadFstabFromDt(): failed to read fstab from dt
05-26 23:03:33.585     1     1 W (6)[1:init]: [libfs_mgr]Warning: unknown flag: resize
05-26 23:03:33.586     1     1 I (6)[1:init]: Using Android DT directory /proc/device-tree/firmware/android/
05-26 23:03:33.598   259   259 I (7)[259:dc_trim_thread]mt6358-sound mt6358_snd: stop_trim_hardware(), ++
05-26 23:03:33.602   259   259 I (7)[259:dc_trim_thread]mt6358-sound mt6358_snd: headset_volume_ramp(), from 8, to 18
05-26 23:03:33.605     1     1 I (6)[1:init]: AVB is not enabled, skip verity setup for '/metadata'
05-26 23:03:33.606   239   239 I         : (0)[239:tcpc_timer_type]pd_tcp_notifier_call ext discharge = 0
05-26 23:03:33.606   239   239 I (0)[239:tcpc_timer_type]rt9467 7-005b: rt9467_enable_discharge: en = 0
05-26 23:03:33.606     1     1 I (6)[1:init]: [libfs_mgr]superblock s_max_mnt_count:65535,/dev/block/platform/bootdevice/by-name/md_udc
05-26 23:03:33.619     1     1 I (7)[1:init]EXT4-fs (mmcblk0p10): mounted filesystem with ordered data mode. Opts: discard
05-26 23:03:33.619     1     1 I (7)[1:init]: [libfs_mgr]__mount(source=/dev/block/platform/bootdevice/by-name/md_udc,target=/metadata,type=ext4)=0: Success
05-26 23:03:33.623     1     1 I (7)[1:init]: [libfs_mgr]Created logical partition system on device /dev/block/dm-0
05-26 23:03:33.625   259   259 I (6)[259:dc_trim_thread]mt6358-sound mt6358_snd: stop_trim_hardware(), --
05-26 23:03:33.625   259   259 I (6)[259:dc_trim_thread]mt6358-sound mt6358_snd: calculate_trim_result(), offset diff = 17, on = 27784, off = 27767
05-26 23:03:33.625   259   259 I (6)[259:dc_trim_thread]mt6358-sound mt6358_snd: calculate_trim_result(), offset diff = 16, on = 27784, off = 27768
05-26 23:03:33.625   259   259 I (6)[259:dc_trim_thread]mt6358-sound mt6358_snd: calculate_trim_result(), offset diff = 16, on = 27785, off = 27769
05-26 23:03:33.625   259   259 I (6)[259:dc_trim_thread]mt6358-sound mt6358_snd: calculate_trim_result(), offset diff = 15, on = 27785, off = 27770
05-26 23:03:33.625   259   259 I (6)[259:dc_trim_thread]mt6358-sound mt6358_snd: calculate_trim_result(), offset diff = 15, on = 27785, off = 27770
05-26 23:03:33.625   259   259 I (6)[259:dc_trim_thread]mt6358-sound mt6358_snd: calculate_trim_result(), offset diff = 62, on = 27833, off = 27771
05-26 23:03:33.625   259   259 I (6)[259:dc_trim_thread]mt6358-sound mt6358_snd: calculate_trim_result(), offset diff = 63, on = 27834, off = 27771
05-26 23:03:33.625   259   259 I (6)[259:dc_trim_thread]mt6358-sound mt6358_snd: calculate_trim_result(), offset diff = 62, on = 27834, off = 27772
05-26 23:03:33.625   259   259 I (6)[259:dc_trim_thread]mt6358-sound mt6358_snd: calculate_trim_result(), offset diff = 63, on = 27836, off = 27773
05-26 23:03:33.625   259   259 I (6)[259:dc_trim_thread]mt6358-sound mt6358_snd: calculate_trim_result(), offset diff = 62, on = 27837, off = 27775
05-26 23:03:33.625   259   259 I (6)[259:dc_trim_thread]mt6358-sound mt6358_snd: hp_trim_offset(), trim offset L = 16, trim offset R = 62
05-26 23:03:33.635   259   259 I (6)[259:dc_trim_thread]mt6358-sound mt6358_snd: set_lr_trim_code(), step1 > 0 set 4 level AUDDEC_ELR_0 = 0x1022, trimcode(L/R) = 0 / 0
05-26 23:03:33.635   259   259 I (6)[259:dc_trim_thread]mt6358-sound mt6358_snd: start_trim_hardware(), ++
05-26 23:03:33.635     1     1 I (7)[1:init]EXT4-fs (dm-0): mounted filesystem without journal. Opts:
05-26 23:03:33.640     1     1 I (6)[1:init]EXT4-fs (dm-1): mounted filesystem without journal. Opts:
05-26 23:03:33.642     1     1 I (6)[1:init]EXT4-fs (dm-2): mounted filesystem without journal. Opts:
05-26 23:03:33.648     1     1 W (6)[1:init]: 21 output lines suppressed due to ratelimiting
05-26 23:03:33.655   259   259 I (7)[259:dc_trim_thread]mt6358-sound mt6358_snd: headset_volume_ramp(), from 18, to 8
05-26 23:03:33.664   259   259 I (7)[259:dc_trim_thread]mt6358-sound mt6358_snd: start_trim_hardware(), --
05-26 23:03:33.721     1     1 W (6)[1:init]: [libfs_mgr]Warning: unknown flag: resize
05-26 23:03:33.722     1     1 W (6)[1:init]: DM_DEV_STATUS failed for system_ext: No such device or address
05-26 23:03:33.722     1     1 E (6)[1:init]: Could not update logical partition
05-26 23:03:33.722     1     1 I (6)[1:init]: Opening SELinux policy
05-26 23:03:33.723     1     1 I (6)[1:init]: Error: Apex SEPolicy failed signature check
05-26 23:03:33.723     1     1 I (6)[1:init]: Loading APEX Sepolicy from /system/etc/selinux/apex/SEPolicy.zip
05-26 23:03:33.723     1     1 E (6)[1:init]: Failed to open package /system/etc/selinux/apex/SEPolicy.zip: No such file or directory
05-26 23:03:33.731     1     1 I (6)[1:init]: Loading SELinux policy
05-26 23:03:33.734     1     1 D (6)[1:init]SELinux: 16384 avtab hash slots, 59661 rules.
05-26 23:03:33.750     1     1 D (6)[1:init]SELinux: 16384 avtab hash slots, 59661 rules.
05-26 23:03:33.750     1     1 D (6)[1:init]SELinux: 1 users, 4 roles, 3620 types, 0 bools, 1 sens, 1024 cats
05-26 23:03:33.750     1     1 D (6)[1:init]SELinux: 103 classes, 59661 rules
05-26 23:03:33.765     1     1 I (6)[1:init]SELinux: policy capability network_peer_controls=1
05-26 23:03:33.765     1     1 I (6)[1:init]SELinux: policy capability open_perms=1
05-26 23:03:33.765     1     1 I (6)[1:init]SELinux: policy capability extended_socket_class=1
05-26 23:03:33.765     1     1 I (6)[1:init]SELinux: policy capability always_check_network=0
05-26 23:03:33.765     1     1 I (6)[1:init]SELinux: policy capability cgroup_seclabel=0
05-26 23:03:33.765     1     1 I (6)[1:init]SELinux: policy capability nnp_nosuid_transition=1
05-26 23:03:33.765     1     1 D (6)[1:init]SELinux: Completing initialization.
05-26 23:03:33.765     1     1 D (6)[1:init]SELinux: Setting up existing superblocks.
05-26 23:03:33.772   259   259 I (7)[259:dc_trim_thread]mt6358-sound mt6358_snd: stop_trim_hardware(), ++
05-26 23:03:33.776   259   259 I (7)[259:dc_trim_thread]mt6358-sound mt6358_snd: headset_volume_ramp(), from 8, to 18
05-26 23:03:33.780   249   249 I (0)[249:kworker/u16:2][MUSB]do_register_otg_work 65: register OTG <00000000223156db> ok
05-26 23:03:33.792    46    46 I (7)[46:kworker/7:0]rt9467 7-005b: rt9467_dump_register: ICHG = 2000mA, AICR = 500mA, MIVR = 4200mV, IEOC = 250mA, CV = 4400mV
05-26 23:03:33.792    46    46 I (7)[46:kworker/7:0]rt9467 7-005b: rt9467_dump_register: VSYS = 3670mV, VBAT = 3710mV, IBAT = 0mA, IBUS = 0mA, VBUS = 0mV
05-26 23:03:33.792    46    46 I (7)[46:kworker/7:0]rt9467 7-005b: rt9467_dump_register: CHG_EN = 1, CHG_STATUS = ready, CHG_STAT = 0x00
05-26 23:03:33.792    46    46 I (7)[46:kworker/7:0]rt9467 7-005b: rt9467_dump_register: CHG_CTRL1 = 0x10, CHG_CTRL2 = 0x1B
05-26 23:03:33.799   259   259 I (7)[259:dc_trim_thread]mt6358-sound mt6358_snd: stop_trim_hardware(), --
05-26 23:03:33.799   259   259 I (7)[259:dc_trim_thread]mt6358-sound mt6358_snd: calculate_trim_result(), offset diff = -148, on = 27622, off = 27770
05-26 23:03:33.799   259   259 I (7)[259:dc_trim_thread]mt6358-sound mt6358_snd: calculate_trim_result(), offset diff = -146, on = 27625, off = 27771
05-26 23:03:33.799   259   259 I (7)[259:dc_trim_thread]mt6358-sound mt6358_snd: calculate_trim_result(), offset diff = -147, on = 27626, off = 27773
05-26 23:03:33.799   259   259 I (7)[259:dc_trim_thread]mt6358-sound mt6358_snd: calculate_trim_result(), offset diff = -145, on = 27628, off = 27773
05-26 23:03:33.799   259   259 I (7)[259:dc_trim_thread]mt6358-sound mt6358_snd: calculate_trim_result(), offset diff = -146, on = 27629, off = 27775
05-26 23:03:33.799   259   259 I (7)[259:dc_trim_thread]mt6358-sound mt6358_snd: calculate_trim_result(), offset diff = -112, on = 27651, off = 27763
05-26 23:03:33.799   259   259 I (7)[259:dc_trim_thread]mt6358-sound mt6358_snd: calculate_trim_result(), offset diff = -113, on = 27652, off = 27765
05-26 23:03:33.799   259   259 I (7)[259:dc_trim_thread]mt6358-sound mt6358_snd: calculate_trim_result(), offset diff = -115, on = 27653, off = 27768
05-26 23:03:33.799   259   259 I (7)[259:dc_trim_thread]mt6358-sound mt6358_snd: calculate_trim_result(), offset diff = -115, on = 27654, off = 27769
05-26 23:03:33.799   259   259 I (7)[259:dc_trim_thread]mt6358-sound mt6358_snd: calculate_trim_result(), offset diff = -113, on = 27656, off = 27769
05-26 23:03:33.799   259   259 I (7)[259:dc_trim_thread]mt6358-sound mt6358_snd: hp_trim_offset(), trim offset L = -146, trim offset R = -114
05-26 23:03:33.809   259   259 I (7)[259:dc_trim_thread]mt6358-sound mt6358_snd: set_lr_trim_code(), step1 floor AUDDEC_ELR_0 = 0x1010, trimcode(L/R) = 0 / 1
05-26 23:03:33.809   259   259 I (7)[259:dc_trim_thread]mt6358-sound mt6358_snd: start_trim_hardware(), ++
05-26 23:03:33.829   259   259 I (7)[259:dc_trim_thread]mt6358-sound mt6358_snd: headset_volume_ramp(), from 18, to 8
05-26 23:03:33.837   259   259 I (7)[259:dc_trim_thread]mt6358-sound mt6358_snd: start_trim_hardware(), --
05-26 23:03:33.851    48    48 I         : (6)[48:kworker/6:1][Power/PPM] (0x0)(-1)(0)(0-7)(15)(0)(6)(6) (15)(0)(2)(2)
05-26 23:03:33.910     1     1 I         : -(6)[1:init]nano_ipi_start notify
05-26 23:03:33.910   267   267 I         : (6)[267:kworker/6:2][ALS/PS] alspshub_init_done_work first_ready_after_boot = 0 +
05-26 23:03:33.910    41    41 I         : (6)[41:kworker/6:0][Gsensor] scp_init_work_done first_ready_after_boot = 0 +
05-26 23:03:33.911   318   318 I         : (6)[318:kworker/6:3][Msensor] scp_init_work_done first_ready_after_boot = 0 +
05-26 23:03:33.912   267   267 E (6)[267:kworker/6:2][sensorHub] sensor: 7 chip:stk3a5x id:0-0046  more:alsps vendor:Sensortek
05-26 23:03:33.912   267   267 I         : (6)[267:kworker/6:2][ALS/PS] sensorHub_get_hardware_info ID_PROXIMITY ok
05-26 23:03:33.912   267   267 I         : (6)[267:kworker/6:2][ALS/PS] alspshub_init_done_work first_ready_after_boot = 1 -
05-26 23:03:33.913   267   267 E (6)[267:kworker/6:2][SCP] scp_ipi_send: SCP A 24 mutex busy, owner=8
05-26 23:03:33.913   267   267 E (6)[267:kworker/6:2][SCP] scp_ipi_send: SCP A 24 mutex busy, owner=8
05-26 23:03:33.915   195   195 I         : (1)[195:scp_power_reset][sensorHub] [sensorHub] sensor_send_dram_info_to_hub success
05-26 23:03:33.915   249   249 E (0)[249:kworker/u16:2][SCP] scp_ipi_send: SCP A 8 mutex busy, owner=25
05-26 23:03:33.915    41    41 E (6)[41:kworker/6:0][sensorHub] sensor: 0 chip:icm4x6xx id:spi1 more:accelerometer vendor:TDK
05-26 23:03:33.915    41    41 I         : (6)[41:kworker/6:0][Gsensor] sensorHub_get_hardware_info ID_ACCELEROMETER ok
05-26 23:03:33.915    41    41 I         : (6)[41:kworker/6:0][Gsensor] scp_init_work_done first_ready_after_boot = 1 -
05-26 23:03:33.915    41    41 E (6)[41:kworker/6:0][SCP] scp_ipi_send: SCP A 24 mutex busy, owner=8
05-26 23:03:33.916   318   318 E (6)[318:kworker/6:3][sensorHub] sensor: 1 chip:qmc6308 id:0-002c  more:magnetometer vendor:qmc
05-26 23:03:33.916   318   318 I         : (6)[318:kworker/6:3][Msensor] sensorHub_get_hardware_info ID_MAGNETIC ok
05-26 23:03:33.916   318   318 I         : (6)[318:kworker/6:3][Msensor] scp_init_work_done first_ready_after_boot = 1 -
05-26 23:03:33.917    48    48 E         : (6)[48:kworker/6:1][sensorHub] scp_sensorHub_req_send fail!
05-26 23:03:33.917    48    48 E         : (6)[48:kworker/6:1]<SEN_LIST> sensor(5) not register
05-26 23:03:33.917    48    48 E         : (6)[48:kworker/6:1][sensorHub] scp_sensorHub_req_send fail!
05-26 23:03:33.917    48    48 E         : (6)[48:kworker/6:1]<SEN_LIST> sensor(71) not register
05-26 23:03:33.922     1     1 I (6)[1:init]: init second stage started!
05-26 23:03:33.945   259   259 I (7)[259:dc_trim_thread]mt6358-sound mt6358_snd: stop_trim_hardware(), ++
05-26 23:03:33.950   259   259 I (7)[259:dc_trim_thread]mt6358-sound mt6358_snd: headset_volume_ramp(), from 8, to 18
05-26 23:03:33.964     1     1 I (6)[1:init]: Using Android DT directory /proc/device-tree/firmware/android/
05-26 23:03:33.964     1     1 E (6)[1:init]: Init cannot set 'ro.boot.serialno' to '4P7XORXCGAY5LNLB': Read-only property was already set
05-26 23:03:33.967     1     1 W (6)[1:init]: Couldn't load property file '/system_dlkm/etc/build.prop': open() failed: No such file or directory: No such file or directory
05-26 23:03:33.967     1     1 W (6)[1:init]: Couldn't load property file '/vendor/default.prop': open() failed: No such file or directory: No such file or directory
05-26 23:03:33.968     1     1 E (6)[1:init]: Do not have permissions to set 'ro.audio.silent' to '0' in property file '/vendor/build.prop': SELinux permission check failed
05-26 23:03:33.968     1     1 E (6)[1:init]: Do not have permissions to set 'bluetooth.enable_timeout_ms' to '8000' in property file '/vendor/build.prop': SELinux permission check failed
05-26 23:03:33.968     1     1 E (6)[1:init]: Do not have permissions to set 'ro.camera.sound.forced' to '0' in property file '/vendor/build.prop': SELinux permission check failed
05-26 23:03:33.968     1     1 E (6)[1:init]: Do not have permissions to set 'ro.mtk_cam_stereo_camera_support' to '1' in property file '/vendor/build.prop': SELinux permission check failed
05-26 23:03:33.969     1     1 E (6)[1:init]: Do not have permissions to set 'mediatek.wlan.ctia' to '0' in property file '/vendor/build.prop': SELinux permission check failed
05-26 23:03:33.972   259   259 I (7)[259:dc_trim_thread]mt6358-sound mt6358_snd: stop_trim_hardware(), --
05-26 23:03:33.972   259   259 I (7)[259:dc_trim_thread]mt6358-sound mt6358_snd: calculate_trim_result(), offset diff = 28, on = 27802, off = 27774
05-26 23:03:33.972   259   259 I (7)[259:dc_trim_thread]mt6358-sound mt6358_snd: calculate_trim_result(), offset diff = 28, on = 27803, off = 27775
05-26 23:03:33.972   259   259 I (7)[259:dc_trim_thread]mt6358-sound mt6358_snd: calculate_trim_result(), offset diff = 30, on = 27805, off = 27775
05-26 23:03:33.972   259   259 I (7)[259:dc_trim_thread]mt6358-sound mt6358_snd: calculate_trim_result(), offset diff = 33, on = 27809, off = 27776
05-26 23:03:33.972   259   259 I (7)[259:dc_trim_thread]mt6358-sound mt6358_snd: calculate_trim_result(), offset diff = 34, on = 27811, off = 27777
05-26 23:03:33.972   259   259 I (7)[259:dc_trim_thread]mt6358-sound mt6358_snd: calculate_trim_result(), offset diff = 5, on = 27773, off = 27768
05-26 23:03:33.972   259   259 I (7)[259:dc_trim_thread]mt6358-sound mt6358_snd: calculate_trim_result(), offset diff = 12, on = 27780, off = 27768
05-26 23:03:33.972   259   259 I (7)[259:dc_trim_thread]mt6358-sound mt6358_snd: calculate_trim_result(), offset diff = 9, on = 27780, off = 27771
05-26 23:03:33.972   259   259 I (7)[259:dc_trim_thread]mt6358-sound mt6358_snd: calculate_trim_result(), offset diff = 9, on = 27781, off = 27772
05-26 23:03:33.972   259   259 I (7)[259:dc_trim_thread]mt6358-sound mt6358_snd: calculate_trim_result(), offset diff = 9, on = 27782, off = 27773
05-26 23:03:33.972   259   259 I (7)[259:dc_trim_thread]mt6358-sound mt6358_snd: hp_trim_offset(), trim offset L = 31, trim offset R = 9
05-26 23:03:33.982   259   259 I (7)[259:dc_trim_thread]mt6358-sound mt6358_snd: set_lr_trim_code(), step1 ceiling AUDDEC_ELR_0 = 0x1021, trimcode(L/R) = 1 / 2
05-26 23:03:33.982   259   259 I (7)[259:dc_trim_thread]mt6358-sound mt6358_snd: start_trim_hardware(), ++
05-26 23:03:34.002   259   259 I (7)[259:dc_trim_thread]mt6358-sound mt6358_snd: headset_volume_ramp(), from 18, to 8
05-26 23:03:34.011   259   259 I (7)[259:dc_trim_thread]mt6358-sound mt6358_snd: start_trim_hardware(), --
05-26 23:03:34.071     1     1 E (7)[1:init]cgroup: cgroup2: unknown option "memory_recursiveprot"
05-26 23:03:34.073    48    48 I         : (6)[48:kworker/6:1][msdc]cache(0x940000~0xA18000, usrdata(0xA18000~0x745E7C0)
05-26 23:03:34.074   260   260 W (7)[260:kworker/u16:4]fts_ts spi1.0: Direct firmware load for focaltech_ts_fw_.bin failed with error -2
05-26 23:03:34.074   260   260 W (7)[260:kworker/u16:4]fts_ts spi1.0: Falling back to user helper
05-26 23:03:34.119   259   259 W -(6)[259:dc_trim_thread]mt635x_auxadc_read_raw: 114 callbacks suppressed
05-26 23:03:34.119   259   259 I (6)[259:dc_trim_thread]mt635x-auxadc mt635x-auxadc: name:HPOFS_CAL, channel=9, adc_out=0x6c7b, adc_result=27771
05-26 23:03:34.123   259   259 I (6)[259:dc_trim_thread]mt635x-auxadc mt635x-auxadc: name:HPOFS_CAL, channel=9, adc_out=0x6c7d, adc_result=27773
05-26 23:03:34.123   259   259 I (6)[259:dc_trim_thread]mt6358-sound mt6358_snd: stop_trim_hardware(), ++
05-26 23:03:34.127   259   259 I (6)[259:dc_trim_thread]mt6358-sound mt6358_snd: headset_volume_ramp(), from 8, to 18
05-26 23:03:34.152   259   259 I (0)[259:dc_trim_thread]mt6358-sound mt6358_snd: stop_trim_hardware(), --
05-26 23:03:34.152   259   259 I (0)[259:dc_trim_thread]mt6358-sound mt6358_snd: calculate_trim_result(), offset diff = -28, on = 27744, off = 27772
05-26 23:03:34.152   259   259 I (0)[259:dc_trim_thread]mt6358-sound mt6358_snd: calculate_trim_result(), offset diff = -28, on = 27744, off = 27772
05-26 23:03:34.152   259   259 I (0)[259:dc_trim_thread]mt6358-sound mt6358_snd: calculate_trim_result(), offset diff = -29, on = 27744, off = 27773
05-26 23:03:34.152   259   259 I (0)[259:dc_trim_thread]mt6358-sound mt6358_snd: calculate_trim_result(), offset diff = -29, on = 27746, off = 27775
05-26 23:03:34.152   259   259 I (0)[259:dc_trim_thread]mt6358-sound mt6358_snd: calculate_trim_result(), offset diff = -28, on = 27747, off = 27775
05-26 23:03:34.152   259   259 I (0)[259:dc_trim_thread]mt6358-sound mt6358_snd: calculate_trim_result(), offset diff = -117, on = 27654, off = 27771
05-26 23:03:34.152   259   259 I (0)[259:dc_trim_thread]mt6358-sound mt6358_snd: calculate_trim_result(), offset diff = -116, on = 27655, off = 27771
05-26 23:03:34.152   259   259 I (0)[259:dc_trim_thread]mt6358-sound mt6358_snd: calculate_trim_result(), offset diff = -114, on = 27658, off = 27772
05-26 23:03:34.152   259   259 I (0)[259:dc_trim_thread]mt6358-sound mt6358_snd: calculate_trim_result(), offset diff = -110, on = 27662, off = 27772
05-26 23:03:34.152   259   259 I (0)[259:dc_trim_thread]mt6358-sound mt6358_snd: calculate_trim_result(), offset diff = -111, on = 27662, off = 27773
05-26 23:03:34.153   259   259 I (0)[259:dc_trim_thread]mt6358-sound mt6358_snd: hp_trim_offset(), trim offset L = -28, trim offset R = -114
05-26 23:03:34.163   259   259 I (6)[259:dc_trim_thread]mt6358-sound mt6358_snd: set_lr_trim_code(), step1 result: AUDDEC_ELR_0 = 0x1011, hp_base(L/R) = -28 / 9, trimcode(L/R) = 1 / 1
05-26 23:03:34.173   259   259 I (6)[259:dc_trim_thread]mt6358-sound mt6358_snd: set_lr_trim_code(), step2 > 0, AUDDEC_ELR_0 = 0x1021, trimcode_tmp = 2
05-26 23:03:34.173   259   259 I (6)[259:dc_trim_thread]mt6358-sound mt6358_snd: start_trim_hardware(), ++
05-26 23:03:34.193   259   259 I (6)[259:dc_trim_thread]mt6358-sound mt6358_snd: headset_volume_ramp(), from 18, to 8
05-26 23:03:34.201   259   259 I (6)[259:dc_trim_thread]mt6358-sound mt6358_snd: start_trim_hardware(), --
05-26 23:03:34.213   259   259 I (6)[259:dc_trim_thread]mt635x-auxadc mt635x-auxadc: name:HPOFS_CAL, channel=9, adc_out=0x6c63, adc_result=27747
05-26 23:03:34.215   259   259 I (6)[259:dc_trim_thread]mt635x-auxadc mt635x-auxadc: name:HPOFS_CAL, channel=9, adc_out=0x6c5d, adc_result=27741
05-26 23:03:34.218   259   259 I (6)[259:dc_trim_thread]mt635x-auxadc mt635x-auxadc: name:HPOFS_CAL, channel=9, adc_out=0x6c65, adc_result=27749
05-26 23:03:34.224   249   249 I         : (0)[249:kworker/u16:2][CH3_DBG] bat_cur = -11604
05-26 23:03:34.277   249   249 W (2)[249:kworker/u16:2]FG_CW2015: get_charge_state : ac_online = 0    usb_online = 0
05-26 23:03:34.278   249   249 W (2)[249:kworker/u16:2]FG_CW2015: cw_bat_work : charger_mod = 0, status = 2, capacity = 51, voltage = 3726
05-26 23:03:34.376   259   259 I (6)[259:dc_trim_thread]mt6358-sound mt6358_snd: stop_trim_hardware(), ++
05-26 23:03:34.381   259   259 I (6)[259:dc_trim_thread]mt6358-sound mt6358_snd: headset_volume_ramp(), from 8, to 18
05-26 23:03:34.414   259   259 I (6)[259:dc_trim_thread]mt6358-sound mt6358_snd: stop_trim_hardware(), --
05-26 23:03:34.414   259   259 I (6)[259:dc_trim_thread]mt6358-sound mt6358_snd: calculate_trim_result(), offset diff = -27, on = 27742, off = 27769
05-26 23:03:34.414   259   259 I (6)[259:dc_trim_thread]mt6358-sound mt6358_snd: calculate_trim_result(), offset diff = -24, on = 27747, off = 27771
05-26 23:03:34.414   259   259 I (6)[259:dc_trim_thread]mt6358-sound mt6358_snd: calculate_trim_result(), offset diff = -23, on = 27748, off = 27771
05-26 23:03:34.414   259   259 I (6)[259:dc_trim_thread]mt6358-sound mt6358_snd: calculate_trim_result(), offset diff = -25, on = 27749, off = 27774
