05-12 01:21:50.337  1245  1338 E AppOps  : 	at com.android.server.appop.AppOpsService$CheckOpsDelegateDispatcher$$ExternalSyntheticLambda9.apply(Unknown Source:24)
05-12 01:21:50.337  1245  1338 E AppOps  : 	at com.android.server.policy.AppOpsPolicy.checkOperation(AppOpsPolicy.java:211)
05-12 01:21:50.337  1245  1338 E AppOps  : 	at com.android.server.appop.AppOpsService$CheckOpsDelegateDispatcher.checkOperation(AppOpsService.java:7708)
05-12 01:21:50.337  1245  1338 E AppOps  : 	at com.android.server.appop.AppOpsService.checkOperation(AppOpsService.java:3237)
05-12 01:21:50.337  1245  1338 E AppOps  : 	at com.android.server.StorageManagerService$StorageManagerInternalImpl.hasExternalStorageAccess(StorageManagerService.java:4875)
05-12 01:21:50.337  1245  1338 E AppOps  : 	at com.android.server.am.ProcessList.startProcessLocked(ProcessList.java:1713)
05-12 01:21:50.337  1245  1338 E AppOps  : 	at com.android.server.am.ProcessList.startProcessLocked(ProcessList.java:2401)
05-12 01:21:50.337  1245  1338 E AppOps  : 	at com.android.server.am.ProcessList.startProcessLocked(ProcessList.java:2541)
05-12 01:21:50.337  1245  1338 E AppOps  : 	at com.android.server.am.ActivityManagerService.startIsolatedProcess(ActivityManagerService.java:2822)
05-12 01:21:50.337  1245  1338 E AppOps  : 	at com.android.server.am.ActivityManagerService$LocalService.startIsolatedProcess(ActivityManagerService.java:16657)
05-12 01:21:50.337  1245  1338 E AppOps  : 	at android.webkit.WebViewLibraryLoader.createRelroFile(WebViewLibraryLoader.java:126)
05-12 01:21:50.337  1245  1338 E AppOps  : 	at android.webkit.WebViewLibraryLoader.createRelros(WebViewLibraryLoader.java:164)
05-12 01:21:50.337  1245  1338 E AppOps  : 	at android.webkit.WebViewLibraryLoader.prepareNativeLibraries(WebViewLibraryLoader.java:152)
05-12 01:21:50.337  1245  1338 E AppOps  : 	at android.webkit.WebViewFactory.onWebViewProviderChanged(WebViewFactory.java:555)
05-12 01:21:50.337  1245  1338 E AppOps  : 	at com.android.server.webkit.SystemImpl.onWebViewProviderChanged(SystemImpl.java:174)
05-12 01:21:50.337  1245  1338 E AppOps  : 	at com.android.server.webkit.WebViewUpdateServiceImpl.onWebViewProviderChanged(WebViewUpdateServiceImpl.java:351)
05-12 01:21:50.337  1245  1338 E AppOps  : 	at com.android.server.webkit.WebViewUpdateServiceImpl.prepareWebViewInSystemServer(WebViewUpdateServiceImpl.java:182)
05-12 01:21:50.337  1245  1338 E AppOps  : 	at com.android.server.webkit.WebViewUpdateService.prepareWebViewInSystemServer(WebViewUpdateService.java:129)
05-12 01:21:50.337  1245  1338 E AppOps  : 	at com.android.server.SystemServer.lambda$startOtherServices$3(SystemServer.java:2903)
05-12 01:21:50.337  1245  1338 E AppOps  : 	at com.android.server.SystemServer.$r8$lambda$nG7XwJlwV2eNiP3C-iTim-mbKmM(Unknown Source:0)
05-12 01:21:50.337  1245  1338 E AppOps  : 	at com.android.server.SystemServer$$ExternalSyntheticLambda6.run(Unknown Source:2)
05-12 01:21:50.337  1245  1338 E AppOps  : 	at com.android.server.SystemServerInitThreadPool.lambda$submitTask$0(SystemServerInitThreadPool.java:106)
05-12 01:21:50.337  1245  1338 E AppOps  : 	at com.android.server.SystemServerInitThreadPool.$r8$lambda$aGlXt69ihU44Qi7EB_RNeu8pnrY(Unknown Source:0)
05-12 01:21:50.337  1245  1338 E AppOps  : 	at com.android.server.SystemServerInitThreadPool$$ExternalSyntheticLambda0.run(Unknown Source:6)
05-12 01:21:50.337  1245  1338 E AppOps  : 	at java.util.concurrent.Executors$RunnableAdapter.call(Executors.java:463)
05-12 01:21:50.337  1245  1338 E AppOps  : 	at java.util.concurrent.FutureTask.run(FutureTask.java:264)
05-12 01:21:50.337  1245  1338 E AppOps  : 	at java.util.concurrent.ThreadPoolExecutor.runWorker(ThreadPoolExecutor.java:1137)
05-12 01:21:50.337  1245  1338 E AppOps  : 	at java.util.concurrent.ThreadPoolExecutor$Worker.run(ThreadPoolExecutor.java:637)
05-12 01:21:50.337  1245  1338 E AppOps  : 	at com.android.internal.util.ConcurrentUtils$1$1.run(ConcurrentUtils.java:65)
05-12 01:21:50.337  1245  1338 D CompatibilityChangeReporter: Compat change id reported: 135634846; UID 1000; state: DISABLED
05-12 01:21:50.337  1245  1338 D CompatibilityChangeReporter: Compat change id reported: 177438394; UID 1000; state: DISABLED
05-12 01:21:50.338  1245  1338 D CompatibilityChangeReporter: Compat change id reported: 135772972; UID 1000; state: DISABLED
05-12 01:21:50.338  1245  1338 D CompatibilityChangeReporter: Compat change id reported: 178038272; UID 1000; state: DISABLED
05-12 01:21:50.339  1245  1338 E AppOps  : Bad call made by uid 1000. Package "android" does not belong to uid 1037.
05-12 01:21:50.339  1245  1338 E AppOps  : Cannot checkOperation
05-12 01:21:50.339  1245  1338 E AppOps  : java.lang.SecurityException: Specified package "android" under uid 1037 but it is not
05-12 01:21:50.339  1245  1338 E AppOps  : 	at com.android.server.appop.AppOpsService.verifyAndGetBypass(AppOpsService.java:4773)
05-12 01:21:50.339  1245  1338 E AppOps  : 	at com.android.server.appop.AppOpsService.verifyAndGetBypass(AppOpsService.java:4621)
05-12 01:21:50.339  1245  1338 E AppOps  : 	at com.android.server.appop.AppOpsService.verifyAndGetBypass(AppOpsService.java:4613)
05-12 01:21:50.339  1245  1338 E AppOps  : 	at com.android.server.appop.AppOpsService.checkOperationUnchecked(AppOpsService.java:3267)
05-12 01:21:50.339  1245  1338 E AppOps  : 	at com.android.server.appop.AppOpsService.checkOperationImpl(AppOpsService.java:3250)
05-12 01:21:50.339  1245  1338 E AppOps  : 	at com.android.server.appop.AppOpsService.-$$Nest$mcheckOperationImpl(Unknown Source:0)
05-12 01:21:50.339  1245  1338 E AppOps  : 	at com.android.server.appop.AppOpsService$CheckOpsDelegateDispatcher.lambda$checkOperation$0(AppOpsService.java:7709)
05-12 01:21:50.339  1245  1338 E AppOps  : 	at com.android.server.appop.AppOpsService$CheckOpsDelegateDispatcher.$r8$lambda$KrwrxMLmGzFSEjEyo0aJ63o5J9E(Unknown Source:0)
05-12 01:21:50.339  1245  1338 E AppOps  : 	at com.android.server.appop.AppOpsService$CheckOpsDelegateDispatcher$$ExternalSyntheticLambda9.apply(Unknown Source:24)
05-12 01:21:50.339  1245  1338 E AppOps  : 	at com.android.server.policy.AppOpsPolicy.checkOperation(AppOpsPolicy.java:211)
05-12 01:21:50.339  1245  1338 E AppOps  : 	at com.android.server.appop.AppOpsService$CheckOpsDelegateDispatcher.checkOperation(AppOpsService.java:7708)
05-12 01:21:50.339  1245  1338 E AppOps  : 	at com.android.server.appop.AppOpsService.checkOperation(AppOpsService.java:3237)
05-12 01:21:50.339  1245  1338 E AppOps  : 	at com.android.server.StorageManagerService$StorageManagerInternalImpl.hasExternalStorageAccess(StorageManagerService.java:4875)
05-12 01:21:50.339  1245  1338 E AppOps  : 	at com.android.server.am.ProcessList.startProcessLocked(ProcessList.java:1713)
05-12 01:21:50.339  1245  1338 E AppOps  : 	at com.android.server.am.ProcessList.startProcessLocked(ProcessList.java:2401)
05-12 01:21:50.339  1245  1338 E AppOps  : 	at com.android.server.am.ProcessList.startProcessLocked(ProcessList.java:2541)
05-12 01:21:50.339  1245  1338 E AppOps  : 	at com.android.server.am.ActivityManagerService.startIsolatedProcess(ActivityManagerService.java:2822)
05-12 01:21:50.339  1245  1338 E AppOps  : 	at com.android.server.am.ActivityManagerService$LocalService.startIsolatedProcess(ActivityManagerService.java:16657)
05-12 01:21:50.339  1245  1338 E AppOps  : 	at android.webkit.WebViewLibraryLoader.createRelroFile(WebViewLibraryLoader.java:126)
05-12 01:21:50.339  1245  1338 E AppOps  : 	at android.webkit.WebViewLibraryLoader.createRelros(WebViewLibraryLoader.java:170)
05-12 01:21:50.339  1245  1338 E AppOps  : 	at android.webkit.WebViewLibraryLoader.prepareNativeLibraries(WebViewLibraryLoader.java:152)
05-12 01:21:50.339  1245  1338 E AppOps  : 	at android.webkit.WebViewFactory.onWebViewProviderChanged(WebViewFactory.java:555)
05-12 01:21:50.339  1245  1338 E AppOps  : 	at com.android.server.webkit.SystemImpl.onWebViewProviderChanged(SystemImpl.java:174)
05-12 01:21:50.339  1245  1338 E AppOps  : 	at com.android.server.webkit.WebViewUpdateServiceImpl.onWebViewProviderChanged(WebViewUpdateServiceImpl.java:351)
05-12 01:21:50.339  1245  1338 E AppOps  : 	at com.android.server.webkit.WebViewUpdateServiceImpl.prepareWebViewInSystemServer(WebViewUpdateServiceImpl.java:182)
05-12 01:21:50.339  1245  1338 E AppOps  : 	at com.android.server.webkit.WebViewUpdateService.prepareWebViewInSystemServer(WebViewUpdateService.java:129)
05-12 01:21:50.339  1245  1338 E AppOps  : 	at com.android.server.SystemServer.lambda$startOtherServices$3(SystemServer.java:2903)
05-12 01:21:50.339  1245  1338 E AppOps  : 	at com.android.server.SystemServer.$r8$lambda$nG7XwJlwV2eNiP3C-iTim-mbKmM(Unknown Source:0)
05-12 01:21:50.339  1245  1338 E AppOps  : 	at com.android.server.SystemServer$$ExternalSyntheticLambda6.run(Unknown Source:2)
05-12 01:21:50.339  1245  1338 E AppOps  : 	at com.android.server.SystemServerInitThreadPool.lambda$submitTask$0(SystemServerInitThreadPool.java:106)
05-12 01:21:50.339  1245  1338 E AppOps  : 	at com.android.server.SystemServerInitThreadPool.$r8$lambda$aGlXt69ihU44Qi7EB_RNeu8pnrY(Unknown Source:0)
05-12 01:21:50.339  1245  1338 E AppOps  : 	at com.android.server.SystemServerInitThreadPool$$ExternalSyntheticLambda0.run(Unknown Source:6)
05-12 01:21:50.339  1245  1338 E AppOps  : 	at java.util.concurrent.Executors$RunnableAdapter.call(Executors.java:463)
05-12 01:21:50.339  1245  1338 E AppOps  : 	at java.util.concurrent.FutureTask.run(FutureTask.java:264)
05-12 01:21:50.339  1245  1338 E AppOps  : 	at java.util.concurrent.ThreadPoolExecutor.runWorker(ThreadPoolExecutor.java:1137)
05-12 01:21:50.339  1245  1338 E AppOps  : 	at java.util.concurrent.ThreadPoolExecutor$Worker.run(ThreadPoolExecutor.java:637)
05-12 01:21:50.339  1245  1338 E AppOps  : 	at com.android.internal.util.ConcurrentUtils$1$1.run(ConcurrentUtils.java:65)
05-12 01:21:50.375  1245  1245 D SystemServerTiming: MakeConnectivityServiceReady
05-12 01:21:50.412  1245  1245 D SystemServerTiming: MakeVpnManagerServiceReady
05-12 01:21:50.413   788   788 D MtkOmxGsmDec: MtkOmxComponentCreate +++ !!!
05-12 01:21:50.413   788   788 D MtkOmxGsmDec: MtkOmxGsmDec Construct !!!
05-12 01:21:50.413   788   788 D MtkOmxGsmDec: Init Audio(GSM) Params!!!
05-12 01:21:50.414   788   788 D MtkOmxGsmDec: MtkOmxGsmDec Deconstruct !!!
05-12 01:21:50.440  1245  1245 D SystemServerTiming: MakeVcnManagementServiceReady
05-12 01:21:50.444  1245  1245 D SystemServerTiming: MakeNetworkPolicyServiceReady
05-12 01:21:50.444  1245  1371 I VcnManagementService: new snapshot: TelephonySubscriptionSnapshot{ mActiveDataSubId=-1, mSubIdToInfoMap={}, mSubIdToCarrierConfigMap={}, mPrivilegedPackages={} }
05-12 01:21:50.445   788   952 D MtkOmxMp3Dec: JB MtkOmxMp3Dec::MtkOmxMp3Dec this= 0xf34ec000
05-12 01:21:50.445   788   952 D MtkOmxMp3Dec: JB MtkOmxMp3Dec::InitAudioParams(MP3)
05-12 01:21:50.446   788   952 D MtkOmxMp3Dec: JB ~MtkOmxMp3Dec this= 0xf34ec000
05-12 01:21:50.446   788   952 D MtkOmxMp3Dec: component has been DeInit before,return.
05-12 01:21:50.668  1245  1354 D CompatibilityChangeReporter: Compat change id reported: 218533173; UID 10564; state: ENABLED
05-12 01:21:50.670  1245  1354 D CompatibilityChangeReporter: Compat change id reported: 218533173; UID 10442; state: ENABLED
05-12 01:21:50.670  1245  1354 D CompatibilityChangeReporter: Compat change id reported: 218533173; UID 10470; state: ENABLED
05-12 01:21:50.671  1245  1354 D CompatibilityChangeReporter: Compat change id reported: 218533173; UID 10519; state: ENABLED
05-12 01:21:50.672  1245  1354 D CompatibilityChangeReporter: Compat change id reported: 218533173; UID 10451; state: ENABLED
05-12 01:21:50.673  1245  1354 D CompatibilityChangeReporter: Compat change id reported: 218533173; UID 10538; state: ENABLED
05-12 01:21:50.673  1245  1354 D CompatibilityChangeReporter: Compat change id reported: 218533173; UID 10570; state: ENABLED
05-12 01:21:50.674  1245  1354 D CompatibilityChangeReporter: Compat change id reported: 218533173; UID 10540; state: ENABLED
05-12 01:21:50.674  1245  1354 D CompatibilityChangeReporter: Compat change id reported: 218533173; UID 10556; state: ENABLED
05-12 01:21:50.674  1245  1354 D CompatibilityChangeReporter: Compat change id reported: 218533173; UID 10484; state: ENABLED
05-12 01:21:50.675  1245  1354 D CompatibilityChangeReporter: Compat change id reported: 218533173; UID 10477; state: ENABLED
05-12 01:21:50.675  1245  1354 D CompatibilityChangeReporter: Compat change id reported: 218533173; UID 10520; state: ENABLED
05-12 01:21:50.675  1245  1354 D CompatibilityChangeReporter: Compat change id reported: 218533173; UID 10550; state: ENABLED
05-12 01:21:50.676  1245  1354 D CompatibilityChangeReporter: Compat change id reported: 218533173; UID 10542; state: ENABLED
05-12 01:21:50.676  1245  1354 D CompatibilityChangeReporter: Compat change id reported: 218533173; UID 10537; state: ENABLED
05-12 01:21:50.676  1245  1354 D CompatibilityChangeReporter: Compat change id reported: 218533173; UID 10474; state: ENABLED
05-12 01:21:50.676  1245  1354 D CompatibilityChangeReporter: Compat change id reported: 218533173; UID 10462; state: ENABLED
05-12 01:21:50.677  1245  1354 D CompatibilityChangeReporter: Compat change id reported: 218533173; UID 10455; state: ENABLED
05-12 01:21:50.677  1245  1354 D CompatibilityChangeReporter: Compat change id reported: 218533173; UID 10535; state: ENABLED
05-12 01:21:50.677  1245  1354 D CompatibilityChangeReporter: Compat change id reported: 218533173; UID 10482; state: ENABLED
05-12 01:21:50.678  1245  1354 D CompatibilityChangeReporter: Compat change id reported: 218533173; UID 10563; state: ENABLED
05-12 01:21:50.678  1245  1354 D CompatibilityChangeReporter: Compat change id reported: 218533173; UID 10530; state: ENABLED
05-12 01:21:50.678  1245  1354 D CompatibilityChangeReporter: Compat change id reported: 218533173; UID 10521; state: ENABLED
05-12 01:21:50.679  1245  1354 D CompatibilityChangeReporter: Compat change id reported: 218533173; UID 10568; state: ENABLED
05-12 01:21:50.733  1245  1279 W ActivityManager: Slow operation: 398ms so far, now at startProcess: returned from zygote!
05-12 01:21:50.734  1245  1279 W ActivityManager: Slow operation: 398ms so far, now at startProcess: done updating battery stats
05-12 01:21:50.734  1245  1279 W ActivityManager: Slow operation: 398ms so far, now at startProcess: building log message
05-12 01:21:50.734  1245  1279 I ActivityManager: Start proc 1500:WebViewLoader-armeabi-v7a/1037 [android.webkit.WebViewLibraryLoader$RelroFileCreator] for 
05-12 01:21:50.734  1245  1279 W ActivityManager: Slow operation: 398ms so far, now at startProcess: starting to update pids map
05-12 01:21:50.734  1245  1279 W ActivityManager: Slow operation: 399ms so far, now at startProcess: done updating pids map
05-12 01:21:50.734  1245  1279 W ActivityManager: Slow operation: 396ms so far, now at startProcess: asking zygote to start proc
05-12 01:21:50.735  1245  1245 D SystemServerTiming: PhaseThirdPartyAppsCanStart
05-12 01:21:50.735  1245  1245 I SystemServiceManager: Starting phase 600
05-12 01:21:50.735  1245  1245 D SystemServerTiming: OnBootPhase_600
05-12 01:21:50.735  1245  1245 D SystemServerTiming: OnBootPhase_600_com.android.server.security.FileIntegrityService
05-12 01:21:50.735  1245  1245 D SystemServerTiming: OnBootPhase_600_com.android.server.pm.Installer
05-12 01:21:50.735  1245  1245 D SystemServerTiming: OnBootPhase_600_com.android.server.os.DeviceIdentifiersPolicyService
05-12 01:21:50.736  1245  1245 D SystemServerTiming: OnBootPhase_600_com.android.server.uri.UriGrantsManagerService$Lifecycle
05-12 01:21:50.736  1245  1245 D SystemServerTiming: OnBootPhase_600_com.android.server.powerstats.PowerStatsService
05-12 01:21:50.736  1245  1245 D SystemServerTiming: OnBootPhase_600_com.android.server.wm.ActivityTaskManagerService$Lifecycle
05-12 01:21:50.736  1245  1245 D SystemServerTiming: OnBootPhase_600_com.android.server.am.ActivityManagerService$Lifecycle
05-12 01:21:50.738  1245  1245 I ExplicitHealthCheckController: Explicit health checks enabled.
05-12 01:21:50.738  1245  1245 I PackageWatchdog: Syncing state, reason: health check state enabled
05-12 01:21:50.738  1245  1245 I PackageWatchdog: Discarding observer rollback-observer. All packages expired
05-12 01:21:50.738  1245  1277 I PackageWatchdog: Saving observer state to file
05-12 01:21:50.739  1245  1245 D SystemServerTiming: OnBootPhase_600_com.android.server.pm.DataLoaderManagerService
05-12 01:21:50.739  1245  1245 D SystemServerTiming: OnBootPhase_600_com.android.server.power.PowerManagerService
05-12 01:21:50.740  1245  1245 D SystemServerTiming: OnBootPhase_600_com.android.server.power.ThermalManagerService
05-12 01:21:50.740  1245  1245 D SystemServerTiming: OnBootPhase_600_com.android.server.power.hint.HintManagerService
05-12 01:21:50.740  1245  1245 D SystemServerTiming: OnBootPhase_600_com.android.server.recoverysystem.RecoverySystemService$Lifecycle
05-12 01:21:50.741  1245  1245 D SystemServerTiming: OnBootPhase_600_com.android.server.lights.LightsService
05-12 01:21:50.741  1245  1245 D SystemServerTiming: OnBootPhase_600_com.android.server.display.DisplayManagerService
05-12 01:21:50.741  1245  1245 D SystemServerTiming: OnBootPhase_600_com.android.server.pm.verify.domain.DomainVerificationService
05-12 01:21:50.741  1245  1245 D SystemServerTiming: OnBootPhase_600_com.android.server.pm.PackageInstallerService$Lifecycle
05-12 01:21:50.741  1245  1245 D SystemServerTiming: OnBootPhase_600_com.android.server.pm.UserManagerService$LifeCycle
05-12 01:21:50.741  1245  1245 D SystemServerTiming: OnBootPhase_600_com.android.server.om.OverlayManagerService
05-12 01:21:50.741  1245  1245 D SystemServerTiming: OnBootPhase_600_com.android.server.resources.ResourcesManagerService
05-12 01:21:50.741  1245  1245 D SystemServerTiming: OnBootPhase_600_com.android.server.sensorprivacy.SensorPrivacyService
05-12 01:21:50.741  1245  1279 W ActivityManager: Slow operation: 402ms so far, now at startProcess: returned from zygote!
05-12 01:21:50.741  1245  1245 D SystemServerTiming: OnBootPhase_600_com.android.server.sensors.SensorService
05-12 01:21:50.741  1245  1245 D SystemServerTiming: OnBootPhase_600_com.android.server.SystemConfigService
05-12 01:21:50.741  1245  1245 D SystemServerTiming: OnBootPhase_600_com.android.server.BatteryService
05-12 01:21:50.741  1245  1245 D SystemServerTiming: OnBootPhase_600_com.android.server.usage.UsageStatsService
05-12 01:21:50.741  1245  1245 D SystemServerTiming: OnBootPhase_600_com.android.server.webkit.WebViewUpdateService
05-12 01:21:50.741  1245  1245 D SystemServerTiming: OnBootPhase_600_com.android.server.CachedDeviceStateService
05-12 01:21:50.741  1245  1279 W ActivityManager: Slow operation: 403ms so far, now at startProcess: done updating battery stats
05-12 01:21:50.741  1245  1245 D SystemServerTiming: OnBootPhase_600_com.android.server.BinderCallsStatsService$LifeCycle
05-12 01:21:50.741  1245  1245 D SystemServerTiming: OnBootPhase_600_com.android.server.LooperStatsService$Lifecycle
05-12 01:21:50.741  1245  1279 W ActivityManager: Slow operation: 403ms so far, now at startProcess: building log message
05-12 01:21:50.741  1245  1245 D SystemServerTiming: OnBootPhase_600_com.android.server.rollback.RollbackManagerService
05-12 01:21:50.741  1245  1279 I ActivityManager: Start proc 1501:WebViewLoader-arm64-v8a/1037 [android.webkit.WebViewLibraryLoader$RelroFileCreator] for 
05-12 01:21:50.742  1245  1279 W ActivityManager: Slow operation: 403ms so far, now at startProcess: starting to update pids map
05-12 01:21:50.742  1245  1245 D SystemServerTiming: OnBootPhase_600_com.android.server.os.NativeTombstoneManagerService
05-12 01:21:50.742  1245  1245 D SystemServerTiming: OnBootPhase_600_com.android.server.os.BugreportManagerService
05-12 01:21:50.742  1245  1245 D SystemServerTiming: OnBootPhase_600_com.android.server.gpu.GpuService
05-12 01:21:50.742  1245  1245 D SystemServerTiming: OnBootPhase_600_com.android.server.security.KeyChainSystemService
05-12 01:21:50.742  1245  1245 D SystemServerTiming: OnBootPhase_600_com.android.server.BinaryTransparencyService
05-12 01:21:50.742  1245  1245 D SystemServerTiming: OnBootPhase_600_com.android.server.telecom.TelecomLoaderService
05-12 01:21:50.742  1245  1245 D SystemServerTiming: OnBootPhase_600_com.android.server.accounts.AccountManagerService$Lifecycle
05-12 01:21:50.742  1245  1245 D SystemServerTiming: OnBootPhase_600_com.android.server.content.ContentService$Lifecycle
05-12 01:21:50.742  1245  1279 W ActivityManager: Slow operation: 404ms so far, now at startProcess: done updating pids map
05-12 01:21:50.742  1245  1245 D SystemServerTiming: OnBootPhase_600_com.android.server.DropBoxManagerService
05-12 01:21:50.742  1245  1245 D SystemServerTiming: OnBootPhase_600_com.android.role.RoleService
05-12 01:21:50.742  1245  1245 D SystemServerTiming: OnBootPhase_600_com.android.server.vibrator.VibratorManagerService$Lifecycle
05-12 01:21:50.742  1245  1245 D SystemServerTiming: OnBootPhase_600_com.android.server.tare.InternalResourceService
05-12 01:21:50.742  1245  1245 D SystemServerTiming: OnBootPhase_600_com.android.server.alarm.AlarmManagerService
05-12 01:21:50.742  1245  1245 D SystemServerTiming: OnBootPhase_600_com.android.server.devicestate.DeviceStateManagerService
05-12 01:21:50.743  1245  1245 D SystemServerTiming: OnBootPhase_600_com.android.server.camera.CameraServiceProxy
05-12 01:21:50.743  1245  1245 D SystemServerTiming: OnBootPhase_600_com.android.server.bluetooth.BluetoothService
05-12 01:21:50.743  1245  1245 D SystemServerTiming: OnBootPhase_600_com.android.server.connectivity.IpConnectivityMetrics
05-12 01:21:50.743  1245  1245 D SystemServerTiming: OnBootPhase_600_com.android.server.net.watchlist.NetworkWatchlistService$Lifecycle
05-12 01:21:50.743  1245  1245 D SystemServerTiming: OnBootPhase_600_com.android.server.PinnerService
05-12 01:21:50.743  1245  1245 D SystemServerTiming: OnBootPhase_600_com.android.server.integrity.AppIntegrityManagerService
05-12 01:21:50.743  1245  1245 D SystemServerTiming: OnBootPhase_600_com.android.server.logcat.LogcatManagerService
05-12 01:21:50.743  1245  1245 D SystemServerTiming: OnBootPhase_600_com.android.server.derp.LineageGlobalActionsService
05-12 01:21:50.743  1245  1245 D SystemServerTiming: OnBootPhase_600_com.android.server.inputmethod.InputMethodManagerService$Lifecycle
05-12 01:21:50.743  1245  1245 D SystemServerTiming: OnBootPhase_600_com.android.server.accessibility.AccessibilityManagerService$Lifecycle
05-12 01:21:50.745  1245  1245 D SystemServerTiming: OnBootPhase_600_com.android.server.StorageManagerService$Lifecycle
05-12 01:21:50.745  1245  1245 D SystemServerTiming: OnBootPhase_600_com.android.server.usage.StorageStatsService$Lifecycle
05-12 01:21:50.745  1245  1245 D SystemServerTiming: OnBootPhase_600_com.android.server.UiModeManagerService
05-12 01:21:50.745  1245  1245 D SystemServerTiming: OnBootPhase_600_com.android.server.locales.LocaleManagerService
05-12 01:21:50.746  1245  1245 D SystemServerTiming: OnBootPhase_600_com.android.server.locksettings.LockSettingsService$Lifecycle
05-12 01:21:50.746  1245  1245 D SystemServerTiming: OnBootPhase_600_com.android.server.PersistentDataBlockService
05-12 01:21:50.746  1245  1245 D SystemServerTiming: OnBootPhase_600_com.android.server.testharness.TestHarnessModeService
05-12 01:21:50.746  1245  1245 D SystemServerTiming: OnBootPhase_600_com.android.server.oemlock.OemLockService
05-12 01:21:50.746  1245  1245 D SystemServerTiming: OnBootPhase_600_com.android.server.DeviceIdleController
05-12 01:21:50.746  1245  1245 D SystemServerTiming: OnBootPhase_600_com.android.server.devicepolicy.DevicePolicyManagerService$Lifecycle
05-12 01:21:50.746  1245  1245 D SystemServerTiming: OnBootPhase_600_com.android.server.musicrecognition.MusicRecognitionManagerService
05-12 01:21:50.746  1245  1245 D SystemServerTiming: OnBootPhase_600_com.android.server.contentcapture.ContentCaptureManagerService
05-12 01:21:50.747  1245  1245 D SystemServerTiming: OnBootPhase_600_com.android.server.attention.AttentionManagerService
05-12 01:21:50.747  1245  1245 D SystemServerTiming: OnBootPhase_600_com.android.server.rotationresolver.RotationResolverManagerService
05-12 01:21:50.747  1245  1245 D SystemServerTiming: OnBootPhase_600_com.android.server.systemcaptions.SystemCaptionsManagerService
05-12 01:21:50.747  1245  1245 D SystemServerTiming: OnBootPhase_600_com.android.server.texttospeech.TextToSpeechManagerService
05-12 01:21:50.748  1245  1245 D SystemServerTiming: OnBootPhase_600_com.android.server.ambientcontext.AmbientContextManagerService
05-12 01:21:50.748  1245  1245 D SystemServerTiming: OnBootPhase_600_com.android.server.speech.SpeechRecognitionManagerService
05-12 01:21:50.748  1245  1245 D SystemServerTiming: OnBootPhase_600_com.android.server.appprediction.AppPredictionManagerService
05-12 01:21:50.749  1245  1245 D SystemServerTiming: OnBootPhase_600_com.android.server.contentsuggestions.ContentSuggestionsManagerService
05-12 01:21:50.749  1245  1245 D SystemServerTiming: OnBootPhase_600_com.android.server.searchui.SearchUiManagerService
05-12 01:21:50.750  1245  1245 D SystemServerTiming: OnBootPhase_600_com.android.server.smartspace.SmartspaceManagerService
05-12 01:21:50.750  1245  1245 D SystemServerTiming: OnBootPhase_600_com.android.server.graphics.fonts.FontManagerService$Lifecycle
05-12 01:21:50.750  1245  1245 D SystemServerTiming: OnBootPhase_600_com.android.server.textservices.TextServicesManagerService$Lifecycle
05-12 01:21:50.750  1245  1245 D SystemServerTiming: OnBootPhase_600_com.android.server.textclassifier.TextClassificationManagerService$Lifecycle
05-12 01:21:50.750  1245  1245 D SystemServerTiming: OnBootPhase_600_com.android.server.NetworkScoreService$Lifecycle
05-12 01:21:50.750  1245  1245 D SystemServerTiming: OnBootPhase_600_com.android.server.NetworkStatsServiceInitializer
05-12 01:21:50.750  1245  1245 D SystemServerTiming: OnBootPhase_600_com.android.server.wifi.WifiService
05-12 01:21:50.750  1245  1245 D SystemServerTiming: OnBootPhase_600_com.android.server.wifi.scanner.WifiScanningService
05-12 01:21:50.750  1245  1245 D SystemServerTiming: OnBootPhase_600_com.android.server.wifi.p2p.WifiP2pService
05-12 01:21:50.750  1245  1245 D SystemServerTiming: OnBootPhase_600_com.android.server.ConnectivityServiceInitializer
05-12 01:21:50.754  1245  1245 D SystemServerTiming: OnBootPhase_600_com.android.server.notification.NotificationManagerService
05-12 01:21:50.757  1245  1245 W NotificationHistory: Attempted to initialize service for stopped or removed user 0
05-12 01:21:50.758  1245  1245 D SystemServerTiming: OnBootPhase_600_com.android.server.storage.DeviceStorageMonitorService
05-12 01:21:50.758  1245  1245 D SystemServerTiming: OnBootPhase_600_com.android.server.location.LocationManagerService$Lifecycle
05-12 01:21:50.773  1245  1268 D CompatibilityChangeReporter: Compat change id reported: 168419799; UID 1000; state: DISABLED
05-12 01:21:50.773  1245  1268 D CompatibilityChangeReporter: Compat change id reported: 273564678; UID 1000; state: DISABLED
05-12 01:21:50.779  1245  1245 D CompatibilityChangeReporter: Compat change id reported: 157233955; UID 1000; state: ENABLED
05-12 01:21:50.794  1245  1347 W StorageManagerService: No primary storage defined yet; hacking together a stub
05-12 01:21:50.807  1245  1245 D SystemServerTiming: OnBootPhase_600_com.android.server.timedetector.TimeDetectorService$Lifecycle
05-12 01:21:50.807  1245  1245 D SystemServerTiming: OnBootPhase_600_com.android.server.timezonedetector.TimeZoneDetectorService$Lifecycle
05-12 01:21:50.807  1245  1245 D SystemServerTiming: OnBootPhase_600_com.android.server.timezonedetector.location.LocationTimeZoneManagerService$Lifecycle
05-12 01:21:50.807  1245  1245 D SystemServerTiming: OnBootPhase_600_com.android.server.search.SearchManagerService$Lifecycle
05-12 01:21:50.807  1245  1245 D SystemServerTiming: OnBootPhase_600_com.android.server.wallpaper.WallpaperManagerService$Lifecycle
05-12 01:21:50.807  1245  1245 D WallpaperManagerService: Wallpaper_switch-user-0
05-12 01:21:50.807  1245  1245 V WallpaperManagerService: bindWallpaperComponentLocked: componentName=ComponentInfo{com.android.systemui/com.android.systemui.wallpapers.ImageWallpaper}
05-12 01:21:50.807  1245  1245 D WallpaperManagerService: WPMS.bindWallpaperComponentLocked-ComponentInfo{com.android.systemui/com.android.systemui.wallpapers.ImageWallpaper}
05-12 01:21:50.809  1245  1245 D SystemServerTiming: OnBootPhase_600_com.android.server.wallpapereffectsgeneration.WallpaperEffectsGenerationManagerService
05-12 01:21:50.809  1245  1245 D SystemServerTiming: OnBootPhase_600_com.android.server.audio.AudioService$Lifecycle
05-12 01:21:50.809  1245  1245 D SystemServerTiming: OnBootPhase_600_com.android.server.soundtrigger_middleware.SoundTriggerMiddlewareService$Lifecycle
05-12 01:21:50.809  1245  1245 D SystemServerTiming: OnBootPhase_600_com.android.server.DockObserver
05-12 01:21:50.809  1245  1245 D SystemServerTiming: OnBootPhase_600_com.android.server.midi.MidiService$Lifecycle
05-12 01:21:50.809  1245  1245 D SystemServerTiming: OnBootPhase_600_com.android.server.adb.AdbService$Lifecycle
05-12 01:21:50.809  1245  1245 D SystemServerTiming: OnBootPhase_600_com.android.server.usb.UsbService$Lifecycle
05-12 01:21:50.809  1245  1245 D SystemServerTiming: OnBootPhase_600_com.android.server.twilight.TwilightService
05-12 01:21:50.809  1245  1245 D SystemServerTiming: OnBootPhase_600_com.android.server.display.color.ColorDisplayService
05-12 01:21:50.809  1245  1245 D SystemServerTiming: OnBootPhase_600_com.android.server.job.JobSchedulerService
05-12 01:21:50.819  1245  1268 D CompatibilityChangeReporter: Compat change id reported: 168936375; UID 1000; state: ENABLED
05-12 01:21:50.827  1245  1245 D SystemServerTiming: OnBootPhase_600_com.android.server.soundtrigger.SoundTriggerService
05-12 01:21:50.828  1245  1245 D SoundTriggerService: onBootPhase: 600 : false
05-12 01:21:50.828  1245  1245 D SystemServerTiming: OnBootPhase_600_com.android.server.trust.TrustManagerService
05-12 01:21:50.874  1245  1245 D SystemServerTiming: OnBootPhase_600_com.android.server.backup.BackupManagerService$Lifecycle
05-12 01:21:50.874  1245  1245 D SystemServerTiming: OnBootPhase_600_com.android.server.appwidget.AppWidgetService
05-12 01:21:50.874  1245  1245 D SystemServerTiming: OnBootPhase_600_com.android.server.voiceinteraction.VoiceInteractionManagerService
05-12 01:21:50.874  1245  1245 D SystemServerTiming: OnBootPhase_600_com.android.server.apphibernation.AppHibernationService
05-12 01:21:50.874  1245  1245 D SystemServerTiming: OnBootPhase_600_com.android.server.GestureLauncherService
05-12 01:21:50.875  1245  1245 D SystemServerTiming: OnBootPhase_600_com.android.server.SensorNotificationService
05-12 01:21:50.876  1245  1245 D SystemServerTiming: OnBootPhase_600_com.android.server.emergency.EmergencyAffordanceService
05-12 01:21:50.877  1245  1245 D SystemServerTiming: OnBootPhase_600_com.android.server.blob.BlobStoreManagerService
05-12 01:21:50.907  1245  1245 D SystemServerTiming: OnBootPhase_600_com.android.server.dreams.DreamManagerService
05-12 01:21:50.909  1245  1245 D SystemServerTiming: OnBootPhase_600_com.android.server.print.PrintManagerService
05-12 01:21:50.909  1245  1245 D SystemServerTiming: OnBootPhase_600_com.android.server.security.AttestationVerificationManagerService
05-12 01:21:50.909  1245  1245 D SystemServerTiming: OnBootPhase_600_com.android.server.companion.CompanionDeviceManagerService
05-12 01:21:50.909  1245  1245 D SystemServerTiming: OnBootPhase_600_com.android.server.companion.virtual.VirtualDeviceManagerService
05-12 01:21:50.909  1245  1245 D SystemServerTiming: OnBootPhase_600_com.android.server.restrictions.RestrictionsManagerService
05-12 01:21:50.909  1245  1245 D SystemServerTiming: OnBootPhase_600_com.android.server.media.MediaSessionService
05-12 01:21:50.909  1245  1245 D SystemServerTiming: OnBootPhase_600_com.android.server.media.MediaResourceMonitorService
05-12 01:21:50.909  1245  1245 D SystemServerTiming: OnBootPhase_600_com.android.server.biometrics.sensors.face.FaceService
05-12 01:21:50.909  1245  1245 D SystemServerTiming: OnBootPhase_600_com.android.server.biometrics.sensors.fingerprint.FingerprintService
05-12 01:21:50.909  1245  1245 D SystemServerTiming: OnBootPhase_600_com.android.server.biometrics.BiometricService
05-12 01:21:50.909  1245  1245 D SystemServerTiming: OnBootPhase_600_com.android.server.biometrics.AuthService
05-12 01:21:50.909  1245  1245 D SystemServerTiming: OnBootPhase_600_com.android.server.app.AppLockManagerService$Lifecycle
05-12 01:21:50.909  1245  1245 D SystemServerTiming: OnBootPhase_600_com.android.server.pm.ShortcutService$Lifecycle
05-12 01:21:50.909  1245  1245 D SystemServerTiming: OnBootPhase_600_com.android.server.pm.LauncherAppsService
05-12 01:21:50.909  1245  1245 D SystemServerTiming: OnBootPhase_600_com.android.server.pm.CrossProfileAppsService
05-12 01:21:50.909  1245  1245 D SystemServerTiming: OnBootPhase_600_com.android.server.pocket.PocketService
05-12 01:21:50.910  1245  1245 W PocketService: Un-handled boot phase:600
05-12 01:21:50.910  1245  1245 D SystemServerTiming: OnBootPhase_600_com.android.server.people.PeopleService
05-12 01:21:50.910  1245  1245 D SystemServerTiming: OnBootPhase_600_com.android.server.media.metrics.MediaMetricsManagerService
05-12 01:21:50.910  1245  1245 D SystemServerTiming: OnBootPhase_600_com.android.server.derp.CustomDeviceConfigService
05-12 01:21:50.910  1245  1245 D SystemServerTiming: OnBootPhase_600_com.android.server.vibrator.LinearmotorVibratorService
05-12 01:21:50.910  1245  1245 D SystemServerTiming: OnBootPhase_600_com.android.server.derp.LineageHardwareService
05-12 01:21:50.910  1245  1245 D SystemServerTiming: OnBootPhase_600_com.android.server.derp.display.LiveDisplayService
05-12 01:21:50.910  1245  1245 D SystemServerTiming: OnBootPhase_600_com.android.server.derp.health.HealthInterfaceService
05-12 01:21:50.910  1245  1245 D SystemServerTiming: OnBootPhase_600_com.android.server.media.projection.MediaProjectionManagerService
05-12 01:21:50.910  1245  1245 D SystemServerTiming: OnBootPhase_600_com.android.server.slice.SliceManagerService$Lifecycle
05-12 01:21:50.910  1245  1245 D SystemServerTiming: OnBootPhase_600_com.android.server.stats.StatsCompanion$Lifecycle
05-12 01:21:50.917  1245  1245 D SystemServerTiming: OnBootPhase_600_com.android.server.scheduling.RebootReadinessManagerService$Lifecycle
05-12 01:21:50.917  1245  1245 D SystemServerTiming: OnBootPhase_600_com.android.server.stats.pull.StatsPullAtomService
05-12 01:21:50.917  1245  1245 D SystemServerTiming: OnBootPhase_600_com.android.server.stats.bootstrap.StatsBootstrapAtomService$Lifecycle
05-12 01:21:50.917  1245  1245 D SystemServerTiming: OnBootPhase_600_com.android.server.incident.IncidentCompanionService
05-12 01:21:50.917  1245  1245 D SystemServerTiming: OnBootPhase_600_com.android.server.sdksandbox.SdkSandboxManagerService$Lifecycle
05-12 01:21:50.917  1245  1245 D SystemServerTiming: OnBootPhase_600_com.android.server.adservices.AdServicesManagerService$Lifecycle
05-12 01:21:50.917  1245  1245 D SystemServerTiming: OnBootPhase_600_com.android.server.MmsServiceBroker
05-12 01:21:50.917  1245  1245 D SystemServerTiming: OnBootPhase_600_com.android.server.autofill.AutofillManagerService
05-12 01:21:50.917  1245  1277 D StatsPullAtomService: Registering NetworkStats pullers with statsd
05-12 01:21:50.918  1245  1245 D SystemServerTiming: OnBootPhase_600_com.android.server.translation.TranslationManagerService
05-12 01:21:50.918  1245  1245 D SystemServerTiming: OnBootPhase_600_com.android.server.clipboard.ClipboardService
05-12 01:21:50.918  1245  1245 D SystemServerTiming: OnBootPhase_600_com.android.server.appbinding.AppBindingService$Lifecycle
05-12 01:21:50.918  1245  1245 D SystemServerTiming: OnBootPhase_600_com.android.server.tracing.TracingServiceProxy
05-12 01:21:50.918  1245  1245 D SystemServerTiming: OnBootPhase_600_com.android.server.policy.PermissionPolicyService
05-12 01:21:50.918  1245  1245 D SystemServerTiming: OnBootPhase_600_com.android.server.pm.StagingManager$Lifecycle
05-12 01:21:50.918  1245  1245 D SystemServerTiming: OnBootPhase_600_com.android.server.app.GameManagerService$Lifecycle
05-12 01:21:50.918  1245  1245 D SystemServerTiming: OnBootPhase_600_com.android.safetycenter.SafetyCenterService
05-12 01:21:50.918  1245  1245 D SystemServerTiming: OnBootPhase_600_com.android.server.appsearch.AppSearchModule$Lifecycle
05-12 01:21:50.918  1245  1245 D SystemServerTiming: OnBootPhase_600_com.android.server.media.MediaCommunicationService
05-12 01:21:50.918  1245  1245 D SystemServerTiming: OnBootPhase_600_com.android.server.compat.overrides.AppCompatOverridesService$Lifecycle
05-12 01:21:50.918  1245  1245 D SystemServerTiming: OnBootPhase_600_com.android.server.derp.ParallelSpaceManagerService
05-12 01:21:50.918  1245  1245 D SystemServerTiming: StartNetworkStack
05-12 01:21:50.918  1245  1245 D ConnectivityModuleConnector: Starting networking module android.net.INetworkStackConnector
05-12 01:21:50.919  1245  1245 D ConnectivityModuleConnector: Starting networking module in network_stack process
05-12 01:21:50.922  1245  1245 D CompatibilityChangeReporter: Compat change id reported: 135634846; UID 1073; state: DISABLED
05-12 01:21:50.922  1245  1245 D CompatibilityChangeReporter: Compat change id reported: 177438394; UID 1073; state: DISABLED
05-12 01:21:50.925  1245  1245 D CompatibilityChangeReporter: Compat change id reported: 135772972; UID 1073; state: DISABLED
05-12 01:21:50.926  1245  1245 D CompatibilityChangeReporter: Compat change id reported: 135754954; UID 1073; state: ENABLED
05-12 01:21:50.926  1245  1245 D ConnectivityModuleConnector: Networking module service start requested
05-12 01:21:50.926  1245  1245 D SystemServerTiming: StartTethering
05-12 01:21:50.926  1245  1245 D ConnectivityModuleConnector: Starting networking module android.net.ITetheringConnector
05-12 01:21:50.926  1245  1245 D ConnectivityModuleConnector: Starting networking module in network_stack process
05-12 01:21:50.927  1245  1245 D ConnectivityModuleConnector: Networking module service start requested
05-12 01:21:50.927  1245  1245 D SystemServerTiming: MakeCountryDetectionServiceReady
05-12 01:21:50.927  1245  1245 D SystemServerTiming: MakeNetworkTimeUpdateReady
05-12 01:21:50.931  1245  1245 D SystemServerTiming: MakeInputManagerServiceReady
05-12 01:21:50.933  1245  1245 I ActivityTaskManager: Config changes=100 {1.0 ?mcc?mnc [en_IN] ldltr sw400dp w400dp h852dp 432dpi nrml long port night finger -keyb/v/h -nav/h winConfig={ mBounds=Rect(0, 0 - 1080, 2400) mAppBounds=Rect(0, 100 - 1080, 2400) mMaxBounds=Rect(0, 0 - 1080, 2400) mDisplayRotation=ROTATION_0 mWindowingMode=fullscreen mDisplayWindowingMode=fullscreen mActivityType=undefined mAlwaysOnTop=undefined mRotation=ROTATION_0} s.12 fontWeightAdjustment=300}
05-12 01:21:50.934  1245  1245 I WindowManager: Override config changes=100 {1.0 ?mcc?mnc [en_IN] ldltr sw400dp w400dp h852dp 432dpi nrml long port night finger -keyb/v/h -nav/h winConfig={ mBounds=Rect(0, 0 - 1080, 2400) mAppBounds=Rect(0, 100 - 1080, 2400) mMaxBounds=Rect(0, 0 - 1080, 2400) mDisplayRotation=ROTATION_0 mWindowingMode=fullscreen mDisplayWindowingMode=fullscreen mActivityType=undefined mAlwaysOnTop=undefined mRotation=ROTATION_0} s.12 fontWeightAdjustment=300} for displayId=0
05-12 01:21:50.937  1245  1245 D SystemServerTiming: MakeTelephonyRegistryReady
05-12 01:21:50.937  1245  1347 W PackageManager: Loading a package that does not exist for the calling user. package=null, user=0
05-12 01:21:50.937  1245  1245 D SystemServerTiming: MakeMediaRouterServiceReady
05-12 01:21:50.937  1245  1245 I MR2ServiceImpl: switchUser | user: 0
05-12 01:21:50.938  1245  1245 D SystemServerTiming: MakeMmsServiceReady
05-12 01:21:50.938  1245  1245 I MmsServiceBroker: Delay connecting to MmsService until an API is called
05-12 01:21:50.938  1245  1245 D SystemServerTiming: IncidentDaemonReady
05-12 01:21:50.939  1245  1245 D SystemServerTiming: OdsignStatsLogger
05-12 01:21:50.940  1245  1245 D SystemServerTiming: getCurrentUser
05-12 01:21:50.940  1245  1245 I ActivityManager: Current user:0
05-12 01:21:50.940  1245  1245 D SystemServerTiming: ActivityManagerStartApps
05-12 01:21:50.940  1245  1245 D SystemServerTiming: ssm.StartUser-0
05-12 01:21:50.940  1245  1245 I SystemServiceManager: Calling onStartUser 0
05-12 01:21:50.940  1245  1245 D SystemServerTiming: ssm.onStartUser-0_com.android.server.security.FileIntegrityService
05-12 01:21:50.940  1245  1245 D SystemServerTiming: ssm.onStartUser-0_com.android.server.pm.Installer
05-12 01:21:50.940  1245  1245 D SystemServerTiming: ssm.onStartUser-0_com.android.server.os.DeviceIdentifiersPolicyService
05-12 01:21:50.940  1245  1245 D SystemServerTiming: ssm.onStartUser-0_com.android.server.uri.UriGrantsManagerService$Lifecycle
05-12 01:21:50.940  1245  1245 D SystemServerTiming: ssm.onStartUser-0_com.android.server.powerstats.PowerStatsService
05-12 01:21:50.940  1245  1245 D SystemServerTiming: ssm.onStartUser-0_com.android.server.wm.ActivityTaskManagerService$Lifecycle
05-12 01:21:50.940  1245  1245 D SystemServerTiming: ssm.onStartUser-0_com.android.server.am.ActivityManagerService$Lifecycle
05-12 01:21:50.940  1245  1245 D SystemServerTiming: ssm.onStartUser-0_com.android.server.pm.DataLoaderManagerService
05-12 01:21:50.940  1245  1245 D SystemServerTiming: ssm.onStartUser-0_com.android.server.power.PowerManagerService
05-12 01:21:50.940  1245  1245 D SystemServerTiming: ssm.onStartUser-0_com.android.server.power.ThermalManagerService
05-12 01:21:50.940  1245  1245 D SystemServerTiming: ssm.onStartUser-0_com.android.server.power.hint.HintManagerService
05-12 01:21:50.940  1245  1245 D SystemServerTiming: ssm.onStartUser-0_com.android.server.recoverysystem.RecoverySystemService$Lifecycle
05-12 01:21:50.940  1245  1245 D SystemServerTiming: ssm.onStartUser-0_com.android.server.lights.LightsService
05-12 01:21:50.940  1245  1245 D SystemServerTiming: ssm.onStartUser-0_com.android.server.display.DisplayManagerService
05-12 01:21:50.941  1245  1245 D SystemServerTiming: ssm.onStartUser-0_com.android.server.pm.verify.domain.DomainVerificationService
05-12 01:21:50.941  1245  1245 D SystemServerTiming: ssm.onStartUser-0_com.android.server.pm.PackageInstallerService$Lifecycle
05-12 01:21:50.941  1245  1245 D SystemServerTiming: ssm.onStartUser-0_com.android.server.pm.UserManagerService$LifeCycle
05-12 01:21:50.941  1245  1245 D SystemServerTiming: ssm.onStartUser-0_com.android.server.om.OverlayManagerService
05-12 01:21:50.941  1245  1245 D SystemServerTiming: ssm.onStartUser-0_com.android.server.resources.ResourcesManagerService
05-12 01:21:50.941  1245  1245 D SystemServerTiming: ssm.onStartUser-0_com.android.server.sensorprivacy.SensorPrivacyService
05-12 01:21:50.942  1245  1245 D SystemServerTiming: ssm.onStartUser-0_com.android.server.sensors.SensorService
05-12 01:21:50.942  1245  1245 D SystemServerTiming: ssm.onStartUser-0_com.android.server.SystemConfigService
05-12 01:21:50.942  1245  1279 I ActivityManager: Start proc 1565:com.android.networkstack.process/1073 for service {com.android.networkstack/com.android.server.NetworkStackService}
05-12 01:21:50.942  1245  1245 D SystemServerTiming: ssm.onStartUser-0_com.android.server.BatteryService
05-12 01:21:50.942  1245  1245 D SystemServerTiming: ssm.onStartUser-0_com.android.server.usage.UsageStatsService
05-12 01:21:50.942  1245  1245 D SystemServerTiming: ssm.onStartUser-0_com.android.server.webkit.WebViewUpdateService
05-12 01:21:50.942  1245  1245 D SystemServerTiming: ssm.onStartUser-0_com.android.server.CachedDeviceStateService
05-12 01:21:50.942  1245  1245 D SystemServerTiming: ssm.onStartUser-0_com.android.server.BinderCallsStatsService$LifeCycle
05-12 01:21:50.942  1245  1245 D SystemServerTiming: ssm.onStartUser-0_com.android.server.LooperStatsService$Lifecycle
05-12 01:21:50.942  1245  1245 D SystemServerTiming: ssm.onStartUser-0_com.android.server.rollback.RollbackManagerService
05-12 01:21:50.942  1245  1245 D SystemServerTiming: ssm.onStartUser-0_com.android.server.os.NativeTombstoneManagerService
05-12 01:21:50.942  1245  1245 D SystemServerTiming: ssm.onStartUser-0_com.android.server.os.BugreportManagerService
05-12 01:21:50.942  1245  1245 D SystemServerTiming: ssm.onStartUser-0_com.android.server.gpu.GpuService
05-12 01:21:50.942  1245  1245 D SystemServerTiming: ssm.onStartUser-0_com.android.server.security.KeyChainSystemService
05-12 01:21:50.942  1245  1245 D SystemServerTiming: ssm.onStartUser-0_com.android.server.BinaryTransparencyService
05-12 01:21:50.942  1245  1245 D SystemServerTiming: ssm.onStartUser-0_com.android.server.telecom.TelecomLoaderService
05-12 01:21:50.942  1245  1245 D SystemServerTiming: ssm.onStartUser-0_com.android.server.accounts.AccountManagerService$Lifecycle
05-12 01:21:50.942  1245  1245 D SystemServerTiming: ssm.onStartUser-0_com.android.server.content.ContentService$Lifecycle
05-12 01:21:50.942  1245  1245 D SystemServerTiming: ssm.onStartUser-0_com.android.server.DropBoxManagerService
05-12 01:21:50.942  1245  1245 D SystemServerTiming: ssm.onStartUser-0_com.android.role.RoleService
05-12 01:21:50.962  1245  1259 W PackageManager: Loading a package that does not exist for the calling user. package=null, user=0
05-12 01:21:50.962  1245  1328 D CompatibilityChangeReporter: Compat change id reported: 135634846; UID 10515; state: DISABLED
05-12 01:21:50.962  1245  1328 D CompatibilityChangeReporter: Compat change id reported: 177438394; UID 10515; state: DISABLED
05-12 01:21:50.962  1245  1328 D CompatibilityChangeReporter: Compat change id reported: 135772972; UID 10515; state: DISABLED
05-12 01:21:50.963  1245  1328 D CompatibilityChangeReporter: Compat change id reported: 135754954; UID 10515; state: ENABLED
05-12 01:21:50.963  1245  1279 D CompatibilityChangeReporter: Compat change id reported: 143937733; UID 10515; state: ENABLED
05-12 01:21:50.966  1245  1259 D CompatibilityChangeReporter: Compat change id reported: 168419799; UID 1073; state: DISABLED
05-12 01:21:50.966  1245  1259 D CompatibilityChangeReporter: Compat change id reported: 273564678; UID 1073; state: DISABLED
05-12 01:21:50.967  1437  1437 V WindowManagerShell: Adding init callback for DisplayChangeController
05-12 01:21:50.969  1437  1437 V WindowManagerShell: Adding init callback for DisplayController
05-12 01:21:50.969  1437  1437 V WindowManagerShell: Adding init callback for DisplayInsetsController
05-12 01:21:50.970  1437  1437 V WindowManagerShell: Adding init callback for DisplayImeController
05-12 01:21:50.971  1245  1259 D CompatibilityChangeReporter: Compat change id reported: 168419799; UID 1073; state: DISABLED
05-12 01:21:50.971  1437  1437 V WindowManagerShell: Adding init callback for ShellController
05-12 01:21:50.971  1245  1259 D CompatibilityChangeReporter: Compat change id reported: 273564678; UID 1073; state: DISABLED
05-12 01:21:50.973  1245  1279 I ActivityManager: Start proc 1587:com.android.permissioncontroller/u0a515 for service {com.android.permissioncontroller/com.android.permissioncontroller.role.service.RoleControllerServiceImpl}
05-12 01:21:50.974  1437  1437 V WindowManagerShell: Adding init callback for DragAndDropController
05-12 01:21:50.991  1437  1437 V WindowManagerShell: Adding init callback for CompatUIController
05-12 01:21:50.998  1245  1259 D CompatibilityChangeReporter: Compat change id reported: 168419799; UID 10515; state: DISABLED
05-12 01:21:50.998  1245  1259 D CompatibilityChangeReporter: Compat change id reported: 273564678; UID 10515; state: DISABLED
05-12 01:21:51.011  1437  1437 V WindowManagerShell: Adding init callback for RecentTasksController
05-12 01:21:51.012  1437  1437 V WindowManagerShell: Adding init callback for ShellTaskOrganizer
05-12 01:21:51.027  1437  1437 V WindowManagerShell: Adding init callback for OneHandedController
05-12 01:21:51.032  1437  1437 V WindowManagerShell: Adding init callback for DefaultTransitionHandler
05-12 01:21:51.032  1437  1437 V WindowManagerShell: addHandler: Default
05-12 01:21:51.032  1437  1437 V WindowManagerShell: addHandler: Remote
05-12 01:21:51.032  1437  1437 V WindowManagerShell: Adding init callback for Transitions
05-12 01:21:51.039  1437  1437 V WindowManagerShell: Adding init callback for BubbleController
05-12 01:21:51.045  1437  1437 V WindowManagerShell: Adding init callback for SplitScreenController
05-12 01:21:51.047  1245  1347 D CompatibilityChangeReporter: Compat change id reported: 161145287; UID 10499; state: DISABLED
05-12 01:21:51.055  1437  1437 V WindowManagerShell: Adding init callback for PipTouchHandler
05-12 01:21:51.056  1437  1437 V WindowManagerShell: Adding init callback for DevicePostureController
05-12 01:21:51.056  1437  1437 V WindowManagerShell: Adding init callback for TabletopModeController
05-12 01:21:51.057  1437  1437 V WindowManagerShell: Adding init callback for PipController
05-12 01:21:51.060  1437  1437 V WindowManagerShell: Adding init callback for FullscreenTaskListener
05-12 01:21:51.065  1437  1437 V WindowManagerShell: Adding init callback for StartingWindowController
05-12 01:21:51.065  1437  1437 V WindowManagerShell: Adding init callback for ProtoLogController
05-12 01:21:51.066  1437  1437 V WindowManagerShell: Adding init callback for KidsModeTaskOrganizer
05-12 01:21:51.069  1437  1437 V WindowManagerShell: Adding init callback for BackAnimationController
05-12 01:21:51.069  1437  1566 V WindowManagerShell: Initializing Shell Components: 23
