05-12 01:21:52.600  1245  1317 D CompatibilityChangeReporter: Compat change id reported: 218533173; UID 10505; state: ENABLED
05-12 01:21:52.601  1245  1317 D CompatibilityChangeReporter: Compat change id reported: 218533173; UID 10060; state: ENABLED
05-12 01:21:52.601  1245  1317 D CompatibilityChangeReporter: Compat change id reported: 218533173; UID 10076; state: ENABLED
05-12 01:21:52.601  1245  1317 D CompatibilityChangeReporter: Compat change id reported: 218533173; UID 10220; state: ENABLED
05-12 01:21:52.602  1245  1317 D CompatibilityChangeReporter: Compat change id reported: 218533173; UID 10266; state: ENABLED
05-12 01:21:52.602  1245  1317 D CompatibilityChangeReporter: Compat change id reported: 218533173; UID 10407; state: ENABLED
05-12 01:21:52.603  1245  1317 D CompatibilityChangeReporter: Compat change id reported: 218533173; UID 10457; state: ENABLED
05-12 01:21:52.603  1245  1317 D CompatibilityChangeReporter: Compat change id reported: 218533173; UID 10439; state: ENABLED
05-12 01:21:52.603  1245  1317 D CompatibilityChangeReporter: Compat change id reported: 218533173; UID 10191; state: ENABLED
05-12 01:21:52.604  1245  1317 D CompatibilityChangeReporter: Compat change id reported: 218533173; UID 10346; state: ENABLED
05-12 01:21:52.604  1245  1317 D CompatibilityChangeReporter: Compat change id reported: 218533173; UID 10201; state: ENABLED
05-12 01:21:52.604  1245  1317 D CompatibilityChangeReporter: Compat change id reported: 218533173; UID 10054; state: ENABLED
05-12 01:21:52.604  1245  1317 D CompatibilityChangeReporter: Compat change id reported: 218533173; UID 10015; state: ENABLED
05-12 01:21:52.605  1245  1317 D CompatibilityChangeReporter: Compat change id reported: 218533173; UID 10017; state: ENABLED
05-12 01:21:52.605  1245  1317 D CompatibilityChangeReporter: Compat change id reported: 218533173; UID 10025; state: ENABLED
05-12 01:21:52.605  1245  1317 D CompatibilityChangeReporter: Compat change id reported: 218533173; UID 10345; state: ENABLED
05-12 01:21:52.606  1245  1317 D CompatibilityChangeReporter: Compat change id reported: 218533173; UID 10210; state: ENABLED
05-12 01:21:52.606  1245  1317 D CompatibilityChangeReporter: Compat change id reported: 218533173; UID 10167; state: ENABLED
05-12 01:21:52.606  1245  1317 D CompatibilityChangeReporter: Compat change id reported: 218533173; UID 10426; state: ENABLED
05-12 01:21:52.607  1245  1317 D CompatibilityChangeReporter: Compat change id reported: 218533173; UID 10246; state: ENABLED
05-12 01:21:52.607  1245  1317 D CompatibilityChangeReporter: Compat change id reported: 218533173; UID 10190; state: ENABLED
05-12 01:21:52.607  1245  1317 D CompatibilityChangeReporter: Compat change id reported: 218533173; UID 10283; state: ENABLED
05-12 01:21:52.607  1245  1317 D CompatibilityChangeReporter: Compat change id reported: 218533173; UID 10204; state: ENABLED
05-12 01:21:52.608  1245  1317 D CompatibilityChangeReporter: Compat change id reported: 218533173; UID 10271; state: ENABLED
05-12 01:21:52.608  1245  1317 D CompatibilityChangeReporter: Compat change id reported: 218533173; UID 10128; state: ENABLED
05-12 01:21:52.608  1245  1317 D CompatibilityChangeReporter: Compat change id reported: 218533173; UID 10196; state: ENABLED
05-12 01:21:52.608  1245  1317 D CompatibilityChangeReporter: Compat change id reported: 218533173; UID 10241; state: ENABLED
05-12 01:21:52.609  1245  1317 D CompatibilityChangeReporter: Compat change id reported: 218533173; UID 10411; state: ENABLED
05-12 01:21:52.612  1245  1317 D CompatibilityChangeReporter: Compat change id reported: 218533173; UID 10023; state: ENABLED
05-12 01:21:52.613  1245  1317 D CompatibilityChangeReporter: Compat change id reported: 218533173; UID 10187; state: ENABLED
05-12 01:21:52.613  1245  1317 D CompatibilityChangeReporter: Compat change id reported: 218533173; UID 10142; state: ENABLED
05-12 01:21:52.614  1245  1317 D CompatibilityChangeReporter: Compat change id reported: 218533173; UID 10425; state: ENABLED
05-12 01:21:52.614  1245  1317 D CompatibilityChangeReporter: Compat change id reported: 218533173; UID 10198; state: ENABLED
05-12 01:21:52.614  1245  1317 D CompatibilityChangeReporter: Compat change id reported: 218533173; UID 10511; state: ENABLED
05-12 01:21:52.615  1245  1317 D CompatibilityChangeReporter: Compat change id reported: 218533173; UID 10082; state: ENABLED
05-12 01:21:52.615  1245  1317 D CompatibilityChangeReporter: Compat change id reported: 218533173; UID 10240; state: ENABLED
05-12 01:21:52.615  1245  1317 D CompatibilityChangeReporter: Compat change id reported: 218533173; UID 10124; state: ENABLED
05-12 01:21:52.615  1245  1317 D CompatibilityChangeReporter: Compat change id reported: 218533173; UID 10207; state: ENABLED
05-12 01:21:52.616  1245  1317 D CompatibilityChangeReporter: Compat change id reported: 218533173; UID 10306; state: ENABLED
05-12 01:21:52.616  1245  1317 D CompatibilityChangeReporter: Compat change id reported: 218533173; UID 10217; state: ENABLED
05-12 01:21:52.616  1245  1317 D CompatibilityChangeReporter: Compat change id reported: 218533173; UID 10152; state: ENABLED
05-12 01:21:52.616  1245  1317 D CompatibilityChangeReporter: Compat change id reported: 218533173; UID 10209; state: ENABLED
05-12 01:21:52.617  1245  1317 D CompatibilityChangeReporter: Compat change id reported: 218533173; UID 10261; state: ENABLED
05-12 01:21:52.617  1245  1317 D CompatibilityChangeReporter: Compat change id reported: 218533173; UID 10053; state: ENABLED
05-12 01:21:52.617  1245  1317 D CompatibilityChangeReporter: Compat change id reported: 218533173; UID 10435; state: ENABLED
05-12 01:21:52.617  1245  1317 D CompatibilityChangeReporter: Compat change id reported: 218533173; UID 10487; state: ENABLED
05-12 01:21:52.618  1245  1317 D CompatibilityChangeReporter: Compat change id reported: 218533173; UID 10386; state: ENABLED
05-12 01:21:52.618  1245  1317 D CompatibilityChangeReporter: Compat change id reported: 218533173; UID 10483; state: ENABLED
05-12 01:21:52.618  1245  1317 D CompatibilityChangeReporter: Compat change id reported: 218533173; UID 10247; state: ENABLED
05-12 01:21:52.618  1245  1317 D CompatibilityChangeReporter: Compat change id reported: 218533173; UID 10423; state: ENABLED
05-12 01:21:52.619  1245  1317 D CompatibilityChangeReporter: Compat change id reported: 218533173; UID 10479; state: ENABLED
05-12 01:21:52.619  1245  1317 D CompatibilityChangeReporter: Compat change id reported: 218533173; UID 10068; state: ENABLED
05-12 01:21:52.619  1245  1317 D CompatibilityChangeReporter: Compat change id reported: 218533173; UID 10171; state: ENABLED
05-12 01:21:52.619  1245  1317 D CompatibilityChangeReporter: Compat change id reported: 218533173; UID 10419; state: ENABLED
05-12 01:21:52.620  1245  1317 D CompatibilityChangeReporter: Compat change id reported: 218533173; UID 10249; state: ENABLED
05-12 01:21:52.620  1245  1317 D CompatibilityChangeReporter: Compat change id reported: 218533173; UID 10465; state: DISABLED
05-12 01:21:52.620  1245  1317 D CompatibilityChangeReporter: Compat change id reported: 218533173; UID 10065; state: ENABLED
05-12 01:21:52.620  1245  1317 D CompatibilityChangeReporter: Compat change id reported: 218533173; UID 10039; state: ENABLED
05-12 01:21:52.620  1245  1317 D CompatibilityChangeReporter: Compat change id reported: 218533173; UID 10332; state: ENABLED
05-12 01:21:52.621  1245  1317 D CompatibilityChangeReporter: Compat change id reported: 218533173; UID 10373; state: ENABLED
05-12 01:21:52.621  1245  1317 D CompatibilityChangeReporter: Compat change id reported: 218533173; UID 10084; state: ENABLED
05-12 01:21:52.621  1245  1317 D CompatibilityChangeReporter: Compat change id reported: 218533173; UID 10029; state: ENABLED
05-12 01:21:52.622  1245  1317 D CompatibilityChangeReporter: Compat change id reported: 218533173; UID 10248; state: ENABLED
05-12 01:21:52.622  1245  1317 D CompatibilityChangeReporter: Compat change id reported: 218533173; UID 10370; state: ENABLED
05-12 01:21:52.622  1245  1317 D CompatibilityChangeReporter: Compat change id reported: 218533173; UID 10013; state: ENABLED
05-12 01:21:52.622  1245  1317 D CompatibilityChangeReporter: Compat change id reported: 218533173; UID 10365; state: ENABLED
05-12 01:21:52.623  1245  1317 D CompatibilityChangeReporter: Compat change id reported: 218533173; UID 10352; state: ENABLED
05-12 01:21:52.623  1245  1317 D CompatibilityChangeReporter: Compat change id reported: 218533173; UID 10500; state: ENABLED
05-12 01:21:52.623  1245  1317 D CompatibilityChangeReporter: Compat change id reported: 218533173; UID 10353; state: ENABLED
05-12 01:21:52.623  1245  1317 D CompatibilityChangeReporter: Compat change id reported: 218533173; UID 10154; state: ENABLED
05-12 01:21:52.623  1245  1317 D CompatibilityChangeReporter: Compat change id reported: 218533173; UID 10108; state: ENABLED
05-12 01:21:52.624  1245  1317 D CompatibilityChangeReporter: Compat change id reported: 218533173; UID 10420; state: ENABLED
05-12 01:21:52.624  1245  1317 D CompatibilityChangeReporter: Compat change id reported: 218533173; UID 10117; state: ENABLED
05-12 01:21:52.624  1245  1317 D CompatibilityChangeReporter: Compat change id reported: 218533173; UID 10113; state: ENABLED
05-12 01:21:52.625  1245  1317 D CompatibilityChangeReporter: Compat change id reported: 218533173; UID 10038; state: ENABLED
05-12 01:21:52.625  1245  1317 D CompatibilityChangeReporter: Compat change id reported: 218533173; UID 10286; state: ENABLED
05-12 01:21:52.625  1245  1317 D CompatibilityChangeReporter: Compat change id reported: 218533173; UID 10513; state: ENABLED
05-12 01:21:52.625  1245  1317 D CompatibilityChangeReporter: Compat change id reported: 218533173; UID 10574; state: ENABLED
05-12 01:21:52.626  1245  1317 D CompatibilityChangeReporter: Compat change id reported: 218533173; UID 10287; state: ENABLED
05-12 01:21:52.626  1245  1317 D CompatibilityChangeReporter: Compat change id reported: 218533173; UID 10006; state: ENABLED
05-12 01:21:52.626  1245  1317 D CompatibilityChangeReporter: Compat change id reported: 218533173; UID 10391; state: ENABLED
05-12 01:21:52.627  1245  1317 D CompatibilityChangeReporter: Compat change id reported: 218533173; UID 10354; state: ENABLED
05-12 01:21:52.627  1245  1317 D CompatibilityChangeReporter: Compat change id reported: 218533173; UID 10527; state: ENABLED
05-12 01:21:52.627  1245  1317 D CompatibilityChangeReporter: Compat change id reported: 218533173; UID 10452; state: ENABLED
05-12 01:21:52.627  1245  1317 D CompatibilityChangeReporter: Compat change id reported: 218533173; UID 10103; state: ENABLED
05-12 01:21:52.628  1245  1317 D CompatibilityChangeReporter: Compat change id reported: 218533173; UID 10362; state: ENABLED
05-12 01:21:52.628  1245  1317 D CompatibilityChangeReporter: Compat change id reported: 218533173; UID 10057; state: ENABLED
05-12 01:21:52.628  1245  1317 D CompatibilityChangeReporter: Compat change id reported: 218533173; UID 10272; state: ENABLED
05-12 01:21:52.629  1245  1317 D CompatibilityChangeReporter: Compat change id reported: 218533173; UID 10361; state: ENABLED
05-12 01:21:52.629  1245  1317 D CompatibilityChangeReporter: Compat change id reported: 218533173; UID 10215; state: ENABLED
05-12 01:21:52.629  1245  1317 D CompatibilityChangeReporter: Compat change id reported: 218533173; UID 10034; state: ENABLED
05-12 01:21:52.630  1245  1317 D CompatibilityChangeReporter: Compat change id reported: 218533173; UID 10494; state: ENABLED
05-12 01:21:52.630  1245  1317 D CompatibilityChangeReporter: Compat change id reported: 218533173; UID 10318; state: ENABLED
05-12 01:21:52.630  1245  1317 D CompatibilityChangeReporter: Compat change id reported: 218533173; UID 10078; state: ENABLED
05-12 01:21:52.630  1245  1317 D CompatibilityChangeReporter: Compat change id reported: 218533173; UID 10073; state: ENABLED
05-12 01:21:52.631  1245  1317 D CompatibilityChangeReporter: Compat change id reported: 218533173; UID 10441; state: DISABLED
05-12 01:21:52.631  1245  1317 D CompatibilityChangeReporter: Compat change id reported: 218533173; UID 10086; state: ENABLED
05-12 01:21:52.631  1245  1317 D CompatibilityChangeReporter: Compat change id reported: 218533173; UID 10135; state: ENABLED
05-12 01:21:52.631  1245  1317 D CompatibilityChangeReporter: Compat change id reported: 218533173; UID 10329; state: ENABLED
05-12 01:21:52.631  1245  1317 D CompatibilityChangeReporter: Compat change id reported: 171306433; UID 10551; state: ENABLED
05-12 01:21:52.632  1245  1317 D CompatibilityChangeReporter: Compat change id reported: 226439802; UID 10551; state: DISABLED
05-12 01:21:52.632  1245  1317 D CompatibilityChangeReporter: Compat change id reported: 218533173; UID 10265; state: ENABLED
05-12 01:21:52.632  1245  1317 D CompatibilityChangeReporter: Compat change id reported: 218533173; UID 10295; state: ENABLED
05-12 01:21:52.632  1245  1317 D CompatibilityChangeReporter: Compat change id reported: 218533173; UID 10381; state: ENABLED
05-12 01:21:52.633  1245  1317 D CompatibilityChangeReporter: Compat change id reported: 218533173; UID 10067; state: ENABLED
05-12 01:21:52.633  1245  1317 D CompatibilityChangeReporter: Compat change id reported: 218533173; UID 10172; state: ENABLED
05-12 01:21:52.633  1245  1317 D CompatibilityChangeReporter: Compat change id reported: 218533173; UID 10405; state: ENABLED
05-12 01:21:52.633  1245  1317 D CompatibilityChangeReporter: Compat change id reported: 218533173; UID 10160; state: ENABLED
05-12 01:21:52.633  1245  1317 D CompatibilityChangeReporter: Compat change id reported: 218533173; UID 10024; state: ENABLED
05-12 01:21:52.634  1245  1317 D CompatibilityChangeReporter: Compat change id reported: 218533173; UID 10355; state: ENABLED
05-12 01:21:52.634  1245  1317 D CompatibilityChangeReporter: Compat change id reported: 218533173; UID 10375; state: ENABLED
05-12 01:21:52.634  1245  1317 D CompatibilityChangeReporter: Compat change id reported: 218533173; UID 10119; state: ENABLED
05-12 01:21:52.634  1245  1317 D CompatibilityChangeReporter: Compat change id reported: 218533173; UID 10275; state: ENABLED
05-12 01:21:52.634  1245  1317 D CompatibilityChangeReporter: Compat change id reported: 218533173; UID 10166; state: ENABLED
05-12 01:21:52.635  1245  1317 D CompatibilityChangeReporter: Compat change id reported: 218533173; UID 10106; state: ENABLED
05-12 01:21:52.635  1245  1317 D CompatibilityChangeReporter: Compat change id reported: 218533173; UID 10008; state: ENABLED
05-12 01:21:52.635  1245  1317 D CompatibilityChangeReporter: Compat change id reported: 218533173; UID 10144; state: ENABLED
05-12 01:21:52.635  1245  1317 D CompatibilityChangeReporter: Compat change id reported: 218533173; UID 10309; state: ENABLED
05-12 01:21:52.636  1245  1317 D CompatibilityChangeReporter: Compat change id reported: 218533173; UID 10433; state: ENABLED
05-12 01:21:52.636  1245  1317 D CompatibilityChangeReporter: Compat change id reported: 218533173; UID 10343; state: ENABLED
05-12 01:21:52.636  1245  1317 D CompatibilityChangeReporter: Compat change id reported: 218533173; UID 10236; state: ENABLED
05-12 01:21:52.636  1245  1317 D CompatibilityChangeReporter: Compat change id reported: 218533173; UID 10245; state: ENABLED
05-12 01:21:52.637  1245  1317 D CompatibilityChangeReporter: Compat change id reported: 218533173; UID 10348; state: ENABLED
05-12 01:21:52.637  1245  1317 D CompatibilityChangeReporter: Compat change id reported: 218533173; UID 10469; state: ENABLED
05-12 01:21:52.637  1245  1317 D CompatibilityChangeReporter: Compat change id reported: 218533173; UID 10374; state: ENABLED
05-12 01:21:52.637  1245  1317 D CompatibilityChangeReporter: Compat change id reported: 218533173; UID 10089; state: ENABLED
05-12 01:21:52.638  1245  1317 D CompatibilityChangeReporter: Compat change id reported: 171306433; UID 10449; state: ENABLED
05-12 01:21:52.638  1245  1317 D CompatibilityChangeReporter: Compat change id reported: 226439802; UID 10449; state: DISABLED
05-12 01:21:52.638  1245  1317 D CompatibilityChangeReporter: Compat change id reported: 218533173; UID 10453; state: ENABLED
05-12 01:21:52.638  1245  1317 D CompatibilityChangeReporter: Compat change id reported: 218533173; UID 10371; state: ENABLED
05-12 01:21:52.639  1245  1317 D CompatibilityChangeReporter: Compat change id reported: 218533173; UID 10031; state: ENABLED
05-12 01:21:52.639  1245  1317 D CompatibilityChangeReporter: Compat change id reported: 218533173; UID 10490; state: ENABLED
05-12 01:21:52.639  1245  1317 D CompatibilityChangeReporter: Compat change id reported: 218533173; UID 10390; state: ENABLED
05-12 01:21:52.640  1245  1317 D CompatibilityChangeReporter: Compat change id reported: 218533173; UID 10394; state: ENABLED
05-12 01:21:52.640  1245  1317 D CompatibilityChangeReporter: Compat change id reported: 218533173; UID 10504; state: DISABLED
05-12 01:21:52.640  1245  1317 D CompatibilityChangeReporter: Compat change id reported: 218533173; UID 10384; state: ENABLED
05-12 01:21:52.641  1245  1317 D CompatibilityChangeReporter: Compat change id reported: 218533173; UID 10378; state: ENABLED
05-12 01:21:52.641  1245  1317 D CompatibilityChangeReporter: Compat change id reported: 218533173; UID 10401; state: ENABLED
05-12 01:21:52.641  1245  1317 D CompatibilityChangeReporter: Compat change id reported: 218533173; UID 10403; state: ENABLED
05-12 01:21:52.642  1245  1317 D CompatibilityChangeReporter: Compat change id reported: 218533173; UID 10397; state: ENABLED
05-12 01:21:52.642  1245  1317 D CompatibilityChangeReporter: Compat change id reported: 218533173; UID 10356; state: ENABLED
05-12 01:21:52.643  1245  1317 D CompatibilityChangeReporter: Compat change id reported: 218533173; UID 10300; state: ENABLED
05-12 01:21:52.643  1245  1317 D CompatibilityChangeReporter: Compat change id reported: 218533173; UID 10010; state: ENABLED
05-12 01:21:52.643  1245  1317 D CompatibilityChangeReporter: Compat change id reported: 218533173; UID 10322; state: ENABLED
05-12 01:21:52.644  1245  1317 D CompatibilityChangeReporter: Compat change id reported: 218533173; UID 10331; state: ENABLED
05-12 01:21:52.644  1245  1317 D CompatibilityChangeReporter: Compat change id reported: 218533173; UID 10358; state: ENABLED
05-12 01:21:52.645  1245  1317 D CompatibilityChangeReporter: Compat change id reported: 218533173; UID 10387; state: ENABLED
05-12 01:21:52.645  1245  1317 D CompatibilityChangeReporter: Compat change id reported: 218533173; UID 10043; state: ENABLED
05-12 01:21:52.646  1245  1317 D CompatibilityChangeReporter: Compat change id reported: 218533173; UID 10042; state: ENABLED
05-12 01:21:52.646  1245  1317 D CompatibilityChangeReporter: Compat change id reported: 218533173; UID 10529; state: ENABLED
05-12 01:21:52.646  1245  1317 D CompatibilityChangeReporter: Compat change id reported: 218533173; UID 10323; state: ENABLED
05-12 01:21:52.647  1245  1317 D CompatibilityChangeReporter: Compat change id reported: 218533173; UID 10048; state: ENABLED
05-12 01:21:52.647  1245  1317 D CompatibilityChangeReporter: Compat change id reported: 218533173; UID 10174; state: ENABLED
05-12 01:21:52.648  1245  1317 D CompatibilityChangeReporter: Compat change id reported: 218533173; UID 10216; state: ENABLED
05-12 01:21:52.648  1245  1317 D CompatibilityChangeReporter: Compat change id reported: 218533173; UID 10238; state: ENABLED
05-12 01:21:52.648  1245  1317 D CompatibilityChangeReporter: Compat change id reported: 218533173; UID 10130; state: ENABLED
05-12 01:21:52.649  1245  1317 D CompatibilityChangeReporter: Compat change id reported: 218533173; UID 10492; state: DISABLED
05-12 01:21:52.649  1245  1317 D CompatibilityChangeReporter: Compat change id reported: 218533173; UID 10115; state: ENABLED
05-12 01:21:52.649  1245  1317 D CompatibilityChangeReporter: Compat change id reported: 218533173; UID 10020; state: ENABLED
05-12 01:21:52.649  1245  1317 D CompatibilityChangeReporter: Compat change id reported: 218533173; UID 10203; state: ENABLED
05-12 01:21:52.650  1245  1317 D CompatibilityChangeReporter: Compat change id reported: 218533173; UID 10077; state: ENABLED
05-12 01:21:52.650  1245  1317 D CompatibilityChangeReporter: Compat change id reported: 218533173; UID 10410; state: ENABLED
05-12 01:21:52.650  1245  1317 D CompatibilityChangeReporter: Compat change id reported: 218533173; UID 10326; state: ENABLED
05-12 01:21:52.650  1245  1317 D CompatibilityChangeReporter: Compat change id reported: 218533173; UID 10111; state: ENABLED
05-12 01:21:52.651  1245  1317 D CompatibilityChangeReporter: Compat change id reported: 218533173; UID 10460; state: ENABLED
05-12 01:21:52.651  1245  1317 D CompatibilityChangeReporter: Compat change id reported: 218533173; UID 10472; state: DISABLED
05-12 01:21:52.651  1245  1317 D CompatibilityChangeReporter: Compat change id reported: 218533173; UID 10509; state: ENABLED
05-12 01:21:52.652  1245  1317 D CompatibilityChangeReporter: Compat change id reported: 218533173; UID 10382; state: ENABLED
05-12 01:21:52.653  1245  1317 D CompatibilityChangeReporter: Compat change id reported: 218533173; UID 10516; state: ENABLED
05-12 01:21:52.653  1245  1317 D CompatibilityChangeReporter: Compat change id reported: 218533173; UID 10072; state: ENABLED
05-12 01:21:52.653  1245  1317 D CompatibilityChangeReporter: Compat change id reported: 171306433; UID 10501; state: ENABLED
05-12 01:21:52.653  1245  1317 D CompatibilityChangeReporter: Compat change id reported: 226439802; UID 10501; state: DISABLED
05-12 01:21:52.653  1245  1317 D CompatibilityChangeReporter: Compat change id reported: 218533173; UID 10000; state: ENABLED
05-12 01:21:52.654  1245  1317 D CompatibilityChangeReporter: Compat change id reported: 218533173; UID 10334; state: ENABLED
05-12 01:21:52.654  1245  1317 D CompatibilityChangeReporter: Compat change id reported: 218533173; UID 10094; state: ENABLED
05-12 01:21:52.654  1245  1317 D CompatibilityChangeReporter: Compat change id reported: 218533173; UID 10028; state: ENABLED
05-12 01:21:52.654  1245  1317 D CompatibilityChangeReporter: Compat change id reported: 218533173; UID 10506; state: ENABLED
05-12 01:21:52.655  1245  1317 D CompatibilityChangeReporter: Compat change id reported: 218533173; UID 10486; state: ENABLED
05-12 01:21:52.655  1245  1317 D CompatibilityChangeReporter: Compat change id reported: 218533173; UID 10312; state: ENABLED
05-12 01:21:52.655  1245  1317 D CompatibilityChangeReporter: Compat change id reported: 218533173; UID 10109; state: ENABLED
05-12 01:21:52.656  1245  1317 D CompatibilityChangeReporter: Compat change id reported: 218533173; UID 10164; state: ENABLED
05-12 01:21:52.656  1245  1317 D CompatibilityChangeReporter: Compat change id reported: 218533173; UID 10383; state: ENABLED
05-12 01:21:52.656  1245  1317 D CompatibilityChangeReporter: Compat change id reported: 218533173; UID 10499; state: ENABLED
05-12 01:21:52.657  1245  1317 D CompatibilityChangeReporter: Compat change id reported: 218533173; UID 10436; state: ENABLED
05-12 01:21:52.657  1245  1317 D CompatibilityChangeReporter: Compat change id reported: 218533173; UID 10104; state: ENABLED
05-12 01:21:52.657  1245  1317 D CompatibilityChangeReporter: Compat change id reported: 218533173; UID 10406; state: ENABLED
05-12 01:21:52.657  1245  1317 D CompatibilityChangeReporter: Compat change id reported: 218533173; UID 10200; state: ENABLED
05-12 01:21:52.657  1245  1317 D CompatibilityChangeReporter: Compat change id reported: 218533173; UID 10349; state: ENABLED
05-12 01:21:52.658  1245  1317 D CompatibilityChangeReporter: Compat change id reported: 218533173; UID 10090; state: ENABLED
05-12 01:21:52.658  1245  1317 D CompatibilityChangeReporter: Compat change id reported: 218533173; UID 10515; state: DISABLED
05-12 01:21:52.658  1245  1317 D CompatibilityChangeReporter: Compat change id reported: 218533173; UID 10324; state: ENABLED
05-12 01:21:52.658  1245  1317 D CompatibilityChangeReporter: Compat change id reported: 218533173; UID 10177; state: ENABLED
05-12 01:21:52.659  1245  1317 D CompatibilityChangeReporter: Compat change id reported: 218533173; UID 10376; state: ENABLED
05-12 01:21:52.659  1245  1317 D CompatibilityChangeReporter: Compat change id reported: 218533173; UID 10398; state: ENABLED
05-12 01:21:52.659  1245  1317 D CompatibilityChangeReporter: Compat change id reported: 218533173; UID 10091; state: ENABLED
05-12 01:21:52.660  1245  1317 D CompatibilityChangeReporter: Compat change id reported: 218533173; UID 10081; state: ENABLED
05-12 01:21:52.660  1245  1317 D CompatibilityChangeReporter: Compat change id reported: 218533173; UID 10211; state: ENABLED
05-12 01:21:52.660  1245  1317 D CompatibilityChangeReporter: Compat change id reported: 218533173; UID 10290; state: ENABLED
05-12 01:21:52.661  1245  1317 D CompatibilityChangeReporter: Compat change id reported: 218533173; UID 10385; state: ENABLED
05-12 01:21:52.661  1245  1317 D CompatibilityChangeReporter: Compat change id reported: 218533173; UID 10379; state: ENABLED
05-12 01:21:52.661  1245  1317 D CompatibilityChangeReporter: Compat change id reported: 218533173; UID 10402; state: ENABLED
05-12 01:21:52.662  1245  1317 D CompatibilityChangeReporter: Compat change id reported: 218533173; UID 10404; state: ENABLED
05-12 01:21:52.662  1245  1317 D CompatibilityChangeReporter: Compat change id reported: 218533173; UID 10395; state: ENABLED
05-12 01:21:52.662  1245  1317 D CompatibilityChangeReporter: Compat change id reported: 218533173; UID 10357; state: ENABLED
05-12 01:21:52.663  1245  1317 D CompatibilityChangeReporter: Compat change id reported: 218533173; UID 10301; state: ENABLED
05-12 01:21:52.663  1245  1317 D CompatibilityChangeReporter: Compat change id reported: 218533173; UID 10012; state: ENABLED
05-12 01:21:52.663  1245  1317 D CompatibilityChangeReporter: Compat change id reported: 218533173; UID 10399; state: ENABLED
05-12 01:21:52.664  1245  1317 D CompatibilityChangeReporter: Compat change id reported: 218533173; UID 10145; state: ENABLED
05-12 01:21:52.664  1245  1317 D CompatibilityChangeReporter: Compat change id reported: 218533173; UID 10052; state: ENABLED
05-12 01:21:52.664  1245  1317 D CompatibilityChangeReporter: Compat change id reported: 218533173; UID 10116; state: ENABLED
05-12 01:21:52.664  1245  1317 D CompatibilityChangeReporter: Compat change id reported: 218533173; UID 10083; state: ENABLED
05-12 01:21:52.665  1245  1317 D CompatibilityChangeReporter: Compat change id reported: 218533173; UID 10118; state: ENABLED
05-12 01:21:52.665  1245  1317 D CompatibilityChangeReporter: Compat change id reported: 218533173; UID 10518; state: ENABLED
05-12 01:21:52.665  1245  1317 D CompatibilityChangeReporter: Compat change id reported: 218533173; UID 10158; state: ENABLED
05-12 01:21:52.666  1245  1317 D CompatibilityChangeReporter: Compat change id reported: 218533173; UID 10366; state: ENABLED
05-12 01:21:52.666  1245  1317 D CompatibilityChangeReporter: Compat change id reported: 218533173; UID 10070; state: ENABLED
05-12 01:21:52.666  1245  1317 D CompatibilityChangeReporter: Compat change id reported: 218533173; UID 10389; state: ENABLED
05-12 01:21:52.666  1245  1317 D CompatibilityChangeReporter: Compat change id reported: 218533173; UID 10282; state: ENABLED
05-12 01:21:52.667  1245  1317 D CompatibilityChangeReporter: Compat change id reported: 218533173; UID 10327; state: ENABLED
05-12 01:21:52.667  1245  1317 D CompatibilityChangeReporter: Compat change id reported: 218533173; UID 10437; state: ENABLED
05-12 01:21:52.667  1245  1317 D CompatibilityChangeReporter: Compat change id reported: 171306433; UID 10421; state: ENABLED
05-12 01:21:52.668  1245  1317 D CompatibilityChangeReporter: Compat change id reported: 226439802; UID 10421; state: DISABLED
05-12 01:21:52.668  1245  1317 D CompatibilityChangeReporter: Compat change id reported: 218533173; UID 10293; state: ENABLED
05-12 01:21:52.668  1245  1317 D CompatibilityChangeReporter: Compat change id reported: 218533173; UID 10197; state: ENABLED
05-12 01:21:52.668  1245  1317 D CompatibilityChangeReporter: Compat change id reported: 218533173; UID 10112; state: ENABLED
05-12 01:21:52.668  1245  1317 D CompatibilityChangeReporter: Compat change id reported: 218533173; UID 10235; state: ENABLED
05-12 01:21:52.669  1245  1317 D CompatibilityChangeReporter: Compat change id reported: 218533173; UID 10079; state: ENABLED
05-12 01:21:52.669  1245  1317 D CompatibilityChangeReporter: Compat change id reported: 218533173; UID 10314; state: ENABLED
05-12 01:21:52.669  1245  1317 D CompatibilityChangeReporter: Compat change id reported: 218533173; UID 10233; state: ENABLED
05-12 01:21:52.670  1245  1317 D CompatibilityChangeReporter: Compat change id reported: 218533173; UID 10284; state: ENABLED
05-12 01:21:52.670  1245  1317 D CompatibilityChangeReporter: Compat change id reported: 218533173; UID 10170; state: ENABLED
05-12 01:21:52.670  1245  1317 D CompatibilityChangeReporter: Compat change id reported: 218533173; UID 10269; state: ENABLED
05-12 01:21:52.670  1245  1317 D CompatibilityChangeReporter: Compat change id reported: 218533173; UID 10181; state: ENABLED
05-12 01:21:52.671  1245  1317 D CompatibilityChangeReporter: Compat change id reported: 218533173; UID 10212; state: ENABLED
05-12 01:21:52.671  1245  1317 D CompatibilityChangeReporter: Compat change id reported: 218533173; UID 10471; state: ENABLED
05-12 01:21:52.671  1245  1317 D CompatibilityChangeReporter: Compat change id reported: 218533173; UID 10302; state: ENABLED
05-12 01:21:52.671  1245  1317 D CompatibilityChangeReporter: Compat change id reported: 218533173; UID 10498; state: ENABLED
05-12 01:21:52.672  1245  1317 D CompatibilityChangeReporter: Compat change id reported: 218533173; UID 10237; state: ENABLED
05-12 01:21:52.672  1245  1317 D CompatibilityChangeReporter: Compat change id reported: 218533173; UID 10458; state: ENABLED
05-12 01:21:52.719  1245  1245 W Looper  : Slow dispatch took 123ms main h=android.app.ActivityThread$H c=null m=114
05-12 01:21:52.723  1245  1245 D CompatibilityChangeReporter: Compat change id reported: 161145287; UID 1000; state: DISABLED
05-12 01:21:52.737  1245  1245 D CompatibilityChangeReporter: Compat change id reported: 168419799; UID 1000; state: DISABLED
05-12 01:21:52.737  1245  1245 D CompatibilityChangeReporter: Compat change id reported: 273564678; UID 1000; state: DISABLED
05-12 01:21:52.746  1245  1245 I ConnectivityModuleConnector: Networking module service connected
05-12 01:21:52.749  1245  1245 I ConnectivityModuleConnector: Networking module service connected
05-12 01:21:52.751  1245  1245 I MR2ServiceImpl: addProviderRoutes | provider: com.android.server.media/.SystemMediaRoute2Provider, routes: [DEVICE_ROUTE | Phone]
05-12 01:21:52.753  1245  1245 W ActivityManager: Unbind failed: could not find connection for android.app.LoadedApk$ServiceDispatcher$InnerConnection@3817e91
05-12 01:21:52.754  1245  1245 W ActivityManager: Unbind failed: could not find connection for android.app.LoadedApk$ServiceDispatcher$InnerConnection@7d941f6
05-12 01:21:52.754  1245  1245 W ActivityManager: Unbind failed: could not find connection for android.app.LoadedApk$ServiceDispatcher$InnerConnection@3de39f7
05-12 01:21:52.754  1245  1245 W ActivityManager: Unbind failed: could not find connection for android.app.LoadedApk$ServiceDispatcher$InnerConnection@7522064
05-12 01:21:52.754  1245  1245 D WallpaperManagerService: WPMS.onServiceConnected-ComponentInfo{com.android.systemui/com.android.systemui.wallpapers.ImageWallpaper}
05-12 01:21:52.754  1245  1245 D WallpaperManagerService: WPMS.attachServiceLocked
05-12 01:21:52.754  1245  1245 D WallpaperManagerService: WPMS.onServiceConnected-ComponentInfo{com.android.systemui/com.android.systemui.wallpapers.ImageWallpaper}
05-12 01:21:52.754  1245  1245 D WallpaperManagerService: WPMS.attachServiceLocked
05-12 01:21:52.754  1245  1245 D WallpaperManagerService: WPMS.connectLocked-ComponentInfo{com.android.systemui/com.android.systemui.wallpapers.ImageWallpaper}
05-12 01:21:52.755  1245  1245 D WallpaperManagerService: WPMS.saveSettingsLocked-0
05-12 01:21:52.808  1245  1425 D CompatibilityChangeReporter: Compat change id reported: 161145287; UID 10496; state: DISABLED
05-12 01:21:52.955  1245  1423 D CompatibilityChangeReporter: Compat change id reported: 197654537; UID 1000; state: ENABLED
05-12 01:21:52.962  1245  1245 D AccessibilityManagerService: Ignoring non-encryption-aware service ComponentInfo{com.google.android.marvin.talkback/com.google.android.accessibility.accessibilitymenu.AccessibilityMenuService}
05-12 01:21:52.962  1245  1245 D AccessibilityManagerService: Ignoring non-encryption-aware service ComponentInfo{com.tempmail/com.tempmail.services.AutoFillAccessibilityService}
05-12 01:21:52.963  1245  1245 W WindowMagnificationMgr: requestConnection duplicated request: connect=false, mConnectionState=DISCONNECTED
05-12 01:21:52.963  1245  1245 W Looper  : Slow dispatch took 102ms main h=android.app.ActivityThread$H c=android.app.LoadedApk$ReceiverDispatcher$Args$$ExternalSyntheticLambda0@c705a26 m=0
05-12 01:21:52.964  1245  1245 D SystemServerTiming: ManagedServices.unbindOtherUserServices_current0
05-12 01:21:52.965  1245  1245 D SystemServerTiming: ManagedServices.unbindOtherUserServices_current0
05-12 01:21:52.965  1245  1245 V NotificationListeners: enabling notification listener for 0: ComponentInfo{com.android.launcher3/com.android.launcher3.notification.NotificationListener}
05-12 01:21:52.965  1245  1245 V NotificationListeners: binding: Intent { act=android.service.notification.NotificationListenerService cmp=com.android.launcher3/.notification.NotificationListener (has extras) }
05-12 01:21:52.966  1245  1245 W ActivityManager: Unable to start service Intent { act=android.service.notification.NotificationListenerService cmp=com.android.launcher3/.notification.NotificationListener } U=0: not found
05-12 01:21:52.966  1245  1245 W NotificationListeners: Unable to bind notification listener service: Intent { act=android.service.notification.NotificationListenerService cmp=com.android.launcher3/.notification.NotificationListener (has extras) } in user 0
05-12 01:21:52.966  1245  1245 V NotificationListeners: enabling notification listener for 0: ComponentInfo{com.google.android.projection.gearhead/com.google.android.gearhead.notifications.SharedNotificationListenerManager$ListenerService}
05-12 01:21:52.966  1245  1245 V NotificationListeners: binding: Intent { act=android.service.notification.NotificationListenerService cmp=com.google.android.projection.gearhead/com.google.android.gearhead.notifications.SharedNotificationListenerManager$ListenerService (has extras) }
05-12 01:21:52.966  1245  1245 W ActivityManager: Unable to start service Intent { act=android.service.notification.NotificationListenerService cmp=com.google.android.projection.gearhead/com.google.android.gearhead.notifications.SharedNotificationListenerManager$ListenerService } U=0: not found
05-12 01:21:52.966  1245  1245 W NotificationListeners: Unable to bind notification listener service: Intent { act=android.service.notification.NotificationListenerService cmp=com.google.android.projection.gearhead/com.google.android.gearhead.notifications.SharedNotificationListenerManager$ListenerService (has extras) } in user 0
05-12 01:21:52.966  1245  1245 V NotificationListeners: enabling notification listener for 0: ComponentInfo{com.google.android.as/com.google.android.apps.miphone.aiai.common.notification.service.AiAiNotificationListenerService}
05-12 01:21:52.966  1245  1245 V NotificationListeners: binding: Intent { act=android.service.notification.NotificationListenerService cmp=com.google.android.as/com.google.android.apps.miphone.aiai.common.notification.service.AiAiNotificationListenerService (has extras) }
05-12 01:21:52.967  1245  1245 W ActivityManager: Unable to start service Intent { act=android.service.notification.NotificationListenerService cmp=com.google.android.as/com.google.android.apps.miphone.aiai.common.notification.service.AiAiNotificationListenerService } U=0: not found
05-12 01:21:52.967  1245  1245 W NotificationListeners: Unable to bind notification listener service: Intent { act=android.service.notification.NotificationListenerService cmp=com.google.android.as/com.google.android.apps.miphone.aiai.common.notification.service.AiAiNotificationListenerService (has extras) } in user 0
05-12 01:21:52.967  1245  1245 D SystemServerTiming: ManagedServices.unbindOtherUserServices_current0
05-12 01:21:52.967  1245  1245 V NotificationAssistants: enabling notification assistant for 0: ComponentInfo{android.ext.services/android.ext.services.notification.Assistant}
05-12 01:21:52.967  1245  1245 V NotificationAssistants: binding: Intent { act=android.service.notification.NotificationAssistantService cmp=android.ext.services/.notification.Assistant (has extras) }
05-12 01:21:52.998  1245  1347 D CoreBackPreview: Window{53c6d9d u0 com.android.settings/com.android.settings.FallbackHome}: Setting back callback OnBackInvokedCallbackInfo{mCallback=android.window.IOnBackInvokedCallback$Stub$Proxy@e5f3e0, mPriority=-1}
05-12 01:21:53.005  1245  1258 D CompatibilityChangeReporter: Compat change id reported: 161145287; UID 10512; state: DISABLED
05-12 01:21:53.074  1245  1245 W Looper  : Slow dispatch took 104ms main h=android.app.ActivityThread$H c=android.app.LoadedApk$ReceiverDispatcher$Args$$ExternalSyntheticLambda0@5e3c3c2 m=0
05-12 01:21:53.078  1245  1271 D ActivityManagerTiming: FinishBooting
05-12 01:21:53.085  1245  1245 D ConditionProviders.SCP: onSubscribe condition://android/schedule?days=1.2.3.4.5.6.7&start=22.0&end=7.0&exitAtAlarm=true
05-12 01:21:53.085  1245  1245 D ConditionProviders.SCP: setRegistered true
05-12 01:21:53.087  1245  1373 D CompatibilityChangeReporter: Compat change id reported: 171306433; UID 1000; state: ENABLED
05-12 01:21:53.087  1245  1373 D CompatibilityChangeReporter: Compat change id reported: 218533173; UID 1000; state: ENABLED
05-12 01:21:53.087  1245  1271 W KeyguardServiceDelegate: onScreenTurningOn(): no keyguard service!
05-12 01:21:53.108  1245  1245 D ConditionProviders.SCP: evaluateSubscriptionLocked cal=ScheduleCalendar[mDays={1, 2, 3, 4, 5, 6, 7}, mSchedule=ScheduleInfo{days=[1, 2, 3, 4, 5, 6, 7], startHour=22, startMinute=0, endHour=7, endMinute=0, exitAtAlarm=true, nextAlarm=Thu Jan 01 05:30:00 GMT+05:30 1970 (0)}], now=Mon May 12 01:21:53 GMT+05:30 2025 (1746993113085), nextUserAlarmTime=Thu Jan 01 05:30:00 GMT+05:30 1970 (0)
05-12 01:21:53.108  1245  1245 D ConditionProviders.SCP: notifyCondition condition://android/schedule?days=1.2.3.4.5.6.7&start=22.0&end=7.0&exitAtAlarm=true STATE_TRUE reason=meetsSchedule
05-12 01:21:53.110  1245  1245 D ConditionProviders.SCP: Scheduling evaluate for Mon May 12 07:00:00 GMT+05:30 2025 (1747013400000), in +5h38m6s915ms, now=Mon May 12 01:21:53 GMT+05:30 2025 (1746993113085)
05-12 01:21:53.116  1245  1278 I DropBoxManagerService: add tag=system_server_wtf isTagEnabled=true flags=0x2
05-12 01:21:53.143  1245  1883 I Telecom : BluetoothRouteManager: getBluetoothAudioConnectedDevice: no service available.
05-12 01:21:53.145  1245  1245 I Telecom : SystemStateHelper: Registering broadcast receiver: android.content.IntentFilter@8e06266: TS.init@AAA
05-12 01:21:53.146  1245  1245 I Telecom : SystemStateHelper: Registering broadcast receiver: android.content.IntentFilter@66929a7: TS.init@AAA
05-12 01:21:53.154  1245  1887 I Telecom : Logging.Events: Non-call EVENT: AUDIO_ROUTE, Entering state QuiescentEarpieceRoute
05-12 01:21:53.154  1245  1887 I Telecom : BluetoothRouteManager: getBluetoothAudioConnectedDevice: no service available.
05-12 01:21:53.162  1245  1892 I Telecom : CallAudioModeStateMachine: Audio focus entering UNFOCUSED state
05-12 01:21:53.163  1245  1892 I Telecom : CallAudioModeStateMachine: Message received: null.: TS.init->CAMSM.pM_1@AAA
05-12 01:21:53.171  1245  1245 I Telecom : MissedCallNotifierImpl: reloadFromDatabase: Boot not yet complete -- call log db may not be available. Deferring loading until boot complete for user 0: TS.init@AAA
05-12 01:21:53.174  1245  1245 I Telecom : Class: TelecomSystem.INSTANCE being set
05-12 01:21:53.188  1245  1245 I ExplicitHealthCheckController: Explicit health check service is connected ComponentInfo{android.ext.services/android.ext.services.watchdog.ExplicitHealthCheckServiceImpl}
05-12 01:21:53.189  1245  1245 I ExplicitHealthCheckController: Service initialized, syncing requests
05-12 01:21:53.189  1245  1245 I ContentCaptureManagerService: Updating for user 0: disabled=false
05-12 01:21:53.190  1245  1245 E ContentCapturePerUserService: Bad service name: com.google.android.as/com.google.android.apps.miphone.aiai.app.AiAiContentCaptureService
05-12 01:21:53.191  1245  1245 E ContentCapturePerUserService: Bad service name: com.google.android.as/com.google.android.apps.miphone.aiai.app.AiAiContentCaptureService
05-12 01:21:53.191  1245  1245 E ContentCapturePerUserService: Bad service name: com.google.android.as/com.google.android.apps.miphone.aiai.app.AiAiContentCaptureService
05-12 01:21:53.191  1245  1245 I ContentSuggestionsManagerService: Updating for user 0: disabled=false
05-12 01:21:53.191  1245  1245 E ContentSuggestionsPerUserService: Bad service name: com.google.android.as/com.google.android.apps.miphone.aiai.app.AiAiContentSuggestionsService
05-12 01:21:53.192  1245  1245 I AutofillManagerService: Updating for user 0: disabled=false
05-12 01:21:53.192  1245  1245 E AutofillManagerServiceImpl: Bad service name: com.google.android.gms/.autofill.service.AutofillService
05-12 01:21:53.192  1245  1245 E RemoteAugmentedAutofillService: Bad service name for flags 1048704: com.google.android.as/com.google.android.apps.miphone.aiai.app.AiAiAugmentedAutofillService
05-12 01:21:53.194  1245  1245 V NotificationAssistants: 0 notification assistant service connected: ComponentInfo{android.ext.services/android.ext.services.notification.Assistant}
05-12 01:21:53.198  1245  1245 I Telecom : WiredHeadsetManager: ACTION_HEADSET_PLUG event, plugged in: false, : WHC.oADA@AAE
05-12 01:21:53.200  1245  1258 D ActivityTaskManager: Top Process State changed to PROCESS_STATE_TOP_SLEEPING
05-12 01:21:53.208  1245  1245 I MediaSessionStack: addSession to bottom of stack | record: com.android.server.telecom/HeadsetMediaButton (userId=0)
05-12 01:21:53.209  1245  1245 I MediaSessionStack: removeSession | record: com.android.server.telecom/HeadsetMediaButton (userId=0)
05-12 01:21:53.210  1245  1245 I PackageWatchdog: Syncing health check requests for packages: {}
05-12 01:21:53.210  1245  1245 D ExplicitHealthCheckController: Getting health check supported packages
05-12 01:21:53.214  1245  1245 W ActivityManager: Unable to start service Intent { act=android.service.contentcapture.ContentCaptureService cmp=com.google.android.as/com.google.android.apps.miphone.aiai.app.AiAiContentCaptureService } U=0: not found
05-12 01:21:53.214  1245  1245 W RemoteContentCaptureService: could not bind to Intent { act=android.service.contentcapture.ContentCaptureService cmp=com.google.android.as/com.google.android.apps.miphone.aiai.app.AiAiContentCaptureService } using flags 67112961
05-12 01:21:53.215  1245  1245 W ContentCapturePerUserService: remote service died: RemoteContentCaptureService[ComponentInfo{com.google.android.as/com.google.android.apps.miphone.aiai.app.AiAiContentCaptureService} 229590397 (unbound)]
05-12 01:21:53.217  1245  1245 W ActivityManager: Unbind failed: could not find connection for android.app.LoadedApk$ServiceDispatcher$InnerConnection@9011540
05-12 01:21:53.219  1245  1765 I ExplicitHealthCheckController: Explicit health check supported packages [PackageConfig{com.android.networkstack, 86400000}]
05-12 01:21:53.219  1245  1765 D PackageWatchdog: Received supported packages [PackageConfig{com.android.networkstack, 86400000}]
05-12 01:21:53.219  1245  1245 W ActivityManager: Unable to start service Intent { act=android.service.contentcapture.ContentCaptureService cmp=com.google.android.as/com.google.android.apps.miphone.aiai.app.AiAiContentCaptureService } U=0: not found
05-12 01:21:53.219  1245  1245 W RemoteContentCaptureService: could not bind to Intent { act=android.service.contentcapture.ContentCaptureService cmp=com.google.android.as/com.google.android.apps.miphone.aiai.app.AiAiContentCaptureService } using flags 67112961
05-12 01:21:53.219  1245  1765 D ExplicitHealthCheckController: Getting health check requested packages
05-12 01:21:53.220  1245  1245 W ContentCapturePerUserService: remote service died: RemoteContentCaptureService[ComponentInfo{com.google.android.as/com.google.android.apps.miphone.aiai.app.AiAiContentCaptureService} 10694175 (unbound)]
05-12 01:21:53.220  1245  1245 W ActivityManager: Unbind failed: could not find connection for android.app.LoadedApk$ServiceDispatcher$InnerConnection@882456c
05-12 01:21:53.221  1245  1423 I ExplicitHealthCheckController: Explicit health check requested packages []
05-12 01:21:53.222  1245  1423 I ExplicitHealthCheckController: No more health check requests, unbinding...
05-12 01:21:53.224  1245  1245 W Looper  : Drained
05-12 01:21:53.228  1245  1423 I ExplicitHealthCheckController: Explicit health check service is unbound
05-12 01:21:53.231  1414  1414 I HidlLazyUtils: Process has 1 (of 1 available) client(s) in use after notification android.hardware.wifi@1.3::IWifi/default has clients: 1
05-12 01:21:53.256  1245  1354 W BroadcastQueue: Background execution not allowed: receiving Intent { act=android.intent.action.ACTION_POWER_DISCONNECTED flg=0x4000010 (has extras) } to com.google.android.gms/.chimera.GmsIntentOperationService$PersistentTrustedReceiver
05-12 01:21:53.285  1245  1347 D CompatibilityChangeReporter: Compat change id reported: 161145287; UID 1001; state: DISABLED
05-12 01:21:53.327  1245  1347 I StatusBarManagerService: registerStatusBar bar=com.android.internal.statusbar.IStatusBar$Stub$Proxy@f9efc85
05-12 01:21:53.469  1245  1268 I UsbPortManager: USB HAL HIDL version: 11
05-12 01:21:53.594  1245  1268 I UsbPortManager: USB HAL HIDL version: 11
05-12 01:21:53.980  1245  1347 D CompatibilityChangeReporter: Compat change id reported: 182478738; UID 10499; state: ENABLED
05-12 01:21:54.011  1245  1765 D CompatibilityChangeReporter: Compat change id reported: 161252188; UID 10500; state: DISABLED
05-12 01:21:54.014  1245  1765 D CompatibilityChangeReporter: Compat change id reported: 135634846; UID 10500; state: DISABLED
05-12 01:21:54.014  1245  1765 D CompatibilityChangeReporter: Compat change id reported: 177438394; UID 10500; state: DISABLED
05-12 01:21:54.014  1245  1765 D CompatibilityChangeReporter: Compat change id reported: 135772972; UID 10500; state: DISABLED
05-12 01:21:54.015  1245  1765 D CompatibilityChangeReporter: Compat change id reported: 135754954; UID 10500; state: ENABLED
05-12 01:21:54.015  1245  1279 D CompatibilityChangeReporter: Compat change id reported: 143937733; UID 10500; state: ENABLED
05-12 01:21:54.023  1245  1765 D OomAdjuster: Not killing cached processes
05-12 01:21:54.027  1245  1279 I ActivityManager: Start proc 1942:com.android.smspush/u0a500 for service {com.android.smspush/com.android.smspush.WapPushManager}
05-12 01:21:54.053  1245  1258 D CompatibilityChangeReporter: Compat change id reported: 168419799; UID 10500; state: DISABLED
05-12 01:21:54.054  1245  1258 D CompatibilityChangeReporter: Compat change id reported: 273564678; UID 10500; state: DISABLED
05-12 01:21:54.114  1245  1423 D CompatibilityChangeReporter: Compat change id reported: 168419799; UID 1001; state: DISABLED
05-12 01:21:54.114  1245  1423 D CompatibilityChangeReporter: Compat change id reported: 273564678; UID 1001; state: DISABLED
05-12 01:21:54.131  1245  1347 D CompatibilityChangeReporter: Compat change id reported: 124107808; UID 1001; state: ENABLED
05-12 01:21:54.131  1245  1347 D CompatibilityChangeReporter: Compat change id reported: 124107808; UID 1001; state: DISABLED
05-12 01:21:54.147  1245  1258 D CompatibilityChangeReporter: Compat change id reported: 182478738; UID 1001; state: ENABLED
05-12 01:21:54.335  1245  1371 I VcnManagementService: new snapshot: TelephonySubscriptionSnapshot{ mActiveDataSubId=1, mSubIdToInfoMap={}, mSubIdToCarrierConfigMap={}, mPrivilegedPackages={} }
05-12 01:21:54.412  1245  1765 D CoreBackPreview: Window{609f287 u0 NavigationBar0}: Setting back callback OnBackInvokedCallbackInfo{mCallback=android.window.IOnBackInvokedCallback$Stub$Proxy@7634067, mPriority=0}
05-12 01:21:54.437  1245  1765 D CoreBackPreview: Window{1e044ae u0 EdgeBackGestureHandler0}: Setting back callback OnBackInvokedCallbackInfo{mCallback=android.window.IOnBackInvokedCallback$Stub$Proxy@d77b8ed, mPriority=0}
05-12 01:21:54.478  1245  1423 D CoreBackPreview: Window{a2a2765 u0 NotificationShade}: Setting back callback OnBackInvokedCallbackInfo{mCallback=android.window.IOnBackInvokedCallback$Stub$Proxy@93bdf9a, mPriority=0}
05-12 01:21:54.490  1245  1347 D CoreBackPreview: Window{4c023b6 u0 StatusBar}: Setting back callback OnBackInvokedCallbackInfo{mCallback=android.window.IOnBackInvokedCallback$Stub$Proxy@2dcfe97, mPriority=0}
05-12 01:21:54.540  1245  1765 D CustomFaceProvider: bindFaceAuthService 0
05-12 01:21:54.540  1245  1765 D CustomFaceProvider: FaceService disabled
05-12 01:21:54.541  1245  1347 D CustomFaceProvider: bindFaceAuthService 0
05-12 01:21:54.541  1245  1347 D CustomFaceProvider: FaceService disabled
05-12 01:21:54.629  1245  1258 D CustomFaceProvider: bindFaceAuthService 0
05-12 01:21:54.629  1245  1258 D CustomFaceProvider: FaceService disabled
