05-26 23:03:34.414   259   259 I (6)[259:dc_trim_thread]mt6358-sound mt6358_snd: calculate_trim_result(), offset diff = -24, on = 27750, off = 27774
05-26 23:03:34.414   259   259 I (6)[259:dc_trim_thread]mt6358-sound mt6358_snd: calculate_trim_result(), offset diff = -113, on = 27659, off = 27772
05-26 23:03:34.414   259   259 I (6)[259:dc_trim_thread]mt6358-sound mt6358_snd: calculate_trim_result(), offset diff = -114, on = 27659, off = 27773
05-26 23:03:34.414   259   259 I (6)[259:dc_trim_thread]mt6358-sound mt6358_snd: calculate_trim_result(), offset diff = -113, on = 27660, off = 27773
05-26 23:03:34.414   259   259 I (6)[259:dc_trim_thread]mt6358-sound mt6358_snd: calculate_trim_result(), offset diff = -112, on = 27662, off = 27774
05-26 23:03:34.414   259   259 I (6)[259:dc_trim_thread]mt6358-sound mt6358_snd: calculate_trim_result(), offset diff = -111, on = 27665, off = 27776
05-26 23:03:34.414   259   259 I (6)[259:dc_trim_thread]mt6358-sound mt6358_snd: hp_trim_offset(), trim offset L = -25, trim offset R = -113
05-26 23:03:34.424   259   259 I (6)[259:dc_trim_thread]mt6358-sound mt6358_snd: set_lr_trim_code(), step2 < 0 AUDDEC_ELR_0 = 0x1010, trimcode_tmp(L/R) = 1 / 1
05-26 23:03:34.424   259   259 I (6)[259:dc_trim_thread]mt6358-sound mt6358_snd: start_trim_hardware(), ++
05-26 23:03:34.444   259   259 I (7)[259:dc_trim_thread]mt6358-sound mt6358_snd: headset_volume_ramp(), from 18, to 8
05-26 23:03:34.452   259   259 I (7)[259:dc_trim_thread]mt6358-sound mt6358_snd: start_trim_hardware(), --
05-26 23:03:34.558   259   259 I (7)[259:dc_trim_thread]mt6358-sound mt6358_snd: stop_trim_hardware(), ++
05-26 23:03:34.562   259   259 I (7)[259:dc_trim_thread]mt6358-sound mt6358_snd: headset_volume_ramp(), from 8, to 18
05-26 23:03:34.585   259   259 I (7)[259:dc_trim_thread]mt6358-sound mt6358_snd: stop_trim_hardware(), --
05-26 23:03:34.585   259   259 I (7)[259:dc_trim_thread]mt6358-sound mt6358_snd: calculate_trim_result(), offset diff = 30, on = 27801, off = 27771
05-26 23:03:34.585   259   259 I (7)[259:dc_trim_thread]mt6358-sound mt6358_snd: calculate_trim_result(), offset diff = 29, on = 27804, off = 27775
05-26 23:03:34.585   259   259 I (7)[259:dc_trim_thread]mt6358-sound mt6358_snd: calculate_trim_result(), offset diff = 29, on = 27805, off = 27776
05-26 23:03:34.585   259   259 I (7)[259:dc_trim_thread]mt6358-sound mt6358_snd: calculate_trim_result(), offset diff = 28, on = 27805, off = 27777
05-26 23:03:34.585   259   259 I (7)[259:dc_trim_thread]mt6358-sound mt6358_snd: calculate_trim_result(), offset diff = 28, on = 27805, off = 27777
05-26 23:03:34.585   259   259 I (7)[259:dc_trim_thread]mt6358-sound mt6358_snd: calculate_trim_result(), offset diff = 2, on = 27782, off = 27780
05-26 23:03:34.585   259   259 I (7)[259:dc_trim_thread]mt6358-sound mt6358_snd: calculate_trim_result(), offset diff = 0, on = 27782, off = 27782
05-26 23:03:34.585   259   259 I (7)[259:dc_trim_thread]mt6358-sound mt6358_snd: calculate_trim_result(), offset diff = 0, on = 27782, off = 27782
05-26 23:03:34.585   259   259 I (7)[259:dc_trim_thread]mt6358-sound mt6358_snd: calculate_trim_result(), offset diff = 3, on = 27786, off = 27783
05-26 23:03:34.585   259   259 I (7)[259:dc_trim_thread]mt6358-sound mt6358_snd: calculate_trim_result(), offset diff = -1, on = 27786, off = 27787
05-26 23:03:34.585   259   259 I (7)[259:dc_trim_thread]mt6358-sound mt6358_snd: hp_trim_offset(), trim offset L = 29, trim offset R = 1
05-26 23:03:34.595   259   259 I (7)[259:dc_trim_thread]mt6358-sound mt6358_snd: set_lr_trim_code(), step2 result AUDDEC_ELR_0 = 0x1011, trimcode(L/R) = 1 / 1
05-26 23:03:34.595   259   259 I (7)[259:dc_trim_thread]mt6358-sound mt6358_snd: start_trim_hardware(), ++
05-26 23:03:34.609   368   368 I (2)[368:apexd]EXT4-fs (loop0): mounted filesystem without journal. Opts: (null)
05-26 23:03:34.615   259   259 I (7)[259:dc_trim_thread]mt6358-sound mt6358_snd: headset_volume_ramp(), from 18, to 8
05-26 23:03:34.623   259   259 I (7)[259:dc_trim_thread]mt6358-sound mt6358_snd: start_trim_hardware(), --
05-26 23:03:34.721   368   368 I (6)[368:apexd]EXT4-fs (loop1): mounted filesystem without journal. Opts: (null)
05-26 23:03:34.734   259   259 I (7)[259:dc_trim_thread]mt6358-sound mt6358_snd: stop_trim_hardware(), ++
05-26 23:03:34.739   259   259 I (7)[259:dc_trim_thread]mt6358-sound mt6358_snd: headset_volume_ramp(), from 8, to 18
05-26 23:03:34.761   259   259 I (7)[259:dc_trim_thread]mt6358-sound mt6358_snd: stop_trim_hardware(), --
05-26 23:03:34.761   259   259 I (7)[259:dc_trim_thread]mt6358-sound mt6358_snd: calculate_trim_result(), offset diff = -31, on = 27750, off = 27781
05-26 23:03:34.761   259   259 I (7)[259:dc_trim_thread]mt6358-sound mt6358_snd: calculate_trim_result(), offset diff = -33, on = 27751, off = 27784
05-26 23:03:34.761   259   259 I (7)[259:dc_trim_thread]mt6358-sound mt6358_snd: calculate_trim_result(), offset diff = -29, on = 27755, off = 27784
05-26 23:03:34.761   259   259 I (7)[259:dc_trim_thread]mt6358-sound mt6358_snd: calculate_trim_result(), offset diff = -29, on = 27756, off = 27785
05-26 23:03:34.761   259   259 I (7)[259:dc_trim_thread]mt6358-sound mt6358_snd: calculate_trim_result(), offset diff = -27, on = 27758, off = 27785
05-26 23:03:34.761   259   259 I (7)[259:dc_trim_thread]mt6358-sound mt6358_snd: calculate_trim_result(), offset diff = 7, on = 27782, off = 27775
05-26 23:03:34.761   259   259 I (7)[259:dc_trim_thread]mt6358-sound mt6358_snd: calculate_trim_result(), offset diff = 9, on = 27784, off = 27775
05-26 23:03:34.761   259   259 I (7)[259:dc_trim_thread]mt6358-sound mt6358_snd: calculate_trim_result(), offset diff = 12, on = 27788, off = 27776
05-26 23:03:34.761   259   259 I (7)[259:dc_trim_thread]mt6358-sound mt6358_snd: calculate_trim_result(), offset diff = 11, on = 27789, off = 27778
05-26 23:03:34.761   259   259 I (7)[259:dc_trim_thread]mt6358-sound mt6358_snd: calculate_trim_result(), offset diff = 12, on = 27790, off = 27778
05-26 23:03:34.761   259   259 I (7)[259:dc_trim_thread]mt6358-sound mt6358_snd: hp_trim_offset(), trim offset L = -30, trim offset R = 10
05-26 23:03:34.771   259   259 I (7)[259:dc_trim_thread]mt6358-sound mt6358_snd: set_lr_trim_code(), step3 > 0, AUDDEC_ELR_0 = 0x1411, hp_base(L/R) = -30 / 10
05-26 23:03:34.771   259   259 I (7)[259:dc_trim_thread]mt6358-sound mt6358_snd: start_trim_hardware(), ++
05-26 23:03:34.791   259   259 I (7)[259:dc_trim_thread]mt6358-sound mt6358_snd: headset_volume_ramp(), from 18, to 8
05-26 23:03:34.799   259   259 I (7)[259:dc_trim_thread]mt6358-sound mt6358_snd: start_trim_hardware(), --
05-26 23:03:34.817   368   368 I (6)[368:apexd]EXT4-fs (loop2): mounted filesystem without journal. Opts: (null)
05-26 23:03:34.910   259   259 I (7)[259:dc_trim_thread]mt6358-sound mt6358_snd: stop_trim_hardware(), ++
05-26 23:03:34.914   259   259 I (7)[259:dc_trim_thread]mt6358-sound mt6358_snd: headset_volume_ramp(), from 8, to 18
05-26 23:03:34.936   259   259 I (6)[259:dc_trim_thread]mt6358-sound mt6358_snd: stop_trim_hardware(), --
05-26 23:03:34.936   259   259 I (6)[259:dc_trim_thread]mt6358-sound mt6358_snd: calculate_trim_result(), offset diff = -21, on = 27747, off = 27768
05-26 23:03:34.936   259   259 I (6)[259:dc_trim_thread]mt6358-sound mt6358_snd: calculate_trim_result(), offset diff = -21, on = 27748, off = 27769
05-26 23:03:34.936   259   259 I (6)[259:dc_trim_thread]mt6358-sound mt6358_snd: calculate_trim_result(), offset diff = -20, on = 27750, off = 27770
05-26 23:03:34.936   259   259 I (6)[259:dc_trim_thread]mt6358-sound mt6358_snd: calculate_trim_result(), offset diff = -20, on = 27751, off = 27771
05-26 23:03:34.936   259   259 I (6)[259:dc_trim_thread]mt6358-sound mt6358_snd: calculate_trim_result(), offset diff = -18, on = 27754, off = 27772
05-26 23:03:34.936   259   259 I (6)[259:dc_trim_thread]mt6358-sound mt6358_snd: calculate_trim_result(), offset diff = -52, on = 27720, off = 27772
05-26 23:03:34.936   259   259 I (6)[259:dc_trim_thread]mt6358-sound mt6358_snd: calculate_trim_result(), offset diff = -51, on = 27721, off = 27772
05-26 23:03:34.936   259   259 I (6)[259:dc_trim_thread]mt6358-sound mt6358_snd: calculate_trim_result(), offset diff = -52, on = 27721, off = 27773
05-26 23:03:34.936   259   259 I (6)[259:dc_trim_thread]mt6358-sound mt6358_snd: calculate_trim_result(), offset diff = -51, on = 27722, off = 27773
05-26 23:03:34.936   259   259 I (6)[259:dc_trim_thread]mt6358-sound mt6358_snd: calculate_trim_result(), offset diff = -53, on = 27722, off = 27775
05-26 23:03:34.936   259   259 I (6)[259:dc_trim_thread]mt6358-sound mt6358_snd: hp_trim_offset(), trim offset L = -20, trim offset R = -52
05-26 23:03:34.946   259   259 I (6)[259:dc_trim_thread]mt6358-sound mt6358_snd: set_lr_trim_code(), step3_2 > 0, AUDDEC_ELR_0 = 0x1c11, code_change = 1
05-26 23:03:34.946   259   259 I (6)[259:dc_trim_thread]mt6358-sound mt6358_snd: start_trim_hardware(), ++
05-26 23:03:34.962   368   368 I (7)[368:apexd]EXT4-fs (loop3): mounted filesystem without journal. Opts: (null)
05-26 23:03:34.966   259   259 I (6)[259:dc_trim_thread]mt6358-sound mt6358_snd: headset_volume_ramp(), from 18, to 8
05-26 23:03:34.975   259   259 I (7)[259:dc_trim_thread]mt6358-sound mt6358_snd: start_trim_hardware(), --
05-26 23:03:34.976   326   326 W (6)[326:apexd]: 54 output lines suppressed due to ratelimiting
05-26 23:03:35.013   321   321 I         : (6)[321:init][Power/PPM] (0x80)(-1)(0)(0-7)(0)(0)(6)(6) (0)(0)(2)(2)
05-26 23:03:35.082   259   259 I (7)[259:dc_trim_thread]mt6358-sound mt6358_snd: stop_trim_hardware(), ++
05-26 23:03:35.086   259   259 I (7)[259:dc_trim_thread]mt6358-sound mt6358_snd: headset_volume_ramp(), from 8, to 18
05-26 23:03:35.108   259   259 I (7)[259:dc_trim_thread]mt6358-sound mt6358_snd: stop_trim_hardware(), --
05-26 23:03:35.108   259   259 I (7)[259:dc_trim_thread]mt6358-sound mt6358_snd: calculate_trim_result(), offset diff = -28, on = 27744, off = 27772
05-26 23:03:35.108   259   259 I (7)[259:dc_trim_thread]mt6358-sound mt6358_snd: calculate_trim_result(), offset diff = -26, on = 27748, off = 27774
05-26 23:03:35.108   259   259 I (7)[259:dc_trim_thread]mt6358-sound mt6358_snd: calculate_trim_result(), offset diff = -20, on = 27755, off = 27775
05-26 23:03:35.108   259   259 I (7)[259:dc_trim_thread]mt6358-sound mt6358_snd: calculate_trim_result(), offset diff = -23, on = 27755, off = 27778
05-26 23:03:35.108   259   259 I (7)[259:dc_trim_thread]mt6358-sound mt6358_snd: calculate_trim_result(), offset diff = -25, on = 27755, off = 27780
05-26 23:03:35.108   259   259 I (7)[259:dc_trim_thread]mt6358-sound mt6358_snd: calculate_trim_result(), offset diff = -22, on = 27763, off = 27785
05-26 23:03:35.108   259   259 I (7)[259:dc_trim_thread]mt6358-sound mt6358_snd: calculate_trim_result(), offset diff = -22, on = 27765, off = 27787
05-26 23:03:35.108   259   259 I (7)[259:dc_trim_thread]mt6358-sound mt6358_snd: calculate_trim_result(), offset diff = -20, on = 27768, off = 27788
05-26 23:03:35.108   259   259 I (7)[259:dc_trim_thread]mt6358-sound mt6358_snd: calculate_trim_result(), offset diff = -17, on = 27772, off = 27789
05-26 23:03:35.108   259   259 I (7)[259:dc_trim_thread]mt6358-sound mt6358_snd: calculate_trim_result(), offset diff = -17, on = 27773, off = 27790
05-26 23:03:35.108   259   259 I (7)[259:dc_trim_thread]mt6358-sound mt6358_snd: hp_trim_offset(), trim offset L = -24, trim offset R = -20
05-26 23:03:35.118   259   259 I (7)[259:dc_trim_thread]mt6358-sound mt6358_snd: set_lr_trim_code(), [Step3] refine finetrimr = 0
05-26 23:03:35.118   259   259 I (7)[259:dc_trim_thread]mt6358-sound mt6358_snd: set_lr_trim_code(), step3 < 0, AUDDEC_ELR_0 = 0x1211
05-26 23:03:35.118   259   259 I (7)[259:dc_trim_thread]mt6358-sound mt6358_snd: start_trim_hardware(), ++
05-26 23:03:35.138   259   259 I (6)[259:dc_trim_thread]mt6358-sound mt6358_snd: headset_volume_ramp(), from 18, to 8
05-26 23:03:35.147   259   259 I (6)[259:dc_trim_thread]mt6358-sound mt6358_snd: start_trim_hardware(), --
05-26 23:03:35.156   259   259 W -(6)[259:dc_trim_thread]mt635x_auxadc_read_raw: 141 callbacks suppressed
05-26 23:03:35.156   259   259 I (6)[259:dc_trim_thread]mt635x-auxadc mt635x-auxadc: name:HPOFS_CAL, channel=9, adc_out=0x6c98, adc_result=27800
05-26 23:03:35.159   259   259 I (6)[259:dc_trim_thread]mt635x-auxadc mt635x-auxadc: name:HPOFS_CAL, channel=9, adc_out=0x6c98, adc_result=27800
05-26 23:03:35.161   259   259 I (6)[259:dc_trim_thread]mt635x-auxadc mt635x-auxadc: name:HPOFS_CAL, channel=9, adc_out=0x6c95, adc_result=27797
05-26 23:03:35.164   259   259 I (6)[259:dc_trim_thread]mt635x-auxadc mt635x-auxadc: name:HPOFS_CAL, channel=9, adc_out=0x6c99, adc_result=27801
05-26 23:03:35.164   321   321 W (7)[321:init]udc_lib: module_layout: kernel tainted.
05-26 23:03:35.164   321   321 W         : (7)[321:init]Disabling lock debugging due to kernel taint
05-26 23:03:35.164   321   321 W (7)[321:init]udc_lib: loading out-of-tree module taints kernel.
05-26 23:03:35.164   321   321 I         : (7)[321:init]udc lib init
05-26 23:03:35.164   321   321 I         : (7)[321:init]register_udc_func_deflateInit2 success
05-26 23:03:35.164   321   321 I         : (7)[321:init]register_udc_func_deflateSetDict success
05-26 23:03:35.164   321   321 I         : (7)[321:init]register_udc_func_deflateEnd success
05-26 23:03:35.164   321   321 I         : (7)[321:init]register_udc_func_deflateReset success
05-26 23:03:35.164   321   321 I         : (7)[321:init]register_udc_func_deflate success
05-26 23:03:35.164   321   321 I         : (7)[321:init]register_udc_func_deflateBound success
05-26 23:03:35.164   321   321 I         : (7)[321:init]register_udc_func_udc_chksum success
05-26 23:03:35.164   321   321 I         : (7)[321:init]register_udc_func_udc_QueryPara success
05-26 23:03:35.164   321   321 I         : (7)[321:init]register_udc_func_udc_GetCmpLen success
05-26 23:03:35.166   259   259 I (6)[259:dc_trim_thread]mt635x-auxadc mt635x-auxadc: name:HPOFS_CAL, channel=9, adc_out=0x6c93, adc_result=27795
05-26 23:03:35.222     1     1 E         : (7)[1:init]Trying to create more than 5 SchedTune boosting groups
05-26 23:03:35.223     1     1 E         : (7)[1:init]Trying to create more than 5 SchedTune boosting groups
05-26 23:03:35.228     1     1 W         : (7)[1:init]------------[ cut here ]------------
05-26 23:03:35.228     1     1 W (7)[1:init]WARNING: CPU: 7 PID: 1 at ../../../../../../kernel/micromax/yogurt/fs/filesystems.c:282 get_fs_type+0x1a4/0x1a8
05-26 23:03:35.228     1     1 W         : (7)[1:init]request_module fs-binder succeeded, but still no fs?
05-26 23:03:35.228     1     1 W         : (7)[1:init]Modules linked in: udc_lib ffffffa21d545000           (null) 45056 0 (FO)
05-26 23:03:35.228     1     1 W -(7)[1:init]CPU: 7 PID: 1 Comm: init Tainted: GFS      W  O    4.14.141-yogurt-v1.x #3
05-26 23:03:35.228     1     1 W -(7)[1:init]Hardware name: MT6769V/CT (DT)
05-26 23:03:35.228     1     1 W -(7)[1:init]Call trace:  
05-26 23:03:35.228     1     1 W         : -(7)[1:init][<ffffff84a4e8c9e8>] dump_backtrace+0x0/0x508
05-26 23:03:35.228     1     1 W         : -(7)[1:init][<ffffff84a4e8cf04>] show_stack+0x14/0x1c
05-26 23:03:35.228     1     1 W         : -(7)[1:init][<ffffff84a5cf2f7c>] dump_stack+0xc4/0xfc
05-26 23:03:35.229     1     1 W         : -(7)[1:init][<ffffff84a4eadf04>] __warn+0xdc/0x168
05-26 23:03:35.229     1     1 W         : -(7)[1:init][<ffffff84a4eae000>] warn_slowpath_fmt+0x70/0x94
05-26 23:03:35.229     1     1 W         : -(7)[1:init][<ffffff84a5082dfc>] get_fs_type+0x1a4/0x1a8
05-26 23:03:35.229     1     1 W         : -(7)[1:init][<ffffff84a5086760>] do_mount+0x4a4/0xc20
05-26 23:03:35.229     1     1 W         : -(7)[1:init][<ffffff84a5087658>] SyS_mount+0x94/0xd4
05-26 23:03:35.229     1     1 W         : -(7)[1:init]Exception stack(0xffffff800813bec0 to 0xffffff800813c000)
05-26 23:03:35.229     1     1 W -(7)[1:init]bec0: 0000007d5cb396d1 0000007d5cb396e9 0000007d5cb396b9 0000000000000000
05-26 23:03:35.229     1     1 W -(7)[1:init]bee0: 0000007d5cb39701 0000000065646e69 0000000040706f6f 0000007d5cb396d6
05-26 23:03:35.229     1     1 W -(7)[1:init]bf00: 0000000000000028 0000007d5cb396e9 0000000000000000 000000000000000c
05-26 23:03:35.229     1     1 W -(7)[1:init]bf20: 0000007d5cb396b9 0000000000000000 0000007d5cb396d1 0000007f809619d2
05-26 23:03:35.229     1     1 W -(7)[1:init]bf40: 0000005580238068 0000007f809e7170 0000007f81d92000 0000007f81c51000
05-26 23:03:35.229     1     1 W -(7)[1:init]bf60: 0000007d5cb396d1 0000007d5cb396b9 000000558005818b 0000007d5cb396e9
05-26 23:03:35.229     1     1 W -(7)[1:init]bf80: 00000055802349f0 0000000000000078 0000007fed5a73b8 0000000000000005
05-26 23:03:35.229     1     1 W -(7)[1:init]bfa0: 0000000000000000 0000007fed5a75e0 00000055801049d0 0000007fed5a7310
05-26 23:03:35.229     1     1 W -(7)[1:init]bfc0: 0000007f809e7178 00000000a0000000 0000007d5cb396d1 0000000000000028
05-26 23:03:35.229     1     1 W -(7)[1:init]bfe0: 0000000000000000 0000000000000000 0000000000000000 0000000000000000
05-26 23:03:35.229     1     1 W         : -(7)[1:init][<ffffff84a4e83fc0>] el0_svc_naked+0x34/0x38
05-26 23:03:35.229     1     1 W         : (7)[1:init]---[ end trace dfed7c631b0ff4d6 ]---
05-26 23:03:35.250     1     1 I         : (7)[1:init]Registered swp emulation handler
05-26 23:03:35.255   259   259 I (6)[259:dc_trim_thread]mt6358-sound mt6358_snd: stop_trim_hardware(), ++
05-26 23:03:35.260   259   259 I (6)[259:dc_trim_thread]mt6358-sound mt6358_snd: headset_volume_ramp(), from 8, to 18
05-26 23:03:35.278   383   383 I (1)[383:lmkd]psi_write: new:00000000d52adb28
05-26 23:03:35.278   383   383 I (1)[383:lmkd]psi_write: new:000000005ea0c2e0
05-26 23:03:35.278   383   383 I (1)[383:lmkd]psi_write: new:000000007ce3e613
05-26 23:03:35.284   259   259 I (0)[259:dc_trim_thread]mt6358-sound mt6358_snd: stop_trim_hardware(), --
05-26 23:03:35.284   259   259 I (0)[259:dc_trim_thread]mt6358-sound mt6358_snd: calculate_trim_result(), offset diff = 11, on = 27795, off = 27784
05-26 23:03:35.284   259   259 I (0)[259:dc_trim_thread]mt6358-sound mt6358_snd: calculate_trim_result(), offset diff = 11, on = 27797, off = 27786
05-26 23:03:35.284   259   259 I (0)[259:dc_trim_thread]mt6358-sound mt6358_snd: calculate_trim_result(), offset diff = 14, on = 27800, off = 27786
05-26 23:03:35.285   259   259 I (0)[259:dc_trim_thread]mt6358-sound mt6358_snd: calculate_trim_result(), offset diff = 13, on = 27800, off = 27787
05-26 23:03:35.286   259   259 I (0)[259:dc_trim_thread]mt6358-sound mt6358_snd: calculate_trim_result(), offset diff = 14, on = 27801, off = 27787
05-26 23:03:35.286   259   259 I (0)[259:dc_trim_thread]mt6358-sound mt6358_snd: calculate_trim_result(), offset diff = 2, on = 27783, off = 27781
05-26 23:03:35.286   259   259 I (0)[259:dc_trim_thread]mt6358-sound mt6358_snd: calculate_trim_result(), offset diff = 8, on = 27789, off = 27781
05-26 23:03:35.286   259   259 I (0)[259:dc_trim_thread]mt6358-sound mt6358_snd: calculate_trim_result(), offset diff = 8, on = 27790, off = 27782
05-26 23:03:35.286   259   259 I (0)[259:dc_trim_thread]mt6358-sound mt6358_snd: calculate_trim_result(), offset diff = 9, on = 27792, off = 27783
05-26 23:03:35.286   259   259 I (0)[259:dc_trim_thread]mt6358-sound mt6358_snd: calculate_trim_result(), offset diff = 13, on = 27796, off = 27783
05-26 23:03:35.286   259   259 I (0)[259:dc_trim_thread]mt6358-sound mt6358_snd: hp_trim_offset(), trim offset L = 13, trim offset R = 8
05-26 23:03:35.286   384   384 I (0)[384:servicemanager]binder: 384:384 ioctl 40046210 7fee62bc50 returned -22
--------- beginning of system
05-26 23:04:23.317  1259  1259 D SystemServerTiming: OnBootPhase_520_com.android.server.alarm.AlarmManagerService
05-26 23:04:23.317  1259  1259 V SystemServerTiming: OnBootPhase_520_com.android.server.alarm.AlarmManagerService took to complete: 0ms
05-26 23:04:23.317  1259  1259 D SystemServerTiming: OnBootPhase_520_com.android.server.devicestate.DeviceStateManagerService
05-26 23:04:23.317  1259  1259 V SystemServerTiming: OnBootPhase_520_com.android.server.devicestate.DeviceStateManagerService took to complete: 0ms
05-26 23:04:23.318  1259  1259 D SystemServerTiming: OnBootPhase_520_com.android.server.camera.CameraServiceProxy
05-26 23:04:23.318  1259  1259 V SystemServerTiming: OnBootPhase_520_com.android.server.camera.CameraServiceProxy took to complete: 0ms
05-26 23:04:23.318  1259  1259 D SystemServerTiming: OnBootPhase_520_com.android.server.bluetooth.BluetoothService
05-26 23:04:23.318  1259  1259 V SystemServerTiming: OnBootPhase_520_com.android.server.bluetooth.BluetoothService took to complete: 0ms
05-26 23:04:23.318  1259  1259 D SystemServerTiming: OnBootPhase_520_com.android.server.connectivity.IpConnectivityMetrics
05-26 23:04:23.318  1259  1259 V SystemServerTiming: OnBootPhase_520_com.android.server.connectivity.IpConnectivityMetrics took to complete: 0ms
05-26 23:04:23.318  1259  1259 D SystemServerTiming: OnBootPhase_520_com.android.server.net.watchlist.NetworkWatchlistService$Lifecycle
05-26 23:04:23.318  1259  1259 V SystemServerTiming: OnBootPhase_520_com.android.server.net.watchlist.NetworkWatchlistService$Lifecycle took to complete: 0ms
05-26 23:04:23.318  1259  1259 D SystemServerTiming: OnBootPhase_520_com.android.server.PinnerService
05-26 23:04:23.318  1259  1259 V SystemServerTiming: OnBootPhase_520_com.android.server.PinnerService took to complete: 0ms
05-26 23:04:23.318  1259  1259 D SystemServerTiming: OnBootPhase_520_com.android.server.integrity.AppIntegrityManagerService
05-26 23:04:23.318  1259  1259 V SystemServerTiming: OnBootPhase_520_com.android.server.integrity.AppIntegrityManagerService took to complete: 0ms
05-26 23:04:23.318  1259  1259 D SystemServerTiming: OnBootPhase_520_com.android.server.logcat.LogcatManagerService
05-26 23:04:23.318  1259  1259 V SystemServerTiming: OnBootPhase_520_com.android.server.logcat.LogcatManagerService took to complete: 0ms
05-26 23:04:23.318  1259  1259 D SystemServerTiming: OnBootPhase_520_com.android.server.derp.LineageGlobalActionsService
05-26 23:04:23.318  1259  1259 V SystemServerTiming: OnBootPhase_520_com.android.server.derp.LineageGlobalActionsService took to complete: 0ms
05-26 23:04:23.318  1259  1259 D SystemServerTiming: OnBootPhase_520_com.android.server.inputmethod.InputMethodManagerService$Lifecycle
05-26 23:04:23.318  1259  1259 V SystemServerTiming: OnBootPhase_520_com.android.server.inputmethod.InputMethodManagerService$Lifecycle took to complete: 0ms
05-26 23:04:23.319  1259  1259 D SystemServerTiming: OnBootPhase_520_com.android.server.accessibility.AccessibilityManagerService$Lifecycle
05-26 23:04:23.319  1259  1259 V SystemServerTiming: OnBootPhase_520_com.android.server.accessibility.AccessibilityManagerService$Lifecycle took to complete: 0ms
05-26 23:04:23.319  1259  1259 D SystemServerTiming: OnBootPhase_520_com.android.server.StorageManagerService$Lifecycle
05-26 23:04:23.319  1259  1259 V SystemServerTiming: OnBootPhase_520_com.android.server.StorageManagerService$Lifecycle took to complete: 0ms
05-26 23:04:23.319  1259  1259 D SystemServerTiming: OnBootPhase_520_com.android.server.usage.StorageStatsService$Lifecycle
05-26 23:04:23.319  1259  1259 V SystemServerTiming: OnBootPhase_520_com.android.server.usage.StorageStatsService$Lifecycle took to complete: 0ms
05-26 23:04:23.319  1259  1259 D SystemServerTiming: OnBootPhase_520_com.android.server.UiModeManagerService
05-26 23:04:23.319  1259  1259 V SystemServerTiming: OnBootPhase_520_com.android.server.UiModeManagerService took to complete: 0ms
05-26 23:04:23.319  1259  1259 D SystemServerTiming: OnBootPhase_520_com.android.server.locales.LocaleManagerService
05-26 23:04:23.319  1259  1259 V SystemServerTiming: OnBootPhase_520_com.android.server.locales.LocaleManagerService took to complete: 0ms
05-26 23:04:23.319  1259  1259 D SystemServerTiming: OnBootPhase_520_com.android.server.locksettings.LockSettingsService$Lifecycle
05-26 23:04:23.319  1259  1259 V SystemServerTiming: OnBootPhase_520_com.android.server.locksettings.LockSettingsService$Lifecycle took to complete: 0ms
05-26 23:04:23.319  1259  1259 D SystemServerTiming: OnBootPhase_520_com.android.server.PersistentDataBlockService
05-26 23:04:23.319  1259  1259 V SystemServerTiming: OnBootPhase_520_com.android.server.PersistentDataBlockService took to complete: 0ms
05-26 23:04:23.319  1259  1259 D SystemServerTiming: OnBootPhase_520_com.android.server.testharness.TestHarnessModeService
05-26 23:04:23.319  1259  1259 V SystemServerTiming: OnBootPhase_520_com.android.server.testharness.TestHarnessModeService took to complete: 0ms
05-26 23:04:23.319  1259  1259 D SystemServerTiming: OnBootPhase_520_com.android.server.oemlock.OemLockService
05-26 23:04:23.319  1259  1259 V SystemServerTiming: OnBootPhase_520_com.android.server.oemlock.OemLockService took to complete: 0ms
05-26 23:04:23.320  1259  1259 D SystemServerTiming: OnBootPhase_520_com.android.server.DeviceIdleController
05-26 23:04:23.320  1259  1259 V SystemServerTiming: OnBootPhase_520_com.android.server.DeviceIdleController took to complete: 0ms
05-26 23:04:23.320  1259  1259 D SystemServerTiming: OnBootPhase_520_com.android.server.devicepolicy.DevicePolicyManagerService$Lifecycle
05-26 23:04:23.320  1259  1259 V SystemServerTiming: OnBootPhase_520_com.android.server.devicepolicy.DevicePolicyManagerService$Lifecycle took to complete: 0ms
05-26 23:04:23.320  1259  1259 D SystemServerTiming: OnBootPhase_520_com.android.server.musicrecognition.MusicRecognitionManagerService
05-26 23:04:23.320  1259  1259 V SystemServerTiming: OnBootPhase_520_com.android.server.musicrecognition.MusicRecognitionManagerService took to complete: 0ms
05-26 23:04:23.320  1259  1259 D SystemServerTiming: OnBootPhase_520_com.android.server.contentcapture.ContentCaptureManagerService
05-26 23:04:23.320  1259  1259 V SystemServerTiming: OnBootPhase_520_com.android.server.contentcapture.ContentCaptureManagerService took to complete: 0ms
05-26 23:04:23.320  1259  1259 D SystemServerTiming: OnBootPhase_520_com.android.server.attention.AttentionManagerService
05-26 23:04:23.320  1259  1259 V SystemServerTiming: OnBootPhase_520_com.android.server.attention.AttentionManagerService took to complete: 0ms
05-26 23:04:23.320  1259  1259 D SystemServerTiming: OnBootPhase_520_com.android.server.rotationresolver.RotationResolverManagerService
05-26 23:04:23.320  1259  1259 V SystemServerTiming: OnBootPhase_520_com.android.server.rotationresolver.RotationResolverManagerService took to complete: 0ms
05-26 23:04:23.320  1259  1259 D SystemServerTiming: OnBootPhase_520_com.android.server.systemcaptions.SystemCaptionsManagerService
05-26 23:04:23.320  1259  1259 V SystemServerTiming: OnBootPhase_520_com.android.server.systemcaptions.SystemCaptionsManagerService took to complete: 0ms
05-26 23:04:23.320  1259  1259 D SystemServerTiming: OnBootPhase_520_com.android.server.texttospeech.TextToSpeechManagerService
05-26 23:04:23.320  1259  1259 V SystemServerTiming: OnBootPhase_520_com.android.server.texttospeech.TextToSpeechManagerService took to complete: 0ms
05-26 23:04:23.321  1259  1259 D SystemServerTiming: OnBootPhase_520_com.android.server.ambientcontext.AmbientContextManagerService
05-26 23:04:23.321  1259  1259 V SystemServerTiming: OnBootPhase_520_com.android.server.ambientcontext.AmbientContextManagerService took to complete: 0ms
05-26 23:04:23.321  1259  1259 D SystemServerTiming: OnBootPhase_520_com.android.server.speech.SpeechRecognitionManagerService
05-26 23:04:23.321  1259  1259 V SystemServerTiming: OnBootPhase_520_com.android.server.speech.SpeechRecognitionManagerService took to complete: 0ms
05-26 23:04:23.321  1259  1259 D SystemServerTiming: OnBootPhase_520_com.android.server.appprediction.AppPredictionManagerService
05-26 23:04:23.321  1259  1259 V SystemServerTiming: OnBootPhase_520_com.android.server.appprediction.AppPredictionManagerService took to complete: 0ms
05-26 23:04:23.321  1259  1259 D SystemServerTiming: OnBootPhase_520_com.android.server.contentsuggestions.ContentSuggestionsManagerService
05-26 23:04:23.321  1259  1259 V SystemServerTiming: OnBootPhase_520_com.android.server.contentsuggestions.ContentSuggestionsManagerService took to complete: 0ms
05-26 23:04:23.321  1259  1259 D SystemServerTiming: OnBootPhase_520_com.android.server.searchui.SearchUiManagerService
05-26 23:04:23.321  1259  1259 V SystemServerTiming: OnBootPhase_520_com.android.server.searchui.SearchUiManagerService took to complete: 0ms
05-26 23:04:23.321  1259  1259 D SystemServerTiming: OnBootPhase_520_com.android.server.smartspace.SmartspaceManagerService
05-26 23:04:23.321  1259  1259 V SystemServerTiming: OnBootPhase_520_com.android.server.smartspace.SmartspaceManagerService took to complete: 0ms
05-26 23:04:23.321  1259  1259 D SystemServerTiming: OnBootPhase_520_com.android.server.graphics.fonts.FontManagerService$Lifecycle
05-26 23:04:23.321  1259  1259 V SystemServerTiming: OnBootPhase_520_com.android.server.graphics.fonts.FontManagerService$Lifecycle took to complete: 0ms
05-26 23:04:23.321  1259  1259 D SystemServerTiming: OnBootPhase_520_com.android.server.textservices.TextServicesManagerService$Lifecycle
05-26 23:04:23.322  1259  1259 V SystemServerTiming: OnBootPhase_520_com.android.server.textservices.TextServicesManagerService$Lifecycle took to complete: 0ms
05-26 23:04:23.322  1259  1259 D SystemServerTiming: OnBootPhase_520_com.android.server.textclassifier.TextClassificationManagerService$Lifecycle
05-26 23:04:23.322  1259  1259 V SystemServerTiming: OnBootPhase_520_com.android.server.textclassifier.TextClassificationManagerService$Lifecycle took to complete: 0ms
05-26 23:04:23.322  1259  1259 D SystemServerTiming: OnBootPhase_520_com.android.server.NetworkScoreService$Lifecycle
05-26 23:04:23.322  1259  1259 V SystemServerTiming: OnBootPhase_520_com.android.server.NetworkScoreService$Lifecycle took to complete: 0ms
05-26 23:04:23.322  1259  1259 D SystemServerTiming: OnBootPhase_520_com.android.server.NetworkStatsServiceInitializer
05-26 23:04:23.322  1259  1259 V SystemServerTiming: OnBootPhase_520_com.android.server.NetworkStatsServiceInitializer took to complete: 0ms
05-26 23:04:23.322  1259  1259 D SystemServerTiming: OnBootPhase_520_com.android.server.wifi.WifiService
05-26 23:04:23.322  1259  1259 V SystemServerTiming: OnBootPhase_520_com.android.server.wifi.WifiService took to complete: 0ms
05-26 23:04:23.322  1259  1259 D SystemServerTiming: OnBootPhase_520_com.android.server.wifi.scanner.WifiScanningService
05-26 23:04:23.322  1259  1259 V SystemServerTiming: OnBootPhase_520_com.android.server.wifi.scanner.WifiScanningService took to complete: 0ms
05-26 23:04:23.322  1259  1259 D SystemServerTiming: OnBootPhase_520_com.android.server.wifi.p2p.WifiP2pService
05-26 23:04:23.322  1259  1259 V SystemServerTiming: OnBootPhase_520_com.android.server.wifi.p2p.WifiP2pService took to complete: 0ms
05-26 23:04:23.322  1259  1259 D SystemServerTiming: OnBootPhase_520_com.android.server.ConnectivityServiceInitializer
05-26 23:04:23.322  1259  1259 V SystemServerTiming: OnBootPhase_520_com.android.server.ConnectivityServiceInitializer took to complete: 0ms
05-26 23:04:23.322  1259  1259 D SystemServerTiming: OnBootPhase_520_com.android.server.notification.NotificationManagerService
05-26 23:04:23.380  1259  1259 W SystemServiceManager: Service com.android.server.notification.NotificationManagerService took 57 ms in onBootPhase
05-26 23:04:23.380  1259  1259 V SystemServerTiming: OnBootPhase_520_com.android.server.notification.NotificationManagerService took to complete: 57ms
05-26 23:04:23.380  1259  1259 D SystemServerTiming: OnBootPhase_520_com.android.server.storage.DeviceStorageMonitorService
05-26 23:04:23.380  1259  1259 V SystemServerTiming: OnBootPhase_520_com.android.server.storage.DeviceStorageMonitorService took to complete: 0ms
05-26 23:04:23.380  1259  1259 D SystemServerTiming: OnBootPhase_520_com.android.server.location.LocationManagerService$Lifecycle
05-26 23:04:23.380  1259  1259 V SystemServerTiming: OnBootPhase_520_com.android.server.location.LocationManagerService$Lifecycle took to complete: 0ms
05-26 23:04:23.380  1259  1259 D SystemServerTiming: OnBootPhase_520_com.android.server.timedetector.TimeDetectorService$Lifecycle
05-26 23:04:23.380  1259  1259 V SystemServerTiming: OnBootPhase_520_com.android.server.timedetector.TimeDetectorService$Lifecycle took to complete: 0ms
05-26 23:04:23.380  1259  1259 D SystemServerTiming: OnBootPhase_520_com.android.server.timezonedetector.TimeZoneDetectorService$Lifecycle
05-26 23:04:23.380  1259  1259 V SystemServerTiming: OnBootPhase_520_com.android.server.timezonedetector.TimeZoneDetectorService$Lifecycle took to complete: 0ms
05-26 23:04:23.380  1259  1259 D SystemServerTiming: OnBootPhase_520_com.android.server.timezonedetector.location.LocationTimeZoneManagerService$Lifecycle
05-26 23:04:23.381  1259  1259 V SystemServerTiming: OnBootPhase_520_com.android.server.timezonedetector.location.LocationTimeZoneManagerService$Lifecycle took to complete: 0ms
05-26 23:04:23.381  1259  1259 D SystemServerTiming: OnBootPhase_520_com.android.server.search.SearchManagerService$Lifecycle
05-26 23:04:23.381  1259  1259 V SystemServerTiming: OnBootPhase_520_com.android.server.search.SearchManagerService$Lifecycle took to complete: 0ms
05-26 23:04:23.381  1259  1259 D SystemServerTiming: OnBootPhase_520_com.android.server.wallpaper.WallpaperManagerService$Lifecycle
05-26 23:04:23.382  1259  1259 V SystemServerTiming: OnBootPhase_520_com.android.server.wallpaper.WallpaperManagerService$Lifecycle took to complete: 1ms
05-26 23:04:23.382  1259  1259 D SystemServerTiming: OnBootPhase_520_com.android.server.wallpapereffectsgeneration.WallpaperEffectsGenerationManagerService
05-26 23:04:23.382  1259  1259 V SystemServerTiming: OnBootPhase_520_com.android.server.wallpapereffectsgeneration.WallpaperEffectsGenerationManagerService took to complete: 0ms
05-26 23:04:23.382  1259  1259 D SystemServerTiming: OnBootPhase_520_com.android.server.audio.AudioService$Lifecycle
05-26 23:04:23.382  1259  1259 V SystemServerTiming: OnBootPhase_520_com.android.server.audio.AudioService$Lifecycle took to complete: 0ms
05-26 23:04:23.382  1259  1259 D SystemServerTiming: OnBootPhase_520_com.android.server.soundtrigger_middleware.SoundTriggerMiddlewareService$Lifecycle
05-26 23:04:23.382  1259  1259 V SystemServerTiming: OnBootPhase_520_com.android.server.soundtrigger_middleware.SoundTriggerMiddlewareService$Lifecycle took to complete: 0ms
05-26 23:04:23.382  1259  1259 D SystemServerTiming: OnBootPhase_520_com.android.server.DockObserver
05-26 23:04:23.382  1259  1259 V SystemServerTiming: OnBootPhase_520_com.android.server.DockObserver took to complete: 0ms
05-26 23:04:23.382  1259  1259 D SystemServerTiming: OnBootPhase_520_com.android.server.midi.MidiService$Lifecycle
05-26 23:04:23.382  1259  1259 V SystemServerTiming: OnBootPhase_520_com.android.server.midi.MidiService$Lifecycle took to complete: 0ms
05-26 23:04:23.382  1259  1259 D SystemServerTiming: OnBootPhase_520_com.android.server.adb.AdbService$Lifecycle
05-26 23:04:23.382  1259  1259 V SystemServerTiming: OnBootPhase_520_com.android.server.adb.AdbService$Lifecycle took to complete: 0ms
05-26 23:04:23.382  1259  1259 D SystemServerTiming: OnBootPhase_520_com.android.server.usb.UsbService$Lifecycle
05-26 23:04:23.383  1259  1259 V SystemServerTiming: OnBootPhase_520_com.android.server.usb.UsbService$Lifecycle took to complete: 0ms
05-26 23:04:23.383  1259  1259 D SystemServerTiming: OnBootPhase_520_com.android.server.twilight.TwilightService
05-26 23:04:23.383  1259  1259 V SystemServerTiming: OnBootPhase_520_com.android.server.twilight.TwilightService took to complete: 0ms
05-26 23:04:23.383  1259  1259 D SystemServerTiming: OnBootPhase_520_com.android.server.display.color.ColorDisplayService
05-26 23:04:23.383  1259  1259 V SystemServerTiming: OnBootPhase_520_com.android.server.display.color.ColorDisplayService took to complete: 0ms
05-26 23:04:23.383  1259  1259 D SystemServerTiming: OnBootPhase_520_com.android.server.job.JobSchedulerService
05-26 23:04:23.383  1259  1259 V SystemServerTiming: OnBootPhase_520_com.android.server.job.JobSchedulerService took to complete: 0ms
05-26 23:04:23.383  1259  1259 D SystemServerTiming: OnBootPhase_520_com.android.server.soundtrigger.SoundTriggerService
05-26 23:04:23.383  1259  1259 D SoundTriggerService: onBootPhase: 520 : false
05-26 23:04:23.383  1259  1259 V SystemServerTiming: OnBootPhase_520_com.android.server.soundtrigger.SoundTriggerService took to complete: 0ms
05-26 23:04:23.383  1259  1259 D SystemServerTiming: OnBootPhase_520_com.android.server.trust.TrustManagerService
05-26 23:04:23.383  1259  1259 V SystemServerTiming: OnBootPhase_520_com.android.server.trust.TrustManagerService took to complete: 0ms
05-26 23:04:23.383  1259  1259 D SystemServerTiming: OnBootPhase_520_com.android.server.backup.BackupManagerService$Lifecycle
05-26 23:04:23.383  1259  1259 V SystemServerTiming: OnBootPhase_520_com.android.server.backup.BackupManagerService$Lifecycle took to complete: 0ms
05-26 23:04:23.383  1259  1259 D SystemServerTiming: OnBootPhase_520_com.android.server.appwidget.AppWidgetService
05-26 23:04:23.383  1259  1259 V SystemServerTiming: OnBootPhase_520_com.android.server.appwidget.AppWidgetService took to complete: 0ms
05-26 23:04:23.383  1259  1259 D SystemServerTiming: OnBootPhase_520_com.android.server.voiceinteraction.VoiceInteractionManagerService
05-26 23:04:23.384  1259  1259 V SystemServerTiming: OnBootPhase_520_com.android.server.voiceinteraction.VoiceInteractionManagerService took to complete: 0ms
05-26 23:04:23.384  1259  1259 D SystemServerTiming: OnBootPhase_520_com.android.server.apphibernation.AppHibernationService
05-26 23:04:23.384  1259  1259 V SystemServerTiming: OnBootPhase_520_com.android.server.apphibernation.AppHibernationService took to complete: 0ms
05-26 23:04:23.384  1259  1259 D SystemServerTiming: OnBootPhase_520_com.android.server.GestureLauncherService
05-26 23:04:23.384  1259  1259 V SystemServerTiming: OnBootPhase_520_com.android.server.GestureLauncherService took to complete: 0ms
05-26 23:04:23.384  1259  1259 D SystemServerTiming: OnBootPhase_520_com.android.server.SensorNotificationService
05-26 23:04:23.384  1259  1259 V SystemServerTiming: OnBootPhase_520_com.android.server.SensorNotificationService took to complete: 0ms
05-26 23:04:23.384  1259  1259 D SystemServerTiming: OnBootPhase_520_com.android.server.emergency.EmergencyAffordanceService
05-26 23:04:23.384  1259  1259 V SystemServerTiming: OnBootPhase_520_com.android.server.emergency.EmergencyAffordanceService took to complete: 0ms
05-26 23:04:23.384  1259  1259 D SystemServerTiming: OnBootPhase_520_com.android.server.blob.BlobStoreManagerService
05-26 23:04:23.384  1259  1259 V SystemServerTiming: OnBootPhase_520_com.android.server.blob.BlobStoreManagerService took to complete: 0ms
05-26 23:04:23.384  1259  1259 D SystemServerTiming: OnBootPhase_520_com.android.server.dreams.DreamManagerService
05-26 23:04:23.384  1259  1259 V SystemServerTiming: OnBootPhase_520_com.android.server.dreams.DreamManagerService took to complete: 0ms
05-26 23:04:23.384  1259  1259 D SystemServerTiming: OnBootPhase_520_com.android.server.print.PrintManagerService
05-26 23:04:23.384  1259  1259 V SystemServerTiming: OnBootPhase_520_com.android.server.print.PrintManagerService took to complete: 0ms
05-26 23:04:23.384  1259  1259 D SystemServerTiming: OnBootPhase_520_com.android.server.security.AttestationVerificationManagerService
05-26 23:04:23.384  1259  1259 V SystemServerTiming: OnBootPhase_520_com.android.server.security.AttestationVerificationManagerService took to complete: 0ms
05-26 23:04:23.385  1259  1259 D SystemServerTiming: OnBootPhase_520_com.android.server.companion.CompanionDeviceManagerService
05-26 23:04:23.385  1259  1259 V SystemServerTiming: OnBootPhase_520_com.android.server.companion.CompanionDeviceManagerService took to complete: 0ms
05-26 23:04:23.385  1259  1259 D SystemServerTiming: OnBootPhase_520_com.android.server.companion.virtual.VirtualDeviceManagerService
05-26 23:04:23.385  1259  1259 V SystemServerTiming: OnBootPhase_520_com.android.server.companion.virtual.VirtualDeviceManagerService took to complete: 0ms
05-26 23:04:23.385  1259  1259 D SystemServerTiming: OnBootPhase_520_com.android.server.restrictions.RestrictionsManagerService
05-26 23:04:23.385  1259  1259 V SystemServerTiming: OnBootPhase_520_com.android.server.restrictions.RestrictionsManagerService took to complete: 0ms
05-26 23:04:23.385  1259  1259 D SystemServerTiming: OnBootPhase_520_com.android.server.media.MediaSessionService
05-26 23:04:23.385  1259  1259 V SystemServerTiming: OnBootPhase_520_com.android.server.media.MediaSessionService took to complete: 0ms
05-26 23:04:23.385  1259  1259 D SystemServerTiming: OnBootPhase_520_com.android.server.media.MediaResourceMonitorService
05-26 23:04:23.385  1259  1259 V SystemServerTiming: OnBootPhase_520_com.android.server.media.MediaResourceMonitorService took to complete: 0ms
05-26 23:04:23.385  1259  1259 D SystemServerTiming: OnBootPhase_520_com.android.server.biometrics.sensors.face.FaceService
05-26 23:04:23.385  1259  1259 V SystemServerTiming: OnBootPhase_520_com.android.server.biometrics.sensors.face.FaceService took to complete: 0ms
05-26 23:04:23.385  1259  1259 D SystemServerTiming: OnBootPhase_520_com.android.server.biometrics.sensors.fingerprint.FingerprintService
05-26 23:04:23.385  1259  1259 V SystemServerTiming: OnBootPhase_520_com.android.server.biometrics.sensors.fingerprint.FingerprintService took to complete: 0ms
05-26 23:04:23.385  1259  1259 D SystemServerTiming: OnBootPhase_520_com.android.server.biometrics.BiometricService
05-26 23:04:23.385  1259  1259 V SystemServerTiming: OnBootPhase_520_com.android.server.biometrics.BiometricService took to complete: 0ms
05-26 23:04:23.385  1259  1259 D SystemServerTiming: OnBootPhase_520_com.android.server.biometrics.AuthService
05-26 23:04:23.385  1259  1259 V SystemServerTiming: OnBootPhase_520_com.android.server.biometrics.AuthService took to complete: 0ms
05-26 23:04:23.386  1259  1259 D SystemServerTiming: OnBootPhase_520_com.android.server.app.AppLockManagerService$Lifecycle
05-26 23:04:23.386  1259  1259 V SystemServerTiming: OnBootPhase_520_com.android.server.app.AppLockManagerService$Lifecycle took to complete: 0ms
05-26 23:04:23.386  1259  1259 D SystemServerTiming: OnBootPhase_520_com.android.server.pm.ShortcutService$Lifecycle
05-26 23:04:23.386  1259  1259 V SystemServerTiming: OnBootPhase_520_com.android.server.pm.ShortcutService$Lifecycle took to complete: 0ms
05-26 23:04:23.386  1259  1259 D SystemServerTiming: OnBootPhase_520_com.android.server.pm.LauncherAppsService
05-26 23:04:23.386  1259  1259 V SystemServerTiming: OnBootPhase_520_com.android.server.pm.LauncherAppsService took to complete: 0ms
05-26 23:04:23.386  1259  1259 D SystemServerTiming: OnBootPhase_520_com.android.server.pm.CrossProfileAppsService
05-26 23:04:23.386  1259  1259 V SystemServerTiming: OnBootPhase_520_com.android.server.pm.CrossProfileAppsService took to complete: 0ms
05-26 23:04:23.386  1259  1259 D SystemServerTiming: OnBootPhase_520_com.android.server.pocket.PocketService
05-26 23:04:23.386  1259  1259 W PocketService: Un-handled boot phase:520
05-26 23:04:23.386  1259  1259 V SystemServerTiming: OnBootPhase_520_com.android.server.pocket.PocketService took to complete: 0ms
05-26 23:04:23.386  1259  1259 D SystemServerTiming: OnBootPhase_520_com.android.server.people.PeopleService
05-26 23:04:23.386  1259  1259 V SystemServerTiming: OnBootPhase_520_com.android.server.people.PeopleService took to complete: 0ms
05-26 23:04:23.386  1259  1259 D SystemServerTiming: OnBootPhase_520_com.android.server.media.metrics.MediaMetricsManagerService
05-26 23:04:23.386  1259  1259 V SystemServerTiming: OnBootPhase_520_com.android.server.media.metrics.MediaMetricsManagerService took to complete: 0ms
05-26 23:04:23.386  1259  1259 D SystemServerTiming: OnBootPhase_520_com.android.server.derp.CustomDeviceConfigService
05-26 23:04:23.386  1259  1259 V SystemServerTiming: OnBootPhase_520_com.android.server.derp.CustomDeviceConfigService took to complete: 0ms
05-26 23:04:23.387  1259  1259 D SystemServerTiming: OnBootPhase_520_com.android.server.vibrator.LinearmotorVibratorService
05-26 23:04:23.387  1259  1259 V SystemServerTiming: OnBootPhase_520_com.android.server.vibrator.LinearmotorVibratorService took to complete: 0ms
05-26 23:04:23.387  1259  1259 D SystemServerTiming: OnBootPhase_520_com.android.server.derp.LineageHardwareService
05-26 23:04:23.387  1259  1259 V SystemServerTiming: OnBootPhase_520_com.android.server.derp.LineageHardwareService took to complete: 0ms
05-26 23:04:23.387  1259  1259 D SystemServerTiming: OnBootPhase_520_com.android.server.derp.display.LiveDisplayService
05-26 23:04:23.387  1259  1259 V SystemServerTiming: OnBootPhase_520_com.android.server.derp.display.LiveDisplayService took to complete: 0ms
05-26 23:04:23.387  1259  1259 D SystemServerTiming: OnBootPhase_520_com.android.server.derp.health.HealthInterfaceService
05-26 23:04:23.387  1259  1259 V SystemServerTiming: OnBootPhase_520_com.android.server.derp.health.HealthInterfaceService took to complete: 0ms
05-26 23:04:23.387  1259  1259 D SystemServerTiming: OnBootPhase_520_com.android.server.media.projection.MediaProjectionManagerService
05-26 23:04:23.387  1259  1259 V SystemServerTiming: OnBootPhase_520_com.android.server.media.projection.MediaProjectionManagerService took to complete: 0ms
05-26 23:04:23.387  1259  1259 D SystemServerTiming: OnBootPhase_520_com.android.server.slice.SliceManagerService$Lifecycle
05-26 23:04:23.387  1259  1259 V SystemServerTiming: OnBootPhase_520_com.android.server.slice.SliceManagerService$Lifecycle took to complete: 0ms
05-26 23:04:23.387  1259  1259 D SystemServerTiming: OnBootPhase_520_com.android.server.stats.StatsCompanion$Lifecycle
05-26 23:04:23.387  1259  1259 V SystemServerTiming: OnBootPhase_520_com.android.server.stats.StatsCompanion$Lifecycle took to complete: 0ms
05-26 23:04:23.387  1259  1259 D SystemServerTiming: OnBootPhase_520_com.android.server.scheduling.RebootReadinessManagerService$Lifecycle
05-26 23:04:23.387  1259  1259 V SystemServerTiming: OnBootPhase_520_com.android.server.scheduling.RebootReadinessManagerService$Lifecycle took to complete: 0ms
05-26 23:04:23.387  1259  1259 D SystemServerTiming: OnBootPhase_520_com.android.server.stats.pull.StatsPullAtomService
05-26 23:04:23.387  1259  1259 V SystemServerTiming: OnBootPhase_520_com.android.server.stats.pull.StatsPullAtomService took to complete: 0ms
05-26 23:04:23.388  1259  1259 D SystemServerTiming: OnBootPhase_520_com.android.server.stats.bootstrap.StatsBootstrapAtomService$Lifecycle
05-26 23:04:23.388  1259  1259 V SystemServerTiming: OnBootPhase_520_com.android.server.stats.bootstrap.StatsBootstrapAtomService$Lifecycle took to complete: 0ms
05-26 23:04:23.388  1259  1259 D SystemServerTiming: OnBootPhase_520_com.android.server.incident.IncidentCompanionService
05-26 23:04:23.388  1259  1259 V SystemServerTiming: OnBootPhase_520_com.android.server.incident.IncidentCompanionService took to complete: 0ms
05-26 23:04:23.388  1259  1259 D SystemServerTiming: OnBootPhase_520_com.android.server.sdksandbox.SdkSandboxManagerService$Lifecycle
05-26 23:04:23.388  1259  1259 V SystemServerTiming: OnBootPhase_520_com.android.server.sdksandbox.SdkSandboxManagerService$Lifecycle took to complete: 0ms
05-26 23:04:23.388  1259  1259 D SystemServerTiming: OnBootPhase_520_com.android.server.adservices.AdServicesManagerService$Lifecycle
05-26 23:04:23.388  1259  1259 V SystemServerTiming: OnBootPhase_520_com.android.server.adservices.AdServicesManagerService$Lifecycle took to complete: 0ms
05-26 23:04:23.388  1259  1259 D SystemServerTiming: OnBootPhase_520_com.android.server.MmsServiceBroker
05-26 23:04:23.388  1259  1259 V SystemServerTiming: OnBootPhase_520_com.android.server.MmsServiceBroker took to complete: 0ms
05-26 23:04:23.388  1259  1259 D SystemServerTiming: OnBootPhase_520_com.android.server.autofill.AutofillManagerService
05-26 23:04:23.388  1259  1259 V SystemServerTiming: OnBootPhase_520_com.android.server.autofill.AutofillManagerService took to complete: 0ms
05-26 23:04:23.388  1259  1259 D SystemServerTiming: OnBootPhase_520_com.android.server.translation.TranslationManagerService
05-26 23:04:23.388  1259  1259 V SystemServerTiming: OnBootPhase_520_com.android.server.translation.TranslationManagerService took to complete: 0ms
05-26 23:04:23.388  1259  1259 D SystemServerTiming: OnBootPhase_520_com.android.server.clipboard.ClipboardService
05-26 23:04:23.388  1259  1259 V SystemServerTiming: OnBootPhase_520_com.android.server.clipboard.ClipboardService took to complete: 0ms
05-26 23:04:23.388  1259  1259 D SystemServerTiming: OnBootPhase_520_com.android.server.appbinding.AppBindingService$Lifecycle
05-26 23:04:23.389  1259  1259 V SystemServerTiming: OnBootPhase_520_com.android.server.appbinding.AppBindingService$Lifecycle took to complete: 0ms
05-26 23:04:23.389  1259  1259 D SystemServerTiming: OnBootPhase_520_com.android.server.tracing.TracingServiceProxy
05-26 23:04:23.389  1259  1259 V SystemServerTiming: OnBootPhase_520_com.android.server.tracing.TracingServiceProxy took to complete: 0ms
05-26 23:04:23.389  1259  1259 D SystemServerTiming: OnBootPhase_520_com.android.server.policy.PermissionPolicyService
05-26 23:04:23.391  1259  1259 V SystemServerTiming: OnBootPhase_520_com.android.server.policy.PermissionPolicyService took to complete: 3ms
