05-13 16:21:06.194  5457  5457 D SSCtr   : setSignalStrengthReportingCriteria consolidatedSignalThresholdInfos=[SignalThresholdInfo{mRan=1 mSignalMeasurementType=1 mHysteresisMs=3000 mHysteresisDb=2 mThresholds=[-109, -103, -97, -89] mIsEnabled=true}, SignalThresholdInfo{mRan=2 mSignalMeasurementType=2 mHysteresisMs=3000 mHysteresisDb=2 mThresholds=[-114, -104, -94, -84] mIsEnabled=true}, SignalThresholdInfo{mRan=3 mSignalMeasurementType=3 mHysteresisMs=3000 mHysteresisDb=2 mThresholds=[-128, -118, -108, -98] mIsEnabled=true}, SignalThresholdInfo{mRan=4 mSignalMeasurementType=1 mHysteresisMs=3000 mHysteresisDb=2 mThresholds=[-105, -90, -75, -65] mIsEnabled=true}]
05-13 16:21:06.194  5457  5481 D RILJ    : [0067]< SET_SIGNAL_STRENGTH_REPORTING_CRITERIA error 1 [PHONE1]
05-13 16:21:06.194  5457  5481 D RilRequest: [0067]< SET_SIGNAL_STRENGTH_REPORTING_CRITERIA error: com.android.internal.telephony.CommandException: RADIO_NOT_AVAILABLE ret= result=null
05-13 16:21:06.195  5457  5457 D RILJ    : [0068]> SET_SIGNAL_STRENGTH_REPORTING_CRITERIA [PHONE1]
05-13 16:21:06.195  5457  5481 E RILJ    : processResponse: Unexpected response! serial: 67 ,error: 1
05-13 16:21:06.195  5457  5481 E RILJ    : processResponse: Unexpected response! serial: 67 ,error: 1
05-13 16:21:06.196  5457  5481 E RILJ    : processResponse: Unexpected response! serial: 67 ,error: 1
05-13 16:21:06.196  5457  5457 D SSCtr   : setSignalStrengthReportingCriteria consolidatedSignalThresholdInfos=[SignalThresholdInfo{mRan=1 mSignalMeasurementType=1 mHysteresisMs=3000 mHysteresisDb=2 mThresholds=[-109, -103, -97, -89] mIsEnabled=true}, SignalThresholdInfo{mRan=2 mSignalMeasurementType=2 mHysteresisMs=3000 mHysteresisDb=2 mThresholds=[-114, -104, -94, -84] mIsEnabled=true}, SignalThresholdInfo{mRan=3 mSignalMeasurementType=3 mHysteresisMs=3000 mHysteresisDb=2 mThresholds=[-128, -118, -108, -98] mIsEnabled=true}, SignalThresholdInfo{mRan=4 mSignalMeasurementType=1 mHysteresisMs=3000 mHysteresisDb=2 mThresholds=[-105, -90, -75, -65] mIsEnabled=true}]
05-13 16:21:06.196  5457  5481 D RILJ    : [0068]< SET_SIGNAL_STRENGTH_REPORTING_CRITERIA error 1 [PHONE1]
05-13 16:21:06.196  5457  5481 D RilRequest: [0068]< SET_SIGNAL_STRENGTH_REPORTING_CRITERIA error: com.android.internal.telephony.CommandException: RADIO_NOT_AVAILABLE ret= result=null
05-13 16:21:06.198  5457  5481 E RILJ    : processResponse: Unexpected response! serial: 68 ,error: 1
05-13 16:21:06.198  5457  5481 E RILJ    : processResponse: Unexpected response! serial: 68 ,error: 1
05-13 16:21:06.198  5457  5481 E RILJ    : processResponse: Unexpected response! serial: 68 ,error: 1
05-13 16:21:06.199  5457  5457 D SST     : [1] EVENT_ICC_CHANGED: SIM absent
05-13 16:21:06.199  5457  5457 D SST     : [1] cancelAllNotifications: mPrevSubId=-1
05-13 16:21:06.199  5457  5457 D SST     : [1] updateSpnDisplayLegacy+
05-13 16:21:06.200  5457  5457 D SST     : [1] updateSpnDisplay: radio is on but out of service, set plmn='No service'
05-13 16:21:06.200  5457  5457 D SST     : [1] updateSpnDisplay: rawSpn = 
05-13 16:21:06.201  5457  5457 D SST     : [1] updateSpnDisplay: updateSpnDisplay: changed sending intent, rule=2, showPlmn='true', plmn='No service', showSpn='false', spn='', dataSpn='', subId='-1'
05-13 16:21:06.201  5457  5457 D SubscriptionManager: putPhoneIdAndSubIdExtra: no valid subs
05-13 16:21:06.207  5457  5457 D SST     : [1] updateSpnDisplayLegacy-
05-13 16:21:06.207  5457  5457 D SST     : [1] SubscriptionListener.onSubscriptionInfoChanged
05-13 16:21:06.209  5457  5470 E PhoneSubInfoController: getLine1Number phone is null for Subscription:1
05-13 16:21:06.210  5457  5457 D NRM-C-1 : Trying to bind com.android.phone for transport WWAN
05-13 16:21:06.210  5457  5470 E PhoneSubInfoController: getLine1Number phone is null for Subscription:2
05-13 16:21:06.213  5457  5457 E NRM-I-1 : Can't find the binding package
05-13 16:21:06.213  5457  5457 D SST     : [1] setPowerStateToDesired: mDeviceShuttingDown=false, mDesiredPowerState=true, getRadioState=0, mRadioDisabledByCarrier=false, IMS reg state=false, pending radio off=false
05-13 16:21:06.215  5457  5457 D RILJ    : [0069]> RADIO_POWER on = true forEmergencyCall= false preferredForEmergencyCall=false [PHONE1]
05-13 16:21:06.215  5457  5457 D SST     : [1] pollState: modemTriggered=true, radioState=0
05-13 16:21:06.217  5457  5457 D RILJ    : [0070]> OPERATOR [PHONE1]
05-13 16:21:06.217  5457  5457 E NRM-C-1 : service not connected. Domain = PS
05-13 16:21:06.217  5457  5457 E NRM-C-1 : service not connected. Domain = CS
05-13 16:21:06.217  5457  5457 E NRM-I-1 : service not connected. Domain = PS
05-13 16:21:06.218  5457  5457 D RILJ    : [0071]> QUERY_NETWORK_SELECTION_MODE [PHONE1]
05-13 16:21:06.219  5457  5457 D SST     : [1] setPowerStateToDesired: mDeviceShuttingDown=false, mDesiredPowerState=true, getRadioState=0, mRadioDisabledByCarrier=false, IMS reg state=false, pending radio off=false
05-13 16:21:06.220  5457  5457 D RILJ    : [0072]> RADIO_POWER on = true forEmergencyCall= false preferredForEmergencyCall=false [PHONE1]
05-13 16:21:06.220  5457  5457 D SST     : [1] pollState: modemTriggered=true, radioState=0
05-13 16:21:06.221  5457  5457 D RILJ    : [0073]> OPERATOR [PHONE1]
05-13 16:21:06.221  5457  5457 E NRM-C-1 : service not connected. Domain = PS
05-13 16:21:06.221  5457  5457 E NRM-C-1 : service not connected. Domain = CS
05-13 16:21:06.221  5457  5457 E NRM-I-1 : service not connected. Domain = PS
05-13 16:21:06.222  5457  5457 D RILJ    : [0074]> QUERY_NETWORK_SELECTION_MODE [PHONE1]
05-13 16:21:06.224  5457  5481 D RILJ    : [0070]< OPERATOR {, , } [PHONE1]
05-13 16:21:06.224  5457  5457 I CSST    : isNrSupported:  carrierConfigEnabled: true, AccessFamilySupported: false, isNrNetworkTypeAllowed: false
05-13 16:21:06.224  5457  5481 D RILJ    : [0071]< QUERY_NETWORK_SELECTION_MODE {0} [PHONE1]
05-13 16:21:06.224  5457  5457 I CSST    : PrefNetworkNotification: sendMessage() w/values: ,false,-1,false,false
05-13 16:21:06.225  5457  5457 I CSST    : canceling notifications: 1000
05-13 16:21:06.225  5457  5457 D CSST    : isPhoneRegisteredForWifiCalling: false
05-13 16:21:06.225  5457  5457 I CSST    : EmergencyNetworkNotification: sendMessage() w/values: ,-1,false,false
05-13 16:21:06.226  5457  5457 I CSST    : canceling notifications: 1001
05-13 16:21:06.227  5457  5457 I CSST    : isNrSupported:  carrierConfigEnabled: true, AccessFamilySupported: false, isNrNetworkTypeAllowed: false
05-13 16:21:06.227  5457  5457 I CSST    : PrefNetworkNotification: sendMessage() w/values: ,false,-1,false,false
05-13 16:21:06.228  5457  5457 I CSST    : canceling notifications: 1000
05-13 16:21:06.228  5457  5457 D CSST    : isPhoneRegisteredForWifiCalling: false
05-13 16:21:06.228  5457  5457 I CSST    : EmergencyNetworkNotification: sendMessage() w/values: ,-1,false,false
05-13 16:21:06.228  5457  5457 I CSST    : canceling notifications: 1001
05-13 16:21:06.228  5457  5457 D EmergencyNumberTracker: updateRadioEmergencyNumberListAndNotify(): receiving []
05-13 16:21:06.229  5457  5457 D RILJ    : [0075]> SEND_DEVICE_STATE 1:false [PHONE1]
05-13 16:21:06.231  5457  5481 D RILJ    : [0075]< SEND_DEVICE_STATE error 6 [PHONE1]
05-13 16:21:06.231  5457  5481 D RilRequest: [0075]< SEND_DEVICE_STATE error: com.android.internal.telephony.CommandException: REQUEST_NOT_SUPPORTED ret= result=null
05-13 16:21:06.231  5457  5457 D RILJ    : [0076]> SEND_DEVICE_STATE 2:false [PHONE1]
05-13 16:21:06.232  1105  1174 D RmcDcMiscHandler: [1][handleSendDeviceStateRequest]: state: 0
05-13 16:21:06.233  5457  5457 D RILJ    : [0077]> SEND_DEVICE_STATE 0:false [PHONE1]
05-13 16:21:06.235  5457  5457 D RILJ    : [0078]> SET_UNSOLICITED_RESPONSE_FILTER -1 [PHONE1]
05-13 16:21:06.236  5457  5457 D RILJ    : [0079]> SET_LINK_CAPACITY_REPORTING_CRITERIA [PHONE1]
05-13 16:21:06.236  5457  5481 D RILJ    : Unsol response received; Sending ack to ril.cpp [PHONE1]
05-13 16:21:06.237  5457  5481 D RILJ    : [UNSL]< UNSOL_RESPONSE_NETWORK_STATE_CHANGED [PHONE1]
05-13 16:21:06.237  5457  5481 D RILJ    : [0069]< RADIO_POWER  [PHONE1]
05-13 16:21:06.238  5457  5457 D RILJ    : [0081]> SET_LINK_CAPACITY_REPORTING_CRITERIA [PHONE1]
05-13 16:21:06.238  1105  1129 D RtcImsConfigController: [1] onRadioStateChanged, state = 10
05-13 16:21:06.238  1105  1129 D RtcImsConfigController: [1] onRadioStateChanged, currentIccid: ***, mSendCfgIccid: ***
05-13 16:21:06.238  1105  1129 D RtcImsConfigController: [1] onRadioStateChanged, currentMccmnc: 40430, mSendCfgMccmnc: -1
05-13 16:21:06.238  1105  1129 D RTC_EMBMS_CON_PROXY: [1] radioState 10
05-13 16:21:06.239  5457  5481 D RILJ    : Unsol response received; Sending ack to ril.cpp [PHONE1]
05-13 16:21:06.239  5457  5457 D RILJ    : [0082]> SET_LINK_CAPACITY_REPORTING_CRITERIA [PHONE1]
05-13 16:21:06.239  5457  5481 D RILJ    : [UNSL]< UNSOL_RESPONSE_RADIO_STATE_CHANGED radioStateChanged: 1 [PHONE1]
05-13 16:21:06.240  5457  5481 D RILJ    : [0073]< OPERATOR {, , } [PHONE1]
05-13 16:21:06.241  5457  5457 D RILJ    : [0084]> SET_LINK_CAPACITY_REPORTING_CRITERIA [PHONE1]
05-13 16:21:06.242  5457  5481 D RILJ    : [0074]< QUERY_NETWORK_SELECTION_MODE {0} [PHONE1]
05-13 16:21:06.242  5457  5481 D RILJ    : [0076]< SEND_DEVICE_STATE  [PHONE1]
05-13 16:21:06.243  5457  5457 D RILJ    : [0085]> SEND_DEVICE_STATE 1:false [PHONE1]
05-13 16:21:06.243  5457  5481 D RILJ    : [0077]< SEND_DEVICE_STATE error 6 [PHONE1]
05-13 16:21:06.243  5457  5481 D RilRequest: [0077]< SEND_DEVICE_STATE error: com.android.internal.telephony.CommandException: REQUEST_NOT_SUPPORTED ret= result=null
05-13 16:21:06.244  5457  5457 D RILJ    : [0086]> SEND_DEVICE_STATE 2:false [PHONE1]
05-13 16:21:06.245  5457  5457 D RILJ    : [0087]> SEND_DEVICE_STATE 0:false [PHONE1]
05-13 16:21:06.245  5457  5481 D RILJ    : [0079]< SET_LINK_CAPACITY_REPORTING_CRITERIA  [PHONE1]
05-13 16:21:06.246  5457  5481 D RILJ    : [0072]< RADIO_POWER  [PHONE1]
05-13 16:21:06.247  5457  5457 D RILJ    : [0088]> SET_UNSOLICITED_RESPONSE_FILTER -1 [PHONE1]
05-13 16:21:06.248  5457  5457 D RILJ    : [0089]> SET_LINK_CAPACITY_REPORTING_CRITERIA [PHONE1]
05-13 16:21:06.249  5457  5457 D RILJ    : [0090]> SET_LINK_CAPACITY_REPORTING_CRITERIA [PHONE1]
05-13 16:21:06.250  5457  5457 D RILJ    : [0091]> SET_LINK_CAPACITY_REPORTING_CRITERIA [PHONE1]
05-13 16:21:06.250  5457  5481 D RILJ    : [0081]< SET_LINK_CAPACITY_REPORTING_CRITERIA  [PHONE1]
05-13 16:21:06.251  5457  5457 D RILJ    : [0092]> SET_LINK_CAPACITY_REPORTING_CRITERIA [PHONE1]
05-13 16:21:06.252  5457  5457 D NetworkTypeController: [1] DefaultState: process EVENT_INITIALIZE
05-13 16:21:06.253  5457  5481 D RILJ    : [0082]< SET_LINK_CAPACITY_REPORTING_CRITERIA  [PHONE1]
05-13 16:21:06.254  5457  5457 D NetworkTypeController: [1] mOverrideTimerRules: {connected={mState=connected, mOverrideType=NR_NSA, mPrimaryTimers={}, mSecondaryTimers={}}, not_restricted_rrc_con={mState=not_restricted_rrc_con, mOverrideType=NR_NSA, mPrimaryTimers={}, mSecondaryTimers={}}, legacy={mState=legacy, mOverrideType=NONE, mPrimaryTimers={}, mSecondaryTimers={}}, not_restricted_rrc_idle={mState=not_restricted_rrc_idle, mOverrideType=NR_NSA, mPrimaryTimers={}, mSecondaryTimers={}}, restricted={mState=restricted, mOverrideType=NONE, mPrimaryTimers={}, mSecondaryTimers={}}, connected_mmwave={mState=connected_mmwave, mOverrideType=NR_NSA, mPrimaryTimers={}, mSecondaryTimers={}}}
05-13 16:21:06.254  5457  5457 D NetworkTypeController: [1] DefaultState: process EVENT_UPDATE
05-13 16:21:06.254  5457  5457 D NetworkTypeController: [1] Reset timers since preferred network mode changed.
05-13 16:21:06.254  5457  5457 D NetworkTypeController: [1] Entering LegacyState
05-13 16:21:06.254  5457  5457 D NetworkTypeController: [1] Reset timers since NR is not allowed.
05-13 16:21:06.254  5457  5457 D DIC-1   : TelephonyDisplayInfo changed from null to TelephonyDisplayInfo {network=UNKNOWN, override=NONE}
05-13 16:21:06.256  1105  1174 D RmcDcMiscHandler: [1][handleSendDeviceStateRequest]: state: 0
05-13 16:21:06.256  5457  5481 D RILJ    : [0084]< SET_LINK_CAPACITY_REPORTING_CRITERIA error 40 [PHONE1]
05-13 16:21:06.256  5457  5481 D RilRequest: [0084]< SET_LINK_CAPACITY_REPORTING_CRITERIA error: com.android.internal.telephony.CommandException: MODEM_ERR ret= result=null
05-13 16:21:06.256  5457  5481 D RILJ    : [0085]< SEND_DEVICE_STATE error 6 [PHONE1]
05-13 16:21:06.257  5457  5481 D RilRequest: [0085]< SEND_DEVICE_STATE error: com.android.internal.telephony.CommandException: REQUEST_NOT_SUPPORTED ret= result=null
05-13 16:21:06.259  5457  5481 D RILJ    : [0086]< SEND_DEVICE_STATE  [PHONE1]
05-13 16:21:06.259  5457  5457 D DSMGR-1 : mIsDataEnabled=true, prevDataEnabled=false
05-13 16:21:06.259  5457  5457 D DSMGR-1 : notifyDataEnabledChanged: enabled=true, reason=UNKNOWN, callingPackage=com.android.phone
05-13 16:21:06.260  5457  5457 D DRM-1   : Remove all retry and throttling entries, reason=RADIO_ON
05-13 16:21:06.260  5457  5481 D RILJ    : [0087]< SEND_DEVICE_STATE error 6 [PHONE1]
05-13 16:21:06.261  5457  5481 D RilRequest: [0087]< SEND_DEVICE_STATE error: com.android.internal.telephony.CommandException: REQUEST_NOT_SUPPORTED ret= result=null
05-13 16:21:06.263  5457  5481 D RILJ    : [0089]< SET_LINK_CAPACITY_REPORTING_CRITERIA  [PHONE1]
05-13 16:21:06.265  5457  5481 D RILJ    : Unsol response received; Sending ack to ril.cpp [PHONE1]
05-13 16:21:06.265  5457  5481 D RILJ    : [UNSL]< UNSOL_RESPONSE_NETWORK_STATE_CHANGED [PHONE1]
05-13 16:21:06.265  5457  5457 D CarrierResolver: handleMessage: 2
05-13 16:21:06.267  5457  5481 D RILJ    : [0090]< SET_LINK_CAPACITY_REPORTING_CRITERIA  [PHONE1]
05-13 16:21:06.275  5457  5481 D RILJ    : [0091]< SET_LINK_CAPACITY_REPORTING_CRITERIA  [PHONE1]
05-13 16:21:06.280  5457  5481 D RILJ    : [0092]< SET_LINK_CAPACITY_REPORTING_CRITERIA error 40 [PHONE1]
05-13 16:21:06.280  5457  5481 D RilRequest: [0092]< SET_LINK_CAPACITY_REPORTING_CRITERIA error: com.android.internal.telephony.CommandException: MODEM_ERR ret= result=null
05-13 16:21:06.286  5457  5481 D RILJ    : [0078]< SET_UNSOLICITED_RESPONSE_FILTER  [PHONE1]
05-13 16:21:06.325  5457  5481 D RILJ    : [0088]< SET_UNSOLICITED_RESPONSE_FILTER  [PHONE1]
05-13 16:21:06.441  1105  1136 D RmcImsCCUrcHandler: [0] onEmergencyBearerSupportInfo
05-13 16:21:06.442  1105  1129 D RtcImsEvent: [0] onHandleUrc: RFX_MSG_URC_EMERGENCY_BEARER_SUPPORT_NOTIFY
05-13 16:21:06.442  1105  1129 D RtcCC   : [0] [handleEmergencyBearerSupportNotify], eccBearerSupport=1
05-13 16:21:06.514  1105  1129 D EccNumberSource: [XML][0][update] START for plmn: **5873, isSimInsert: 1
05-13 16:21:06.522  5457  5481 D RILJ    : Unsol response received; Sending ack to ril.cpp [PHONE0]
05-13 16:21:06.522  5457  5481 D RILJ    : [UNSL]< UNSOL_EMERGENCY_NUMBER_LIST [EmergencyNumber:Number-112|CountryIso-|Mnc-|ServiceCategories-0|Urns-[]|Sources-1000|Routing-0, EmergencyNumber:Number-911|CountryIso-|Mnc-|ServiceCategories-0|Urns-[]|Sources-1000|Routing-0] [PHONE0]
05-13 16:21:06.784  5457  5457 D SST     : [1] setPowerStateToDesired: mDeviceShuttingDown=false, mDesiredPowerState=true, getRadioState=1, mRadioDisabledByCarrier=false, IMS reg state=false, pending radio off=false
05-13 16:21:06.785  5457  5457 D SST     : [1] pollState: modemTriggered=true, radioState=1
05-13 16:21:06.786  5457  5457 D RILJ    : [0095]> OPERATOR [PHONE1]
05-13 16:21:06.786  5457  5457 E NRM-C-1 : service not connected. Domain = PS
05-13 16:21:06.787  5457  5457 E NRM-C-1 : service not connected. Domain = CS
05-13 16:21:06.787  5457  5457 E NRM-I-1 : service not connected. Domain = PS
05-13 16:21:06.788  5457  5457 D RILJ    : [0096]> QUERY_NETWORK_SELECTION_MODE [PHONE1]
05-13 16:21:06.789  5457  5457 D SSCtr   : onDeviceIdleStateChanged isDeviceIdle=true
05-13 16:21:06.789  5457  5457 D RILJ    : [0097]> SEND_DEVICE_STATE 2:true [PHONE1]
05-13 16:21:06.790  5457  5481 D RILJ    : [0095]< OPERATOR {, , } [PHONE1]
05-13 16:21:06.791  1105  1174 D RmcDcMiscHandler: [1][handleSendDeviceStateRequest]: state: 1
05-13 16:21:06.791  5457  5457 D RILJ    : [0098]> SET_UNSOLICITED_RESPONSE_FILTER 32 [PHONE1]
05-13 16:21:06.791  5457  5481 D RILJ    : [0096]< QUERY_NETWORK_SELECTION_MODE {0} [PHONE1]
05-13 16:21:06.794  5457  5481 D RILJ    : [0097]< SEND_DEVICE_STATE  [PHONE1]
05-13 16:21:06.794  5457  5457 D PhoneCfgMgr: Received EVENT_RADIO_AVAILABLE/EVENT_RADIO_ON
05-13 16:21:06.797  5457  5457 D RILJ    : [0099]> GET_MODEM_STATUS [PHONE0]
05-13 16:21:06.797  5457  5457 D PhoneCfgMgr: getStaticPhoneCapability: sending the request for getting PhoneCapability
05-13 16:21:06.797  5457  5457 D RadioConfig: [0100]> GET_PHONE_CAPABILITY
05-13 16:21:06.798  1105  1105 D RadioConfig_service: radioConfig::getPhoneCapability serial=100
05-13 16:21:06.798  5457  5457 D PhoneCfgMgr: getStaticPhoneCapability: mStaticCapability mMaxActiveVoiceSubscriptions=1 mMaxActiveDataSubscriptions=1 mNetworkValidationBeforeSwitchSupported=false mDeviceNrCapability []
05-13 16:21:06.798  5457  5457 D PhoneCfgMgr: Received EVENT_RADIO_AVAILABLE/EVENT_RADIO_ON
05-13 16:21:06.798  5457  5481 D RILJ    : [0099]< GET_MODEM_STATUS true [PHONE0]
05-13 16:21:06.799  5457  5457 D RILJ    : [0101]> GET_MODEM_STATUS [PHONE1]
05-13 16:21:06.799  5457  5457 D PhoneCfgMgr: getStaticPhoneCapability: sending the request for getting PhoneCapability
05-13 16:21:06.799  5457  5457 D RadioConfig: [0102]> GET_PHONE_CAPABILITY
05-13 16:21:06.799  1105  1105 D RadioConfig_service: radioConfig::getPhoneCapability serial=102
05-13 16:21:06.799  5457  5457 D PhoneCfgMgr: getStaticPhoneCapability: mStaticCapability mMaxActiveVoiceSubscriptions=1 mMaxActiveDataSubscriptions=1 mNetworkValidationBeforeSwitchSupported=false mDeviceNrCapability []
05-13 16:21:06.801  5457  5481 D RILJ    : Unsol response received; Sending ack to ril.cpp [PHONE1]
05-13 16:21:06.801  5457  5481 D RILJ    : [UNSL]< UNSOL_RESPONSE_NETWORK_STATE_CHANGED [PHONE1]
05-13 16:21:06.801  5457  5481 D RadioConfigResponse: [0100]< GET_PHONE_CAPABILITY mMaxActiveVoiceSubscriptions=0 mMaxActiveDataSubscriptions=1 mNetworkValidationBeforeSwitchSupported=false mDeviceNrCapability []
05-13 16:21:06.802  5457  5457 D TelephonyNetworkFactory[0]: onActivePhoneSwitch
05-13 16:21:06.802  5457  5481 D RILJ    : [0101]< GET_MODEM_STATUS true [PHONE1]
05-13 16:21:06.802  5457  5481 D RadioConfigResponse: [0102]< GET_PHONE_CAPABILITY mMaxActiveVoiceSubscriptions=0 mMaxActiveDataSubscriptions=1 mNetworkValidationBeforeSwitchSupported=false mDeviceNrCapability []
05-13 16:21:06.803  5457  5457 D TelephonyNetworkFactory[1]: onActivePhoneSwitch
05-13 16:21:06.805  5457  5498 D ImsProvisioningController: MmTelFeatureListener[0] subId is not changed
05-13 16:21:06.805  5457  5498 D ImsProvisioningController: MmTelFeatureListener[1] subId is not changed
05-13 16:21:06.805  5457  5498 D ImsProvisioningController: RcsFeatureListener[0] subId is not changed
05-13 16:21:06.805  5457  5498 D ImsProvisioningController: RcsFeatureListener[1] subId is not changed
05-13 16:21:06.805  5457  5498 D ImsProvisioningController: ProvisioningCallbackManager[0] subId is not changed 
05-13 16:21:06.805  5457  5498 D ImsProvisioningController: ProvisioningCallbackManager[1] subId is not changed 
05-13 16:21:06.809  5457  5457 E PhoneSubInfoController: getLine1Number phone is null for Subscription:-1
05-13 16:21:06.820  5457  5481 D RILJ    : [0098]< SET_UNSOLICITED_RESPONSE_FILTER  [PHONE1]
05-13 16:21:06.860  5457  5457 D ImsManagerIM [0]: ImsService not up yet - timeout waiting for connection.
05-13 16:21:06.887  5457  5503 D ONS     : SIM state changed
05-13 16:21:06.888  5457  5457 D GsmSMSDispatcher: GsmSMSDispatcher: subId = -1 slotId = 0
05-13 16:21:06.888  5457  5457 D SST     : [0] EVENT_ICC_CHANGED: SIM absent
05-13 16:21:06.888  5457  5457 D SST     : [0] cancelAllNotifications: mPrevSubId=-1
05-13 16:21:06.888  5457  5457 D SST     : [0] updateSpnDisplayLegacy+
05-13 16:21:06.889  5457  5457 D SST     : [0] updateSpnDisplay: radio is on but out of service, set plmn='No service'
05-13 16:21:06.889  5457  5457 D SST     : [0] updateSpnDisplay: rawSpn = 
05-13 16:21:06.890  5457  5457 D SST     : [0] updateSpnDisplayLegacy-
05-13 16:21:06.890  5457  5457 D CarrierResolver: handleMessage: 2
05-13 16:21:06.890  5457  5457 D GsmSMSDispatcher: GsmSMSDispatcher: subId = -1 slotId = 1
05-13 16:21:06.890  5457  5457 D SST     : [1] EVENT_ICC_CHANGED: SIM absent
05-13 16:21:06.890  5457  5457 D SST     : [1] cancelAllNotifications: mPrevSubId=-1
05-13 16:21:06.891  5457  5457 D SST     : [1] updateSpnDisplayLegacy+
05-13 16:21:06.891  5457  5457 D SST     : [1] updateSpnDisplay: radio is on but out of service, set plmn='No service'
05-13 16:21:06.892  5457  5457 D SST     : [1] updateSpnDisplay: rawSpn = 
05-13 16:21:06.892  5457  5457 D SST     : [1] updateSpnDisplayLegacy-
05-13 16:21:06.892  5457  5457 D CarrierResolver: handleMessage: 2
05-13 16:21:06.892  5457  5457 D GsmCdmaCallTracker: Event EVENT_POLL_CALLS_RESULT Received
05-13 16:21:06.892  5457  5457 D GsmCdmaCallTracker: [0] update phone state, old=IDLE new=IDLE
05-13 16:21:06.892  5457  5457 D SmsDispatchersController: IMS registration state: false format: 3gpp2
05-13 16:21:06.894  5457  5457 D CdmaSSM : CDMA_SUBSCRIPTION_SOURCE event = 2
05-13 16:21:06.894  5457  5457 W CdmaSSM : Unable to get CDMA Subscription Source, Exception: com.android.internal.telephony.CommandException: REQUEST_NOT_SUPPORTED, result: [I@5a4ee4
05-13 16:21:06.894  5457  5457 D UiccSlot: Creating
05-13 16:21:06.894  5457  5457 D UiccSlot: cardStatus update: IccCardState {CARDSTATE_PRESENT,PINSTATE_DISABLED,num_apps=1,gsm_id=0{APPTYPE_USIM,APPSTATE_READY,pin1=PINSTATE_DISABLED,pin2=PINSTATE_ENABLED_NOT_VERIFIED},cdma_id=-1,ims_id=-1,atr=3B9C94801F478031E073FE211B54508B745499,iccid=899102734[****],eid=,SlotPortMapping={physicalSlotIndex=1, portIndex=0}}
05-13 16:21:06.895  5457  5457 D AnswerToReset: Successfully parsed the ATR string 3B9C94801F478031E073FE211B54508B745499 into AnswerToReset:{mConventionByte=3B,mFormatByte=9C,mInterfaceBytes={{TA=94,TB=null,TC=null,TD=80}{TA=null,TB=null,TC=null,TD=1F}{TA=47,TB=null,TC=null,TD=null}},mHistoricalBytes={80,31,E0,73,FE,21,1B,54,50,8B,74,54,},mCheckByte=99}
05-13 16:21:06.895  5457  5457 D UiccSlot:  checkIsEuiccSupported : false
05-13 16:21:06.895  5457  5457 D UiccSlot: update: radioState=1 mLastRadioState={}
05-13 16:21:06.895  5457  5457 D UiccPort: Creating
05-13 16:21:06.895  5457  5457 D UiccProfile: Creating profile
05-13 16:21:06.896  5457  5457 D UiccProfile: 1 applications
05-13 16:21:06.896  5457  5457 D UiccCardApplication: Creating UiccApp: {APPTYPE_USIM,APPSTATE_READY,pin1=PINSTATE_DISABLED,pin2=PINSTATE_ENABLED_NOT_VERIFIED}
05-13 16:21:06.896  5457  5457 D CarrierTestOverride: File path : /user_de/0/com.android.phone/files/carrier_test_conf_sim1.xml
05-13 16:21:06.896  5457  5457 W CarrierTestOverride: Can not open /data/user_de/0/com.android.phone/files/carrier_test_conf_sim1.xml
05-13 16:21:06.896  5457  5457 D UiccCardApplication: Notifying 1 registrant: READY
05-13 16:21:06.897  5457  5457 W VoiceMailConstants: Can't open /system/etc/voicemail-conf.xml
05-13 16:21:06.901  5457  5457 D RILJ    : [0104]> QUERY_FACILITY_LOCK facility = FD serviceClass = 7 appId = A0000000871002FF86FFFF89FFFFFFFF [PHONE1]
05-13 16:21:06.903  5457  5457 D RILJ    : [0105]> QUERY_FACILITY_LOCK facility = SC serviceClass = 7 appId = A0000000871002FF86FFFF89FFFFFFFF [PHONE1]
05-13 16:21:06.905  5457  5457 D CAT     : CatService: registerForRecordsLoaded slotid=1 instance:Handler (com.android.internal.telephony.cat.CatService) {1a39d8b}
05-13 16:21:06.906  5457  5457 D CAT     : CatService: Running CAT service on Slotid: 1. STK app installed:true
05-13 16:21:06.906  5457  5457 D UiccProfile: Before privilege rules: null : CARDSTATE_PRESENT
05-13 16:21:06.907  5457  5457 D UiccProfile: iccOpenLogicalChannel: A00000015144414300 , 0 by pid:5457 uid:1001
05-13 16:21:06.908  5457  5457 D RILJ    : [0106]> SIM_OPEN_CHANNEL [PHONE1]
05-13 16:21:06.908  5457  5457 D UiccCardApplication: Notifying 1 registrant: READY
05-13 16:21:06.908  5457  5457 D UiccProfile: Icc changed. Reregistering.
05-13 16:21:06.908  5457  5457 D UiccProfile: setExternalState: set mPhoneId=1 mExternalState=READY
05-13 16:21:06.909  5457  5481 D RILJ    : [0104]< QUERY_FACILITY_LOCK {0} [PHONE1]
05-13 16:21:06.909  5457  5457 D SubscriptionInfoUpdater: updateInternalIccState to simStatus READY reason null phoneId 1
05-13 16:21:06.909  5457  5457 D UiccProfile: update icc_operator_numeric=
05-13 16:21:06.912  5457  5481 D RILJ    : [0105]< QUERY_FACILITY_LOCK {0} [PHONE1]
05-13 16:21:06.914  5457  5457 D UiccSlot: Creating
05-13 16:21:06.914  5457  5457 D UiccSlot: cardStatus update: IccCardState {CARDSTATE_PRESENT,PINSTATE_DISABLED,num_apps=2,gsm_id=0{APPTYPE_USIM,APPSTATE_READY,pin1=PINSTATE_DISABLED,pin2=PINSTATE_ENABLED_NOT_VERIFIED},cdma_id=-1,ims_id=1{APPTYPE_ISIM,APPSTATE_READY,pin1=PINSTATE_DISABLED,pin2=PINSTATE_ENABLED_NOT_VERIFIED},atr=3B9F96801FC78031E073FE211B6441633200829000D1,iccid=899187301[****],eid=,SlotPortMapping={physicalSlotIndex=0, portIndex=0}}
05-13 16:21:06.914  5457  5457 D AnswerToReset: Successfully parsed the ATR string 3B9F96801FC78031E073FE211B6441633200829000D1 into AnswerToReset:{mConventionByte=3B,mFormatByte=9F,mInterfaceBytes={{TA=96,TB=null,TC=null,TD=80}{TA=null,TB=null,TC=null,TD=1F}{TA=C7,TB=null,TC=null,TD=null}},mHistoricalBytes={80,31,E0,73,FE,21,1B,64,41,63,32,00,82,90,00,},mCheckByte=D1}
05-13 16:21:06.915  5457  5457 D UiccSlot:  checkIsEuiccSupported : false
05-13 16:21:06.915  5457  5457 D UiccSlot: update: radioState=1 mLastRadioState={}
05-13 16:21:06.915  5457  5457 D UiccPort: Creating
05-13 16:21:06.915  5457  5457 D UiccProfile: Creating profile
05-13 16:21:06.915  5457  5457 D UiccProfile: 2 applications
05-13 16:21:06.915  5457  5457 D UiccCardApplication: Creating UiccApp: {APPTYPE_USIM,APPSTATE_READY,pin1=PINSTATE_DISABLED,pin2=PINSTATE_ENABLED_NOT_VERIFIED}
05-13 16:21:06.915  5457  5457 D CarrierTestOverride: File path : /user_de/0/com.android.phone/files/carrier_test_conf_sim0.xml
05-13 16:21:06.916  5457  5457 W CarrierTestOverride: Can not open /data/user_de/0/com.android.phone/files/carrier_test_conf_sim0.xml
05-13 16:21:06.916  5457  5457 D UiccCardApplication: Notifying 1 registrant: READY
05-13 16:21:06.916  5457  5457 W VoiceMailConstants: Can't open /system/etc/voicemail-conf.xml
05-13 16:21:06.920  5457  5457 D RILJ    : [0107]> QUERY_FACILITY_LOCK facility = FD serviceClass = 7 appId = A0000000871002FFFFFFFF8903010000 [PHONE0]
05-13 16:21:06.923  5457  5457 D RILJ    : [0108]> QUERY_FACILITY_LOCK facility = SC serviceClass = 7 appId = A0000000871002FFFFFFFF8903010000 [PHONE0]
05-13 16:21:06.924  5457  5457 D UiccCardApplication: Creating UiccApp: {APPTYPE_ISIM,APPSTATE_READY,pin1=PINSTATE_DISABLED,pin2=PINSTATE_ENABLED_NOT_VERIFIED}
05-13 16:21:06.924  5457  5457 D CarrierTestOverride: File path : /user_de/0/com.android.phone/files/carrier_test_conf_sim0.xml
05-13 16:21:06.924  5457  5457 W CarrierTestOverride: Can not open /data/user_de/0/com.android.phone/files/carrier_test_conf_sim0.xml
05-13 16:21:06.924  5457  5457 D UiccCardApplication: Notifying 1 registrant: READY
05-13 16:21:06.924  5457  5457 D IsimUiccRecords: [ISIM-0] IsimUiccRecords X ctor this=IsimUiccRecords: mDestroyed=false mContext=com.android.phone.PhoneGlobals@2d53f4d mCi=com.android.internal.telephony.RIL@4b35281 mFh=Handler (com.android.internal.telephony.uicc.IsimFileHandler) {9ba87b2} mParentApp=com.android.internal.telephony.uicc.UiccCardApplication@f703303 recordsToLoad=0 adnCache=null recordsRequested=false lockedRecordsReqReason=0 iccid=null msisdnTag=null voiceMailNum=null voiceMailTag=null voiceMailNum=null newVoiceMailTag=null isVoiceMailFixed=false mImsi=null mncLength=-1 mailboxIndex=0 spn=null
05-13 16:21:06.925  5457  5457 D RILJ    : [0109]> QUERY_FACILITY_LOCK facility = FD serviceClass = 7 appId = A0000000871004FFFFFFFF89 [PHONE0]
05-13 16:21:06.926  5457  5457 D RILJ    : [0110]> QUERY_FACILITY_LOCK facility = SC serviceClass = 7 appId = A0000000871004FFFFFFFF89 [PHONE0]
05-13 16:21:06.928  5457  5457 D CAT     : CatService: registerForRecordsLoaded slotid=0 instance:Handler (com.android.internal.telephony.cat.CatService) {fa296ac}
05-13 16:21:06.929  5457  5457 D CAT     : CatService: Running CAT service on Slotid: 0. STK app installed:true
05-13 16:21:06.929  5457  5457 D UiccProfile: Before privilege rules: null : CARDSTATE_PRESENT
05-13 16:21:06.929  5457  5457 D UiccProfile: iccOpenLogicalChannel: A00000015144414300 , 0 by pid:5457 uid:1001
05-13 16:21:06.930  5457  5457 D RILJ    : [0111]> SIM_OPEN_CHANNEL [PHONE0]
05-13 16:21:06.930  5457  5457 D UiccCardApplication: Notifying 1 registrant: READY
05-13 16:21:06.930  5457  5457 D UiccCardApplication: Notifying 1 registrant: READY
05-13 16:21:06.930  5457  5457 D UiccProfile: Icc changed. Reregistering.
05-13 16:21:06.930  5457  5457 D UiccProfile: setExternalState: set mPhoneId=0 mExternalState=READY
05-13 16:21:06.931  5457  5457 D SubscriptionInfoUpdater: updateInternalIccState to simStatus READY reason null phoneId 0
05-13 16:21:06.931  5457  5457 D UiccProfile: update icc_operator_numeric=
05-13 16:21:06.931  5457  5481 D RILJ    : [0107]< QUERY_FACILITY_LOCK {0} [PHONE0]
05-13 16:21:06.934  5457  5457 D SST     : [0] SubscriptionListener.onSubscriptionInfoChanged
05-13 16:21:06.934  5457  5457 D SST     : [1] SubscriptionListener.onSubscriptionInfoChanged
05-13 16:21:06.935  5457  5498 D ImsProvisioningController: MmTelFeatureListener[0] subId is not changed
05-13 16:21:06.935  5457  5481 D RILJ    : [0108]< QUERY_FACILITY_LOCK {0} [PHONE0]
05-13 16:21:06.935  5457  5498 D ImsProvisioningController: MmTelFeatureListener[1] subId is not changed
05-13 16:21:06.935  5457  5498 D ImsProvisioningController: RcsFeatureListener[0] subId is not changed
05-13 16:21:06.935  5457  5498 D ImsProvisioningController: RcsFeatureListener[1] subId is not changed
05-13 16:21:06.935  5457  5498 D ImsProvisioningController: ProvisioningCallbackManager[0] subId is not changed 
05-13 16:21:06.935  5457  5498 D ImsProvisioningController: ProvisioningCallbackManager[1] subId is not changed 
05-13 16:21:06.937  5457  5457 E PhoneSubInfoController: getLine1Number phone is null for Subscription:-1
05-13 16:21:06.942  5457  5481 D RILJ    : [0109]< QUERY_FACILITY_LOCK {0} [PHONE0]
05-13 16:21:06.945  5457  5481 D RILJ    : [0110]< QUERY_FACILITY_LOCK {0} [PHONE0]
05-13 16:21:06.968  5457  5481 D RILJ    : [0111]< SIM_OPEN_CHANNEL error 17 [PHONE0]
05-13 16:21:06.968  5457  5481 D RilRequest: [0111]< SIM_OPEN_CHANNEL error: com.android.internal.telephony.CommandException: NO_SUCH_ELEMENT ret= result={ when=-2m13s51ms what=8 obj={ when=-2m13s51ms what=1 target=com.android.internal.telephony.uicc.UiccCarrierPrivilegeRules } target=com.android.internal.telephony.uicc.UiccProfile$4 }
05-13 16:21:06.988  5457  5457 D ImsManagerIM [0]: ImsService not up yet - timeout waiting for connection.
05-13 16:21:07.002  5457  5457 D SSCtr   : clearSignalStrengthUpdateRequest subId=-1 callingUid=1002 request=SignalStrengthUpdateRequest{mSignalThresholdInfos=[] mIsReportingRequestedWhileIdle=false mIsSystemThresholdReportingRequestedWhileIdle=true mLiveTokenandroid.os.BinderProxy@d9aff7b}
05-13 16:21:07.003  5457  5457 D NetworkService: network service created
05-13 16:21:07.003  5457  5457 D SST     : [0] EVENT_POLL_STATE_NETWORK_SELECTION_MODE
05-13 16:21:07.004  5457  5457 D SST     : [0] EVENT_POLL_STATE_NETWORK_SELECTION_MODE
05-13 16:21:07.004  5457  5457 D NetworkTypeController: [0] LegacyState: process EVENT_DATA_RAT_CHANGED
05-13 16:21:07.005  5457  5457 D NetworkTypeController: [0] Reset timers since NR is not allowed.
05-13 16:21:07.005  5457  5457 D NetworkTypeController: [0] Reset timers since 2G and 3G don't need NR timers.
05-13 16:21:07.005  5457  5457 D DSM-C-1 : onServiceConnected: ComponentInfo{com.android.phone/com.android.internal.telephony.data.CellularDataService}
05-13 16:21:07.006  5457  5513 D CellularDataService: Cellular data service created for slot 1
05-13 16:21:07.006  5457  5457 D DSM-C-0 : onServiceConnected: ComponentInfo{com.android.phone/com.android.internal.telephony.data.CellularDataService}
05-13 16:21:07.007  5457  5513 D CellularDataService: Cellular data service created for slot 0
05-13 16:21:07.007  5457  5457 D DNC-0   : onDataEnabledChanged: enabled=true
05-13 16:21:07.007  5457  5457 D DSRM-0  : onMobileDataEnabledChanged: DataEnabled:true,DataStalled:false
05-13 16:21:07.007  5457  5457 D ImsPhoneCallTracker: [0] onDataEnabledChanged: enabled=true, reason=1
05-13 16:21:07.007  5457  5457 D ImsPhoneCallTracker: [0] Ignore data enabled - carrier policy indicates that data is not metered for ViLTE calls.
05-13 16:21:07.008  5457  5457 D PhoneSwitcher: No active subscriptions: resetting preferred phone to 0 for emergency
05-13 16:21:07.008  5457  5457 D PhoneSwitcher: evaluating due to EVENT_DATA_ENABLED_CHANGED phone[0] 0->-1 phone[1] 0->-1
05-13 16:21:07.008  5457  5457 D PhoneSwitcher: sendRilCommands: setPreferredDataModem - phoneId: 0
05-13 16:21:07.008  5457  5457 D RadioConfig: [0112]> SET_PREFERRED_DATA_MODEM
05-13 16:21:07.008  5457  5457 D PhoneSwitcher: Data switch event. subId=-1, state=START, reason=IN_CALL
05-13 16:21:07.008  1105  1105 D RadioConfig_service: radioConfig::setPreferredDataModem serial=112
05-13 16:21:07.010  5457  5481 D RadioConfigResponse: [0112]< SET_PREFERRED_DATA_MODEM
05-13 16:21:07.011  5457  5457 D SST     : [0] setPowerStateToDesired: mDeviceShuttingDown=false, mDesiredPowerState=true, getRadioState=1, mRadioDisabledByCarrier=false, IMS reg state=false, pending radio off=false
05-13 16:21:07.011  5457  5457 D SST     : [0] pollState: modemTriggered=true, radioState=1
05-13 16:21:07.013  5457  5457 D RILJ    : [0113]> OPERATOR [PHONE0]
05-13 16:21:07.013  5457  5457 E NRM-C-0 : service not connected. Domain = PS
05-13 16:21:07.013  5457  5457 E NRM-C-0 : service not connected. Domain = CS
05-13 16:21:07.014  5457  5457 E NRM-I-0 : service not connected. Domain = PS
05-13 16:21:07.015  5457  5457 D RILJ    : [0114]> QUERY_NETWORK_SELECTION_MODE [PHONE0]
05-13 16:21:07.016  5457  5457 D RILJ    : [0115]> GET_CURRENT_CALLS [PHONE0]
05-13 16:21:07.018  5457  5457 D RILJ    : [0116]> IMS_REGISTRATION_STATE [PHONE0]
05-13 16:21:07.018  5457  5481 D RILJ    : [0113]< OPERATOR {JIO 4G, JIO 4G, 405873} [PHONE0]
05-13 16:21:07.018  5457  5481 D RILJ    : [0114]< QUERY_NETWORK_SELECTION_MODE {0} [PHONE0]
05-13 16:21:07.019  5457  5457 D RILJ    : [0117]> VOICE_RADIO_TECH [PHONE0]
05-13 16:21:07.019  5457  5481 D RILJ    : [0117]< VOICE_RADIO_TECH {1} [PHONE0]
05-13 16:21:07.020  5457  5457 D RILJ    : [0118]> CDMA_GET_SUBSCRIPTION_SOURCE [PHONE0]
05-13 16:21:07.020  5457  5457 D SSCtr   : onDeviceIdleStateChanged isDeviceIdle=false
05-13 16:21:07.021  5457  5481 D RILJ    : [0115]< GET_CURRENT_CALLS {} [PHONE0]
05-13 16:21:07.022  5457  5457 D RILJ    : [0119]> SEND_DEVICE_STATE 2:false [PHONE0]
05-13 16:21:07.023  5457  5457 D RILJ    : [0120]> SET_UNSOLICITED_RESPONSE_FILTER 127 [PHONE0]
05-13 16:21:07.023  1105  1147 D RmcDcMiscHandler: [0][handleSendDeviceStateRequest]: state: 0
05-13 16:21:07.023  5457  5457 D RILJ    : getBarringInfo: REQUEST_NOT_SUPPORTED
05-13 16:21:07.023  5457  5481 D RILJ    : [0106]< SIM_OPEN_CHANNEL error 43 [PHONE1]
05-13 16:21:07.023  5457  5457 D DRM-0   : Remove all retry and throttling entries, reason=RADIO_ON
05-13 16:21:07.023  5457  5481 D RilRequest: [0106]< SIM_OPEN_CHANNEL error: com.android.internal.telephony.CommandException: SIM_ERR ret= result={ when=-2m13s106ms what=8 obj={ when=-2m13s106ms what=1 target=com.android.internal.telephony.uicc.UiccCarrierPrivilegeRules } target=com.android.internal.telephony.uicc.UiccProfile$4 }
05-13 16:21:07.023  5457  5457 D PhoneSwitcher: evaluating due to EVENT_RADIO_ON
05-13 16:21:07.024  5457  5457 D PhoneSwitcher: sendRilCommands: setPreferredDataModem - phoneId: 0
05-13 16:21:07.024  5457  5457 D RadioConfig: [0121]> SET_PREFERRED_DATA_MODEM
05-13 16:21:07.024  1105  1105 D RadioConfig_service: radioConfig::setPreferredDataModem serial=121
05-13 16:21:07.024  5457  5457 D NetworkTypeController: [0] LegacyState: process EVENT_RADIO_OFF_OR_UNAVAILABLE
05-13 16:21:07.024  5457  5457 D NetworkTypeController: [0] Reset timers since NR is not allowed.
05-13 16:21:07.024  5457  5457 D NetworkTypeController: [0] DefaultState: process EVENT_RADIO_OFF_OR_UNAVAILABLE
05-13 16:21:07.024  5457  5457 D NetworkTypeController: [0] Reset timers since radio is off or unavailable.
05-13 16:21:07.024  5457  5457 D NetworkTypeController: [0] Entering LegacyState
05-13 16:21:07.024  5457  5457 D NetworkTypeController: [0] Reset timers since NR is not allowed.
05-13 16:21:07.025  5457  5481 D RILJ    : [0116]< IMS_REGISTRATION_STATE {0, 2} [PHONE0]
05-13 16:21:07.025  5457  5457 D RILJ    : [0122]> SET_SIGNAL_STRENGTH_REPORTING_CRITERIA [PHONE0]
05-13 16:21:07.026  5457  5481 D RadioConfigResponse: [0121]< SET_PREFERRED_DATA_MODEM
05-13 16:21:07.026  5457  5457 D SSCtr   : setSignalStrengthReportingCriteria consolidatedSignalThresholdInfos=[SignalThresholdInfo{mRan=1 mSignalMeasurementType=1 mHysteresisMs=3000 mHysteresisDb=2 mThresholds=[-107, -103, -97, -89] mIsEnabled=true}, SignalThresholdInfo{mRan=2 mSignalMeasurementType=2 mHysteresisMs=3000 mHysteresisDb=2 mThresholds=[-115, -105, -95, -85] mIsEnabled=true}, SignalThresholdInfo{mRan=3 mSignalMeasurementType=3 mHysteresisMs=3000 mHysteresisDb=2 mThresholds=[-128, -118, -108, -98] mIsEnabled=true}]
05-13 16:21:07.026  5457  5481 D RILJ    : [0118]< CDMA_GET_SUBSCRIPTION_SOURCE error 6 [PHONE0]
05-13 16:21:07.026  5457  5481 D RilRequest: [0118]< CDMA_GET_SUBSCRIPTION_SOURCE error: com.android.internal.telephony.CommandException: REQUEST_NOT_SUPPORTED ret={-1} result={ when=-2m13s109ms what=2 target=com.android.internal.telephony.cdma.CdmaSubscriptionSourceManager }
05-13 16:21:07.026  5457  5457 D NetworkTypeController: [0] LegacyState: process EVENT_PHYSICAL_CHANNEL_CONFIG_NOTIF_CHANGED
05-13 16:21:07.026  5457  5457 D NetworkTypeController: [0] Reset timers since NR is not allowed.
05-13 16:21:07.026  5457  5457 D NetworkTypeController: [0] DefaultState: process EVENT_PHYSICAL_CHANNEL_CONFIG_NOTIF_CHANGED
05-13 16:21:07.027  5457  5457 D NetworkTypeController: [0] mIsPhysicalChannelConfigOn changed to: false
05-13 16:21:07.027  5457  5457 D NetworkTypeController: [0] Reset timers since physical channel config indications are off.
05-13 16:21:07.027  5457  5481 D RILJ    : [0119]< SEND_DEVICE_STATE  [PHONE0]
05-13 16:21:07.027  5457  5457 D SST     : [0] EVENT_POLL_STATE_NETWORK_SELECTION_MODE
05-13 16:21:07.027  5457  5457 D GsmCdmaCallTracker: Event EVENT_POLL_CALLS_RESULT Received
05-13 16:21:07.027  5457  5457 D GsmCdmaCallTracker: [1] update phone state, old=IDLE new=IDLE
05-13 16:21:07.027  5457  5457 D SmsDispatchersController: IMS registration state: false format: 3gpp2
05-13 16:21:07.028  5457  5457 D SST     : [0] SubscriptionListener.onSubscriptionInfoChanged
05-13 16:21:07.028  5457  5457 D SST     : [1] SubscriptionListener.onSubscriptionInfoChanged
05-13 16:21:07.029  5457  5498 D ImsProvisioningController: MmTelFeatureListener[0] subId is not changed
05-13 16:21:07.029  5457  5498 D ImsProvisioningController: MmTelFeatureListener[1] subId is not changed
05-13 16:21:07.029  5457  5498 D ImsProvisioningController: RcsFeatureListener[0] subId is not changed
05-13 16:21:07.029  5457  5498 D ImsProvisioningController: RcsFeatureListener[1] subId is not changed
05-13 16:21:07.029  5457  5498 D ImsProvisioningController: ProvisioningCallbackManager[0] subId is not changed 
05-13 16:21:07.029  5457  5498 D ImsProvisioningController: ProvisioningCallbackManager[1] subId is not changed 
05-13 16:21:07.036  5457  5457 E PhoneSubInfoController: getLine1Number phone is null for Subscription:-1
05-13 16:21:07.044  5457  5481 D RILJ    : Unsol response received; Sending ack to ril.cpp [PHONE0]
05-13 16:21:07.044  5457  5481 D RILJ    : [UNSL]< UNSOL_RESPONSE_NETWORK_STATE_CHANGED [PHONE0]
05-13 16:21:07.060  5457  5481 D RILJ    : [0120]< SET_UNSOLICITED_RESPONSE_FILTER  [PHONE0]
05-13 16:21:07.061  5457  5481 D RILJ    : [0122]< SET_SIGNAL_STRENGTH_REPORTING_CRITERIA  [PHONE0]
05-13 16:21:07.062  5457  5481 E RILJ    : processResponse: Unexpected response! serial: 122 ,error: 0
05-13 16:21:07.062  5457  5481 E RILJ    : processResponse: Unexpected response! serial: 122 ,error: 0
05-13 16:21:07.086  5457  5457 D ImsManagerIM [0]: ImsService not up yet - timeout waiting for connection.
05-13 16:21:07.101  5457  5457 D SST     : [1] EVENT_POLL_STATE_NETWORK_SELECTION_MODE
05-13 16:21:07.102  5457  5457 D SST     : [1] setPowerStateToDesired: mDeviceShuttingDown=false, mDesiredPowerState=true, getRadioState=1, mRadioDisabledByCarrier=false, IMS reg state=false, pending radio off=false
05-13 16:21:07.102  5457  5457 D SST     : [1] pollState: modemTriggered=true, radioState=1
05-13 16:21:07.106  5457  5457 D RILJ    : [0124]> OPERATOR [PHONE1]
05-13 16:21:07.106  5457  5457 E NRM-C-1 : service not connected. Domain = PS
05-13 16:21:07.107  5457  5457 E NRM-C-1 : service not connected. Domain = CS
05-13 16:21:07.107  5457  5457 E NRM-I-1 : service not connected. Domain = PS
05-13 16:21:07.109  5457  5457 D RILJ    : [0125]> QUERY_NETWORK_SELECTION_MODE [PHONE1]
05-13 16:21:07.110  5457  5457 D RILJ    : [0126]> GET_CURRENT_CALLS [PHONE1]
05-13 16:21:07.112  5457  5457 D RILJ    : [0127]> IMS_REGISTRATION_STATE [PHONE1]
05-13 16:21:07.114  5457  5457 D RILJ    : [0128]> VOICE_RADIO_TECH [PHONE1]
05-13 16:21:07.114  5457  5457 D SSCtr   : onDeviceIdleStateChanged isDeviceIdle=false
05-13 16:21:07.115  5457  5481 D RILJ    : [0128]< VOICE_RADIO_TECH {1} [PHONE1]
05-13 16:21:07.115  1105  1138 D RmcImsCCUrcHandler: [1] onEmergencyBearerSupportInfo
05-13 16:21:07.115  5457  5457 D RILJ    : [0129]> SEND_DEVICE_STATE 2:false [PHONE1]
05-13 16:21:07.115  1105  1129 D RtcImsEvent: [1] onHandleUrc: RFX_MSG_URC_EMERGENCY_BEARER_SUPPORT_NOTIFY
05-13 16:21:07.115  1105  1129 D RtcCC   : [1] [handleEmergencyBearerSupportNotify], eccBearerSupport=0
05-13 16:21:07.116  1105  1174 D RmcDcMiscHandler: [1][handleSendDeviceStateRequest]: state: 0
05-13 16:21:07.117  5457  5457 D RILJ    : [0130]> SET_UNSOLICITED_RESPONSE_FILTER 127 [PHONE1]
05-13 16:21:07.118  5457  5457 D RILJ    : getBarringInfo: REQUEST_NOT_SUPPORTED
05-13 16:21:07.118  5457  5457 D DRM-1   : Remove all retry and throttling entries, reason=RADIO_ON
05-13 16:21:07.118  5457  5457 D SST     : [1] EVENT_POLL_STATE_NETWORK_SELECTION_MODE
05-13 16:21:07.119  5457  5457 D NetworkTypeController: [1] LegacyState: process EVENT_DATA_RAT_CHANGED
05-13 16:21:07.119  5457  5457 D NetworkTypeController: [1] Reset timers since NR is not allowed.
05-13 16:21:07.119  5457  5457 D NetworkTypeController: [1] Reset timers since 2G and 3G don't need NR timers.
05-13 16:21:07.119  5457  5481 D RILJ    : [0124]< OPERATOR {, , } [PHONE1]
05-13 16:21:07.119  5457  5457 D DSRM-1  : onMobileDataEnabledChanged: DataEnabled:true,DataStalled:false
05-13 16:21:07.119  5457  5481 D RILJ    : [0125]< QUERY_NETWORK_SELECTION_MODE {0} [PHONE1]
05-13 16:21:07.120  5457  5457 D ImsPhoneCallTracker: [1] onDataEnabledChanged: enabled=true, reason=1
05-13 16:21:07.120  5457  5457 D ImsPhoneCallTracker: [1] Ignore data enabled - carrier policy indicates that data is not metered for ViLTE calls.
05-13 16:21:07.120  5457  5457 D DNC-1   : onDataEnabledChanged: enabled=true
05-13 16:21:07.132  5457  5457 D EmergencyNumberTracker: updateRadioEmergencyNumberListAndNotify(): receiving [EmergencyNumber:Number-112|CountryIso-|Mnc-|ServiceCategories-0|Urns-[]|Sources-1000|Routing-0, EmergencyNumber:Number-911|CountryIso-|Mnc-|ServiceCategories-0|Urns-[]|Sources-1000|Routing-0]
05-13 16:21:07.133  5457  5481 D RILJ    : [0127]< IMS_REGISTRATION_STATE {0, 2} [PHONE1]
05-13 16:21:07.134  5457  5457 E EmergencyNumber: Found unexpected duplicate numbers: EmergencyNumber:Number-112|CountryIso-|Mnc-|ServiceCategories-0|Urns-[]|Sources-0|Routing-0 vs EmergencyNumber:Number-112|CountryIso-|Mnc-|ServiceCategories-0|Urns-[]|Sources-0|Routing-0
05-13 16:21:07.134  5457  5457 E EmergencyNumber: Found unexpected duplicate numbers: EmergencyNumber:Number-911|CountryIso-|Mnc-|ServiceCategories-0|Urns-[]|Sources-0|Routing-0 vs EmergencyNumber:Number-911|CountryIso-|Mnc-|ServiceCategories-0|Urns-[]|Sources-0|Routing-0
05-13 16:21:07.135  5457  5457 E EmergencyNumberTracker: getEmergencyNumberListFromEccListDatabaseAndTest: radio indication is unavailable in 1.4 HAL.
05-13 16:21:07.135  5457  5457 E EmergencyNumber: Found unexpected duplicate numbers: EmergencyNumber:Number-112|CountryIso-|Mnc-|ServiceCategories-0|Urns-[]|Sources-0|Routing-0 vs EmergencyNumber:Number-112|CountryIso-|Mnc-|ServiceCategories-0|Urns-[]|Sources-0|Routing-0
05-13 16:21:07.135  5457  5457 E EmergencyNumber: Found unexpected duplicate numbers: EmergencyNumber:Number-911|CountryIso-|Mnc-|ServiceCategories-0|Urns-[]|Sources-0|Routing-0 vs EmergencyNumber:Number-911|CountryIso-|Mnc-|ServiceCategories-0|Urns-[]|Sources-0|Routing-0
05-13 16:21:07.135  5457  5457 E EmergencyNumberTracker: getEmergencyNumberListFromEccListDatabaseAndTest: radio indication is unavailable in 1.4 HAL.
05-13 16:21:07.136  5457  5457 D EmergencyNumberTracker: notifyEmergencyNumberList(): notified
05-13 16:21:07.136  5457  5457 D NetworkTypeController: [1] LegacyState: process EVENT_RADIO_OFF_OR_UNAVAILABLE
05-13 16:21:07.136  5457  5457 D NetworkTypeController: [1] Reset timers since NR is not allowed.
05-13 16:21:07.137  5457  5457 D NetworkTypeController: [1] DefaultState: process EVENT_RADIO_OFF_OR_UNAVAILABLE
05-13 16:21:07.137  5457  5457 D NetworkTypeController: [1] Reset timers since radio is off or unavailable.
05-13 16:21:07.137  5457  5457 D NetworkTypeController: [1] Entering LegacyState
05-13 16:21:07.137  5457  5457 D NetworkTypeController: [1] Reset timers since NR is not allowed.
05-13 16:21:07.139  5457  5457 D RILJ    : [0131]> SET_SIGNAL_STRENGTH_REPORTING_CRITERIA [PHONE1]
05-13 16:21:07.139  5457  5481 D RILJ    : Unsol response received; Sending ack to ril.cpp [PHONE1]
05-13 16:21:07.139  5457  5481 D RILJ    : [UNSL]< UNSOL_RESPONSE_NETWORK_STATE_CHANGED [PHONE1]
05-13 16:21:07.139  5457  5457 D SSCtr   : setSignalStrengthReportingCriteria consolidatedSignalThresholdInfos=[SignalThresholdInfo{mRan=1 mSignalMeasurementType=1 mHysteresisMs=3000 mHysteresisDb=2 mThresholds=[-107, -103, -97, -89] mIsEnabled=true}, SignalThresholdInfo{mRan=2 mSignalMeasurementType=2 mHysteresisMs=3000 mHysteresisDb=2 mThresholds=[-115, -105, -95, -85] mIsEnabled=true}, SignalThresholdInfo{mRan=3 mSignalMeasurementType=3 mHysteresisMs=3000 mHysteresisDb=2 mThresholds=[-128, -118, -108, -98] mIsEnabled=true}]
05-13 16:21:07.140  5457  5457 D NetworkTypeController: [1] LegacyState: process EVENT_PHYSICAL_CHANNEL_CONFIG_NOTIF_CHANGED
05-13 16:21:07.140  5457  5457 D NetworkTypeController: [1] Reset timers since NR is not allowed.
05-13 16:21:07.140  5457  5481 D RILJ    : [0129]< SEND_DEVICE_STATE  [PHONE1]
05-13 16:21:07.140  5457  5457 D NetworkTypeController: [1] DefaultState: process EVENT_PHYSICAL_CHANNEL_CONFIG_NOTIF_CHANGED
05-13 16:21:07.140  5457  5457 D NetworkTypeController: [1] mIsPhysicalChannelConfigOn changed to: false
05-13 16:21:07.140  5457  5457 D NetworkTypeController: [1] Reset timers since physical channel config indications are off.
05-13 16:21:07.140  5457  5457 D SST     : [1] EVENT_POLL_STATE_NETWORK_SELECTION_MODE
05-13 16:21:07.140  5457  5481 D RILJ    : [0126]< GET_CURRENT_CALLS {} [PHONE1]
05-13 16:21:07.144  5457  5457 D TelephonyNetworkFactory[0]: got request NetworkRequest [ REQUEST id=142, [ Capabilities: INTERNET&NOT_RESTRICTED&TRUSTED&NOT_VCN_MANAGED Uid: 10447 RequestorUid: 10447 RequestorPkg: com.google.android.gms UnderlyingNetworks: Null] ]
05-13 16:21:07.144  5457  5457 D TelephonyNetworkFactory[0]: got request NetworkRequest [ REQUEST id=97, [ Capabilities: INTERNET&NOT_RESTRICTED&TRUSTED&NOT_VCN_MANAGED Uid: 10453 RequestorUid: 1000 RequestorPkg: android UnderlyingNetworks: Null] ]
05-13 16:21:07.145  5457  5457 D TelephonyNetworkFactory[0]: got request NetworkRequest [ REQUEST id=105, [ Capabilities: INTERNET&NOT_RESTRICTED&TRUSTED&NOT_VCN_MANAGED Uid: 10482 RequestorUid: 10482 RequestorPkg: com.google.android.apps.photos UnderlyingNetworks: Null] ]
05-13 16:21:07.145  5457  5457 D TelephonyNetworkFactory[0]: got request NetworkRequest [ REQUEST id=37, [ Capabilities: INTERNET&NOT_RESTRICTED&TRUSTED&NOT_VCN_MANAGED Uid: 1073 RequestorUid: 1073 RequestorPkg: com.android.networkstack UnderlyingNetworks: Null] ]
05-13 16:21:07.145  5457  5457 D TelephonyNetworkFactory[0]: got request NetworkRequest [ REQUEST id=161, [ Capabilities: INTERNET&NOT_RESTRICTED&TRUSTED&NOT_VCN_MANAGED Uid: 1001 RequestorUid: 1001 RequestorPkg: com.android.phone UnderlyingNetworks: Null] ]
05-13 16:21:07.145  5457  5457 D TelephonyNetworkFactory[0]: got request NetworkRequest [ REQUEST id=18, [ Capabilities: INTERNET&NOT_RESTRICTED&TRUSTED&NOT_VCN_MANAGED Uid: 10471 RequestorUid: 1000 RequestorPkg: android UnderlyingNetworks: Null] ]
05-13 16:21:07.145  5457  5457 D TelephonyNetworkFactory[0]: got request NetworkRequest [ REQUEST id=29, [ Capabilities: INTERNET&NOT_RESTRICTED&TRUSTED&NOT_VCN_MANAGED Uid: 10440 RequestorUid: 1000 RequestorPkg: android UnderlyingNetworks: Null] ]
05-13 16:21:07.146  5457  5457 D TelephonyNetworkFactory[0]: got request NetworkRequest [ REQUEST id=69, [ Capabilities: INTERNET&NOT_RESTRICTED&TRUSTED&NOT_VCN_MANAGED Uid: 10447 RequestorUid: 10447 RequestorPkg: com.google.android.gms UnderlyingNetworks: Null] ]
