--------- beginning of radio
05-13 16:19:59.680  1631  2066 D ImsManagerIM [1]: ImsService not up yet - timeout waiting for connection.
05-13 16:19:59.838  1631  1796 D RILJ    : [0693]< SIM_IO IccIoResult sw1:0x90 sw2:0x0 Payload: ******* [PHONE1]
05-13 16:19:59.842  1631  1631 D RILJ    : [0694]> iccIO: SIM_IO [PHONE1]
05-13 16:20:00.012  1631  1796 D RILJ    : [0694]< SIM_IO IccIoResult sw1:0x90 sw2:0x0 Payload: ******* [PHONE1]
05-13 16:20:00.185  1631  1631 D RILJ    : [0695]> iccIO: SIM_IO [PHONE1]
05-13 16:20:00.186  1631  1631 D TelephonyNetworkFactory[0]: got request NetworkRequest [ REQUEST id=149, [ Capabilities: INTERNET&NOT_RESTRICTED&TRUSTED&NOT_VCN_MANAGED Uid: 10446 RequestorUid: 10446 RequestorPkg: com.google.android.dialer UnderlyingNetworks: Null] ]
05-13 16:20:00.186  1631  1631 D TelephonyNetworkFactory[1]: got request NetworkRequest [ REQUEST id=149, [ Capabilities: INTERNET&NOT_RESTRICTED&TRUSTED&NOT_VCN_MANAGED Uid: 10446 RequestorUid: 10446 RequestorPkg: com.google.android.dialer UnderlyingNetworks: Null] ]
05-13 16:20:00.229  1631  1631 D TelephonyNetworkFactory[0]: onNeedNetworkFor [NetworkRequest [ REQUEST id=149, [ Capabilities: INTERNET&NOT_RESTRICTED&TRUSTED&NOT_VCN_MANAGED Uid: 10446 RequestorUid: 10446 RequestorPkg: com.google.android.dialer UnderlyingNetworks: Null] ], mPriority=20, state=UNSATISFIED, mAttachedDataNetwork=null, isMetered=true, created time=16:20:00.228, evaluation result=null] shouldApply false
05-13 16:20:00.231  1631  1631 D TelephonyNetworkFactory[1]: onNeedNetworkFor [NetworkRequest [ REQUEST id=149, [ Capabilities: INTERNET&NOT_RESTRICTED&TRUSTED&NOT_VCN_MANAGED Uid: 10446 RequestorUid: 10446 RequestorPkg: com.google.android.dialer UnderlyingNetworks: Null] ], mPriority=20, state=UNSATISFIED, mAttachedDataNetwork=null, isMetered=true, created time=16:20:00.229, evaluation result=null] shouldApply false
05-13 16:20:00.295  1631  1796 D RILJ    : [0695]< SIM_IO IccIoResult sw1:0x90 sw2:0x0 Payload: ******* [PHONE1]
05-13 16:20:00.298  1631  1631 D RILJ    : [0696]> iccIO: SIM_IO [PHONE1]
05-13 16:20:00.470  1631  1796 D RILJ    : [0696]< SIM_IO IccIoResult sw1:0x90 sw2:0x0 Payload: ******* [PHONE1]
05-13 16:20:00.471  1631  1631 D RILJ    : [0697]> iccIO: SIM_IO [PHONE1]
05-13 16:20:00.646  1631  1796 D RILJ    : [0697]< SIM_IO IccIoResult sw1:0x90 sw2:0x0 Payload: ******* [PHONE1]
05-13 16:20:00.648  1631  1631 D RILJ    : [0698]> iccIO: SIM_IO [PHONE1]
05-13 16:20:00.822  1631  1796 D RILJ    : [0698]< SIM_IO IccIoResult sw1:0x90 sw2:0x0 Payload: ******* [PHONE1]
05-13 16:20:00.823  1631  1631 D RILJ    : [0699]> iccIO: SIM_IO [PHONE1]
05-13 16:20:00.997  1631  1796 D RILJ    : [0699]< SIM_IO IccIoResult sw1:0x90 sw2:0x0 Payload: ******* [PHONE1]
05-13 16:20:01.000  1631  1631 D RILJ    : [0700]> iccIO: SIM_IO [PHONE1]
05-13 16:20:01.174  1631  1796 D RILJ    : [0700]< SIM_IO IccIoResult sw1:0x90 sw2:0x0 Payload: ******* [PHONE1]
05-13 16:20:01.175  1631  1631 D RILJ    : [0701]> iccIO: SIM_IO [PHONE1]
05-13 16:20:01.349  1631  1796 D RILJ    : [0701]< SIM_IO IccIoResult sw1:0x90 sw2:0x0 Payload: ******* [PHONE1]
05-13 16:20:01.350  1631  1631 D RILJ    : [0702]> iccIO: SIM_IO [PHONE1]
05-13 16:20:01.525  1631  1796 D RILJ    : [0702]< SIM_IO IccIoResult sw1:0x90 sw2:0x0 Payload: ******* [PHONE1]
05-13 16:20:01.527  1631  1631 D RILJ    : [0703]> iccIO: SIM_IO [PHONE1]
05-13 16:20:01.702  1631  1796 D RILJ    : [0703]< SIM_IO IccIoResult sw1:0x90 sw2:0x0 Payload: ******* [PHONE1]
05-13 16:20:01.704  1631  1631 D RILJ    : [0704]> iccIO: SIM_IO [PHONE1]
05-13 16:20:01.877  1631  1796 D RILJ    : [0704]< SIM_IO IccIoResult sw1:0x90 sw2:0x0 Payload: ******* [PHONE1]
05-13 16:20:01.879  1631  1631 D RILJ    : [0705]> iccIO: SIM_IO [PHONE1]
05-13 16:20:02.054  1631  1796 D RILJ    : [0705]< SIM_IO IccIoResult sw1:0x90 sw2:0x0 Payload: ******* [PHONE1]
05-13 16:20:02.055  1631  1631 D RILJ    : [0706]> iccIO: SIM_IO [PHONE1]
05-13 16:20:02.230  1631  1796 D RILJ    : [0706]< SIM_IO IccIoResult sw1:0x90 sw2:0x0 Payload: ******* [PHONE1]
05-13 16:20:02.231  1631  1631 D RILJ    : [0707]> iccIO: SIM_IO [PHONE1]
05-13 16:20:02.406  1631  1796 D RILJ    : [0707]< SIM_IO IccIoResult sw1:0x90 sw2:0x0 Payload: ******* [PHONE1]
05-13 16:20:02.408  1631  1631 D RILJ    : [0708]> iccIO: SIM_IO [PHONE1]
05-13 16:20:02.582  1631  1796 D RILJ    : [0708]< SIM_IO IccIoResult sw1:0x90 sw2:0x0 Payload: ******* [PHONE1]
05-13 16:20:02.586  1631  1631 D RILJ    : [0709]> iccIO: SIM_IO [PHONE1]
05-13 16:20:02.758  1631  1796 D RILJ    : [0709]< SIM_IO IccIoResult sw1:0x90 sw2:0x0 Payload: ******* [PHONE1]
05-13 16:20:02.760  1631  1631 D RILJ    : [0710]> iccIO: SIM_IO [PHONE1]
05-13 16:20:02.936  1631  1796 D RILJ    : [0710]< SIM_IO IccIoResult sw1:0x90 sw2:0x0 Payload: ******* [PHONE1]
05-13 16:20:02.938  1631  1631 D RILJ    : [0711]> iccIO: SIM_IO [PHONE1]
05-13 16:20:03.109  1631  1796 D RILJ    : [0711]< SIM_IO IccIoResult sw1:0x90 sw2:0x0 Payload: ******* [PHONE1]
05-13 16:20:03.110  1631  1631 D RILJ    : [0712]> iccIO: SIM_IO [PHONE1]
05-13 16:20:03.286  1631  1796 D RILJ    : [0712]< SIM_IO IccIoResult sw1:0x90 sw2:0x0 Payload: ******* [PHONE1]
05-13 16:20:03.287  1631  1631 D RILJ    : [0713]> iccIO: SIM_IO [PHONE1]
05-13 16:20:03.462  1631  1796 D RILJ    : [0713]< SIM_IO IccIoResult sw1:0x90 sw2:0x0 Payload: ******* [PHONE1]
05-13 16:20:03.464  1631  1631 D RILJ    : [0714]> iccIO: SIM_IO [PHONE1]
05-13 16:20:03.638  1631  1796 D RILJ    : [0714]< SIM_IO IccIoResult sw1:0x90 sw2:0x0 Payload: ******* [PHONE1]
05-13 16:20:03.639  1631  1631 D RILJ    : [0715]> iccIO: SIM_IO [PHONE1]
05-13 16:20:03.813  1631  1796 D RILJ    : [0715]< SIM_IO IccIoResult sw1:0x90 sw2:0x0 Payload: ******* [PHONE1]
05-13 16:20:03.815  1631  1631 D RILJ    : [0716]> iccIO: SIM_IO [PHONE1]
05-13 16:20:03.990  1631  1796 D RILJ    : [0716]< SIM_IO IccIoResult sw1:0x90 sw2:0x0 Payload: ******* [PHONE1]
05-13 16:20:03.991  1631  1631 D RILJ    : [0717]> iccIO: SIM_IO [PHONE1]
05-13 16:20:04.166  1631  1796 D RILJ    : [0717]< SIM_IO IccIoResult sw1:0x90 sw2:0x0 Payload: ******* [PHONE1]
05-13 16:20:04.168  1631  1631 D RILJ    : [0718]> iccIO: SIM_IO [PHONE1]
05-13 16:20:04.344  1631  1796 D RILJ    : [0718]< SIM_IO IccIoResult sw1:0x90 sw2:0x0 Payload: ******* [PHONE1]
05-13 16:20:04.346  1631  1631 D RILJ    : [0719]> iccIO: SIM_IO [PHONE1]
05-13 16:20:04.519  1631  1796 D RILJ    : [0719]< SIM_IO IccIoResult sw1:0x90 sw2:0x0 Payload: ******* [PHONE1]
05-13 16:20:04.520  1631  1631 D RILJ    : [0720]> iccIO: SIM_IO [PHONE1]
05-13 16:20:04.689  1631  2151 D ImsManagerIM [0]: ImsService not up yet - timeout waiting for connection.
05-13 16:20:04.694  1631  1796 D RILJ    : [0720]< SIM_IO IccIoResult sw1:0x90 sw2:0x0 Payload: ******* [PHONE1]
05-13 16:20:04.696  1631  1631 D RILJ    : [0721]> iccIO: SIM_IO [PHONE1]
05-13 16:20:04.742  1631  2151 D ImsManagerIM [1]: ImsService not up yet - timeout waiting for connection.
05-13 16:20:04.869  1631  1796 D RILJ    : [0721]< SIM_IO IccIoResult sw1:0x90 sw2:0x0 Payload: ******* [PHONE1]
05-13 16:20:04.871  1631  1631 D RILJ    : [0722]> iccIO: SIM_IO [PHONE1]
05-13 16:20:05.048  1631  1796 D RILJ    : [0722]< SIM_IO IccIoResult sw1:0x90 sw2:0x0 Payload: ******* [PHONE1]
05-13 16:20:05.049  1631  1631 D RILJ    : [0723]> iccIO: SIM_IO [PHONE1]
05-13 16:20:05.223  1631  1796 D RILJ    : [0723]< SIM_IO IccIoResult sw1:0x90 sw2:0x0 Payload: ******* [PHONE1]
05-13 16:20:05.224  1631  1631 D RILJ    : [0724]> iccIO: SIM_IO [PHONE1]
05-13 16:20:05.398  1631  1796 D RILJ    : [0724]< SIM_IO IccIoResult sw1:0x90 sw2:0x0 Payload: ******* [PHONE1]
05-13 16:20:05.400  1631  1631 D RILJ    : [0725]> iccIO: SIM_IO [PHONE1]
05-13 16:20:05.547  1105  1129 D RtcRilClientController: client 1001 handle requestComplete
05-13 16:20:05.551  1105  1129 D RtcRilClientController: client 1001 handle requestComplete
05-13 16:20:05.555  1105  1129 D RtcRilClientController: client 1001 handle requestComplete
05-13 16:20:05.559  1105  1129 D RtcRilClientController: client 1001 handle requestComplete
05-13 16:20:05.574  1631  1796 D RILJ    : [0725]< SIM_IO IccIoResult sw1:0x90 sw2:0x0 Payload: ******* [PHONE1]
05-13 16:20:05.576  1631  1631 D RILJ    : [0726]> iccIO: SIM_IO [PHONE1]
05-13 16:20:05.750  1631  1796 D RILJ    : [0726]< SIM_IO IccIoResult sw1:0x90 sw2:0x0 Payload: ******* [PHONE1]
05-13 16:20:05.751  1631  1631 D RILJ    : [0727]> iccIO: SIM_IO [PHONE1]
05-13 16:20:05.927  1631  1796 D RILJ    : [0727]< SIM_IO IccIoResult sw1:0x90 sw2:0x0 Payload: ******* [PHONE1]
05-13 16:20:05.929  1631  1631 D RILJ    : [0728]> iccIO: SIM_IO [PHONE1]
05-13 16:20:06.087  1631  1631 D TelephonyNetworkFactory[0]: onReleaseNetworkFor [NetworkRequest [ REQUEST id=147, [ Capabilities: INTERNET&NOT_RESTRICTED&TRUSTED&NOT_VCN_MANAGED Uid: 10446 RequestorUid: 10499 RequestorPkg: com.android.systemui UnderlyingNetworks: Null] ], mPriority=20, state=UNSATISFIED, mAttachedDataNetwork=null, isMetered=true, created time=16:20:06.086, evaluation result=null] applied false
05-13 16:20:06.087  1631  1631 D TelephonyNetworkFactory[0]: got request NetworkRequest [ REQUEST id=151, [ Capabilities: INTERNET&NOT_RESTRICTED&TRUSTED&NOT_VCN_MANAGED Uid: 1000 RequestorUid: 10499 RequestorPkg: com.android.systemui UnderlyingNetworks: Null] ]
05-13 16:20:06.088  1631  1631 D TelephonyNetworkFactory[1]: onReleaseNetworkFor [NetworkRequest [ REQUEST id=147, [ Capabilities: INTERNET&NOT_RESTRICTED&TRUSTED&NOT_VCN_MANAGED Uid: 10446 RequestorUid: 10499 RequestorPkg: com.android.systemui UnderlyingNetworks: Null] ], mPriority=20, state=UNSATISFIED, mAttachedDataNetwork=null, isMetered=true, created time=16:20:06.087, evaluation result=null] applied false
05-13 16:20:06.088  1631  1631 D TelephonyNetworkFactory[1]: got request NetworkRequest [ REQUEST id=151, [ Capabilities: INTERNET&NOT_RESTRICTED&TRUSTED&NOT_VCN_MANAGED Uid: 1000 RequestorUid: 10499 RequestorPkg: com.android.systemui UnderlyingNetworks: Null] ]
05-13 16:20:06.091  1631  1631 D TelephonyNetworkFactory[0]: onNeedNetworkFor [NetworkRequest [ REQUEST id=151, [ Capabilities: INTERNET&NOT_RESTRICTED&TRUSTED&NOT_VCN_MANAGED Uid: 1000 RequestorUid: 10499 RequestorPkg: com.android.systemui UnderlyingNetworks: Null] ], mPriority=20, state=UNSATISFIED, mAttachedDataNetwork=null, isMetered=true, created time=16:20:06.090, evaluation result=null] shouldApply false
05-13 16:20:06.093  1631  1631 D TelephonyNetworkFactory[1]: onNeedNetworkFor [NetworkRequest [ REQUEST id=151, [ Capabilities: INTERNET&NOT_RESTRICTED&TRUSTED&NOT_VCN_MANAGED Uid: 1000 RequestorUid: 10499 RequestorPkg: com.android.systemui UnderlyingNetworks: Null] ], mPriority=20, state=UNSATISFIED, mAttachedDataNetwork=null, isMetered=true, created time=16:20:06.092, evaluation result=null] shouldApply false
05-13 16:20:06.101  1631  1796 D RILJ    : [0728]< SIM_IO IccIoResult sw1:0x90 sw2:0x0 Payload: ******* [PHONE1]
05-13 16:20:06.103  1631  1631 D RILJ    : [0729]> iccIO: SIM_IO [PHONE1]
05-13 16:20:06.279  1631  1796 D RILJ    : [0729]< SIM_IO IccIoResult sw1:0x90 sw2:0x0 Payload: ******* [PHONE1]
05-13 16:20:06.282  1631  1631 D RILJ    : [0730]> iccIO: SIM_IO [PHONE1]
05-13 16:20:06.365  1631  1631 D TelephonyNetworkFactory[1]: onReleaseNetworkFor [NetworkRequest [ REQUEST id=149, [ Capabilities: INTERNET&NOT_RESTRICTED&TRUSTED&NOT_VCN_MANAGED Uid: 10446 RequestorUid: 10446 RequestorPkg: com.google.android.dialer UnderlyingNetworks: Null] ], mPriority=20, state=UNSATISFIED, mAttachedDataNetwork=null, isMetered=true, created time=16:20:06.363, evaluation result=null] applied false
05-13 16:20:06.367  1631  1631 D TelephonyNetworkFactory[0]: onReleaseNetworkFor [NetworkRequest [ REQUEST id=149, [ Capabilities: INTERNET&NOT_RESTRICTED&TRUSTED&NOT_VCN_MANAGED Uid: 10446 RequestorUid: 10446 RequestorPkg: com.google.android.dialer UnderlyingNetworks: Null] ], mPriority=20, state=UNSATISFIED, mAttachedDataNetwork=null, isMetered=true, created time=16:20:06.366, evaluation result=null] applied false
05-13 16:20:06.454  1631  1796 D RILJ    : [0730]< SIM_IO IccIoResult sw1:0x90 sw2:0x0 Payload: ******* [PHONE1]
05-13 16:20:06.455  1631  1631 D RILJ    : [0731]> iccIO: SIM_IO [PHONE1]
05-13 16:20:06.632  1631  1796 D RILJ    : [0731]< SIM_IO IccIoResult sw1:0x90 sw2:0x0 Payload: ******* [PHONE1]
05-13 16:20:06.634  1631  1631 D RILJ    : [0732]> iccIO: SIM_IO [PHONE1]
05-13 16:20:06.807  1631  1796 D RILJ    : [0732]< SIM_IO IccIoResult sw1:0x90 sw2:0x0 Payload: ******* [PHONE1]
05-13 16:20:06.808  1631  1631 D RILJ    : [0733]> iccIO: SIM_IO [PHONE1]
05-13 16:20:06.983  1631  1796 D RILJ    : [0733]< SIM_IO IccIoResult sw1:0x90 sw2:0x0 Payload: ******* [PHONE1]
05-13 16:20:06.985  1631  1631 D RILJ    : [0734]> iccIO: SIM_IO [PHONE1]
05-13 16:20:07.160  1631  1796 D RILJ    : [0734]< SIM_IO IccIoResult sw1:0x90 sw2:0x0 Payload: ******* [PHONE1]
05-13 16:20:07.162  1631  1631 D RILJ    : [0735]> iccIO: SIM_IO [PHONE1]
05-13 16:20:07.337  1631  1796 D RILJ    : [0735]< SIM_IO IccIoResult sw1:0x90 sw2:0x0 Payload: ******* [PHONE1]
05-13 16:20:07.339  1631  1631 D RILJ    : [0736]> iccIO: SIM_IO [PHONE1]
05-13 16:20:07.512  1631  1796 D RILJ    : [0736]< SIM_IO IccIoResult sw1:0x90 sw2:0x0 Payload: ******* [PHONE1]
05-13 16:20:07.515  1631  1631 D RILJ    : [0737]> iccIO: SIM_IO [PHONE1]
05-13 16:20:07.687  1631  1796 D RILJ    : [0737]< SIM_IO IccIoResult sw1:0x90 sw2:0x0 Payload: ******* [PHONE1]
05-13 16:20:07.689  1631  1631 D RILJ    : [0738]> iccIO: SIM_IO [PHONE1]
05-13 16:20:07.863  1631  1796 D RILJ    : [0738]< SIM_IO IccIoResult sw1:0x90 sw2:0x0 Payload: ******* [PHONE1]
05-13 16:20:07.864  1631  1631 D RILJ    : [0739]> iccIO: SIM_IO [PHONE1]
05-13 16:20:07.996  1631  1631 D PhoneCfgMgr: getStaticPhoneCapability: mStaticCapability mMaxActiveVoiceSubscriptions=0 mMaxActiveDataSubscriptions=1 mNetworkValidationBeforeSwitchSupported=false mDeviceNrCapability []
05-13 16:20:08.038  1631  1796 D RILJ    : [0739]< SIM_IO IccIoResult sw1:0x90 sw2:0x0 Payload: ******* [PHONE1]
05-13 16:20:08.055  1631  1631 D ImsManagerIM [0]: ImsService not up yet - timeout waiting for connection.
05-13 16:20:08.105  1631  1631 D ImsManagerIM [0]: ImsService not up yet - timeout waiting for connection.
05-13 16:20:08.156  1631  1631 D ImsManagerIM [0]: ImsService not up yet - timeout waiting for connection.
05-13 16:20:08.157  1631  1631 W ImsProvisioningController: isProvisioningRequired : getTechsFromCarrierConfig failed
05-13 16:20:08.158  1631  1631 D ImsProvisioningController: isRcsProvisioningRequiredForCapability capability 2 tech 0 return value true
05-13 16:20:08.158  1631  1631 D ImsProvisioningController: Rcs ImsService is not available, EAB provisioning status should be read from MmTel ImsService
05-13 16:20:08.158  1631  1631 E ImsProvisioningController: MmTelFeatureListener[0] service is Unavailable
05-13 16:20:08.158  1631  1631 D ImsProvisioningController: getRcsProvisioningStatusForCapability :  capability 2 tech 0 result false
05-13 16:20:08.159  1631  1631 W ImsProvisioningController: isProvisioningRequired : getTechsFromCarrierConfig failed
05-13 16:20:08.159  1631  1631 D ImsProvisioningController: isRcsProvisioningRequiredForCapability capability 2 tech 0 return value true
05-13 16:20:08.159  1631  1631 D ImsProvisioningController: Rcs ImsService is not available, EAB provisioning status should be read from MmTel ImsService
05-13 16:20:08.159  1631  1631 E ImsProvisioningController: MmTelFeatureListener[0] service is Unavailable
05-13 16:20:08.159  1631  1631 D ImsProvisioningController: getRcsProvisioningStatusForCapability :  capability 2 tech 0 result false
05-13 16:20:08.169  1631  1631 D RILJ    : [0740]> SET_CELL_INFO_LIST_RATE rateInMillis = 2147483647 [PHONE0]
05-13 16:20:08.174  1631  1796 D RILJ    : [0740]< SET_CELL_INFO_LIST_RATE  [PHONE0]
05-13 16:20:08.195  1631  1631 D RILJ    : [0741]> GET_ALLOWED_NETWORK_TYPES_BITMAP [PHONE0]
05-13 16:20:08.196  1631  1796 D RILJ    : [0741]< GET_ALLOWED_NETWORK_TYPES_BITMAP {316295} [PHONE0]
05-13 16:20:08.311  1631  1631 D RILJ    : [0742]> iccIO: SIM_IO [PHONE1]
05-13 16:20:08.312  1631  1631 W ImsProvisioningController: isProvisioningRequired : getTechsFromCarrierConfig failed
05-13 16:20:08.313  1631  1631 D ImsProvisioningController: isImsProvisioningRequiredForCapability capability 1 tech 0 return value false
05-13 16:20:08.313  1631  1631 D ImsProvisioningController: getImsProvisioningStatusForCapability : not required  capability 1 tech 0
05-13 16:20:08.315  1631  1631 W ImsProvisioningController: isProvisioningRequired : getTechsFromCarrierConfig failed
05-13 16:20:08.316  1631  1631 D ImsProvisioningController: isImsProvisioningRequiredForCapability capability 2 tech 0 return value false
05-13 16:20:08.316  1631  1631 D ImsProvisioningController: getImsProvisioningStatusForCapability : not required  capability 2 tech 0
05-13 16:20:08.317  1631  1631 W ImsProvisioningController: isProvisioningRequired : getTechsFromCarrierConfig failed
05-13 16:20:08.317  1631  1631 D ImsProvisioningController: isImsProvisioningRequiredForCapability capability 1 tech 1 return value false
05-13 16:20:08.317  1631  1631 D ImsProvisioningController: getImsProvisioningStatusForCapability : not required  capability 1 tech 1
05-13 16:20:08.320  1631  1631 D RILJ    : [0743]> GET_ALLOWED_NETWORK_TYPES_BITMAP [PHONE0]
05-13 16:20:08.322  1631  1796 D RILJ    : [0743]< GET_ALLOWED_NETWORK_TYPES_BITMAP {316295} [PHONE0]
05-13 16:20:08.372  1631  1631 D ImsManagerIM [0]: ImsService not up yet - timeout waiting for connection.
05-13 16:20:08.422  1631  1631 D ImsManagerIM [0]: ImsService not up yet - timeout waiting for connection.
05-13 16:20:08.430  1631  1796 D RILJ    : [0742]< SIM_IO IccIoResult sw1:0x90 sw2:0x0 Payload: ******* [PHONE1]
05-13 16:20:08.472  1631  1631 D ImsManagerIM [0]: ImsService not up yet - timeout waiting for connection.
05-13 16:20:08.474  1631  1631 W ImsProvisioningController: isProvisioningRequired : getTechsFromCarrierConfig failed
05-13 16:20:08.474  1631  1631 D ImsProvisioningController: isRcsProvisioningRequiredForCapability capability 2 tech 0 return value true
05-13 16:20:08.474  1631  1631 D ImsProvisioningController: Rcs ImsService is not available, EAB provisioning status should be read from MmTel ImsService
05-13 16:20:08.474  1631  1631 E ImsProvisioningController: MmTelFeatureListener[0] service is Unavailable
05-13 16:20:08.474  1631  1631 D ImsProvisioningController: getRcsProvisioningStatusForCapability :  capability 2 tech 0 result false
05-13 16:20:08.475  1631  1631 W ImsProvisioningController: isProvisioningRequired : getTechsFromCarrierConfig failed
05-13 16:20:08.475  1631  1631 D ImsProvisioningController: isRcsProvisioningRequiredForCapability capability 2 tech 0 return value true
05-13 16:20:08.475  1631  1631 D ImsProvisioningController: Rcs ImsService is not available, EAB provisioning status should be read from MmTel ImsService
05-13 16:20:08.475  1631  1631 E ImsProvisioningController: MmTelFeatureListener[0] service is Unavailable
05-13 16:20:08.475  1631  1631 D ImsProvisioningController: getRcsProvisioningStatusForCapability :  capability 2 tech 0 result false
05-13 16:20:08.490  1631  1631 D RILJ    : [0744]> SET_CELL_INFO_LIST_RATE rateInMillis = 2147483647 [PHONE0]
05-13 16:20:08.492  1631  1631 D TelephonyNetworkFactory[0]: got request NetworkRequest [ REQUEST id=154, [ Capabilities: INTERNET&NOT_RESTRICTED&TRUSTED&NOT_VCN_MANAGED Uid: 1001 RequestorUid: 10499 RequestorPkg: com.android.systemui UnderlyingNetworks: Null] ]
05-13 16:20:08.492  1631  1631 D TelephonyNetworkFactory[1]: got request NetworkRequest [ REQUEST id=154, [ Capabilities: INTERNET&NOT_RESTRICTED&TRUSTED&NOT_VCN_MANAGED Uid: 1001 RequestorUid: 10499 RequestorPkg: com.android.systemui UnderlyingNetworks: Null] ]
05-13 16:20:08.492  1631  1631 W ImsProvisioningController: isProvisioningRequired : getTechsFromCarrierConfig failed
05-13 16:20:08.493  1631  1631 D ImsProvisioningController: isImsProvisioningRequiredForCapability capability 1 tech 0 return value false
05-13 16:20:08.493  1631  1631 D ImsProvisioningController: getImsProvisioningStatusForCapability : not required  capability 1 tech 0
05-13 16:20:08.493  1631  1631 W ImsProvisioningController: isProvisioningRequired : getTechsFromCarrierConfig failed
05-13 16:20:08.493  1631  1796 D RILJ    : [0744]< SET_CELL_INFO_LIST_RATE  [PHONE0]
05-13 16:20:08.494  1631  1631 D ImsProvisioningController: isImsProvisioningRequiredForCapability capability 2 tech 0 return value false
05-13 16:20:08.494  1631  1631 D ImsProvisioningController: getImsProvisioningStatusForCapability : not required  capability 2 tech 0
05-13 16:20:08.494  1631  1631 D RILJ    : [0745]> iccIO: SIM_IO [PHONE1]
05-13 16:20:08.495  1631  1631 W ImsProvisioningController: isProvisioningRequired : getTechsFromCarrierConfig failed
05-13 16:20:08.496  1631  1631 D ImsProvisioningController: isImsProvisioningRequiredForCapability capability 1 tech 1 return value false
05-13 16:20:08.496  1631  1631 D ImsProvisioningController: getImsProvisioningStatusForCapability : not required  capability 1 tech 1
05-13 16:20:08.509  1631  1631 D TelephonyNetworkFactory[0]: onReleaseNetworkFor [NetworkRequest [ REQUEST id=151, [ Capabilities: INTERNET&NOT_RESTRICTED&TRUSTED&NOT_VCN_MANAGED Uid: 1000 RequestorUid: 10499 RequestorPkg: com.android.systemui UnderlyingNetworks: Null] ], mPriority=20, state=UNSATISFIED, mAttachedDataNetwork=null, isMetered=true, created time=16:20:08.508, evaluation result=null] applied false
05-13 16:20:08.510  1631  1631 D TelephonyNetworkFactory[1]: onReleaseNetworkFor [NetworkRequest [ REQUEST id=151, [ Capabilities: INTERNET&NOT_RESTRICTED&TRUSTED&NOT_VCN_MANAGED Uid: 1000 RequestorUid: 10499 RequestorPkg: com.android.systemui UnderlyingNetworks: Null] ], mPriority=20, state=UNSATISFIED, mAttachedDataNetwork=null, isMetered=true, created time=16:20:08.509, evaluation result=null] applied false
05-13 16:20:08.511  1631  1631 D TelephonyNetworkFactory[0]: onNeedNetworkFor [NetworkRequest [ REQUEST id=154, [ Capabilities: INTERNET&NOT_RESTRICTED&TRUSTED&NOT_VCN_MANAGED Uid: 1001 RequestorUid: 10499 RequestorPkg: com.android.systemui UnderlyingNetworks: Null] ], mPriority=20, state=UNSATISFIED, mAttachedDataNetwork=null, isMetered=true, created time=16:20:08.511, evaluation result=null] shouldApply false
05-13 16:20:08.511  1631  1631 D TelephonyNetworkFactory[1]: onNeedNetworkFor [NetworkRequest [ REQUEST id=154, [ Capabilities: INTERNET&NOT_RESTRICTED&TRUSTED&NOT_VCN_MANAGED Uid: 1001 RequestorUid: 10499 RequestorPkg: com.android.systemui UnderlyingNetworks: Null] ], mPriority=20, state=UNSATISFIED, mAttachedDataNetwork=null, isMetered=true, created time=16:20:08.511, evaluation result=null] shouldApply false
05-13 16:20:08.606  1631  1796 D RILJ    : [0745]< SIM_IO IccIoResult sw1:0x90 sw2:0x0 Payload: ******* [PHONE1]
05-13 16:20:08.620  1631  1631 D RILJ    : [0746]> iccIO: SIM_IO [PHONE1]
05-13 16:20:08.782  1631  1796 D RILJ    : [0746]< SIM_IO IccIoResult sw1:0x90 sw2:0x0 Payload: ******* [PHONE1]
05-13 16:20:08.784  1631  1631 D RILJ    : [0747]> iccIO: SIM_IO [PHONE1]
05-13 16:20:08.960  1631  1796 D RILJ    : [0747]< SIM_IO IccIoResult sw1:0x90 sw2:0x0 Payload: ******* [PHONE1]
05-13 16:20:08.961  1631  1631 D RILJ    : [0748]> iccIO: SIM_IO [PHONE1]
05-13 16:20:09.137  1631  1796 D RILJ    : [0748]< SIM_IO IccIoResult sw1:0x90 sw2:0x0 Payload: ******* [PHONE1]
05-13 16:20:09.139  1631  1631 D RILJ    : [0749]> iccIO: SIM_IO [PHONE1]
05-13 16:20:09.311  1631  1796 D RILJ    : [0749]< SIM_IO IccIoResult sw1:0x90 sw2:0x0 Payload: ******* [PHONE1]
05-13 16:20:09.313  1631  1631 D RILJ    : [0750]> iccIO: SIM_IO [PHONE1]
05-13 16:20:09.487  1631  1796 D RILJ    : [0750]< SIM_IO IccIoResult sw1:0x90 sw2:0x0 Payload: ******* [PHONE1]
05-13 16:20:09.488  1631  1631 D RILJ    : [0751]> iccIO: SIM_IO [PHONE1]
05-13 16:20:09.663  1631  1796 D RILJ    : [0751]< SIM_IO IccIoResult sw1:0x90 sw2:0x0 Payload: ******* [PHONE1]
05-13 16:20:09.664  1631  1631 D RILJ    : [0752]> iccIO: SIM_IO [PHONE1]
05-13 16:20:09.751  1631  2151 D ImsManagerIM [0]: ImsService not up yet - timeout waiting for connection.
05-13 16:20:09.804  1631  2151 D ImsManagerIM [1]: ImsService not up yet - timeout waiting for connection.
05-13 16:20:09.840  1631  1796 D RILJ    : [0752]< SIM_IO IccIoResult sw1:0x90 sw2:0x0 Payload: ******* [PHONE1]
05-13 16:20:09.853  1631  1631 D RILJ    : [0753]> iccIO: SIM_IO [PHONE1]
05-13 16:20:10.014  1631  1796 D RILJ    : [0753]< SIM_IO IccIoResult sw1:0x90 sw2:0x0 Payload: ******* [PHONE1]
05-13 16:20:10.018  1631  1631 D RILJ    : [0754]> iccIO: SIM_IO [PHONE1]
05-13 16:20:10.190  1631  1796 D RILJ    : [0754]< SIM_IO IccIoResult sw1:0x90 sw2:0x0 Payload: ******* [PHONE1]
05-13 16:20:10.191  1631  1631 D RILJ    : [0755]> iccIO: SIM_IO [PHONE1]
05-13 16:20:10.366  1631  1796 D RILJ    : [0755]< SIM_IO IccIoResult sw1:0x90 sw2:0x0 Payload: ******* [PHONE1]
05-13 16:20:10.368  1631  1631 D RILJ    : [0756]> iccIO: SIM_IO [PHONE1]
05-13 16:20:10.544  1631  1796 D RILJ    : [0756]< SIM_IO IccIoResult sw1:0x90 sw2:0x0 Payload: ******* [PHONE1]
05-13 16:20:10.555  1631  1631 D RILJ    : [0757]> iccIO: SIM_IO [PHONE1]
05-13 16:20:10.720  1631  1796 D RILJ    : [0757]< SIM_IO IccIoResult sw1:0x90 sw2:0x0 Payload: ******* [PHONE1]
05-13 16:20:10.721  1631  1631 D RILJ    : [0758]> iccIO: SIM_IO [PHONE1]
05-13 16:20:10.895  1631  1796 D RILJ    : [0758]< SIM_IO IccIoResult sw1:0x90 sw2:0x0 Payload: ******* [PHONE1]
05-13 16:20:10.897  1631  1631 D RILJ    : [0759]> iccIO: SIM_IO [PHONE1]
05-13 16:20:11.069  1631  1796 D RILJ    : [0759]< SIM_IO IccIoResult sw1:0x90 sw2:0x0 Payload: ******* [PHONE1]
05-13 16:20:11.071  1631  1631 D RILJ    : [0760]> iccIO: SIM_IO [PHONE1]
05-13 16:20:11.245  1631  1796 D RILJ    : [0760]< SIM_IO IccIoResult sw1:0x90 sw2:0x0 Payload: ******* [PHONE1]
05-13 16:20:11.247  1631  1631 D RILJ    : [0761]> iccIO: SIM_IO [PHONE1]
05-13 16:20:11.383  1631  1631 D RILJ    : [0762]> SET_CELL_INFO_LIST_RATE rateInMillis = 2147483647 [PHONE0]
05-13 16:20:11.388  1631  1796 D RILJ    : [0762]< SET_CELL_INFO_LIST_RATE  [PHONE0]
05-13 16:20:11.421  1631  1796 D RILJ    : [0761]< SIM_IO IccIoResult sw1:0x90 sw2:0x0 Payload: ******* [PHONE1]
05-13 16:20:11.436  1631  1631 D ImsManagerIM [1]: ImsService not up yet - timeout waiting for connection.
05-13 16:20:11.487  1631  1631 D ImsManagerIM [1]: ImsService not up yet - timeout waiting for connection.
05-13 16:20:11.538  1631  1631 D ImsManagerIM [1]: ImsService not up yet - timeout waiting for connection.
05-13 16:20:11.541  1631  1631 W ImsProvisioningController: isProvisioningRequired : getTechsFromCarrierConfig failed
05-13 16:20:11.542  1631  1631 D ImsProvisioningController: isRcsProvisioningRequiredForCapability capability 2 tech 0 return value true
05-13 16:20:11.543  1631  1631 D ImsProvisioningController: Rcs ImsService is not available, EAB provisioning status should be read from MmTel ImsService
05-13 16:20:11.544  1631  1631 E ImsProvisioningController: MmTelFeatureListener[1] service is Unavailable
05-13 16:20:11.544  1631  1631 D ImsProvisioningController: getRcsProvisioningStatusForCapability :  capability 2 tech 0 result false
05-13 16:20:11.545  1631  1631 W ImsProvisioningController: isProvisioningRequired : getTechsFromCarrierConfig failed
05-13 16:20:11.546  1631  1631 D ImsProvisioningController: isRcsProvisioningRequiredForCapability capability 2 tech 0 return value true
05-13 16:20:11.546  1631  1631 D ImsProvisioningController: Rcs ImsService is not available, EAB provisioning status should be read from MmTel ImsService
05-13 16:20:11.546  1631  1631 E ImsProvisioningController: MmTelFeatureListener[1] service is Unavailable
05-13 16:20:11.546  1631  1631 D ImsProvisioningController: getRcsProvisioningStatusForCapability :  capability 2 tech 0 result false
05-13 16:20:11.565  1631  1631 D RILJ    : [0763]> SET_CELL_INFO_LIST_RATE rateInMillis = 2147483647 [PHONE0]
05-13 16:20:11.572  1631  1796 D RILJ    : [0763]< SET_CELL_INFO_LIST_RATE  [PHONE0]
05-13 16:20:11.589  1631  1631 D RILJ    : [0764]> iccIO: SIM_IO [PHONE1]
05-13 16:20:11.592  1631  1631 W ImsProvisioningController: isProvisioningRequired : getTechsFromCarrierConfig failed
05-13 16:20:11.592  1631  1631 D ImsProvisioningController: isImsProvisioningRequiredForCapability capability 1 tech 0 return value false
05-13 16:20:11.592  1631  1631 D ImsProvisioningController: getImsProvisioningStatusForCapability : not required  capability 1 tech 0
05-13 16:20:11.594  1631  1631 W ImsProvisioningController: isProvisioningRequired : getTechsFromCarrierConfig failed
05-13 16:20:11.595  1631  1631 D ImsProvisioningController: isImsProvisioningRequiredForCapability capability 2 tech 0 return value false
05-13 16:20:11.596  1631  1631 D ImsProvisioningController: getImsProvisioningStatusForCapability : not required  capability 2 tech 0
05-13 16:20:11.598  1631  1631 W ImsProvisioningController: isProvisioningRequired : getTechsFromCarrierConfig failed
05-13 16:20:11.599  1631  1631 D ImsProvisioningController: isImsProvisioningRequiredForCapability capability 1 tech 1 return value false
05-13 16:20:11.599  1631  1631 D ImsProvisioningController: getImsProvisioningStatusForCapability : not required  capability 1 tech 1
05-13 16:20:11.601  1631  1631 D RILJ    : [0765]> GET_ALLOWED_NETWORK_TYPES_BITMAP [PHONE1]
05-13 16:20:11.604  1631  1796 D RILJ    : [0765]< GET_ALLOWED_NETWORK_TYPES_BITMAP {316295} [PHONE1]
05-13 16:20:11.654  1631  1631 D ImsManagerIM [1]: ImsService not up yet - timeout waiting for connection.
05-13 16:20:11.705  1631  1631 D ImsManagerIM [1]: ImsService not up yet - timeout waiting for connection.
05-13 16:20:11.705  1631  1796 D RILJ    : [0764]< SIM_IO IccIoResult sw1:0x90 sw2:0x0 Payload: ******* [PHONE1]
05-13 16:20:11.756  1631  1631 D ImsManagerIM [1]: ImsService not up yet - timeout waiting for connection.
05-13 16:20:11.759  1631  1631 W ImsProvisioningController: isProvisioningRequired : getTechsFromCarrierConfig failed
05-13 16:20:11.760  1631  1631 D ImsProvisioningController: isRcsProvisioningRequiredForCapability capability 2 tech 0 return value true
05-13 16:20:11.760  1631  1631 D ImsProvisioningController: Rcs ImsService is not available, EAB provisioning status should be read from MmTel ImsService
05-13 16:20:11.760  1631  1631 E ImsProvisioningController: MmTelFeatureListener[1] service is Unavailable
05-13 16:20:11.760  1631  1631 D ImsProvisioningController: getRcsProvisioningStatusForCapability :  capability 2 tech 0 result false
05-13 16:20:11.762  1631  1631 W ImsProvisioningController: isProvisioningRequired : getTechsFromCarrierConfig failed
05-13 16:20:11.762  1631  1631 D ImsProvisioningController: isRcsProvisioningRequiredForCapability capability 2 tech 0 return value true
05-13 16:20:11.763  1631  1631 D ImsProvisioningController: Rcs ImsService is not available, EAB provisioning status should be read from MmTel ImsService
05-13 16:20:11.763  1631  1631 E ImsProvisioningController: MmTelFeatureListener[1] service is Unavailable
05-13 16:20:11.763  1631  1631 D ImsProvisioningController: getRcsProvisioningStatusForCapability :  capability 2 tech 0 result false
05-13 16:20:11.790  1631  1631 W ImsProvisioningController: isProvisioningRequired : getTechsFromCarrierConfig failed
05-13 16:20:11.792  1631  1631 D ImsProvisioningController: isImsProvisioningRequiredForCapability capability 1 tech 0 return value false
05-13 16:20:11.792  1631  1631 D ImsProvisioningController: getImsProvisioningStatusForCapability : not required  capability 1 tech 0
05-13 16:20:11.795  1631  1631 W ImsProvisioningController: isProvisioningRequired : getTechsFromCarrierConfig failed
05-13 16:20:11.796  1631  1631 D ImsProvisioningController: isImsProvisioningRequiredForCapability capability 2 tech 0 return value false
05-13 16:20:11.796  1631  1631 D ImsProvisioningController: getImsProvisioningStatusForCapability : not required  capability 2 tech 0
05-13 16:20:11.797  1631  1631 D RILJ    : [0766]> iccIO: SIM_IO [PHONE1]
05-13 16:20:11.800  1631  1631 W ImsProvisioningController: isProvisioningRequired : getTechsFromCarrierConfig failed
05-13 16:20:11.801  1631  1631 D ImsProvisioningController: isImsProvisioningRequiredForCapability capability 1 tech 1 return value false
05-13 16:20:11.801  1631  1631 D ImsProvisioningController: getImsProvisioningStatusForCapability : not required  capability 1 tech 1
05-13 16:20:11.917  1631  1796 D RILJ    : [0766]< SIM_IO IccIoResult sw1:0x90 sw2:0x0 Payload: ******* [PHONE1]
05-13 16:20:11.919  1631  1631 D RILJ    : [0767]> iccIO: SIM_IO [PHONE1]
05-13 16:20:12.092  1631  1796 D RILJ    : [0767]< SIM_IO IccIoResult sw1:0x90 sw2:0x0 Payload: ******* [PHONE1]
05-13 16:20:12.094  1631  1631 D RILJ    : [0768]> iccIO: SIM_IO [PHONE1]
05-13 16:20:12.269  1631  1796 D RILJ    : [0768]< SIM_IO IccIoResult sw1:0x90 sw2:0x0 Payload: ******* [PHONE1]
05-13 16:20:12.270  1631  1631 D RILJ    : [0769]> iccIO: SIM_IO [PHONE1]
05-13 16:20:12.445  1631  1796 D RILJ    : [0769]< SIM_IO IccIoResult sw1:0x90 sw2:0x0 Payload: ******* [PHONE1]
05-13 16:20:12.446  1631  1631 D RILJ    : [0770]> iccIO: SIM_IO [PHONE1]
05-13 16:20:12.622  1631  1796 D RILJ    : [0770]< SIM_IO IccIoResult sw1:0x90 sw2:0x0 Payload: ******* [PHONE1]
05-13 16:20:12.624  1631  1631 D RILJ    : [0771]> iccIO: SIM_IO [PHONE1]
05-13 16:20:12.797  1631  1796 D RILJ    : [0771]< SIM_IO IccIoResult sw1:0x90 sw2:0x0 Payload: ******* [PHONE1]
05-13 16:20:12.798  1631  1631 D RILJ    : [0772]> iccIO: SIM_IO [PHONE1]
05-13 16:20:12.974  1631  1796 D RILJ    : [0772]< SIM_IO IccIoResult sw1:0x90 sw2:0x0 Payload: ******* [PHONE1]
05-13 16:20:12.976  1631  1631 D RILJ    : [0773]> iccIO: SIM_IO [PHONE1]
05-13 16:20:13.149  1631  1796 D RILJ    : [0773]< SIM_IO IccIoResult sw1:0x90 sw2:0x0 Payload: ******* [PHONE1]
05-13 16:20:13.150  1631  1631 D RILJ    : [0774]> iccIO: SIM_IO [PHONE1]
05-13 16:20:13.324  1631  1796 D RILJ    : [0774]< SIM_IO IccIoResult sw1:0x90 sw2:0x0 Payload: ******* [PHONE1]
05-13 16:20:13.325  1631  1631 D RILJ    : [0775]> iccIO: SIM_IO [PHONE1]
05-13 16:20:13.501  1631  1796 D RILJ    : [0775]< SIM_IO IccIoResult sw1:0x90 sw2:0x0 Payload: ******* [PHONE1]
05-13 16:20:13.503  1631  1631 D RILJ    : [0776]> iccIO: SIM_IO [PHONE1]
05-13 16:20:13.676  1631  1796 D RILJ    : [0776]< SIM_IO IccIoResult sw1:0x90 sw2:0x0 Payload: ******* [PHONE1]
05-13 16:20:13.678  1631  1631 D RILJ    : [0777]> iccIO: SIM_IO [PHONE1]
05-13 16:20:13.852  1631  1796 D RILJ    : [0777]< SIM_IO IccIoResult sw1:0x90 sw2:0x0 Payload: ******* [PHONE1]
05-13 16:20:13.854  1631  1631 D RILJ    : [0778]> iccIO: SIM_IO [PHONE1]
05-13 16:20:14.029  1631  1796 D RILJ    : [0778]< SIM_IO IccIoResult sw1:0x90 sw2:0x0 Payload: ******* [PHONE1]
05-13 16:20:14.061  1631  1631 D RILJ    : [0779]> iccIO: SIM_IO [PHONE1]
05-13 16:20:14.205  1631  1796 D RILJ    : [0779]< SIM_IO IccIoResult sw1:0x90 sw2:0x0 Payload: ******* [PHONE1]
05-13 16:20:14.206  1631  1631 D RILJ    : [0780]> iccIO: SIM_IO [PHONE1]
05-13 16:20:14.381  1631  1796 D RILJ    : [0780]< SIM_IO IccIoResult sw1:0x90 sw2:0x0 Payload: ******* [PHONE1]
05-13 16:20:14.383  1631  1631 D RILJ    : [0781]> iccIO: SIM_IO [PHONE1]
05-13 16:20:14.556  1631  1796 D RILJ    : [0781]< SIM_IO IccIoResult sw1:0x90 sw2:0x0 Payload: ******* [PHONE1]
05-13 16:20:14.557  1631  1631 D RILJ    : [0782]> iccIO: SIM_IO [PHONE1]
05-13 16:20:14.733  1631  1796 D RILJ    : [0782]< SIM_IO IccIoResult sw1:0x90 sw2:0x0 Payload: ******* [PHONE1]
05-13 16:20:14.763  1631  1631 D RILJ    : [0783]> iccIO: SIM_IO [PHONE1]
05-13 16:20:14.827  1631  1996 D ImsManagerIM [0]: ImsService not up yet - timeout waiting for connection.
05-13 16:20:14.879  1631  1996 D ImsManagerIM [1]: ImsService not up yet - timeout waiting for connection.
05-13 16:20:14.909  1631  1796 D RILJ    : [0783]< SIM_IO IccIoResult sw1:0x90 sw2:0x0 Payload: ******* [PHONE1]
05-13 16:20:14.911  1631  1631 D RILJ    : [0784]> iccIO: SIM_IO [PHONE1]
05-13 16:20:15.086  1631  1796 D RILJ    : [0784]< SIM_IO IccIoResult sw1:0x90 sw2:0x0 Payload: ******* [PHONE1]
05-13 16:20:15.088  1631  1631 D RILJ    : [0785]> iccIO: SIM_IO [PHONE1]
05-13 16:20:15.262  1631  1796 D RILJ    : [0785]< SIM_IO IccIoResult sw1:0x90 sw2:0x0 Payload: ******* [PHONE1]
05-13 16:20:15.264  1631  1631 D RILJ    : [0786]> iccIO: SIM_IO [PHONE1]
05-13 16:20:15.438  1631  1796 D RILJ    : [0786]< SIM_IO IccIoResult sw1:0x90 sw2:0x0 Payload: ******* [PHONE1]
05-13 16:20:15.440  1631  1631 D RILJ    : [0787]> iccIO: SIM_IO [PHONE1]
05-13 16:20:15.570  1105  1129 D RtcRilClientController: client 1001 handle requestComplete
05-13 16:20:15.614  1631  1796 D RILJ    : [0787]< SIM_IO IccIoResult sw1:0x90 sw2:0x0 Payload: ******* [PHONE1]
05-13 16:20:15.617  1631  1631 D RILJ    : [0788]> iccIO: SIM_IO [PHONE1]
05-13 16:20:15.790  1631  1796 D RILJ    : [0788]< SIM_IO IccIoResult sw1:0x90 sw2:0x0 Payload: ******* [PHONE1]
05-13 16:20:15.792  1631  1631 D RILJ    : [0789]> iccIO: SIM_IO [PHONE1]
05-13 16:20:15.966  1631  1796 D RILJ    : [0789]< SIM_IO IccIoResult sw1:0x90 sw2:0x0 Payload: ******* [PHONE1]
05-13 16:20:15.968  1631  1631 D RILJ    : [0790]> iccIO: SIM_IO [PHONE1]
05-13 16:20:16.141  1631  1796 D RILJ    : [0790]< SIM_IO IccIoResult sw1:0x90 sw2:0x0 Payload: ******* [PHONE1]
05-13 16:20:16.142  1631  1631 D RILJ    : [0791]> iccIO: SIM_IO [PHONE1]
05-13 16:20:16.318  1631  1796 D RILJ    : [0791]< SIM_IO IccIoResult sw1:0x90 sw2:0x0 Payload: ******* [PHONE1]
05-13 16:20:16.319  1631  1631 D RILJ    : [0792]> iccIO: SIM_IO [PHONE1]
05-13 16:20:16.495  1631  1796 D RILJ    : [0792]< SIM_IO IccIoResult sw1:0x90 sw2:0x0 Payload: ******* [PHONE1]
05-13 16:20:16.504  1631  1631 D RILJ    : [0793]> iccIO: SIM_IO [PHONE1]
05-13 16:20:16.670  1631  1796 D RILJ    : [0793]< SIM_IO IccIoResult sw1:0x90 sw2:0x0 Payload: ******* [PHONE1]
05-13 16:20:16.673  1631  1631 D RILJ    : [0794]> iccIO: SIM_IO [PHONE1]
05-13 16:20:16.846  1631  1796 D RILJ    : [0794]< SIM_IO IccIoResult sw1:0x90 sw2:0x0 Payload: ******* [PHONE1]
05-13 16:20:16.848  1631  1631 D RILJ    : [0795]> iccIO: SIM_IO [PHONE1]
05-13 16:20:17.024  1631  1796 D RILJ    : [0795]< SIM_IO IccIoResult sw1:0x90 sw2:0x0 Payload: ******* [PHONE1]
05-13 16:20:17.026  1631  1631 D RILJ    : [0796]> iccIO: SIM_IO [PHONE1]
05-13 16:20:17.199  1631  1796 D RILJ    : [0796]< SIM_IO IccIoResult sw1:0x90 sw2:0x0 Payload: ******* [PHONE1]
05-13 16:20:17.201  1631  1631 D RILJ    : [0797]> iccIO: SIM_IO [PHONE1]
05-13 16:20:17.375  1631  1796 D RILJ    : [0797]< SIM_IO IccIoResult sw1:0x90 sw2:0x0 Payload: ******* [PHONE1]
05-13 16:20:17.377  1631  1631 D RILJ    : [0798]> iccIO: SIM_IO [PHONE1]
05-13 16:20:17.550  1631  1796 D RILJ    : [0798]< SIM_IO IccIoResult sw1:0x90 sw2:0x0 Payload: ******* [PHONE1]
05-13 16:20:17.552  1631  1631 D RILJ    : [0799]> iccIO: SIM_IO [PHONE1]
05-13 16:20:17.726  1631  1796 D RILJ    : [0799]< SIM_IO IccIoResult sw1:0x90 sw2:0x0 Payload: ******* [PHONE1]
05-13 16:20:17.727  1631  1631 D RILJ    : [0800]> iccIO: SIM_IO [PHONE1]
05-13 16:20:17.902  1631  1796 D RILJ    : [0800]< SIM_IO IccIoResult sw1:0x90 sw2:0x0 Payload: ******* [PHONE1]
05-13 16:20:17.905  1631  1631 D RILJ    : [0801]> iccIO: SIM_IO [PHONE1]
05-13 16:20:18.078  1631  1796 D RILJ    : [0801]< SIM_IO IccIoResult sw1:0x90 sw2:0x0 Payload: ******* [PHONE1]
05-13 16:20:18.079  1631  1631 D RILJ    : [0802]> iccIO: SIM_IO [PHONE1]
05-13 16:20:18.256  1631  1796 D RILJ    : [0802]< SIM_IO IccIoResult sw1:0x90 sw2:0x0 Payload: ******* [PHONE1]
05-13 16:20:18.304  1631  1631 D RILJ    : [0803]> iccIO: SIM_IO [PHONE1]
05-13 16:20:18.431  1631  1796 D RILJ    : [0803]< SIM_IO IccIoResult sw1:0x90 sw2:0x0 Payload: ******* [PHONE1]
05-13 16:20:18.433  1631  1631 D RILJ    : [0804]> iccIO: SIM_IO [PHONE1]
05-13 16:20:18.606  1631  1796 D RILJ    : [0804]< SIM_IO IccIoResult sw1:0x90 sw2:0x0 Payload: ******* [PHONE1]
05-13 16:20:18.607  1631  1631 D RILJ    : [0805]> iccIO: SIM_IO [PHONE1]
05-13 16:20:18.782  1631  1796 D RILJ    : [0805]< SIM_IO IccIoResult sw1:0x90 sw2:0x0 Payload: ******* [PHONE1]
05-13 16:20:18.784  1631  1631 D RILJ    : [0806]> iccIO: SIM_IO [PHONE1]
05-13 16:20:18.958  1631  1796 D RILJ    : [0806]< SIM_IO IccIoResult sw1:0x90 sw2:0x0 Payload: ******* [PHONE1]
05-13 16:20:18.959  1631  1631 D RILJ    : [0807]> iccIO: SIM_IO [PHONE1]
05-13 16:20:19.134  1631  1796 D RILJ    : [0807]< SIM_IO IccIoResult sw1:0x90 sw2:0x0 Payload: ******* [PHONE1]
05-13 16:20:19.136  1631  1631 D RILJ    : [0808]> iccIO: SIM_IO [PHONE1]
05-13 16:20:19.309  1631  1796 D RILJ    : [0808]< SIM_IO IccIoResult sw1:0x90 sw2:0x0 Payload: ******* [PHONE1]
05-13 16:20:19.318  1631  1631 D RILJ    : [0809]> iccIO: SIM_IO [PHONE1]
05-13 16:20:19.486  1631  1796 D RILJ    : [0809]< SIM_IO IccIoResult sw1:0x90 sw2:0x0 Payload: ******* [PHONE1]
05-13 16:20:19.488  1631  1631 D RILJ    : [0810]> iccIO: SIM_IO [PHONE1]
05-13 16:20:19.661  1631  1796 D RILJ    : [0810]< SIM_IO IccIoResult sw1:0x90 sw2:0x0 Payload: ******* [PHONE1]
05-13 16:20:19.662  1631  1631 D RILJ    : [0811]> iccIO: SIM_IO [PHONE1]
05-13 16:20:19.837  1631  1796 D RILJ    : [0811]< SIM_IO IccIoResult sw1:0x90 sw2:0x0 Payload: ******* [PHONE1]
05-13 16:20:19.838  1631  1631 D RILJ    : [0812]> iccIO: SIM_IO [PHONE1]
05-13 16:20:20.013  1631  1796 D RILJ    : [0812]< SIM_IO IccIoResult sw1:0x90 sw2:0x0 Payload: ******* [PHONE1]
05-13 16:20:20.016  1631  1631 D RILJ    : [0813]> iccIO: SIM_IO [PHONE1]
05-13 16:20:20.190  1631  1796 D RILJ    : [0813]< SIM_IO IccIoResult sw1:0x90 sw2:0x0 Payload: ******* [PHONE1]
05-13 16:20:20.192  1631  1631 D RILJ    : [0814]> iccIO: SIM_IO [PHONE1]
05-13 16:20:20.366  1631  1796 D RILJ    : [0814]< SIM_IO IccIoResult sw1:0x90 sw2:0x0 Payload: ******* [PHONE1]
05-13 16:20:20.367  1631  1631 D RILJ    : [0815]> iccIO: SIM_IO [PHONE1]
05-13 16:20:20.540  1631  1796 D RILJ    : [0815]< SIM_IO IccIoResult sw1:0x90 sw2:0x0 Payload: ******* [PHONE1]
05-13 16:20:20.542  1631  1631 D RILJ    : [0816]> iccIO: SIM_IO [PHONE1]
05-13 16:20:20.717  1631  1796 D RILJ    : [0816]< SIM_IO IccIoResult sw1:0x90 sw2:0x0 Payload: ******* [PHONE1]
05-13 16:20:20.719  1631  1631 D RILJ    : [0817]> iccIO: SIM_IO [PHONE1]
05-13 16:20:20.893  1631  1796 D RILJ    : [0817]< SIM_IO IccIoResult sw1:0x90 sw2:0x0 Payload: ******* [PHONE1]
05-13 16:20:20.895  1631  1631 D RILJ    : [0818]> iccIO: SIM_IO [PHONE1]
05-13 16:20:21.070  1631  1796 D RILJ    : [0818]< SIM_IO IccIoResult sw1:0x90 sw2:0x0 Payload: ******* [PHONE1]
05-13 16:20:21.072  1631  1631 D RILJ    : [0819]> iccIO: SIM_IO [PHONE1]
05-13 16:20:21.245  1631  1796 D RILJ    : [0819]< SIM_IO IccIoResult sw1:0x90 sw2:0x0 Payload: ******* [PHONE1]
05-13 16:20:21.247  1631  1631 D RILJ    : [0820]> iccIO: SIM_IO [PHONE1]
05-13 16:20:21.422  1631  1796 D RILJ    : [0820]< SIM_IO IccIoResult sw1:0x90 sw2:0x0 Payload: ******* [PHONE1]
05-13 16:20:21.423  1631  1631 D RILJ    : [0821]> iccIO: SIM_IO [PHONE1]
05-13 16:20:21.597  1631  1796 D RILJ    : [0821]< SIM_IO IccIoResult sw1:0x90 sw2:0x0 Payload: ******* [PHONE1]
05-13 16:20:21.599  1631  1631 D RILJ    : [0822]> iccIO: SIM_IO [PHONE1]
05-13 16:20:21.772  1631  1796 D RILJ    : [0822]< SIM_IO IccIoResult sw1:0x90 sw2:0x0 Payload: ******* [PHONE1]
05-13 16:20:21.792  1631  1631 D RILJ    : [0823]> iccIO: SIM_IO [PHONE1]
05-13 16:20:21.949  1631  1796 D RILJ    : [0823]< SIM_IO IccIoResult sw1:0x90 sw2:0x0 Payload: ******* [PHONE1]
05-13 16:20:21.951  1631  1631 D RILJ    : [0824]> iccIO: SIM_IO [PHONE1]
05-13 16:20:22.126  1631  1796 D RILJ    : [0824]< SIM_IO IccIoResult sw1:0x90 sw2:0x0 Payload: ******* [PHONE1]
05-13 16:20:22.128  1631  1631 D RILJ    : [0825]> iccIO: SIM_IO [PHONE1]
05-13 16:20:22.302  1631  1796 D RILJ    : [0825]< SIM_IO IccIoResult sw1:0x90 sw2:0x0 Payload: ******* [PHONE1]
05-13 16:20:22.305  1631  1631 D RILJ    : [0826]> iccIO: SIM_IO [PHONE1]
05-13 16:20:22.478  1631  1796 D RILJ    : [0826]< SIM_IO IccIoResult sw1:0x90 sw2:0x0 Payload: ******* [PHONE1]
05-13 16:20:22.479  1631  1631 D RILJ    : [0827]> iccIO: SIM_IO [PHONE1]
05-13 16:20:22.654  1631  1796 D RILJ    : [0827]< SIM_IO IccIoResult sw1:0x90 sw2:0x0 Payload: ******* [PHONE1]
05-13 16:20:22.666  1631  1631 D RILJ    : [0828]> iccIO: SIM_IO [PHONE1]
05-13 16:20:22.830  1631  1796 D RILJ    : [0828]< SIM_IO IccIoResult sw1:0x90 sw2:0x0 Payload: ******* [PHONE1]
05-13 16:20:22.832  1631  1631 D RILJ    : [0829]> iccIO: SIM_IO [PHONE1]
05-13 16:20:23.006  1631  1796 D RILJ    : [0829]< SIM_IO IccIoResult sw1:0x90 sw2:0x0 Payload: ******* [PHONE1]
05-13 16:20:23.008  1631  1631 D RILJ    : [0830]> iccIO: SIM_IO [PHONE1]
05-13 16:20:23.183  1631  1796 D RILJ    : [0830]< SIM_IO IccIoResult sw1:0x90 sw2:0x0 Payload: ******* [PHONE1]
05-13 16:20:23.184  1631  1631 D RILJ    : [0831]> iccIO: SIM_IO [PHONE1]
05-13 16:20:23.360  1631  1796 D RILJ    : [0831]< SIM_IO IccIoResult sw1:0x90 sw2:0x0 Payload: ******* [PHONE1]
05-13 16:20:23.379  1631  1631 D RILJ    : [0832]> SET_CELL_INFO_LIST_RATE rateInMillis = 2147483647 [PHONE0]
05-13 16:20:23.384  1631  1796 D RILJ    : [0832]< SET_CELL_INFO_LIST_RATE  [PHONE0]
05-13 16:20:23.433  1631  1631 D ImsManagerIM [0]: ImsService not up yet - timeout waiting for connection.
05-13 16:20:23.483  1631  1631 D ImsManagerIM [0]: ImsService not up yet - timeout waiting for connection.
05-13 16:20:23.534  1631  1631 D ImsManagerIM [0]: ImsService not up yet - timeout waiting for connection.
05-13 16:20:23.537  1631  1631 W ImsProvisioningController: isProvisioningRequired : getTechsFromCarrierConfig failed
05-13 16:20:23.538  1631  1631 D ImsProvisioningController: isRcsProvisioningRequiredForCapability capability 2 tech 0 return value true
05-13 16:20:23.538  1631  1631 D ImsProvisioningController: Rcs ImsService is not available, EAB provisioning status should be read from MmTel ImsService
05-13 16:20:23.538  1631  1631 E ImsProvisioningController: MmTelFeatureListener[0] service is Unavailable
05-13 16:20:23.538  1631  1631 D ImsProvisioningController: getRcsProvisioningStatusForCapability :  capability 2 tech 0 result false
05-13 16:20:23.539  1631  1631 W ImsProvisioningController: isProvisioningRequired : getTechsFromCarrierConfig failed
05-13 16:20:23.540  1631  1631 D ImsProvisioningController: isRcsProvisioningRequiredForCapability capability 2 tech 0 return value true
05-13 16:20:23.541  1631  1631 D ImsProvisioningController: Rcs ImsService is not available, EAB provisioning status should be read from MmTel ImsService
05-13 16:20:23.541  1631  1631 E ImsProvisioningController: MmTelFeatureListener[0] service is Unavailable
05-13 16:20:23.541  1631  1631 D ImsProvisioningController: getRcsProvisioningStatusForCapability :  capability 2 tech 0 result false
05-13 16:20:23.571  1631  1631 D RILJ    : [0833]> SET_CELL_INFO_LIST_RATE rateInMillis = 2147483647 [PHONE0]
05-13 16:20:23.577  1631  1796 D RILJ    : [0833]< SET_CELL_INFO_LIST_RATE  [PHONE0]
05-13 16:20:23.590  1631  1631 D RILJ    : [0834]> iccIO: SIM_IO [PHONE1]
05-13 16:20:23.603  1631  1631 W ImsProvisioningController: isProvisioningRequired : getTechsFromCarrierConfig failed
05-13 16:20:23.604  1631  1631 D ImsProvisioningController: isImsProvisioningRequiredForCapability capability 1 tech 0 return value false
05-13 16:20:23.604  1631  1631 D ImsProvisioningController: getImsProvisioningStatusForCapability : not required  capability 1 tech 0
05-13 16:20:23.606  1631  1631 W ImsProvisioningController: isProvisioningRequired : getTechsFromCarrierConfig failed
05-13 16:20:23.607  1631  1631 D ImsProvisioningController: isImsProvisioningRequiredForCapability capability 2 tech 0 return value false
05-13 16:20:23.607  1631  1631 D ImsProvisioningController: getImsProvisioningStatusForCapability : not required  capability 2 tech 0
05-13 16:20:23.609  1631  1631 W ImsProvisioningController: isProvisioningRequired : getTechsFromCarrierConfig failed
05-13 16:20:23.609  1631  1631 D ImsProvisioningController: isImsProvisioningRequiredForCapability capability 1 tech 1 return value false
05-13 16:20:23.609  1631  1631 D ImsProvisioningController: getImsProvisioningStatusForCapability : not required  capability 1 tech 1
05-13 16:20:23.613  1631  1631 D RILJ    : [0835]> GET_ALLOWED_NETWORK_TYPES_BITMAP [PHONE0]
05-13 16:20:23.615  1631  1796 D RILJ    : [0835]< GET_ALLOWED_NETWORK_TYPES_BITMAP {316295} [PHONE0]
05-13 16:20:23.666  1631  1631 D ImsManagerIM [0]: ImsService not up yet - timeout waiting for connection.
05-13 16:20:23.714  1631  1796 D RILJ    : [0834]< SIM_IO IccIoResult sw1:0x90 sw2:0x0 Payload: ******* [PHONE1]
05-13 16:20:23.717  1631  1631 D ImsManagerIM [0]: ImsService not up yet - timeout waiting for connection.
05-13 16:20:23.768  1631  1631 D ImsManagerIM [0]: ImsService not up yet - timeout waiting for connection.
05-13 16:20:23.770  1631  1631 W ImsProvisioningController: isProvisioningRequired : getTechsFromCarrierConfig failed
05-13 16:20:23.771  1631  1631 D ImsProvisioningController: isRcsProvisioningRequiredForCapability capability 2 tech 0 return value true
05-13 16:20:23.771  1631  1631 D ImsProvisioningController: Rcs ImsService is not available, EAB provisioning status should be read from MmTel ImsService
05-13 16:20:23.771  1631  1631 E ImsProvisioningController: MmTelFeatureListener[0] service is Unavailable
05-13 16:20:23.771  1631  1631 D ImsProvisioningController: getRcsProvisioningStatusForCapability :  capability 2 tech 0 result false
05-13 16:20:23.773  1631  1631 W ImsProvisioningController: isProvisioningRequired : getTechsFromCarrierConfig failed
05-13 16:20:23.775  1631  1631 D ImsProvisioningController: isRcsProvisioningRequiredForCapability capability 2 tech 0 return value true
