05-13 16:21:07.146  5457  5457 D TelephonyNetworkFactory[0]: got request NetworkRequest [ REQUEST id=138, [ Capabilities: INTERNET&NOT_RESTRICTED&TRUSTED&NOT_VCN_MANAGED Uid: 10447 RequestorUid: 10447 RequestorPkg: com.google.android.gms UnderlyingNetworks: Null] ]
05-13 16:21:07.146  5457  5457 D TelephonyNetworkFactory[0]: got request NetworkRequest [ REQUEST id=144, [ Capabilities: INTERNET&NOT_RESTRICTED&TRUSTED&NOT_VCN_MANAGED Uid: 10475 RequestorUid: 1000 RequestorPkg: android UnderlyingNetworks: Null] ]
05-13 16:21:07.146  5457  5457 D TelephonyNetworkFactory[0]: got request NetworkRequest [ REQUEST id=35, [ Capabilities: INTERNET&NOT_RESTRICTED&TRUSTED&NOT_VCN_MANAGED Uid: 1000 RequestorUid: 1000 RequestorPkg: android UnderlyingNetworks: Null] ]
05-13 16:21:07.146  5457  5457 D TelephonyNetworkFactory[0]: got request NetworkRequest [ REQUEST id=113, [ Capabilities: INTERNET&NOT_RESTRICTED&TRUSTED&NOT_VCN_MANAGED Uid: 10424 RequestorUid: 1000 RequestorPkg: android UnderlyingNetworks: Null] ]
05-13 16:21:07.147  5457  5457 D TelephonyNetworkFactory[0]: got request NetworkRequest [ REQUEST id=128, [ Capabilities: INTERNET&NOT_RESTRICTED&TRUSTED&NOT_VCN_MANAGED Uid: 10463 RequestorUid: 10463 RequestorPkg: com.android.vending UnderlyingNetworks: Null] ]
05-13 16:21:07.147  5457  5457 D TelephonyNetworkFactory[0]: got request NetworkRequest [ REQUEST id=33, [ Capabilities: INTERNET&NOT_RESTRICTED&TRUSTED&NOT_VCN_MANAGED Uid: 10519 RequestorUid: 1000 RequestorPkg: android UnderlyingNetworks: Null] ]
05-13 16:21:07.147  5457  5457 D TelephonyNetworkFactory[0]: got request NetworkRequest [ REQUEST id=84, [ Capabilities: INTERNET&NOT_RESTRICTED&TRUSTED&NOT_VCN_MANAGED Uid: 10461 RequestorUid: 10461 RequestorPkg: com.google.android.googlequicksearchbox UnderlyingNetworks: Null] ]
05-13 16:21:07.147  5457  5457 D TelephonyNetworkFactory[0]: got request NetworkRequest [ REQUEST id=80, [ Capabilities: INTERNET&NOT_RESTRICTED&TRUSTED&NOT_VCN_MANAGED Uid: 10451 RequestorUid: 10451 RequestorPkg: com.google.android.apps.messaging UnderlyingNetworks: Null] ]
05-13 16:21:07.147  5457  5457 D TelephonyNetworkFactory[0]: got request NetworkRequest [ REQUEST id=90, [ Capabilities: INTERNET&NOT_RESTRICTED&TRUSTED&NOT_VCN_MANAGED Uid: 10463 RequestorUid: 10463 RequestorPkg: com.android.vending UnderlyingNetworks: Null] ]
05-13 16:21:07.147  5457  5457 D TelephonyNetworkFactory[0]: got request NetworkRequest [ REQUEST id=45, [ Capabilities: INTERNET&NOT_RESTRICTED&TRUSTED&NOT_VCN_MANAGED Uid: 10499 RequestorUid: 10499 RequestorPkg: com.android.systemui UnderlyingNetworks: Null] ]
05-13 16:21:07.147  5457  5457 D TelephonyNetworkFactory[0]: got request NetworkRequest [ REQUEST id=126, [ Capabilities: INTERNET&NOT_RESTRICTED&TRUSTED&NOT_VCN_MANAGED Uid: 10477 RequestorUid: 1000 RequestorPkg: android UnderlyingNetworks: Null] ]
05-13 16:21:07.147  5457  5457 D TelephonyNetworkFactory[0]: got request NetworkRequest [ REQUEST id=27, [ Capabilities: INTERNET&NOT_RESTRICTED&TRUSTED&NOT_VCN_MANAGED Uid: 10445 RequestorUid: 1000 RequestorPkg: android UnderlyingNetworks: Null] ]
05-13 16:21:07.147  5457  5457 D TelephonyNetworkFactory[0]: got request NetworkRequest [ REQUEST id=93, [ Capabilities: INTERNET&NOT_RESTRICTED&TRUSTED&NOT_VCN_MANAGED Uid: 10446 RequestorUid: 1000 RequestorPkg: android UnderlyingNetworks: Null] ]
05-13 16:21:07.147  5457  5457 D TelephonyNetworkFactory[0]: got request NetworkRequest [ BACKGROUND_REQUEST id=2, [ Transports: CELLULAR Capabilities: INTERNET&NOT_RESTRICTED&TRUSTED&NOT_VPN&NOT_VCN_MANAGED RequestorUid: 1000 RequestorPkg: android UnderlyingNetworks: Null] ]
05-13 16:21:07.147  5457  5457 D TelephonyNetworkFactory[0]: got request NetworkRequest [ REQUEST id=120, [ Capabilities: INTERNET&NOT_RESTRICTED&TRUSTED&NOT_VCN_MANAGED Uid: 10462 RequestorUid: 1000 RequestorPkg: android UnderlyingNetworks: Null] ]
05-13 16:21:07.147  5457  5457 D TelephonyNetworkFactory[0]: got request NetworkRequest [ REQUEST id=1, [ Capabilities: INTERNET&NOT_RESTRICTED&TRUSTED&NOT_VPN&NOT_VCN_MANAGED RequestorUid: 1000 RequestorPkg: android UnderlyingNetworks: Null] ]
05-13 16:21:07.147  5457  5457 D TelephonyNetworkFactory[0]: got request NetworkRequest [ REQUEST id=110, [ Capabilities: INTERNET&NOT_RESTRICTED&TRUSTED&NOT_VCN_MANAGED Uid: 10461 RequestorUid: 10461 RequestorPkg: com.google.android.googlequicksearchbox UnderlyingNetworks: Null] ]
05-13 16:21:07.147  5457  5457 D TelephonyNetworkFactory[0]: got request NetworkRequest [ REQUEST id=7, [ Capabilities: INTERNET&NOT_RESTRICTED&TRUSTED&NOT_VCN_MANAGED Uid: 1000 RequestorUid: 1000 RequestorPkg: android UnderlyingNetworks: Null] ]
05-13 16:21:07.147  5457  5457 D TelephonyNetworkFactory[0]: got request NetworkRequest [ REQUEST id=135, [ Capabilities: INTERNET&NOT_RESTRICTED&TRUSTED&NOT_VCN_MANAGED Uid: 10451 RequestorUid: 10451 RequestorPkg: com.google.android.apps.messaging UnderlyingNetworks: Null] ]
05-13 16:21:07.147  5457  5457 D TelephonyNetworkFactory[0]: got request NetworkRequest [ REQUEST id=107, [ Capabilities: INTERNET&NOT_RESTRICTED&TRUSTED&NOT_VCN_MANAGED Uid: 10471 RequestorUid: 10471 RequestorPkg: com.google.android.inputmethod.latin UnderlyingNetworks: Null] ]
05-13 16:21:07.147  5457  5457 D TelephonyNetworkFactory[0]: got request NetworkRequest [ REQUEST id=124, [ Capabilities: INTERNET&NOT_RESTRICTED&TRUSTED&NOT_VCN_MANAGED Uid: 10484 RequestorUid: 10484 RequestorPkg: com.google.android.calendar UnderlyingNetworks: Null] ]
05-13 16:21:07.148  5457  5457 D TelephonyNetworkFactory[0]: got request NetworkRequest [ REQUEST id=117, [ Capabilities: INTERNET&NOT_RESTRICTED&TRUSTED&NOT_VCN_MANAGED Uid: 10447 RequestorUid: 10447 RequestorPkg: com.google.android.gms UnderlyingNetworks: Null] ]
05-13 16:21:07.148  5457  5457 D TelephonyNetworkFactory[0]: got request NetworkRequest [ REQUEST id=122, [ Capabilities: INTERNET&NOT_RESTRICTED&TRUSTED&NOT_VCN_MANAGED Uid: 10482 RequestorUid: 10482 RequestorPkg: com.google.android.apps.photos UnderlyingNetworks: Null] ]
05-13 16:21:07.148  5457  5457 D TelephonyNetworkFactory[0]: got request NetworkRequest [ REQUEST id=95, [ Capabilities: INTERNET&NOT_RESTRICTED&TRUSTED&NOT_VCN_MANAGED Uid: 10463 RequestorUid: 10463 RequestorPkg: com.android.vending UnderlyingNetworks: Null] ]
05-13 16:21:07.148  5457  5457 D TelephonyNetworkFactory[0]: got request NetworkRequest [ REQUEST id=67, [ Capabilities: INTERNET&NOT_RESTRICTED&TRUSTED&NOT_VCN_MANAGED Uid: 1000 RequestorUid: 1000 RequestorPkg: android UnderlyingNetworks: Null] ]
05-13 16:21:07.148  5457  5457 D TelephonyNetworkFactory[0]: got request NetworkRequest [ REQUEST id=99, [ Capabilities: INTERNET&NOT_RESTRICTED&TRUSTED&NOT_VCN_MANAGED Uid: 10463 RequestorUid: 10463 RequestorPkg: com.android.vending UnderlyingNetworks: Null] ]
05-13 16:21:07.148  5457  5457 D TelephonyNetworkFactory[0]: got request NetworkRequest [ REQUEST id=102, [ Capabilities: INTERNET&NOT_RESTRICTED&TRUSTED&NOT_VCN_MANAGED Uid: 10461 RequestorUid: 10461 RequestorPkg: com.google.android.googlequicksearchbox UnderlyingNetworks: Null] ]
05-13 16:21:07.148  5457  5457 D TelephonyNetworkFactory[0]: got request NetworkRequest [ REQUEST id=71, [ Capabilities: INTERNET&NOT_RESTRICTED&TRUSTED&NOT_VCN_MANAGED Uid: 10451 RequestorUid: 10451 RequestorPkg: com.google.android.apps.messaging UnderlyingNetworks: Null] ]
05-13 16:21:07.148  5457  5457 D TelephonyNetworkFactory[0]: got request NetworkRequest [ REQUEST id=22, [ Capabilities: INTERNET&NOT_RESTRICTED&TRUSTED&NOT_VCN_MANAGED Uid: 10461 RequestorUid: 1000 RequestorPkg: android UnderlyingNetworks: Null] ]
05-13 16:21:07.148  5457  5457 D TelephonyNetworkFactory[0]: got request NetworkRequest [ REQUEST id=20, [ Capabilities: INTERNET&NOT_RESTRICTED&TRUSTED&NOT_VCN_MANAGED Uid: 10463 RequestorUid: 1000 RequestorPkg: android UnderlyingNetworks: Null] ]
05-13 16:21:07.148  5457  5457 D TelephonyNetworkFactory[0]: got request NetworkRequest [ REQUEST id=25, [ Capabilities: INTERNET&NOT_RESTRICTED&TRUSTED&NOT_VCN_MANAGED Uid: 10454 RequestorUid: 1000 RequestorPkg: android UnderlyingNetworks: Null] ]
05-13 16:21:07.148  5457  5457 D TelephonyNetworkFactory[0]: got request NetworkRequest [ REQUEST id=115, [ Capabilities: INTERNET&NOT_RESTRICTED&TRUSTED&NOT_VCN_MANAGED Uid: 10424 RequestorUid: 10424 RequestorPkg: com.android.statementservice UnderlyingNetworks: Null] ]
05-13 16:21:07.148  5457  5457 D TelephonyNetworkFactory[0]: got request NetworkRequest [ REQUEST id=158, [ Capabilities: INTERNET&NOT_RESTRICTED&TRUSTED&NOT_VCN_MANAGED Uid: 1000 RequestorUid: 10499 RequestorPkg: com.android.systemui UnderlyingNetworks: Null] ]
05-13 16:21:07.148  5457  5457 D TelephonyNetworkFactory[0]: got request NetworkRequest [ REQUEST id=47, [ Capabilities: INTERNET&NOT_RESTRICTED&TRUSTED&NOT_VCN_MANAGED Uid: 10499 RequestorUid: 10499 RequestorPkg: com.android.systemui UnderlyingNetworks: Null] ]
05-13 16:21:07.148  5457  5457 D TelephonyNetworkFactory[0]: got request NetworkRequest [ REQUEST id=78, [ Capabilities: INTERNET&NOT_RESTRICTED&TRUSTED&NOT_VCN_MANAGED Uid: 10519 RequestorUid: 10519 RequestorPkg: org.telegram.messenger UnderlyingNetworks: Null] ]
05-13 16:21:07.148  5457  5457 D TelephonyNetworkFactory[0]: got request NetworkRequest [ REQUEST id=76, [ Capabilities: INTERNET&NOT_RESTRICTED&TRUSTED&NOT_VCN_MANAGED Uid: 10447 RequestorUid: 10447 RequestorPkg: com.google.android.gms UnderlyingNetworks: Null] ]
05-13 16:21:07.148  5457  5457 D TelephonyNetworkFactory[1]: got request NetworkRequest [ REQUEST id=142, [ Capabilities: INTERNET&NOT_RESTRICTED&TRUSTED&NOT_VCN_MANAGED Uid: 10447 RequestorUid: 10447 RequestorPkg: com.google.android.gms UnderlyingNetworks: Null] ]
05-13 16:21:07.148  5457  5457 D TelephonyNetworkFactory[0]: got request NetworkRequest [ REQUEST id=31, [ Capabilities: INTERNET&NOT_RESTRICTED&TRUSTED&NOT_VCN_MANAGED Uid: 10447 RequestorUid: 1000 RequestorPkg: android UnderlyingNetworks: Null] ]
05-13 16:21:07.148  5457  5457 D TelephonyNetworkFactory[1]: got request NetworkRequest [ REQUEST id=97, [ Capabilities: INTERNET&NOT_RESTRICTED&TRUSTED&NOT_VCN_MANAGED Uid: 10453 RequestorUid: 1000 RequestorPkg: android UnderlyingNetworks: Null] ]
05-13 16:21:07.148  5457  5457 D TelephonyNetworkFactory[0]: got request NetworkRequest [ REQUEST id=164, [ Capabilities: INTERNET&NOT_RESTRICTED&TRUSTED&NOT_VCN_MANAGED Uid: 1001 RequestorUid: 1001 RequestorPkg: com.android.phone UnderlyingNetworks: Null] ]
05-13 16:21:07.149  5457  5457 D TelephonyNetworkFactory[1]: got request NetworkRequest [ REQUEST id=105, [ Capabilities: INTERNET&NOT_RESTRICTED&TRUSTED&NOT_VCN_MANAGED Uid: 10482 RequestorUid: 10482 RequestorPkg: com.google.android.apps.photos UnderlyingNetworks: Null] ]
05-13 16:21:07.149  5457  5457 D TelephonyNetworkFactory[0]: got request NetworkRequest [ REQUEST id=14, [ Capabilities: INTERNET&NOT_RESTRICTED&TRUSTED&NOT_VCN_MANAGED Uid: 10484 RequestorUid: 1000 RequestorPkg: android UnderlyingNetworks: Null] ]
05-13 16:21:07.149  5457  5457 D TelephonyNetworkFactory[1]: got request NetworkRequest [ REQUEST id=37, [ Capabilities: INTERNET&NOT_RESTRICTED&TRUSTED&NOT_VCN_MANAGED Uid: 1073 RequestorUid: 1073 RequestorPkg: com.android.networkstack UnderlyingNetworks: Null] ]
05-13 16:21:07.149  5457  5457 D TelephonyNetworkFactory[0]: got request NetworkRequest [ REQUEST id=16, [ Capabilities: INTERNET&NOT_RESTRICTED&TRUSTED&NOT_VCN_MANAGED Uid: 10482 RequestorUid: 1000 RequestorPkg: android UnderlyingNetworks: Null] ]
05-13 16:21:07.149  5457  5457 D TelephonyNetworkFactory[1]: got request NetworkRequest [ REQUEST id=161, [ Capabilities: INTERNET&NOT_RESTRICTED&TRUSTED&NOT_VCN_MANAGED Uid: 1001 RequestorUid: 1001 RequestorPkg: com.android.phone UnderlyingNetworks: Null] ]
05-13 16:21:07.149  5457  5457 D TelephonyNetworkFactory[0]: got request NetworkRequest [ REQUEST id=86, [ Capabilities: INTERNET&NOT_RESTRICTED&TRUSTED&NOT_VCN_MANAGED Uid: 10455 RequestorUid: 1000 RequestorPkg: android UnderlyingNetworks: Null] ]
05-13 16:21:07.149  5457  5457 D TelephonyNetworkFactory[1]: got request NetworkRequest [ REQUEST id=18, [ Capabilities: INTERNET&NOT_RESTRICTED&TRUSTED&NOT_VCN_MANAGED Uid: 10471 RequestorUid: 1000 RequestorPkg: android UnderlyingNetworks: Null] ]
05-13 16:21:07.149  5457  5457 D TelephonyNetworkFactory[0]: got request NetworkRequest [ REQUEST id=130, [ Capabilities: INTERNET&NOT_RESTRICTED&TRUSTED&NOT_VCN_MANAGED Uid: 10446 RequestorUid: 10446 RequestorPkg: com.google.android.dialer UnderlyingNetworks: Null] ]
05-13 16:21:07.149  5457  5457 D TelephonyNetworkFactory[1]: got request NetworkRequest [ REQUEST id=29, [ Capabilities: INTERNET&NOT_RESTRICTED&TRUSTED&NOT_VCN_MANAGED Uid: 10440 RequestorUid: 1000 RequestorPkg: android UnderlyingNetworks: Null] ]
05-13 16:21:07.149  5457  5457 D TelephonyNetworkFactory[0]: got request NetworkRequest [ REQUEST id=82, [ Capabilities: INTERNET&NOT_RESTRICTED&TRUSTED&NOT_VCN_MANAGED Uid: 10451 RequestorUid: 1000 RequestorPkg: android UnderlyingNetworks: Null] ]
05-13 16:21:07.149  5457  5457 D TelephonyNetworkFactory[1]: got request NetworkRequest [ REQUEST id=69, [ Capabilities: INTERNET&NOT_RESTRICTED&TRUSTED&NOT_VCN_MANAGED Uid: 10447 RequestorUid: 10447 RequestorPkg: com.google.android.gms UnderlyingNetworks: Null] ]
05-13 16:21:07.149  5457  5457 D TelephonyNetworkFactory[1]: got request NetworkRequest [ REQUEST id=138, [ Capabilities: INTERNET&NOT_RESTRICTED&TRUSTED&NOT_VCN_MANAGED Uid: 10447 RequestorUid: 10447 RequestorPkg: com.google.android.gms UnderlyingNetworks: Null] ]
05-13 16:21:07.149  5457  5457 D TelephonyNetworkFactory[1]: got request NetworkRequest [ REQUEST id=144, [ Capabilities: INTERNET&NOT_RESTRICTED&TRUSTED&NOT_VCN_MANAGED Uid: 10475 RequestorUid: 1000 RequestorPkg: android UnderlyingNetworks: Null] ]
05-13 16:21:07.149  5457  5457 D TelephonyNetworkFactory[1]: got request NetworkRequest [ REQUEST id=35, [ Capabilities: INTERNET&NOT_RESTRICTED&TRUSTED&NOT_VCN_MANAGED Uid: 1000 RequestorUid: 1000 RequestorPkg: android UnderlyingNetworks: Null] ]
05-13 16:21:07.149  5457  5457 D TelephonyNetworkFactory[1]: got request NetworkRequest [ REQUEST id=113, [ Capabilities: INTERNET&NOT_RESTRICTED&TRUSTED&NOT_VCN_MANAGED Uid: 10424 RequestorUid: 1000 RequestorPkg: android UnderlyingNetworks: Null] ]
05-13 16:21:07.149  5457  5457 D TelephonyNetworkFactory[1]: got request NetworkRequest [ REQUEST id=128, [ Capabilities: INTERNET&NOT_RESTRICTED&TRUSTED&NOT_VCN_MANAGED Uid: 10463 RequestorUid: 10463 RequestorPkg: com.android.vending UnderlyingNetworks: Null] ]
05-13 16:21:07.149  5457  5457 D TelephonyNetworkFactory[1]: got request NetworkRequest [ REQUEST id=33, [ Capabilities: INTERNET&NOT_RESTRICTED&TRUSTED&NOT_VCN_MANAGED Uid: 10519 RequestorUid: 1000 RequestorPkg: android UnderlyingNetworks: Null] ]
05-13 16:21:07.149  5457  5457 D TelephonyNetworkFactory[1]: got request NetworkRequest [ REQUEST id=84, [ Capabilities: INTERNET&NOT_RESTRICTED&TRUSTED&NOT_VCN_MANAGED Uid: 10461 RequestorUid: 10461 RequestorPkg: com.google.android.googlequicksearchbox UnderlyingNetworks: Null] ]
05-13 16:21:07.150  5457  5457 D TelephonyNetworkFactory[1]: got request NetworkRequest [ REQUEST id=80, [ Capabilities: INTERNET&NOT_RESTRICTED&TRUSTED&NOT_VCN_MANAGED Uid: 10451 RequestorUid: 10451 RequestorPkg: com.google.android.apps.messaging UnderlyingNetworks: Null] ]
05-13 16:21:07.150  5457  5457 D TelephonyNetworkFactory[1]: got request NetworkRequest [ REQUEST id=90, [ Capabilities: INTERNET&NOT_RESTRICTED&TRUSTED&NOT_VCN_MANAGED Uid: 10463 RequestorUid: 10463 RequestorPkg: com.android.vending UnderlyingNetworks: Null] ]
05-13 16:21:07.150  5457  5457 D TelephonyNetworkFactory[1]: got request NetworkRequest [ REQUEST id=45, [ Capabilities: INTERNET&NOT_RESTRICTED&TRUSTED&NOT_VCN_MANAGED Uid: 10499 RequestorUid: 10499 RequestorPkg: com.android.systemui UnderlyingNetworks: Null] ]
05-13 16:21:07.150  5457  5457 D TelephonyNetworkFactory[1]: got request NetworkRequest [ REQUEST id=126, [ Capabilities: INTERNET&NOT_RESTRICTED&TRUSTED&NOT_VCN_MANAGED Uid: 10477 RequestorUid: 1000 RequestorPkg: android UnderlyingNetworks: Null] ]
05-13 16:21:07.150  5457  5457 D TelephonyNetworkFactory[1]: got request NetworkRequest [ REQUEST id=27, [ Capabilities: INTERNET&NOT_RESTRICTED&TRUSTED&NOT_VCN_MANAGED Uid: 10445 RequestorUid: 1000 RequestorPkg: android UnderlyingNetworks: Null] ]
05-13 16:21:07.150  5457  5457 D TelephonyNetworkFactory[1]: got request NetworkRequest [ REQUEST id=93, [ Capabilities: INTERNET&NOT_RESTRICTED&TRUSTED&NOT_VCN_MANAGED Uid: 10446 RequestorUid: 1000 RequestorPkg: android UnderlyingNetworks: Null] ]
05-13 16:21:07.150  5457  5457 D TelephonyNetworkFactory[1]: got request NetworkRequest [ BACKGROUND_REQUEST id=2, [ Transports: CELLULAR Capabilities: INTERNET&NOT_RESTRICTED&TRUSTED&NOT_VPN&NOT_VCN_MANAGED RequestorUid: 1000 RequestorPkg: android UnderlyingNetworks: Null] ]
05-13 16:21:07.150  5457  5457 D TelephonyNetworkFactory[1]: got request NetworkRequest [ REQUEST id=120, [ Capabilities: INTERNET&NOT_RESTRICTED&TRUSTED&NOT_VCN_MANAGED Uid: 10462 RequestorUid: 1000 RequestorPkg: android UnderlyingNetworks: Null] ]
05-13 16:21:07.150  5457  5457 D TelephonyNetworkFactory[1]: got request NetworkRequest [ REQUEST id=1, [ Capabilities: INTERNET&NOT_RESTRICTED&TRUSTED&NOT_VPN&NOT_VCN_MANAGED RequestorUid: 1000 RequestorPkg: android UnderlyingNetworks: Null] ]
05-13 16:21:07.150  5457  5457 D TelephonyNetworkFactory[1]: got request NetworkRequest [ REQUEST id=110, [ Capabilities: INTERNET&NOT_RESTRICTED&TRUSTED&NOT_VCN_MANAGED Uid: 10461 RequestorUid: 10461 RequestorPkg: com.google.android.googlequicksearchbox UnderlyingNetworks: Null] ]
05-13 16:21:07.150  5457  5457 D TelephonyNetworkFactory[1]: got request NetworkRequest [ REQUEST id=7, [ Capabilities: INTERNET&NOT_RESTRICTED&TRUSTED&NOT_VCN_MANAGED Uid: 1000 RequestorUid: 1000 RequestorPkg: android UnderlyingNetworks: Null] ]
05-13 16:21:07.150  5457  5457 D TelephonyNetworkFactory[1]: got request NetworkRequest [ REQUEST id=135, [ Capabilities: INTERNET&NOT_RESTRICTED&TRUSTED&NOT_VCN_MANAGED Uid: 10451 RequestorUid: 10451 RequestorPkg: com.google.android.apps.messaging UnderlyingNetworks: Null] ]
05-13 16:21:07.150  5457  5457 D TelephonyNetworkFactory[1]: got request NetworkRequest [ REQUEST id=107, [ Capabilities: INTERNET&NOT_RESTRICTED&TRUSTED&NOT_VCN_MANAGED Uid: 10471 RequestorUid: 10471 RequestorPkg: com.google.android.inputmethod.latin UnderlyingNetworks: Null] ]
05-13 16:21:07.150  5457  5457 D TelephonyNetworkFactory[1]: got request NetworkRequest [ REQUEST id=124, [ Capabilities: INTERNET&NOT_RESTRICTED&TRUSTED&NOT_VCN_MANAGED Uid: 10484 RequestorUid: 10484 RequestorPkg: com.google.android.calendar UnderlyingNetworks: Null] ]
05-13 16:21:07.150  5457  5457 D TelephonyNetworkFactory[1]: got request NetworkRequest [ REQUEST id=117, [ Capabilities: INTERNET&NOT_RESTRICTED&TRUSTED&NOT_VCN_MANAGED Uid: 10447 RequestorUid: 10447 RequestorPkg: com.google.android.gms UnderlyingNetworks: Null] ]
05-13 16:21:07.151  5457  5457 D TelephonyNetworkFactory[1]: got request NetworkRequest [ REQUEST id=122, [ Capabilities: INTERNET&NOT_RESTRICTED&TRUSTED&NOT_VCN_MANAGED Uid: 10482 RequestorUid: 10482 RequestorPkg: com.google.android.apps.photos UnderlyingNetworks: Null] ]
05-13 16:21:07.151  5457  5457 D TelephonyNetworkFactory[1]: got request NetworkRequest [ REQUEST id=95, [ Capabilities: INTERNET&NOT_RESTRICTED&TRUSTED&NOT_VCN_MANAGED Uid: 10463 RequestorUid: 10463 RequestorPkg: com.android.vending UnderlyingNetworks: Null] ]
05-13 16:21:07.151  5457  5457 D TelephonyNetworkFactory[1]: got request NetworkRequest [ REQUEST id=67, [ Capabilities: INTERNET&NOT_RESTRICTED&TRUSTED&NOT_VCN_MANAGED Uid: 1000 RequestorUid: 1000 RequestorPkg: android UnderlyingNetworks: Null] ]
05-13 16:21:07.151  5457  5457 D TelephonyNetworkFactory[1]: got request NetworkRequest [ REQUEST id=99, [ Capabilities: INTERNET&NOT_RESTRICTED&TRUSTED&NOT_VCN_MANAGED Uid: 10463 RequestorUid: 10463 RequestorPkg: com.android.vending UnderlyingNetworks: Null] ]
05-13 16:21:07.151  5457  5457 D TelephonyNetworkFactory[1]: got request NetworkRequest [ REQUEST id=102, [ Capabilities: INTERNET&NOT_RESTRICTED&TRUSTED&NOT_VCN_MANAGED Uid: 10461 RequestorUid: 10461 RequestorPkg: com.google.android.googlequicksearchbox UnderlyingNetworks: Null] ]
05-13 16:21:07.151  5457  5457 D TelephonyNetworkFactory[1]: got request NetworkRequest [ REQUEST id=71, [ Capabilities: INTERNET&NOT_RESTRICTED&TRUSTED&NOT_VCN_MANAGED Uid: 10451 RequestorUid: 10451 RequestorPkg: com.google.android.apps.messaging UnderlyingNetworks: Null] ]
05-13 16:21:07.151  5457  5457 D TelephonyNetworkFactory[1]: got request NetworkRequest [ REQUEST id=22, [ Capabilities: INTERNET&NOT_RESTRICTED&TRUSTED&NOT_VCN_MANAGED Uid: 10461 RequestorUid: 1000 RequestorPkg: android UnderlyingNetworks: Null] ]
05-13 16:21:07.151  5457  5457 D TelephonyNetworkFactory[1]: got request NetworkRequest [ REQUEST id=20, [ Capabilities: INTERNET&NOT_RESTRICTED&TRUSTED&NOT_VCN_MANAGED Uid: 10463 RequestorUid: 1000 RequestorPkg: android UnderlyingNetworks: Null] ]
05-13 16:21:07.151  5457  5457 D TelephonyNetworkFactory[1]: got request NetworkRequest [ REQUEST id=25, [ Capabilities: INTERNET&NOT_RESTRICTED&TRUSTED&NOT_VCN_MANAGED Uid: 10454 RequestorUid: 1000 RequestorPkg: android UnderlyingNetworks: Null] ]
05-13 16:21:07.151  5457  5457 D TelephonyNetworkFactory[1]: got request NetworkRequest [ REQUEST id=115, [ Capabilities: INTERNET&NOT_RESTRICTED&TRUSTED&NOT_VCN_MANAGED Uid: 10424 RequestorUid: 10424 RequestorPkg: com.android.statementservice UnderlyingNetworks: Null] ]
05-13 16:21:07.151  5457  5457 D TelephonyNetworkFactory[1]: got request NetworkRequest [ REQUEST id=158, [ Capabilities: INTERNET&NOT_RESTRICTED&TRUSTED&NOT_VCN_MANAGED Uid: 1000 RequestorUid: 10499 RequestorPkg: com.android.systemui UnderlyingNetworks: Null] ]
05-13 16:21:07.151  5457  5457 D TelephonyNetworkFactory[1]: got request NetworkRequest [ REQUEST id=47, [ Capabilities: INTERNET&NOT_RESTRICTED&TRUSTED&NOT_VCN_MANAGED Uid: 10499 RequestorUid: 10499 RequestorPkg: com.android.systemui UnderlyingNetworks: Null] ]
05-13 16:21:07.151  5457  5457 D TelephonyNetworkFactory[1]: got request NetworkRequest [ REQUEST id=78, [ Capabilities: INTERNET&NOT_RESTRICTED&TRUSTED&NOT_VCN_MANAGED Uid: 10519 RequestorUid: 10519 RequestorPkg: org.telegram.messenger UnderlyingNetworks: Null] ]
05-13 16:21:07.151  5457  5457 D TelephonyNetworkFactory[1]: got request NetworkRequest [ REQUEST id=76, [ Capabilities: INTERNET&NOT_RESTRICTED&TRUSTED&NOT_VCN_MANAGED Uid: 10447 RequestorUid: 10447 RequestorPkg: com.google.android.gms UnderlyingNetworks: Null] ]
05-13 16:21:07.151  5457  5457 D TelephonyNetworkFactory[1]: got request NetworkRequest [ REQUEST id=31, [ Capabilities: INTERNET&NOT_RESTRICTED&TRUSTED&NOT_VCN_MANAGED Uid: 10447 RequestorUid: 1000 RequestorPkg: android UnderlyingNetworks: Null] ]
05-13 16:21:07.151  5457  5457 D TelephonyNetworkFactory[1]: got request NetworkRequest [ REQUEST id=164, [ Capabilities: INTERNET&NOT_RESTRICTED&TRUSTED&NOT_VCN_MANAGED Uid: 1001 RequestorUid: 1001 RequestorPkg: com.android.phone UnderlyingNetworks: Null] ]
05-13 16:21:07.151  5457  5457 D TelephonyNetworkFactory[1]: got request NetworkRequest [ REQUEST id=14, [ Capabilities: INTERNET&NOT_RESTRICTED&TRUSTED&NOT_VCN_MANAGED Uid: 10484 RequestorUid: 1000 RequestorPkg: android UnderlyingNetworks: Null] ]
05-13 16:21:07.151  5457  5457 D TelephonyNetworkFactory[1]: got request NetworkRequest [ REQUEST id=16, [ Capabilities: INTERNET&NOT_RESTRICTED&TRUSTED&NOT_VCN_MANAGED Uid: 10482 RequestorUid: 1000 RequestorPkg: android UnderlyingNetworks: Null] ]
05-13 16:21:07.151  5457  5457 D TelephonyNetworkFactory[1]: got request NetworkRequest [ REQUEST id=86, [ Capabilities: INTERNET&NOT_RESTRICTED&TRUSTED&NOT_VCN_MANAGED Uid: 10455 RequestorUid: 1000 RequestorPkg: android UnderlyingNetworks: Null] ]
05-13 16:21:07.152  5457  5457 D TelephonyNetworkFactory[1]: got request NetworkRequest [ REQUEST id=130, [ Capabilities: INTERNET&NOT_RESTRICTED&TRUSTED&NOT_VCN_MANAGED Uid: 10446 RequestorUid: 10446 RequestorPkg: com.google.android.dialer UnderlyingNetworks: Null] ]
05-13 16:21:07.152  5457  5457 D TelephonyNetworkFactory[1]: got request NetworkRequest [ REQUEST id=82, [ Capabilities: INTERNET&NOT_RESTRICTED&TRUSTED&NOT_VCN_MANAGED Uid: 10451 RequestorUid: 1000 RequestorPkg: android UnderlyingNetworks: Null] ]
05-13 16:21:07.157  5457  5457 D RILJ    : [0133]>  GET_IMSI aid = A0000000871002FF86FFFF89FFFFFFFF [PHONE1]
05-13 16:21:07.160  5457  5481 D RILJ    : [0133]< GET_IMSI  [PHONE1]
05-13 16:21:07.163  5457  5457 D RILJ    : [0134]> iccIO: SIM_IO [PHONE1]
05-13 16:21:07.164  5457  5457 D RILJ    : [0135]> iccIO: SIM_IO [PHONE1]
05-13 16:21:07.165  5457  5457 D RILJ    : [0136]> iccIO: SIM_IO [PHONE1]
05-13 16:21:07.168  5457  5457 D RILJ    : [0137]> iccIO: SIM_IO [PHONE1]
05-13 16:21:07.170  5457  5457 D RILJ    : [0138]> iccIO: SIM_IO [PHONE1]
05-13 16:21:07.172  5457  5457 D RILJ    : [0139]> iccIO: SIM_IO [PHONE1]
05-13 16:21:07.175  5457  5457 D RILJ    : [0140]> iccIO: SIM_IO [PHONE1]
05-13 16:21:07.176  5457  5457 D RILJ    : [0141]> iccIO: SIM_IO [PHONE1]
05-13 16:21:07.178  5457  5457 D RILJ    : [0142]> iccIO: SIM_IO [PHONE1]
05-13 16:21:07.180  5457  5457 D RILJ    : [0143]> iccIO: SIM_IO [PHONE1]
05-13 16:21:07.180  5457  5481 D RILJ    : [0134]< SIM_IO IccIoResult sw1:0x90 sw2:0x0 Payload: ******* [PHONE1]
05-13 16:21:07.182  5457  5457 D RILJ    : [0144]> iccIO: SIM_IO [PHONE1]
05-13 16:21:07.183  5457  5457 D RILJ    : [0145]> iccIO: SIM_IO [PHONE1]
05-13 16:21:07.185  5457  5457 D RILJ    : [0146]> iccIO: SIM_IO [PHONE1]
05-13 16:21:07.186  5457  5457 D RILJ    : [0147]> iccIO: SIM_IO [PHONE1]
05-13 16:21:07.191  5457  5457 D RILJ    : [0148]> iccIO: SIM_IO [PHONE1]
05-13 16:21:07.192  5457  5481 D RILJ    : [0135]< SIM_IO IccIoResult sw1:0x90 sw2:0x0 Payload: ******* [PHONE1]
05-13 16:21:07.193  5457  5457 D RILJ    : [0149]> iccIO: SIM_IO [PHONE1]
05-13 16:21:07.194  5457  5457 D RILJ    : [0150]> iccIO: SIM_IO [PHONE1]
05-13 16:21:07.195  5457  5481 D RILJ    : [0130]< SET_UNSOLICITED_RESPONSE_FILTER  [PHONE1]
05-13 16:21:07.195  5457  5457 D RILJ    : [0151]> iccIO: SIM_IO [PHONE1]
05-13 16:21:07.196  5457  5481 D RILJ    : [0136]< SIM_IO error 6 [PHONE1]
05-13 16:21:07.196  5457  5481 D RilRequest: [0136]< SIM_IO error: com.android.internal.telephony.CommandException: REQUEST_NOT_SUPPORTED ret=IccIoResult sw1:0x0 sw2:0x0 Payload: ******* Error: unknown result={ when=-2m13s279ms what=6 obj=com.android.internal.telephony.uicc.IccFileHandler$LoadLinearFixedContext@c2511ae target=com.android.internal.telephony.uicc.UsimFileHandler }
05-13 16:21:07.198  5457  5457 D RILJ    : [0152]> iccIO: SIM_IO [PHONE1]
05-13 16:21:07.199  5457  5457 D RILJ    : [0153]> iccIO: SIM_IO [PHONE1]
05-13 16:21:07.201  5457  5457 D RILJ    : [0154]> iccIO: SIM_IO [PHONE1]
05-13 16:21:07.202  5457  5457 D RILJ    : [0155]> iccIO: SIM_IO [PHONE1]
05-13 16:21:07.204  5457  5457 D RILJ    : [0156]> iccIO: SIM_IO [PHONE1]
05-13 16:21:07.204  5457  5481 D RILJ    : [0137]< SIM_IO IccIoResult sw1:0x90 sw2:0x0 Payload: ******* [PHONE1]
05-13 16:21:07.205  5457  5457 D RILJ    : [0157]> iccIO: SIM_IO [PHONE1]
05-13 16:21:07.207  5457  5457 D RILJ    : [0158]> iccIO: SIM_IO [PHONE1]
05-13 16:21:07.207  5457  5457 D CAT     : CatService: handleMessage[8]
05-13 16:21:07.207  5457  5457 D CAT     : CatService: MSG_ID_ICC_CHANGED
05-13 16:21:07.207  5457  5457 D CAT     : CatService: New Card State = CARDSTATE_PRESENT Old Card State = CARDSTATE_ABSENT
05-13 16:21:07.209  5457  5457 D RILJ    : [0159]> REPORT_STK_SERVICE_IS_RUNNING [PHONE1]
05-13 16:21:07.209  5457  5457 D UiccProfile: handleMessage: Received APP_READY for phoneId 1
05-13 16:21:07.209  1105  1129 D RtcCatController: [1] onHandleRequest: msg_id=60026 is RFX_MSG_REQUEST_REPORT_STK_SERVICE_IS_RUNNING
05-13 16:21:07.209  5457  5457 D UiccProfile: setExternalState: !override and newstate unchanged from READY
05-13 16:21:07.209  5457  5457 D UiccProfile: handleMessage: Received ICC_RECORD_EVENTS for phoneId 1
05-13 16:21:07.209  1105  1129 D RtcCatController: [1] sendStkQueuedCmd, will report menu, cachedMenu :[D06E81030125008202818285075669204D656E758F0780464C415348218F0B81566F69636520436861748F0B82506C6179206E2057696E8F0F83456E7465727461696E6D656E74218F0D84496E666F7461696E6D656E748F17854465766F74696F6E616C202620417374726F6C6F6779]
05-13 16:21:07.209  5457  5457 D UiccProfile: handleMessage: Received ICC_RECORD_EVENTS for phoneId 1
05-13 16:21:07.210  5457  5457 D UiccCardApplication: Query facility FDN : FDN service available: true enabled: false
05-13 16:21:07.210  5457  5457 D SubscriptionInfoUpdater: handleSimReady: phoneId: 1
05-13 16:21:07.210  5457  5457 D SubscriptionInfoUpdater: updateSubscriptionInfoByIccId:+ Start - phoneId: 1
05-13 16:21:07.210  5457  5457 D SubscriptionInfoUpdater: updateSubscriptionInfoByIccId: removing subscription info record: phoneId 1
05-13 16:21:07.211  5457  5481 D RILJ    : Unsol response received; Sending ack to ril.cpp [PHONE1]
05-13 16:21:07.211  5457  5481 D RILJ    : [UNSL]< UNSOL_STK_PROACTIVE_COMMAND [PHONE1]
05-13 16:21:07.212  5457  5481 D RILJ    : [0138]< SIM_IO error 6 [PHONE1]
05-13 16:21:07.212  5457  5481 D RilRequest: [0138]< SIM_IO error: com.android.internal.telephony.CommandException: REQUEST_NOT_SUPPORTED ret=IccIoResult sw1:0x0 sw2:0x0 Payload: ******* Error: unknown result={ when=-2m13s295ms what=6 obj=com.android.internal.telephony.uicc.IccFileHandler$LoadLinearFixedContext@1bfbb4f target=com.android.internal.telephony.uicc.UsimFileHandler }
05-13 16:21:07.213  5457  5457 D SubscriptionController: activeSubscriptionInfoList is null.
05-13 16:21:07.218  5457  5457 D SubscriptionInfoUpdater: updateSubscriptionInfoByIccId: adding subscription info record: iccid: 89910273406000630304, phoneId:1
05-13 16:21:07.228  5457  5457 D SubscriptionController: setting default fallback subid to 1
05-13 16:21:07.228  5457  5457 D MccTable: updateMccMncConfiguration mccmnc='
05-13 16:21:07.232  1105  1129 D EccNumberSource: [XML][1][update] START for plmn: **430, isSimInsert: 1
05-13 16:21:07.233  5457  5457 D SubscriptionController: Active subscription info list changed. [{id=1 iccId=899102734[****] simSlotIndex=1 carrierId=2378 displayName=Vi India carrierName=Vi India nameSource=1 iconTint=-16746133 number=null dataRoaming=1 iconBitmap=null mcc=404 mnc=30 countryIso=in isEmbedded=false nativeAccessRules=null cardString=899102734[****] cardId=0 portIndex=0 isOpportunistic=false groupUUID=null isGroupDisabled=false profileClass=-1 ehplmns=[40430, 405848] hplmns=[40430, 405848] subscriptionType=0 groupOwner=null carrierConfigAccessRules=null areUiccApplicationsEnabled=true usageSetting=0}]
05-13 16:21:07.236  5457  5457 D SubscriptionManager: successfully added new subscription
05-13 16:21:07.240  5457  5457 D SubscriptionInfoUpdater: Wait for SIM 0 Iccid
05-13 16:21:07.241  5457  5457 D SubscriptionInfoUpdater: updateEmbeddedSubscriptions: eUICC not enabled
05-13 16:21:07.241  5457  5457 D SubscriptionInfoUpdater: updateSubscriptionInfoByIccId: SubscriptionInfo update complete
05-13 16:21:07.242  5457  5481 D RILJ    : [0131]< SET_SIGNAL_STRENGTH_REPORTING_CRITERIA  [PHONE1]
05-13 16:21:07.243  5457  5481 E RILJ    : processResponse: Unexpected response! serial: 131 ,error: 0
05-13 16:21:07.243  5457  5481 E RILJ    : processResponse: Unexpected response! serial: 131 ,error: 0
05-13 16:21:07.248  5457  5457 D SubscriptionInfoUpdater: updateSubscriptionInfoByIccId: SubscriptionInfo update complete
05-13 16:21:07.248  5457  5457 D SubscriptionInfoUpdater: updateEmbeddedSubscriptions: eUICC not enabled
05-13 16:21:07.249  5457  5457 D SubscriptionInfoUpdater: Broadcasting intent ACTION_SIM_STATE_CHANGED READY reason null for phone: 1
05-13 16:21:07.253  5457  5512 E PhoneSubInfoController: getLine1Number phone is null for Subscription:2
05-13 16:21:07.253  5457  5457 D SubscriptionInfoUpdater: Broadcasting intent ACTION_SIM_CARD_STATE_CHANGED PRESENT for phone: 1 slot: 1 port: 0
05-13 16:21:07.256  5457  5457 D UiccCardApplication: Query facility lock : 0
05-13 16:21:07.256  5457  5457 D GsmSMSDispatcher: GsmSMSDispatcher: subId = -1 slotId = 0
05-13 16:21:07.256  5457  5457 D GsmSMSDispatcher: New Uicc application found
05-13 16:21:07.257  5457  5457 D SST     : [0] New card found
05-13 16:21:07.257  5457  5457 D UiccCardApplication: Notifying 1 registrant: READY
05-13 16:21:07.257  5457  5457 D CarrierResolver: handleMessage: 2
05-13 16:21:07.257  5457  5457 D CarrierResolver: new Icc object
05-13 16:21:07.257  5457  5457 D GsmSMSDispatcher: GsmSMSDispatcher: subId = 1 slotId = 1
05-13 16:21:07.257  5457  5457 D GsmSMSDispatcher: New Uicc application found
05-13 16:21:07.257  5457  5457 D SST     : [1] New card found
05-13 16:21:07.257  5457  5457 D UiccCardApplication: Notifying 1 registrant: READY
05-13 16:21:07.257  5457  5457 D CarrierResolver: handleMessage: 2
05-13 16:21:07.257  5457  5457 D CarrierResolver: new Icc object
05-13 16:21:07.257  5457  5457 D CAT     : CatService: handleMessage[8]
05-13 16:21:07.257  5457  5457 D CAT     : CatService: MSG_ID_ICC_CHANGED
05-13 16:21:07.257  5457  5457 D CAT     : CatService: New Card State = CARDSTATE_PRESENT Old Card State = CARDSTATE_PRESENT
05-13 16:21:07.261  5457  5457 D RILJ    : [0161]>  GET_IMSI aid = A0000000871002FFFFFFFF8903010000 [PHONE0]
05-13 16:21:07.262  5457  5481 D RILJ    : [0161]< GET_IMSI  [PHONE0]
05-13 16:21:07.263  5457  5457 D RILJ    : [0162]> iccIO: SIM_IO [PHONE0]
05-13 16:21:07.265  5457  5457 D RILJ    : [0163]> iccIO: SIM_IO [PHONE0]
05-13 16:21:07.266  5457  5457 D RILJ    : [0164]> iccIO: SIM_IO [PHONE0]
05-13 16:21:07.269  5457  5457 D RILJ    : [0165]> iccIO: SIM_IO [PHONE0]
05-13 16:21:07.270  5457  5457 D RILJ    : [0166]> iccIO: SIM_IO [PHONE0]
05-13 16:21:07.272  5457  5457 D RILJ    : [0167]> iccIO: SIM_IO [PHONE0]
05-13 16:21:07.274  5457  5457 D RILJ    : [0168]> iccIO: SIM_IO [PHONE0]
05-13 16:21:07.278  5457  5481 D RILJ    : [0162]< SIM_IO IccIoResult sw1:0x90 sw2:0x0 Payload: ******* [PHONE0]
05-13 16:21:07.280  5457  5457 D RILJ    : [0169]> iccIO: SIM_IO [PHONE0]
05-13 16:21:07.282  5457  5457 D RILJ    : [0170]> iccIO: SIM_IO [PHONE0]
05-13 16:21:07.283  5457  5457 D RILJ    : [0171]> iccIO: SIM_IO [PHONE0]
05-13 16:21:07.285  5457  5481 D RILJ    : [0163]< SIM_IO IccIoResult sw1:0x90 sw2:0x0 Payload: ******* [PHONE0]
05-13 16:21:07.285  5457  5457 D RILJ    : [0172]> iccIO: SIM_IO [PHONE0]
05-13 16:21:07.288  5457  5457 D RILJ    : [0173]> iccIO: SIM_IO [PHONE0]
05-13 16:21:07.290  5457  5457 D RILJ    : [0174]> iccIO: SIM_IO [PHONE0]
05-13 16:21:07.291  5457  5457 D RILJ    : [0175]> iccIO: SIM_IO [PHONE0]
05-13 16:21:07.292  5457  5457 D RILJ    : [0176]> iccIO: SIM_IO [PHONE0]
05-13 16:21:07.295  5457  5457 D RILJ    : [0177]> iccIO: SIM_IO [PHONE0]
05-13 16:21:07.295  5457  5481 D RILJ    : [0164]< SIM_IO IccIoResult sw1:0x90 sw2:0x0 Payload: ******* [PHONE0]
05-13 16:21:07.297  5457  5457 D RILJ    : [0178]> iccIO: SIM_IO [PHONE0]
05-13 16:21:07.298  5457  5457 D RILJ    : [0179]> iccIO: SIM_IO [PHONE0]
05-13 16:21:07.301  5457  5457 D RILJ    : [0180]> iccIO: SIM_IO [PHONE0]
05-13 16:21:07.302  5457  5457 D RILJ    : [0181]> iccIO: SIM_IO [PHONE0]
05-13 16:21:07.304  5457  5481 D RILJ    : [0165]< SIM_IO IccIoResult sw1:0x90 sw2:0x0 Payload: ******* [PHONE0]
05-13 16:21:07.304  5457  5457 D RILJ    : [0182]> iccIO: SIM_IO [PHONE0]
05-13 16:21:07.306  5457  5457 D RILJ    : [0183]> iccIO: SIM_IO [PHONE0]
05-13 16:21:07.308  5457  5457 D RILJ    : [0184]> iccIO: SIM_IO [PHONE0]
05-13 16:21:07.310  5457  5457 D RILJ    : [0185]> iccIO: SIM_IO [PHONE0]
05-13 16:21:07.313  5457  5457 D RILJ    : [0186]> iccIO: SIM_IO [PHONE0]
05-13 16:21:07.313  5457  5481 D RILJ    : [0139]< SIM_IO IccIoResult sw1:0x94 sw2:0x4 Payload: ******* Error: file ID not found/pattern not found [PHONE1]
05-13 16:21:07.314  5457  5457 E IsimUiccRecords: [ISIM-0] IsimUiccRecords: handleMessage { when=-389ms what=257 obj=android.os.AsyncResult@3282561 target=com.android.internal.telephony.uicc.IsimUiccRecords }[257] 
05-13 16:21:07.315  5457  5457 D RILJ    : [0187]> iccIO: SIM_IO [PHONE0]
05-13 16:21:07.317  5457  5457 D RILJ    : [0188]> iccIO: SIM_IO [PHONE0]
05-13 16:21:07.318  5457  5457 D RILJ    : [0189]> iccIO: SIM_IO [PHONE0]
05-13 16:21:07.319  5457  5457 D RILJ    : [0190]> iccIO: SIM_IO [PHONE0]
05-13 16:21:07.320  5457  5457 D RILJ    : [0191]> iccIO: SIM_IO [PHONE0]
05-13 16:21:07.320  5457  5457 D IsimUiccRecords: [ISIM-0] fetchIsimRecords 5 requested: true
05-13 16:21:07.321  5457  5457 D CAT     : CatService: handleMessage[8]
05-13 16:21:07.321  5457  5457 D CAT     : CatService: MSG_ID_ICC_CHANGED
05-13 16:21:07.321  5457  5457 D CAT     : CatService: New Card State = CARDSTATE_PRESENT Old Card State = CARDSTATE_ABSENT
05-13 16:21:07.322  5457  5457 D RILJ    : [0192]> REPORT_STK_SERVICE_IS_RUNNING [PHONE0]
05-13 16:21:07.322  5457  5481 D RILJ    : [0140]< SIM_IO IccIoResult sw1:0x94 sw2:0x4 Payload: ******* Error: file ID not found/pattern not found [PHONE1]
05-13 16:21:07.323  5457  5457 D UiccProfile: handleMessage: Received APP_READY for phoneId 0
05-13 16:21:07.323  1105  1129 D RtcCatController: [0] onHandleRequest: msg_id=60026 is RFX_MSG_REQUEST_REPORT_STK_SERVICE_IS_RUNNING
05-13 16:21:07.323  1105  1129 D RtcCatController: [0] sendStkQueuedCmd, will report menu, cachedMenu :[(null)]
05-13 16:21:07.323  5457  5457 D UiccProfile: setExternalState: !override and newstate unchanged from READY
05-13 16:21:07.323  5457  5457 D UiccProfile: handleMessage: Received ICC_RECORD_EVENTS for phoneId 0
05-13 16:21:07.323  5457  5457 D UiccProfile: handleMessage: Received ICC_RECORD_EVENTS for phoneId 0
05-13 16:21:07.323  5457  5457 D UiccProfile: handleMessage: Received APP_READY for phoneId 0
05-13 16:21:07.323  5457  5457 D UiccProfile: setExternalState: !override and newstate unchanged from READY
05-13 16:21:07.324  5457  5457 D UiccProfile: handleMessage: Received ICC_RECORD_EVENTS for phoneId 0
05-13 16:21:07.324  5457  5457 D UiccProfile: handleMessage: Received ICC_RECORD_EVENTS for phoneId 0
05-13 16:21:07.324  5457  5457 D SubscriptionInfoUpdater: handleSimReady: phoneId: 0
05-13 16:21:07.324  5457  5457 D SubscriptionInfoUpdater: updateSubscriptionInfoByIccId:+ Start - phoneId: 0
05-13 16:21:07.324  5457  5457 D SubscriptionInfoUpdater: updateSubscriptionInfoByIccId: removing subscription info record: phoneId 0
05-13 16:21:07.325  5457  5481 D RILJ    : [0166]< SIM_IO IccIoResult sw1:0x90 sw2:0x0 Payload: ******* [PHONE0]
05-13 16:21:07.335  5457  5457 D SubscriptionInfoUpdater: updateSubscriptionInfoByIccId: adding subscription info record: iccid: 89918730100016859128, phoneId:0
05-13 16:21:07.348  5457  5481 D RILJ    : [0167]< SIM_IO IccIoResult sw1:0x94 sw2:0x4 Payload: ******* Error: file ID not found/pattern not found [PHONE0]
05-13 16:21:07.355  5457  5471 D ImsManagerIM [1]: ImsService not up yet - timeout waiting for connection.
05-13 16:21:07.362  5457  5457 D SubscriptionController: Active subscription info list changed. [{id=1 iccId=899102734[****] simSlotIndex=1 carrierId=2378 displayName=Vi India carrierName=Vi India nameSource=1 iconTint=-16746133 number=null dataRoaming=1 iconBitmap=null mcc=404 mnc=30 countryIso=in isEmbedded=false nativeAccessRules=null cardString=899102734[****] cardId=0 portIndex=0 isOpportunistic=false groupUUID=null isGroupDisabled=false profileClass=-1 ehplmns=[40430, 405848] hplmns=[40430, 405848] subscriptionType=0 groupOwner=null carrierConfigAccessRules=null areUiccApplicationsEnabled=true usageSetting=0}, {id=2 iccId=899187301[****] simSlotIndex=0 carrierId=2018 displayName=JIO carrierName=JIO nameSource=3 iconTint=-16746133 number=null dataRoaming=1 iconBitmap=null mcc=405 mnc=873 countryIso=in isEmbedded=false nativeAccessRules=null cardString=899187301[****] cardId=1 portIndex=0 isOpportunistic=false groupUUID=null isGroupDisabled=false profileClass=-1 ehplmns=[405873, 405840, 405856, 405866, 405855, 405865, 405863, 405854, 405872, 405857, 405858, 405859, 405860, 405861, 405862, 405864, 405874, 405867, 405868, 405869, 405871, 405870] hplmns=[405873] subscriptionType=0 groupOwner=null carrierConfigAccessRules=null areUiccApplicationsEnabled=true usageSetting=0}]
05-13 16:21:07.363  5457  5481 D RILJ    : [0168]< SIM_IO IccIoResult sw1:0x90 sw2:0x0 Payload: ******* [PHONE0]
05-13 16:21:07.364  5457  5457 D SubscriptionManager: successfully added new subscription
05-13 16:21:07.369  5457  5457 D SubscriptionInfoUpdater: All IccIds query complete
05-13 16:21:07.369  5457  5457 D SubscriptionInfoUpdater: bypass reset default data sub if inactive
05-13 16:21:07.369  5457  5457 D SubscriptionInfoUpdater: SubInfo Initialized
05-13 16:21:07.370  5457  5522 D ImsManagerIM [1]: ImsService not up yet - timeout waiting for connection.
05-13 16:21:07.371  5457  5457 D SubscriptionInfoUpdater: updateEmbeddedSubscriptions: eUICC not enabled
05-13 16:21:07.371  5457  5457 D SubscriptionInfoUpdater: updateSubscriptionInfoByIccId: SubscriptionInfo update complete
05-13 16:21:07.380  5457  5481 D RILJ    : [0169]< SIM_IO IccIoResult sw1:0x94 sw2:0x4 Payload: ******* Error: file ID not found/pattern not found [PHONE0]
05-13 16:21:07.381  5457  5457 D SubscriptionInfoUpdater: updateSubscriptionInfoByIccId: SubscriptionInfo update complete
05-13 16:21:07.381  5457  5457 D SubscriptionInfoUpdater: updateEmbeddedSubscriptions: eUICC not enabled
05-13 16:21:07.382  5457  5457 D SubscriptionInfoUpdater: Broadcasting intent ACTION_SIM_STATE_CHANGED READY reason null for phone: 0
05-13 16:21:07.382  5457  5457 D SubscriptionInfoUpdater: Broadcasting intent ACTION_SIM_CARD_STATE_CHANGED PRESENT for phone: 0 slot: 0 port: 0
05-13 16:21:07.386  5457  5457 D UiccCardApplication: Query facility FDN : FDN service available: true enabled: false
05-13 16:21:07.386  5457  5457 D GsmSMSDispatcher: GsmSMSDispatcher: subId = 2 slotId = 0
05-13 16:21:07.386  5457  5457 D CarrierResolver: handleMessage: 2
05-13 16:21:07.386  5457  5457 D GsmSMSDispatcher: GsmSMSDispatcher: subId = 1 slotId = 1
05-13 16:21:07.386  5457  5457 D CarrierResolver: handleMessage: 2
05-13 16:21:07.386  5457  5457 D CAT     : CatService: handleMessage[8]
05-13 16:21:07.386  5457  5457 D CAT     : CatService: MSG_ID_ICC_CHANGED
05-13 16:21:07.386  5457  5457 D CAT     : CatService: New Card State = CARDSTATE_PRESENT Old Card State = CARDSTATE_PRESENT
05-13 16:21:07.386  5457  5457 D CAT     : CatService: handleMessage[8]
05-13 16:21:07.386  5457  5457 D CAT     : CatService: MSG_ID_ICC_CHANGED
05-13 16:21:07.386  5457  5457 D CAT     : CatService: New Card State = CARDSTATE_PRESENT Old Card State = CARDSTATE_PRESENT
05-13 16:21:07.387  5457  5457 D RILJ    : getUsageSetting: REQUEST_NOT_SUPPORTED
05-13 16:21:07.387  5457  5457 D RILJ    : getUsageSetting: REQUEST_NOT_SUPPORTED
05-13 16:21:07.388  5457  5457 D PhoneSwitcher: evaluating due to subChanged phone[0] -1->2 phone[1] -1->1 preferred phoneId 0->-1
05-13 16:21:07.388  5457  5457 D PhoneSwitcher: sendRilCommands: skip dds switch due to invalid phoneId=-1
05-13 16:21:07.388  5457  5457 D TelephonyNetworkFactory[0]: onSubIdChange -1->2
05-13 16:21:07.389  5457  5457 D TelephonyNetworkFactory[1]: onSubIdChange -1->1
05-13 16:21:07.389  5457  5457 D UiccCardApplication: Query facility lock : 0
05-13 16:21:07.390  5457  5457 D UiccCardApplication: Query facility FDN : FDN service available: true enabled: false
05-13 16:21:07.390  5457  5481 D RILJ    : [0170]< SIM_IO IccIoResult sw1:0x90 sw2:0x0 Payload: ******* [PHONE0]
05-13 16:21:07.391  5457  5457 D UiccCardApplication: Query facility lock : 0
05-13 16:21:07.391  5457  5457 D UiccProfile: handleMessage: Received OPEN_LOGICAL_CHANNEL_DONE for phoneId 0
05-13 16:21:07.391  5457  5457 D UiccProfile: handleMessage: Error in SIM access with exception com.android.internal.telephony.CommandException: NO_SUCH_ELEMENT
05-13 16:21:07.392  5457  5457 D RILJ    : [0193]> SET_SIGNAL_STRENGTH_REPORTING_CRITERIA [PHONE0]
05-13 16:21:07.393  5457  5457 D SSCtr   : setSignalStrengthReportingCriteria consolidatedSignalThresholdInfos=[SignalThresholdInfo{mRan=1 mSignalMeasurementType=1 mHysteresisMs=3000 mHysteresisDb=2 mThresholds=[-107, -103, -97, -89] mIsEnabled=true}, SignalThresholdInfo{mRan=2 mSignalMeasurementType=2 mHysteresisMs=3000 mHysteresisDb=2 mThresholds=[-115, -105, -95, -85] mIsEnabled=true}, SignalThresholdInfo{mRan=3 mSignalMeasurementType=3 mHysteresisMs=3000 mHysteresisDb=2 mThresholds=[-128, -118, -108, -98] mIsEnabled=true}]
05-13 16:21:07.393  5457  5457 D NRM-C-0 : service ComponentInfo{com.android.phone/com.android.internal.telephony.CellularNetworkService} for transport WWAN is now connected.
05-13 16:21:07.393  5457  5457 D NRM-C-1 : service ComponentInfo{com.android.phone/com.android.internal.telephony.CellularNetworkService} for transport WWAN is now connected.
05-13 16:21:07.393  5457  5457 D DNC-1   : onDataServiceBindingChanged: WWAN data service is bound.
05-13 16:21:07.394  5457  5457 D DNC-0   : onDataServiceBindingChanged: WWAN data service is bound.
05-13 16:21:07.394  5457  5457 D DNC-0   : Re-evaluating 0 unsatisfied network requests in 0 groups,  due to DATA_ENABLED_CHANGED
05-13 16:21:07.394  5457  5481 D RILJ    : [0193]< SET_SIGNAL_STRENGTH_REPORTING_CRITERIA  [PHONE0]
05-13 16:21:07.394  5457  5457 D PhoneSwitcher: onDdsSwitchResponse: DDS switch success on phoneId = 0
05-13 16:21:07.394  5457  5481 E RILJ    : processResponse: Unexpected response! serial: 193 ,error: 0
05-13 16:21:07.394  5457  5457 D PhoneSwitcher: notifyPreferredDataSubIdChanged to -1
05-13 16:21:07.394  5457  5481 E RILJ    : processResponse: Unexpected response! serial: 193 ,error: 0
05-13 16:21:07.395  1233  1299 D TelephonyRegistry: notifyActiveDataSubIdChanged: activeDataSubId=-1
05-13 16:21:07.399  5457  5481 D RILJ    : [0171]< SIM_IO IccIoResult sw1:0x90 sw2:0x0 Payload: ******* [PHONE0]
05-13 16:21:07.400  5457  5457 D TelephonyNetworkFactory[0]: got request NetworkRequest [ REQUEST id=167, [ Capabilities: INTERNET&NOT_RESTRICTED&TRUSTED&NOT_VCN_MANAGED Uid: 1001 RequestorUid: 1001 RequestorPkg: com.android.phone UnderlyingNetworks: Null] ]
05-13 16:21:07.401  5457  5457 D TelephonyNetworkFactory[1]: got request NetworkRequest [ REQUEST id=167, [ Capabilities: INTERNET&NOT_RESTRICTED&TRUSTED&NOT_VCN_MANAGED Uid: 1001 RequestorUid: 1001 RequestorPkg: com.android.phone UnderlyingNetworks: Null] ]
05-13 16:21:07.401  5457  5457 D SST     : [0] handlePollStateResult exception java.lang.IllegalStateException: Service not connected.
05-13 16:21:07.401  5457  5457 E SST     : [0] handlePollStateResult: RIL returned an error where it must succeed: java.lang.IllegalStateException: Service not connected.
05-13 16:21:07.401  5457  5457 D SST     : [0] handlePollStateResult exception java.lang.IllegalStateException: Service not connected.
05-13 16:21:07.401  5457  5457 E SST     : [0] handlePollStateResult: RIL returned an error where it must succeed: java.lang.IllegalStateException: Service not connected.
05-13 16:21:07.401  5457  5457 D SST     : [0] handlePollStateResult exception java.lang.IllegalStateException: Service not connected.
05-13 16:21:07.401  5457  5457 E SST     : [0] handlePollStateResult: RIL returned an error where it must succeed: java.lang.IllegalStateException: Service not connected.
05-13 16:21:07.401  5457  5457 D SST     : [0] EVENT_POLL_STATE_NETWORK_SELECTION_MODE
05-13 16:21:07.401  5457  5457 D SST     : [0] combinePsRegistrationStates: {mVoiceRegState=3(POWER_OFF), mDataRegState=1(OUT_OF_SERVICE), mChannelNumber=-1, duplexMode()=0, mCellBandwidths=[], mOperatorAlphaLong=JIO 4G, mOperatorAlphaShort=JIO 4G, isManualNetworkSelection=false(automatic), getRilVoiceRadioTechnology=0(Unknown), getRilDataRadioTechnology=0(Unknown), mCssIndicator=unsupported, mNetworkId=-1, mSystemId=-1, mCdmaRoamingIndicator=-1, mCdmaDefaultRoamingIndicator=-1, mIsEmergencyOnly=false, isUsingCarrierAggregation=false, mArfcnRsrpBoost=0, mNetworkRegistrationInfos=[NetworkRegistrationInfo{ domain=CS transportType=WWAN registrationState=UNKNOWN mInitialRegistrationState=UNKNOWN roamingType=NOT_ROAMING accessNetworkTechnology=UNKNOWN rejectCause=0 emergencyEnabled=false availableServices=[] cellIdentity=null voiceSpecificInfo=null dataSpecificInfo=null nrState=**** rRplmn= isUsingCarrierAggregation=false}, NetworkRegistrationInfo{ domain=PS transportType=WWAN registrationState=UNKNOWN mInitialRegistrationState=UNKNOWN roamingType=NOT_ROAMING accessNetworkTechnology=UNKNOWN rejectCause=0 emergencyEnabled=false availableServices=[] cellIdentity=null voiceSpecificInfo=null dataSpecificInfo=null nrState=**** rRplmn= isUsingCarrierAggregation=false}, NetworkRegistrationInfo{ domain=PS transportType=WLAN registrationState=UNKNOWN mInitialRegistrationState=UNKNOWN roamingType=NOT_ROAMING accessNetworkTechnology=UNKNOWN rejectCause=0 emergencyEnabled=false availableServices=[] cellIdentity=null voiceSpecificInfo=null dataSpecificInfo=null nrState=**** rRplmn= isUsingCarrierAggregation=false}], mNrFrequencyRange=0, mOperatorAlphaLongRaw=JIO 4G, mOperatorAlphaShortRaw=JIO 4G, mIsDataRoamingFromRegistration=false, mIsIwlanPreferred=false}
05-13 16:21:07.402  5457  5457 D SST     : [0] Could not set ServiceState channel number. CellIdentity null
