05-13 16:20:23.776  1631  1631 D ImsProvisioningController: Rcs ImsService is not available, EAB provisioning status should be read from MmTel ImsService
05-13 16:20:23.776  1631  1631 E ImsProvisioningController: MmTelFeatureListener[0] service is Unavailable
05-13 16:20:23.776  1631  1631 D ImsProvisioningController: getRcsProvisioningStatusForCapability :  capability 2 tech 0 result false
05-13 16:20:23.815  1631  1631 W ImsProvisioningController: isProvisioningRequired : getTechsFromCarrierConfig failed
05-13 16:20:23.816  1631  1631 D ImsProvisioningController: isImsProvisioningRequiredForCapability capability 1 tech 0 return value false
05-13 16:20:23.816  1631  1631 D ImsProvisioningController: getImsProvisioningStatusForCapability : not required  capability 1 tech 0
05-13 16:20:23.818  1631  1631 D RILJ    : [0836]> iccIO: SIM_IO [PHONE1]
05-13 16:20:23.821  1631  1631 W ImsProvisioningController: isProvisioningRequired : getTechsFromCarrierConfig failed
05-13 16:20:23.822  1631  1631 D ImsProvisioningController: isImsProvisioningRequiredForCapability capability 2 tech 0 return value false
05-13 16:20:23.822  1631  1631 D ImsProvisioningController: getImsProvisioningStatusForCapability : not required  capability 2 tech 0
05-13 16:20:23.824  1631  1631 W ImsProvisioningController: isProvisioningRequired : getTechsFromCarrierConfig failed
05-13 16:20:23.825  1631  1631 D ImsProvisioningController: isImsProvisioningRequiredForCapability capability 1 tech 1 return value false
05-13 16:20:23.825  1631  1631 D ImsProvisioningController: getImsProvisioningStatusForCapability : not required  capability 1 tech 1
05-13 16:20:23.926  1631  1796 D RILJ    : [0836]< SIM_IO IccIoResult sw1:0x90 sw2:0x0 Payload: ******* [PHONE1]
05-13 16:20:23.928  1631  1631 D RILJ    : [0837]> iccIO: SIM_IO [PHONE1]
05-13 16:20:24.102  1631  1796 D RILJ    : [0837]< SIM_IO IccIoResult sw1:0x90 sw2:0x0 Payload: ******* [PHONE1]
05-13 16:20:24.104  1631  1631 D RILJ    : [0838]> iccIO: SIM_IO [PHONE1]
05-13 16:20:24.279  1631  1796 D RILJ    : [0838]< SIM_IO IccIoResult sw1:0x90 sw2:0x0 Payload: ******* [PHONE1]
05-13 16:20:24.281  1631  1631 D RILJ    : [0839]> iccIO: SIM_IO [PHONE1]
05-13 16:20:24.455  1631  1796 D RILJ    : [0839]< SIM_IO IccIoResult sw1:0x90 sw2:0x0 Payload: ******* [PHONE1]
05-13 16:20:24.458  1631  1631 D RILJ    : [0840]> iccIO: SIM_IO [PHONE1]
05-13 16:20:24.631  1631  1796 D RILJ    : [0840]< SIM_IO IccIoResult sw1:0x90 sw2:0x0 Payload: ******* [PHONE1]
05-13 16:20:24.632  1631  1631 D RILJ    : [0841]> iccIO: SIM_IO [PHONE1]
05-13 16:20:24.807  1631  1796 D RILJ    : [0841]< SIM_IO IccIoResult sw1:0x90 sw2:0x0 Payload: ******* [PHONE1]
05-13 16:20:24.809  1631  1631 D RILJ    : [0842]> iccIO: SIM_IO [PHONE1]
05-13 16:20:24.983  1631  1796 D RILJ    : [0842]< SIM_IO IccIoResult sw1:0x90 sw2:0x0 Payload: ******* [PHONE1]
05-13 16:20:24.985  1631  1631 D RILJ    : [0843]> iccIO: SIM_IO [PHONE1]
05-13 16:20:25.159  1631  1796 D RILJ    : [0843]< SIM_IO IccIoResult sw1:0x90 sw2:0x0 Payload: ******* [PHONE1]
05-13 16:20:25.161  1631  1631 D RILJ    : [0844]> iccIO: SIM_IO [PHONE1]
05-13 16:20:25.335  1631  1796 D RILJ    : [0844]< SIM_IO IccIoResult sw1:0x90 sw2:0x0 Payload: ******* [PHONE1]
05-13 16:20:25.337  1631  1631 D RILJ    : [0845]> iccIO: SIM_IO [PHONE1]
05-13 16:20:25.511  1631  1796 D RILJ    : [0845]< SIM_IO IccIoResult sw1:0x90 sw2:0x0 Payload: ******* [PHONE1]
05-13 16:20:25.513  1631  1631 D RILJ    : [0846]> iccIO: SIM_IO [PHONE1]
05-13 16:20:25.580  1105  1129 D RtcRilClientController: client 1001 handle requestComplete
05-13 16:20:25.687  1631  1796 D RILJ    : [0846]< SIM_IO IccIoResult sw1:0x90 sw2:0x0 Payload: ******* [PHONE1]
05-13 16:20:25.689  1631  1631 D RILJ    : [0847]> iccIO: SIM_IO [PHONE1]
05-13 16:20:25.863  1631  1796 D RILJ    : [0847]< SIM_IO IccIoResult sw1:0x90 sw2:0x0 Payload: ******* [PHONE1]
05-13 16:20:25.865  1631  1631 D RILJ    : [0848]> iccIO: SIM_IO [PHONE1]
05-13 16:20:26.039  1631  1796 D RILJ    : [0848]< SIM_IO IccIoResult sw1:0x90 sw2:0x0 Payload: ******* [PHONE1]
05-13 16:20:26.040  1631  1631 D RILJ    : [0849]> iccIO: SIM_IO [PHONE1]
05-13 16:20:26.215  1631  1796 D RILJ    : [0849]< SIM_IO IccIoResult sw1:0x90 sw2:0x0 Payload: ******* [PHONE1]
05-13 16:20:26.216  1631  1631 D RILJ    : [0850]> iccIO: SIM_IO [PHONE1]
05-13 16:20:26.392  1631  1796 D RILJ    : [0850]< SIM_IO IccIoResult sw1:0x90 sw2:0x0 Payload: ******* [PHONE1]
05-13 16:20:26.406  1631  1631 D RILJ    : [0851]> iccIO: SIM_IO [PHONE1]
05-13 16:20:26.570  1631  1796 D RILJ    : [0851]< SIM_IO IccIoResult sw1:0x90 sw2:0x0 Payload: ******* [PHONE1]
05-13 16:20:26.572  1631  1631 D RILJ    : [0852]> iccIO: SIM_IO [PHONE1]
05-13 16:20:26.744  1631  1796 D RILJ    : [0852]< SIM_IO IccIoResult sw1:0x90 sw2:0x0 Payload: ******* [PHONE1]
05-13 16:20:26.746  1631  1631 D RILJ    : [0853]> iccIO: SIM_IO [PHONE1]
05-13 16:20:26.920  1631  1796 D RILJ    : [0853]< SIM_IO IccIoResult sw1:0x90 sw2:0x0 Payload: ******* [PHONE1]
05-13 16:20:26.921  1631  1631 D RILJ    : [0854]> iccIO: SIM_IO [PHONE1]
05-13 16:20:27.096  1631  1796 D RILJ    : [0854]< SIM_IO IccIoResult sw1:0x90 sw2:0x0 Payload: ******* [PHONE1]
05-13 16:20:27.099  1631  1631 D RILJ    : [0855]> iccIO: SIM_IO [PHONE1]
05-13 16:20:27.272  1631  1796 D RILJ    : [0855]< SIM_IO IccIoResult sw1:0x90 sw2:0x0 Payload: ******* [PHONE1]
05-13 16:20:27.273  1631  1631 D RILJ    : [0856]> iccIO: SIM_IO [PHONE1]
05-13 16:20:27.450  1631  1796 D RILJ    : [0856]< SIM_IO IccIoResult sw1:0x90 sw2:0x0 Payload: ******* [PHONE1]
05-13 16:20:27.452  1631  1631 D RILJ    : [0857]> iccIO: SIM_IO [PHONE1]
05-13 16:20:27.624  1631  1796 D RILJ    : [0857]< SIM_IO IccIoResult sw1:0x90 sw2:0x0 Payload: ******* [PHONE1]
05-13 16:20:27.625  1631  1631 D RILJ    : [0858]> iccIO: SIM_IO [PHONE1]
05-13 16:20:27.801  1631  1796 D RILJ    : [0858]< SIM_IO IccIoResult sw1:0x90 sw2:0x0 Payload: ******* [PHONE1]
05-13 16:20:27.803  1631  1631 D RILJ    : [0859]> iccIO: SIM_IO [PHONE1]
05-13 16:20:27.977  1631  1796 D RILJ    : [0859]< SIM_IO IccIoResult sw1:0x90 sw2:0x0 Payload: ******* [PHONE1]
05-13 16:20:28.069  1631  1631 D RILJ    : [0860]> iccIO: SIM_IO [PHONE1]
05-13 16:20:28.188  1631  1796 D RILJ    : [0860]< SIM_IO IccIoResult sw1:0x90 sw2:0x0 Payload: ******* [PHONE1]
05-13 16:20:28.190  1631  1631 D RILJ    : [0861]> iccIO: SIM_IO [PHONE1]
05-13 16:20:28.365  1631  1796 D RILJ    : [0861]< SIM_IO IccIoResult sw1:0x90 sw2:0x0 Payload: ******* [PHONE1]
05-13 16:20:28.366  1631  1631 D RILJ    : [0862]> iccIO: SIM_IO [PHONE1]
05-13 16:20:28.541  1631  1796 D RILJ    : [0862]< SIM_IO IccIoResult sw1:0x90 sw2:0x0 Payload: ******* [PHONE1]
05-13 16:20:28.543  1631  1631 D RILJ    : [0863]> iccIO: SIM_IO [PHONE1]
05-13 16:20:28.717  1631  1796 D RILJ    : [0863]< SIM_IO IccIoResult sw1:0x90 sw2:0x0 Payload: ******* [PHONE1]
05-13 16:20:28.719  1631  1631 D RILJ    : [0864]> iccIO: SIM_IO [PHONE1]
05-13 16:20:28.893  1631  1796 D RILJ    : [0864]< SIM_IO IccIoResult sw1:0x90 sw2:0x0 Payload: ******* [PHONE1]
05-13 16:20:28.895  1631  1631 D RILJ    : [0865]> iccIO: SIM_IO [PHONE1]
05-13 16:20:29.070  1631  1796 D RILJ    : [0865]< SIM_IO IccIoResult sw1:0x90 sw2:0x0 Payload: ******* [PHONE1]
05-13 16:20:29.071  1631  1631 D RILJ    : [0866]> iccIO: SIM_IO [PHONE1]
05-13 16:20:29.246  1631  1796 D RILJ    : [0866]< SIM_IO IccIoResult sw1:0x90 sw2:0x0 Payload: ******* [PHONE1]
05-13 16:20:29.249  1631  1631 D RILJ    : [0867]> iccIO: SIM_IO [PHONE1]
05-13 16:20:29.421  1631  1796 D RILJ    : [0867]< SIM_IO IccIoResult sw1:0x90 sw2:0x0 Payload: ******* [PHONE1]
05-13 16:20:29.422  1631  1631 D RILJ    : [0868]> iccIO: SIM_IO [PHONE1]
05-13 16:20:29.598  1631  1796 D RILJ    : [0868]< SIM_IO IccIoResult sw1:0x90 sw2:0x0 Payload: ******* [PHONE1]
05-13 16:20:29.599  1631  1631 D RILJ    : [0869]> iccIO: SIM_IO [PHONE1]
05-13 16:20:29.772  1631  1796 D RILJ    : [0869]< SIM_IO IccIoResult sw1:0x90 sw2:0x0 Payload: ******* [PHONE1]
05-13 16:20:29.774  1631  1631 D RILJ    : [0870]> iccIO: SIM_IO [PHONE1]
05-13 16:20:29.949  1631  1796 D RILJ    : [0870]< SIM_IO IccIoResult sw1:0x90 sw2:0x0 Payload: ******* [PHONE1]
05-13 16:20:29.951  1631  1631 D RILJ    : [0871]> iccIO: SIM_IO [PHONE1]
05-13 16:20:30.125  1631  1796 D RILJ    : [0871]< SIM_IO IccIoResult sw1:0x90 sw2:0x0 Payload: ******* [PHONE1]
05-13 16:20:30.127  1631  1631 D RILJ    : [0872]> iccIO: SIM_IO [PHONE1]
05-13 16:20:30.300  1631  1796 D RILJ    : [0872]< SIM_IO IccIoResult sw1:0x90 sw2:0x0 Payload: ******* [PHONE1]
05-13 16:20:30.302  1631  1631 D RILJ    : [0873]> iccIO: SIM_IO [PHONE1]
05-13 16:20:30.477  1631  1796 D RILJ    : [0873]< SIM_IO IccIoResult sw1:0x90 sw2:0x0 Payload: ******* [PHONE1]
05-13 16:20:30.479  1631  1631 D RILJ    : [0874]> iccIO: SIM_IO [PHONE1]
05-13 16:20:30.652  1631  1796 D RILJ    : [0874]< SIM_IO IccIoResult sw1:0x90 sw2:0x0 Payload: ******* [PHONE1]
05-13 16:20:30.655  1631  1631 D RILJ    : [0875]> iccIO: SIM_IO [PHONE1]
05-13 16:20:30.829  1631  1796 D RILJ    : [0875]< SIM_IO IccIoResult sw1:0x90 sw2:0x0 Payload: ******* [PHONE1]
05-13 16:20:30.831  1631  1631 D RILJ    : [0876]> iccIO: SIM_IO [PHONE1]
05-13 16:20:31.004  1631  1796 D RILJ    : [0876]< SIM_IO IccIoResult sw1:0x90 sw2:0x0 Payload: ******* [PHONE1]
05-13 16:20:31.005  1631  1631 D RILJ    : [0877]> iccIO: SIM_IO [PHONE1]
05-13 16:20:31.180  1631  1796 D RILJ    : [0877]< SIM_IO IccIoResult sw1:0x90 sw2:0x0 Payload: ******* [PHONE1]
05-13 16:20:31.182  1631  1631 D RILJ    : [0878]> iccIO: SIM_IO [PHONE1]
05-13 16:20:31.356  1631  1796 D RILJ    : [0878]< SIM_IO IccIoResult sw1:0x90 sw2:0x0 Payload: ******* [PHONE1]
05-13 16:20:31.358  1631  1631 D RILJ    : [0879]> iccIO: SIM_IO [PHONE1]
05-13 16:20:31.532  1631  1796 D RILJ    : [0879]< SIM_IO IccIoResult sw1:0x90 sw2:0x0 Payload: ******* [PHONE1]
05-13 16:20:31.534  1631  1631 D RILJ    : [0880]> iccIO: SIM_IO [PHONE1]
05-13 16:20:31.708  1631  1796 D RILJ    : [0880]< SIM_IO IccIoResult sw1:0x90 sw2:0x0 Payload: ******* [PHONE1]
05-13 16:20:31.711  1631  1631 D RILJ    : [0881]> iccIO: SIM_IO [PHONE1]
05-13 16:20:31.883  1631  1796 D RILJ    : [0881]< SIM_IO IccIoResult sw1:0x90 sw2:0x0 Payload: ******* [PHONE1]
05-13 16:20:31.885  1631  1631 D RILJ    : [0882]> iccIO: SIM_IO [PHONE1]
05-13 16:20:32.060  1631  1796 D RILJ    : [0882]< SIM_IO IccIoResult sw1:0x90 sw2:0x0 Payload: ******* [PHONE1]
05-13 16:20:32.062  1631  1631 D RILJ    : [0883]> iccIO: SIM_IO [PHONE1]
05-13 16:20:32.235  1631  1796 D RILJ    : [0883]< SIM_IO IccIoResult sw1:0x90 sw2:0x0 Payload: ******* [PHONE1]
05-13 16:20:32.236  1631  1631 D RILJ    : [0884]> iccIO: SIM_IO [PHONE1]
05-13 16:20:32.412  1631  1796 D RILJ    : [0884]< SIM_IO IccIoResult sw1:0x90 sw2:0x0 Payload: ******* [PHONE1]
05-13 16:20:32.414  1631  1631 D RILJ    : [0885]> iccIO: SIM_IO [PHONE1]
05-13 16:20:32.587  1631  1796 D RILJ    : [0885]< SIM_IO IccIoResult sw1:0x90 sw2:0x0 Payload: ******* [PHONE1]
05-13 16:20:32.589  1631  1631 D RILJ    : [0886]> iccIO: SIM_IO [PHONE1]
05-13 16:20:32.764  1631  1796 D RILJ    : [0886]< SIM_IO IccIoResult sw1:0x90 sw2:0x0 Payload: ******* [PHONE1]
05-13 16:20:32.766  1631  1631 D RILJ    : [0887]> iccIO: SIM_IO [PHONE1]
05-13 16:20:32.938  1631  1796 D RILJ    : [0887]< SIM_IO IccIoResult sw1:0x90 sw2:0x0 Payload: ******* [PHONE1]
05-13 16:20:32.940  1631  1631 D RILJ    : [0888]> iccIO: SIM_IO [PHONE1]
05-13 16:20:33.114  1631  1796 D RILJ    : [0888]< SIM_IO IccIoResult sw1:0x90 sw2:0x0 Payload: ******* [PHONE1]
05-13 16:20:33.115  1631  1631 D RILJ    : [0889]> iccIO: SIM_IO [PHONE1]
05-13 16:20:33.290  1631  1796 D RILJ    : [0889]< SIM_IO IccIoResult sw1:0x90 sw2:0x0 Payload: ******* [PHONE1]
05-13 16:20:33.299  1631  1631 D RILJ    : [0890]> iccIO: SIM_IO [PHONE1]
05-13 16:20:33.467  1631  1796 D RILJ    : [0890]< SIM_IO IccIoResult sw1:0x90 sw2:0x0 Payload: ******* [PHONE1]
05-13 16:20:33.468  1631  1631 D RILJ    : [0891]> iccIO: SIM_IO [PHONE1]
05-13 16:20:33.644  1631  1796 D RILJ    : [0891]< SIM_IO IccIoResult sw1:0x90 sw2:0x0 Payload: ******* [PHONE1]
05-13 16:20:33.647  1631  1631 D RILJ    : [0892]> iccIO: SIM_IO [PHONE1]
05-13 16:20:33.818  1631  1796 D RILJ    : [0892]< SIM_IO IccIoResult sw1:0x90 sw2:0x0 Payload: ******* [PHONE1]
05-13 16:20:33.820  1631  1631 D RILJ    : [0893]> iccIO: SIM_IO [PHONE1]
05-13 16:20:33.994  1631  1796 D RILJ    : [0893]< SIM_IO IccIoResult sw1:0x90 sw2:0x0 Payload: ******* [PHONE1]
05-13 16:20:33.996  1631  1631 D RILJ    : [0894]> iccIO: SIM_IO [PHONE1]
05-13 16:20:34.170  1631  1796 D RILJ    : [0894]< SIM_IO IccIoResult sw1:0x90 sw2:0x0 Payload: ******* [PHONE1]
05-13 16:20:34.171  1631  1631 D RILJ    : [0895]> iccIO: SIM_IO [PHONE1]
05-13 16:20:34.345  1631  1796 D RILJ    : [0895]< SIM_IO IccIoResult sw1:0x90 sw2:0x0 Payload: ******* [PHONE1]
05-13 16:20:34.347  1631  1631 D RILJ    : [0896]> iccIO: SIM_IO [PHONE1]
05-13 16:20:34.521  1631  1796 D RILJ    : [0896]< SIM_IO IccIoResult sw1:0x90 sw2:0x0 Payload: ******* [PHONE1]
05-13 16:20:34.523  1631  1631 D RILJ    : [0897]> iccIO: SIM_IO [PHONE1]
05-13 16:20:34.698  1631  1796 D RILJ    : [0897]< SIM_IO IccIoResult sw1:0x90 sw2:0x0 Payload: ******* [PHONE1]
05-13 16:20:34.700  1631  1631 D RILJ    : [0898]> iccIO: SIM_IO [PHONE1]
05-13 16:20:34.873  1631  1796 D RILJ    : [0898]< SIM_IO IccIoResult sw1:0x90 sw2:0x0 Payload: ******* [PHONE1]
05-13 16:20:34.874  1631  1631 D RILJ    : [0899]> iccIO: SIM_IO [PHONE1]
05-13 16:20:35.049  1631  1796 D RILJ    : [0899]< SIM_IO IccIoResult sw1:0x90 sw2:0x0 Payload: ******* [PHONE1]
05-13 16:20:35.052  1631  1631 D RILJ    : [0900]> iccIO: SIM_IO [PHONE1]
05-13 16:20:35.224  1631  1796 D RILJ    : [0900]< SIM_IO IccIoResult sw1:0x90 sw2:0x0 Payload: ******* [PHONE1]
05-13 16:20:35.225  1631  1631 D RILJ    : [0901]> iccIO: SIM_IO [PHONE1]
05-13 16:20:35.400  1631  1796 D RILJ    : [0901]< SIM_IO IccIoResult sw1:0x90 sw2:0x0 Payload: ******* [PHONE1]
05-13 16:20:35.401  1631  1631 D RILJ    : [0902]> iccIO: SIM_IO [PHONE1]
05-13 16:20:35.576  1631  1796 D RILJ    : [0902]< SIM_IO IccIoResult sw1:0x90 sw2:0x0 Payload: ******* [PHONE1]
05-13 16:20:35.577  1631  1631 D RILJ    : [0903]> iccIO: SIM_IO [PHONE1]
05-13 16:20:35.589  1105  1129 D RtcRilClientController: client 1001 handle requestComplete
05-13 16:20:35.752  1631  1796 D RILJ    : [0903]< SIM_IO IccIoResult sw1:0x90 sw2:0x0 Payload: ******* [PHONE1]
05-13 16:20:35.754  1631  1631 D RILJ    : [0904]> iccIO: SIM_IO [PHONE1]
05-13 16:20:35.929  1631  1796 D RILJ    : [0904]< SIM_IO IccIoResult sw1:0x90 sw2:0x0 Payload: ******* [PHONE1]
05-13 16:20:35.931  1631  1631 D RILJ    : [0905]> iccIO: SIM_IO [PHONE1]
05-13 16:20:36.104  1631  1796 D RILJ    : [0905]< SIM_IO IccIoResult sw1:0x90 sw2:0x0 Payload: ******* [PHONE1]
05-13 16:20:36.105  1631  1631 D RILJ    : [0906]> iccIO: SIM_IO [PHONE1]
05-13 16:20:36.281  1631  1796 D RILJ    : [0906]< SIM_IO IccIoResult sw1:0x90 sw2:0x0 Payload: ******* [PHONE1]
05-13 16:20:36.283  1631  1631 D RILJ    : [0907]> iccIO: SIM_IO [PHONE1]
05-13 16:20:36.455  1631  1796 D RILJ    : [0907]< SIM_IO IccIoResult sw1:0x90 sw2:0x0 Payload: ******* [PHONE1]
05-13 16:20:36.457  1631  1631 D RILJ    : [0908]> iccIO: SIM_IO [PHONE1]
05-13 16:20:36.632  1631  1796 D RILJ    : [0908]< SIM_IO IccIoResult sw1:0x90 sw2:0x0 Payload: ******* [PHONE1]
05-13 16:20:36.633  1631  1631 D RILJ    : [0909]> iccIO: SIM_IO [PHONE1]
05-13 16:20:36.807  1631  1796 D RILJ    : [0909]< SIM_IO IccIoResult sw1:0x90 sw2:0x0 Payload: ******* [PHONE1]
05-13 16:20:36.808  1631  1631 D RILJ    : [0910]> iccIO: SIM_IO [PHONE1]
05-13 16:20:36.984  1631  1796 D RILJ    : [0910]< SIM_IO IccIoResult sw1:0x90 sw2:0x0 Payload: ******* [PHONE1]
05-13 16:20:36.986  1631  1631 D RILJ    : [0911]> iccIO: SIM_IO [PHONE1]
05-13 16:20:37.160  1631  1796 D RILJ    : [0911]< SIM_IO IccIoResult sw1:0x90 sw2:0x0 Payload: ******* [PHONE1]
05-13 16:20:37.161  1631  1631 D RILJ    : [0912]> iccIO: SIM_IO [PHONE1]
05-13 16:20:37.336  1631  1796 D RILJ    : [0912]< SIM_IO IccIoResult sw1:0x90 sw2:0x0 Payload: ******* [PHONE1]
05-13 16:20:37.338  1631  1631 D RILJ    : [0913]> iccIO: SIM_IO [PHONE1]
05-13 16:20:37.514  1631  1796 D RILJ    : [0913]< SIM_IO IccIoResult sw1:0x90 sw2:0x0 Payload: ******* [PHONE1]
05-13 16:20:37.516  1631  1631 D RILJ    : [0914]> iccIO: SIM_IO [PHONE1]
05-13 16:20:37.690  1631  1796 D RILJ    : [0914]< SIM_IO IccIoResult sw1:0x90 sw2:0x0 Payload: ******* [PHONE1]
05-13 16:20:37.692  1631  1631 D RILJ    : [0915]> iccIO: SIM_IO [PHONE1]
05-13 16:20:37.866  1631  1796 D RILJ    : [0915]< SIM_IO IccIoResult sw1:0x90 sw2:0x0 Payload: ******* [PHONE1]
05-13 16:20:37.868  1631  1631 D RILJ    : [0916]> iccIO: SIM_IO [PHONE1]
05-13 16:20:38.043  1631  1796 D RILJ    : [0916]< SIM_IO IccIoResult sw1:0x90 sw2:0x0 Payload: ******* [PHONE1]
05-13 16:20:38.045  1631  1631 D RILJ    : [0917]> iccIO: SIM_IO [PHONE1]
05-13 16:20:38.220  1631  1796 D RILJ    : [0917]< SIM_IO IccIoResult sw1:0x90 sw2:0x0 Payload: ******* [PHONE1]
05-13 16:20:38.221  1631  1631 D RILJ    : [0918]> iccIO: SIM_IO [PHONE1]
05-13 16:20:38.397  1631  1796 D RILJ    : [0918]< SIM_IO IccIoResult sw1:0x90 sw2:0x0 Payload: ******* [PHONE1]
05-13 16:20:38.398  1631  1631 D RILJ    : [0919]> iccIO: SIM_IO [PHONE1]
05-13 16:20:38.573  1631  1796 D RILJ    : [0919]< SIM_IO IccIoResult sw1:0x90 sw2:0x0 Payload: ******* [PHONE1]
05-13 16:20:38.574  1631  1631 D RILJ    : [0920]> iccIO: SIM_IO [PHONE1]
05-13 16:20:38.750  1631  1796 D RILJ    : [0920]< SIM_IO IccIoResult sw1:0x90 sw2:0x0 Payload: ******* [PHONE1]
05-13 16:20:38.751  1631  1631 D RILJ    : [0921]> iccIO: SIM_IO [PHONE1]
05-13 16:20:38.926  1631  1796 D RILJ    : [0921]< SIM_IO IccIoResult sw1:0x90 sw2:0x0 Payload: ******* [PHONE1]
05-13 16:20:38.928  1631  1631 D RILJ    : [0922]> iccIO: SIM_IO [PHONE1]
05-13 16:20:39.106  1631  1796 D RILJ    : [0922]< SIM_IO IccIoResult sw1:0x90 sw2:0x0 Payload: ******* [PHONE1]
05-13 16:20:39.109  1631  1631 D RILJ    : [0923]> iccIO: SIM_IO [PHONE1]
05-13 16:20:39.280  1631  1796 D RILJ    : [0923]< SIM_IO IccIoResult sw1:0x90 sw2:0x0 Payload: ******* [PHONE1]
05-13 16:20:39.281  1631  1631 D RILJ    : [0924]> iccIO: SIM_IO [PHONE1]
05-13 16:20:39.456  1631  1796 D RILJ    : [0924]< SIM_IO IccIoResult sw1:0x90 sw2:0x0 Payload: ******* [PHONE1]
05-13 16:20:39.458  1631  1631 D RILJ    : [0925]> iccIO: SIM_IO [PHONE1]
05-13 16:20:39.633  1631  1796 D RILJ    : [0925]< SIM_IO IccIoResult sw1:0x90 sw2:0x0 Payload: ******* [PHONE1]
05-13 16:20:39.635  1631  1631 D RILJ    : [0926]> iccIO: SIM_IO [PHONE1]
05-13 16:20:39.810  1631  1796 D RILJ    : [0926]< SIM_IO IccIoResult sw1:0x90 sw2:0x0 Payload: ******* [PHONE1]
05-13 16:20:39.812  1631  1631 D RILJ    : [0927]> iccIO: SIM_IO [PHONE1]
05-13 16:20:39.988  1631  1796 D RILJ    : [0927]< SIM_IO IccIoResult sw1:0x90 sw2:0x0 Payload: ******* [PHONE1]
05-13 16:20:40.021  1631  1631 D RILJ    : [0928]> iccIO: SIM_IO [PHONE1]
05-13 16:20:40.164  1631  1796 D RILJ    : [0928]< SIM_IO IccIoResult sw1:0x90 sw2:0x0 Payload: ******* [PHONE1]
05-13 16:20:40.166  1631  1631 D RILJ    : [0929]> iccIO: SIM_IO [PHONE1]
05-13 16:20:40.340  1631  1796 D RILJ    : [0929]< SIM_IO IccIoResult sw1:0x90 sw2:0x0 Payload: ******* [PHONE1]
05-13 16:20:40.342  1631  1631 D RILJ    : [0930]> iccIO: SIM_IO [PHONE1]
05-13 16:20:40.516  1631  1796 D RILJ    : [0930]< SIM_IO IccIoResult sw1:0x90 sw2:0x0 Payload: ******* [PHONE1]
05-13 16:20:40.518  1631  1631 D RILJ    : [0931]> iccIO: SIM_IO [PHONE1]
05-13 16:20:40.692  1631  1796 D RILJ    : [0931]< SIM_IO IccIoResult sw1:0x90 sw2:0x0 Payload: ******* [PHONE1]
05-13 16:20:40.694  1631  1631 D RILJ    : [0932]> iccIO: SIM_IO [PHONE1]
05-13 16:20:40.870  1631  1796 D RILJ    : [0932]< SIM_IO IccIoResult sw1:0x90 sw2:0x0 Payload: ******* [PHONE1]
05-13 16:20:40.872  1631  1631 D RILJ    : [0933]> iccIO: SIM_IO [PHONE1]
05-13 16:20:41.046  1631  1796 D RILJ    : [0933]< SIM_IO IccIoResult sw1:0x90 sw2:0x0 Payload: ******* [PHONE1]
05-13 16:20:41.120  1631  1631 D RILJ    : [0934]> iccIO: SIM_IO [PHONE1]
05-13 16:20:41.222  1631  1796 D RILJ    : [0934]< SIM_IO IccIoResult sw1:0x90 sw2:0x0 Payload: ******* [PHONE1]
05-13 16:20:41.223  1631  1631 D RILJ    : [0935]> iccIO: SIM_IO [PHONE1]
05-13 16:20:41.400  1631  1796 D RILJ    : [0935]< SIM_IO IccIoResult sw1:0x90 sw2:0x0 Payload: ******* [PHONE1]
05-13 16:20:41.403  1631  1631 D RILJ    : [0936]> iccIO: SIM_IO [PHONE1]
05-13 16:20:41.576  1631  1796 D RILJ    : [0936]< SIM_IO IccIoResult sw1:0x90 sw2:0x0 Payload: ******* [PHONE1]
05-13 16:20:41.578  1631  1631 D RILJ    : [0937]> iccIO: SIM_IO [PHONE1]
05-13 16:20:41.754  1631  1796 D RILJ    : [0937]< SIM_IO IccIoResult sw1:0x90 sw2:0x0 Payload: ******* [PHONE1]
05-13 16:20:41.756  1631  1631 D RILJ    : [0938]> iccIO: SIM_IO [PHONE1]
05-13 16:20:41.929  1631  1796 D RILJ    : [0938]< SIM_IO IccIoResult sw1:0x90 sw2:0x0 Payload: ******* [PHONE1]
05-13 16:20:41.931  1631  1631 D RILJ    : [0939]> iccIO: SIM_IO [PHONE1]
05-13 16:20:42.106  1631  1796 D RILJ    : [0939]< SIM_IO IccIoResult sw1:0x90 sw2:0x0 Payload: ******* [PHONE1]
05-13 16:20:42.108  1631  1631 D RILJ    : [0940]> iccIO: SIM_IO [PHONE1]
05-13 16:20:42.283  1631  1796 D RILJ    : [0940]< SIM_IO IccIoResult sw1:0x90 sw2:0x0 Payload: ******* [PHONE1]
05-13 16:20:42.286  1631  1631 D RILJ    : [0941]> iccIO: SIM_IO [PHONE1]
05-13 16:20:42.458  1631  1796 D RILJ    : [0941]< SIM_IO IccIoResult sw1:0x90 sw2:0x0 Payload: ******* [PHONE1]
05-13 16:20:42.463  1631  1631 D RILJ    : [0942]> iccIO: SIM_IO [PHONE1]
05-13 16:20:42.636  1631  1796 D RILJ    : [0942]< SIM_IO IccIoResult sw1:0x90 sw2:0x0 Payload: ******* [PHONE1]
05-13 16:20:42.638  1631  1631 D RILJ    : [0943]> iccIO: SIM_IO [PHONE1]
05-13 16:20:42.812  1631  1796 D RILJ    : [0943]< SIM_IO IccIoResult sw1:0x90 sw2:0x0 Payload: ******* [PHONE1]
05-13 16:20:42.813  1631  1631 D RILJ    : [0944]> iccIO: SIM_IO [PHONE1]
05-13 16:20:42.990  1631  1796 D RILJ    : [0944]< SIM_IO IccIoResult sw1:0x90 sw2:0x0 Payload: ******* [PHONE1]
05-13 16:20:43.001  1631  1631 D RILJ    : [0945]> iccIO: SIM_IO [PHONE1]
05-13 16:20:43.166  1631  1796 D RILJ    : [0945]< SIM_IO IccIoResult sw1:0x90 sw2:0x0 Payload: ******* [PHONE1]
05-13 16:20:43.168  1631  1631 D RILJ    : [0946]> iccIO: SIM_IO [PHONE1]
05-13 16:20:43.342  1631  1796 D RILJ    : [0946]< SIM_IO IccIoResult sw1:0x90 sw2:0x0 Payload: ******* [PHONE1]
05-13 16:20:43.344  1631  1631 D RILJ    : [0947]> iccIO: SIM_IO [PHONE1]
05-13 16:20:43.520  1631  1796 D RILJ    : [0947]< SIM_IO IccIoResult sw1:0x90 sw2:0x0 Payload: ******* [PHONE1]
05-13 16:20:43.524  1631  1631 D RILJ    : [0948]> iccIO: SIM_IO [PHONE1]
05-13 16:20:43.697  1631  1796 D RILJ    : [0948]< SIM_IO IccIoResult sw1:0x90 sw2:0x0 Payload: ******* [PHONE1]
05-13 16:20:43.699  1631  1631 D RILJ    : [0949]> iccIO: SIM_IO [PHONE1]
05-13 16:20:43.872  1631  1796 D RILJ    : [0949]< SIM_IO IccIoResult sw1:0x90 sw2:0x0 Payload: ******* [PHONE1]
05-13 16:20:43.874  1631  1631 D RILJ    : [0950]> iccIO: SIM_IO [PHONE1]
05-13 16:20:44.050  1631  1796 D RILJ    : [0950]< SIM_IO IccIoResult sw1:0x90 sw2:0x0 Payload: ******* [PHONE1]
05-13 16:20:44.052  1631  1631 D RILJ    : [0951]> iccIO: SIM_IO [PHONE1]
05-13 16:20:44.225  1631  1796 D RILJ    : [0951]< SIM_IO IccIoResult sw1:0x90 sw2:0x0 Payload: ******* [PHONE1]
05-13 16:20:44.227  1631  1631 D RILJ    : [0952]> iccIO: SIM_IO [PHONE1]
05-13 16:20:44.401  1631  1796 D RILJ    : [0952]< SIM_IO IccIoResult sw1:0x90 sw2:0x0 Payload: ******* [PHONE1]
05-13 16:20:44.403  1631  1631 D UsimPhoneBookManager: Loading USIM ADN records done
05-13 16:20:44.403  1631  1999 D UsimPhoneBookManager: EF_IAP exists. Loading EF_IAP to retrieve the index.
05-13 16:20:44.404  1631  1999 D RILJ    : [0953]> iccIO: SIM_IO [PHONE1]
05-13 16:20:44.531  1631  1631 D DSMGR-0 : Set user data enabled to true, changed=true, callingPackage=com.android.phone
05-13 16:20:44.531  1631  1631 D DSMGR-0 : UserDataEnabled changed to true
05-13 16:20:44.536  1631  1796 D RILJ    : [0953]< SIM_IO IccIoResult sw1:0x90 sw2:0x0 Payload: ******* [PHONE1]
05-13 16:20:44.540  1631  1631 D DSMGR-0 : mIsDataEnabled=true, prevDataEnabled=false
05-13 16:20:44.540  1631  1631 D DSMGR-0 : notifyDataEnabledChanged: enabled=true, reason=USER, callingPackage=com.android.phone
05-13 16:20:44.551  1631  1631 E CarrierActionAgent: [0]Unsupported action: 5
05-13 16:20:44.551  1631  1631 D CarrierActionAgent: [0]EVENT_MOBILE_DATA_SETTINGS_CHANGED
05-13 16:20:44.554  1631  1631 E CarrierActionAgent: [0]Unsupported action: 5
05-13 16:20:44.554  1631  1631 D CarrierActionAgent: [0]EVENT_MOBILE_DATA_SETTINGS_CHANGED
05-13 16:20:44.558  1631  1631 D RILJ    : [0954]> iccIO: SIM_IO [PHONE1]
05-13 16:20:44.563  1631  1631 D ImsPhoneCallTracker: [0] onDataEnabledChanged: enabled=true, reason=2
05-13 16:20:44.563  1631  1631 D ImsPhoneCallTracker: [0] Ignore data enabled - carrier policy indicates that data is not metered for ViLTE calls.
05-13 16:20:44.563  1631  1631 D DNC-0   : onDataEnabledChanged: enabled=true
05-13 16:20:44.564  1631  1631 D DSRM-0  : onMobileDataEnabledChanged: DataEnabled:true,DataStalled:false
05-13 16:20:44.572  1631  1631 D DNC-0   : Re-evaluating 0 unsatisfied network requests in 0 groups,  due to DATA_ENABLED_CHANGED
05-13 16:20:44.704  1631  1796 D RILJ    : [0954]< SIM_IO IccIoResult sw1:0x90 sw2:0x0 Payload: ******* [PHONE1]
05-13 16:20:44.705  1631  1631 D RILJ    : [0955]> iccIO: SIM_IO [PHONE1]
05-13 16:20:44.874  1631  1796 D RILJ    : [0955]< SIM_IO IccIoResult sw1:0x90 sw2:0x0 Payload: ******* [PHONE1]
05-13 16:20:44.876  1631  1631 D RILJ    : [0956]> iccIO: SIM_IO [PHONE1]
05-13 16:20:45.043  1631  1796 D RILJ    : [0956]< SIM_IO IccIoResult sw1:0x90 sw2:0x0 Payload: ******* [PHONE1]
05-13 16:20:45.044  1631  1631 D RILJ    : [0957]> iccIO: SIM_IO [PHONE1]
05-13 16:20:45.213  1631  1796 D RILJ    : [0957]< SIM_IO IccIoResult sw1:0x90 sw2:0x0 Payload: ******* [PHONE1]
05-13 16:20:45.215  1631  1631 D RILJ    : [0958]> iccIO: SIM_IO [PHONE1]
05-13 16:20:45.380  1631  1796 D RILJ    : [0958]< SIM_IO IccIoResult sw1:0x90 sw2:0x0 Payload: ******* [PHONE1]
05-13 16:20:45.382  1631  1631 D RILJ    : [0959]> iccIO: SIM_IO [PHONE1]
05-13 16:20:45.550  1631  1796 D RILJ    : [0959]< SIM_IO IccIoResult sw1:0x90 sw2:0x0 Payload: ******* [PHONE1]
05-13 16:20:45.552  1631  1631 D RILJ    : [0960]> iccIO: SIM_IO [PHONE1]
05-13 16:20:45.598  1105  1129 D RtcRilClientController: client 1001 handle requestComplete
05-13 16:20:45.717  1631  1796 D RILJ    : [0960]< SIM_IO IccIoResult sw1:0x90 sw2:0x0 Payload: ******* [PHONE1]
05-13 16:20:45.718  1631  1631 D RILJ    : [0961]> iccIO: SIM_IO [PHONE1]
05-13 16:20:45.886  1631  1796 D RILJ    : [0961]< SIM_IO IccIoResult sw1:0x90 sw2:0x0 Payload: ******* [PHONE1]
05-13 16:20:45.928  1631  1631 D RILJ    : [0962]> iccIO: SIM_IO [PHONE1]
05-13 16:20:46.059  1631  1796 D RILJ    : [0962]< SIM_IO IccIoResult sw1:0x90 sw2:0x0 Payload: ******* [PHONE1]
05-13 16:20:46.060  1631  1631 D RILJ    : [0963]> iccIO: SIM_IO [PHONE1]
05-13 16:20:46.227  1631  1796 D RILJ    : [0963]< SIM_IO IccIoResult sw1:0x90 sw2:0x0 Payload: ******* [PHONE1]
05-13 16:20:46.236  1631  1631 D RILJ    : [0964]> iccIO: SIM_IO [PHONE1]
05-13 16:20:46.396  1631  1796 D RILJ    : [0964]< SIM_IO IccIoResult sw1:0x90 sw2:0x0 Payload: ******* [PHONE1]
05-13 16:20:46.398  1631  1631 D RILJ    : [0965]> iccIO: SIM_IO [PHONE1]
05-13 16:20:46.565  1631  1796 D RILJ    : [0965]< SIM_IO IccIoResult sw1:0x90 sw2:0x0 Payload: ******* [PHONE1]
05-13 16:20:46.567  1631  1631 D RILJ    : [0966]> iccIO: SIM_IO [PHONE1]
05-13 16:20:46.734  1631  1796 D RILJ    : [0966]< SIM_IO IccIoResult sw1:0x90 sw2:0x0 Payload: ******* [PHONE1]
05-13 16:20:46.736  1631  1631 D RILJ    : [0967]> iccIO: SIM_IO [PHONE1]
05-13 16:20:46.903  1631  1796 D RILJ    : [0967]< SIM_IO IccIoResult sw1:0x90 sw2:0x0 Payload: ******* [PHONE1]
05-13 16:20:46.905  1631  1631 D RILJ    : [0968]> iccIO: SIM_IO [PHONE1]
05-13 16:20:47.072  1631  1796 D RILJ    : [0968]< SIM_IO IccIoResult sw1:0x90 sw2:0x0 Payload: ******* [PHONE1]
05-13 16:20:47.074  1631  1631 D RILJ    : [0969]> iccIO: SIM_IO [PHONE1]
05-13 16:20:47.241  1631  1796 D RILJ    : [0969]< SIM_IO IccIoResult sw1:0x90 sw2:0x0 Payload: ******* [PHONE1]
05-13 16:20:47.243  1631  1631 D RILJ    : [0970]> iccIO: SIM_IO [PHONE1]
05-13 16:20:47.410  1631  1796 D RILJ    : [0970]< SIM_IO IccIoResult sw1:0x90 sw2:0x0 Payload: ******* [PHONE1]
05-13 16:20:47.485  1631  1631 D RILJ    : [0971]> iccIO: SIM_IO [PHONE1]
05-13 16:20:47.579  1631  1796 D RILJ    : [0971]< SIM_IO IccIoResult sw1:0x90 sw2:0x0 Payload: ******* [PHONE1]
05-13 16:20:47.580  1631  1631 D RILJ    : [0972]> iccIO: SIM_IO [PHONE1]
05-13 16:20:47.749  1631  1796 D RILJ    : [0972]< SIM_IO IccIoResult sw1:0x90 sw2:0x0 Payload: ******* [PHONE1]
05-13 16:20:47.751  1631  1631 D RILJ    : [0973]> iccIO: SIM_IO [PHONE1]
05-13 16:20:47.917  1631  1796 D RILJ    : [0973]< SIM_IO IccIoResult sw1:0x90 sw2:0x0 Payload: ******* [PHONE1]
05-13 16:20:47.919  1631  1631 D RILJ    : [0974]> iccIO: SIM_IO [PHONE1]
05-13 16:20:48.086  1631  1796 D RILJ    : [0974]< SIM_IO IccIoResult sw1:0x90 sw2:0x0 Payload: ******* [PHONE1]
05-13 16:20:48.088  1631  1631 D RILJ    : [0975]> iccIO: SIM_IO [PHONE1]
05-13 16:20:48.255  1631  1796 D RILJ    : [0975]< SIM_IO IccIoResult sw1:0x90 sw2:0x0 Payload: ******* [PHONE1]
05-13 16:20:48.257  1631  1631 D RILJ    : [0976]> iccIO: SIM_IO [PHONE1]
05-13 16:20:48.424  1631  1796 D RILJ    : [0976]< SIM_IO IccIoResult sw1:0x90 sw2:0x0 Payload: ******* [PHONE1]
05-13 16:20:48.426  1631  1631 D RILJ    : [0977]> iccIO: SIM_IO [PHONE1]
05-13 16:20:48.594  1631  1796 D RILJ    : [0977]< SIM_IO IccIoResult sw1:0x90 sw2:0x0 Payload: ******* [PHONE1]
05-13 16:20:48.596  1631  1631 D RILJ    : [0978]> iccIO: SIM_IO [PHONE1]
05-13 16:20:48.763  1631  1796 D RILJ    : [0978]< SIM_IO IccIoResult sw1:0x90 sw2:0x0 Payload: ******* [PHONE1]
05-13 16:20:48.764  1631  1631 D RILJ    : [0979]> iccIO: SIM_IO [PHONE1]
05-13 16:20:48.931  1631  1796 D RILJ    : [0979]< SIM_IO IccIoResult sw1:0x90 sw2:0x0 Payload: ******* [PHONE1]
05-13 16:20:48.933  1631  1631 D RILJ    : [0980]> iccIO: SIM_IO [PHONE1]
05-13 16:20:49.101  1631  1796 D RILJ    : [0980]< SIM_IO IccIoResult sw1:0x90 sw2:0x0 Payload: ******* [PHONE1]
05-13 16:20:49.102  1631  1631 D RILJ    : [0981]> iccIO: SIM_IO [PHONE1]
05-13 16:20:49.269  1631  1796 D RILJ    : [0981]< SIM_IO IccIoResult sw1:0x90 sw2:0x0 Payload: ******* [PHONE1]
05-13 16:20:49.271  1631  1631 D RILJ    : [0982]> iccIO: SIM_IO [PHONE1]
05-13 16:20:49.439  1631  1796 D RILJ    : [0982]< SIM_IO IccIoResult sw1:0x90 sw2:0x0 Payload: ******* [PHONE1]
05-13 16:20:49.440  1631  1631 D RILJ    : [0983]> iccIO: SIM_IO [PHONE1]
05-13 16:20:49.608  1631  1796 D RILJ    : [0983]< SIM_IO IccIoResult sw1:0x90 sw2:0x0 Payload: ******* [PHONE1]
05-13 16:20:49.609  1631  1631 D RILJ    : [0984]> iccIO: SIM_IO [PHONE1]
05-13 16:20:49.777  1631  1796 D RILJ    : [0984]< SIM_IO IccIoResult sw1:0x90 sw2:0x0 Payload: ******* [PHONE1]
05-13 16:20:49.778  1631  1631 D RILJ    : [0985]> iccIO: SIM_IO [PHONE1]
05-13 16:20:49.947  1631  1796 D RILJ    : [0985]< SIM_IO IccIoResult sw1:0x90 sw2:0x0 Payload: ******* [PHONE1]
05-13 16:20:49.949  1631  1631 D RILJ    : [0986]> iccIO: SIM_IO [PHONE1]
05-13 16:20:50.116  1631  1796 D RILJ    : [0986]< SIM_IO IccIoResult sw1:0x90 sw2:0x0 Payload: ******* [PHONE1]
05-13 16:20:50.118  1631  1631 D RILJ    : [0987]> iccIO: SIM_IO [PHONE1]
05-13 16:20:50.286  1631  1796 D RILJ    : [0987]< SIM_IO IccIoResult sw1:0x90 sw2:0x0 Payload: ******* [PHONE1]
05-13 16:20:50.288  1631  1631 D RILJ    : [0988]> iccIO: SIM_IO [PHONE1]
05-13 16:20:50.454  1631  1796 D RILJ    : [0988]< SIM_IO IccIoResult sw1:0x90 sw2:0x0 Payload: ******* [PHONE1]
05-13 16:20:50.456  1631  1631 D RILJ    : [0989]> iccIO: SIM_IO [PHONE1]
05-13 16:20:50.623  1631  1796 D RILJ    : [0989]< SIM_IO IccIoResult sw1:0x90 sw2:0x0 Payload: ******* [PHONE1]
05-13 16:20:50.624  1631  1631 D RILJ    : [0990]> iccIO: SIM_IO [PHONE1]
05-13 16:20:50.793  1631  1796 D RILJ    : [0990]< SIM_IO IccIoResult sw1:0x90 sw2:0x0 Payload: ******* [PHONE1]
05-13 16:20:50.795  1631  1631 D RILJ    : [0991]> iccIO: SIM_IO [PHONE1]
05-13 16:20:50.962  1631  1796 D RILJ    : [0991]< SIM_IO IccIoResult sw1:0x90 sw2:0x0 Payload: ******* [PHONE1]
05-13 16:20:50.963  1631  1631 D RILJ    : [0992]> iccIO: SIM_IO [PHONE1]
05-13 16:20:51.130  1631  1796 D RILJ    : [0992]< SIM_IO IccIoResult sw1:0x90 sw2:0x0 Payload: ******* [PHONE1]
05-13 16:20:51.131  1631  1631 D RILJ    : [0993]> iccIO: SIM_IO [PHONE1]
05-13 16:20:51.299  1631  1796 D RILJ    : [0993]< SIM_IO IccIoResult sw1:0x90 sw2:0x0 Payload: ******* [PHONE1]
05-13 16:20:51.300  1631  1631 D RILJ    : [0994]> iccIO: SIM_IO [PHONE1]
05-13 16:20:51.468  1631  1796 D RILJ    : [0994]< SIM_IO IccIoResult sw1:0x90 sw2:0x0 Payload: ******* [PHONE1]
05-13 16:20:51.470  1631  1631 D RILJ    : [0995]> iccIO: SIM_IO [PHONE1]
05-13 16:20:51.638  1631  1796 D RILJ    : [0995]< SIM_IO IccIoResult sw1:0x90 sw2:0x0 Payload: ******* [PHONE1]
05-13 16:20:51.639  1631  1631 D RILJ    : [0996]> iccIO: SIM_IO [PHONE1]
05-13 16:20:51.807  1631  1796 D RILJ    : [0996]< SIM_IO IccIoResult sw1:0x90 sw2:0x0 Payload: ******* [PHONE1]
05-13 16:20:51.809  1631  1631 D RILJ    : [0997]> iccIO: SIM_IO [PHONE1]
05-13 16:20:51.845  1631  1796 D RILJ    : Unsol response received; Sending ack to ril.cpp [PHONE0]
05-13 16:20:51.845  1631  1796 D RILJ    : [UNSL]< UNSOL_NITZ_TIME_RECEIVED 25/05/13,10:50:52+22,0 [PHONE0]
05-13 16:20:51.851  1631  1631 D SST     : NITZ: 25/05/13,10:50:52+22,0,117919, ageMs=0 start=117933 delay=14
05-13 16:20:51.857  1631  1631 D NitzStateMachineImpl: mustProcessNitzSignal: NITZ signal filtered previousSignal=NitzSignal{mReceiptElapsedMillis=PT24.694S, mNitzData=NitzData{mOriginalString=25/05/13,10:49:19+22,0, mZoneOffset=19800000, mDstOffset=0, mCurrentTimeMillis=1747133359000, mEmulatorHostTimeZone=null}, mAgeMillis=0}, newSignal=NitzSignal{mReceiptElapsedMillis=PT1M57.919S, mNitzData=NitzData{mOriginalString=25/05/13,10:50:52+22,0, mZoneOffset=19800000, mDstOffset=0, mCurrentTimeMillis=1747133452000, mEmulatorHostTimeZone=null}, mAgeMillis=0}, nitzUpdateSpacing=600000, nitzUpdateDiff=2000
05-13 16:20:51.857  1631  1631 D NitzStateMachineImpl: handleNitzReceived: previousNitzSignal=NitzSignal{mReceiptElapsedMillis=PT24.694S, mNitzData=NitzData{mOriginalString=25/05/13,10:49:19+22,0, mZoneOffset=19800000, mDstOffset=0, mCurrentTimeMillis=1747133359000, mEmulatorHostTimeZone=null}, mAgeMillis=0}, nitzSignal=NitzSignal{mReceiptElapsedMillis=PT1M57.919S, mNitzData=NitzData{mOriginalString=25/05/13,10:50:52+22,0, mZoneOffset=19800000, mDstOffset=0, mCurrentTimeMillis=1747133452000, mEmulatorHostTimeZone=null}, mAgeMillis=0}: NITZ filtered
05-13 16:20:51.857  1631  1631 D SST     : NITZ: end=117940 dur=7
05-13 16:20:51.977  1631  1796 D RILJ    : [0997]< SIM_IO IccIoResult sw1:0x90 sw2:0x0 Payload: ******* [PHONE1]
05-13 16:20:51.978  1631  1631 D RILJ    : [0999]> iccIO: SIM_IO [PHONE1]
05-13 16:20:52.146  1631  1796 D RILJ    : [0999]< SIM_IO IccIoResult sw1:0x90 sw2:0x0 Payload: ******* [PHONE1]
05-13 16:20:52.147  1631  1631 D RILJ    : [1000]> iccIO: SIM_IO [PHONE1]
05-13 16:20:52.315  1631  1796 D RILJ    : [1000]< SIM_IO IccIoResult sw1:0x90 sw2:0x0 Payload: ******* [PHONE1]
05-13 16:20:52.316  1631  1631 D RILJ    : [1001]> iccIO: SIM_IO [PHONE1]
05-13 16:20:52.484  1631  1796 D RILJ    : [1001]< SIM_IO IccIoResult sw1:0x90 sw2:0x0 Payload: ******* [PHONE1]
05-13 16:20:52.486  1631  1631 D RILJ    : [1002]> iccIO: SIM_IO [PHONE1]
05-13 16:20:52.654  1631  1796 D RILJ    : [1002]< SIM_IO IccIoResult sw1:0x90 sw2:0x0 Payload: ******* [PHONE1]
05-13 16:20:52.655  1631  1631 D RILJ    : [1003]> iccIO: SIM_IO [PHONE1]
05-13 16:20:52.823  1631  1796 D RILJ    : [1003]< SIM_IO IccIoResult sw1:0x90 sw2:0x0 Payload: ******* [PHONE1]
05-13 16:20:52.824  1631  1631 D RILJ    : [1004]> iccIO: SIM_IO [PHONE1]
05-13 16:20:52.993  1631  1796 D RILJ    : [1004]< SIM_IO IccIoResult sw1:0x90 sw2:0x0 Payload: ******* [PHONE1]
05-13 16:20:52.994  1631  1631 D RILJ    : [1005]> iccIO: SIM_IO [PHONE1]
05-13 16:20:53.162  1631  1796 D RILJ    : [1005]< SIM_IO IccIoResult sw1:0x90 sw2:0x0 Payload: ******* [PHONE1]
05-13 16:20:53.163  1631  1631 D RILJ    : [1006]> iccIO: SIM_IO [PHONE1]
05-13 16:20:53.331  1631  1796 D RILJ    : [1006]< SIM_IO IccIoResult sw1:0x90 sw2:0x0 Payload: ******* [PHONE1]
05-13 16:20:53.332  1631  1631 D RILJ    : [1007]> iccIO: SIM_IO [PHONE1]
05-13 16:20:53.501  1631  1796 D RILJ    : [1007]< SIM_IO IccIoResult sw1:0x90 sw2:0x0 Payload: ******* [PHONE1]
05-13 16:20:53.502  1631  1631 D RILJ    : [1008]> iccIO: SIM_IO [PHONE1]
05-13 16:20:53.670  1631  1796 D RILJ    : [1008]< SIM_IO IccIoResult sw1:0x90 sw2:0x0 Payload: ******* [PHONE1]
05-13 16:20:53.672  1631  1631 D RILJ    : [1009]> iccIO: SIM_IO [PHONE1]
05-13 16:20:53.840  1631  1796 D RILJ    : [1009]< SIM_IO IccIoResult sw1:0x90 sw2:0x0 Payload: ******* [PHONE1]
05-13 16:20:53.841  1631  1631 D RILJ    : [1010]> iccIO: SIM_IO [PHONE1]
05-13 16:20:54.009  1631  1796 D RILJ    : [1010]< SIM_IO IccIoResult sw1:0x90 sw2:0x0 Payload: ******* [PHONE1]
05-13 16:20:54.011  1631  1631 D RILJ    : [1011]> iccIO: SIM_IO [PHONE1]
05-13 16:20:54.178  1631  1796 D RILJ    : [1011]< SIM_IO IccIoResult sw1:0x90 sw2:0x0 Payload: ******* [PHONE1]
05-13 16:20:54.180  1631  1631 D RILJ    : [1012]> iccIO: SIM_IO [PHONE1]
05-13 16:20:54.348  1631  1796 D RILJ    : [1012]< SIM_IO IccIoResult sw1:0x90 sw2:0x0 Payload: ******* [PHONE1]
05-13 16:20:54.349  1631  1631 D RILJ    : [1013]> iccIO: SIM_IO [PHONE1]
05-13 16:20:54.517  1631  1796 D RILJ    : [1013]< SIM_IO IccIoResult sw1:0x90 sw2:0x0 Payload: ******* [PHONE1]
05-13 16:20:54.518  1631  1631 D RILJ    : [1014]> iccIO: SIM_IO [PHONE1]
05-13 16:20:54.687  1631  1796 D RILJ    : [1014]< SIM_IO IccIoResult sw1:0x90 sw2:0x0 Payload: ******* [PHONE1]
05-13 16:20:54.689  1631  1631 D RILJ    : [1015]> iccIO: SIM_IO [PHONE1]
05-13 16:20:54.855  1631  1796 D RILJ    : [1015]< SIM_IO IccIoResult sw1:0x90 sw2:0x0 Payload: ******* [PHONE1]
05-13 16:20:54.856  1631  1631 D RILJ    : [1016]> iccIO: SIM_IO [PHONE1]
05-13 16:20:55.025  1631  1796 D RILJ    : [1016]< SIM_IO IccIoResult sw1:0x90 sw2:0x0 Payload: ******* [PHONE1]
05-13 16:20:55.026  1631  1631 D RILJ    : [1017]> iccIO: SIM_IO [PHONE1]
05-13 16:20:55.195  1631  1796 D RILJ    : [1017]< SIM_IO IccIoResult sw1:0x90 sw2:0x0 Payload: ******* [PHONE1]
05-13 16:20:55.196  1631  1631 D RILJ    : [1018]> iccIO: SIM_IO [PHONE1]
05-13 16:20:55.364  1631  1796 D RILJ    : [1018]< SIM_IO IccIoResult sw1:0x90 sw2:0x0 Payload: ******* [PHONE1]
05-13 16:20:55.365  1631  1631 D RILJ    : [1019]> iccIO: SIM_IO [PHONE1]
05-13 16:20:55.532  1631  1796 D RILJ    : [1019]< SIM_IO IccIoResult sw1:0x90 sw2:0x0 Payload: ******* [PHONE1]
05-13 16:20:55.534  1631  1631 D RILJ    : [1020]> iccIO: SIM_IO [PHONE1]
05-13 16:20:55.609  1105  1129 D RtcRilClientController: client 1001 handle requestComplete
05-13 16:20:55.702  1631  1796 D RILJ    : [1020]< SIM_IO IccIoResult sw1:0x90 sw2:0x0 Payload: ******* [PHONE1]
05-13 16:20:55.704  1631  1631 D RILJ    : [1021]> iccIO: SIM_IO [PHONE1]
05-13 16:20:55.871  1631  1796 D RILJ    : [1021]< SIM_IO IccIoResult sw1:0x90 sw2:0x0 Payload: ******* [PHONE1]
05-13 16:20:55.873  1631  1631 D RILJ    : [1022]> iccIO: SIM_IO [PHONE1]
05-13 16:20:56.040  1631  1796 D RILJ    : [1022]< SIM_IO IccIoResult sw1:0x90 sw2:0x0 Payload: ******* [PHONE1]
05-13 16:20:56.042  1631  1631 D RILJ    : [1023]> iccIO: SIM_IO [PHONE1]
05-13 16:20:56.210  1631  1796 D RILJ    : [1023]< SIM_IO IccIoResult sw1:0x90 sw2:0x0 Payload: ******* [PHONE1]
05-13 16:20:56.212  1631  1631 D RILJ    : [1024]> iccIO: SIM_IO [PHONE1]
05-13 16:20:56.379  1631  1796 D RILJ    : [1024]< SIM_IO IccIoResult sw1:0x90 sw2:0x0 Payload: ******* [PHONE1]
05-13 16:20:56.380  1631  1631 D RILJ    : [1025]> iccIO: SIM_IO [PHONE1]
05-13 16:20:56.549  1631  1796 D RILJ    : [1025]< SIM_IO IccIoResult sw1:0x90 sw2:0x0 Payload: ******* [PHONE1]
05-13 16:20:56.551  1631  1631 D RILJ    : [1026]> iccIO: SIM_IO [PHONE1]
05-13 16:20:56.718  1631  1796 D RILJ    : [1026]< SIM_IO IccIoResult sw1:0x90 sw2:0x0 Payload: ******* [PHONE1]
05-13 16:20:56.719  1631  1631 D RILJ    : [1027]> iccIO: SIM_IO [PHONE1]
05-13 16:20:56.887  1631  1796 D RILJ    : [1027]< SIM_IO IccIoResult sw1:0x90 sw2:0x0 Payload: ******* [PHONE1]
05-13 16:20:56.889  1631  1631 D RILJ    : [1028]> iccIO: SIM_IO [PHONE1]
05-13 16:20:57.057  1631  1796 D RILJ    : [1028]< SIM_IO IccIoResult sw1:0x90 sw2:0x0 Payload: ******* [PHONE1]
05-13 16:20:57.058  1631  1631 D RILJ    : [1029]> iccIO: SIM_IO [PHONE1]
05-13 16:20:57.226  1631  1796 D RILJ    : [1029]< SIM_IO IccIoResult sw1:0x90 sw2:0x0 Payload: ******* [PHONE1]
05-13 16:20:57.228  1631  1631 D RILJ    : [1030]> iccIO: SIM_IO [PHONE1]
05-13 16:20:57.395  1631  1796 D RILJ    : [1030]< SIM_IO IccIoResult sw1:0x90 sw2:0x0 Payload: ******* [PHONE1]
05-13 16:20:57.396  1631  1631 D RILJ    : [1031]> iccIO: SIM_IO [PHONE1]
05-13 16:20:57.564  1631  1796 D RILJ    : [1031]< SIM_IO IccIoResult sw1:0x90 sw2:0x0 Payload: ******* [PHONE1]
05-13 16:20:57.565  1631  1631 D RILJ    : [1032]> iccIO: SIM_IO [PHONE1]
05-13 16:20:57.734  1631  1796 D RILJ    : [1032]< SIM_IO IccIoResult sw1:0x90 sw2:0x0 Payload: ******* [PHONE1]
05-13 16:20:57.735  1631  1631 D RILJ    : [1033]> iccIO: SIM_IO [PHONE1]
05-13 16:20:57.903  1631  1796 D RILJ    : [1033]< SIM_IO IccIoResult sw1:0x90 sw2:0x0 Payload: ******* [PHONE1]
05-13 16:20:57.905  1631  1631 D RILJ    : [1034]> iccIO: SIM_IO [PHONE1]
05-13 16:20:58.073  1631  1796 D RILJ    : [1034]< SIM_IO IccIoResult sw1:0x90 sw2:0x0 Payload: ******* [PHONE1]
05-13 16:20:58.074  1631  1631 D RILJ    : [1035]> iccIO: SIM_IO [PHONE1]
05-13 16:20:58.242  1631  1796 D RILJ    : [1035]< SIM_IO IccIoResult sw1:0x90 sw2:0x0 Payload: ******* [PHONE1]
05-13 16:20:58.244  1631  1631 D RILJ    : [1036]> iccIO: SIM_IO [PHONE1]
05-13 16:20:58.411  1631  1796 D RILJ    : [1036]< SIM_IO IccIoResult sw1:0x90 sw2:0x0 Payload: ******* [PHONE1]
05-13 16:20:58.413  1631  1631 D RILJ    : [1037]> iccIO: SIM_IO [PHONE1]
05-13 16:20:58.580  1631  1796 D RILJ    : [1037]< SIM_IO IccIoResult sw1:0x90 sw2:0x0 Payload: ******* [PHONE1]
05-13 16:20:58.581  1631  1631 D RILJ    : [1038]> iccIO: SIM_IO [PHONE1]
05-13 16:20:58.749  1631  1796 D RILJ    : [1038]< SIM_IO IccIoResult sw1:0x90 sw2:0x0 Payload: ******* [PHONE1]
05-13 16:20:58.751  1631  1631 D RILJ    : [1039]> iccIO: SIM_IO [PHONE1]
05-13 16:20:58.918  1631  1796 D RILJ    : [1039]< SIM_IO IccIoResult sw1:0x90 sw2:0x0 Payload: ******* [PHONE1]
05-13 16:20:58.920  1631  1631 D RILJ    : [1040]> iccIO: SIM_IO [PHONE1]
05-13 16:20:59.088  1631  1796 D RILJ    : [1040]< SIM_IO IccIoResult sw1:0x90 sw2:0x0 Payload: ******* [PHONE1]
05-13 16:20:59.090  1631  1631 D RILJ    : [1041]> iccIO: SIM_IO [PHONE1]
05-13 16:20:59.257  1631  1796 D RILJ    : [1041]< SIM_IO IccIoResult sw1:0x90 sw2:0x0 Payload: ******* [PHONE1]
05-13 16:20:59.259  1631  1631 D RILJ    : [1042]> iccIO: SIM_IO [PHONE1]
05-13 16:20:59.427  1631  1796 D RILJ    : [1042]< SIM_IO IccIoResult sw1:0x90 sw2:0x0 Payload: ******* [PHONE1]
05-13 16:20:59.429  1631  1631 D RILJ    : [1043]> iccIO: SIM_IO [PHONE1]
05-13 16:20:59.596  1631  1796 D RILJ    : [1043]< SIM_IO IccIoResult sw1:0x90 sw2:0x0 Payload: ******* [PHONE1]
05-13 16:20:59.597  1631  1631 D RILJ    : [1044]> iccIO: SIM_IO [PHONE1]
05-13 16:20:59.765  1631  1796 D RILJ    : [1044]< SIM_IO IccIoResult sw1:0x90 sw2:0x0 Payload: ******* [PHONE1]
05-13 16:20:59.766  1631  1631 D RILJ    : [1045]> iccIO: SIM_IO [PHONE1]
05-13 16:20:59.934  1631  1796 D RILJ    : [1045]< SIM_IO IccIoResult sw1:0x90 sw2:0x0 Payload: ******* [PHONE1]
05-13 16:20:59.945  1631  1631 D RILJ    : [1046]> iccIO: SIM_IO [PHONE1]
05-13 16:21:00.103  1631  1796 D RILJ    : [1046]< SIM_IO IccIoResult sw1:0x90 sw2:0x0 Payload: ******* [PHONE1]
05-13 16:21:00.104  1631  1631 D RILJ    : [1047]> iccIO: SIM_IO [PHONE1]
05-13 16:21:00.273  1631  1796 D RILJ    : [1047]< SIM_IO IccIoResult sw1:0x90 sw2:0x0 Payload: ******* [PHONE1]
05-13 16:21:00.274  1631  1631 D RILJ    : [1048]> iccIO: SIM_IO [PHONE1]
05-13 16:21:00.443  1631  1796 D RILJ    : [1048]< SIM_IO IccIoResult sw1:0x90 sw2:0x0 Payload: ******* [PHONE1]
05-13 16:21:00.444  1631  1631 D RILJ    : [1049]> iccIO: SIM_IO [PHONE1]
05-13 16:21:00.613  1631  1796 D RILJ    : [1049]< SIM_IO IccIoResult sw1:0x90 sw2:0x0 Payload: ******* [PHONE1]
05-13 16:21:00.615  1631  1631 D RILJ    : [1050]> iccIO: SIM_IO [PHONE1]
05-13 16:21:00.781  1631  1796 D RILJ    : [1050]< SIM_IO IccIoResult sw1:0x90 sw2:0x0 Payload: ******* [PHONE1]
05-13 16:21:00.783  1631  1631 D RILJ    : [1051]> iccIO: SIM_IO [PHONE1]
05-13 16:21:00.951  1631  1796 D RILJ    : [1051]< SIM_IO IccIoResult sw1:0x90 sw2:0x0 Payload: ******* [PHONE1]
05-13 16:21:00.953  1631  1631 D RILJ    : [1052]> iccIO: SIM_IO [PHONE1]
05-13 16:21:01.120  1631  1796 D RILJ    : [1052]< SIM_IO IccIoResult sw1:0x90 sw2:0x0 Payload: ******* [PHONE1]
05-13 16:21:01.121  1631  1631 D RILJ    : [1053]> iccIO: SIM_IO [PHONE1]
05-13 16:21:01.289  1631  1796 D RILJ    : [1053]< SIM_IO IccIoResult sw1:0x90 sw2:0x0 Payload: ******* [PHONE1]
05-13 16:21:01.290  1631  1631 D RILJ    : [1054]> iccIO: SIM_IO [PHONE1]
05-13 16:21:01.458  1631  1796 D RILJ    : [1054]< SIM_IO IccIoResult sw1:0x90 sw2:0x0 Payload: ******* [PHONE1]
05-13 16:21:01.460  1631  1631 D RILJ    : [1055]> iccIO: SIM_IO [PHONE1]
05-13 16:21:01.629  1631  1796 D RILJ    : [1055]< SIM_IO IccIoResult sw1:0x90 sw2:0x0 Payload: ******* [PHONE1]
05-13 16:21:01.630  1631  1631 D RILJ    : [1056]> iccIO: SIM_IO [PHONE1]
05-13 16:21:01.797  1631  1796 D RILJ    : [1056]< SIM_IO IccIoResult sw1:0x90 sw2:0x0 Payload: ******* [PHONE1]
05-13 16:21:01.798  1631  1631 D RILJ    : [1057]> iccIO: SIM_IO [PHONE1]
05-13 16:21:01.969  1631  1796 D RILJ    : [1057]< SIM_IO IccIoResult sw1:0x90 sw2:0x0 Payload: ******* [PHONE1]
05-13 16:21:01.971  1631  1631 D RILJ    : [1058]> iccIO: SIM_IO [PHONE1]
05-13 16:21:02.082  1631  1796 D RILJ    : Unsol response received; Sending ack to ril.cpp [PHONE0]
05-13 16:21:02.082  1631  1796 D RILJ    : [UNSL]< UNSOL_NITZ_TIME_RECEIVED 25/05/13,10:51:03+22,0 [PHONE0]
05-13 16:21:02.083  1631  1631 D SST     : NITZ: 25/05/13,10:51:03+22,0,128161, ageMs=0 start=128165 delay=4
05-13 16:21:02.087  1631  1631 D NitzStateMachineImpl: mustProcessNitzSignal: NITZ signal filtered previousSignal=NitzSignal{mReceiptElapsedMillis=PT24.694S, mNitzData=NitzData{mOriginalString=25/05/13,10:49:19+22,0, mZoneOffset=19800000, mDstOffset=0, mCurrentTimeMillis=1747133359000, mEmulatorHostTimeZone=null}, mAgeMillis=0}, newSignal=NitzSignal{mReceiptElapsedMillis=PT2M8.161S, mNitzData=NitzData{mOriginalString=25/05/13,10:51:03+22,0, mZoneOffset=19800000, mDstOffset=0, mCurrentTimeMillis=1747133463000, mEmulatorHostTimeZone=null}, mAgeMillis=0}, nitzUpdateSpacing=600000, nitzUpdateDiff=2000
05-13 16:21:02.088  1631  1631 D NitzStateMachineImpl: handleNitzReceived: previousNitzSignal=NitzSignal{mReceiptElapsedMillis=PT24.694S, mNitzData=NitzData{mOriginalString=25/05/13,10:49:19+22,0, mZoneOffset=19800000, mDstOffset=0, mCurrentTimeMillis=1747133359000, mEmulatorHostTimeZone=null}, mAgeMillis=0}, nitzSignal=NitzSignal{mReceiptElapsedMillis=PT2M8.161S, mNitzData=NitzData{mOriginalString=25/05/13,10:51:03+22,0, mZoneOffset=19800000, mDstOffset=0, mCurrentTimeMillis=1747133463000, mEmulatorHostTimeZone=null}, mAgeMillis=0}: NITZ filtered
05-13 16:21:02.088  1631  1631 D SST     : NITZ: end=128171 dur=6
05-13 16:21:02.138  1631  1796 D RILJ    : [1058]< SIM_IO IccIoResult sw1:0x90 sw2:0x0 Payload: ******* [PHONE1]
05-13 16:21:02.140  1631  1631 D RILJ    : [1060]> iccIO: SIM_IO [PHONE1]
05-13 16:21:02.306  1631  1796 D RILJ    : [1060]< SIM_IO IccIoResult sw1:0x90 sw2:0x0 Payload: ******* [PHONE1]
05-13 16:21:02.308  1631  1631 D RILJ    : [1061]> iccIO: SIM_IO [PHONE1]
05-13 16:21:02.476  1631  1796 D RILJ    : [1061]< SIM_IO IccIoResult sw1:0x90 sw2:0x0 Payload: ******* [PHONE1]
05-13 16:21:02.477  1631  1631 D RILJ    : [1062]> iccIO: SIM_IO [PHONE1]
05-13 16:21:02.645  1631  1796 D RILJ    : [1062]< SIM_IO IccIoResult sw1:0x90 sw2:0x0 Payload: ******* [PHONE1]
05-13 16:21:02.646  1631  1631 D RILJ    : [1063]> iccIO: SIM_IO [PHONE1]
05-13 16:21:02.818  1631  1796 D RILJ    : [1063]< SIM_IO IccIoResult sw1:0x90 sw2:0x0 Payload: ******* [PHONE1]
05-13 16:21:02.820  1631  1631 D RILJ    : [1064]> iccIO: SIM_IO [PHONE1]
05-13 16:21:02.985  1631  1796 D RILJ    : [1064]< SIM_IO IccIoResult sw1:0x90 sw2:0x0 Payload: ******* [PHONE1]
05-13 16:21:02.986  1631  1631 D RILJ    : [1065]> iccIO: SIM_IO [PHONE1]
05-13 16:21:03.154  1631  1796 D RILJ    : [1065]< SIM_IO IccIoResult sw1:0x90 sw2:0x0 Payload: ******* [PHONE1]
05-13 16:21:03.167  1631  1631 D RILJ    : [1066]> iccIO: SIM_IO [PHONE1]
05-13 16:21:03.323  1631  1796 D RILJ    : [1066]< SIM_IO IccIoResult sw1:0x90 sw2:0x0 Payload: ******* [PHONE1]
05-13 16:21:03.325  1631  1631 D RILJ    : [1067]> iccIO: SIM_IO [PHONE1]
05-13 16:21:03.493  1631  1796 D RILJ    : [1067]< SIM_IO IccIoResult sw1:0x90 sw2:0x0 Payload: ******* [PHONE1]
05-13 16:21:03.495  1631  1631 D RILJ    : [1068]> iccIO: SIM_IO [PHONE1]
05-13 16:21:03.662  1631  1796 D RILJ    : [1068]< SIM_IO IccIoResult sw1:0x90 sw2:0x0 Payload: ******* [PHONE1]
05-13 16:21:03.665  1631  1631 D RILJ    : [1069]> iccIO: SIM_IO [PHONE1]
05-13 16:21:03.831  1631  1796 D RILJ    : [1069]< SIM_IO IccIoResult sw1:0x90 sw2:0x0 Payload: ******* [PHONE1]
05-13 16:21:03.849  1631  1631 D RILJ    : [1070]> iccIO: SIM_IO [PHONE1]
