05-11 21:41:50.931  1244  2666 W Fingerprint21: 	at android.hardware.biometrics.fingerprint.V2_1.IBiometricsFingerprint.getService(IBiometricsFingerprint.java:84)
05-11 21:41:50.931  1244  2666 W Fingerprint21: 	at com.android.server.biometrics.sensors.fingerprint.hidl.Fingerprint21.getDaemon(Fingerprint21.java:422)
05-11 21:41:50.931  1244  2666 W Fingerprint21: 	at com.android.server.biometrics.sensors.fingerprint.hidl.Fingerprint21.isHardwareDetected(Fingerprint21.java:775)
05-11 21:41:50.931  1244  2666 W Fingerprint21: 	at com.android.server.biometrics.sensors.fingerprint.FingerprintService$FingerprintServiceWrapper.isHardwareDetectedDeprecated(FingerprintService.java:683)
05-11 21:41:50.931  1244  2666 W Fingerprint21: 	at android.hardware.fingerprint.IFingerprintService$Stub.onTransact(IFingerprintService.java:689)
05-11 21:41:50.931  1244  2666 W Fingerprint21: 	at android.os.Binder.execTransactInternal(Binder.java:1285)
05-11 21:41:50.931  1244  2666 W Fingerprint21: 	at android.os.Binder.execTransact(Binder.java:1244)
05-11 21:41:50.931  1244  2666 W Fingerprint21: Fingerprint HAL not available
05-11 21:41:50.934  1244  2666 D Fingerprint21: Daemon was null, reconnecting, current operation: null
05-11 21:41:50.936  1244  2666 W Fingerprint21: NoSuchElementException
05-11 21:41:50.936  1244  2666 W Fingerprint21: java.util.NoSuchElementException
05-11 21:41:50.936  1244  2666 W Fingerprint21: 	at android.os.HwBinder.getService(Native Method)
05-11 21:41:50.936  1244  2666 W Fingerprint21: 	at android.os.HwBinder.getService(HwBinder.java:81)
05-11 21:41:50.936  1244  2666 W Fingerprint21: 	at android.hardware.biometrics.fingerprint.V2_1.IBiometricsFingerprint.getService(IBiometricsFingerprint.java:74)
05-11 21:41:50.936  1244  2666 W Fingerprint21: 	at android.hardware.biometrics.fingerprint.V2_1.IBiometricsFingerprint.getService(IBiometricsFingerprint.java:84)
05-11 21:41:50.936  1244  2666 W Fingerprint21: 	at com.android.server.biometrics.sensors.fingerprint.hidl.Fingerprint21.getDaemon(Fingerprint21.java:422)
05-11 21:41:50.936  1244  2666 W Fingerprint21: 	at com.android.server.biometrics.sensors.fingerprint.hidl.Fingerprint21.isHardwareDetected(Fingerprint21.java:775)
05-11 21:41:50.936  1244  2666 W Fingerprint21: 	at com.android.server.biometrics.sensors.fingerprint.FingerprintService$FingerprintServiceWrapper.isHardwareDetectedDeprecated(FingerprintService.java:683)
05-11 21:41:50.936  1244  2666 W Fingerprint21: 	at android.hardware.fingerprint.IFingerprintService$Stub.onTransact(IFingerprintService.java:689)
05-11 21:41:50.936  1244  2666 W Fingerprint21: 	at android.os.Binder.execTransactInternal(Binder.java:1285)
05-11 21:41:50.936  1244  2666 W Fingerprint21: 	at android.os.Binder.execTransact(Binder.java:1244)
05-11 21:41:50.936  1244  2666 W Fingerprint21: Fingerprint HAL not available
05-11 21:41:50.953  1244  2732 D Fingerprint21: Daemon was null, reconnecting, current operation: null
05-11 21:41:50.955  1244  2732 W Fingerprint21: NoSuchElementException
05-11 21:41:50.955  1244  2732 W Fingerprint21: java.util.NoSuchElementException
05-11 21:41:50.955  1244  2732 W Fingerprint21: 	at android.os.HwBinder.getService(Native Method)
05-11 21:41:50.955  1244  2732 W Fingerprint21: 	at android.os.HwBinder.getService(HwBinder.java:81)
05-11 21:41:50.955  1244  2732 W Fingerprint21: 	at android.hardware.biometrics.fingerprint.V2_1.IBiometricsFingerprint.getService(IBiometricsFingerprint.java:74)
05-11 21:41:50.955  1244  2732 W Fingerprint21: 	at android.hardware.biometrics.fingerprint.V2_1.IBiometricsFingerprint.getService(IBiometricsFingerprint.java:84)
05-11 21:41:50.955  1244  2732 W Fingerprint21: 	at com.android.server.biometrics.sensors.fingerprint.hidl.Fingerprint21.getDaemon(Fingerprint21.java:422)
05-11 21:41:50.955  1244  2732 W Fingerprint21: 	at com.android.server.biometrics.sensors.fingerprint.hidl.Fingerprint21.isHardwareDetected(Fingerprint21.java:775)
05-11 21:41:50.955  1244  2732 W Fingerprint21: 	at com.android.server.biometrics.sensors.fingerprint.FingerprintService$FingerprintServiceWrapper.isHardwareDetectedDeprecated(FingerprintService.java:683)
05-11 21:41:50.955  1244  2732 W Fingerprint21: 	at android.hardware.fingerprint.IFingerprintService$Stub.onTransact(IFingerprintService.java:689)
05-11 21:41:50.955  1244  2732 W Fingerprint21: 	at android.os.Binder.execTransactInternal(Binder.java:1285)
05-11 21:41:50.955  1244  2732 W Fingerprint21: 	at android.os.Binder.execTransact(Binder.java:1244)
05-11 21:41:50.955  1244  2732 W Fingerprint21: Fingerprint HAL not available
05-11 21:41:51.013  1244  2732 D SystemServerTiming: getUserSwitchability-0
05-11 21:41:51.013  1244  2732 D SystemServerTiming: TM.isInCall
05-11 21:41:51.013  1244  1260 D Fingerprint21: Daemon was null, reconnecting, current operation: null
05-11 21:41:51.014  1244  2732 D SystemServerTiming: hasUserRestriction-DISALLOW_USER_SWITCH
05-11 21:41:51.014  1244  2732 D SystemServerTiming: getInt-ALLOW_USER_SWITCHING_WHEN_SYSTEM_USER_LOCKED
05-11 21:41:51.014  1244  2732 D SystemServerTiming: isUserUnlocked-USER_SYSTEM
05-11 21:41:51.016  1244  1260 W Fingerprint21: NoSuchElementException
05-11 21:41:51.016  1244  1260 W Fingerprint21: java.util.NoSuchElementException
05-11 21:41:51.016  1244  1260 W Fingerprint21: 	at android.os.HwBinder.getService(Native Method)
05-11 21:41:51.016  1244  1260 W Fingerprint21: 	at android.os.HwBinder.getService(HwBinder.java:81)
05-11 21:41:51.016  1244  1260 W Fingerprint21: 	at android.hardware.biometrics.fingerprint.V2_1.IBiometricsFingerprint.getService(IBiometricsFingerprint.java:74)
05-11 21:41:51.016  1244  1260 W Fingerprint21: 	at android.hardware.biometrics.fingerprint.V2_1.IBiometricsFingerprint.getService(IBiometricsFingerprint.java:84)
05-11 21:41:51.016  1244  1260 W Fingerprint21: 	at com.android.server.biometrics.sensors.fingerprint.hidl.Fingerprint21.getDaemon(Fingerprint21.java:422)
05-11 21:41:51.016  1244  1260 W Fingerprint21: 	at com.android.server.biometrics.sensors.fingerprint.hidl.Fingerprint21.isHardwareDetected(Fingerprint21.java:775)
05-11 21:41:51.016  1244  1260 W Fingerprint21: 	at com.android.server.biometrics.sensors.fingerprint.FingerprintService$FingerprintServiceWrapper.isHardwareDetectedDeprecated(FingerprintService.java:683)
05-11 21:41:51.016  1244  1260 W Fingerprint21: 	at android.hardware.fingerprint.IFingerprintService$Stub.onTransact(IFingerprintService.java:689)
05-11 21:41:51.016  1244  1260 W Fingerprint21: 	at android.os.Binder.execTransactInternal(Binder.java:1285)
05-11 21:41:51.016  1244  1260 W Fingerprint21: 	at android.os.Binder.execTransact(Binder.java:1244)
05-11 21:41:51.016  1244  1260 W Fingerprint21: Fingerprint HAL not available
05-11 21:41:51.044  1244  1260 D SystemServerTiming: getUserSwitchability-0
05-11 21:41:51.044  1244  2732 D SystemServerTiming: getUserSwitchability-0
05-11 21:41:51.044  1244  2732 D SystemServerTiming: TM.isInCall
05-11 21:41:51.044  1244  1260 D SystemServerTiming: TM.isInCall
05-11 21:41:51.045  1244  1260 D SystemServerTiming: hasUserRestriction-DISALLOW_USER_SWITCH
05-11 21:41:51.045  1244  1260 D SystemServerTiming: getInt-ALLOW_USER_SWITCHING_WHEN_SYSTEM_USER_LOCKED
05-11 21:41:51.045  1244  1260 D SystemServerTiming: isUserUnlocked-USER_SYSTEM
05-11 21:41:51.045  1244  2732 D SystemServerTiming: hasUserRestriction-DISALLOW_USER_SWITCH
05-11 21:41:51.045  1244  2732 D SystemServerTiming: getInt-ALLOW_USER_SWITCHING_WHEN_SYSTEM_USER_LOCKED
05-11 21:41:51.045  1244  2732 D SystemServerTiming: isUserUnlocked-USER_SYSTEM
05-11 21:41:51.165  1244  1263 I UsbPortManager: USB HAL HIDL version: 11
05-11 21:41:54.007  1244  2666 D OomAdjuster: Not killing cached processes
05-11 21:41:59.593  1244  2666 D OomAdjuster: Not killing cached processes
05-11 21:42:01.030  1244  1244 W Looper  : Slow dispatch took 271ms main h=com.android.server.job.controllers.QuotaController$QcHandler c=null m=5
05-11 21:42:01.030  1244  1244 W Looper  : Slow delivery took 270ms main h=com.android.server.job.controllers.QuotaController$QcHandler c=null m=5
05-11 21:42:01.037  1244  1244 W Looper  : Drained
05-11 21:42:01.407   444  7934 I keystore2: keystore2::watchdog: Watchdog thread idle -> terminating. Have a great day.
05-11 21:42:04.850  1244  2664 D OomAdjuster: Not killing cached processes
05-11 21:42:10.391  1244  2667 D OomAdjuster: Not killing cached processes
05-11 21:42:14.716  1244  1244 E ALSProbe: Max time exceeded for ALS logger - disabling: 126556708
05-11 21:42:14.719  1244  1244 V ALSProbe: Disable ALS: 126556708
05-11 21:42:15.953  1244  2666 D OomAdjuster: Not killing cached processes
05-11 21:42:22.389  1244  2667 D OomAdjuster: Not killing cached processes
05-11 21:42:28.870  1244  2666 D OomAdjuster: Not killing cached processes
05-11 21:42:34.442  1244  2664 D OomAdjuster: Not killing cached processes
05-11 21:42:39.813  1244  2667 D OomAdjuster: Not killing cached processes
05-11 21:42:43.349   444  8038 I keystore2: keystore2::watchdog: Watchdog thread idle -> terminating. Have a great day.
05-11 21:42:45.815  1244  1244 D OomAdjuster: Not killing cached processes
05-11 21:42:46.323  1244  2666 W ActivityManager: Background start not allowed: service Intent { act=com.whatsapp.messaging.MessageService.START cmp=com.whatsapp/.messaging.MessageService } to com.whatsapp/.messaging.MessageService from pid=4254 uid=10525 pkg=com.whatsapp startFg?=false
05-11 21:42:46.405  1244  2664 D CompatibilityChangeReporter: Compat change id reported: 218533173; UID 10524; state: ENABLED
05-11 21:42:46.406  1244  2664 D CompatibilityChangeReporter: Compat change id reported: 171306433; UID 10528; state: ENABLED
05-11 21:42:46.406  1244  2664 D CompatibilityChangeReporter: Compat change id reported: 226439802; UID 10528; state: DISABLED
05-11 21:42:46.408  1244  2664 D CompatibilityChangeReporter: Compat change id reported: 218533173; UID 10481; state: ENABLED
05-11 21:42:46.408  1244  2664 D CompatibilityChangeReporter: Compat change id reported: 218533173; UID 10484; state: ENABLED
05-11 21:42:46.409  1244  2664 D CompatibilityChangeReporter: Compat change id reported: 218533173; UID 10468; state: ENABLED
05-11 21:42:46.409  1244  2664 D CompatibilityChangeReporter: Compat change id reported: 218533173; UID 10419; state: ENABLED
05-11 21:42:46.410  1244  2664 D CompatibilityChangeReporter: Compat change id reported: 218533173; UID 10527; state: ENABLED
05-11 21:42:46.411  1244  2664 D CompatibilityChangeReporter: Compat change id reported: 218533173; UID 10516; state: ENABLED
05-11 21:42:50.738  1244  1244 I FingerprintManager: onPowerPressed
05-11 21:42:50.739  1244  1244 D WindowManager: powerPress: eventTime=201682 interactive=false count=1 beganFromNonInteractive=true mShortPressOnPowerBehavior=1
05-11 21:42:50.739  1244  1244 E Fingerprint21: onPowerPressed not supported for HIDL clients
05-11 21:42:50.748  1244  1346 I PowerGroup: Waking up power group from Dozing (groupId=0, uid=1000, reason=WAKE_REASON_POWER_BUTTON, details=android.policy:POWER)...
05-11 21:42:50.750  1244  1346 I PowerManagerService: Waking up from Dozing (uid=1000, reason=WAKE_REASON_POWER_BUTTON, details=android.policy:POWER)...
05-11 21:42:50.753  1244  1244 E ActivityManager: Cancel pending or running compactions as system is awake
05-11 21:42:50.756  1244  1291 I DisplayPowerController[0]: Blocking screen on until initial contents have been drawn.
05-11 21:42:50.758  1244  1291 V DisplayPowerController[0]: Brightness [0.21653543] reason changing to: 'manual', previous reason: 'screen_off'.
05-11 21:42:50.758  1244  1291 I DisplayPowerController[0]: BrightnessEvent: disp=0, physDisp=local:0, brt=0.21653543, initBrt=0.0, rcmdBrt=NaN, preBrt=NaN, lux=0.0, preLux=0.0, hbmMax=1.0, hbmMode=off, rbcStrength=50, powerFactor=1.0, thrmMax=1.0, wasShortTermModelActive=false, flags=, reason=manual, autoBrightness=false
05-11 21:42:50.759  1244  1291 I DisplayPowerController[0]: BrightnessEvent: disp=0, physDisp=local:0, brt=0.21653543, initBrt=0.21653543, rcmdBrt=NaN, preBrt=NaN, lux=0.0, preLux=0.0, hbmMax=1.0, hbmMode=off, rbcStrength=50, powerFactor=1.0, thrmMax=1.0, wasShortTermModelActive=false, flags=, reason=manual, autoBrightness=false
05-11 21:42:50.810  1244  1267 I DisplayDevice: [0] Layerstack set to 0 for local:0
05-11 21:42:50.821  1244  1244 D OomAdjuster: Not killing cached processes
05-11 21:42:50.848  1244  2664 D Fingerprint21: Daemon was null, reconnecting, current operation: null
05-11 21:42:50.850  1244  1291 I DisplayPowerController[0]: Unblocked screen on after 94 ms
05-11 21:42:50.853  1244  1291 I DisplayPowerController[0]: BrightnessEvent: disp=0, physDisp=local:0, brt=0.21653543, initBrt=0.21653543, rcmdBrt=NaN, preBrt=NaN, lux=0.0, preLux=0.0, hbmMax=1.0, hbmMode=off, rbcStrength=50, powerFactor=1.0, thrmMax=1.0, wasShortTermModelActive=false, flags=, reason=manual, autoBrightness=false
05-11 21:42:50.880  1244  2664 W Fingerprint21: NoSuchElementException
05-11 21:42:50.880  1244  2664 W Fingerprint21: java.util.NoSuchElementException
05-11 21:42:50.880  1244  2664 W Fingerprint21: 	at android.os.HwBinder.getService(Native Method)
05-11 21:42:50.880  1244  2664 W Fingerprint21: 	at android.os.HwBinder.getService(HwBinder.java:81)
05-11 21:42:50.880  1244  2664 W Fingerprint21: 	at android.hardware.biometrics.fingerprint.V2_1.IBiometricsFingerprint.getService(IBiometricsFingerprint.java:74)
05-11 21:42:50.880  1244  2664 W Fingerprint21: 	at android.hardware.biometrics.fingerprint.V2_1.IBiometricsFingerprint.getService(IBiometricsFingerprint.java:84)
05-11 21:42:50.880  1244  2664 W Fingerprint21: 	at com.android.server.biometrics.sensors.fingerprint.hidl.Fingerprint21.getDaemon(Fingerprint21.java:422)
05-11 21:42:50.880  1244  2664 W Fingerprint21: 	at com.android.server.biometrics.sensors.fingerprint.hidl.Fingerprint21.isHardwareDetected(Fingerprint21.java:775)
05-11 21:42:50.880  1244  2664 W Fingerprint21: 	at com.android.server.biometrics.sensors.fingerprint.FingerprintService$FingerprintServiceWrapper.isHardwareDetectedDeprecated(FingerprintService.java:683)
05-11 21:42:50.880  1244  2664 W Fingerprint21: 	at android.hardware.fingerprint.IFingerprintService$Stub.onTransact(IFingerprintService.java:689)
05-11 21:42:50.880  1244  2664 W Fingerprint21: 	at android.os.Binder.execTransactInternal(Binder.java:1285)
05-11 21:42:50.880  1244  2664 W Fingerprint21: 	at android.os.Binder.execTransact(Binder.java:1244)
05-11 21:42:50.880  1244  2664 W Fingerprint21: Fingerprint HAL not available
05-11 21:42:50.888  1244  1244 D BiometricScheduler/CustomFaceProvider: [Added] {[11] com.android.server.biometrics.sensors.face.custom.FaceUpdateActiveUserClient, proto=1, owner=android, cookie=0, requestId=-1, userId=0}, new queue size: 1
05-11 21:42:50.888  1244  1244 D BiometricScheduler/CustomFaceProvider: [Polled] {[11] com.android.server.biometrics.sensors.face.custom.FaceUpdateActiveUserClient, proto=1, owner=android, cookie=0, requestId=-1, userId=0}, State: 0
05-11 21:42:50.888  1244  1244 D BiometricScheduler/CustomFaceProvider: [Started] {[11] com.android.server.biometrics.sensors.face.custom.FaceUpdateActiveUserClient, proto=1, owner=android, cookie=0, requestId=-1, userId=0}
05-11 21:42:50.888  1244  1244 D FaceUpdateActiveUserClient: Already user: 0, refreshing authenticatorId
05-11 21:42:50.907  1244  1244 D BiometricSchedulerOperation: [Finished / destroy]: {[11] com.android.server.biometrics.sensors.face.custom.FaceUpdateActiveUserClient, proto=1, owner=android, cookie=0, requestId=-1, userId=0}
05-11 21:42:50.907  1244  1244 V BiometricSchedulerOperation: started: {[11] com.android.server.biometrics.sensors.face.custom.FaceUpdateActiveUserClient, proto=1, owner=android, cookie=0, requestId=-1, userId=0}, State: 5
05-11 21:42:50.908  1244  1244 D BiometricScheduler/CustomFaceProvider: [Added] {[12] com.android.server.biometrics.sensors.face.custom.FaceAuthenticationClient, proto=3, owner=com.android.systemui, cookie=0, requestId=3, userId=0}, new queue size: 1
05-11 21:42:50.908  1244  1244 V BiometricScheduler/CustomFaceProvider: Not idle, current operation: {[11] com.android.server.biometrics.sensors.face.custom.FaceUpdateActiveUserClient, proto=1, owner=android, cookie=0, requestId=-1, userId=0}, State: 5
05-11 21:42:50.910  1244  1244 D BiometricScheduler/CustomFaceProvider: [Finishing] {[11] com.android.server.biometrics.sensors.face.custom.FaceUpdateActiveUserClient, proto=1, owner=android, cookie=0, requestId=-1, userId=0}, success: true
05-11 21:42:50.910  1244  1244 D BiometricScheduler/CustomFaceProvider: [Polled] {[12] com.android.server.biometrics.sensors.face.custom.FaceAuthenticationClient, proto=3, owner=com.android.systemui, cookie=0, requestId=3, userId=0}, State: 0
05-11 21:42:50.910  1244  1244 D BiometricScheduler/CustomFaceProvider: [Started] {[12] com.android.server.biometrics.sensors.face.custom.FaceAuthenticationClient, proto=3, owner=com.android.systemui, cookie=0, requestId=3, userId=0}
05-11 21:42:50.910  1244  1244 D BiometricCoexCoordinator: addAuthenticationClient(Unknown), client: {[12] com.android.server.biometrics.sensors.face.custom.FaceAuthenticationClient, proto=3, owner=com.android.systemui, cookie=0, requestId=3, userId=0}
05-11 21:42:50.910  1244  1244 D Biometrics/AuthenticationClient: Requesting auth for com.android.systemui
05-11 21:42:50.910  1244  1244 V BiometricSchedulerOperation: started: {[12] com.android.server.biometrics.sensors.face.custom.FaceAuthenticationClient, proto=3, owner=com.android.systemui, cookie=0, requestId=3, userId=0}, State: 2
05-11 21:42:51.035  1244  1291 I DisplayPowerController[0]: BrightnessEvent: disp=0, physDisp=local:0, brt=0.21653543, initBrt=0.21653543, rcmdBrt=NaN, preBrt=NaN, lux=0.0, preLux=0.0, hbmMax=1.0, hbmMode=off, rbcStrength=50, powerFactor=1.0, thrmMax=1.0, wasShortTermModelActive=false, flags=, reason=manual, autoBrightness=false
05-11 21:42:51.035  1244  1291 W PowerManagerService: Screen on took 458 ms
05-11 21:42:51.035  1244  1291 I DreamManagerService: Gently waking up from dream.
05-11 21:42:51.115  1244  3157 I DreamManagerService: Leaving dreamland.
05-11 21:42:51.116  1244  1263 I DreamController: Stopping dream: name=ComponentInfo{com.android.systemui/com.android.systemui.doze.DozeService}, isPreviewMode=false, canDoze=true, userId=0, reason='finished self'(from 'power manager request')
05-11 21:42:51.171  1244  1263 I UsbPortManager: USB HAL HIDL version: 11
05-11 21:42:51.186  1244  2732 D Fingerprint21: Daemon was null, reconnecting, current operation: null
05-11 21:42:51.188  1244  2732 W Fingerprint21: NoSuchElementException
05-11 21:42:51.188  1244  2732 W Fingerprint21: java.util.NoSuchElementException
05-11 21:42:51.188  1244  2732 W Fingerprint21: 	at android.os.HwBinder.getService(Native Method)
05-11 21:42:51.188  1244  2732 W Fingerprint21: 	at android.os.HwBinder.getService(HwBinder.java:81)
05-11 21:42:51.188  1244  2732 W Fingerprint21: 	at android.hardware.biometrics.fingerprint.V2_1.IBiometricsFingerprint.getService(IBiometricsFingerprint.java:74)
05-11 21:42:51.188  1244  2732 W Fingerprint21: 	at android.hardware.biometrics.fingerprint.V2_1.IBiometricsFingerprint.getService(IBiometricsFingerprint.java:84)
05-11 21:42:51.188  1244  2732 W Fingerprint21: 	at com.android.server.biometrics.sensors.fingerprint.hidl.Fingerprint21.getDaemon(Fingerprint21.java:422)
05-11 21:42:51.188  1244  2732 W Fingerprint21: 	at com.android.server.biometrics.sensors.fingerprint.hidl.Fingerprint21.isHardwareDetected(Fingerprint21.java:775)
05-11 21:42:51.188  1244  2732 W Fingerprint21: 	at com.android.server.biometrics.sensors.fingerprint.FingerprintService$FingerprintServiceWrapper.isHardwareDetectedDeprecated(FingerprintService.java:683)
05-11 21:42:51.188  1244  2732 W Fingerprint21: 	at android.hardware.fingerprint.IFingerprintService$Stub.onTransact(IFingerprintService.java:689)
05-11 21:42:51.188  1244  2732 W Fingerprint21: 	at android.os.Binder.execTransactInternal(Binder.java:1285)
05-11 21:42:51.188  1244  2732 W Fingerprint21: 	at android.os.Binder.execTransact(Binder.java:1244)
05-11 21:42:51.188  1244  2732 W Fingerprint21: Fingerprint HAL not available
05-11 21:42:51.665  1244  1260 D Fingerprint21: Daemon was null, reconnecting, current operation: null
05-11 21:42:51.667  1244  1260 W Fingerprint21: NoSuchElementException
05-11 21:42:51.667  1244  1260 W Fingerprint21: java.util.NoSuchElementException
05-11 21:42:51.667  1244  1260 W Fingerprint21: 	at android.os.HwBinder.getService(Native Method)
05-11 21:42:51.667  1244  1260 W Fingerprint21: 	at android.os.HwBinder.getService(HwBinder.java:81)
05-11 21:42:51.667  1244  1260 W Fingerprint21: 	at android.hardware.biometrics.fingerprint.V2_1.IBiometricsFingerprint.getService(IBiometricsFingerprint.java:74)
05-11 21:42:51.667  1244  1260 W Fingerprint21: 	at android.hardware.biometrics.fingerprint.V2_1.IBiometricsFingerprint.getService(IBiometricsFingerprint.java:84)
05-11 21:42:51.667  1244  1260 W Fingerprint21: 	at com.android.server.biometrics.sensors.fingerprint.hidl.Fingerprint21.getDaemon(Fingerprint21.java:422)
05-11 21:42:51.667  1244  1260 W Fingerprint21: 	at com.android.server.biometrics.sensors.fingerprint.hidl.Fingerprint21.isHardwareDetected(Fingerprint21.java:775)
05-11 21:42:51.667  1244  1260 W Fingerprint21: 	at com.android.server.biometrics.sensors.fingerprint.FingerprintService$FingerprintServiceWrapper.isHardwareDetectedDeprecated(FingerprintService.java:683)
05-11 21:42:51.667  1244  1260 W Fingerprint21: 	at android.hardware.fingerprint.IFingerprintService$Stub.onTransact(IFingerprintService.java:689)
05-11 21:42:51.667  1244  1260 W Fingerprint21: 	at android.os.Binder.execTransactInternal(Binder.java:1285)
05-11 21:42:51.667  1244  1260 W Fingerprint21: 	at android.os.Binder.execTransact(Binder.java:1244)
05-11 21:42:51.667  1244  1260 W Fingerprint21: Fingerprint HAL not available
05-11 21:42:51.957  1534  1534 D FaceManager: Cancel face authentication requested for: 3
05-11 21:42:51.958  1244  1244 D BiometricScheduler/CustomFaceProvider: cancelAuthenticationOrDetection, requestId: 3
05-11 21:42:51.958  1244  1244 D BiometricScheduler/CustomFaceProvider: Cancelling auth/detect op: {[12] com.android.server.biometrics.sensors.face.custom.FaceAuthenticationClient, proto=3, owner=com.android.systemui, cookie=0, requestId=3, userId=0}, State: 2
05-11 21:42:51.958  1244  1244 D BiometricSchedulerOperation: [Cancelling] Current client: {[12] com.android.server.biometrics.sensors.face.custom.FaceAuthenticationClient, proto=3, owner=com.android.systemui, cookie=0, requestId=3, userId=0}
05-11 21:42:51.959  1244  1244 D CustomFaceProvider: handleError, client: com.android.systemui, error: 5, vendorCode: 0
05-11 21:42:51.959  1244  1244 D Biometrics/AcquisitionClient: onErrorInternal code: 5, finish: true
05-11 21:42:51.959  1244  1244 V BiometricLogger: Error latency: -1
05-11 21:42:51.959  1244  1244 W BiometricFrameworkStatsLogger: found a negative latency : -1
05-11 21:42:51.960  1244  1244 D BiometricSchedulerOperation: [Finished / destroy]: {[12] com.android.server.biometrics.sensors.face.custom.FaceAuthenticationClient, proto=3, owner=com.android.systemui, cookie=0, requestId=3, userId=0}
05-11 21:42:51.960  1244  1244 V BiometricCoexCoordinator: no haptic shouldUsuallyVibrate: false, hapticSuppressedByCoex: false
05-11 21:42:51.961  1244  1244 D BiometricScheduler/CustomFaceProvider: [Finishing] {[12] com.android.server.biometrics.sensors.face.custom.FaceAuthenticationClient, proto=3, owner=com.android.systemui, cookie=0, requestId=3, userId=0}, success: false
05-11 21:42:51.961  1244  1244 D BiometricCoexCoordinator: removeAuthenticationClient(Unknown), client: {[12] com.android.server.biometrics.sensors.face.custom.FaceAuthenticationClient, proto=3, owner=com.android.systemui, cookie=0, requestId=3, userId=0}
05-11 21:42:51.961  1244  1244 D BiometricScheduler/CustomFaceProvider: No operations, returning to idle
05-11 21:42:52.330  1244  1260 D Fingerprint21: Daemon was null, reconnecting, current operation: null
05-11 21:42:52.331  1244  1260 W Fingerprint21: NoSuchElementException
05-11 21:42:52.331  1244  1260 W Fingerprint21: java.util.NoSuchElementException
05-11 21:42:52.331  1244  1260 W Fingerprint21: 	at android.os.HwBinder.getService(Native Method)
05-11 21:42:52.331  1244  1260 W Fingerprint21: 	at android.os.HwBinder.getService(HwBinder.java:81)
05-11 21:42:52.331  1244  1260 W Fingerprint21: 	at android.hardware.biometrics.fingerprint.V2_1.IBiometricsFingerprint.getService(IBiometricsFingerprint.java:74)
05-11 21:42:52.331  1244  1260 W Fingerprint21: 	at android.hardware.biometrics.fingerprint.V2_1.IBiometricsFingerprint.getService(IBiometricsFingerprint.java:84)
05-11 21:42:52.331  1244  1260 W Fingerprint21: 	at com.android.server.biometrics.sensors.fingerprint.hidl.Fingerprint21.getDaemon(Fingerprint21.java:422)
05-11 21:42:52.331  1244  1260 W Fingerprint21: 	at com.android.server.biometrics.sensors.fingerprint.hidl.Fingerprint21.isHardwareDetected(Fingerprint21.java:775)
05-11 21:42:52.331  1244  1260 W Fingerprint21: 	at com.android.server.biometrics.sensors.fingerprint.FingerprintService$FingerprintServiceWrapper.isHardwareDetectedDeprecated(FingerprintService.java:683)
05-11 21:42:52.331  1244  1260 W Fingerprint21: 	at android.hardware.fingerprint.IFingerprintService$Stub.onTransact(IFingerprintService.java:689)
05-11 21:42:52.331  1244  1260 W Fingerprint21: 	at android.os.Binder.execTransactInternal(Binder.java:1285)
05-11 21:42:52.331  1244  1260 W Fingerprint21: 	at android.os.Binder.execTransact(Binder.java:1244)
05-11 21:42:52.331  1244  1260 W Fingerprint21: Fingerprint HAL not available
05-11 21:42:52.333  1244  2667 D LockSettingsService: spBasedDoVerifyCredential: user=0 hasEnrolledBiometrics=true
05-11 21:42:52.439  1244  1451 D BiometricDeferredQueue: Face addPendingLockoutResetForUser: 0
05-11 21:42:52.448   444   458 I keystore2: keystore2::authorization: on_lock_screen_event(LockScreenEvent(0), user_id=0, password.is_some()=true, unlocking_sids=None)
05-11 21:42:52.457   444   458 I keystore2: keystore2::super_key: In unlock_and_get_user_state. Trying to unlock when already unlocked.
05-11 21:42:52.457  1244  2667 I LockSettingsService: Unlocking user 0 with secret only, length 32
05-11 21:42:52.457  1244  2667 D LockSettingsService: unlockUser finished
05-11 21:42:52.457  1244  2667 D SystemServerTiming: finishUserUnlocking-0
05-11 21:42:52.457  1244  2667 W ActivityManager: UserLifecycleEvent 5 received without an active userJourneySession.
05-11 21:42:52.457  1244  2667 D LockSettingsService: unlockUser finished
05-11 21:42:52.457  1244  1451 D BiometricDeferredQueue: Processing pending resetLockout for face
05-11 21:42:52.457  1244  2667 I LockSettingsService: Disabling escrow token on user 0
05-11 21:42:52.457  1244  1451 W BiometricDeferredQueue: mFaceGenerateChallengeCallback not null, previous operation may be stuck
05-11 21:42:52.457  1244  1451 D BiometricDeferredQueue: Resetting face lockout for sensor: 1008, user: 0
05-11 21:42:52.468  1244  1244 D BiometricScheduler/CustomFaceProvider: [Added] {[13] com.android.server.biometrics.sensors.face.custom.FaceUpdateActiveUserClient, proto=1, owner=android, cookie=0, requestId=-1, userId=0}, new queue size: 1
05-11 21:42:52.468  1244  1244 D BiometricScheduler/CustomFaceProvider: [Polled] {[13] com.android.server.biometrics.sensors.face.custom.FaceUpdateActiveUserClient, proto=1, owner=android, cookie=0, requestId=-1, userId=0}, State: 0
05-11 21:42:52.468  1244  1244 D BiometricScheduler/CustomFaceProvider: [Started] {[13] com.android.server.biometrics.sensors.face.custom.FaceUpdateActiveUserClient, proto=1, owner=android, cookie=0, requestId=-1, userId=0}
05-11 21:42:52.468  1244  1244 D FaceUpdateActiveUserClient: Already user: 0, refreshing authenticatorId
05-11 21:42:52.468  1244  1244 D BiometricSchedulerOperation: [Finished / destroy]: {[13] com.android.server.biometrics.sensors.face.custom.FaceUpdateActiveUserClient, proto=1, owner=android, cookie=0, requestId=-1, userId=0}
05-11 21:42:52.468  1244  1244 V BiometricSchedulerOperation: started: {[13] com.android.server.biometrics.sensors.face.custom.FaceUpdateActiveUserClient, proto=1, owner=android, cookie=0, requestId=-1, userId=0}, State: 5
05-11 21:42:52.468  1244  1244 D BiometricScheduler/CustomFaceProvider: [Added] {[14] com.android.server.biometrics.sensors.face.custom.FaceResetLockoutClient, proto=12, owner=android, cookie=0, requestId=-1, userId=0}, new queue size: 1
05-11 21:42:52.468  1244  1244 V BiometricScheduler/CustomFaceProvider: Not idle, current operation: {[13] com.android.server.biometrics.sensors.face.custom.FaceUpdateActiveUserClient, proto=1, owner=android, cookie=0, requestId=-1, userId=0}, State: 5
05-11 21:42:52.468  1244  1244 D BiometricScheduler/CustomFaceProvider: [Finishing] {[13] com.android.server.biometrics.sensors.face.custom.FaceUpdateActiveUserClient, proto=1, owner=android, cookie=0, requestId=-1, userId=0}, success: true
05-11 21:42:52.468  1244  1244 D BiometricScheduler/CustomFaceProvider: [Polled] {[14] com.android.server.biometrics.sensors.face.custom.FaceResetLockoutClient, proto=12, owner=android, cookie=0, requestId=-1, userId=0}, State: 0
05-11 21:42:52.469  1244  1244 D BiometricScheduler/CustomFaceProvider: [Started] {[14] com.android.server.biometrics.sensors.face.custom.FaceResetLockoutClient, proto=12, owner=android, cookie=0, requestId=-1, userId=0}
05-11 21:42:52.469  1244  1244 D BiometricSchedulerOperation: [Finished / destroy]: {[14] com.android.server.biometrics.sensors.face.custom.FaceResetLockoutClient, proto=12, owner=android, cookie=0, requestId=-1, userId=0}
05-11 21:42:52.469  1244  1244 V BiometricSchedulerOperation: started: {[14] com.android.server.biometrics.sensors.face.custom.FaceResetLockoutClient, proto=12, owner=android, cookie=0, requestId=-1, userId=0}, State: 5
05-11 21:42:52.469  1244  1244 D BiometricScheduler/CustomFaceProvider: [Finishing] {[14] com.android.server.biometrics.sensors.face.custom.FaceResetLockoutClient, proto=12, owner=android, cookie=0, requestId=-1, userId=0}, success: true
05-11 21:42:52.469  1244  1244 D BiometricScheduler/CustomFaceProvider: No operations, returning to idle
05-11 21:42:52.646  1244  3157 D ActivityTaskManager: Top Process State changed to PROCESS_STATE_TOP
05-11 21:42:53.007  1244  1244 D BiometricService: Sensor ID(1008), oemStrength: 255, updatedStrength: 255, modality 8, state: 0, cookie: 0, sensorId 1008, hasEnrollments: true cannot participate in Keystore operations
05-11 21:42:53.007  1244  1244 D BiometricService: Sensor ID(0), oemStrength: 15, updatedStrength: 15, modality 2, state: 0, cookie: 0, sensorId 0, hasEnrollments: false cannot participate in Keystore operations
05-11 21:42:53.008   444   458 I keystore2: keystore2::authorization: on_lock_screen_event(LockScreenEvent(0), user_id=0, password.is_some()=false, unlocking_sids=Some([]))
05-11 21:42:53.017  1244  1276 W BroadcastQueue: Background execution not allowed: receiving Intent { act=android.intent.action.USER_PRESENT flg=0x24200010 } to com.android.chrome/org.chromium.chrome.browser.sharing.click_to_call.ClickToCallMessageHandler$PhoneUnlockedReceiver
05-11 21:42:53.018  1244  1276 W BroadcastQueue: Background execution not allowed: receiving Intent { act=android.intent.action.USER_PRESENT flg=0x24200010 } to com.google.android.gms/.auth.setup.devicesignals.LockScreenReceiver
05-11 21:42:53.018  1244  1276 W BroadcastQueue: Background execution not allowed: receiving Intent { act=android.intent.action.USER_PRESENT flg=0x24200010 } to com.google.android.gms/.chimera.GmsIntentOperationService$PersistentTrustedReceiver
05-11 21:42:53.113  1244  3157 D SystemServerTiming: getUserSwitchability-0
05-11 21:42:53.113  1244  3157 D SystemServerTiming: TM.isInCall
05-11 21:42:53.113  1244  3157 D SystemServerTiming: hasUserRestriction-DISALLOW_USER_SWITCH
05-11 21:42:53.113  1244  3157 D SystemServerTiming: getInt-ALLOW_USER_SWITCHING_WHEN_SYSTEM_USER_LOCKED
05-11 21:42:53.113  1244  3157 D SystemServerTiming: isUserUnlocked-USER_SYSTEM
05-11 21:42:53.262  1244  1263 I UsbPortManager: USB HAL HIDL version: 11
05-11 21:42:53.273  1244  1244 W Looper  : Slow dispatch took 259ms main h=android.app.ActivityThread$H c=android.app.LoadedApk$ReceiverDispatcher$Args$$ExternalSyntheticLambda0@6e82bee m=0
05-11 21:42:53.273  1244  1244 W Looper  : Slow delivery took 260ms main h=android.app.ActivityThread$H c=android.app.LoadedApk$ReceiverDispatcher$Args$$ExternalSyntheticLambda0@651688f m=0
05-11 21:42:53.274  1244  1244 W Looper  : Drained
05-11 21:42:54.532  1244  2732 I ActivityTaskManager: START u0 {act=android.intent.action.MAIN cat=[android.intent.category.LAUNCHER] flg=0x10200000 cmp=com.supercell.brawlstars/.GameApp bnds=[850,327][1058,651]} from uid 10496
05-11 21:42:54.535  1244  2732 D CompatibilityChangeReporter: Compat change id reported: 265464455; UID 10574; state: DISABLED
05-11 21:42:54.535  1244  2732 D CompatibilityChangeReporter: Compat change id reported: 265452344; UID 10574; state: DISABLED
05-11 21:42:54.536  1244  2732 D CompatibilityChangeReporter: Compat change id reported: 266124927; UID 10574; state: DISABLED
05-11 21:42:54.536  1244  2732 D CompatibilityChangeReporter: Compat change id reported: 265451093; UID 10574; state: DISABLED
05-11 21:42:54.536  1244  2732 D CompatibilityChangeReporter: Compat change id reported: 265456536; UID 10574; state: DISABLED
05-11 21:42:54.536  1244  2732 D CompatibilityChangeReporter: Compat change id reported: 255940284; UID 10574; state: DISABLED
05-11 21:42:54.537  1244  2732 D CompatibilityChangeReporter: Compat change id reported: 236283604; UID 10574; state: DISABLED
05-11 21:42:54.537  1244  2732 D CompatibilityChangeReporter: Compat change id reported: 263959004; UID 10574; state: DISABLED
05-11 21:42:54.537  1244  2732 D CompatibilityChangeReporter: Compat change id reported: 264304459; UID 10574; state: DISABLED
05-11 21:42:54.537  1244  2732 D CompatibilityChangeReporter: Compat change id reported: 264301586; UID 10574; state: DISABLED
05-11 21:42:54.537  1244  2732 D CompatibilityChangeReporter: Compat change id reported: 254631730; UID 10574; state: DISABLED
05-11 21:42:54.538  1244  2732 D CompatibilityChangeReporter: Compat change id reported: 273509367; UID 10574; state: DISABLED
05-11 21:42:54.538  1244  2732 D CompatibilityChangeReporter: Compat change id reported: 263259275; UID 10574; state: DISABLED
05-11 21:42:54.571  1244  2732 D CompatibilityChangeReporter: Compat change id reported: 194480991; UID 10574; state: ENABLED
05-11 21:42:54.576  1244  2732 D CompatibilityChangeReporter: Compat change id reported: 174042980; UID 10574; state: DISABLED
05-11 21:42:54.583  1244  2732 D CompatibilityChangeReporter: Compat change id reported: 184838306; UID 10574; state: DISABLED
05-11 21:42:54.584  1244  2732 D CompatibilityChangeReporter: Compat change id reported: 185004937; UID 10574; state: DISABLED
05-11 21:42:54.585  1244  2732 D CompatibilityChangeReporter: Compat change id reported: 181136395; UID 10574; state: DISABLED
05-11 21:42:54.588  1244  2732 D CompatibilityChangeReporter: Compat change id reported: 197654537; UID 10574; state: ENABLED
05-11 21:42:54.591  1244  2732 D CompatibilityChangeReporter: Compat change id reported: 205907456; UID 10574; state: ENABLED
05-11 21:42:54.596  1244  2732 D CompatibilityChangeReporter: Compat change id reported: 194833441; UID 10574; state: ENABLED
05-11 21:42:54.601  1244  1266 D CompatibilityChangeReporter: Compat change id reported: 135634846; UID 10574; state: DISABLED
05-11 21:42:54.601  1244  1266 D CompatibilityChangeReporter: Compat change id reported: 177438394; UID 10574; state: DISABLED
05-11 21:42:54.601  1244  1266 D CompatibilityChangeReporter: Compat change id reported: 135772972; UID 10574; state: DISABLED
05-11 21:42:54.601  1244  1266 D CompatibilityChangeReporter: Compat change id reported: 135754954; UID 10574; state: ENABLED
05-11 21:42:54.608  1244  1277 D CompatibilityChangeReporter: Compat change id reported: 143937733; UID 10574; state: ENABLED
05-11 21:42:54.620  1244  2732 D CompatibilityChangeReporter: Compat change id reported: 168419799; UID 10574; state: DISABLED
05-11 21:42:54.620  1244  2732 D CompatibilityChangeReporter: Compat change id reported: 273564678; UID 10574; state: DISABLED
05-11 21:42:54.633  1244  1277 I ActivityManager: Start proc 8192:com.supercell.brawlstars/u0a574 for next-top-activity {com.supercell.brawlstars/com.supercell.brawlstars.GameApp}
05-11 21:42:54.648  1244  2732 D CoreBackPreview: Window{f599823 u0 Splash Screen com.supercell.brawlstars}: Setting back callback OnBackInvokedCallbackInfo{mCallback=android.window.IOnBackInvokedCallback$Stub$Proxy@fc7176, mPriority=0}
05-11 21:42:54.747  1244  1264 V GameManagerService: Game power mode ON (process state was changed to foreground)
05-11 21:42:55.275  1244  1266 I ActivityTaskManager: Config changes=20000480 {1.0 405mcc52mnc [en_IN] ldltr sw400dp w852dp h372dp 432dpi nrml long land night finger -keyb/v/h -nav/h winConfig={ mBounds=Rect(0, 0 - 2400, 1080) mAppBounds=Rect(100, 0 - 2400, 1080) mMaxBounds=Rect(0, 0 - 2400, 1080) mDisplayRotation=ROTATION_90 mWindowingMode=fullscreen mDisplayWindowingMode=fullscreen mActivityType=undefined mAlwaysOnTop=undefined mRotation=ROTATION_90} as.5 s.82 fontWeightAdjustment=300}
05-11 21:42:55.283  1244  1266 I WindowManager: Override config changes=20000480 {1.0 405mcc52mnc [en_IN] ldltr sw400dp w852dp h372dp 432dpi nrml long land night finger -keyb/v/h -nav/h winConfig={ mBounds=Rect(0, 0 - 2400, 1080) mAppBounds=Rect(100, 0 - 2400, 1080) mMaxBounds=Rect(0, 0 - 2400, 1080) mDisplayRotation=ROTATION_90 mWindowingMode=fullscreen mDisplayWindowingMode=fullscreen mActivityType=undefined mAlwaysOnTop=undefined mRotation=ROTATION_90} as.5 s.82 fontWeightAdjustment=300} for displayId=0
05-11 21:42:55.322  1534  1618 V WindowManagerShell: Display changed: 0
05-11 21:42:55.635  1244  2480 D CompatibilityChangeReporter: Compat change id reported: 149924527; UID 10574; state: ENABLED
05-11 21:42:55.635  1244  2480 D CompatibilityChangeReporter: Compat change id reported: 132649864; UID 10574; state: DISABLED
05-11 21:42:55.991  1244  2732 D OomAdjuster: Not killing cached processes
05-11 21:42:56.077  1244  2732 D CompatibilityChangeReporter: Compat change id reported: 161145287; UID 10574; state: DISABLED
05-11 21:42:56.510  1244  1276 W BroadcastQueue: Exported Denial: sending Intent { act=android.hardware.usb.action.USB_STATE flg=0x31000010 (has extras) }, action: android.hardware.usb.action.USB_STATE from null (uid=-1) due to receiver ProcessRecord{c23da87 8192:com.supercell.brawlstars/u0a574} (uid 10574) not specifying RECEIVER_EXPORTED
05-11 21:42:56.628  1244  2480 D CompatibilityChangeReporter: Compat change id reported: 161252188; UID 10463; state: DISABLED
05-11 21:42:56.929  1244  2732 W WindowManager: Failed looking up window session=Session{5ef20cc 8192:u0a10574} callers=com.android.server.wm.WindowManagerService.windowForClientLocked:6086 com.android.server.wm.Session.updateRequestedVisibilities:701 android.view.IWindowSession$Stub.onTransact:1075 
05-11 21:42:56.929  1244  2480 D CompatibilityChangeReporter: Compat change id reported: 168419799; UID 10574; state: DISABLED
05-11 21:42:56.930  1244  2480 D CompatibilityChangeReporter: Compat change id reported: 273564678; UID 10574; state: DISABLED
05-11 21:42:56.935  1244  2480 D CoreBackPreview: Window{8c8281b u0 com.supercell.brawlstars/com.supercell.brawlstars.GameApp}: Setting back callback OnBackInvokedCallbackInfo{mCallback=android.window.IOnBackInvokedCallback$Stub$Proxy@d2ac791, mPriority=0}
05-11 21:42:56.987  1244  1276 W BroadcastQueue: Exported Denial: sending Intent { act=android.intent.action.BATTERY_CHANGED flg=0x60000010 (has extras) }, action: android.intent.action.BATTERY_CHANGED from null (uid=-1) due to receiver ProcessRecord{c23da87 8192:com.supercell.brawlstars/u0a574} (uid 10574) not specifying RECEIVER_EXPORTED
05-11 21:42:57.267  1244  2732 D CompatibilityChangeReporter: Compat change id reported: 214016041; UID 10574; state: ENABLED
05-11 21:42:57.348  1244  1263 W Looper  : Slow dispatch took 180ms android.fg h=android.os.Handler c=com.android.server.wm.ActivityMetricsLogger$$ExternalSyntheticLambda5@9264760 m=0
05-11 21:42:57.600  1244  2732 D CoreBackPreview: Window{f599823 u0 Splash Screen com.supercell.brawlstars EXITING}: Setting back callback null
05-11 21:42:57.601  1244  1929 D CompatibilityChangeReporter: Compat change id reported: 194532703; UID 10574; state: ENABLED
05-11 21:42:59.433  1244  2664 D CompatibilityChangeReporter: Compat change id reported: 151105954; UID 10446; state: ENABLED
05-11 21:42:59.433  1244  2664 E AppOps  : package com.google.android.play.games not found, can't check for attributionTag null
05-11 21:42:59.433  1244  2664 E AppOps  : Bad call made by uid 10446. Package "com.google.android.play.games" does not belong to uid 10574.
05-11 21:42:59.564  1244  2732 D CoreBackPreview: Window{6ef8d1e u0 com.google.android.gms}: Setting back callback OnBackInvokedCallbackInfo{mCallback=android.window.IOnBackInvokedCallback$Stub$Proxy@ffd03cc, mPriority=0}
05-11 21:43:00.047  1244  2664 D CompatibilityChangeReporter: Compat change id reported: 161252188; UID 10467; state: DISABLED
05-11 21:43:00.053  1244  1277 D CompatibilityChangeReporter: Compat change id reported: 143937733; UID 10467; state: ENABLED
05-11 21:43:00.075  1244  1277 I ActivityManager: Start proc 8439:com.google.android.webview:webview_service/u0a467 for service {com.google.android.webview/org.chromium.android_webview.services.VariationsSeedServer}
05-11 21:43:00.135  1244  2664 D CompatibilityChangeReporter: Compat change id reported: 135634846; UID 99000; state: DISABLED
05-11 21:43:00.136  1244  2664 D CompatibilityChangeReporter: Compat change id reported: 177438394; UID 99000; state: DISABLED
05-11 21:43:00.136  1244  2664 D CompatibilityChangeReporter: Compat change id reported: 135772972; UID 99000; state: DISABLED
05-11 21:43:00.136  1244  2664 D CompatibilityChangeReporter: Compat change id reported: 135754954; UID 99000; state: ENABLED
05-11 21:43:00.137  1244  1277 D CompatibilityChangeReporter: Compat change id reported: 143937733; UID 10574; state: ENABLED
05-11 21:43:00.179  1244  2667 D CompatibilityChangeReporter: Compat change id reported: 168419799; UID 10467; state: DISABLED
05-11 21:43:00.179  1244  2667 D CompatibilityChangeReporter: Compat change id reported: 273564678; UID 10467; state: DISABLED
05-11 21:43:00.184  1244  1277 I ActivityManager: Start proc 8458:com.google.android.webview:sandboxed_process0:org.chromium.content.app.SandboxedProcessService0:0/u0ai9000 for  {com.supercell.brawlstars/org.chromium.content.app.SandboxedProcessService0:0}
05-11 21:43:00.700  1244  2664 D CompatibilityChangeReporter: Compat change id reported: 161252188; UID 10467; state: DISABLED
05-11 21:43:01.032  1244  2667 D OomAdjuster: Not killing cached processes
05-11 21:43:02.293   444  8391 E keystore2: keystore2::error: In generate_key.
05-11 21:43:02.293   444  8391 E keystore2: 
05-11 21:43:02.293   444  8391 E keystore2: Caused by:
05-11 21:43:02.293   444  8391 E keystore2:     0: While generating Key without explicit attestation key.
05-11 21:43:02.293   444  8391 E keystore2:     1: Error::Km(ErrorCode(-1000))
05-11 21:43:03.198  1244  1929 I ActivityManager: Process com.bittorrent.client (pid 5492) has died: cch+99 CEM 
05-11 21:43:03.348  1244  2664 I ActivityManager: Process com.golgappa.studyrays (pid 5731) has died: cch+99 CEM 
05-11 21:43:03.453  1244  1822 I ActivityManager: Process com.google.android.documentsui (pid 3397) has died: cch+99 CEM 
05-11 21:43:03.513  1244  1822 I ActivityManager: Process com.google.android.configupdater (pid 4984) has died: cch+99 CEM 
05-11 21:43:03.565  1244  1260 I ActivityManager: Process com.android.statementservice (pid 3726) has died: cch+99 CEM 
05-11 21:43:03.603  1244  1822 I ActivityManager: Process com.google.ar.core (pid 6668) has died: cch+99 CEM 
05-11 21:43:03.650  1244  1929 I ActivityManager: Process com.google.android.contacts (pid 5023) has died: cch+99 CEM 
05-11 21:43:03.854  1244  1275 W ActivityManager: Rescheduling restart of crashed service com.mediatek.ims/.MtkDynamicImsService in 1628941ms for mem-pressure-event
05-11 21:43:04.753  1244  8555 I ActivityManager: Process com.android.imsserviceentitlement (pid 3600) has died: cch+99 CEM 
05-11 21:43:04.790  1244  3155 I ActivityManager: Process android.process.media (pid 3492) has died: cch+99 CEM 
05-11 21:43:04.847  1244  3155 I ActivityManager: Process com.android.localtransport (pid 3295) has died: cch+99 CEM 
05-11 21:43:04.884  1244  1275 W ActivityManager: Rescheduling restart of crashed service com.mediatek.ims/.MtkDynamicImsService in 1627911ms for mem-pressure-event
05-11 21:43:05.348  1244  8555 D CoreBackPreview: Window{6ef8d1e u0 com.google.android.gms}: Setting back callback null
05-11 21:43:06.425  1244  3155 I ActivityManager: Process com.android.dynsystem:dynsystem (pid 3585) has died: cch+99 CEM 
05-11 21:43:06.427  1244  3155 D OomAdjuster: Not killing cached processes
05-11 21:43:07.590  1244  1314 I ActivityManager: Process com.android.providers.calendar (pid 3031) has died: cch+99 CEM 
05-11 21:43:07.624  1244  1929 I ActivityManager: Process com.android.shell (pid 3661) has died: cch+99 CEM 
05-11 21:43:07.647  1244  1929 I ActivityManager: Process com.google.android.soundpicker (pid 6758) has died: cch+99 CEM 
05-11 21:43:07.681  1244  1929 I ActivityManager: Process com.github.android (pid 5613) has died: cch+99 CEM 
05-11 21:43:07.707  1244  1929 I ActivityManager: Process com.android.carrierconfig (pid 2248) has died: cch+99 CEM 
05-11 21:43:07.727  1244  1929 I ActivityManager: Process com.android.keychain (pid 2735) has died: cch+99 CEM 
05-11 21:43:07.750  1244  1259 I ActivityManager: Process com.android.printspooler (pid 2944) has died: cch+99 CEM 
05-11 21:43:07.779  1244  1259 I ActivityManager: Process com.google.android.flipendo (pid 1758) has died: cch+99 CEM 
05-11 21:43:07.805  1244  1259 I ActivityManager: Process com.google.android.onetimeinitializer (pid 5221) has died: cch+99 CEM 
05-11 21:43:07.835  1244  1260 I ActivityManager: Process com.google.android.projection.gearhead:projection (pid 2774) has died: cch+99 CEM 
05-11 21:43:07.861  1244  1260 I ActivityManager: Process com.google.android.packageinstaller (pid 5249) has died: cch+99 CEM 
05-11 21:43:07.886  1244  1260 I ActivityManager: Process com.android.dynsystem (pid 3561) has died: cch+99 CEM 
05-11 21:43:07.921  1244  1260 I ActivityManager: Process com.android.externalstorage (pid 3744) has died: cch+99 CEM 
05-11 21:43:07.948  1244  8555 I ActivityManager: Process org.calyxos.ripple (pid 5424) has died: cch+99 CEM 
05-11 21:43:07.955  1244  1275 W ActivityManager: Rescheduling restart of crashed service com.mediatek.ims/.MtkDynamicImsService in 1624840ms for mem-pressure-event
05-11 21:43:07.979  1244  1259 I ActivityManager: Process com.termux (pid 3446) has died: cch+99 CEM 
05-11 21:43:08.004  1244  1259 I ActivityManager: Process com.android.managedprovisioning (pid 2756) has died: cch+99 CEM 
05-11 21:43:08.037  1244  1260 I ActivityManager: Process com.android.cellbroadcastreceiver.module (pid 2174) has died: cch+99 CEM 
05-11 21:43:08.071  1244  1259 I ActivityManager: Process com.google.android.apps.turbo:ssb (pid 4805) has died: cch+99 CEM 
05-11 21:43:08.097  1244  1259 I ActivityManager: Process com.google.android.projection.gearhead:provider (pid 3372) has died: cch+99 CEM 
05-11 21:43:08.133  1244  3155 I ActivityManager: Process com.google.android.dialer (pid 2192) has died: cch+99 CEM 
05-11 21:43:08.169  1244  1929 I ActivityManager: Process com.google.android.accessibility.soundamplifier (pid 6822) has died: cch+55 CEM 
05-11 21:43:08.209  1244  3548 I ActivityManager: Process com.google.android.gms.unstable (pid 5425) has died: cch+55 CEM 
05-11 21:43:08.242  1244  3548 I ActivityManager: Process com.microsoft.office.word (pid 6803) has died: cch+95 CEM 
05-11 21:43:10.584  1244  1275 W ActivityManager: Rescheduling restart of crashed service com.mediatek.ims/.MtkDynamicImsService in 1622211ms for mem-pressure-event
05-11 21:43:12.811   444  8176 I keystore2: keystore2::watchdog: Watchdog thread idle -> terminating. Have a great day.
05-11 21:43:13.594  1244  3548 D OomAdjuster: Not killing cached processes
05-11 21:43:23.324  1244  8560 D OomAdjuster: Not killing cached processes
05-11 21:43:26.116  1244  3155 I ActivityManager: Process com.google.android.marvin.talkback (pid 5842) has died: cch+85 CEM 
05-11 21:43:26.181  1244  3155 I ActivityManager: Process tw.nekomimi.nekogram (pid 7166) has died: cch+75 CEM 
05-11 21:43:27.205  1244  3155 I ActivityManager: Process com.android.chrome:sandboxed_process0:org.chromium.content.app.SandboxedProcessService0:0 (pid 7461) has died: cch+75 CEM 
05-11 21:43:27.207  1244  3155 W ActivityManager: Scheduling restart of crashed service com.android.chrome/org.chromium.content.app.SandboxedProcessService0:0 in 1000ms for connection
05-11 21:43:27.272  1244  1522 I ActivityManager: Process com.whatsapp (pid 4254) has died: cch+75 CEM 
05-11 21:43:27.431  1244  1522 I ActivityManager: Process com.google.android.apps.restore (pid 4553) has died: cch+85 CEM 
05-11 21:43:27.436  1244  1275 W ActivityManager: Rescheduling restart of crashed service com.mediatek.ims/.MtkDynamicImsService in 1605358ms for mem-pressure-event
05-11 21:43:27.480  1244  3155 I ActivityManager: Process com.google.android.gms.ui (pid 5805) has died: cch+45 CEM 
