05-11 21:41:22.501  1244  2664 W Fingerprint21: 	at android.os.HwBinder.getService(HwBinder.java:81)
05-11 21:41:22.501  1244  2664 W Fingerprint21: 	at android.hardware.biometrics.fingerprint.V2_1.IBiometricsFingerprint.getService(IBiometricsFingerprint.java:74)
05-11 21:41:22.501  1244  2664 W Fingerprint21: 	at android.hardware.biometrics.fingerprint.V2_1.IBiometricsFingerprint.getService(IBiometricsFingerprint.java:84)
05-11 21:41:22.501  1244  2664 W Fingerprint21: 	at com.android.server.biometrics.sensors.fingerprint.hidl.Fingerprint21.getDaemon(Fingerprint21.java:422)
05-11 21:41:22.501  1244  2664 W Fingerprint21: 	at com.android.server.biometrics.sensors.fingerprint.hidl.Fingerprint21.isHardwareDetected(Fingerprint21.java:775)
05-11 21:41:22.501  1244  2664 W Fingerprint21: 	at com.android.server.biometrics.sensors.fingerprint.FingerprintService$FingerprintServiceWrapper.isHardwareDetectedDeprecated(FingerprintService.java:683)
05-11 21:41:22.501  1244  2664 W Fingerprint21: 	at android.hardware.fingerprint.IFingerprintService$Stub.onTransact(IFingerprintService.java:689)
05-11 21:41:22.501  1244  2664 W Fingerprint21: 	at android.os.Binder.execTransactInternal(Binder.java:1285)
05-11 21:41:22.501  1244  2664 W Fingerprint21: 	at android.os.Binder.execTransact(Binder.java:1244)
05-11 21:41:22.501  1244  2664 W Fingerprint21: Fingerprint HAL not available
05-11 21:41:22.526  1244  2667 D Fingerprint21: Daemon was null, reconnecting, current operation: null
05-11 21:41:22.528  1244  2667 W Fingerprint21: NoSuchElementException
05-11 21:41:22.528  1244  2667 W Fingerprint21: java.util.NoSuchElementException
05-11 21:41:22.528  1244  2667 W Fingerprint21: 	at android.os.HwBinder.getService(Native Method)
05-11 21:41:22.528  1244  2667 W Fingerprint21: 	at android.os.HwBinder.getService(HwBinder.java:81)
05-11 21:41:22.528  1244  2667 W Fingerprint21: 	at android.hardware.biometrics.fingerprint.V2_1.IBiometricsFingerprint.getService(IBiometricsFingerprint.java:74)
05-11 21:41:22.528  1244  2667 W Fingerprint21: 	at android.hardware.biometrics.fingerprint.V2_1.IBiometricsFingerprint.getService(IBiometricsFingerprint.java:84)
05-11 21:41:22.528  1244  2667 W Fingerprint21: 	at com.android.server.biometrics.sensors.fingerprint.hidl.Fingerprint21.getDaemon(Fingerprint21.java:422)
05-11 21:41:22.528  1244  2667 W Fingerprint21: 	at com.android.server.biometrics.sensors.fingerprint.hidl.Fingerprint21.isHardwareDetected(Fingerprint21.java:775)
05-11 21:41:22.528  1244  2667 W Fingerprint21: 	at com.android.server.biometrics.sensors.fingerprint.FingerprintService$FingerprintServiceWrapper.isHardwareDetectedDeprecated(FingerprintService.java:683)
05-11 21:41:22.528  1244  2667 W Fingerprint21: 	at android.hardware.fingerprint.IFingerprintService$Stub.onTransact(IFingerprintService.java:689)
05-11 21:41:22.528  1244  2667 W Fingerprint21: 	at android.os.Binder.execTransactInternal(Binder.java:1285)
05-11 21:41:22.528  1244  2667 W Fingerprint21: 	at android.os.Binder.execTransact(Binder.java:1244)
05-11 21:41:22.528  1244  2667 W Fingerprint21: Fingerprint HAL not available
05-11 21:41:22.533  1244  2664 D Fingerprint21: Daemon was null, reconnecting, current operation: null
05-11 21:41:22.536  1244  2664 W Fingerprint21: NoSuchElementException
05-11 21:41:22.536  1244  2664 W Fingerprint21: java.util.NoSuchElementException
05-11 21:41:22.536  1244  2664 W Fingerprint21: 	at android.os.HwBinder.getService(Native Method)
05-11 21:41:22.536  1244  2664 W Fingerprint21: 	at android.os.HwBinder.getService(HwBinder.java:81)
05-11 21:41:22.536  1244  2664 W Fingerprint21: 	at android.hardware.biometrics.fingerprint.V2_1.IBiometricsFingerprint.getService(IBiometricsFingerprint.java:74)
05-11 21:41:22.536  1244  2664 W Fingerprint21: 	at android.hardware.biometrics.fingerprint.V2_1.IBiometricsFingerprint.getService(IBiometricsFingerprint.java:84)
05-11 21:41:22.536  1244  2664 W Fingerprint21: 	at com.android.server.biometrics.sensors.fingerprint.hidl.Fingerprint21.getDaemon(Fingerprint21.java:422)
05-11 21:41:22.536  1244  2664 W Fingerprint21: 	at com.android.server.biometrics.sensors.fingerprint.hidl.Fingerprint21.isHardwareDetected(Fingerprint21.java:775)
05-11 21:41:22.536  1244  2664 W Fingerprint21: 	at com.android.server.biometrics.sensors.fingerprint.FingerprintService$FingerprintServiceWrapper.isHardwareDetectedDeprecated(FingerprintService.java:683)
05-11 21:41:22.536  1244  2664 W Fingerprint21: 	at android.hardware.fingerprint.IFingerprintService$Stub.onTransact(IFingerprintService.java:689)
05-11 21:41:22.536  1244  2664 W Fingerprint21: 	at android.os.Binder.execTransactInternal(Binder.java:1285)
05-11 21:41:22.536  1244  2664 W Fingerprint21: 	at android.os.Binder.execTransact(Binder.java:1244)
05-11 21:41:22.537  1244  2664 W Fingerprint21: Fingerprint HAL not available
05-11 21:41:22.568  1244  2664 D Fingerprint21: Daemon was null, reconnecting, current operation: null
05-11 21:41:22.570  1244  2664 W Fingerprint21: NoSuchElementException
05-11 21:41:22.570  1244  2664 W Fingerprint21: java.util.NoSuchElementException
05-11 21:41:22.570  1244  2664 W Fingerprint21: 	at android.os.HwBinder.getService(Native Method)
05-11 21:41:22.570  1244  2664 W Fingerprint21: 	at android.os.HwBinder.getService(HwBinder.java:81)
05-11 21:41:22.570  1244  2664 W Fingerprint21: 	at android.hardware.biometrics.fingerprint.V2_1.IBiometricsFingerprint.getService(IBiometricsFingerprint.java:74)
05-11 21:41:22.570  1244  2664 W Fingerprint21: 	at android.hardware.biometrics.fingerprint.V2_1.IBiometricsFingerprint.getService(IBiometricsFingerprint.java:84)
05-11 21:41:22.570  1244  2664 W Fingerprint21: 	at com.android.server.biometrics.sensors.fingerprint.hidl.Fingerprint21.getDaemon(Fingerprint21.java:422)
05-11 21:41:22.570  1244  2664 W Fingerprint21: 	at com.android.server.biometrics.sensors.fingerprint.hidl.Fingerprint21.isHardwareDetected(Fingerprint21.java:775)
05-11 21:41:22.570  1244  2664 W Fingerprint21: 	at com.android.server.biometrics.sensors.fingerprint.FingerprintService$FingerprintServiceWrapper.isHardwareDetectedDeprecated(FingerprintService.java:683)
05-11 21:41:22.570  1244  2664 W Fingerprint21: 	at android.hardware.fingerprint.IFingerprintService$Stub.onTransact(IFingerprintService.java:689)
05-11 21:41:22.570  1244  2664 W Fingerprint21: 	at android.os.Binder.execTransactInternal(Binder.java:1285)
05-11 21:41:22.570  1244  2664 W Fingerprint21: 	at android.os.Binder.execTransact(Binder.java:1244)
05-11 21:41:22.570  1244  2664 W Fingerprint21: Fingerprint HAL not available
05-11 21:41:23.454  1244  1285 W BatteryExternalStatsWorker: error reading Bluetooth stats: 9
05-11 21:41:23.504  1244  2667 D OomAdjuster: Not killing cached processes
05-11 21:41:23.869   444  4352 I keystore2: keystore2::watchdog: Watchdog thread idle -> terminating. Have a great day.
05-11 21:41:26.234  1244  1275 W ActivityManager: Rescheduling restart of crashed service com.mediatek.ims/.MtkDynamicImsService in 1726561ms for mem-pressure-event
05-11 21:41:27.635  1244  1324 D CompatibilityChangeReporter: Compat change id reported: 218533173; UID 10556; state: ENABLED
05-11 21:41:28.544  1244  1929 D OomAdjuster: Not killing cached processes
05-11 21:41:28.921  1244  2667 D CompatibilityChangeReporter: Compat change id reported: 194532703; UID 10453; state: ENABLED
05-11 21:41:28.987  1244  1929 W ActivityManager: Unable to start service Intent { cmp=com.google.android.turboadapter/.GoogleBatteryService } U=0: not found
05-11 21:41:28.989  1244  2666 W ActivityManager: Unable to start service Intent { cmp=com.google.android.turboadapter/.GoogleBatteryService } U=0: not found
05-11 21:41:28.997  2898  2898 E ActivityThread: Service com.google.android.apps.turbo.deadline.library.BatteryFlagService has leaked ServiceConnection aut@c128667 that was originally bound here
05-11 21:41:28.997  2898  2898 E ActivityThread: android.app.ServiceConnectionLeaked: Service com.google.android.apps.turbo.deadline.library.BatteryFlagService has leaked ServiceConnection aut@c128667 that was originally bound here
05-11 21:41:28.997  2898  2898 E ActivityThread: 	at android.app.LoadedApk$ServiceDispatcher.<init>(LoadedApk.java:2045)
05-11 21:41:28.997  2898  2898 E ActivityThread: 	at android.app.LoadedApk.getServiceDispatcherCommon(LoadedApk.java:1917)
05-11 21:41:28.997  2898  2898 E ActivityThread: 	at android.app.LoadedApk.getServiceDispatcher(LoadedApk.java:1896)
05-11 21:41:28.997  2898  2898 E ActivityThread: 	at android.app.ContextImpl.bindServiceCommon(ContextImpl.java:2027)
05-11 21:41:28.997  2898  2898 E ActivityThread: 	at android.app.ContextImpl.bindService(ContextImpl.java:1957)
05-11 21:41:28.997  2898  2898 E ActivityThread: 	at android.content.ContextWrapper.bindService(ContextWrapper.java:853)
05-11 21:41:28.997  2898  2898 E ActivityThread: 	at aup.a(PG:9)
05-11 21:41:28.997  2898  2898 E ActivityThread: 	at hu.b(PG:3)
05-11 21:41:28.997  2898  2898 E ActivityThread: 	at com.google.android.apps.turbo.deadline.library.BatteryFlagService.c(PG:1)
05-11 21:41:28.997  2898  2898 E ActivityThread: 	at atm.run(PG:85)
05-11 21:41:28.997  2898  2898 E ActivityThread: 	at java.util.concurrent.Executors$RunnableAdapter.call(Executors.java:463)
05-11 21:41:28.997  2898  2898 E ActivityThread: 	at dpi.a(PG:1)
05-11 21:41:28.997  2898  2898 E ActivityThread: 	at dor.run(PG:4)
05-11 21:41:28.997  2898  2898 E ActivityThread: 	at dpj.run(PG:1)
05-11 21:41:28.997  2898  2898 E ActivityThread: 	at java.util.concurrent.ThreadPoolExecutor.runWorker(ThreadPoolExecutor.java:1137)
05-11 21:41:28.997  2898  2898 E ActivityThread: 	at java.util.concurrent.ThreadPoolExecutor$Worker.run(ThreadPoolExecutor.java:637)
05-11 21:41:28.997  2898  2898 E ActivityThread: 	at java.lang.Thread.run(Thread.java:1012)
05-11 21:41:28.998  1244  2664 W ActivityManager: Unbind failed: could not find connection for android.os.BinderProxy@fb781af
05-11 21:41:29.002  2898  2898 E ActivityThread: Service com.google.android.apps.turbo.deadline.library.DeadlineUpdateJobService has leaked ServiceConnection aut@77d2cbd that was originally bound here
05-11 21:41:29.002  2898  2898 E ActivityThread: android.app.ServiceConnectionLeaked: Service com.google.android.apps.turbo.deadline.library.DeadlineUpdateJobService has leaked ServiceConnection aut@77d2cbd that was originally bound here
05-11 21:41:29.002  2898  2898 E ActivityThread: 	at android.app.LoadedApk$ServiceDispatcher.<init>(LoadedApk.java:2045)
05-11 21:41:29.002  2898  2898 E ActivityThread: 	at android.app.LoadedApk.getServiceDispatcherCommon(LoadedApk.java:1917)
05-11 21:41:29.002  2898  2898 E ActivityThread: 	at android.app.LoadedApk.getServiceDispatcher(LoadedApk.java:1896)
05-11 21:41:29.002  2898  2898 E ActivityThread: 	at android.app.ContextImpl.bindServiceCommon(ContextImpl.java:2027)
05-11 21:41:29.002  2898  2898 E ActivityThread: 	at android.app.ContextImpl.bindService(ContextImpl.java:1957)
05-11 21:41:29.002  2898  2898 E ActivityThread: 	at android.content.ContextWrapper.bindService(ContextWrapper.java:853)
05-11 21:41:29.002  2898  2898 E ActivityThread: 	at aup.a(PG:16)
05-11 21:41:29.002  2898  2898 E ActivityThread: 	at hu.b(PG:3)
05-11 21:41:29.002  2898  2898 E ActivityThread: 	at com.google.android.apps.turbo.deadline.library.DeadlineUpdateJobService.c(PG:2)
05-11 21:41:29.002  2898  2898 E ActivityThread: 	at atm.run(PG:68)
05-11 21:41:29.002  2898  2898 E ActivityThread: 	at java.util.concurrent.Executors$RunnableAdapter.call(Executors.java:463)
05-11 21:41:29.002  2898  2898 E ActivityThread: 	at dpi.a(PG:1)
05-11 21:41:29.002  2898  2898 E ActivityThread: 	at dor.run(PG:4)
05-11 21:41:29.002  2898  2898 E ActivityThread: 	at dpj.run(PG:1)
05-11 21:41:29.002  2898  2898 E ActivityThread: 	at java.util.concurrent.ThreadPoolExecutor.runWorker(ThreadPoolExecutor.java:1137)
05-11 21:41:29.002  2898  2898 E ActivityThread: 	at java.util.concurrent.ThreadPoolExecutor$Worker.run(ThreadPoolExecutor.java:637)
05-11 21:41:29.002  2898  2898 E ActivityThread: 	at java.lang.Thread.run(Thread.java:1012)
05-11 21:41:29.013  1244  1929 W ActivityManager: Unbind failed: could not find connection for android.os.BinderProxy@2cff7a7
05-11 21:41:29.026  1244  1244 D CompatibilityChangeReporter: Compat change id reported: 168419799; UID 10529; state: DISABLED
05-11 21:41:29.027  1244  1244 D CompatibilityChangeReporter: Compat change id reported: 273564678; UID 10529; state: DISABLED
05-11 21:41:30.055  1244  1297 I AppsFilter: interaction: PackageSetting{3947a5b app.netmirror.netmirror/10570} -> PackageSetting{90f026d com.oyeah.alpha/10529} BLOCKED
05-11 21:41:30.055  1244  1297 I AppsFilter: interaction: PackageSetting{ddda4af com.golgappa.studyrays/10568} -> PackageSetting{90f026d com.oyeah.alpha/10529} BLOCKED
05-11 21:41:30.085  1244  1244 I Telecom : DefaultDialerCache: Refreshing default dialer for user 0: now com.google.android.dialer: DDC.oR@AMo
05-11 21:41:30.290  1244  2667 W JobScheduler: Job didn't exist in JobStore: c976d97 #u0a461/-47 com.google.android.googlequicksearchbox/com.google.android.apps.gsa.tasks.BackgroundTasksJobService
05-11 21:41:31.180  1244  1324 D CompatibilityChangeReporter: Compat change id reported: 218533173; UID 10550; state: ENABLED
05-11 21:41:31.382  1244  2666 W ProcessStats: Tracking association SourceState{d327555 com.google.android.apps.wellbeing/10456 Top #4450} whose proc state 1 is better than process ProcessState{681959f com.google.android.gms.persistent/10446 pkg=com.google.android.gms} proc state 4 (915 skipped)
05-11 21:41:32.845  1244  2664 W JobScheduler: Job didn't exist in JobStore: 279e16b #u0a487/1034 com.google.android.apps.photos/com.google.android.libraries.social.mediamonitor.MediaMonitorJobSchedulerService
05-11 21:41:32.931  1244  2664 W UriGrantsManagerService: No permission grants found for com.google.android.apps.photos
05-11 21:41:32.931  1244  2664 W UriGrantsManagerService: No permission grants found for com.google.android.apps.photos
05-11 21:41:32.943  1244  2664 D CompatibilityChangeReporter: Compat change id reported: 149924527; UID 10487; state: ENABLED
05-11 21:41:32.943  1244  2664 D CompatibilityChangeReporter: Compat change id reported: 132649864; UID 10487; state: DISABLED
05-11 21:41:32.945  1244  2664 D CompatibilityChangeReporter: Compat change id reported: 182734110; UID 10487; state: ENABLED
05-11 21:41:33.817  1244  2666 D OomAdjuster: Not killing cached processes
05-11 21:41:34.021  1244  2664 W JobScheduler: Job didn't exist in JobStore: e686580 #u0a462/855 com.google.android.apps.nbu.files/androidx.work.impl.background.systemjob.SystemJobService
05-11 21:41:34.126  1244  2664 W UriGrantsManagerService: No permission grants found for com.google.android.apps.photos
05-11 21:41:34.127  1244  2664 W UriGrantsManagerService: No permission grants found for com.google.android.apps.photos
05-11 21:41:34.209  1244  2664 W UriGrantsManagerService: No permission grants found for com.google.android.apps.photos
05-11 21:41:34.209  1244  2664 W UriGrantsManagerService: No permission grants found for com.google.android.apps.photos
05-11 21:41:36.487  1244  1244 I FingerprintManager: onPowerPressed
05-11 21:41:36.487  1244  1244 D WindowManager: powerPress: eventTime=127452 interactive=false count=1 beganFromNonInteractive=true mShortPressOnPowerBehavior=1
05-11 21:41:36.487  1244  1244 E Fingerprint21: onPowerPressed not supported for HIDL clients
05-11 21:41:36.490  1244  1346 I PowerGroup: Waking up power group from Dozing (groupId=0, uid=1000, reason=WAKE_REASON_POWER_BUTTON, details=android.policy:POWER)...
05-11 21:41:36.496  1244  1346 I PowerManagerService: Waking up from Dozing (uid=1000, reason=WAKE_REASON_POWER_BUTTON, details=android.policy:POWER)...
05-11 21:41:36.498  1244  1244 E ActivityManager: Cancel pending or running compactions as system is awake
05-11 21:41:36.505  1244  1291 I DisplayPowerController[0]: Blocking screen on until initial contents have been drawn.
05-11 21:41:36.507  1244  1291 V DisplayPowerController[0]: Brightness [0.21653543] reason changing to: 'manual', previous reason: 'screen_off'.
05-11 21:41:36.507  1244  1291 I DisplayPowerController[0]: BrightnessEvent: disp=0, physDisp=local:0, brt=0.21653543, initBrt=0.0, rcmdBrt=NaN, preBrt=NaN, lux=0.0, preLux=0.0, hbmMax=1.0, hbmMode=off, rbcStrength=50, powerFactor=1.0, thrmMax=1.0, wasShortTermModelActive=false, flags=, reason=manual, autoBrightness=false
05-11 21:41:36.507  1244  1291 I DisplayPowerController[0]: BrightnessEvent: disp=0, physDisp=local:0, brt=0.21653543, initBrt=0.21653543, rcmdBrt=NaN, preBrt=NaN, lux=0.0, preLux=0.0, hbmMax=1.0, hbmMode=off, rbcStrength=50, powerFactor=1.0, thrmMax=1.0, wasShortTermModelActive=false, flags=, reason=manual, autoBrightness=false
05-11 21:41:36.546  1244  2664 D Fingerprint21: Daemon was null, reconnecting, current operation: null
05-11 21:41:36.548  1244  2664 W Fingerprint21: NoSuchElementException
05-11 21:41:36.548  1244  2664 W Fingerprint21: java.util.NoSuchElementException
05-11 21:41:36.548  1244  2664 W Fingerprint21: 	at android.os.HwBinder.getService(Native Method)
05-11 21:41:36.548  1244  2664 W Fingerprint21: 	at android.os.HwBinder.getService(HwBinder.java:81)
05-11 21:41:36.548  1244  2664 W Fingerprint21: 	at android.hardware.biometrics.fingerprint.V2_1.IBiometricsFingerprint.getService(IBiometricsFingerprint.java:74)
05-11 21:41:36.548  1244  2664 W Fingerprint21: 	at android.hardware.biometrics.fingerprint.V2_1.IBiometricsFingerprint.getService(IBiometricsFingerprint.java:84)
05-11 21:41:36.548  1244  2664 W Fingerprint21: 	at com.android.server.biometrics.sensors.fingerprint.hidl.Fingerprint21.getDaemon(Fingerprint21.java:422)
05-11 21:41:36.548  1244  2664 W Fingerprint21: 	at com.android.server.biometrics.sensors.fingerprint.hidl.Fingerprint21.isHardwareDetected(Fingerprint21.java:775)
05-11 21:41:36.548  1244  2664 W Fingerprint21: 	at com.android.server.biometrics.sensors.fingerprint.FingerprintService$FingerprintServiceWrapper.isHardwareDetectedDeprecated(FingerprintService.java:683)
05-11 21:41:36.548  1244  2664 W Fingerprint21: 	at android.hardware.fingerprint.IFingerprintService$Stub.onTransact(IFingerprintService.java:689)
05-11 21:41:36.548  1244  2664 W Fingerprint21: 	at android.os.Binder.execTransactInternal(Binder.java:1285)
05-11 21:41:36.548  1244  2664 W Fingerprint21: 	at android.os.Binder.execTransact(Binder.java:1244)
05-11 21:41:36.548  1244  2664 W Fingerprint21: Fingerprint HAL not available
05-11 21:41:36.554  1244  1267 I DisplayDevice: [0] Layerstack set to 0 for local:0
05-11 21:41:36.564  1244  1244 D BiometricScheduler/CustomFaceProvider: [Added] {[7] com.android.server.biometrics.sensors.face.custom.FaceUpdateActiveUserClient, proto=1, owner=android, cookie=0, requestId=-1, userId=0}, new queue size: 1
05-11 21:41:36.564  1244  1244 D BiometricScheduler/CustomFaceProvider: [Polled] {[7] com.android.server.biometrics.sensors.face.custom.FaceUpdateActiveUserClient, proto=1, owner=android, cookie=0, requestId=-1, userId=0}, State: 0
05-11 21:41:36.564  1244  1244 D BiometricScheduler/CustomFaceProvider: [Started] {[7] com.android.server.biometrics.sensors.face.custom.FaceUpdateActiveUserClient, proto=1, owner=android, cookie=0, requestId=-1, userId=0}
05-11 21:41:36.564  1244  1244 D FaceUpdateActiveUserClient: Already user: 0, refreshing authenticatorId
05-11 21:41:36.575  1244  1244 D BiometricSchedulerOperation: [Finished / destroy]: {[7] com.android.server.biometrics.sensors.face.custom.FaceUpdateActiveUserClient, proto=1, owner=android, cookie=0, requestId=-1, userId=0}
05-11 21:41:36.575  1244  1244 V BiometricSchedulerOperation: started: {[7] com.android.server.biometrics.sensors.face.custom.FaceUpdateActiveUserClient, proto=1, owner=android, cookie=0, requestId=-1, userId=0}, State: 5
05-11 21:41:36.576  1244  1244 D BiometricScheduler/CustomFaceProvider: [Added] {[8] com.android.server.biometrics.sensors.face.custom.FaceAuthenticationClient, proto=3, owner=com.android.systemui, cookie=0, requestId=2, userId=0}, new queue size: 1
05-11 21:41:36.576  1244  1244 V BiometricScheduler/CustomFaceProvider: Not idle, current operation: {[7] com.android.server.biometrics.sensors.face.custom.FaceUpdateActiveUserClient, proto=1, owner=android, cookie=0, requestId=-1, userId=0}, State: 5
05-11 21:41:36.592  1244  1244 D BiometricScheduler/CustomFaceProvider: [Finishing] {[7] com.android.server.biometrics.sensors.face.custom.FaceUpdateActiveUserClient, proto=1, owner=android, cookie=0, requestId=-1, userId=0}, success: true
05-11 21:41:36.592  1244  1244 D BiometricScheduler/CustomFaceProvider: [Polled] {[8] com.android.server.biometrics.sensors.face.custom.FaceAuthenticationClient, proto=3, owner=com.android.systemui, cookie=0, requestId=2, userId=0}, State: 0
05-11 21:41:36.592  1244  1244 D BiometricScheduler/CustomFaceProvider: [Started] {[8] com.android.server.biometrics.sensors.face.custom.FaceAuthenticationClient, proto=3, owner=com.android.systemui, cookie=0, requestId=2, userId=0}
05-11 21:41:36.592  1244  1244 D BiometricCoexCoordinator: addAuthenticationClient(Unknown), client: {[8] com.android.server.biometrics.sensors.face.custom.FaceAuthenticationClient, proto=3, owner=com.android.systemui, cookie=0, requestId=2, userId=0}
05-11 21:41:36.592  1244  1244 D Biometrics/AuthenticationClient: Requesting auth for com.android.systemui
05-11 21:41:36.592  1244  1244 V BiometricSchedulerOperation: started: {[8] com.android.server.biometrics.sensors.face.custom.FaceAuthenticationClient, proto=3, owner=com.android.systemui, cookie=0, requestId=2, userId=0}, State: 2
05-11 21:41:36.837  1244  1263 I UsbPortManager: USB HAL HIDL version: 11
05-11 21:41:36.852  1244  1291 I DisplayPowerController[0]: Unblocked screen on after 348 ms
05-11 21:41:36.854  1244  1291 I DisplayPowerController[0]: BrightnessEvent: disp=0, physDisp=local:0, brt=0.21653543, initBrt=0.21653543, rcmdBrt=NaN, preBrt=NaN, lux=0.0, preLux=0.0, hbmMax=1.0, hbmMode=off, rbcStrength=50, powerFactor=1.0, thrmMax=1.0, wasShortTermModelActive=false, flags=, reason=manual, autoBrightness=false
05-11 21:41:36.854  1244  1291 I DisplayPowerController[0]: BrightnessEvent: disp=0, physDisp=local:0, brt=0.21653543, initBrt=0.21653543, rcmdBrt=NaN, preBrt=NaN, lux=0.0, preLux=0.0, hbmMax=1.0, hbmMode=off, rbcStrength=50, powerFactor=1.0, thrmMax=1.0, wasShortTermModelActive=false, flags=, reason=manual, autoBrightness=false
05-11 21:41:36.855  1244  1291 W PowerManagerService: Screen on took 508 ms
05-11 21:41:36.855  1244  1291 I DreamManagerService: Gently waking up from dream.
05-11 21:41:36.926  1244  1522 I DreamManagerService: Leaving dreamland.
05-11 21:41:36.927  1244  1263 I DreamController: Stopping dream: name=ComponentInfo{com.android.systemui/com.android.systemui.doze.DozeService}, isPreviewMode=false, canDoze=true, userId=0, reason='finished self'(from 'power manager request')
05-11 21:41:36.994  1244  2667 D Fingerprint21: Daemon was null, reconnecting, current operation: null
05-11 21:41:36.996  1244  2667 W Fingerprint21: NoSuchElementException
05-11 21:41:36.996  1244  2667 W Fingerprint21: java.util.NoSuchElementException
05-11 21:41:36.996  1244  2667 W Fingerprint21: 	at android.os.HwBinder.getService(Native Method)
05-11 21:41:36.996  1244  2667 W Fingerprint21: 	at android.os.HwBinder.getService(HwBinder.java:81)
05-11 21:41:36.996  1244  2667 W Fingerprint21: 	at android.hardware.biometrics.fingerprint.V2_1.IBiometricsFingerprint.getService(IBiometricsFingerprint.java:74)
05-11 21:41:36.996  1244  2667 W Fingerprint21: 	at android.hardware.biometrics.fingerprint.V2_1.IBiometricsFingerprint.getService(IBiometricsFingerprint.java:84)
05-11 21:41:36.996  1244  2667 W Fingerprint21: 	at com.android.server.biometrics.sensors.fingerprint.hidl.Fingerprint21.getDaemon(Fingerprint21.java:422)
05-11 21:41:36.996  1244  2667 W Fingerprint21: 	at com.android.server.biometrics.sensors.fingerprint.hidl.Fingerprint21.isHardwareDetected(Fingerprint21.java:775)
05-11 21:41:36.996  1244  2667 W Fingerprint21: 	at com.android.server.biometrics.sensors.fingerprint.FingerprintService$FingerprintServiceWrapper.isHardwareDetectedDeprecated(FingerprintService.java:683)
05-11 21:41:36.996  1244  2667 W Fingerprint21: 	at android.hardware.fingerprint.IFingerprintService$Stub.onTransact(IFingerprintService.java:689)
05-11 21:41:36.996  1244  2667 W Fingerprint21: 	at android.os.Binder.execTransactInternal(Binder.java:1285)
05-11 21:41:36.996  1244  2667 W Fingerprint21: 	at android.os.Binder.execTransact(Binder.java:1244)
05-11 21:41:36.996  1244  2667 W Fingerprint21: Fingerprint HAL not available
05-11 21:41:37.585  1244  1929 D Fingerprint21: Daemon was null, reconnecting, current operation: null
05-11 21:41:37.587  1244  1929 W Fingerprint21: NoSuchElementException
05-11 21:41:37.587  1244  1929 W Fingerprint21: java.util.NoSuchElementException
05-11 21:41:37.587  1244  1929 W Fingerprint21: 	at android.os.HwBinder.getService(Native Method)
05-11 21:41:37.587  1244  1929 W Fingerprint21: 	at android.os.HwBinder.getService(HwBinder.java:81)
05-11 21:41:37.587  1244  1929 W Fingerprint21: 	at android.hardware.biometrics.fingerprint.V2_1.IBiometricsFingerprint.getService(IBiometricsFingerprint.java:74)
05-11 21:41:37.587  1244  1929 W Fingerprint21: 	at android.hardware.biometrics.fingerprint.V2_1.IBiometricsFingerprint.getService(IBiometricsFingerprint.java:84)
05-11 21:41:37.587  1244  1929 W Fingerprint21: 	at com.android.server.biometrics.sensors.fingerprint.hidl.Fingerprint21.getDaemon(Fingerprint21.java:422)
05-11 21:41:37.587  1244  1929 W Fingerprint21: 	at com.android.server.biometrics.sensors.fingerprint.hidl.Fingerprint21.isHardwareDetected(Fingerprint21.java:775)
05-11 21:41:37.587  1244  1929 W Fingerprint21: 	at com.android.server.biometrics.sensors.fingerprint.FingerprintService$FingerprintServiceWrapper.isHardwareDetectedDeprecated(FingerprintService.java:683)
05-11 21:41:37.587  1244  1929 W Fingerprint21: 	at android.hardware.fingerprint.IFingerprintService$Stub.onTransact(IFingerprintService.java:689)
05-11 21:41:37.587  1244  1929 W Fingerprint21: 	at android.os.Binder.execTransactInternal(Binder.java:1285)
05-11 21:41:37.587  1244  1929 W Fingerprint21: 	at android.os.Binder.execTransact(Binder.java:1244)
05-11 21:41:37.587  1244  1929 W Fingerprint21: Fingerprint HAL not available
05-11 21:41:37.987  1534  1534 D FaceManager: Cancel face authentication requested for: 2
05-11 21:41:37.988  1244  1244 D BiometricScheduler/CustomFaceProvider: cancelAuthenticationOrDetection, requestId: 2
05-11 21:41:37.989  1244  1244 D BiometricScheduler/CustomFaceProvider: Cancelling auth/detect op: {[8] com.android.server.biometrics.sensors.face.custom.FaceAuthenticationClient, proto=3, owner=com.android.systemui, cookie=0, requestId=2, userId=0}, State: 2
05-11 21:41:37.989  1244  1244 D BiometricSchedulerOperation: [Cancelling] Current client: {[8] com.android.server.biometrics.sensors.face.custom.FaceAuthenticationClient, proto=3, owner=com.android.systemui, cookie=0, requestId=2, userId=0}
05-11 21:41:37.995  1244  1244 D CustomFaceProvider: handleError, client: com.android.systemui, error: 5, vendorCode: 0
05-11 21:41:37.995  1244  1244 D Biometrics/AcquisitionClient: onErrorInternal code: 5, finish: true
05-11 21:41:37.995  1244  1244 V BiometricLogger: Error latency: -1
05-11 21:41:37.995  1244  1244 W BiometricFrameworkStatsLogger: found a negative latency : -1
05-11 21:41:37.996  1244  1244 D BiometricSchedulerOperation: [Finished / destroy]: {[8] com.android.server.biometrics.sensors.face.custom.FaceAuthenticationClient, proto=3, owner=com.android.systemui, cookie=0, requestId=2, userId=0}
05-11 21:41:37.997  1244  1244 V BiometricCoexCoordinator: no haptic shouldUsuallyVibrate: false, hapticSuppressedByCoex: false
05-11 21:41:37.997  1244  1244 D BiometricScheduler/CustomFaceProvider: [Finishing] {[8] com.android.server.biometrics.sensors.face.custom.FaceAuthenticationClient, proto=3, owner=com.android.systemui, cookie=0, requestId=2, userId=0}, success: false
05-11 21:41:37.997  1244  1244 D BiometricCoexCoordinator: removeAuthenticationClient(Unknown), client: {[8] com.android.server.biometrics.sensors.face.custom.FaceAuthenticationClient, proto=3, owner=com.android.systemui, cookie=0, requestId=2, userId=0}
05-11 21:41:37.997  1244  1244 D BiometricScheduler/CustomFaceProvider: No operations, returning to idle
05-11 21:41:38.399  1244  2664 D Fingerprint21: Daemon was null, reconnecting, current operation: null
05-11 21:41:38.401  1244  2664 W Fingerprint21: NoSuchElementException
05-11 21:41:38.401  1244  2664 W Fingerprint21: java.util.NoSuchElementException
05-11 21:41:38.401  1244  2664 W Fingerprint21: 	at android.os.HwBinder.getService(Native Method)
05-11 21:41:38.401  1244  2664 W Fingerprint21: 	at android.os.HwBinder.getService(HwBinder.java:81)
05-11 21:41:38.401  1244  2664 W Fingerprint21: 	at android.hardware.biometrics.fingerprint.V2_1.IBiometricsFingerprint.getService(IBiometricsFingerprint.java:74)
05-11 21:41:38.401  1244  2664 W Fingerprint21: 	at android.hardware.biometrics.fingerprint.V2_1.IBiometricsFingerprint.getService(IBiometricsFingerprint.java:84)
05-11 21:41:38.401  1244  2664 W Fingerprint21: 	at com.android.server.biometrics.sensors.fingerprint.hidl.Fingerprint21.getDaemon(Fingerprint21.java:422)
05-11 21:41:38.401  1244  2664 W Fingerprint21: 	at com.android.server.biometrics.sensors.fingerprint.hidl.Fingerprint21.isHardwareDetected(Fingerprint21.java:775)
05-11 21:41:38.401  1244  2664 W Fingerprint21: 	at com.android.server.biometrics.sensors.fingerprint.FingerprintService$FingerprintServiceWrapper.isHardwareDetectedDeprecated(FingerprintService.java:683)
05-11 21:41:38.401  1244  2664 W Fingerprint21: 	at android.hardware.fingerprint.IFingerprintService$Stub.onTransact(IFingerprintService.java:689)
05-11 21:41:38.401  1244  2664 W Fingerprint21: 	at android.os.Binder.execTransactInternal(Binder.java:1285)
05-11 21:41:38.401  1244  2664 W Fingerprint21: 	at android.os.Binder.execTransact(Binder.java:1244)
05-11 21:41:38.401  1244  2664 W Fingerprint21: Fingerprint HAL not available
05-11 21:41:38.402  1244  1929 D LockSettingsService: spBasedDoVerifyCredential: user=0 hasEnrolledBiometrics=true
05-11 21:41:38.521  1244  1451 D BiometricDeferredQueue: Face addPendingLockoutResetForUser: 0
05-11 21:41:38.530   444   458 I keystore2: keystore2::authorization: on_lock_screen_event(LockScreenEvent(0), user_id=0, password.is_some()=true, unlocking_sids=None)
05-11 21:41:38.540   444   458 I keystore2: keystore2::super_key: In unlock_and_get_user_state. Trying to unlock when already unlocked.
05-11 21:41:38.540  1244  1929 I LockSettingsService: Unlocking user 0 with secret only, length 32
05-11 21:41:38.540  1244  1929 D LockSettingsService: unlockUser finished
05-11 21:41:38.540  1244  1929 D SystemServerTiming: finishUserUnlocking-0
05-11 21:41:38.540  1244  1929 W ActivityManager: UserLifecycleEvent 5 received without an active userJourneySession.
05-11 21:41:38.540  1244  1929 D LockSettingsService: unlockUser finished
05-11 21:41:38.540  1244  1929 I LockSettingsService: Disabling escrow token on user 0
05-11 21:41:38.541  1244  1451 D BiometricDeferredQueue: Processing pending resetLockout for face
05-11 21:41:38.541  1244  1451 W BiometricDeferredQueue: mFaceGenerateChallengeCallback not null, previous operation may be stuck
05-11 21:41:38.541  1244  1451 D BiometricDeferredQueue: Resetting face lockout for sensor: 1008, user: 0
05-11 21:41:38.552  1244  1244 D BiometricScheduler/CustomFaceProvider: [Added] {[9] com.android.server.biometrics.sensors.face.custom.FaceUpdateActiveUserClient, proto=1, owner=android, cookie=0, requestId=-1, userId=0}, new queue size: 1
05-11 21:41:38.552  1244  1244 D BiometricScheduler/CustomFaceProvider: [Polled] {[9] com.android.server.biometrics.sensors.face.custom.FaceUpdateActiveUserClient, proto=1, owner=android, cookie=0, requestId=-1, userId=0}, State: 0
05-11 21:41:38.552  1244  1244 D BiometricScheduler/CustomFaceProvider: [Started] {[9] com.android.server.biometrics.sensors.face.custom.FaceUpdateActiveUserClient, proto=1, owner=android, cookie=0, requestId=-1, userId=0}
05-11 21:41:38.552  1244  1244 D FaceUpdateActiveUserClient: Already user: 0, refreshing authenticatorId
05-11 21:41:38.553  1244  1244 D BiometricSchedulerOperation: [Finished / destroy]: {[9] com.android.server.biometrics.sensors.face.custom.FaceUpdateActiveUserClient, proto=1, owner=android, cookie=0, requestId=-1, userId=0}
05-11 21:41:38.553  1244  1244 V BiometricSchedulerOperation: started: {[9] com.android.server.biometrics.sensors.face.custom.FaceUpdateActiveUserClient, proto=1, owner=android, cookie=0, requestId=-1, userId=0}, State: 5
05-11 21:41:38.553  1244  1244 D BiometricScheduler/CustomFaceProvider: [Added] {[10] com.android.server.biometrics.sensors.face.custom.FaceResetLockoutClient, proto=12, owner=android, cookie=0, requestId=-1, userId=0}, new queue size: 1
05-11 21:41:38.553  1244  1244 V BiometricScheduler/CustomFaceProvider: Not idle, current operation: {[9] com.android.server.biometrics.sensors.face.custom.FaceUpdateActiveUserClient, proto=1, owner=android, cookie=0, requestId=-1, userId=0}, State: 5
05-11 21:41:38.553  1244  1244 D BiometricScheduler/CustomFaceProvider: [Finishing] {[9] com.android.server.biometrics.sensors.face.custom.FaceUpdateActiveUserClient, proto=1, owner=android, cookie=0, requestId=-1, userId=0}, success: true
05-11 21:41:38.553  1244  1244 D BiometricScheduler/CustomFaceProvider: [Polled] {[10] com.android.server.biometrics.sensors.face.custom.FaceResetLockoutClient, proto=12, owner=android, cookie=0, requestId=-1, userId=0}, State: 0
05-11 21:41:38.553  1244  1244 D BiometricScheduler/CustomFaceProvider: [Started] {[10] com.android.server.biometrics.sensors.face.custom.FaceResetLockoutClient, proto=12, owner=android, cookie=0, requestId=-1, userId=0}
05-11 21:41:38.553  1244  1244 D BiometricSchedulerOperation: [Finished / destroy]: {[10] com.android.server.biometrics.sensors.face.custom.FaceResetLockoutClient, proto=12, owner=android, cookie=0, requestId=-1, userId=0}
05-11 21:41:38.553  1244  1244 V BiometricSchedulerOperation: started: {[10] com.android.server.biometrics.sensors.face.custom.FaceResetLockoutClient, proto=12, owner=android, cookie=0, requestId=-1, userId=0}, State: 5
05-11 21:41:38.553  1244  1244 D BiometricScheduler/CustomFaceProvider: [Finishing] {[10] com.android.server.biometrics.sensors.face.custom.FaceResetLockoutClient, proto=12, owner=android, cookie=0, requestId=-1, userId=0}, success: true
05-11 21:41:38.553  1244  1244 D BiometricScheduler/CustomFaceProvider: No operations, returning to idle
05-11 21:41:38.699  1244  2667 D ActivityTaskManager: Top Process State changed to PROCESS_STATE_TOP
05-11 21:41:38.826  1244  1522 D OomAdjuster: Not killing cached processes
05-11 21:41:39.051  1244  1244 D BiometricService: Sensor ID(1008), oemStrength: 255, updatedStrength: 255, modality 8, state: 0, cookie: 0, sensorId 1008, hasEnrollments: true cannot participate in Keystore operations
05-11 21:41:39.051  1244  1244 D BiometricService: Sensor ID(0), oemStrength: 15, updatedStrength: 15, modality 2, state: 0, cookie: 0, sensorId 0, hasEnrollments: false cannot participate in Keystore operations
05-11 21:41:39.052   444   458 I keystore2: keystore2::authorization: on_lock_screen_event(LockScreenEvent(0), user_id=0, password.is_some()=false, unlocking_sids=Some([]))
05-11 21:41:39.102  1244  1276 W BroadcastQueue: Background execution not allowed: receiving Intent { act=android.intent.action.USER_PRESENT flg=0x24200010 } to com.android.chrome/org.chromium.chrome.browser.sharing.click_to_call.ClickToCallMessageHandler$PhoneUnlockedReceiver
05-11 21:41:39.103  1244  1276 W BroadcastQueue: Background execution not allowed: receiving Intent { act=android.intent.action.USER_PRESENT flg=0x24200010 } to com.google.android.gms/.auth.setup.devicesignals.LockScreenReceiver
05-11 21:41:39.103  1244  1276 W BroadcastQueue: Background execution not allowed: receiving Intent { act=android.intent.action.USER_PRESENT flg=0x24200010 } to com.google.android.gms/.chimera.GmsIntentOperationService$PersistentTrustedReceiver
05-11 21:41:39.239  1244  1929 D SystemServerTiming: getUserSwitchability-0
05-11 21:41:39.239  1244  1929 D SystemServerTiming: TM.isInCall
05-11 21:41:39.241  1244  1929 D SystemServerTiming: hasUserRestriction-DISALLOW_USER_SWITCH
05-11 21:41:39.241  1244  1929 D SystemServerTiming: getInt-ALLOW_USER_SWITCHING_WHEN_SYSTEM_USER_LOCKED
05-11 21:41:39.241  1244  1929 D SystemServerTiming: isUserUnlocked-USER_SYSTEM
05-11 21:41:39.350  1244  1263 I UsbPortManager: USB HAL HIDL version: 11
05-11 21:41:39.484  1244  1244 W Looper  : Slow dispatch took 385ms main h=android.app.ActivityThread$H c=android.app.LoadedApk$ReceiverDispatcher$Args$$ExternalSyntheticLambda0@7558912 m=0
05-11 21:41:39.484  1244  1244 W Looper  : Slow delivery took 385ms main h=com.android.server.locksettings.LockSettingsStrongAuth$1 c=null m=1
05-11 21:41:40.011  1244  1244 W Looper  : Drained
05-11 21:41:40.978  1534  1618 D ShellBackPreview: initAnimation mMotionStarted=false
05-11 21:41:40.978  1244  1522 D CoreBackPreview: Focused window found using getFocusedWindowToken
05-11 21:41:40.979  1244  1522 D CoreBackPreview: startBackNavigation currentTask=Task{8fb29ad #7 type=standard A=1000:com.android.settings.root}, topRunningActivity=ActivityRecord{a69246a u0 com.android.settings/.SubSettings} t7}, callbackInfo=OnBackInvokedCallbackInfo{mCallback=android.window.IOnBackInvokedCallback$Stub$Proxy@bdd302, mPriority=-1}, currentFocus=Window{9d53838 u0 com.android.settings/com.android.settings.SubSettings}
05-11 21:41:40.979  1244  1522 D CoreBackPreview: Previous Destination is Activity:ComponentInfo{com.android.settings/com.android.settings.homepage.SettingsHomepageActivity} Task:null removedContainer:ActivityRecord{a69246a u0 com.android.settings/.SubSettings} t7}, backType=TYPE_CROSS_ACTIVITY
05-11 21:41:40.980  1534  1618 D ShellBackPreview: Received backNavigationInfo:BackNavigationInfo{mType=TYPE_CROSS_ACTIVITY (2), mDepartingAnimationTarget=null, mScreenshotSurface=null, mTaskWindowConfiguration= null, mScreenshotBuffer=null, mOnBackNavigationDone=android.os.RemoteCallback@4ba4bd4, mOnBackInvokedCallback=android.window.IOnBackInvokedCallback$Stub$Proxy@65117d}
05-11 21:41:41.043  1534  1618 D ShellBackPreview: Finishing gesture with event action: 1
05-11 21:41:41.044  1534  1618 D ShellBackPreview: onGestureFinished() mTriggerBack == true
05-11 21:41:41.044  1534  1618 D ShellBackPreview: BackAnimationController: finishAnimation()
05-11 21:41:41.045  1244  2480 D CoreBackPreview: onBackNavigationDone backType=2, task=Task{8fb29ad #7 type=standard A=1000:com.android.settings.root}, prevActivity=ActivityRecord{36c4073 u0 com.android.settings/.Settings} t7}
05-11 21:41:41.661  1244  2666 D CoreBackPreview: Window{9d53838 u0 com.android.settings/com.android.settings.SubSettings}: Setting back callback null
05-11 21:41:42.302  1244  1266 V WindowManager: Unknown focus tokens, dropping reportFocusChanged
05-11 21:41:42.935  1244  2667 D SystemServerTiming: getUserSwitchability-0
05-11 21:41:42.936  1244  2667 D SystemServerTiming: TM.isInCall
05-11 21:41:42.936  1244  2667 D SystemServerTiming: hasUserRestriction-DISALLOW_USER_SWITCH
05-11 21:41:42.936  1244  2667 D SystemServerTiming: getInt-ALLOW_USER_SWITCHING_WHEN_SYSTEM_USER_LOCKED
05-11 21:41:42.936  1244  2667 D SystemServerTiming: isUserUnlocked-USER_SYSTEM
05-11 21:41:42.943  1244  1822 D SystemServerTiming: getUserSwitchability-0
05-11 21:41:42.943  1244  1822 D SystemServerTiming: TM.isInCall
05-11 21:41:42.944  1244  1822 D SystemServerTiming: hasUserRestriction-DISALLOW_USER_SWITCH
05-11 21:41:42.944  1244  1822 D SystemServerTiming: getInt-ALLOW_USER_SWITCHING_WHEN_SYSTEM_USER_LOCKED
05-11 21:41:42.947  1244  1822 D SystemServerTiming: isUserUnlocked-USER_SYSTEM
05-11 21:41:43.870  1244  3157 D OomAdjuster: Not killing cached processes
05-11 21:41:48.901  1244  2664 D OomAdjuster: Not killing cached processes
05-11 21:41:49.552   444  7828 I keystore2: keystore2::watchdog: Watchdog thread idle -> terminating. Have a great day.
05-11 21:41:49.868  1244  2664 I PowerGroup: Powering off display group due to application (groupId= 0, uid= 10496, millisSinceLastUserActivity=-199, lastUserActivityEvent=touch)...
05-11 21:41:49.868  1244  2664 I PowerManagerService: Going to sleep due to application (uid 10496, screenOffTimeout=1800000, activityTimeoutWM=-1, maxDimRatio=0.20000005, maxDimDur=7000)...
05-11 21:41:49.882  1244  1260 D Fingerprint21: Daemon was null, reconnecting, current operation: null
05-11 21:41:49.884  1244  1260 W Fingerprint21: NoSuchElementException
05-11 21:41:49.884  1244  1260 W Fingerprint21: java.util.NoSuchElementException
05-11 21:41:49.884  1244  1260 W Fingerprint21: 	at android.os.HwBinder.getService(Native Method)
05-11 21:41:49.884  1244  1260 W Fingerprint21: 	at android.os.HwBinder.getService(HwBinder.java:81)
05-11 21:41:49.884  1244  1260 W Fingerprint21: 	at android.hardware.biometrics.fingerprint.V2_1.IBiometricsFingerprint.getService(IBiometricsFingerprint.java:74)
05-11 21:41:49.884  1244  1260 W Fingerprint21: 	at android.hardware.biometrics.fingerprint.V2_1.IBiometricsFingerprint.getService(IBiometricsFingerprint.java:84)
05-11 21:41:49.884  1244  1260 W Fingerprint21: 	at com.android.server.biometrics.sensors.fingerprint.hidl.Fingerprint21.getDaemon(Fingerprint21.java:422)
05-11 21:41:49.884  1244  1260 W Fingerprint21: 	at com.android.server.biometrics.sensors.fingerprint.hidl.Fingerprint21.isHardwareDetected(Fingerprint21.java:775)
05-11 21:41:49.884  1244  1260 W Fingerprint21: 	at com.android.server.biometrics.sensors.fingerprint.FingerprintService$FingerprintServiceWrapper.isHardwareDetectedDeprecated(FingerprintService.java:683)
05-11 21:41:49.884  1244  1260 W Fingerprint21: 	at android.hardware.fingerprint.IFingerprintService$Stub.onTransact(IFingerprintService.java:689)
05-11 21:41:49.884  1244  1260 W Fingerprint21: 	at android.os.Binder.execTransactInternal(Binder.java:1285)
05-11 21:41:49.884  1244  1260 W Fingerprint21: 	at android.os.Binder.execTransact(Binder.java:1244)
05-11 21:41:49.884  1244  1260 W Fingerprint21: Fingerprint HAL not available
05-11 21:41:49.948  1244  1291 I DisplayPowerController[0]: BrightnessEvent: disp=0, physDisp=local:0, brt=0.21653543, initBrt=0.21653543, rcmdBrt=NaN, preBrt=NaN, lux=0.0, preLux=0.0, hbmMax=1.0, hbmMode=off, rbcStrength=50, powerFactor=1.0, thrmMax=1.0, wasShortTermModelActive=false, flags=, reason=manual, autoBrightness=false
05-11 21:41:50.379  1244  1291 I DisplayPowerController[0]: Blocking screen off
05-11 21:41:50.379  1244  1291 I DisplayPowerController[0]: Unblocked screen off after 0 ms
05-11 21:41:50.422  1244  1291 D ActivityTaskManager: Top Process State changed to PROCESS_STATE_TOP_SLEEPING
05-11 21:41:50.446  1244  1291 V DisplayPowerController[0]: Brightness [0.0] reason changing to: 'screen_off', previous reason: 'manual'.
05-11 21:41:50.446  1244  1291 I DisplayPowerController[0]: BrightnessEvent: disp=0, physDisp=local:0, brt=0.0, initBrt=0.21653543, rcmdBrt=NaN, preBrt=NaN, lux=0.0, preLux=0.0, hbmMax=1.0, hbmMode=off, rbcStrength=50, powerFactor=1.0, thrmMax=1.0, wasShortTermModelActive=false, flags=, reason=screen_off, autoBrightness=false
05-11 21:41:50.447  1244  1291 I DisplayPowerController[0]: BrightnessEvent: disp=0, physDisp=local:0, brt=0.0, initBrt=0.0, rcmdBrt=NaN, preBrt=NaN, lux=0.0, preLux=0.0, hbmMax=1.0, hbmMode=off, rbcStrength=50, powerFactor=1.0, thrmMax=1.0, wasShortTermModelActive=false, flags=, reason=screen_off, autoBrightness=false
05-11 21:41:50.456  1244  1267 I DisplayDevice: [0] Layerstack set to -1 for local:0
05-11 21:41:50.681  1244  1291 I DisplayPowerController[0]: BrightnessEvent: disp=0, physDisp=local:0, brt=0.0, initBrt=0.0, rcmdBrt=NaN, preBrt=NaN, lux=0.0, preLux=0.0, hbmMax=1.0, hbmMode=off, rbcStrength=50, powerFactor=1.0, thrmMax=1.0, wasShortTermModelActive=false, flags=, reason=screen_off, autoBrightness=false
05-11 21:41:50.682  1244  1291 I DreamManagerService: Entering dreamland.
05-11 21:41:50.683  1244  1291 I PowerManagerService: Dozing...
05-11 21:41:50.685  1244  1263 I DreamController: Starting dream: name=ComponentInfo{com.android.systemui/com.android.systemui.doze.DozeService}, isPreviewMode=false, canDoze=true, userId=0, reason='power manager request'
05-11 21:41:50.807  1244  1291 I DisplayPowerController[0]: BrightnessEvent: disp=0, physDisp=local:0, brt=0.0, initBrt=0.0, rcmdBrt=NaN, preBrt=NaN, lux=0.0, preLux=0.0, hbmMax=1.0, hbmMode=off, rbcStrength=50, powerFactor=1.0, thrmMax=1.0, wasShortTermModelActive=false, flags=, reason=screen_off, autoBrightness=false
05-11 21:41:50.814  1244  1260 D Fingerprint21: Daemon was null, reconnecting, current operation: null
05-11 21:41:50.816  1244  1260 W Fingerprint21: NoSuchElementException
05-11 21:41:50.816  1244  1260 W Fingerprint21: java.util.NoSuchElementException
05-11 21:41:50.816  1244  1260 W Fingerprint21: 	at android.os.HwBinder.getService(Native Method)
05-11 21:41:50.816  1244  1260 W Fingerprint21: 	at android.os.HwBinder.getService(HwBinder.java:81)
05-11 21:41:50.816  1244  1260 W Fingerprint21: 	at android.hardware.biometrics.fingerprint.V2_1.IBiometricsFingerprint.getService(IBiometricsFingerprint.java:74)
05-11 21:41:50.816  1244  1260 W Fingerprint21: 	at android.hardware.biometrics.fingerprint.V2_1.IBiometricsFingerprint.getService(IBiometricsFingerprint.java:84)
05-11 21:41:50.816  1244  1260 W Fingerprint21: 	at com.android.server.biometrics.sensors.fingerprint.hidl.Fingerprint21.getDaemon(Fingerprint21.java:422)
05-11 21:41:50.816  1244  1260 W Fingerprint21: 	at com.android.server.biometrics.sensors.fingerprint.hidl.Fingerprint21.isHardwareDetected(Fingerprint21.java:775)
05-11 21:41:50.816  1244  1260 W Fingerprint21: 	at com.android.server.biometrics.sensors.fingerprint.FingerprintService$FingerprintServiceWrapper.isHardwareDetectedDeprecated(FingerprintService.java:683)
05-11 21:41:50.816  1244  1260 W Fingerprint21: 	at android.hardware.fingerprint.IFingerprintService$Stub.onTransact(IFingerprintService.java:689)
05-11 21:41:50.816  1244  1260 W Fingerprint21: 	at android.os.Binder.execTransactInternal(Binder.java:1285)
05-11 21:41:50.816  1244  1260 W Fingerprint21: 	at android.os.Binder.execTransact(Binder.java:1244)
05-11 21:41:50.816  1244  1260 W Fingerprint21: Fingerprint HAL not available
05-11 21:41:50.823  1244  1244 I PowerManagerService: onFlip(): Face up.
05-11 21:41:50.901  1244  1244 D BiometricService: Sensor ID(1008), oemStrength: 255, updatedStrength: 255, modality 8, state: 0, cookie: 0, sensorId 1008, hasEnrollments: true cannot participate in Keystore operations
05-11 21:41:50.901  1244  1244 D BiometricService: Sensor ID(0), oemStrength: 15, updatedStrength: 15, modality 2, state: 0, cookie: 0, sensorId 0, hasEnrollments: false cannot participate in Keystore operations
05-11 21:41:50.907   444   458 I keystore2: keystore2::authorization: on_lock_screen_event(LockScreenEvent(1), user_id=0, password.is_some()=false, unlocking_sids=Some([]))
05-11 21:41:50.909   444   458 I keystore2: keystore2::super_key: Locking screen bound for user 0 sids []
05-11 21:41:50.915  1244  2666 D Fingerprint21: Daemon was null, reconnecting, current operation: null
05-11 21:41:50.917  1244  2666 W Fingerprint21: NoSuchElementException
05-11 21:41:50.917  1244  2666 W Fingerprint21: java.util.NoSuchElementException
05-11 21:41:50.917  1244  2666 W Fingerprint21: 	at android.os.HwBinder.getService(Native Method)
05-11 21:41:50.917  1244  2666 W Fingerprint21: 	at android.os.HwBinder.getService(HwBinder.java:81)
05-11 21:41:50.917  1244  2666 W Fingerprint21: 	at android.hardware.biometrics.fingerprint.V2_1.IBiometricsFingerprint.getService(IBiometricsFingerprint.java:74)
05-11 21:41:50.917  1244  2666 W Fingerprint21: 	at android.hardware.biometrics.fingerprint.V2_1.IBiometricsFingerprint.getService(IBiometricsFingerprint.java:84)
05-11 21:41:50.917  1244  2666 W Fingerprint21: 	at com.android.server.biometrics.sensors.fingerprint.hidl.Fingerprint21.getDaemon(Fingerprint21.java:422)
05-11 21:41:50.917  1244  2666 W Fingerprint21: 	at com.android.server.biometrics.sensors.fingerprint.hidl.Fingerprint21.isHardwareDetected(Fingerprint21.java:775)
05-11 21:41:50.917  1244  2666 W Fingerprint21: 	at com.android.server.biometrics.sensors.fingerprint.FingerprintService$FingerprintServiceWrapper.isHardwareDetectedDeprecated(FingerprintService.java:683)
05-11 21:41:50.917  1244  2666 W Fingerprint21: 	at android.hardware.fingerprint.IFingerprintService$Stub.onTransact(IFingerprintService.java:689)
05-11 21:41:50.917  1244  2666 W Fingerprint21: 	at android.os.Binder.execTransactInternal(Binder.java:1285)
05-11 21:41:50.917  1244  2666 W Fingerprint21: 	at android.os.Binder.execTransact(Binder.java:1244)
05-11 21:41:50.917  1244  2666 W Fingerprint21: Fingerprint HAL not available
05-11 21:41:50.928  1244  2666 D Fingerprint21: Daemon was null, reconnecting, current operation: null
05-11 21:41:50.931  1244  2666 W Fingerprint21: NoSuchElementException
05-11 21:41:50.931  1244  2666 W Fingerprint21: java.util.NoSuchElementException
05-11 21:41:50.931  1244  2666 W Fingerprint21: 	at android.os.HwBinder.getService(Native Method)
05-11 21:41:50.931  1244  2666 W Fingerprint21: 	at android.os.HwBinder.getService(HwBinder.java:81)
05-11 21:41:50.931  1244  2666 W Fingerprint21: 	at android.hardware.biometrics.fingerprint.V2_1.IBiometricsFingerprint.getService(IBiometricsFingerprint.java:74)
