05-11 21:44:14.433  8725  8725 E ActivityThread: 	at android.app.ContextImpl.bindServiceCommon(ContextImpl.java:2027)
05-11 21:44:14.433  8725  8725 E ActivityThread: 	at android.app.ContextImpl.bindService(ContextImpl.java:1957)
05-11 21:44:14.433  8725  8725 E ActivityThread: 	at android.content.ContextWrapper.bindService(ContextWrapper.java:853)
05-11 21:44:14.433  8725  8725 E ActivityThread: 	at aup.a(PG:9)
05-11 21:44:14.433  8725  8725 E ActivityThread: 	at hu.b(PG:3)
05-11 21:44:14.433  8725  8725 E ActivityThread: 	at com.google.android.apps.turbo.deadline.library.BatteryFlagService.c(PG:1)
05-11 21:44:14.433  8725  8725 E ActivityThread: 	at atm.run(PG:85)
05-11 21:44:14.433  8725  8725 E ActivityThread: 	at java.util.concurrent.Executors$RunnableAdapter.call(Executors.java:463)
05-11 21:44:14.433  8725  8725 E ActivityThread: 	at dpi.a(PG:1)
05-11 21:44:14.433  8725  8725 E ActivityThread: 	at dor.run(PG:4)
05-11 21:44:14.433  8725  8725 E ActivityThread: 	at dpj.run(PG:1)
05-11 21:44:14.433  8725  8725 E ActivityThread: 	at java.util.concurrent.ThreadPoolExecutor.runWorker(ThreadPoolExecutor.java:1137)
05-11 21:44:14.433  8725  8725 E ActivityThread: 	at java.util.concurrent.ThreadPoolExecutor$Worker.run(ThreadPoolExecutor.java:637)
05-11 21:44:14.433  8725  8725 E ActivityThread: 	at java.lang.Thread.run(Thread.java:1012)
05-11 21:44:14.434  1244  8585 W ActivityManager: Unbind failed: could not find connection for android.os.BinderProxy@9b67ce3
05-11 21:44:14.442  8725  8725 E ActivityThread: Service com.google.android.apps.turbo.deadline.library.DeadlineUpdateJobService has leaked ServiceConnection aut@c1a03cc that was originally bound here
05-11 21:44:14.442  8725  8725 E ActivityThread: android.app.ServiceConnectionLeaked: Service com.google.android.apps.turbo.deadline.library.DeadlineUpdateJobService has leaked ServiceConnection aut@c1a03cc that was originally bound here
05-11 21:44:14.442  8725  8725 E ActivityThread: 	at android.app.LoadedApk$ServiceDispatcher.<init>(LoadedApk.java:2045)
05-11 21:44:14.442  8725  8725 E ActivityThread: 	at android.app.LoadedApk.getServiceDispatcherCommon(LoadedApk.java:1917)
05-11 21:44:14.442  8725  8725 E ActivityThread: 	at android.app.LoadedApk.getServiceDispatcher(LoadedApk.java:1896)
05-11 21:44:14.442  8725  8725 E ActivityThread: 	at android.app.ContextImpl.bindServiceCommon(ContextImpl.java:2027)
05-11 21:44:14.442  8725  8725 E ActivityThread: 	at android.app.ContextImpl.bindService(ContextImpl.java:1957)
05-11 21:44:14.442  8725  8725 E ActivityThread: 	at android.content.ContextWrapper.bindService(ContextWrapper.java:853)
05-11 21:44:14.442  8725  8725 E ActivityThread: 	at aup.a(PG:16)
05-11 21:44:14.442  8725  8725 E ActivityThread: 	at hu.b(PG:3)
05-11 21:44:14.442  8725  8725 E ActivityThread: 	at com.google.android.apps.turbo.deadline.library.DeadlineUpdateJobService.c(PG:2)
05-11 21:44:14.442  8725  8725 E ActivityThread: 	at atm.run(PG:68)
05-11 21:44:14.442  8725  8725 E ActivityThread: 	at java.util.concurrent.Executors$RunnableAdapter.call(Executors.java:463)
05-11 21:44:14.442  8725  8725 E ActivityThread: 	at dpi.a(PG:1)
05-11 21:44:14.442  8725  8725 E ActivityThread: 	at dor.run(PG:4)
05-11 21:44:14.442  8725  8725 E ActivityThread: 	at dpj.run(PG:1)
05-11 21:44:14.442  8725  8725 E ActivityThread: 	at java.util.concurrent.ThreadPoolExecutor.runWorker(ThreadPoolExecutor.java:1137)
05-11 21:44:14.442  8725  8725 E ActivityThread: 	at java.util.concurrent.ThreadPoolExecutor$Worker.run(ThreadPoolExecutor.java:637)
05-11 21:44:14.442  8725  8725 E ActivityThread: 	at java.lang.Thread.run(Thread.java:1012)
05-11 21:44:14.442  1244  1259 W ActivityManager: Unbind failed: could not find connection for android.os.BinderProxy@75286e0
05-11 21:44:14.861  1244  8585 D CompatibilityChangeReporter: Compat change id reported: 161145287; UID 10451; state: DISABLED
05-11 21:44:20.126  1244  1259 D OomAdjuster: Not killing cached processes
05-11 21:44:29.575  1244  1259 D OomAdjuster: Not killing cached processes
05-11 21:44:36.996  1244  3155 D OomAdjuster: Not killing cached processes
05-11 21:44:38.497   958   958 F libc    : Fatal signal 11 (SIGSEGV), code 1 (SEGV_MAPERR), fault addr 0x0 in tid 958 (android.hardwar), pid 958 (android.hardwar)
05-11 21:44:38.608  8789  8789 F DEBUG   : *** *** *** *** *** *** *** *** *** *** *** *** *** *** *** ***
05-11 21:44:38.608  8789  8789 F DEBUG   : Build fingerprint: 'Micromax/derp_yogurt/yogurt:13/TQ3A.230901.001/1746966174:userdebug/release-keys'
05-11 21:44:38.608  8789  8789 F DEBUG   : Revision: '0'
05-11 21:44:38.608  8789  8789 F DEBUG   : ABI: 'arm64'
05-11 21:44:38.608  8789  8789 F DEBUG   : Timestamp: 2025-05-11 21:44:38.556070539+0530
05-11 21:44:38.608  8789  8789 F DEBUG   : Process uptime: 302s
05-11 21:44:38.608  8789  8789 F DEBUG   : Cmdline: /vendor/bin/hw/android.hardware.biometrics.fingerprint@2.1-service.yogurt
05-11 21:44:38.608  8789  8789 F DEBUG   : pid: 958, tid: 958, name: android.hardwar  >>> /vendor/bin/hw/android.hardware.biometrics.fingerprint@2.1-service.yogurt <<<
05-11 21:44:38.608  8789  8789 F DEBUG   : uid: 1000
05-11 21:44:38.608  8789  8789 F DEBUG   : signal 11 (SIGSEGV), code 1 (SEGV_MAPERR), fault addr 0x0000000000000000
05-11 21:44:38.609  8789  8789 F DEBUG   : Cause: null pointer dereference
05-11 21:44:38.609  8789  8789 F DEBUG   :     x0  0000000000000000  x1  0000007feaf9beb0  x2  0000000000000005  x3  0000000000000003
05-11 21:44:38.609  8789  8789 F DEBUG   :     x4  0000007feaf9bf00  x5  0000000000000000  x6  0000007dd7bf1000  x7  000000000002d2cc
05-11 21:44:38.609  8789  8789 F DEBUG   :     x8  0000007d531e0700  x9  0000000000000022  x10 0000000000000000  x11 00000000ffffffdd
05-11 21:44:38.609  8789  8789 F DEBUG   :     x12 00000000ffffffee  x13 000000000000006b  x14 0000007feaf9c210  x15 000009c1e59a3816
05-11 21:44:38.609  8789  8789 F DEBUG   :     x16 0000007d531deda8  x17 0000007d53186a80  x18 0000007dd74a8000  x19 00000000ffffffff
05-11 21:44:38.609  8789  8789 F DEBUG   :     x20 0000007d531e050c  x21 0000007d531e050c  x22 0000000000000000  x23 0000007d531e050c
05-11 21:44:38.609  8789  8789 F DEBUG   :     x24 0000000000000000  x25 0000000000000000  x26 0000000000000000  x27 0000000000000000
05-11 21:44:38.609  8789  8789 F DEBUG   :     x28 0000000000000000  x29 0000007feaf9c660
05-11 21:44:38.609  8789  8789 F DEBUG   :     lr  0000007d53186acc  sp  0000007feaf9c640  pc  0000007d53186770  pst 0000000060001000
05-11 21:44:38.609  8789  8789 F DEBUG   : backtrace:
05-11 21:44:38.609  8789  8789 F DEBUG   :       #00 pc 0000000000077770  /vendor/lib64/hw/fingerprint.default.so (BuildId: c5e613c15325555b1ec17dfb770f5e2c3cb347e1)
05-11 21:44:38.609  8789  8789 F DEBUG   :       #01 pc 0000000000077ac8  /vendor/lib64/hw/fingerprint.default.so (ff_trustlet_client_close_session+72) (BuildId: c5e613c15325555b1ec17dfb770f5e2c3cb347e1)
05-11 21:44:38.610  8789  8789 F DEBUG   :       #02 pc 00000000000776e4  /vendor/lib64/hw/fingerprint.default.so (ff_trustlet_client_open_session+716) (BuildId: c5e613c15325555b1ec17dfb770f5e2c3cb347e1)
05-11 21:44:38.610  8789  8789 F DEBUG   :       #03 pc 000000000006f94c  /vendor/lib64/hw/fingerprint.default.so (ff_trustlet_open+116) (BuildId: c5e613c15325555b1ec17dfb770f5e2c3cb347e1)
05-11 21:44:38.610  8789  8789 F DEBUG   :       #04 pc 000000000006b448  /vendor/lib64/hw/fingerprint.default.so (BuildId: c5e613c15325555b1ec17dfb770f5e2c3cb347e1)
05-11 21:44:38.610  8789  8789 F DEBUG   :       #05 pc 000000000006b968  /vendor/lib64/hw/fingerprint.default.so (FocalFingerprintHAL::open()+308) (BuildId: c5e613c15325555b1ec17dfb770f5e2c3cb347e1)
05-11 21:44:38.610  8789  8789 F DEBUG   :       #06 pc 000000000006f1d0  /vendor/lib64/hw/fingerprint.default.so (BuildId: c5e613c15325555b1ec17dfb770f5e2c3cb347e1)
05-11 21:44:38.610  8789  8789 F DEBUG   :       #07 pc 0000000000003138  /vendor/bin/hw/android.hardware.biometrics.fingerprint@2.1-service.yogurt (android::hardware::biometrics::fingerprint::V2_1::implementation::BiometricsFingerprint::openHal()+228) (BuildId: 8982befb92c74af9f77b346068fa7b79)
05-11 21:44:38.610  8789  8789 F DEBUG   :       #08 pc 0000000000003890  /vendor/bin/hw/android.hardware.biometrics.fingerprint@2.1-service.yogurt (android::hardware::biometrics::fingerprint::V2_1::implementation::BiometricsFingerprint::getInstance()+100) (BuildId: 8982befb92c74af9f77b346068fa7b79)
05-11 21:44:38.610  8789  8789 F DEBUG   :       #09 pc 0000000000004020  /vendor/bin/hw/android.hardware.biometrics.fingerprint@2.1-service.yogurt (main+228) (BuildId: 8982befb92c74af9f77b346068fa7b79)
05-11 21:44:38.610  8789  8789 F DEBUG   :       #10 pc 00000000000845a4  /apex/com.android.runtime/lib64/bionic/libc.so (__libc_init+96) (BuildId: 6e75f65a4c116d6f37b8361b4f491f36)
05-11 21:44:38.635  1244  1675 W NativeCrashListener: Couldn't find ProcessRecord for pid 958
05-11 21:44:38.639  1244  1327 E NativeTombstoneManager: Tombstone's UID (1000) not an app, ignoring
05-11 21:44:38.639  1244  1327 E NativeTombstoneManager: Tombstone's UID (1000) not an app, ignoring
05-11 21:44:48.013  1244  3155 W ContextImpl: Calling a method in the system process without a qualified user: android.app.ContextImpl.sendBroadcastMultiplePermissions:1228 com.android.server.TelephonyRegistry.broadcastServiceStateChanged:3085 com.android.server.TelephonyRegistry.notifyServiceStateForPhoneId:1616 com.android.internal.telephony.ITelephonyRegistry$Stub.onTransact:492 android.os.Binder.execTransactInternal:1280 
05-11 21:44:48.015  1244  3155 W ContextImpl: Calling a method in the system process without a qualified user: android.app.ContextImpl.sendBroadcastMultiplePermissions:1278 android.content.Context.sendBroadcastMultiplePermissions:2282 com.android.server.TelephonyRegistry.broadcastServiceStateChanged:3089 com.android.server.TelephonyRegistry.notifyServiceStateForPhoneId:1616 com.android.internal.telephony.ITelephonyRegistry$Stub.onTransact:492 
05-11 21:44:48.015  1244  1276 W BroadcastQueue: Permission Denial: receiving Intent { act=android.intent.action.SERVICE_STATE flg=0x1000010 (has extras) } to ProcessRecord{e4b14e5 1534:com.android.systemui/u0a499} (pid=1534, uid=10499) requires android.permission.ACCESS_FINE_LOCATION due to sender android (uid 1001)
05-11 21:44:48.016  1244  1276 W BroadcastQueue: Permission Denial: receiving Intent { act=android.intent.action.SERVICE_STATE flg=0x1000010 (has extras) } to com.android.cellbroadcastreceiver.module/com.android.cellbroadcastreceiver.CellBroadcastReceiver requires android.permission.ACCESS_FINE_LOCATION due to sender android (uid 1001)
05-11 21:44:48.019  1244  1276 W BroadcastQueue: Permission Denial: receiving Intent { act=android.intent.action.SERVICE_STATE flg=0x1000010 (has extras) } to ProcessRecord{e4b14e5 1534:com.android.systemui/u0a499} (pid=1534, uid=10499) requires android.permission.ACCESS_FINE_LOCATION due to sender android (uid 1001)
05-11 21:44:48.020  1244  3155 W ContextImpl: Calling a method in the system process without a qualified user: android.app.ContextImpl.sendBroadcastMultiplePermissions:1278 android.content.Context.sendBroadcastMultiplePermissions:2282 com.android.server.TelephonyRegistry.broadcastServiceStateChanged:3096 com.android.server.TelephonyRegistry.notifyServiceStateForPhoneId:1616 com.android.internal.telephony.ITelephonyRegistry$Stub.onTransact:492 
05-11 21:44:48.021  1244  3155 W ContextImpl: Calling a method in the system process without a qualified user: android.app.ContextImpl.sendBroadcastMultiplePermissions:1278 android.content.Context.sendBroadcastMultiplePermissions:2282 com.android.server.TelephonyRegistry.broadcastServiceStateChanged:3100 com.android.server.TelephonyRegistry.notifyServiceStateForPhoneId:1616 com.android.internal.telephony.ITelephonyRegistry$Stub.onTransact:492 
05-11 21:44:48.024  1244  1276 D OomAdjuster: Not killing cached processes
05-11 21:44:48.028  1244  1276 W BroadcastQueue: Appop Denial: receiving Intent { act=android.intent.action.SERVICE_STATE flg=0x1000010 (has extras) } to ProcessRecord{e4b14e5 1534:com.android.systemui/u0a499} (pid=1534, uid=10499) excludes appop android:read_phone_state due to sender android (uid 1001)
05-11 21:45:34.510  1244  3155 D OomAdjuster: Not killing cached processes
05-11 21:45:41.334  1244  1259 D OomAdjuster: Not killing cached processes
05-11 21:45:48.799  1244  8585 D OomAdjuster: Not killing cached processes
05-11 21:45:50.832  1244  1244 I ContentCaptureManagerService: Content capture data sharing session terminated successfully for package 'com.google.android.googlequicksearchbox'
05-11 21:45:55.206  1244  1244 I ContentCaptureManagerService: Content capture data sharing session terminated successfully for package 'com.google.android.googlequicksearchbox'
05-11 21:45:55.327  1244  1244 I ContentCaptureManagerService: Content capture data sharing session terminated successfully for package 'com.google.android.googlequicksearchbox'
05-11 21:45:55.608  1244  8585 D OomAdjuster: Not killing cached processes
05-11 21:45:59.476  1244  1285 W BatteryExternalStatsWorker: error reading Bluetooth stats: 9
05-11 21:46:00.735  1244  1324 D OomAdjuster: Not killing cached processes
05-11 21:46:15.449  1244  3155 D OomAdjuster: Not killing cached processes
05-11 21:46:16.808  1244  1259 D CompatibilityChangeReporter: Compat change id reported: 135634846; UID 10446; state: DISABLED
05-11 21:46:16.808  1244  1259 D CompatibilityChangeReporter: Compat change id reported: 177438394; UID 10446; state: DISABLED
05-11 21:46:16.808  1244  1259 D CompatibilityChangeReporter: Compat change id reported: 135772972; UID 10446; state: DISABLED
05-11 21:46:16.808  1244  1259 D CompatibilityChangeReporter: Compat change id reported: 135754954; UID 10446; state: ENABLED
05-11 21:46:16.809  1244  1277 D CompatibilityChangeReporter: Compat change id reported: 143937733; UID 10446; state: ENABLED
05-11 21:46:16.831  1244  1277 I ActivityManager: Start proc 8835:com.google.android.gms.unstable/u0a446 for service {com.google.android.gms/com.google.android.gms.chimera.UnstableInternalBoundBrokerService}
05-11 21:46:17.276  1244  2732 I ActivityManager: Process com.google.process.gapps (pid 2861) has died: cch+55 CEM 
05-11 21:46:17.351  1244  2732 I ActivityManager: Process com.google.android.settings.intelligence (pid 3908) has died: cch+65 CEM 
05-11 21:46:17.437  1244  1499 W ContentProviderHelper: Slow operation: 76ms so far, now at getContentProviderImpl: before checkContentProviderPermission
05-11 21:46:17.437  1244  1499 W ContentProviderHelper: Slow operation: 77ms so far, now at getContentProviderImpl: after checkContentProviderPermission
05-11 21:46:17.438  1244  1499 W ContentProviderHelper: Slow operation: 77ms so far, now at getContentProviderImpl: incProviderCountLocked
05-11 21:46:17.438  1244  1499 W ContentProviderHelper: Slow operation: 77ms so far, now at getContentProviderImpl: before updateLruProcess
05-11 21:46:17.438  1244  1499 W ContentProviderHelper: Slow operation: 77ms so far, now at getContentProviderImpl: after updateLruProcess
05-11 21:46:17.438  1244  1499 W ContentProviderHelper: Slow operation: 77ms so far, now at getContentProviderImpl: before updateOomAdj
05-11 21:46:17.444  1244  1499 W ContentProviderHelper: Slow operation: 83ms so far, now at getContentProviderImpl: after updateOomAdj
05-11 21:46:17.444  1244  1499 W ContentProviderHelper: Slow operation: 84ms so far, now at getContentProviderImpl: done!
05-11 21:46:17.445  1244  1523 I ActivityManager: Process com.android.chrome (pid 8633) has died: cch+55 CEM 
05-11 21:46:17.604  1244  1523 I RescueParty: Starting to observe: [android, com.android.providers.media.module], updated namespace: storage_native_boot
05-11 21:46:17.608  1244  1275 I PackageWatchdog: Syncing state, reason: observing new packages
05-11 21:46:17.610  1244  1275 D PackageWatchdog: rescue-party-observer added the following packages to monitor [android, com.android.providers.media.module]
05-11 21:46:17.614  1244  1275 I PackageWatchdog: Syncing state, reason: updated observers
05-11 21:46:17.615  1244  1244 I PackageWatchdog: Syncing health check requests for packages: {}
05-11 21:46:17.615  1244  1244 I ExplicitHealthCheckController: Service not ready to get health check supported packages. Binding...
05-11 21:46:17.617  1244  1275 I PackageWatchdog: Saving observer state to file
05-11 21:46:17.621  1244  1244 I ExplicitHealthCheckController: Explicit health check service is bound
05-11 21:46:17.639  1244  1244 I PackageWatchdog: Syncing health check requests for packages: {}
05-11 21:46:17.639  1244  1244 I ExplicitHealthCheckController: Service not ready to get health check supported packages. Binding...
05-11 21:46:17.639  1244  1244 I ExplicitHealthCheckController: Not binding to service, service already connecting
05-11 21:46:17.642  1244  1244 I ExplicitHealthCheckController: Explicit health check service is connected ComponentInfo{android.ext.services/android.ext.services.watchdog.ExplicitHealthCheckServiceImpl}
05-11 21:46:17.642  1244  1244 I ExplicitHealthCheckController: Service initialized, syncing requests
05-11 21:46:17.643  1244  1244 I PackageWatchdog: Syncing health check requests for packages: {}
05-11 21:46:17.643  1244  1244 D ExplicitHealthCheckController: Getting health check supported packages
05-11 21:46:17.645  1244  1316 I ExplicitHealthCheckController: Explicit health check supported packages [PackageConfig{com.android.networkstack, 86400000}]
05-11 21:46:17.646  1244  1316 D PackageWatchdog: Received supported packages [PackageConfig{com.android.networkstack, 86400000}]
05-11 21:46:17.646  1244  1316 D ExplicitHealthCheckController: Getting health check requested packages
05-11 21:46:17.647  1244  1523 I ExplicitHealthCheckController: Explicit health check requested packages []
05-11 21:46:17.647  1244  1523 I ExplicitHealthCheckController: No more health check requests, unbinding...
05-11 21:46:17.648  1244  1523 I ExplicitHealthCheckController: Explicit health check service is unbound
05-11 21:46:17.675  1244  1682 E SettingsToPropertiesMapper: com.yelp.android,0,com.yy.biu,0,com.groupme.android,0,air.tv.douyu.android,0,com.baidu.mbaby,0,com.vlocker.locker,0,com.znxh.hyhuo,0,com.yixia.xiaokaxiu,0 exceeds system property max length.
05-11 21:46:18.227  1244  1316 I RescueParty: Starting to observe: [android], updated namespace: runtime_native_boot
05-11 21:46:18.227  1244  1275 I PackageWatchdog: Syncing state, reason: observing new packages
05-11 21:46:18.227  1244  1275 D PackageWatchdog: rescue-party-observer added the following packages to monitor [android]
05-11 21:46:18.227  1244  1275 I PackageWatchdog: Syncing state, reason: updated observers
05-11 21:46:18.227  1244  1275 I PackageWatchdog: Not pruning observers, elapsed time: 0ms
05-11 21:46:18.227  1244  1275 I PackageWatchdog: Saving observer state to file
05-11 21:46:18.235  1244  1244 I PackageWatchdog: Syncing health check requests for packages: {}
05-11 21:46:18.235  1244  1244 I ExplicitHealthCheckController: Service not ready to get health check supported packages. Binding...
05-11 21:46:18.240  1244  1244 I ExplicitHealthCheckController: Explicit health check service is bound
05-11 21:46:18.248  1244  1244 I ExplicitHealthCheckController: Explicit health check service is connected ComponentInfo{android.ext.services/android.ext.services.watchdog.ExplicitHealthCheckServiceImpl}
05-11 21:46:18.249  1244  1244 I ExplicitHealthCheckController: Service initialized, syncing requests
05-11 21:46:18.249  1244  1244 I PackageWatchdog: Syncing health check requests for packages: {}
05-11 21:46:18.249  1244  1244 D ExplicitHealthCheckController: Getting health check supported packages
05-11 21:46:18.251  1244  1316 I ExplicitHealthCheckController: Explicit health check supported packages [PackageConfig{com.android.networkstack, 86400000}]
05-11 21:46:18.251  1244  1316 D PackageWatchdog: Received supported packages [PackageConfig{com.android.networkstack, 86400000}]
05-11 21:46:18.251  1244  1316 D ExplicitHealthCheckController: Getting health check requested packages
05-11 21:46:18.252  1244  1316 I ExplicitHealthCheckController: Explicit health check requested packages []
05-11 21:46:18.252  1244  1316 I ExplicitHealthCheckController: No more health check requests, unbinding...
05-11 21:46:18.253  1244  1316 I ExplicitHealthCheckController: Explicit health check service is unbound
05-11 21:46:18.349  1244  1523 I RescueParty: Starting to observe: [android], updated namespace: input_native_boot
05-11 21:46:18.349  1244  1275 I PackageWatchdog: Syncing state, reason: observing new packages
05-11 21:46:18.350  1244  1275 D PackageWatchdog: rescue-party-observer added the following packages to monitor [android]
05-11 21:46:18.350  1244  1275 I PackageWatchdog: Syncing state, reason: updated observers
05-11 21:46:18.350  1244  1275 I PackageWatchdog: Saving observer state to file
05-11 21:46:18.356  1244  1244 I PackageWatchdog: Syncing health check requests for packages: {}
05-11 21:46:18.356  1244  1244 I ExplicitHealthCheckController: Service not ready to get health check supported packages. Binding...
05-11 21:46:18.361  1244  1244 I ExplicitHealthCheckController: Explicit health check service is bound
05-11 21:46:18.365  1244  1244 I ExplicitHealthCheckController: Explicit health check service is connected ComponentInfo{android.ext.services/android.ext.services.watchdog.ExplicitHealthCheckServiceImpl}
05-11 21:46:18.366  1244  1244 I ExplicitHealthCheckController: Service initialized, syncing requests
05-11 21:46:18.367  1244  1244 I PackageWatchdog: Syncing health check requests for packages: {}
05-11 21:46:18.367  1244  1244 D ExplicitHealthCheckController: Getting health check supported packages
05-11 21:46:18.370  1244  1523 I ExplicitHealthCheckController: Explicit health check supported packages [PackageConfig{com.android.networkstack, 86400000}]
05-11 21:46:18.371  1244  1523 D PackageWatchdog: Received supported packages [PackageConfig{com.android.networkstack, 86400000}]
05-11 21:46:18.371  1244  1523 D ExplicitHealthCheckController: Getting health check requested packages
05-11 21:46:18.373  1244  1523 I ExplicitHealthCheckController: Explicit health check requested packages []
05-11 21:46:18.373  1244  1523 I ExplicitHealthCheckController: No more health check requests, unbinding...
05-11 21:46:18.374  1244  1523 I ExplicitHealthCheckController: Explicit health check service is unbound
05-11 21:46:18.838  1244  1523 I RescueParty: Starting to observe: [android, com.android.settings], updated namespace: clipboard
05-11 21:46:18.838  1244  1275 I PackageWatchdog: Syncing state, reason: observing new packages
05-11 21:46:18.838  1244  1275 D PackageWatchdog: rescue-party-observer added the following packages to monitor [android, com.android.settings]
05-11 21:46:18.838  1244  1275 I PackageWatchdog: Syncing state, reason: updated observers
05-11 21:46:18.838  1244  1275 I PackageWatchdog: Not pruning observers, elapsed time: 0ms
05-11 21:46:18.838  1244  1275 I PackageWatchdog: Saving observer state to file
05-11 21:46:18.843  1244  1244 I PackageWatchdog: Syncing health check requests for packages: {}
05-11 21:46:18.844  1244  1244 I ExplicitHealthCheckController: Service not ready to get health check supported packages. Binding...
05-11 21:46:18.853  1244  1244 I ExplicitHealthCheckController: Explicit health check service is bound
05-11 21:46:18.854  1244  1244 I ExplicitHealthCheckController: Explicit health check service is connected ComponentInfo{android.ext.services/android.ext.services.watchdog.ExplicitHealthCheckServiceImpl}
05-11 21:46:18.855  1244  1244 I ExplicitHealthCheckController: Service initialized, syncing requests
05-11 21:46:18.855  1244  1244 I PackageWatchdog: Syncing health check requests for packages: {}
05-11 21:46:18.855  1244  1244 D ExplicitHealthCheckController: Getting health check supported packages
05-11 21:46:18.857  1244  1523 I ExplicitHealthCheckController: Explicit health check supported packages [PackageConfig{com.android.networkstack, 86400000}]
05-11 21:46:18.857  1244  1523 D PackageWatchdog: Received supported packages [PackageConfig{com.android.networkstack, 86400000}]
05-11 21:46:18.857  1244  1523 D ExplicitHealthCheckController: Getting health check requested packages
05-11 21:46:18.859  1244  8861 I ExplicitHealthCheckController: Explicit health check requested packages []
05-11 21:46:18.859  1244  8861 I ExplicitHealthCheckController: No more health check requests, unbinding...
05-11 21:46:18.861  1244  8861 I ExplicitHealthCheckController: Explicit health check service is unbound
05-11 21:46:19.085  1244  8861 I RescueParty: Starting to observe: [com.android.networkstack], updated namespace: connectivity
05-11 21:46:19.085  1244  1275 I PackageWatchdog: Syncing state, reason: observing new packages
05-11 21:46:19.085  1244  1275 D PackageWatchdog: rescue-party-observer added the following packages to monitor [com.android.networkstack]
05-11 21:46:19.086  1244  1275 I PackageWatchdog: Syncing state, reason: updated observers
05-11 21:46:19.086  1244  1275 I PackageWatchdog: Saving observer state to file
05-11 21:46:19.091  1244  1244 I PackageWatchdog: Syncing health check requests for packages: {}
05-11 21:46:19.091  1244  1244 I ExplicitHealthCheckController: Service not ready to get health check supported packages. Binding...
05-11 21:46:19.096  1244  1244 I ExplicitHealthCheckController: Explicit health check service is bound
05-11 21:46:19.101  1244  1244 I ExplicitHealthCheckController: Explicit health check service is connected ComponentInfo{android.ext.services/android.ext.services.watchdog.ExplicitHealthCheckServiceImpl}
05-11 21:46:19.101  1244  1244 I ExplicitHealthCheckController: Service initialized, syncing requests
05-11 21:46:19.102  1244  1244 I PackageWatchdog: Syncing health check requests for packages: {}
05-11 21:46:19.102  1244  1244 D ExplicitHealthCheckController: Getting health check supported packages
05-11 21:46:19.105  1244  8861 I ExplicitHealthCheckController: Explicit health check supported packages [PackageConfig{com.android.networkstack, 86400000}]
05-11 21:46:19.105  1244  8861 D PackageWatchdog: Received supported packages [PackageConfig{com.android.networkstack, 86400000}]
05-11 21:46:19.105  1244  8861 D ExplicitHealthCheckController: Getting health check requested packages
05-11 21:46:19.106  1244  8861 I ExplicitHealthCheckController: Explicit health check requested packages []
05-11 21:46:19.106  1244  8861 I ExplicitHealthCheckController: No more health check requests, unbinding...
05-11 21:46:19.108  1244  8861 I ExplicitHealthCheckController: Explicit health check service is unbound
05-11 21:46:19.145  1244  8560 I RescueParty: Starting to observe: [com.android.permissioncontroller], updated namespace: permissions
05-11 21:46:19.146  1244  1275 I PackageWatchdog: Syncing state, reason: observing new packages
05-11 21:46:19.146  1244  1275 D PackageWatchdog: rescue-party-observer added the following packages to monitor [com.android.permissioncontroller]
05-11 21:46:19.147  1244  1275 I PackageWatchdog: Syncing state, reason: updated observers
05-11 21:46:19.147  1244  1244 I PackageWatchdog: Syncing health check requests for packages: {}
05-11 21:46:19.147  1244  1244 I ExplicitHealthCheckController: Service not ready to get health check supported packages. Binding...
05-11 21:46:19.147  1244  1275 I PackageWatchdog: Saving observer state to file
05-11 21:46:19.150  1244  1244 I ExplicitHealthCheckController: Explicit health check service is bound
05-11 21:46:19.153  1244  1244 I PackageWatchdog: Syncing health check requests for packages: {}
05-11 21:46:19.153  1244  1244 I ExplicitHealthCheckController: Service not ready to get health check supported packages. Binding...
05-11 21:46:19.153  1244  1244 I ExplicitHealthCheckController: Not binding to service, service already connecting
05-11 21:46:19.154  1244  1244 I ExplicitHealthCheckController: Explicit health check service is connected ComponentInfo{android.ext.services/android.ext.services.watchdog.ExplicitHealthCheckServiceImpl}
05-11 21:46:19.154  1244  1244 I ExplicitHealthCheckController: Service initialized, syncing requests
05-11 21:46:19.154  1244  1244 I PackageWatchdog: Syncing health check requests for packages: {}
05-11 21:46:19.154  1244  1244 D ExplicitHealthCheckController: Getting health check supported packages
05-11 21:46:19.156  1244  8861 I ExplicitHealthCheckController: Explicit health check supported packages [PackageConfig{com.android.networkstack, 86400000}]
05-11 21:46:19.156  1244  8861 D PackageWatchdog: Received supported packages [PackageConfig{com.android.networkstack, 86400000}]
05-11 21:46:19.156  1244  8861 D ExplicitHealthCheckController: Getting health check requested packages
05-11 21:46:19.156  1244  1316 I ExplicitHealthCheckController: Explicit health check requested packages []
05-11 21:46:19.156  1244  1316 I ExplicitHealthCheckController: No more health check requests, unbinding...
05-11 21:46:19.158  1244  1316 I ExplicitHealthCheckController: Explicit health check service is unbound
05-11 21:46:19.194  1244  8861 D BiometricService: Sensor ID(1008), oemStrength: 255, updatedStrength: 255, modality 8, state: 0, cookie: 0, sensorId 1008, hasEnrollments: true cannot participate in Keystore operations
05-11 21:46:19.194  1244  8861 D BiometricService: Sensor ID(0), oemStrength: 15, updatedStrength: 15, modality 2, state: 0, cookie: 0, sensorId 0, hasEnrollments: false cannot participate in Keystore operations
05-11 21:46:19.492   444  8391 E keystore2: keystore2::error: In generate_key.
05-11 21:46:19.492   444  8391 E keystore2: 
05-11 21:46:19.492   444  8391 E keystore2: Caused by:
05-11 21:46:19.492   444  8391 E keystore2:     0: While generating Key without explicit attestation key.
05-11 21:46:19.492   444  8391 E keystore2:     1: Error::Km(ErrorCode(-1000))
05-11 21:46:19.556  1244  1316 I RescueParty: Starting to observe: [android], updated namespace: wifi
05-11 21:46:19.556  1244  1275 I PackageWatchdog: Syncing state, reason: observing new packages
05-11 21:46:19.556  1244  1275 D PackageWatchdog: rescue-party-observer added the following packages to monitor [android]
05-11 21:46:19.556  1244  1275 I PackageWatchdog: Syncing state, reason: updated observers
05-11 21:46:19.556  1244  1275 I PackageWatchdog: Not pruning observers, elapsed time: 0ms
05-11 21:46:19.557  1244  1275 I PackageWatchdog: Saving observer state to file
05-11 21:46:19.570  1244  1244 I PackageWatchdog: Syncing health check requests for packages: {}
05-11 21:46:19.571  1244  1244 I ExplicitHealthCheckController: Service not ready to get health check supported packages. Binding...
05-11 21:46:19.575  1244  1244 I ExplicitHealthCheckController: Explicit health check service is bound
05-11 21:46:19.576  1244  1244 I ExplicitHealthCheckController: Explicit health check service is connected ComponentInfo{android.ext.services/android.ext.services.watchdog.ExplicitHealthCheckServiceImpl}
05-11 21:46:19.576  1244  1244 I ExplicitHealthCheckController: Service initialized, syncing requests
05-11 21:46:19.576  1244  1244 I PackageWatchdog: Syncing health check requests for packages: {}
05-11 21:46:19.576  1244  1244 D ExplicitHealthCheckController: Getting health check supported packages
05-11 21:46:19.580  1244  1523 I ExplicitHealthCheckController: Explicit health check supported packages [PackageConfig{com.android.networkstack, 86400000}]
05-11 21:46:19.580  1244  1523 D PackageWatchdog: Received supported packages [PackageConfig{com.android.networkstack, 86400000}]
05-11 21:46:19.580  1244  1523 D ExplicitHealthCheckController: Getting health check requested packages
05-11 21:46:19.581  1244  1523 I ExplicitHealthCheckController: Explicit health check requested packages []
05-11 21:46:19.581  1244  1523 I ExplicitHealthCheckController: No more health check requests, unbinding...
05-11 21:46:19.583  1244  1523 I ExplicitHealthCheckController: Explicit health check service is unbound
05-11 21:46:19.781  1244  1316 I RescueParty: Starting to observe: [android], updated namespace: appsearch
05-11 21:46:19.781  1244  1275 I PackageWatchdog: Syncing state, reason: observing new packages
05-11 21:46:19.781  1244  1275 D PackageWatchdog: rescue-party-observer added the following packages to monitor [android]
05-11 21:46:19.781  1244  1275 I PackageWatchdog: Syncing state, reason: updated observers
05-11 21:46:19.781  1244  1275 I PackageWatchdog: Saving observer state to file
05-11 21:46:19.788  1244  1244 I PackageWatchdog: Syncing health check requests for packages: {}
05-11 21:46:19.788  1244  1244 I ExplicitHealthCheckController: Service not ready to get health check supported packages. Binding...
05-11 21:46:19.792  1244  1244 I ExplicitHealthCheckController: Explicit health check service is bound
05-11 21:46:19.794  1244  1244 I ExplicitHealthCheckController: Explicit health check service is connected ComponentInfo{android.ext.services/android.ext.services.watchdog.ExplicitHealthCheckServiceImpl}
05-11 21:46:19.794  1244  1244 I ExplicitHealthCheckController: Service initialized, syncing requests
05-11 21:46:19.794  1244  1244 I PackageWatchdog: Syncing health check requests for packages: {}
05-11 21:46:19.794  1244  1244 D ExplicitHealthCheckController: Getting health check supported packages
05-11 21:46:19.796  1244  8861 I ExplicitHealthCheckController: Explicit health check supported packages [PackageConfig{com.android.networkstack, 86400000}]
05-11 21:46:19.796  1244  8861 D PackageWatchdog: Received supported packages [PackageConfig{com.android.networkstack, 86400000}]
05-11 21:46:19.797  1244  8861 D ExplicitHealthCheckController: Getting health check requested packages
05-11 21:46:19.797  1244  8861 I ExplicitHealthCheckController: Explicit health check requested packages []
05-11 21:46:19.797  1244  8861 I ExplicitHealthCheckController: No more health check requests, unbinding...
05-11 21:46:19.798  1244  8861 I ExplicitHealthCheckController: Explicit health check service is unbound
05-11 21:46:19.939  1244  8861 I RescueParty: Starting to observe: [com.android.launcher3, com.android.settings, com.android.systemui], updated namespace: interaction_jank_monitor
05-11 21:46:19.939  1244  1275 I PackageWatchdog: Syncing state, reason: observing new packages
05-11 21:46:19.939  1244  1275 D PackageWatchdog: rescue-party-observer added the following packages to monitor [com.android.launcher3, com.android.settings, com.android.systemui]
05-11 21:46:19.939  1244  1275 I PackageWatchdog: Syncing state, reason: updated observers
05-11 21:46:19.939  1244  1275 I PackageWatchdog: Not pruning observers, elapsed time: 0ms
05-11 21:46:19.939  1244  1275 I PackageWatchdog: Saving observer state to file
05-11 21:46:19.943  1244  1244 I PackageWatchdog: Syncing health check requests for packages: {}
05-11 21:46:19.943  1244  1244 I ExplicitHealthCheckController: Service not ready to get health check supported packages. Binding...
05-11 21:46:19.950  1244  1244 I ExplicitHealthCheckController: Explicit health check service is bound
05-11 21:46:19.950  1244  1275 W ActivityManager: Rescheduling restart of crashed service com.mediatek.ims/.MtkDynamicImsService in 1432845ms for mem-pressure-event
05-11 21:46:19.950  1244  1244 I ExplicitHealthCheckController: Explicit health check service is connected ComponentInfo{android.ext.services/android.ext.services.watchdog.ExplicitHealthCheckServiceImpl}
05-11 21:46:19.950  1244  1244 I ExplicitHealthCheckController: Service initialized, syncing requests
05-11 21:46:19.950  1244  1244 I PackageWatchdog: Syncing health check requests for packages: {}
05-11 21:46:19.950  1244  1244 D ExplicitHealthCheckController: Getting health check supported packages
05-11 21:46:19.952  1244  8861 I ExplicitHealthCheckController: Explicit health check supported packages [PackageConfig{com.android.networkstack, 86400000}]
05-11 21:46:19.952  1244  8861 D PackageWatchdog: Received supported packages [PackageConfig{com.android.networkstack, 86400000}]
05-11 21:46:19.952  1244  8861 D ExplicitHealthCheckController: Getting health check requested packages
05-11 21:46:19.953  1244  8861 I ExplicitHealthCheckController: Explicit health check requested packages []
05-11 21:46:19.953  1244  8861 I ExplicitHealthCheckController: No more health check requests, unbinding...
05-11 21:46:19.954  1244  8861 I ExplicitHealthCheckController: Explicit health check service is unbound
05-11 21:46:20.560  1244  1523 D OomAdjuster: Not killing cached processes
05-11 21:46:21.291  1244  1523 I RescueParty: Starting to observe: [android], updated namespace: display_manager
05-11 21:46:21.292  1244  1275 I PackageWatchdog: Syncing state, reason: observing new packages
05-11 21:46:21.293  1244  1275 D PackageWatchdog: rescue-party-observer added the following packages to monitor [android]
05-11 21:46:21.293  1244  1275 I PackageWatchdog: Syncing state, reason: updated observers
05-11 21:46:21.293  1244  1275 I PackageWatchdog: Not pruning observers, elapsed time: 0ms
05-11 21:46:21.293  1244  1244 I PackageWatchdog: Syncing health check requests for packages: {}
05-11 21:46:21.293  1244  1244 I ExplicitHealthCheckController: Service not ready to get health check supported packages. Binding...
05-11 21:46:21.294  1244  1291 W BrightnessThrottler: DeviceConfig BrightnessThrottlingData is null
05-11 21:46:21.294  1244  1291 W BrightnessThrottler: DeviceConfig BrightnessThrottlingData is null
05-11 21:46:21.296  1244  1275 I PackageWatchdog: Saving observer state to file
05-11 21:46:21.298  1244  1244 I ExplicitHealthCheckController: Explicit health check service is bound
05-11 21:46:21.314  1244  1244 I PackageWatchdog: Syncing health check requests for packages: {}
05-11 21:46:21.314  1244  1244 I ExplicitHealthCheckController: Service not ready to get health check supported packages. Binding...
05-11 21:46:21.314  1244  1244 I ExplicitHealthCheckController: Not binding to service, service already connecting
05-11 21:46:21.314  1244  1244 I ExplicitHealthCheckController: Explicit health check service is connected ComponentInfo{android.ext.services/android.ext.services.watchdog.ExplicitHealthCheckServiceImpl}
05-11 21:46:21.314  1244  1244 I ExplicitHealthCheckController: Service initialized, syncing requests
05-11 21:46:21.315  1244  1244 I PackageWatchdog: Syncing health check requests for packages: {}
05-11 21:46:21.315  1244  1244 D ExplicitHealthCheckController: Getting health check supported packages
05-11 21:46:21.317  1244  8861 I ExplicitHealthCheckController: Explicit health check supported packages [PackageConfig{com.android.networkstack, 86400000}]
05-11 21:46:21.317  1244  8861 D PackageWatchdog: Received supported packages [PackageConfig{com.android.networkstack, 86400000}]
05-11 21:46:21.317  1244  8861 D ExplicitHealthCheckController: Getting health check requested packages
05-11 21:46:21.318  1244  8861 I ExplicitHealthCheckController: Explicit health check requested packages []
05-11 21:46:21.318  1244  8861 I ExplicitHealthCheckController: No more health check requests, unbinding...
05-11 21:46:21.323  1244  8861 I ExplicitHealthCheckController: Explicit health check service is unbound
05-11 21:46:21.683  1244  1244 I AutofillManagerService: Ignoring change on augmented_autofill_mode
05-11 21:46:21.700  1244  1244 I AutofillManagerService: Ignoring change on autofill_dialog_hints
05-11 21:46:21.700  1244  1244 I AutofillManagerService: Ignoring change on autofill_save_dialog_landscape_body_height_max_percent
05-11 21:46:21.700  1244  1244 I AutofillManagerService: Ignoring change on autofill_save_dialog_portrait_body_height_max_percent
05-11 21:46:21.700  1244  1244 I AutofillManagerService: Ignoring change on autofill_dialog_enabled
05-11 21:46:22.072  1244  8861 I RescueParty: Starting to observe: [com.google.android.as, com.google.android.as.oss], updated namespace: device_personalization_services
05-11 21:46:22.072  1244  1275 I PackageWatchdog: Syncing state, reason: observing new packages
05-11 21:46:22.072  1244  1275 D PackageWatchdog: rescue-party-observer added the following packages to monitor [com.google.android.as, com.google.android.as.oss]
05-11 21:46:22.072  1244  1275 I PackageWatchdog: Syncing state, reason: updated observers
05-11 21:46:22.072  1244  1275 I PackageWatchdog: Not pruning observers, elapsed time: 0ms
05-11 21:46:22.072  1244  1244 I PackageWatchdog: Syncing health check requests for packages: {}
05-11 21:46:22.072  1244  1244 I ExplicitHealthCheckController: Service not ready to get health check supported packages. Binding...
05-11 21:46:22.072  1244  1275 I PackageWatchdog: Saving observer state to file
05-11 21:46:22.078  1244  1244 I ExplicitHealthCheckController: Explicit health check service is bound
05-11 21:46:22.081  1244  1244 I PackageWatchdog: Syncing health check requests for packages: {}
05-11 21:46:22.081  1244  1244 I ExplicitHealthCheckController: Service not ready to get health check supported packages. Binding...
05-11 21:46:22.081  1244  1244 I ExplicitHealthCheckController: Not binding to service, service already connecting
05-11 21:46:22.093  1244  1244 I ExplicitHealthCheckController: Explicit health check service is connected ComponentInfo{android.ext.services/android.ext.services.watchdog.ExplicitHealthCheckServiceImpl}
05-11 21:46:22.094  1244  1244 I ExplicitHealthCheckController: Service initialized, syncing requests
05-11 21:46:22.096  1244  1244 I PackageWatchdog: Syncing health check requests for packages: {}
05-11 21:46:22.096  1244  1244 D ExplicitHealthCheckController: Getting health check supported packages
05-11 21:46:22.098  1244  2732 I ExplicitHealthCheckController: Explicit health check supported packages [PackageConfig{com.android.networkstack, 86400000}]
05-11 21:46:22.098  1244  2732 D PackageWatchdog: Received supported packages [PackageConfig{com.android.networkstack, 86400000}]
05-11 21:46:22.099  1244  2732 D ExplicitHealthCheckController: Getting health check requested packages
05-11 21:46:22.099  1244  1523 I ExplicitHealthCheckController: Explicit health check requested packages []
05-11 21:46:22.099  1244  1523 I ExplicitHealthCheckController: No more health check requests, unbinding...
05-11 21:46:22.101  1244  1523 I ExplicitHealthCheckController: Explicit health check service is unbound
05-11 21:46:22.809  1244  1260 I RescueParty: Starting to observe: [android], updated namespace: system_time
05-11 21:46:22.809  1244  1275 I PackageWatchdog: Syncing state, reason: observing new packages
05-11 21:46:22.809  1244  1275 D PackageWatchdog: rescue-party-observer added the following packages to monitor [android]
05-11 21:46:22.809  1244  1275 I PackageWatchdog: Syncing state, reason: updated observers
05-11 21:46:22.810  1244  1275 I PackageWatchdog: Not pruning observers, elapsed time: 0ms
05-11 21:46:22.810  1244  1275 I PackageWatchdog: Saving observer state to file
05-11 21:46:22.816  1244  1244 I PackageWatchdog: Syncing health check requests for packages: {}
05-11 21:46:22.816  1244  1244 I ExplicitHealthCheckController: Service not ready to get health check supported packages. Binding...
05-11 21:46:22.820  1244  1244 I ExplicitHealthCheckController: Explicit health check service is bound
05-11 21:46:22.824  1244  1244 I ExplicitHealthCheckController: Explicit health check service is connected ComponentInfo{android.ext.services/android.ext.services.watchdog.ExplicitHealthCheckServiceImpl}
05-11 21:46:22.824  1244  1244 I ExplicitHealthCheckController: Service initialized, syncing requests
05-11 21:46:22.824  1244  1244 I PackageWatchdog: Syncing health check requests for packages: {}
05-11 21:46:22.825  1244  1244 D ExplicitHealthCheckController: Getting health check supported packages
05-11 21:46:22.828  1244  1316 I ExplicitHealthCheckController: Explicit health check supported packages [PackageConfig{com.android.networkstack, 86400000}]
05-11 21:46:22.828  1244  1316 D PackageWatchdog: Received supported packages [PackageConfig{com.android.networkstack, 86400000}]
05-11 21:46:22.828  1244  1316 D ExplicitHealthCheckController: Getting health check requested packages
05-11 21:46:22.828  1244  1316 I ExplicitHealthCheckController: Explicit health check requested packages []
05-11 21:46:22.828  1244  1316 I ExplicitHealthCheckController: No more health check requests, unbinding...
05-11 21:46:22.830  1244  1316 I ExplicitHealthCheckController: Explicit health check service is unbound
05-11 21:46:23.387  1244  1522 I RescueParty: Starting to observe: [android, com.android.phone], updated namespace: telephony
05-11 21:46:23.387  1244  1275 I PackageWatchdog: Syncing state, reason: observing new packages
05-11 21:46:23.388  1244  1275 D PackageWatchdog: rescue-party-observer added the following packages to monitor [android, com.android.phone]
05-11 21:46:23.388  1244  1275 I PackageWatchdog: Syncing state, reason: updated observers
05-11 21:46:23.388  1244  1275 I PackageWatchdog: Not pruning observers, elapsed time: 0ms
05-11 21:46:23.388  1244  1275 I PackageWatchdog: Saving observer state to file
05-11 21:46:23.392  1244  1244 I PackageWatchdog: Syncing health check requests for packages: {}
05-11 21:46:23.393  1244  1244 I ExplicitHealthCheckController: Service not ready to get health check supported packages. Binding...
05-11 21:46:23.397  1244  1244 I ExplicitHealthCheckController: Explicit health check service is bound
05-11 21:46:23.400  1244  1244 I ExplicitHealthCheckController: Explicit health check service is connected ComponentInfo{android.ext.services/android.ext.services.watchdog.ExplicitHealthCheckServiceImpl}
05-11 21:46:23.401  1244  1244 I ExplicitHealthCheckController: Service initialized, syncing requests
05-11 21:46:23.401  1244  1244 I PackageWatchdog: Syncing health check requests for packages: {}
05-11 21:46:23.401  1244  1244 D ExplicitHealthCheckController: Getting health check supported packages
05-11 21:46:23.403  1244  8560 I ExplicitHealthCheckController: Explicit health check supported packages [PackageConfig{com.android.networkstack, 86400000}]
05-11 21:46:23.403  1244  8560 D PackageWatchdog: Received supported packages [PackageConfig{com.android.networkstack, 86400000}]
05-11 21:46:23.403  1244  8560 D ExplicitHealthCheckController: Getting health check requested packages
05-11 21:46:23.404  1244  1522 I ExplicitHealthCheckController: Explicit health check requested packages []
05-11 21:46:23.404  1244  1522 I ExplicitHealthCheckController: No more health check requests, unbinding...
05-11 21:46:23.406  1244  1522 I ExplicitHealthCheckController: Explicit health check service is unbound
05-11 21:46:23.578  1244  8861 I RescueParty: Starting to observe: [android], updated namespace: app_standby
05-11 21:46:23.578  1244  1275 I PackageWatchdog: Syncing state, reason: observing new packages
05-11 21:46:23.579  1244  1275 D PackageWatchdog: rescue-party-observer added the following packages to monitor [android]
05-11 21:46:23.579  1244  1275 I PackageWatchdog: Syncing state, reason: updated observers
05-11 21:46:23.579  1244  1275 I PackageWatchdog: Not pruning observers, elapsed time: 0ms
05-11 21:46:23.579  1244  1275 I PackageWatchdog: Saving observer state to file
05-11 21:46:23.582  1244  1244 I PackageWatchdog: Syncing health check requests for packages: {}
05-11 21:46:23.582  1244  1244 I ExplicitHealthCheckController: Service not ready to get health check supported packages. Binding...
05-11 21:46:23.584  1244  1244 I ExplicitHealthCheckController: Explicit health check service is bound
05-11 21:46:23.586  1244  1244 I ExplicitHealthCheckController: Explicit health check service is connected ComponentInfo{android.ext.services/android.ext.services.watchdog.ExplicitHealthCheckServiceImpl}
05-11 21:46:23.586  1244  1244 I ExplicitHealthCheckController: Service initialized, syncing requests
05-11 21:46:23.586  1244  1244 I PackageWatchdog: Syncing health check requests for packages: {}
05-11 21:46:23.586  1244  1244 D ExplicitHealthCheckController: Getting health check supported packages
05-11 21:46:23.588  1244  1316 I ExplicitHealthCheckController: Explicit health check supported packages [PackageConfig{com.android.networkstack, 86400000}]
05-11 21:46:23.588  1244  1316 D PackageWatchdog: Received supported packages [PackageConfig{com.android.networkstack, 86400000}]
05-11 21:46:23.588  1244  1316 D ExplicitHealthCheckController: Getting health check requested packages
05-11 21:46:23.590  1244  1316 I ExplicitHealthCheckController: Explicit health check requested packages []
05-11 21:46:23.590  1244  1316 I ExplicitHealthCheckController: No more health check requests, unbinding...
05-11 21:46:23.591  1244  1316 I ExplicitHealthCheckController: Explicit health check service is unbound
05-11 21:46:23.611  1244  1324 D CompatibilityChangeReporter: Compat change id reported: 218533173; UID 10412; state: ENABLED
05-11 21:46:23.611  1244  1324 D CompatibilityChangeReporter: Compat change id reported: 218533173; UID 10443; state: ENABLED
05-11 21:46:23.613  1244  1324 D CompatibilityChangeReporter: Compat change id reported: 218533173; UID 10422; state: ENABLED
05-11 21:46:23.614  1244  1324 D CompatibilityChangeReporter: Compat change id reported: 171306433; UID 10450; state: ENABLED
05-11 21:46:23.614  1244  1324 D CompatibilityChangeReporter: Compat change id reported: 226439802; UID 10450; state: DISABLED
05-11 21:46:23.615  1244  1324 D CompatibilityChangeReporter: Compat change id reported: 218533173; UID 10480; state: ENABLED
05-11 21:46:23.616  1244  1324 D CompatibilityChangeReporter: Compat change id reported: 218533173; UID 10444; state: ENABLED
