05-11 21:46:23.617  1244  1324 D CompatibilityChangeReporter: Compat change id reported: 218533173; UID 10485; state: ENABLED
05-11 21:46:23.618  1244  1324 D CompatibilityChangeReporter: Compat change id reported: 218533173; UID 10473; state: ENABLED
05-11 21:46:23.625  1244  1324 D CompatibilityChangeReporter: Compat change id reported: 218533173; UID 10424; state: DISABLED
05-11 21:46:23.625  1244  1324 D CompatibilityChangeReporter: Compat change id reported: 218533173; UID 10445; state: ENABLED
05-11 21:46:23.626  1244  1324 D CompatibilityChangeReporter: Compat change id reported: 218533173; UID 10523; state: ENABLED
05-11 21:46:23.626  1244  1324 D CompatibilityChangeReporter: Compat change id reported: 218533173; UID 10448; state: ENABLED
05-11 21:46:23.626  1244  1324 D CompatibilityChangeReporter: Compat change id reported: 218533173; UID 10459; state: ENABLED
05-11 21:46:23.627  1244  1324 D CompatibilityChangeReporter: Compat change id reported: 218533173; UID 10427; state: ENABLED
05-11 21:46:23.627  1244  1324 D CompatibilityChangeReporter: Compat change id reported: 218533173; UID 10440; state: ENABLED
05-11 21:46:23.628  1244  1324 D CompatibilityChangeReporter: Compat change id reported: 218533173; UID 10455; state: ENABLED
05-11 21:46:23.628  1244  1324 D CompatibilityChangeReporter: Compat change id reported: 218533173; UID 10462; state: ENABLED
05-11 21:46:23.628  1244  1324 D CompatibilityChangeReporter: Compat change id reported: 218533173; UID 10474; state: ENABLED
05-11 21:46:23.629  1244  1324 D CompatibilityChangeReporter: Compat change id reported: 218533173; UID 10467; state: ENABLED
05-11 21:46:23.629  1244  1324 D CompatibilityChangeReporter: Compat change id reported: 218533173; UID 10477; state: ENABLED
05-11 21:46:23.630  1244  1324 D CompatibilityChangeReporter: Compat change id reported: 218533173; UID 10468; state: ENABLED
05-11 21:46:23.630  1244  1324 D CompatibilityChangeReporter: Compat change id reported: 218533173; UID 10414; state: ENABLED
05-11 21:46:23.631  1244  1324 D CompatibilityChangeReporter: Compat change id reported: 218533173; UID 10446; state: ENABLED
05-11 21:46:23.631  1244  1324 D CompatibilityChangeReporter: Compat change id reported: 218533173; UID 10475; state: ENABLED
05-11 21:46:23.631  1244  1324 D CompatibilityChangeReporter: Compat change id reported: 218533173; UID 10457; state: ENABLED
05-11 21:46:23.634  1244  1324 D CompatibilityChangeReporter: Compat change id reported: 218533173; UID 10487; state: ENABLED
05-11 21:46:23.635  1244  1324 D CompatibilityChangeReporter: Compat change id reported: 218533173; UID 10423; state: ENABLED
05-11 21:46:23.635  1244  1324 D CompatibilityChangeReporter: Compat change id reported: 218533173; UID 10479; state: ENABLED
05-11 21:46:23.637  1244  1324 D CompatibilityChangeReporter: Compat change id reported: 218533173; UID 10574; state: ENABLED
05-11 21:46:23.640  1244  1324 D CompatibilityChangeReporter: Compat change id reported: 218533173; UID 10451; state: ENABLED
05-11 21:46:23.640  1244  1324 D CompatibilityChangeReporter: Compat change id reported: 218533173; UID 10490; state: ENABLED
05-11 21:46:23.644  1244  1316 I RescueParty: Starting to observe: [com.google.android.flipendo], updated namespace: flipendo
05-11 21:46:23.644  1244  1275 I PackageWatchdog: Syncing state, reason: observing new packages
05-11 21:46:23.644  1244  1275 D PackageWatchdog: rescue-party-observer added the following packages to monitor [com.google.android.flipendo]
05-11 21:46:23.644  1244  1275 I PackageWatchdog: Syncing state, reason: updated observers
05-11 21:46:23.644  1244  1275 I PackageWatchdog: Not pruning observers, elapsed time: 0ms
05-11 21:46:23.644  1244  1324 D CompatibilityChangeReporter: Compat change id reported: 171306433; UID 10421; state: ENABLED
05-11 21:46:23.645  1244  1275 I PackageWatchdog: Saving observer state to file
05-11 21:46:23.645  1244  1324 D CompatibilityChangeReporter: Compat change id reported: 226439802; UID 10421; state: DISABLED
05-11 21:46:23.645  1244  1324 D CompatibilityChangeReporter: Compat change id reported: 218533173; UID 10471; state: ENABLED
05-11 21:46:23.646  1244  1324 D CompatibilityChangeReporter: Compat change id reported: 218533173; UID 10458; state: ENABLED
05-11 21:46:23.648  1244  1244 I PackageWatchdog: Syncing health check requests for packages: {}
05-11 21:46:23.648  1244  1244 I ExplicitHealthCheckController: Service not ready to get health check supported packages. Binding...
05-11 21:46:23.651  1244  1244 I ExplicitHealthCheckController: Explicit health check service is bound
05-11 21:46:23.652  1244  1244 I ExplicitHealthCheckController: Explicit health check service is connected ComponentInfo{android.ext.services/android.ext.services.watchdog.ExplicitHealthCheckServiceImpl}
05-11 21:46:23.653  1244  1244 I ExplicitHealthCheckController: Service initialized, syncing requests
05-11 21:46:23.653  1244  1244 I PackageWatchdog: Syncing health check requests for packages: {}
05-11 21:46:23.653  1244  1244 D ExplicitHealthCheckController: Getting health check supported packages
05-11 21:46:23.655  1244  8560 I ExplicitHealthCheckController: Explicit health check supported packages [PackageConfig{com.android.networkstack, 86400000}]
05-11 21:46:23.655  1244  8560 D PackageWatchdog: Received supported packages [PackageConfig{com.android.networkstack, 86400000}]
05-11 21:46:23.655  1244  8560 D ExplicitHealthCheckController: Getting health check requested packages
05-11 21:46:23.656  1244  8861 I ExplicitHealthCheckController: Explicit health check requested packages []
05-11 21:46:23.656  1244  8861 I ExplicitHealthCheckController: No more health check requests, unbinding...
05-11 21:46:23.659  1244  8861 I ExplicitHealthCheckController: Explicit health check service is unbound
05-11 21:46:23.694  1244  1316 I RescueParty: Starting to observe: [com.android.launcher3, com.android.systemui], updated namespace: launcher
05-11 21:46:23.695  1244  1275 I PackageWatchdog: Syncing state, reason: observing new packages
05-11 21:46:23.695  1244  1275 D PackageWatchdog: rescue-party-observer added the following packages to monitor [com.android.launcher3, com.android.systemui]
05-11 21:46:23.695  1244  1275 I PackageWatchdog: Syncing state, reason: updated observers
05-11 21:46:23.695  1244  1275 I PackageWatchdog: Not pruning observers, elapsed time: 0ms
05-11 21:46:23.695  1244  1275 I PackageWatchdog: Saving observer state to file
05-11 21:46:23.700  1244  1244 I PackageWatchdog: Syncing health check requests for packages: {}
05-11 21:46:23.700  1244  1244 I ExplicitHealthCheckController: Service not ready to get health check supported packages. Binding...
05-11 21:46:23.704  1244  1244 I ExplicitHealthCheckController: Explicit health check service is bound
05-11 21:46:23.705  1244  1244 I ExplicitHealthCheckController: Explicit health check service is connected ComponentInfo{android.ext.services/android.ext.services.watchdog.ExplicitHealthCheckServiceImpl}
05-11 21:46:23.706  1244  1244 I ExplicitHealthCheckController: Service initialized, syncing requests
05-11 21:46:23.706  1244  1244 I PackageWatchdog: Syncing health check requests for packages: {}
05-11 21:46:23.706  1244  1244 D ExplicitHealthCheckController: Getting health check supported packages
05-11 21:46:23.709  1244  8861 I ExplicitHealthCheckController: Explicit health check supported packages [PackageConfig{com.android.networkstack, 86400000}]
05-11 21:46:23.709  1244  8861 D PackageWatchdog: Received supported packages [PackageConfig{com.android.networkstack, 86400000}]
05-11 21:46:23.710  1244  8861 D ExplicitHealthCheckController: Getting health check requested packages
05-11 21:46:23.711  1244  1522 I ExplicitHealthCheckController: Explicit health check requested packages []
05-11 21:46:23.711  1244  1522 I ExplicitHealthCheckController: No more health check requests, unbinding...
05-11 21:46:23.712  1244  1522 I ExplicitHealthCheckController: Explicit health check service is unbound
05-11 21:46:23.771  1244  1682 E SettingsToPropertiesMapper: adservices/disable_sdk_sandbox,adservices/enforce_broadcast_receiver_restrictions,adservices/fledge_ad_selection_enforce_foreground_status_custom_audience,adservices/fledge_custom_audience_max_count,adservices/fledge_custom_audience_max_num_ads,adservices/fledge_custom_audience_max_owner_count,adservices/fledge_custom_audience_per_app_max_count,adservices/fledge_js_isolate_enforce_max_heap_size,adservices/fledge_js_isolate_max_heap_size_bytes,adservices/sdk_request_permits_per_second,adservices/sdksandbox_customized_sdk_context_enabled,configuration/namespace_to_package_mapping,constrain_display_apis/always_constrain_display_apis,constrain_display_apis/never_constrain_display_apis,constrain_display_apis/never_constrain_display_apis_all_packages,device_policy_manager/disable_resources_updatability,flipendo/default_savings_mode_launch,flipendo/essential_apps,flipendo/flipendo_enabled_launch,flipendo/grayscale_enabled_launch,flipendo/lever_ble_scanning_enabled_launch,flipendo/lever_hotspot_enabled_launch,flipendo/lever_work_profile_enabled_launch,flipendo/resuspend_delay_minutes,namespace/key,namespace1/key1,namespace1/key2,namespace2/key1,namespace2/key2,package_manager_service/incfs_default_timeouts,package_manager_service/known_digesters_list,privacy/location_access_check_periodic_interval_millis,rollback/enable_rollback_timeout,rollback/watchdog_explicit_health_check_enabled,rollback/watchdog_request_timeout_millis,rollback/watchdog_trigger_failure_count,rollback/watchdog_trigger_failure_duration_millis,rollback_boot/rollback_lifetime_in_millis,systemui/nas_generate_actions,systemui/nas_generate_replies,systemui/nas_max_messages_to_extract,systemui/nas_max_suggestions,testspace/another,testspace/flagname,textclassifier/config_updater_model_enabled,textclassifier/key,textclassifier/key2,textclassifier/manifest_url_annotator_en,textclassifier/manifest_url_annotator_ru,textclassifier/model_download_backoff_delay_in_millis,textclassifier/model_download_manager_enabled,textclassifier/multi_language_support_enabled,textclassifier/testing_locale_list_override,textclassifier/textclassifier_service_package_override,window_manager/enable_default_rescind_bal_privileges_from_pending_intent_sender,wrong/nas_generate_replies, exceeds system property max length.
05-11 21:46:23.969  1244  1522 I RescueParty: Starting to observe: [com.google.android.flipendo, com.android.bluetooth.bthelper, com.android.vending, com.android.networkstack, android, com.android.launcher3, com.google.android.as, com.android.touch.gestures, com.google.android.gms, com.google.android.gsf, com.android.settings, com.android.phone, com.android.providers.blockednumber, com.android.providers.media.module, com.android.systemui, com.android.permissioncontroller], updated namespace: privacy
05-11 21:46:23.971  1244  1275 I PackageWatchdog: Syncing state, reason: observing new packages
05-11 21:46:23.971  1244  1275 D PackageWatchdog: rescue-party-observer added the following packages to monitor [com.google.android.flipendo, com.android.bluetooth.bthelper, com.android.vending, com.android.networkstack, android, com.android.launcher3, com.google.android.as, com.android.touch.gestures, com.google.android.gms, com.google.android.gsf, com.android.settings, com.android.phone, com.android.providers.blockednumber, com.android.providers.media.module, com.android.systemui, com.android.permissioncontroller]
05-11 21:46:23.971  1244  1275 I PackageWatchdog: Syncing state, reason: updated observers
05-11 21:46:23.971  1244  1275 I PackageWatchdog: Saving observer state to file
05-11 21:46:23.981  1244  1244 I PackageWatchdog: Syncing health check requests for packages: {}
05-11 21:46:23.981  1244  1244 I ExplicitHealthCheckController: Service not ready to get health check supported packages. Binding...
05-11 21:46:23.989  1244  1244 I ExplicitHealthCheckController: Explicit health check service is bound
05-11 21:46:24.024  1244  1244 I ExplicitHealthCheckController: Explicit health check service is connected ComponentInfo{android.ext.services/android.ext.services.watchdog.ExplicitHealthCheckServiceImpl}
05-11 21:46:24.024  1244  1244 I ExplicitHealthCheckController: Service initialized, syncing requests
05-11 21:46:24.024  1244  1244 I PackageWatchdog: Syncing health check requests for packages: {}
05-11 21:46:24.024  1244  1244 D ExplicitHealthCheckController: Getting health check supported packages
05-11 21:46:24.026  1244  1316 I ExplicitHealthCheckController: Explicit health check supported packages [PackageConfig{com.android.networkstack, 86400000}]
05-11 21:46:24.027  1244  1316 D PackageWatchdog: Received supported packages [PackageConfig{com.android.networkstack, 86400000}]
05-11 21:46:24.027  1244  1316 D ExplicitHealthCheckController: Getting health check requested packages
05-11 21:46:24.027  1244  3155 I ExplicitHealthCheckController: Explicit health check requested packages []
05-11 21:46:24.028  1244  3155 I ExplicitHealthCheckController: No more health check requests, unbinding...
05-11 21:46:24.030  1244  3155 I ExplicitHealthCheckController: Explicit health check service is unbound
05-11 21:46:24.140  1244  1522 D CompatibilityChangeReporter: Compat change id reported: 161145287; UID 10574; state: DISABLED
05-11 21:46:24.158  1244  1522 I RescueParty: Starting to observe: [android, android.ext.services, com.android.settings, com.android.systemui], updated namespace: systemui
05-11 21:46:24.159  1244  1275 I PackageWatchdog: Syncing state, reason: observing new packages
05-11 21:46:24.160  1244  1275 D PackageWatchdog: rescue-party-observer added the following packages to monitor [android, android.ext.services, com.android.settings, com.android.systemui]
05-11 21:46:24.160  1244  1275 I PackageWatchdog: Syncing state, reason: updated observers
05-11 21:46:24.160  1244  1275 I PackageWatchdog: Not pruning observers, elapsed time: 0ms
05-11 21:46:24.160  1244  1275 I PackageWatchdog: Saving observer state to file
05-11 21:46:24.163  1244  1244 I PackageWatchdog: Syncing health check requests for packages: {}
05-11 21:46:24.163  1244  1244 I ExplicitHealthCheckController: Service not ready to get health check supported packages. Binding...
05-11 21:46:24.165  1244  8585 D CompatibilityChangeReporter: Compat change id reported: 161252188; UID 10446; state: DISABLED
05-11 21:46:24.167  1244  1244 I ExplicitHealthCheckController: Explicit health check service is bound
05-11 21:46:24.171  1244  1244 I ExplicitHealthCheckController: Explicit health check service is connected ComponentInfo{android.ext.services/android.ext.services.watchdog.ExplicitHealthCheckServiceImpl}
05-11 21:46:24.172  1244  1244 I ExplicitHealthCheckController: Service initialized, syncing requests
05-11 21:46:24.173  1244  1244 I PackageWatchdog: Syncing health check requests for packages: {}
05-11 21:46:24.173  1244  1244 D ExplicitHealthCheckController: Getting health check supported packages
05-11 21:46:24.189  1244  8584 I ExplicitHealthCheckController: Explicit health check supported packages [PackageConfig{com.android.networkstack, 86400000}]
05-11 21:46:24.189  1244  8584 D PackageWatchdog: Received supported packages [PackageConfig{com.android.networkstack, 86400000}]
05-11 21:46:24.189  1244  8584 D ExplicitHealthCheckController: Getting health check requested packages
05-11 21:46:24.190  1244  8861 I ExplicitHealthCheckController: Explicit health check requested packages []
05-11 21:46:24.191  1244  8861 I ExplicitHealthCheckController: No more health check requests, unbinding...
05-11 21:46:24.192  1244  8861 I ExplicitHealthCheckController: Explicit health check service is unbound
05-11 21:46:24.225  1244  8584 I RescueParty: Starting to observe: [android], updated namespace: media
05-11 21:46:24.225  1244  1275 I PackageWatchdog: Syncing state, reason: observing new packages
05-11 21:46:24.225  1244  1275 D PackageWatchdog: rescue-party-observer added the following packages to monitor [android]
05-11 21:46:24.225  1244  1275 I PackageWatchdog: Syncing state, reason: updated observers
05-11 21:46:24.225  1244  1275 I PackageWatchdog: Saving observer state to file
05-11 21:46:24.229  1244  1244 I PackageWatchdog: Syncing health check requests for packages: {}
05-11 21:46:24.229  1244  1244 I ExplicitHealthCheckController: Service not ready to get health check supported packages. Binding...
05-11 21:46:24.232  1244  1244 I ExplicitHealthCheckController: Explicit health check service is bound
05-11 21:46:24.235  1244  1244 I ExplicitHealthCheckController: Explicit health check service is connected ComponentInfo{android.ext.services/android.ext.services.watchdog.ExplicitHealthCheckServiceImpl}
05-11 21:46:24.235  1244  1244 I ExplicitHealthCheckController: Service initialized, syncing requests
05-11 21:46:24.235  1244  1244 I PackageWatchdog: Syncing health check requests for packages: {}
05-11 21:46:24.235  1244  1244 D ExplicitHealthCheckController: Getting health check supported packages
05-11 21:46:24.236  1244  8584 I ExplicitHealthCheckController: Explicit health check supported packages [PackageConfig{com.android.networkstack, 86400000}]
05-11 21:46:24.237  1244  8584 D PackageWatchdog: Received supported packages [PackageConfig{com.android.networkstack, 86400000}]
05-11 21:46:24.237  1244  8584 D ExplicitHealthCheckController: Getting health check requested packages
05-11 21:46:24.237  1244  8584 I ExplicitHealthCheckController: Explicit health check requested packages []
05-11 21:46:24.237  1244  8584 I ExplicitHealthCheckController: No more health check requests, unbinding...
05-11 21:46:24.238  1244  8584 I ExplicitHealthCheckController: Explicit health check service is unbound
05-11 21:46:24.309  1244  8585 I RescueParty: Starting to observe: [android], updated namespace: alarm_manager
05-11 21:46:24.309  1244  1275 I PackageWatchdog: Syncing state, reason: observing new packages
05-11 21:46:24.309  1244  1275 D PackageWatchdog: rescue-party-observer added the following packages to monitor [android]
05-11 21:46:24.310  1244  1275 I PackageWatchdog: Syncing state, reason: updated observers
05-11 21:46:24.310  1244  1275 I PackageWatchdog: Not pruning observers, elapsed time: 0ms
05-11 21:46:24.310  1244  1275 I PackageWatchdog: Saving observer state to file
05-11 21:46:24.313  1244  1244 I PackageWatchdog: Syncing health check requests for packages: {}
05-11 21:46:24.313  1244  1244 I ExplicitHealthCheckController: Service not ready to get health check supported packages. Binding...
05-11 21:46:24.318  1244  1244 I ExplicitHealthCheckController: Explicit health check service is bound
05-11 21:46:24.319  1244  1244 I ExplicitHealthCheckController: Explicit health check service is connected ComponentInfo{android.ext.services/android.ext.services.watchdog.ExplicitHealthCheckServiceImpl}
05-11 21:46:24.319  1244  1244 I ExplicitHealthCheckController: Service initialized, syncing requests
05-11 21:46:24.319  1244  1244 I PackageWatchdog: Syncing health check requests for packages: {}
05-11 21:46:24.320  1244  1244 D ExplicitHealthCheckController: Getting health check supported packages
05-11 21:46:24.322  1244  8584 I ExplicitHealthCheckController: Explicit health check supported packages [PackageConfig{com.android.networkstack, 86400000}]
05-11 21:46:24.322  1244  8584 D PackageWatchdog: Received supported packages [PackageConfig{com.android.networkstack, 86400000}]
05-11 21:46:24.322  1244  8584 D ExplicitHealthCheckController: Getting health check requested packages
05-11 21:46:24.323  1244  8861 I ExplicitHealthCheckController: Explicit health check requested packages []
05-11 21:46:24.323  1244  8861 I ExplicitHealthCheckController: No more health check requests, unbinding...
05-11 21:46:24.325  1244  8861 I ExplicitHealthCheckController: Explicit health check service is unbound
05-11 21:46:24.434  1244  8584 I RescueParty: Starting to observe: [android, com.android.settings], updated namespace: app_hibernation
05-11 21:46:24.434  1244  1275 I PackageWatchdog: Syncing state, reason: observing new packages
05-11 21:46:24.435  1244  1275 D PackageWatchdog: rescue-party-observer added the following packages to monitor [android, com.android.settings]
05-11 21:46:24.435  1244  1275 I PackageWatchdog: Syncing state, reason: updated observers
05-11 21:46:24.435  1244  1275 I PackageWatchdog: Not pruning observers, elapsed time: 0ms
05-11 21:46:24.435  1244  1275 I PackageWatchdog: Saving observer state to file
05-11 21:46:24.439  1244  1244 I PackageWatchdog: Syncing health check requests for packages: {}
05-11 21:46:24.439  1244  1244 I ExplicitHealthCheckController: Service not ready to get health check supported packages. Binding...
05-11 21:46:24.445  1244  1244 I ExplicitHealthCheckController: Explicit health check service is bound
05-11 21:46:24.445  1244  1244 D AppHibernationService: App hibernation changed to enabled=true
05-11 21:46:24.447  1244  1244 I ExplicitHealthCheckController: Explicit health check service is connected ComponentInfo{android.ext.services/android.ext.services.watchdog.ExplicitHealthCheckServiceImpl}
05-11 21:46:24.447  1244  1244 I ExplicitHealthCheckController: Service initialized, syncing requests
05-11 21:46:24.447  1244  1244 I PackageWatchdog: Syncing health check requests for packages: {}
05-11 21:46:24.448  1244  1244 D ExplicitHealthCheckController: Getting health check supported packages
05-11 21:46:24.450  1244  8861 I ExplicitHealthCheckController: Explicit health check supported packages [PackageConfig{com.android.networkstack, 86400000}]
05-11 21:46:24.450  1244  8861 D PackageWatchdog: Received supported packages [PackageConfig{com.android.networkstack, 86400000}]
05-11 21:46:24.450  1244  8861 D ExplicitHealthCheckController: Getting health check requested packages
05-11 21:46:24.451  1244  8584 I ExplicitHealthCheckController: Explicit health check requested packages []
05-11 21:46:24.451  1244  8584 I ExplicitHealthCheckController: No more health check requests, unbinding...
05-11 21:46:24.452  1244  8584 I ExplicitHealthCheckController: Explicit health check service is unbound
05-11 21:46:24.613  1244  8861 I RescueParty: Starting to observe: [android, com.android.systemui], updated namespace: window_manager
05-11 21:46:24.613  1244  1275 I PackageWatchdog: Syncing state, reason: observing new packages
05-11 21:46:24.614  1244  1275 D PackageWatchdog: rescue-party-observer added the following packages to monitor [android, com.android.systemui]
05-11 21:46:24.614  1244  1275 I PackageWatchdog: Syncing state, reason: updated observers
05-11 21:46:24.614  1244  1275 I PackageWatchdog: Not pruning observers, elapsed time: 0ms
05-11 21:46:24.614  1244  1275 I PackageWatchdog: Saving observer state to file
05-11 21:46:24.617  1244  1244 I PackageWatchdog: Syncing health check requests for packages: {}
05-11 21:46:24.617  1244  1244 I ExplicitHealthCheckController: Service not ready to get health check supported packages. Binding...
05-11 21:46:24.622  1244  1244 I ExplicitHealthCheckController: Explicit health check service is bound
05-11 21:46:24.623  1244  1244 I ExplicitHealthCheckController: Explicit health check service is connected ComponentInfo{android.ext.services/android.ext.services.watchdog.ExplicitHealthCheckServiceImpl}
05-11 21:46:24.623  1244  1244 I ExplicitHealthCheckController: Service initialized, syncing requests
05-11 21:46:24.623  1244  1244 I PackageWatchdog: Syncing health check requests for packages: {}
05-11 21:46:24.623  1244  1244 D ExplicitHealthCheckController: Getting health check supported packages
05-11 21:46:24.625  1244  8584 I ExplicitHealthCheckController: Explicit health check supported packages [PackageConfig{com.android.networkstack, 86400000}]
05-11 21:46:24.625  1244  8584 D PackageWatchdog: Received supported packages [PackageConfig{com.android.networkstack, 86400000}]
05-11 21:46:24.625  1244  8584 D ExplicitHealthCheckController: Getting health check requested packages
05-11 21:46:24.626  1244  8584 I ExplicitHealthCheckController: Explicit health check requested packages []
05-11 21:46:24.626  1244  8584 I ExplicitHealthCheckController: No more health check requests, unbinding...
05-11 21:46:24.629  1244  8584 I ExplicitHealthCheckController: Explicit health check service is unbound
05-11 21:46:24.705  1244  8584 I RescueParty: Starting to observe: [android], updated namespace: attention_manager_service
05-11 21:46:24.705  1244  1275 I PackageWatchdog: Syncing state, reason: observing new packages
05-11 21:46:24.705  1244  1275 D PackageWatchdog: rescue-party-observer added the following packages to monitor [android]
05-11 21:46:24.705  1244  1275 I PackageWatchdog: Syncing state, reason: updated observers
05-11 21:46:24.705  1244  1275 I PackageWatchdog: Not pruning observers, elapsed time: 0ms
05-11 21:46:24.705  1244  1275 I PackageWatchdog: Saving observer state to file
05-11 21:46:24.709  1244  1244 I PackageWatchdog: Syncing health check requests for packages: {}
05-11 21:46:24.709  1244  1244 I ExplicitHealthCheckController: Service not ready to get health check supported packages. Binding...
05-11 21:46:24.712  1244  1244 I ExplicitHealthCheckController: Explicit health check service is bound
05-11 21:46:24.712  1244  1244 I FaceDownDetector: Ignoring change on post_dim_check_duration_millis
05-11 21:46:24.712  1244  1244 I FaceDownDetector: Ignoring change on max_extension_millis
05-11 21:46:24.712  1244  1244 I FaceDownDetector: Ignoring change on keep_screen_on_for_millis
05-11 21:46:24.712  1244  1244 I FaceDownDetector: Ignoring change on keep_screen_on_enabled
05-11 21:46:24.712  1244  1244 I FaceDownDetector: readValuesFromDeviceConfig():
05-11 21:46:24.712  1244  1244 I FaceDownDetector: mAccelerationThreshold=0.2
05-11 21:46:24.712  1244  1244 I FaceDownDetector: mZAccelerationThreshold=-9.5
05-11 21:46:24.712  1244  1244 I FaceDownDetector: mTimeThreshold=PT1S
05-11 21:46:24.712  1244  1244 I FaceDownDetector: mIsEnabled=true
05-11 21:46:24.712  1244  1244 I ScreenUndimDetector: onDeviceConfigChange; key=post_dim_check_duration_millis
05-11 21:46:24.712  1244  1244 I ScreenUndimDetector: Ignoring change on post_dim_check_duration_millis
05-11 21:46:24.712  1244  1244 I ScreenUndimDetector: onDeviceConfigChange; key=max_extension_millis
05-11 21:46:24.712  1244  1244 I ScreenUndimDetector: Ignoring change on max_extension_millis
05-11 21:46:24.712  1244  1244 I ScreenUndimDetector: onDeviceConfigChange; key=keep_screen_on_for_millis
05-11 21:46:24.712  1244  1244 I ScreenUndimDetector: readValuesFromDeviceConfig():
05-11 21:46:24.712  1244  1244 I ScreenUndimDetector: mKeepScreenOnForMillis=300000
05-11 21:46:24.712  1244  1244 I ScreenUndimDetector: mKeepScreenOnNotificationEnabled=false
05-11 21:46:24.712  1244  1244 I ScreenUndimDetector: mUndimsRequired=2
05-11 21:46:24.713  1244  1244 I AttentionDetector: readValuesFromDeviceConfig():
05-11 21:46:24.713  1244  1244 I AttentionDetector: mMaximumExtensionMillis=330000
05-11 21:46:24.713  1244  1244 I AttentionDetector: mPreDimCheckDurationMillis=2100
05-11 21:46:24.713  1244  1244 I AttentionDetector: mRequestedPostDimTimeoutMillis=0
05-11 21:46:24.713  1244  1244 I AttentionManagerService: Ignoring change on post_dim_check_duration_millis
05-11 21:46:24.713  1244  1244 I AttentionManagerService: Ignoring change on max_extension_millis
05-11 21:46:24.713  1244  1244 I AttentionManagerService: Ignoring change on keep_screen_on_for_millis
05-11 21:46:24.713  1244  1244 I AttentionManagerService: Ignoring change on keep_screen_on_enabled
05-11 21:46:24.713  1244  1244 I AttentionManagerService: Ignoring change on enable_flip_to_screen_off
05-11 21:46:24.713  1244  1244 I AttentionManagerService: Ignoring change on pre_dim_check_duration_millis
05-11 21:46:24.715  1244  1244 I ExplicitHealthCheckController: Explicit health check service is connected ComponentInfo{android.ext.services/android.ext.services.watchdog.ExplicitHealthCheckServiceImpl}
05-11 21:46:24.715  1244  1244 I ExplicitHealthCheckController: Service initialized, syncing requests
05-11 21:46:24.715  1244  1244 I PackageWatchdog: Syncing health check requests for packages: {}
05-11 21:46:24.715  1244  1244 D ExplicitHealthCheckController: Getting health check supported packages
05-11 21:46:24.718  1244  8861 I ExplicitHealthCheckController: Explicit health check supported packages [PackageConfig{com.android.networkstack, 86400000}]
05-11 21:46:24.718  1244  8861 D PackageWatchdog: Received supported packages [PackageConfig{com.android.networkstack, 86400000}]
05-11 21:46:24.718  1244  8861 D ExplicitHealthCheckController: Getting health check requested packages
05-11 21:46:24.720  1244  8584 I ExplicitHealthCheckController: Explicit health check requested packages []
05-11 21:46:24.720  1244  8584 I ExplicitHealthCheckController: No more health check requests, unbinding...
05-11 21:46:24.721  1244  8584 I ExplicitHealthCheckController: Explicit health check service is unbound
05-11 21:46:25.023  1244  8861 I RescueParty: Starting to observe: [android], updated namespace: bluetooth
05-11 21:46:25.023  1244  1275 I PackageWatchdog: Syncing state, reason: observing new packages
05-11 21:46:25.023  1244  1275 D PackageWatchdog: rescue-party-observer added the following packages to monitor [android]
05-11 21:46:25.023  1244  1275 I PackageWatchdog: Syncing state, reason: updated observers
05-11 21:46:25.023  1244  1275 I PackageWatchdog: Not pruning observers, elapsed time: 0ms
05-11 21:46:25.024  1244  1275 I PackageWatchdog: Saving observer state to file
05-11 21:46:25.040  1244  1244 I PackageWatchdog: Syncing health check requests for packages: {}
05-11 21:46:25.040  1244  1244 I ExplicitHealthCheckController: Service not ready to get health check supported packages. Binding...
05-11 21:46:25.043  1244  1244 I ExplicitHealthCheckController: Explicit health check service is bound
05-11 21:46:25.044  1244  1244 I ExplicitHealthCheckController: Explicit health check service is connected ComponentInfo{android.ext.services/android.ext.services.watchdog.ExplicitHealthCheckServiceImpl}
05-11 21:46:25.044  1244  1244 I ExplicitHealthCheckController: Service initialized, syncing requests
05-11 21:46:25.044  1244  1244 I PackageWatchdog: Syncing health check requests for packages: {}
05-11 21:46:25.044  1244  1244 D ExplicitHealthCheckController: Getting health check supported packages
05-11 21:46:25.047  1244  8585 I ExplicitHealthCheckController: Explicit health check supported packages [PackageConfig{com.android.networkstack, 86400000}]
05-11 21:46:25.047  1244  8585 D PackageWatchdog: Received supported packages [PackageConfig{com.android.networkstack, 86400000}]
05-11 21:46:25.047  1244  8585 D ExplicitHealthCheckController: Getting health check requested packages
05-11 21:46:25.048  1244  8861 I ExplicitHealthCheckController: Explicit health check requested packages []
05-11 21:46:25.048  1244  8861 I ExplicitHealthCheckController: No more health check requests, unbinding...
05-11 21:46:25.049  1244  8861 I ExplicitHealthCheckController: Explicit health check service is unbound
05-11 21:46:25.060  1244  8584 W ContextImpl: Calling a method in the system process without a qualified user: android.app.ContextImpl.sendBroadcastMultiplePermissions:1228 com.android.server.TelephonyRegistry.broadcastServiceStateChanged:3085 com.android.server.TelephonyRegistry.notifyServiceStateForPhoneId:1616 com.android.internal.telephony.ITelephonyRegistry$Stub.onTransact:492 android.os.Binder.execTransactInternal:1280 
05-11 21:46:25.061  1244  8584 W ContextImpl: Calling a method in the system process without a qualified user: android.app.ContextImpl.sendBroadcastMultiplePermissions:1278 android.content.Context.sendBroadcastMultiplePermissions:2282 com.android.server.TelephonyRegistry.broadcastServiceStateChanged:3089 com.android.server.TelephonyRegistry.notifyServiceStateForPhoneId:1616 com.android.internal.telephony.ITelephonyRegistry$Stub.onTransact:492 
05-11 21:46:25.061  1244  1276 W BroadcastQueue: Permission Denial: receiving Intent { act=android.intent.action.SERVICE_STATE flg=0x1000010 (has extras) } to ProcessRecord{e4b14e5 1534:com.android.systemui/u0a499} (pid=1534, uid=10499) requires android.permission.ACCESS_FINE_LOCATION due to sender android (uid 1001)
05-11 21:46:25.062  1244  1276 W BroadcastQueue: Permission Denial: receiving Intent { act=android.intent.action.SERVICE_STATE flg=0x1000010 (has extras) } to com.android.cellbroadcastreceiver.module/com.android.cellbroadcastreceiver.CellBroadcastReceiver requires android.permission.ACCESS_FINE_LOCATION due to sender android (uid 1001)
05-11 21:46:25.063  1244  1276 W BroadcastQueue: Permission Denial: receiving Intent { act=android.intent.action.SERVICE_STATE flg=0x1000010 (has extras) } to ProcessRecord{e4b14e5 1534:com.android.systemui/u0a499} (pid=1534, uid=10499) requires android.permission.ACCESS_FINE_LOCATION due to sender android (uid 1001)
05-11 21:46:25.064  1244  8584 W ContextImpl: Calling a method in the system process without a qualified user: android.app.ContextImpl.sendBroadcastMultiplePermissions:1278 android.content.Context.sendBroadcastMultiplePermissions:2282 com.android.server.TelephonyRegistry.broadcastServiceStateChanged:3096 com.android.server.TelephonyRegistry.notifyServiceStateForPhoneId:1616 com.android.internal.telephony.ITelephonyRegistry$Stub.onTransact:492 
05-11 21:46:25.066  1244  8584 W ContextImpl: Calling a method in the system process without a qualified user: android.app.ContextImpl.sendBroadcastMultiplePermissions:1278 android.content.Context.sendBroadcastMultiplePermissions:2282 com.android.server.TelephonyRegistry.broadcastServiceStateChanged:3100 com.android.server.TelephonyRegistry.notifyServiceStateForPhoneId:1616 com.android.internal.telephony.ITelephonyRegistry$Stub.onTransact:492 
05-11 21:46:25.068  1244  1276 W BroadcastQueue: Appop Denial: receiving Intent { act=android.intent.action.SERVICE_STATE flg=0x1000010 (has extras) } to ProcessRecord{e4b14e5 1534:com.android.systemui/u0a499} (pid=1534, uid=10499) excludes appop android:read_phone_state due to sender android (uid 1001)
05-11 21:46:25.069  1244  1276 D CompatibilityChangeReporter: Compat change id reported: 168419799; UID 10513; state: DISABLED
05-11 21:46:25.069  1244  1276 D CompatibilityChangeReporter: Compat change id reported: 273564678; UID 10513; state: DISABLED
05-11 21:46:25.141  1244  8584 I RescueParty: Starting to observe: [android, com.android.launcher3, com.android.systemui], updated namespace: latency_tracker
05-11 21:46:25.141  1244  1275 I PackageWatchdog: Syncing state, reason: observing new packages
05-11 21:46:25.141  1244  1275 D PackageWatchdog: rescue-party-observer added the following packages to monitor [android, com.android.launcher3, com.android.systemui]
05-11 21:46:25.141  1244  1275 I PackageWatchdog: Syncing state, reason: updated observers
05-11 21:46:25.141  1244  1275 I PackageWatchdog: Not pruning observers, elapsed time: 0ms
05-11 21:46:25.142  1244  1275 I PackageWatchdog: Saving observer state to file
05-11 21:46:25.146  1244  1244 I PackageWatchdog: Syncing health check requests for packages: {}
05-11 21:46:25.147  1244  1244 I ExplicitHealthCheckController: Service not ready to get health check supported packages. Binding...
05-11 21:46:25.153  1244  1244 I ExplicitHealthCheckController: Explicit health check service is bound
05-11 21:46:25.155  1244  1244 I ExplicitHealthCheckController: Explicit health check service is connected ComponentInfo{android.ext.services/android.ext.services.watchdog.ExplicitHealthCheckServiceImpl}
05-11 21:46:25.155  1244  1244 I ExplicitHealthCheckController: Service initialized, syncing requests
05-11 21:46:25.155  1244  1244 I PackageWatchdog: Syncing health check requests for packages: {}
05-11 21:46:25.155  1244  1244 D ExplicitHealthCheckController: Getting health check supported packages
05-11 21:46:25.158  1244  8861 I ExplicitHealthCheckController: Explicit health check supported packages [PackageConfig{com.android.networkstack, 86400000}]
05-11 21:46:25.158  1244  8861 D PackageWatchdog: Received supported packages [PackageConfig{com.android.networkstack, 86400000}]
05-11 21:46:25.158  1244  8861 D ExplicitHealthCheckController: Getting health check requested packages
05-11 21:46:25.159  1244  8585 I ExplicitHealthCheckController: Explicit health check requested packages []
05-11 21:46:25.159  1244  8585 I ExplicitHealthCheckController: No more health check requests, unbinding...
05-11 21:46:25.161  1244  8585 I ExplicitHealthCheckController: Explicit health check service is unbound
05-11 21:46:25.225  1244  8584 I RescueParty: Starting to observe: [android], updated namespace: battery_saver
05-11 21:46:25.225  1244  1275 I PackageWatchdog: Syncing state, reason: observing new packages
05-11 21:46:25.225  1244  1275 D PackageWatchdog: rescue-party-observer added the following packages to monitor [android]
05-11 21:46:25.225  1244  1275 I PackageWatchdog: Syncing state, reason: updated observers
05-11 21:46:25.226  1244  1275 I PackageWatchdog: Not pruning observers, elapsed time: 0ms
05-11 21:46:25.226  1244  1275 I PackageWatchdog: Saving observer state to file
05-11 21:46:25.229  1244  1244 I PackageWatchdog: Syncing health check requests for packages: {}
05-11 21:46:25.229  1244  1244 I ExplicitHealthCheckController: Service not ready to get health check supported packages. Binding...
05-11 21:46:25.235  1244  1244 I ExplicitHealthCheckController: Explicit health check service is bound
05-11 21:46:25.236  1244  1244 I ExplicitHealthCheckController: Explicit health check service is connected ComponentInfo{android.ext.services/android.ext.services.watchdog.ExplicitHealthCheckServiceImpl}
05-11 21:46:25.237  1244  1244 I ExplicitHealthCheckController: Service initialized, syncing requests
05-11 21:46:25.237  1244  1244 I PackageWatchdog: Syncing health check requests for packages: {}
05-11 21:46:25.237  1244  1244 D ExplicitHealthCheckController: Getting health check supported packages
05-11 21:46:25.239  1244  8861 I ExplicitHealthCheckController: Explicit health check supported packages [PackageConfig{com.android.networkstack, 86400000}]
05-11 21:46:25.239  1244  8861 D PackageWatchdog: Received supported packages [PackageConfig{com.android.networkstack, 86400000}]
05-11 21:46:25.239  1244  8861 D ExplicitHealthCheckController: Getting health check requested packages
05-11 21:46:25.239  1244  8861 I ExplicitHealthCheckController: Explicit health check requested packages []
05-11 21:46:25.239  1244  8861 I ExplicitHealthCheckController: No more health check requests, unbinding...
05-11 21:46:25.241  1244  8861 I ExplicitHealthCheckController: Explicit health check service is unbound
05-11 21:46:25.268  1244  8585 I RescueParty: Starting to observe: [android], updated namespace: constrain_display_apis
05-11 21:46:25.268  1244  1275 I PackageWatchdog: Syncing state, reason: observing new packages
05-11 21:46:25.269  1244  1275 D PackageWatchdog: rescue-party-observer added the following packages to monitor [android]
05-11 21:46:25.269  1244  1275 I PackageWatchdog: Syncing state, reason: updated observers
05-11 21:46:25.269  1244  1275 I PackageWatchdog: Not pruning observers, elapsed time: 0ms
05-11 21:46:25.269  1244  1275 I PackageWatchdog: Saving observer state to file
05-11 21:46:25.273  1244  1244 I PackageWatchdog: Syncing health check requests for packages: {}
05-11 21:46:25.273  1244  1244 I ExplicitHealthCheckController: Service not ready to get health check supported packages. Binding...
05-11 21:46:25.275  1244  1244 I ExplicitHealthCheckController: Explicit health check service is bound
05-11 21:46:25.276  1244  1244 I ExplicitHealthCheckController: Explicit health check service is connected ComponentInfo{android.ext.services/android.ext.services.watchdog.ExplicitHealthCheckServiceImpl}
05-11 21:46:25.276  1244  1244 I ExplicitHealthCheckController: Service initialized, syncing requests
05-11 21:46:25.276  1244  1244 I PackageWatchdog: Syncing health check requests for packages: {}
05-11 21:46:25.276  1244  1244 D ExplicitHealthCheckController: Getting health check supported packages
05-11 21:46:25.278  1244  8585 I ExplicitHealthCheckController: Explicit health check supported packages [PackageConfig{com.android.networkstack, 86400000}]
05-11 21:46:25.278  1244  8585 D PackageWatchdog: Received supported packages [PackageConfig{com.android.networkstack, 86400000}]
05-11 21:46:25.278  1244  8585 D ExplicitHealthCheckController: Getting health check requested packages
05-11 21:46:25.278  1244  8585 I ExplicitHealthCheckController: Explicit health check requested packages []
05-11 21:46:25.278  1244  8585 I ExplicitHealthCheckController: No more health check requests, unbinding...
05-11 21:46:25.279  1244  8585 I ExplicitHealthCheckController: Explicit health check service is unbound
05-11 21:46:25.480  1244  1522 I RescueParty: Starting to observe: [android], updated namespace: tethering
05-11 21:46:25.480  1244  1275 I PackageWatchdog: Syncing state, reason: observing new packages
05-11 21:46:25.480  1244  1275 D PackageWatchdog: rescue-party-observer added the following packages to monitor [android]
05-11 21:46:25.481  1244  1275 I PackageWatchdog: Syncing state, reason: updated observers
05-11 21:46:25.481  1244  1275 I PackageWatchdog: Not pruning observers, elapsed time: 0ms
05-11 21:46:25.481  1244  1275 I PackageWatchdog: Saving observer state to file
05-11 21:46:25.487  1244  1244 I PackageWatchdog: Syncing health check requests for packages: {}
05-11 21:46:25.487  1244  1244 I ExplicitHealthCheckController: Service not ready to get health check supported packages. Binding...
05-11 21:46:25.491  1244  1244 I ExplicitHealthCheckController: Explicit health check service is bound
05-11 21:46:25.492  1244  1244 I ExplicitHealthCheckController: Explicit health check service is connected ComponentInfo{android.ext.services/android.ext.services.watchdog.ExplicitHealthCheckServiceImpl}
05-11 21:46:25.493  1244  1244 I ExplicitHealthCheckController: Service initialized, syncing requests
05-11 21:46:25.493  1244  1244 I PackageWatchdog: Syncing health check requests for packages: {}
05-11 21:46:25.493  1244  1244 D ExplicitHealthCheckController: Getting health check supported packages
05-11 21:46:25.495  1244  8584 I ExplicitHealthCheckController: Explicit health check supported packages [PackageConfig{com.android.networkstack, 86400000}]
05-11 21:46:25.495  1244  8584 D PackageWatchdog: Received supported packages [PackageConfig{com.android.networkstack, 86400000}]
05-11 21:46:25.495  1244  8584 D ExplicitHealthCheckController: Getting health check requested packages
05-11 21:46:25.496  1244  8861 I ExplicitHealthCheckController: Explicit health check requested packages []
05-11 21:46:25.496  1244  8861 I ExplicitHealthCheckController: No more health check requests, unbinding...
05-11 21:46:25.498  1244  8861 I ExplicitHealthCheckController: Explicit health check service is unbound
05-11 21:46:28.405  1244  8584 D OomAdjuster: Not killing cached processes
05-11 21:46:30.027   444  8902 I keystore2: keystore2::watchdog: Watchdog thread idle -> terminating. Have a great day.
05-11 21:46:32.884  1244  1522 D CompatibilityChangeReporter: Compat change id reported: 161145287; UID 10446; state: DISABLED
05-11 21:46:33.419  1244  8584 D OomAdjuster: Not killing cached processes
05-11 21:46:34.805  1244  1522 D CompatibilityChangeReporter: Compat change id reported: 171306433; UID 10446; state: ENABLED
05-11 21:46:39.955  1244  1276 D OomAdjuster: Not killing cached processes
05-11 21:46:39.956  1244  1276 D CompatibilityChangeReporter: Compat change id reported: 168419799; UID 10453; state: DISABLED
05-11 21:46:39.957  1244  1276 D CompatibilityChangeReporter: Compat change id reported: 273564678; UID 10453; state: DISABLED
05-11 21:46:40.018  1244  8861 W ActivityManager: Unable to start service Intent { cmp=com.google.android.turboadapter/.GoogleBatteryService } U=0: not found
05-11 21:46:40.020  1244  1522 W ActivityManager: Unable to start service Intent { cmp=com.google.android.turboadapter/.GoogleBatteryService } U=0: not found
05-11 21:46:40.024  8725  8725 E ActivityThread: Service com.google.android.apps.turbo.deadline.library.BatteryFlagService has leaked ServiceConnection aut@4b9f79f that was originally bound here
05-11 21:46:40.024  8725  8725 E ActivityThread: android.app.ServiceConnectionLeaked: Service com.google.android.apps.turbo.deadline.library.BatteryFlagService has leaked ServiceConnection aut@4b9f79f that was originally bound here
05-11 21:46:40.024  8725  8725 E ActivityThread: 	at android.app.LoadedApk$ServiceDispatcher.<init>(LoadedApk.java:2045)
05-11 21:46:40.024  8725  8725 E ActivityThread: 	at android.app.LoadedApk.getServiceDispatcherCommon(LoadedApk.java:1917)
05-11 21:46:40.024  8725  8725 E ActivityThread: 	at android.app.LoadedApk.getServiceDispatcher(LoadedApk.java:1896)
05-11 21:46:40.024  8725  8725 E ActivityThread: 	at android.app.ContextImpl.bindServiceCommon(ContextImpl.java:2027)
05-11 21:46:40.024  8725  8725 E ActivityThread: 	at android.app.ContextImpl.bindService(ContextImpl.java:1957)
05-11 21:46:40.024  8725  8725 E ActivityThread: 	at android.content.ContextWrapper.bindService(ContextWrapper.java:853)
05-11 21:46:40.024  8725  8725 E ActivityThread: 	at aup.a(PG:9)
05-11 21:46:40.024  8725  8725 E ActivityThread: 	at hu.b(PG:3)
05-11 21:46:40.024  8725  8725 E ActivityThread: 	at com.google.android.apps.turbo.deadline.library.BatteryFlagService.c(PG:1)
05-11 21:46:40.024  8725  8725 E ActivityThread: 	at atm.run(PG:85)
05-11 21:46:40.024  8725  8725 E ActivityThread: 	at java.util.concurrent.Executors$RunnableAdapter.call(Executors.java:463)
05-11 21:46:40.024  8725  8725 E ActivityThread: 	at dpi.a(PG:1)
05-11 21:46:40.024  8725  8725 E ActivityThread: 	at dor.run(PG:4)
05-11 21:46:40.024  8725  8725 E ActivityThread: 	at dpj.run(PG:1)
05-11 21:46:40.024  8725  8725 E ActivityThread: 	at java.util.concurrent.ThreadPoolExecutor.runWorker(ThreadPoolExecutor.java:1137)
05-11 21:46:40.024  8725  8725 E ActivityThread: 	at java.util.concurrent.ThreadPoolExecutor$Worker.run(ThreadPoolExecutor.java:637)
05-11 21:46:40.024  8725  8725 E ActivityThread: 	at java.lang.Thread.run(Thread.java:1012)
05-11 21:46:40.025  1244  1522 W ActivityManager: Unbind failed: could not find connection for android.os.BinderProxy@8ddc869
05-11 21:46:40.026  8725  8725 E ActivityThread: Service com.google.android.apps.turbo.deadline.library.DeadlineUpdateJobService has leaked ServiceConnection aut@3b64cb5 that was originally bound here
05-11 21:46:40.026  8725  8725 E ActivityThread: android.app.ServiceConnectionLeaked: Service com.google.android.apps.turbo.deadline.library.DeadlineUpdateJobService has leaked ServiceConnection aut@3b64cb5 that was originally bound here
05-11 21:46:40.026  8725  8725 E ActivityThread: 	at android.app.LoadedApk$ServiceDispatcher.<init>(LoadedApk.java:2045)
05-11 21:46:40.026  8725  8725 E ActivityThread: 	at android.app.LoadedApk.getServiceDispatcherCommon(LoadedApk.java:1917)
05-11 21:46:40.026  8725  8725 E ActivityThread: 	at android.app.LoadedApk.getServiceDispatcher(LoadedApk.java:1896)
05-11 21:46:40.026  8725  8725 E ActivityThread: 	at android.app.ContextImpl.bindServiceCommon(ContextImpl.java:2027)
05-11 21:46:40.026  8725  8725 E ActivityThread: 	at android.app.ContextImpl.bindService(ContextImpl.java:1957)
05-11 21:46:40.026  8725  8725 E ActivityThread: 	at android.content.ContextWrapper.bindService(ContextWrapper.java:853)
05-11 21:46:40.026  8725  8725 E ActivityThread: 	at aup.a(PG:16)
05-11 21:46:40.026  8725  8725 E ActivityThread: 	at hu.b(PG:3)
05-11 21:46:40.026  8725  8725 E ActivityThread: 	at com.google.android.apps.turbo.deadline.library.DeadlineUpdateJobService.c(PG:2)
05-11 21:46:40.026  8725  8725 E ActivityThread: 	at atm.run(PG:68)
05-11 21:46:40.026  8725  8725 E ActivityThread: 	at java.util.concurrent.Executors$RunnableAdapter.call(Executors.java:463)
05-11 21:46:40.026  8725  8725 E ActivityThread: 	at dpi.a(PG:1)
05-11 21:46:40.026  8725  8725 E ActivityThread: 	at dor.run(PG:4)
05-11 21:46:40.026  8725  8725 E ActivityThread: 	at dpj.run(PG:1)
05-11 21:46:40.026  8725  8725 E ActivityThread: 	at java.util.concurrent.ThreadPoolExecutor.runWorker(ThreadPoolExecutor.java:1137)
05-11 21:46:40.026  8725  8725 E ActivityThread: 	at java.util.concurrent.ThreadPoolExecutor$Worker.run(ThreadPoolExecutor.java:637)
05-11 21:46:40.026  8725  8725 E ActivityThread: 	at java.lang.Thread.run(Thread.java:1012)
05-11 21:46:40.027  1244  1522 W ActivityManager: Unbind failed: could not find connection for android.os.BinderProxy@5d4738f
05-11 21:46:46.017  1244  1275 D OomAdjuster: Not killing cached processes
05-11 21:46:52.280  1244  1275 D OomAdjuster: Not killing cached processes
05-11 21:47:01.210  1244  8861 D OomAdjuster: Not killing cached processes
05-11 21:47:07.259  1244  1275 D OomAdjuster: Not killing cached processes
05-11 21:47:13.251  1244  8861 D OomAdjuster: Not killing cached processes
05-11 21:47:17.364  1244  1285 W BatteryExternalStatsWorker: error reading Bluetooth stats: 9
05-11 21:47:19.117  1244  8584 D OomAdjuster: Not killing cached processes
05-11 21:47:21.335  1244  8584 W ContextImpl: Calling a method in the system process without a qualified user: android.app.ContextImpl.sendBroadcastMultiplePermissions:1228 com.android.server.TelephonyRegistry.broadcastServiceStateChanged:3085 com.android.server.TelephonyRegistry.notifyServiceStateForPhoneId:1616 com.android.internal.telephony.ITelephonyRegistry$Stub.onTransact:492 android.os.Binder.execTransactInternal:1280 
